2026-02-20 17:25:12.874227 (2522481) main____ INFO    ----------------------------------------
2026-02-20 17:25:12.874345 (2522481) main____ INFO    JasperGold version info
2026-02-20 17:25:12.874364 (2522481) main____ INFO      tool      : JasperGold 2021.03
2026-02-20 17:25:12.874373 (2522481) main____ INFO      version   : 2021.03 FCS 64 bits
2026-02-20 17:25:12.874378 (2522481) main____ INFO      build date: 2021.03.23 02:50:43 UTC
2026-02-20 17:25:12.874388 (2522481) main____ INFO    ----------------------------------------
2026-02-20 17:25:12.874392 (2522481) main____ INFO    Runtime info:
2026-02-20 17:25:12.874397 (2522481) main____ INFO      platform  : Linux 5.14.0-570.84.1.el9_6.x86_64 x86_64
2026-02-20 17:25:12.874402 (2522481) main____ INFO      hostname  : della-i13n22
2026-02-20 17:25:12.874407 (2522481) main____ INFO      pid       : 2522481
2026-02-20 17:25:12.874411 (2522481) main____ INFO      arguments : '-style' 'windows' '-batch' '-proj' 'verification_results/00141/jgproject' '-tcl' './jasper_verif_check.tcl'
2026-02-20 17:25:12.874420 (2522481) main____ INFO      locale    : UTF-8
2026-02-20 17:25:12.874424 (2522481) main____ INFO    ----------------------------------------
2026-02-20 17:25:12.874428 (2522481) main____ INFO    System resource limits info:
2026-02-20 17:25:12.874432 (2522481) main____ INFO      virtual memory: unlimited
2026-02-20 17:25:12.874436 (2522481) main____ INFO      cpu time      : unlimited
2026-02-20 17:25:12.874440 (2522481) main____ INFO      stack size    : unlimited
2026-02-20 17:25:12.874444 (2522481) main____ INFO      core file size: unlimited
2026-02-20 17:25:12.874452 (2522481) main____ INFO      open files    : 131072
2026-02-20 17:25:12.874456 (2522481) main____ INFO      file size     : unlimited
2026-02-20 17:25:12.874460 (2522481) main____ INFO    ----------------------------------------
2026-02-20 17:25:12.874463 (2522481) main____ INFO    Memory statistics:
2026-02-20 17:25:12.874468 (2522481) main____ INFO      total physical memory  : 394157548 kB
2026-02-20 17:25:12.874472 (2522481) main____ INFO      free physical memory   : 205175208 kB
2026-02-20 17:25:12.874475 (2522481) main____ INFO      committed address space: 153039248 kB
2026-02-20 17:25:12.874479 (2522481) main____ INFO    ----------------------------------------
2026-02-20 17:25:12.875370 (2522481) main____ INFO    Important environment variables:
2026-02-20 17:25:12.875393 (2522481) main____ INFO      JASPER_HOME       : '/usr/licensed/cadence-20210126/jasper_2021.03'
2026-02-20 17:25:12.875399 (2522481) main____ INFO      JASPER_INSTALL_DIR: '/scratch/gpfs/LICENSED/x86_64/cadence-20210126/jasper_2021.03'
2026-02-20 17:25:12.875405 (2522481) main____ INFO      LANG              : 'en_US.UTF-8'
2026-02-20 17:25:12.875410 (2522481) main____ INFO      LM_LICENSE_FILE   : '5280@license.rc.princeton.edu'
2026-02-20 17:25:12.875415 (2522481) main____ INFO      TMPDIR            : '/tmp'
2026-02-20 17:25:12.875419 (2522481) main____ INFO    ----------------------------------------
2026-02-20 17:25:12.876405 (2522481) lic_core INFO    Initializing license system ...
2026-02-20 17:25:12.877350 (2522481) lic_core INFO    ... license system initialized.
2026-02-20 17:25:12.878211 (2522481) lic__man INFO    Claim 'fpv' for <ui>.
2026-02-20 17:25:12.878259 (2522481) lic_core INFO    (1) checking out 'jasper_fpv' ...
2026-02-20 17:25:12.883761 (2522481) lic_core INFO    ... (1) checkout failed (error: -5) ("FLEXnet ERROR(-5, 0, 0): No such feature exists.")
2026-02-20 17:25:12.883827 (2522481) lic_core INFO    (2) checking out 'jasper_fao' ...
2026-02-20 17:25:12.894005 (2522481) lic_core INFO    ... (2) checkout succeeded
2026-02-20 17:25:12.909446 (2522481) session_ INFO    Starting analysis session with session id 'session_0' (launcher: <local>) ...
2026-02-20 17:25:12.913054 (2522481) session_ INFO    Analysis session with session id 'session_0' started (pid: 2522489)
2026-02-20 17:25:13.707364 (2522481) session_ INFO    Analysis session 'session_0' connected to the console (host: 127.0.0.1:59044)
2026-02-20 17:25:14.603514 (2522481) main____ INFO    About to exit: request to exit with status 1 received from analysis session 'session_0'
2026-02-20 17:25:14.712908 (2522481) session_ INFO    Analysis session 'session_0' disconnected.
2026-02-20 17:25:14.713052 (2522481) lic__man INFO    Unclaim everything for 'session_0'.
2026-02-20 17:25:14.713796 (2522481) session_ INFO    Process for analysis session 'session_0' has exited with exit status '1'.
2026-02-20 17:25:16.538039 (2522481) lic_core INFO    (2) checkin jasper_fao
2026-02-20 17:25:16.539269 (2522481) main____ INFO    Exiting with status 1.
