2026-02-23 13:42:58.830834 (1943601) main____ INFO    ----------------------------------------
2026-02-23 13:42:58.830913 (1943601) main____ INFO    JasperGold version info
2026-02-23 13:42:58.830930 (1943601) main____ INFO      tool      : JasperGold 2021.03
2026-02-23 13:42:58.830939 (1943601) main____ INFO      version   : 2021.03 FCS 64 bits
2026-02-23 13:42:58.830943 (1943601) main____ INFO      build date: 2021.03.23 02:50:43 UTC
2026-02-23 13:42:58.830948 (1943601) main____ INFO    ----------------------------------------
2026-02-23 13:42:58.830952 (1943601) main____ INFO    Runtime info:
2026-02-23 13:42:58.830956 (1943601) main____ INFO      platform  : Linux 5.14.0-570.84.1.el9_6.x86_64 x86_64
2026-02-23 13:42:58.830962 (1943601) main____ INFO      hostname  : della-r3c1n5
2026-02-23 13:42:58.830967 (1943601) main____ INFO      pid       : 1943601
2026-02-23 13:42:58.830971 (1943601) main____ INFO      arguments : '-style' 'windows' '-batch' '-proj' './verification_results/01867/jgproject' '-tcl' './jasper_verif_check.tcl'
2026-02-23 13:42:58.830979 (1943601) main____ INFO      locale    : UTF-8
2026-02-23 13:42:58.830983 (1943601) main____ INFO    ----------------------------------------
2026-02-23 13:42:58.830987 (1943601) main____ INFO    System resource limits info:
2026-02-23 13:42:58.830992 (1943601) main____ INFO      virtual memory: unlimited
2026-02-23 13:42:58.830996 (1943601) main____ INFO      cpu time      : unlimited
2026-02-23 13:42:58.831001 (1943601) main____ INFO      stack size    : unlimited
2026-02-23 13:42:58.831005 (1943601) main____ INFO      core file size: unlimited
2026-02-23 13:42:58.831012 (1943601) main____ INFO      open files    : 131072
2026-02-23 13:42:58.831017 (1943601) main____ INFO      file size     : unlimited
2026-02-23 13:42:58.831021 (1943601) main____ INFO    ----------------------------------------
2026-02-23 13:42:58.831024 (1943601) main____ INFO    Memory statistics:
2026-02-23 13:42:58.831029 (1943601) main____ INFO      total physical memory  : 195972056 kB
2026-02-23 13:42:58.831033 (1943601) main____ INFO      free physical memory   : 111771296 kB
2026-02-23 13:42:58.831037 (1943601) main____ INFO      committed address space: 54040980 kB
2026-02-23 13:42:58.831041 (1943601) main____ INFO    ----------------------------------------
2026-02-23 13:42:58.831988 (1943601) main____ INFO    Important environment variables:
2026-02-23 13:42:58.832002 (1943601) main____ INFO      JASPER_HOME       : '/usr/licensed/cadence-20210126/jasper_2021.03'
2026-02-23 13:42:58.832008 (1943601) main____ INFO      JASPER_INSTALL_DIR: '/scratch/gpfs/LICENSED/x86_64/cadence-20210126/jasper_2021.03'
2026-02-23 13:42:58.832013 (1943601) main____ INFO      LANG              : 'en_US.UTF-8'
2026-02-23 13:42:58.832018 (1943601) main____ INFO      LM_LICENSE_FILE   : '5280@license.rc.princeton.edu'
2026-02-23 13:42:58.832023 (1943601) main____ INFO      TMPDIR            : '/tmp/ab2113/jg_5018862_30'
2026-02-23 13:42:58.832028 (1943601) main____ INFO    ----------------------------------------
2026-02-23 13:42:58.832783 (1943601) lic_core INFO    Initializing license system ...
2026-02-23 13:42:58.833523 (1943601) lic_core INFO    ... license system initialized.
2026-02-23 13:42:58.834232 (1943601) lic__man INFO    Claim 'fpv' for <ui>.
2026-02-23 13:42:58.834267 (1943601) lic_core INFO    (1) checking out 'jasper_fpv' ...
2026-02-23 13:42:58.839854 (1943601) lic_core INFO    ... (1) checkout failed (error: -5) ("FLEXnet ERROR(-5, 0, 0): No such feature exists.")
2026-02-23 13:42:58.839880 (1943601) lic_core INFO    (2) checking out 'jasper_fao' ...
2026-02-23 13:42:58.850469 (1943601) lic_core INFO    ... (2) checkout succeeded
2026-02-23 13:42:58.864624 (1943601) session_ INFO    Starting analysis session with session id 'session_0' (launcher: <local>) ...
2026-02-23 13:42:58.867769 (1943601) session_ INFO    Analysis session with session id 'session_0' started (pid: 1943609)
2026-02-23 13:42:59.537692 (1943601) session_ INFO    Analysis session 'session_0' connected to the console (host: 127.0.0.1:51362)
2026-02-23 13:43:00.097248 (1943601) main____ INFO    About to exit: request to exit with status 1 received from analysis session 'session_0'
2026-02-23 13:43:00.170112 (1943601) session_ INFO    Analysis session 'session_0' disconnected.
2026-02-23 13:43:00.170266 (1943601) lic__man INFO    Unclaim everything for 'session_0'.
2026-02-23 13:43:00.171355 (1943601) session_ INFO    Process for analysis session 'session_0' has exited with exit status '1'.
2026-02-23 13:43:02.094527 (1943601) lic_core INFO    (2) checkin jasper_fao
2026-02-23 13:43:02.095990 (1943601) main____ INFO    Exiting with status 1.
