2026-02-23 13:40:12.836830 (1939377) main____ INFO    ----------------------------------------
2026-02-23 13:40:12.836921 (1939377) main____ INFO    JasperGold version info
2026-02-23 13:40:12.836936 (1939377) main____ INFO      tool      : JasperGold 2021.03
2026-02-23 13:40:12.836944 (1939377) main____ INFO      version   : 2021.03 FCS 64 bits
2026-02-23 13:40:12.836949 (1939377) main____ INFO      build date: 2021.03.23 02:50:43 UTC
2026-02-23 13:40:12.836953 (1939377) main____ INFO    ----------------------------------------
2026-02-23 13:40:12.836957 (1939377) main____ INFO    Runtime info:
2026-02-23 13:40:12.836962 (1939377) main____ INFO      platform  : Linux 5.14.0-570.84.1.el9_6.x86_64 x86_64
2026-02-23 13:40:12.836967 (1939377) main____ INFO      hostname  : della-r3c1n5
2026-02-23 13:40:12.836972 (1939377) main____ INFO      pid       : 1939377
2026-02-23 13:40:12.836976 (1939377) main____ INFO      arguments : '-style' 'windows' '-batch' '-proj' './verification_results/01314/jgproject' '-tcl' './jasper_verif_check.tcl'
2026-02-23 13:40:12.836985 (1939377) main____ INFO      locale    : UTF-8
2026-02-23 13:40:12.836989 (1939377) main____ INFO    ----------------------------------------
2026-02-23 13:40:12.836993 (1939377) main____ INFO    System resource limits info:
2026-02-23 13:40:12.836998 (1939377) main____ INFO      virtual memory: unlimited
2026-02-23 13:40:12.837002 (1939377) main____ INFO      cpu time      : unlimited
2026-02-23 13:40:12.837006 (1939377) main____ INFO      stack size    : unlimited
2026-02-23 13:40:12.837010 (1939377) main____ INFO      core file size: unlimited
2026-02-23 13:40:12.837017 (1939377) main____ INFO      open files    : 131072
2026-02-23 13:40:12.837022 (1939377) main____ INFO      file size     : unlimited
2026-02-23 13:40:12.837026 (1939377) main____ INFO    ----------------------------------------
2026-02-23 13:40:12.837030 (1939377) main____ INFO    Memory statistics:
2026-02-23 13:40:12.837034 (1939377) main____ INFO      total physical memory  : 195972056 kB
2026-02-23 13:40:12.837038 (1939377) main____ INFO      free physical memory   : 111510252 kB
2026-02-23 13:40:12.837042 (1939377) main____ INFO      committed address space: 51803576 kB
2026-02-23 13:40:12.837046 (1939377) main____ INFO    ----------------------------------------
2026-02-23 13:40:12.838023 (1939377) main____ INFO    Important environment variables:
2026-02-23 13:40:12.838044 (1939377) main____ INFO      JASPER_HOME       : '/usr/licensed/cadence-20210126/jasper_2021.03'
2026-02-23 13:40:12.838050 (1939377) main____ INFO      JASPER_INSTALL_DIR: '/scratch/gpfs/LICENSED/x86_64/cadence-20210126/jasper_2021.03'
2026-02-23 13:40:12.838056 (1939377) main____ INFO      LANG              : 'en_US.UTF-8'
2026-02-23 13:40:12.838061 (1939377) main____ INFO      LM_LICENSE_FILE   : '5280@license.rc.princeton.edu'
2026-02-23 13:40:12.838066 (1939377) main____ INFO      TMPDIR            : '/tmp/ab2113/jg_5018833_19'
2026-02-23 13:40:12.838070 (1939377) main____ INFO    ----------------------------------------
2026-02-23 13:40:12.842411 (1939377) lic_core INFO    Initializing license system ...
2026-02-23 13:40:12.844554 (1939377) lic_core INFO    ... license system initialized.
2026-02-23 13:40:12.845717 (1939377) lic__man INFO    Claim 'fpv' for <ui>.
2026-02-23 13:40:12.845786 (1939377) lic_core INFO    (1) checking out 'jasper_fpv' ...
2026-02-23 13:40:12.851805 (1939377) lic_core INFO    ... (1) checkout failed (error: -5) ("FLEXnet ERROR(-5, 0, 0): No such feature exists.")
2026-02-23 13:40:12.851854 (1939377) lic_core INFO    (2) checking out 'jasper_fao' ...
2026-02-23 13:40:12.863182 (1939377) lic_core INFO    ... (2) checkout succeeded
2026-02-23 13:40:12.884701 (1939377) session_ INFO    Starting analysis session with session id 'session_0' (launcher: <local>) ...
2026-02-23 13:40:12.887839 (1939377) session_ INFO    Analysis session with session id 'session_0' started (pid: 1939385)
2026-02-23 13:40:13.842979 (1939377) session_ INFO    Analysis session 'session_0' connected to the console (host: 127.0.0.1:54110)
2026-02-23 13:40:14.518263 (1939377) main____ INFO    About to exit: request to exit with status 1 received from analysis session 'session_0'
2026-02-23 13:40:14.600662 (1939377) session_ INFO    Analysis session 'session_0' disconnected.
2026-02-23 13:40:14.600837 (1939377) lic__man INFO    Unclaim everything for 'session_0'.
2026-02-23 13:40:14.601693 (1939377) session_ INFO    Process for analysis session 'session_0' has exited with exit status '1'.
2026-02-23 13:40:16.597692 (1939377) lic_core INFO    (2) checkin jasper_fao
2026-02-23 13:40:16.599314 (1939377) main____ INFO    Exiting with status 1.
