2026-02-23 13:45:59.211959 (4160355) main____ INFO    ----------------------------------------
2026-02-23 13:45:59.212049 (4160355) main____ INFO    JasperGold version info
2026-02-23 13:45:59.212067 (4160355) main____ INFO      tool      : JasperGold 2021.03
2026-02-23 13:45:59.212075 (4160355) main____ INFO      version   : 2021.03 FCS 64 bits
2026-02-23 13:45:59.212081 (4160355) main____ INFO      build date: 2021.03.23 02:50:43 UTC
2026-02-23 13:45:59.212085 (4160355) main____ INFO    ----------------------------------------
2026-02-23 13:45:59.212091 (4160355) main____ INFO    Runtime info:
2026-02-23 13:45:59.212096 (4160355) main____ INFO      platform  : Linux 5.14.0-570.84.1.el9_6.x86_64 x86_64
2026-02-23 13:45:59.212102 (4160355) main____ INFO      hostname  : della-h14n1
2026-02-23 13:45:59.212106 (4160355) main____ INFO      pid       : 4160355
2026-02-23 13:45:59.212111 (4160355) main____ INFO      arguments : '-style' 'windows' '-batch' '-proj' './verification_results/02515/jgproject' '-tcl' './jasper_verif_check.tcl'
2026-02-23 13:45:59.212120 (4160355) main____ INFO      locale    : UTF-8
2026-02-23 13:45:59.212125 (4160355) main____ INFO    ----------------------------------------
2026-02-23 13:45:59.212130 (4160355) main____ INFO    System resource limits info:
2026-02-23 13:45:59.212134 (4160355) main____ INFO      virtual memory: unlimited
2026-02-23 13:45:59.212139 (4160355) main____ INFO      cpu time      : unlimited
2026-02-23 13:45:59.212144 (4160355) main____ INFO      stack size    : unlimited
2026-02-23 13:45:59.212148 (4160355) main____ INFO      core file size: unlimited
2026-02-23 13:45:59.212156 (4160355) main____ INFO      open files    : 131072
2026-02-23 13:45:59.212161 (4160355) main____ INFO      file size     : unlimited
2026-02-23 13:45:59.212166 (4160355) main____ INFO    ----------------------------------------
2026-02-23 13:45:59.212170 (4160355) main____ INFO    Memory statistics:
2026-02-23 13:45:59.212176 (4160355) main____ INFO      total physical memory  : 1584164324 kB
2026-02-23 13:45:59.212181 (4160355) main____ INFO      free physical memory   : 722469220 kB
2026-02-23 13:45:59.212186 (4160355) main____ INFO      committed address space: 567958884 kB
2026-02-23 13:45:59.212190 (4160355) main____ INFO    ----------------------------------------
2026-02-23 13:45:59.212716 (4160355) main____ INFO    Important environment variables:
2026-02-23 13:45:59.212729 (4160355) main____ INFO      JASPER_HOME       : '/usr/licensed/cadence-20210126/jasper_2021.03'
2026-02-23 13:45:59.212735 (4160355) main____ INFO      JASPER_INSTALL_DIR: '/scratch/gpfs/LICENSED/x86_64/cadence-20210126/jasper_2021.03'
2026-02-23 13:45:59.212740 (4160355) main____ INFO      LANG              : 'en_US.UTF-8'
2026-02-23 13:45:59.212745 (4160355) main____ INFO      LM_LICENSE_FILE   : '5280@license.rc.princeton.edu'
2026-02-23 13:45:59.212750 (4160355) main____ INFO      TMPDIR            : '/tmp/ab2113/jg_5018921_43'
2026-02-23 13:45:59.212755 (4160355) main____ INFO    ----------------------------------------
2026-02-23 13:45:59.213230 (4160355) lic_core INFO    Initializing license system ...
2026-02-23 13:45:59.213774 (4160355) lic_core INFO    ... license system initialized.
2026-02-23 13:45:59.214540 (4160355) lic__man INFO    Claim 'fpv' for <ui>.
2026-02-23 13:45:59.214574 (4160355) lic_core INFO    (1) checking out 'jasper_fpv' ...
2026-02-23 13:45:59.221017 (4160355) lic_core INFO    ... (1) checkout failed (error: -5) ("FLEXnet ERROR(-5, 0, 0): No such feature exists.")
2026-02-23 13:45:59.221046 (4160355) lic_core INFO    (2) checking out 'jasper_fao' ...
2026-02-23 13:45:59.230291 (4160355) lic_core INFO    ... (2) checkout succeeded
2026-02-23 13:45:59.242108 (4160355) session_ INFO    Starting analysis session with session id 'session_0' (launcher: <local>) ...
2026-02-23 13:45:59.245534 (4160355) session_ INFO    Analysis session with session id 'session_0' started (pid: 4160364)
2026-02-23 13:45:59.901148 (4160355) session_ INFO    Analysis session 'session_0' connected to the console (host: 127.0.0.1:38784)
2026-02-23 13:46:00.405777 (4160355) main____ INFO    About to exit: request to exit with status 1 received from analysis session 'session_0'
2026-02-23 13:46:00.467134 (4160355) session_ INFO    Analysis session 'session_0' disconnected.
2026-02-23 13:46:00.467284 (4160355) lic__man INFO    Unclaim everything for 'session_0'.
2026-02-23 13:46:00.468218 (4160355) session_ INFO    Process for analysis session 'session_0' has exited with exit status '1'.
2026-02-23 13:46:02.511265 (4160355) lic_core INFO    (2) checkin jasper_fao
2026-02-23 13:46:02.512572 (4160355) main____ INFO    Exiting with status 1.
