2026-02-23 14:12:11.856158 (3193389) main____ INFO    ----------------------------------------
2026-02-23 14:12:11.856230 (3193389) main____ INFO    JasperGold version info
2026-02-23 14:12:11.856246 (3193389) main____ INFO      tool      : JasperGold 2021.03
2026-02-23 14:12:11.856254 (3193389) main____ INFO      version   : 2021.03 FCS 64 bits
2026-02-23 14:12:11.856259 (3193389) main____ INFO      build date: 2021.03.23 02:50:43 UTC
2026-02-23 14:12:11.856263 (3193389) main____ INFO    ----------------------------------------
2026-02-23 14:12:11.856267 (3193389) main____ INFO    Runtime info:
2026-02-23 14:12:11.856272 (3193389) main____ INFO      platform  : Linux 5.14.0-570.84.1.el9_6.x86_64 x86_64
2026-02-23 14:12:11.856277 (3193389) main____ INFO      hostname  : della-r3c3n1
2026-02-23 14:12:11.856282 (3193389) main____ INFO      pid       : 3193389
2026-02-23 14:12:11.856286 (3193389) main____ INFO      arguments : '-style' 'windows' '-batch' '-proj' './verification_results/04661/jgproject' '-tcl' './jasper_verif_check.tcl'
2026-02-23 14:12:11.856294 (3193389) main____ INFO      locale    : UTF-8
2026-02-23 14:12:11.856298 (3193389) main____ INFO    ----------------------------------------
2026-02-23 14:12:11.856302 (3193389) main____ INFO    System resource limits info:
2026-02-23 14:12:11.856306 (3193389) main____ INFO      virtual memory: unlimited
2026-02-23 14:12:11.856311 (3193389) main____ INFO      cpu time      : unlimited
2026-02-23 14:12:11.856315 (3193389) main____ INFO      stack size    : unlimited
2026-02-23 14:12:11.856319 (3193389) main____ INFO      core file size: unlimited
2026-02-23 14:12:11.856326 (3193389) main____ INFO      open files    : 131072
2026-02-23 14:12:11.856331 (3193389) main____ INFO      file size     : unlimited
2026-02-23 14:12:11.856335 (3193389) main____ INFO    ----------------------------------------
2026-02-23 14:12:11.856339 (3193389) main____ INFO    Memory statistics:
2026-02-23 14:12:11.856343 (3193389) main____ INFO      total physical memory  : 195972176 kB
2026-02-23 14:12:11.856347 (3193389) main____ INFO      free physical memory   : 115355764 kB
2026-02-23 14:12:11.856351 (3193389) main____ INFO      committed address space: 30628524 kB
2026-02-23 14:12:11.856355 (3193389) main____ INFO    ----------------------------------------
2026-02-23 14:12:11.857317 (3193389) main____ INFO    Important environment variables:
2026-02-23 14:12:11.857334 (3193389) main____ INFO      JASPER_HOME       : '/usr/licensed/cadence-20210126/jasper_2021.03'
2026-02-23 14:12:11.857340 (3193389) main____ INFO      JASPER_INSTALL_DIR: '/scratch/gpfs/LICENSED/x86_64/cadence-20210126/jasper_2021.03'
2026-02-23 14:12:11.857345 (3193389) main____ INFO      LANG              : 'en_US.UTF-8'
2026-02-23 14:12:11.857350 (3193389) main____ INFO      LM_LICENSE_FILE   : '5280@license.rc.princeton.edu'
2026-02-23 14:12:11.857355 (3193389) main____ INFO      TMPDIR            : '/tmp/ab2113/jg_5019172_85'
2026-02-23 14:12:11.857359 (3193389) main____ INFO    ----------------------------------------
2026-02-23 14:12:11.858121 (3193389) lic_core INFO    Initializing license system ...
2026-02-23 14:12:11.858885 (3193389) lic_core INFO    ... license system initialized.
2026-02-23 14:12:11.859568 (3193389) lic__man INFO    Claim 'fpv' for <ui>.
2026-02-23 14:12:11.859603 (3193389) lic_core INFO    (1) checking out 'jasper_fpv' ...
2026-02-23 14:12:11.865266 (3193389) lic_core INFO    ... (1) checkout failed (error: -5) ("FLEXnet ERROR(-5, 0, 0): No such feature exists.")
2026-02-23 14:12:11.865293 (3193389) lic_core INFO    (2) checking out 'jasper_fao' ...
2026-02-23 14:12:11.874999 (3193389) lic_core INFO    ... (2) checkout succeeded
2026-02-23 14:12:11.888641 (3193389) session_ INFO    Starting analysis session with session id 'session_0' (launcher: <local>) ...
2026-02-23 14:12:11.891125 (3193389) session_ INFO    Analysis session with session id 'session_0' started (pid: 3193397)
2026-02-23 14:12:12.556360 (3193389) session_ INFO    Analysis session 'session_0' connected to the console (host: 127.0.0.1:57736)
2026-02-23 14:12:13.381197 (3193389) lic__man INFO    Unclaim everything for 'session_0'.
2026-02-23 14:12:13.419270 (3193389) lic__man INFO    Claim 'fpv' for 'session_0'.
2026-02-23 14:12:13.419308 (3193389) lic__man INFO    Claim 'fpv' for 'session_0/prove-0'.
2026-02-23 14:12:13.533748 (3193389) lic__man INFO    Unclaim everything for 'session_0/prove-0'.
2026-02-23 14:12:13.589486 (3193389) main____ INFO    About to exit: request to exit with status 0 received from analysis session 'session_0'
2026-02-23 14:12:13.661370 (3193389) session_ INFO    Analysis session 'session_0' disconnected.
2026-02-23 14:12:13.661495 (3193389) lic__man INFO    Unclaim everything for 'session_0'.
2026-02-23 14:12:13.662304 (3193389) session_ INFO    Process for analysis session 'session_0' has exited with exit status '0'.
2026-02-23 14:12:15.609821 (3193389) lic_core INFO    (2) checkin jasper_fao
2026-02-23 14:12:15.611215 (3193389) main____ INFO    Exiting with status 0.
