2026-02-23 13:38:53.293267 (1674541) main____ INFO    ----------------------------------------
2026-02-23 13:38:53.293337 (1674541) main____ INFO    JasperGold version info
2026-02-23 13:38:53.293350 (1674541) main____ INFO      tool      : JasperGold 2021.03
2026-02-23 13:38:53.293358 (1674541) main____ INFO      version   : 2021.03 FCS 64 bits
2026-02-23 13:38:53.293364 (1674541) main____ INFO      build date: 2021.03.23 02:50:43 UTC
2026-02-23 13:38:53.293369 (1674541) main____ INFO    ----------------------------------------
2026-02-23 13:38:53.293374 (1674541) main____ INFO    Runtime info:
2026-02-23 13:38:53.293379 (1674541) main____ INFO      platform  : Linux 5.14.0-570.84.1.el9_6.x86_64 x86_64
2026-02-23 13:38:53.293385 (1674541) main____ INFO      hostname  : della-h14n7
2026-02-23 13:38:53.293391 (1674541) main____ INFO      pid       : 1674541
2026-02-23 13:38:53.293396 (1674541) main____ INFO      arguments : '-style' 'windows' '-batch' '-proj' './verification_results/00647/jgproject' '-tcl' './jasper_verif_check.tcl'
2026-02-23 13:38:53.293403 (1674541) main____ INFO      locale    : UTF-8
2026-02-23 13:38:53.293408 (1674541) main____ INFO    ----------------------------------------
2026-02-23 13:38:53.293413 (1674541) main____ INFO    System resource limits info:
2026-02-23 13:38:53.293418 (1674541) main____ INFO      virtual memory: unlimited
2026-02-23 13:38:53.293423 (1674541) main____ INFO      cpu time      : unlimited
2026-02-23 13:38:53.293428 (1674541) main____ INFO      stack size    : unlimited
2026-02-23 13:38:53.293433 (1674541) main____ INFO      core file size: unlimited
2026-02-23 13:38:53.293440 (1674541) main____ INFO      open files    : 131072
2026-02-23 13:38:53.293445 (1674541) main____ INFO      file size     : unlimited
2026-02-23 13:38:53.293450 (1674541) main____ INFO    ----------------------------------------
2026-02-23 13:38:53.293454 (1674541) main____ INFO    Memory statistics:
2026-02-23 13:38:53.293459 (1674541) main____ INFO      total physical memory  : 1584164356 kB
2026-02-23 13:38:53.293464 (1674541) main____ INFO      free physical memory   : 818004836 kB
2026-02-23 13:38:53.293469 (1674541) main____ INFO      committed address space: 593274836 kB
2026-02-23 13:38:53.293474 (1674541) main____ INFO    ----------------------------------------
2026-02-23 13:38:53.293993 (1674541) main____ INFO    Important environment variables:
2026-02-23 13:38:53.294006 (1674541) main____ INFO      JASPER_HOME       : '/usr/licensed/cadence-20210126/jasper_2021.03'
2026-02-23 13:38:53.294013 (1674541) main____ INFO      JASPER_INSTALL_DIR: '/scratch/gpfs/LICENSED/x86_64/cadence-20210126/jasper_2021.03'
2026-02-23 13:38:53.294018 (1674541) main____ INFO      LANG              : 'en_US.UTF-8'
2026-02-23 13:38:53.294024 (1674541) main____ INFO      LM_LICENSE_FILE   : '5280@license.rc.princeton.edu'
2026-02-23 13:38:53.294030 (1674541) main____ INFO      TMPDIR            : '/tmp/ab2113/jg_5018707_5'
2026-02-23 13:38:53.294034 (1674541) main____ INFO    ----------------------------------------
2026-02-23 13:38:53.294494 (1674541) lic_core INFO    Initializing license system ...
2026-02-23 13:38:53.294985 (1674541) lic_core INFO    ... license system initialized.
2026-02-23 13:38:53.295720 (1674541) lic__man INFO    Claim 'fpv' for <ui>.
2026-02-23 13:38:53.295751 (1674541) lic_core INFO    (1) checking out 'jasper_fpv' ...
2026-02-23 13:38:53.301194 (1674541) lic_core INFO    ... (1) checkout failed (error: -5) ("FLEXnet ERROR(-5, 0, 0): No such feature exists.")
2026-02-23 13:38:53.301217 (1674541) lic_core INFO    (2) checking out 'jasper_fao' ...
2026-02-23 13:38:53.310057 (1674541) lic_core INFO    ... (2) checkout succeeded
2026-02-23 13:38:53.320287 (1674541) session_ INFO    Starting analysis session with session id 'session_0' (launcher: <local>) ...
2026-02-23 13:38:53.322717 (1674541) session_ INFO    Analysis session with session id 'session_0' started (pid: 1674567)
2026-02-23 13:38:53.838264 (1674541) session_ INFO    Analysis session 'session_0' connected to the console (host: 127.0.0.1:47572)
2026-02-23 13:38:54.323302 (1674541) main____ INFO    About to exit: request to exit with status 1 received from analysis session 'session_0'
2026-02-23 13:38:54.372447 (1674541) session_ INFO    Analysis session 'session_0' disconnected.
2026-02-23 13:38:54.372554 (1674541) lic__man INFO    Unclaim everything for 'session_0'.
2026-02-23 13:38:54.373393 (1674541) session_ INFO    Process for analysis session 'session_0' has exited with exit status '1'.
2026-02-23 13:38:56.428271 (1674541) lic_core INFO    (2) checkin jasper_fao
2026-02-23 13:38:56.429586 (1674541) main____ INFO    Exiting with status 1.
