2026-02-23 14:59:51.224083 (2956754) main____ INFO    ----------------------------------------
2026-02-23 14:59:51.224193 (2956754) main____ INFO    JasperGold version info
2026-02-23 14:59:51.224214 (2956754) main____ INFO      tool      : JasperGold 2021.03
2026-02-23 14:59:51.224222 (2956754) main____ INFO      version   : 2021.03 FCS 64 bits
2026-02-23 14:59:51.224227 (2956754) main____ INFO      build date: 2021.03.23 02:50:43 UTC
2026-02-23 14:59:51.224230 (2956754) main____ INFO    ----------------------------------------
2026-02-23 14:59:51.224234 (2956754) main____ INFO    Runtime info:
2026-02-23 14:59:51.224238 (2956754) main____ INFO      platform  : Linux 5.14.0-570.84.1.el9_6.x86_64 x86_64
2026-02-23 14:59:51.224243 (2956754) main____ INFO      hostname  : della-h12n18
2026-02-23 14:59:51.224247 (2956754) main____ INFO      pid       : 2956754
2026-02-23 14:59:51.224251 (2956754) main____ INFO      arguments : '-style' 'windows' '-batch' '-proj' './verification_results/04725/jgproject' '-tcl' './jasper_verif_check.tcl'
2026-02-23 14:59:51.224258 (2956754) main____ INFO      locale    : UTF-8
2026-02-23 14:59:51.224262 (2956754) main____ INFO    ----------------------------------------
2026-02-23 14:59:51.224265 (2956754) main____ INFO    System resource limits info:
2026-02-23 14:59:51.224269 (2956754) main____ INFO      virtual memory: unlimited
2026-02-23 14:59:51.224272 (2956754) main____ INFO      cpu time      : unlimited
2026-02-23 14:59:51.224276 (2956754) main____ INFO      stack size    : unlimited
2026-02-23 14:59:51.224279 (2956754) main____ INFO      core file size: unlimited
2026-02-23 14:59:51.224285 (2956754) main____ INFO      open files    : 131072
2026-02-23 14:59:51.224288 (2956754) main____ INFO      file size     : unlimited
2026-02-23 14:59:51.224292 (2956754) main____ INFO    ----------------------------------------
2026-02-23 14:59:51.224295 (2956754) main____ INFO    Memory statistics:
2026-02-23 14:59:51.224300 (2956754) main____ INFO      total physical memory  : 1055795796 kB
2026-02-23 14:59:51.224303 (2956754) main____ INFO      free physical memory   : 274358532 kB
2026-02-23 14:59:51.224307 (2956754) main____ INFO      committed address space: 470155760 kB
2026-02-23 14:59:51.224310 (2956754) main____ INFO    ----------------------------------------
2026-02-23 14:59:51.225083 (2956754) main____ INFO    Important environment variables:
2026-02-23 14:59:51.225100 (2956754) main____ INFO      JASPER_HOME       : '/usr/licensed/cadence-20210126/jasper_2021.03'
2026-02-23 14:59:51.225106 (2956754) main____ INFO      JASPER_INSTALL_DIR: '/scratch/gpfs/LICENSED/x86_64/cadence-20210126/jasper_2021.03'
2026-02-23 14:59:51.225111 (2956754) main____ INFO      LANG              : 'en_US.UTF-8'
2026-02-23 14:59:51.225115 (2956754) main____ INFO      LM_LICENSE_FILE   : '5280@license.rc.princeton.edu'
2026-02-23 14:59:51.225120 (2956754) main____ INFO      TMPDIR            : '/tmp/ab2113/jg_5019198_87'
2026-02-23 14:59:51.225123 (2956754) main____ INFO    ----------------------------------------
2026-02-23 14:59:51.225855 (2956754) lic_core INFO    Initializing license system ...
2026-02-23 14:59:51.226531 (2956754) lic_core INFO    ... license system initialized.
2026-02-23 14:59:51.227431 (2956754) lic__man INFO    Claim 'fpv' for <ui>.
2026-02-23 14:59:51.227464 (2956754) lic_core INFO    (1) checking out 'jasper_fpv' ...
2026-02-23 14:59:51.233249 (2956754) lic_core INFO    ... (1) checkout failed (error: -5) ("FLEXnet ERROR(-5, 0, 0): No such feature exists.")
2026-02-23 14:59:51.233296 (2956754) lic_core INFO    (2) checking out 'jasper_fao' ...
2026-02-23 14:59:51.244625 (2956754) lic_core INFO    ... (2) checkout succeeded
2026-02-23 14:59:51.258939 (2956754) session_ INFO    Starting analysis session with session id 'session_0' (launcher: <local>) ...
2026-02-23 14:59:51.261599 (2956754) session_ INFO    Analysis session with session id 'session_0' started (pid: 2956762)
2026-02-23 14:59:51.880377 (2956754) session_ INFO    Analysis session 'session_0' connected to the console (host: 127.0.0.1:48790)
2026-02-23 14:59:52.678362 (2956754) lic__man INFO    Unclaim everything for 'session_0'.
2026-02-23 14:59:52.718504 (2956754) lic__man INFO    Claim 'fpv' for 'session_0'.
2026-02-23 14:59:52.718546 (2956754) lic__man INFO    Claim 'fpv' for 'session_0/prove-0'.
2026-02-23 14:59:52.841546 (2956754) lic__man INFO    Unclaim everything for 'session_0/prove-0'.
2026-02-23 14:59:52.897496 (2956754) main____ INFO    About to exit: request to exit with status 0 received from analysis session 'session_0'
2026-02-23 14:59:52.964098 (2956754) session_ INFO    Analysis session 'session_0' disconnected.
2026-02-23 14:59:52.964243 (2956754) lic__man INFO    Unclaim everything for 'session_0'.
2026-02-23 14:59:52.965069 (2956754) session_ INFO    Process for analysis session 'session_0' has exited with exit status '0'.
2026-02-23 14:59:55.005385 (2956754) lic_core INFO    (2) checkin jasper_fao
2026-02-23 14:59:55.006901 (2956754) main____ INFO    Exiting with status 0.
