2026-02-23 13:52:02.064838 (153571) main____ INFO    ----------------------------------------
2026-02-23 13:52:02.064919 (153571) main____ INFO    JasperGold version info
2026-02-23 13:52:02.064936 (153571) main____ INFO      tool      : JasperGold 2021.03
2026-02-23 13:52:02.064945 (153571) main____ INFO      version   : 2021.03 FCS 64 bits
2026-02-23 13:52:02.064951 (153571) main____ INFO      build date: 2021.03.23 02:50:43 UTC
2026-02-23 13:52:02.064957 (153571) main____ INFO    ----------------------------------------
2026-02-23 13:52:02.064962 (153571) main____ INFO    Runtime info:
2026-02-23 13:52:02.064968 (153571) main____ INFO      platform  : Linux 5.14.0-570.84.1.el9_6.x86_64 x86_64
2026-02-23 13:52:02.064974 (153571) main____ INFO      hostname  : della-h14n2
2026-02-23 13:52:02.064981 (153571) main____ INFO      pid       : 153571
2026-02-23 13:52:02.064987 (153571) main____ INFO      arguments : '-style' 'windows' '-batch' '-proj' './verification_results/03257/jgproject' '-tcl' './jasper_verif_check.tcl'
2026-02-23 13:52:02.064997 (153571) main____ INFO      locale    : UTF-8
2026-02-23 13:52:02.065002 (153571) main____ INFO    ----------------------------------------
2026-02-23 13:52:02.065007 (153571) main____ INFO    System resource limits info:
2026-02-23 13:52:02.065013 (153571) main____ INFO      virtual memory: unlimited
2026-02-23 13:52:02.065019 (153571) main____ INFO      cpu time      : unlimited
2026-02-23 13:52:02.065024 (153571) main____ INFO      stack size    : unlimited
2026-02-23 13:52:02.065030 (153571) main____ INFO      core file size: unlimited
2026-02-23 13:52:02.065037 (153571) main____ INFO      open files    : 131072
2026-02-23 13:52:02.065043 (153571) main____ INFO      file size     : unlimited
2026-02-23 13:52:02.065048 (153571) main____ INFO    ----------------------------------------
2026-02-23 13:52:02.065052 (153571) main____ INFO    Memory statistics:
2026-02-23 13:52:02.065059 (153571) main____ INFO      total physical memory  : 1584164328 kB
2026-02-23 13:52:02.065065 (153571) main____ INFO      free physical memory   : 761618532 kB
2026-02-23 13:52:02.065072 (153571) main____ INFO      committed address space: 660601768 kB
2026-02-23 13:52:02.065076 (153571) main____ INFO    ----------------------------------------
2026-02-23 13:52:02.065604 (153571) main____ INFO    Important environment variables:
2026-02-23 13:52:02.065617 (153571) main____ INFO      JASPER_HOME       : '/usr/licensed/cadence-20210126/jasper_2021.03'
2026-02-23 13:52:02.065624 (153571) main____ INFO      JASPER_INSTALL_DIR: '/scratch/gpfs/LICENSED/x86_64/cadence-20210126/jasper_2021.03'
2026-02-23 13:52:02.065630 (153571) main____ INFO      LANG              : 'en_US.UTF-8'
2026-02-23 13:52:02.065636 (153571) main____ INFO      LM_LICENSE_FILE   : '5280@license.rc.princeton.edu'
2026-02-23 13:52:02.065642 (153571) main____ INFO      TMPDIR            : '/tmp/ab2113/jg_5018997_57'
2026-02-23 13:52:02.065647 (153571) main____ INFO    ----------------------------------------
2026-02-23 13:52:02.066132 (153571) lic_core INFO    Initializing license system ...
2026-02-23 13:52:02.066680 (153571) lic_core INFO    ... license system initialized.
2026-02-23 13:52:02.067456 (153571) lic__man INFO    Claim 'fpv' for <ui>.
2026-02-23 13:52:02.067489 (153571) lic_core INFO    (1) checking out 'jasper_fpv' ...
2026-02-23 13:52:02.074058 (153571) lic_core INFO    ... (1) checkout failed (error: -5) ("FLEXnet ERROR(-5, 0, 0): No such feature exists.")
2026-02-23 13:52:02.074087 (153571) lic_core INFO    (2) checking out 'jasper_fao' ...
2026-02-23 13:52:02.083495 (153571) lic_core INFO    ... (2) checkout succeeded
2026-02-23 13:52:02.094504 (153571) session_ INFO    Starting analysis session with session id 'session_0' (launcher: <local>) ...
2026-02-23 13:52:02.097539 (153571) session_ INFO    Analysis session with session id 'session_0' started (pid: 153579)
2026-02-23 13:52:02.731260 (153571) session_ INFO    Analysis session 'session_0' connected to the console (host: 127.0.0.1:33120)
2026-02-23 13:52:03.272897 (153571) main____ INFO    About to exit: request to exit with status 1 received from analysis session 'session_0'
2026-02-23 13:52:03.334960 (153571) session_ INFO    Analysis session 'session_0' disconnected.
2026-02-23 13:52:03.335094 (153571) lic__man INFO    Unclaim everything for 'session_0'.
2026-02-23 13:52:03.335711 (153571) session_ INFO    Process for analysis session 'session_0' has exited with exit status '1'.
2026-02-23 13:52:05.378572 (153571) lic_core INFO    (2) checkin jasper_fao
2026-02-23 13:52:05.380316 (153571) main____ INFO    Exiting with status 1.
