2026-02-23 13:55:43.841096 (1957014) main____ INFO    ----------------------------------------
2026-02-23 13:55:43.841214 (1957014) main____ INFO    JasperGold version info
2026-02-23 13:55:43.841232 (1957014) main____ INFO      tool      : JasperGold 2021.03
2026-02-23 13:55:43.841241 (1957014) main____ INFO      version   : 2021.03 FCS 64 bits
2026-02-23 13:55:43.841246 (1957014) main____ INFO      build date: 2021.03.23 02:50:43 UTC
2026-02-23 13:55:43.841250 (1957014) main____ INFO    ----------------------------------------
2026-02-23 13:55:43.841254 (1957014) main____ INFO    Runtime info:
2026-02-23 13:55:43.841259 (1957014) main____ INFO      platform  : Linux 5.14.0-570.84.1.el9_6.x86_64 x86_64
2026-02-23 13:55:43.841265 (1957014) main____ INFO      hostname  : della-r3c1n5
2026-02-23 13:55:43.841270 (1957014) main____ INFO      pid       : 1957014
2026-02-23 13:55:43.841275 (1957014) main____ INFO      arguments : '-style' 'windows' '-batch' '-proj' './verification_results/03951/jgproject' '-tcl' './jasper_verif_check.tcl'
2026-02-23 13:55:43.841284 (1957014) main____ INFO      locale    : UTF-8
2026-02-23 13:55:43.841288 (1957014) main____ INFO    ----------------------------------------
2026-02-23 13:55:43.841293 (1957014) main____ INFO    System resource limits info:
2026-02-23 13:55:43.841297 (1957014) main____ INFO      virtual memory: unlimited
2026-02-23 13:55:43.841302 (1957014) main____ INFO      cpu time      : unlimited
2026-02-23 13:55:43.841306 (1957014) main____ INFO      stack size    : unlimited
2026-02-23 13:55:43.841311 (1957014) main____ INFO      core file size: unlimited
2026-02-23 13:55:43.841317 (1957014) main____ INFO      open files    : 131072
2026-02-23 13:55:43.841322 (1957014) main____ INFO      file size     : unlimited
2026-02-23 13:55:43.841326 (1957014) main____ INFO    ----------------------------------------
2026-02-23 13:55:43.841330 (1957014) main____ INFO    Memory statistics:
2026-02-23 13:55:43.841335 (1957014) main____ INFO      total physical memory  : 195972056 kB
2026-02-23 13:55:43.841339 (1957014) main____ INFO      free physical memory   : 133959024 kB
2026-02-23 13:55:43.841344 (1957014) main____ INFO      committed address space: 56992616 kB
2026-02-23 13:55:43.841348 (1957014) main____ INFO    ----------------------------------------
2026-02-23 13:55:43.842342 (1957014) main____ INFO    Important environment variables:
2026-02-23 13:55:43.842361 (1957014) main____ INFO      JASPER_HOME       : '/usr/licensed/cadence-20210126/jasper_2021.03'
2026-02-23 13:55:43.842368 (1957014) main____ INFO      JASPER_INSTALL_DIR: '/scratch/gpfs/LICENSED/x86_64/cadence-20210126/jasper_2021.03'
2026-02-23 13:55:43.842373 (1957014) main____ INFO      LANG              : 'en_US.UTF-8'
2026-02-23 13:55:43.842379 (1957014) main____ INFO      LM_LICENSE_FILE   : '5280@license.rc.princeton.edu'
2026-02-23 13:55:43.842384 (1957014) main____ INFO      TMPDIR            : '/tmp/ab2113/jg_5019080_71'
2026-02-23 13:55:43.842388 (1957014) main____ INFO    ----------------------------------------
2026-02-23 13:55:43.843290 (1957014) lic_core INFO    Initializing license system ...
2026-02-23 13:55:43.844163 (1957014) lic_core INFO    ... license system initialized.
2026-02-23 13:55:43.844957 (1957014) lic__man INFO    Claim 'fpv' for <ui>.
2026-02-23 13:55:43.844999 (1957014) lic_core INFO    (1) checking out 'jasper_fpv' ...
2026-02-23 13:55:43.851943 (1957014) lic_core INFO    ... (1) checkout failed (error: -5) ("FLEXnet ERROR(-5, 0, 0): No such feature exists.")
2026-02-23 13:55:43.852001 (1957014) lic_core INFO    (2) checking out 'jasper_fao' ...
2026-02-23 13:55:43.862812 (1957014) lic_core INFO    ... (2) checkout succeeded
2026-02-23 13:55:43.877701 (1957014) session_ INFO    Starting analysis session with session id 'session_0' (launcher: <local>) ...
2026-02-23 13:55:43.880872 (1957014) session_ INFO    Analysis session with session id 'session_0' started (pid: 1957022)
2026-02-23 13:55:44.586482 (1957014) session_ INFO    Analysis session 'session_0' connected to the console (host: 127.0.0.1:55626)
2026-02-23 13:55:45.169223 (1957014) main____ INFO    About to exit: request to exit with status 1 received from analysis session 'session_0'
2026-02-23 13:55:45.243431 (1957014) session_ INFO    Analysis session 'session_0' disconnected.
2026-02-23 13:55:45.243563 (1957014) lic__man INFO    Unclaim everything for 'session_0'.
2026-02-23 13:55:45.243939 (1957014) session_ INFO    Process for analysis session 'session_0' has exited with exit status '1'.
2026-02-23 13:55:47.094057 (1957014) lic_core INFO    (2) checkin jasper_fao
2026-02-23 13:55:47.095296 (1957014) main____ INFO    Exiting with status 1.
