2026-02-23 13:42:05.829703 (1942007) main____ INFO    ----------------------------------------
2026-02-23 13:42:05.829808 (1942007) main____ INFO    JasperGold version info
2026-02-23 13:42:05.829826 (1942007) main____ INFO      tool      : JasperGold 2021.03
2026-02-23 13:42:05.829835 (1942007) main____ INFO      version   : 2021.03 FCS 64 bits
2026-02-23 13:42:05.829840 (1942007) main____ INFO      build date: 2021.03.23 02:50:43 UTC
2026-02-23 13:42:05.829845 (1942007) main____ INFO    ----------------------------------------
2026-02-23 13:42:05.829849 (1942007) main____ INFO    Runtime info:
2026-02-23 13:42:05.829854 (1942007) main____ INFO      platform  : Linux 5.14.0-570.84.1.el9_6.x86_64 x86_64
2026-02-23 13:42:05.829860 (1942007) main____ INFO      hostname  : della-r3c1n5
2026-02-23 13:42:05.829865 (1942007) main____ INFO      pid       : 1942007
2026-02-23 13:42:05.829870 (1942007) main____ INFO      arguments : '-style' 'windows' '-batch' '-proj' './verification_results/01345/jgproject' '-tcl' './jasper_verif_check.tcl'
2026-02-23 13:42:05.829878 (1942007) main____ INFO      locale    : UTF-8
2026-02-23 13:42:05.829883 (1942007) main____ INFO    ----------------------------------------
2026-02-23 13:42:05.829887 (1942007) main____ INFO    System resource limits info:
2026-02-23 13:42:05.829891 (1942007) main____ INFO      virtual memory: unlimited
2026-02-23 13:42:05.829896 (1942007) main____ INFO      cpu time      : unlimited
2026-02-23 13:42:05.829900 (1942007) main____ INFO      stack size    : unlimited
2026-02-23 13:42:05.829904 (1942007) main____ INFO      core file size: unlimited
2026-02-23 13:42:05.829911 (1942007) main____ INFO      open files    : 131072
2026-02-23 13:42:05.829916 (1942007) main____ INFO      file size     : unlimited
2026-02-23 13:42:05.829920 (1942007) main____ INFO    ----------------------------------------
2026-02-23 13:42:05.829924 (1942007) main____ INFO    Memory statistics:
2026-02-23 13:42:05.829928 (1942007) main____ INFO      total physical memory  : 195972056 kB
2026-02-23 13:42:05.829933 (1942007) main____ INFO      free physical memory   : 111928544 kB
2026-02-23 13:42:05.829937 (1942007) main____ INFO      committed address space: 51377728 kB
2026-02-23 13:42:05.829941 (1942007) main____ INFO    ----------------------------------------
2026-02-23 13:42:05.830914 (1942007) main____ INFO    Important environment variables:
2026-02-23 13:42:05.830934 (1942007) main____ INFO      JASPER_HOME       : '/usr/licensed/cadence-20210126/jasper_2021.03'
2026-02-23 13:42:05.830940 (1942007) main____ INFO      JASPER_INSTALL_DIR: '/scratch/gpfs/LICENSED/x86_64/cadence-20210126/jasper_2021.03'
2026-02-23 13:42:05.830946 (1942007) main____ INFO      LANG              : 'en_US.UTF-8'
2026-02-23 13:42:05.830951 (1942007) main____ INFO      LM_LICENSE_FILE   : '5280@license.rc.princeton.edu'
2026-02-23 13:42:05.830955 (1942007) main____ INFO      TMPDIR            : '/tmp/ab2113/jg_5018833_19'
2026-02-23 13:42:05.830960 (1942007) main____ INFO    ----------------------------------------
2026-02-23 13:42:05.831825 (1942007) lic_core INFO    Initializing license system ...
2026-02-23 13:42:05.832655 (1942007) lic_core INFO    ... license system initialized.
2026-02-23 13:42:05.833422 (1942007) lic__man INFO    Claim 'fpv' for <ui>.
2026-02-23 13:42:05.833461 (1942007) lic_core INFO    (1) checking out 'jasper_fpv' ...
2026-02-23 13:42:05.839058 (1942007) lic_core INFO    ... (1) checkout failed (error: -5) ("FLEXnet ERROR(-5, 0, 0): No such feature exists.")
2026-02-23 13:42:05.839110 (1942007) lic_core INFO    (2) checking out 'jasper_fao' ...
2026-02-23 13:42:05.849254 (1942007) lic_core INFO    ... (2) checkout succeeded
2026-02-23 13:42:05.863600 (1942007) session_ INFO    Starting analysis session with session id 'session_0' (launcher: <local>) ...
2026-02-23 13:42:05.866490 (1942007) session_ INFO    Analysis session with session id 'session_0' started (pid: 1942015)
2026-02-23 13:42:06.551359 (1942007) session_ INFO    Analysis session 'session_0' connected to the console (host: 127.0.0.1:57674)
2026-02-23 13:42:07.125215 (1942007) main____ INFO    About to exit: request to exit with status 1 received from analysis session 'session_0'
2026-02-23 13:42:07.197352 (1942007) session_ INFO    Analysis session 'session_0' disconnected.
2026-02-23 13:42:07.197474 (1942007) lic__man INFO    Unclaim everything for 'session_0'.
2026-02-23 13:42:07.198067 (1942007) session_ INFO    Process for analysis session 'session_0' has exited with exit status '1'.
2026-02-23 13:42:09.094681 (1942007) lic_core INFO    (2) checkin jasper_fao
2026-02-23 13:42:09.095706 (1942007) main____ INFO    Exiting with status 1.
