2026-02-23 14:12:08.262340 (1805218) main____ INFO    ----------------------------------------
2026-02-23 14:12:08.262425 (1805218) main____ INFO    JasperGold version info
2026-02-23 14:12:08.262442 (1805218) main____ INFO      tool      : JasperGold 2021.03
2026-02-23 14:12:08.262451 (1805218) main____ INFO      version   : 2021.03 FCS 64 bits
2026-02-23 14:12:08.262457 (1805218) main____ INFO      build date: 2021.03.23 02:50:43 UTC
2026-02-23 14:12:08.262462 (1805218) main____ INFO    ----------------------------------------
2026-02-23 14:12:08.262467 (1805218) main____ INFO    Runtime info:
2026-02-23 14:12:08.262472 (1805218) main____ INFO      platform  : Linux 5.14.0-570.84.1.el9_6.x86_64 x86_64
2026-02-23 14:12:08.262479 (1805218) main____ INFO      hostname  : della-h14n7
2026-02-23 14:12:08.262484 (1805218) main____ INFO      pid       : 1805218
2026-02-23 14:12:08.262489 (1805218) main____ INFO      arguments : '-style' 'windows' '-batch' '-proj' './verification_results/03756/jgproject' '-tcl' './jasper_verif_check.tcl'
2026-02-23 14:12:08.262497 (1805218) main____ INFO      locale    : UTF-8
2026-02-23 14:12:08.262502 (1805218) main____ INFO    ----------------------------------------
2026-02-23 14:12:08.262507 (1805218) main____ INFO    System resource limits info:
2026-02-23 14:12:08.262513 (1805218) main____ INFO      virtual memory: unlimited
2026-02-23 14:12:08.262518 (1805218) main____ INFO      cpu time      : unlimited
2026-02-23 14:12:08.262522 (1805218) main____ INFO      stack size    : unlimited
2026-02-23 14:12:08.262527 (1805218) main____ INFO      core file size: unlimited
2026-02-23 14:12:08.262534 (1805218) main____ INFO      open files    : 131072
2026-02-23 14:12:08.262539 (1805218) main____ INFO      file size     : unlimited
2026-02-23 14:12:08.262544 (1805218) main____ INFO    ----------------------------------------
2026-02-23 14:12:08.262549 (1805218) main____ INFO    Memory statistics:
2026-02-23 14:12:08.262554 (1805218) main____ INFO      total physical memory  : 1584164356 kB
2026-02-23 14:12:08.262559 (1805218) main____ INFO      free physical memory   : 817489708 kB
2026-02-23 14:12:08.262564 (1805218) main____ INFO      committed address space: 596280076 kB
2026-02-23 14:12:08.262569 (1805218) main____ INFO    ----------------------------------------
2026-02-23 14:12:08.263078 (1805218) main____ INFO    Important environment variables:
2026-02-23 14:12:08.263091 (1805218) main____ INFO      JASPER_HOME       : '/usr/licensed/cadence-20210126/jasper_2021.03'
2026-02-23 14:12:08.263097 (1805218) main____ INFO      JASPER_INSTALL_DIR: '/scratch/gpfs/LICENSED/x86_64/cadence-20210126/jasper_2021.03'
2026-02-23 14:12:08.263103 (1805218) main____ INFO      LANG              : 'en_US.UTF-8'
2026-02-23 14:12:08.263108 (1805218) main____ INFO      LM_LICENSE_FILE   : '5280@license.rc.princeton.edu'
2026-02-23 14:12:08.263114 (1805218) main____ INFO      TMPDIR            : '/tmp/ab2113/jg_5019054_67'
2026-02-23 14:12:08.263119 (1805218) main____ INFO    ----------------------------------------
2026-02-23 14:12:08.263578 (1805218) lic_core INFO    Initializing license system ...
2026-02-23 14:12:08.264341 (1805218) lic_core INFO    ... license system initialized.
2026-02-23 14:12:08.265119 (1805218) lic__man INFO    Claim 'fpv' for <ui>.
2026-02-23 14:12:08.265151 (1805218) lic_core INFO    (1) checking out 'jasper_fpv' ...
2026-02-23 14:12:08.270711 (1805218) lic_core INFO    ... (1) checkout failed (error: -5) ("FLEXnet ERROR(-5, 0, 0): No such feature exists.")
2026-02-23 14:12:08.270737 (1805218) lic_core INFO    (2) checking out 'jasper_fao' ...
2026-02-23 14:12:08.280157 (1805218) lic_core INFO    ... (2) checkout succeeded
2026-02-23 14:12:08.291238 (1805218) session_ INFO    Starting analysis session with session id 'session_0' (launcher: <local>) ...
2026-02-23 14:12:08.293652 (1805218) session_ INFO    Analysis session with session id 'session_0' started (pid: 1805226)
2026-02-23 14:12:08.798820 (1805218) session_ INFO    Analysis session 'session_0' connected to the console (host: 127.0.0.1:50720)
2026-02-23 14:12:09.311379 (1805218) main____ INFO    About to exit: request to exit with status 1 received from analysis session 'session_0'
2026-02-23 14:12:09.360020 (1805218) session_ INFO    Analysis session 'session_0' disconnected.
2026-02-23 14:12:09.360148 (1805218) lic__man INFO    Unclaim everything for 'session_0'.
2026-02-23 14:12:09.360827 (1805218) session_ INFO    Process for analysis session 'session_0' has exited with exit status '1'.
2026-02-23 14:12:11.215386 (1805218) lic_core INFO    (2) checkin jasper_fao
2026-02-23 14:12:11.216998 (1805218) main____ INFO    Exiting with status 1.
