2026-02-23 13:47:44.706910 (135344) main____ INFO    ----------------------------------------
2026-02-23 13:47:44.706997 (135344) main____ INFO    JasperGold version info
2026-02-23 13:47:44.707014 (135344) main____ INFO      tool      : JasperGold 2021.03
2026-02-23 13:47:44.707024 (135344) main____ INFO      version   : 2021.03 FCS 64 bits
2026-02-23 13:47:44.707030 (135344) main____ INFO      build date: 2021.03.23 02:50:43 UTC
2026-02-23 13:47:44.707036 (135344) main____ INFO    ----------------------------------------
2026-02-23 13:47:44.707042 (135344) main____ INFO    Runtime info:
2026-02-23 13:47:44.707048 (135344) main____ INFO      platform  : Linux 5.14.0-570.84.1.el9_6.x86_64 x86_64
2026-02-23 13:47:44.707055 (135344) main____ INFO      hostname  : della-h14n2
2026-02-23 13:47:44.707060 (135344) main____ INFO      pid       : 135344
2026-02-23 13:47:44.707065 (135344) main____ INFO      arguments : '-style' 'windows' '-batch' '-proj' './verification_results/02399/jgproject' '-tcl' './jasper_verif_check.tcl'
2026-02-23 13:47:44.707074 (135344) main____ INFO      locale    : UTF-8
2026-02-23 13:47:44.707080 (135344) main____ INFO    ----------------------------------------
2026-02-23 13:47:44.707084 (135344) main____ INFO    System resource limits info:
2026-02-23 13:47:44.707090 (135344) main____ INFO      virtual memory: unlimited
2026-02-23 13:47:44.707096 (135344) main____ INFO      cpu time      : unlimited
2026-02-23 13:47:44.707101 (135344) main____ INFO      stack size    : unlimited
2026-02-23 13:47:44.707106 (135344) main____ INFO      core file size: unlimited
2026-02-23 13:47:44.707114 (135344) main____ INFO      open files    : 131072
2026-02-23 13:47:44.707119 (135344) main____ INFO      file size     : unlimited
2026-02-23 13:47:44.707125 (135344) main____ INFO    ----------------------------------------
2026-02-23 13:47:44.707129 (135344) main____ INFO    Memory statistics:
2026-02-23 13:47:44.707135 (135344) main____ INFO      total physical memory  : 1584164328 kB
2026-02-23 13:47:44.707140 (135344) main____ INFO      free physical memory   : 742503152 kB
2026-02-23 13:47:44.707145 (135344) main____ INFO      committed address space: 682979636 kB
2026-02-23 13:47:44.707150 (135344) main____ INFO    ----------------------------------------
2026-02-23 13:47:44.707659 (135344) main____ INFO    Important environment variables:
2026-02-23 13:47:44.707674 (135344) main____ INFO      JASPER_HOME       : '/usr/licensed/cadence-20210126/jasper_2021.03'
2026-02-23 13:47:44.707681 (135344) main____ INFO      JASPER_INSTALL_DIR: '/scratch/gpfs/LICENSED/x86_64/cadence-20210126/jasper_2021.03'
2026-02-23 13:47:44.707690 (135344) main____ INFO      LANG              : 'en_US.UTF-8'
2026-02-23 13:47:44.707696 (135344) main____ INFO      LM_LICENSE_FILE   : '5280@license.rc.princeton.edu'
2026-02-23 13:47:44.707701 (135344) main____ INFO      TMPDIR            : '/tmp/ab2113/jg_5018912_40'
2026-02-23 13:47:44.707706 (135344) main____ INFO    ----------------------------------------
2026-02-23 13:47:44.708202 (135344) lic_core INFO    Initializing license system ...
2026-02-23 13:47:44.708751 (135344) lic_core INFO    ... license system initialized.
2026-02-23 13:47:44.709493 (135344) lic__man INFO    Claim 'fpv' for <ui>.
2026-02-23 13:47:44.709526 (135344) lic_core INFO    (1) checking out 'jasper_fpv' ...
2026-02-23 13:47:44.715182 (135344) lic_core INFO    ... (1) checkout failed (error: -5) ("FLEXnet ERROR(-5, 0, 0): No such feature exists.")
2026-02-23 13:47:44.715210 (135344) lic_core INFO    (2) checking out 'jasper_fao' ...
2026-02-23 13:47:44.723963 (135344) lic_core INFO    ... (2) checkout succeeded
2026-02-23 13:47:44.735465 (135344) session_ INFO    Starting analysis session with session id 'session_0' (launcher: <local>) ...
2026-02-23 13:47:44.738440 (135344) session_ INFO    Analysis session with session id 'session_0' started (pid: 135361)
2026-02-23 13:47:45.401885 (135344) session_ INFO    Analysis session 'session_0' connected to the console (host: 127.0.0.1:34756)
2026-02-23 13:47:45.999918 (135344) main____ INFO    About to exit: request to exit with status 1 received from analysis session 'session_0'
2026-02-23 13:47:46.052057 (135344) session_ INFO    Analysis session 'session_0' disconnected.
2026-02-23 13:47:46.052195 (135344) lic__man INFO    Unclaim everything for 'session_0'.
2026-02-23 13:47:46.053572 (135344) session_ INFO    Process for analysis session 'session_0' has exited with exit status '1'.
2026-02-23 13:47:47.967263 (135344) lic_core INFO    (2) checkin jasper_fao
2026-02-23 13:47:47.968893 (135344) main____ INFO    Exiting with status 1.
