2026-02-23 13:45:54.199320 (119815) main____ INFO    ----------------------------------------
2026-02-23 13:45:54.199391 (119815) main____ INFO    JasperGold version info
2026-02-23 13:45:54.199405 (119815) main____ INFO      tool      : JasperGold 2021.03
2026-02-23 13:45:54.199415 (119815) main____ INFO      version   : 2021.03 FCS 64 bits
2026-02-23 13:45:54.199420 (119815) main____ INFO      build date: 2021.03.23 02:50:43 UTC
2026-02-23 13:45:54.199425 (119815) main____ INFO    ----------------------------------------
2026-02-23 13:45:54.199432 (119815) main____ INFO    Runtime info:
2026-02-23 13:45:54.199437 (119815) main____ INFO      platform  : Linux 5.14.0-570.84.1.el9_6.x86_64 x86_64
2026-02-23 13:45:54.199443 (119815) main____ INFO      hostname  : della-h14n2
2026-02-23 13:45:54.199449 (119815) main____ INFO      pid       : 119815
2026-02-23 13:45:54.199454 (119815) main____ INFO      arguments : '-style' 'windows' '-batch' '-proj' './verification_results/02372/jgproject' '-tcl' './jasper_verif_check.tcl'
2026-02-23 13:45:54.199461 (119815) main____ INFO      locale    : UTF-8
2026-02-23 13:45:54.199467 (119815) main____ INFO    ----------------------------------------
2026-02-23 13:45:54.199472 (119815) main____ INFO    System resource limits info:
2026-02-23 13:45:54.199477 (119815) main____ INFO      virtual memory: unlimited
2026-02-23 13:45:54.199482 (119815) main____ INFO      cpu time      : unlimited
2026-02-23 13:45:54.199487 (119815) main____ INFO      stack size    : unlimited
2026-02-23 13:45:54.199492 (119815) main____ INFO      core file size: unlimited
2026-02-23 13:45:54.199499 (119815) main____ INFO      open files    : 131072
2026-02-23 13:45:54.199505 (119815) main____ INFO      file size     : unlimited
2026-02-23 13:45:54.199509 (119815) main____ INFO    ----------------------------------------
2026-02-23 13:45:54.199515 (119815) main____ INFO    Memory statistics:
2026-02-23 13:45:54.199520 (119815) main____ INFO      total physical memory  : 1584164328 kB
2026-02-23 13:45:54.199526 (119815) main____ INFO      free physical memory   : 750686108 kB
2026-02-23 13:45:54.199532 (119815) main____ INFO      committed address space: 670537544 kB
2026-02-23 13:45:54.199537 (119815) main____ INFO    ----------------------------------------
2026-02-23 13:45:54.200054 (119815) main____ INFO    Important environment variables:
2026-02-23 13:45:54.200068 (119815) main____ INFO      JASPER_HOME       : '/usr/licensed/cadence-20210126/jasper_2021.03'
2026-02-23 13:45:54.200074 (119815) main____ INFO      JASPER_INSTALL_DIR: '/scratch/gpfs/LICENSED/x86_64/cadence-20210126/jasper_2021.03'
2026-02-23 13:45:54.200079 (119815) main____ INFO      LANG              : 'en_US.UTF-8'
2026-02-23 13:45:54.200086 (119815) main____ INFO      LM_LICENSE_FILE   : '5280@license.rc.princeton.edu'
2026-02-23 13:45:54.200092 (119815) main____ INFO      TMPDIR            : '/tmp/ab2113/jg_5018912_40'
2026-02-23 13:45:54.200097 (119815) main____ INFO    ----------------------------------------
2026-02-23 13:45:54.200577 (119815) lic_core INFO    Initializing license system ...
2026-02-23 13:45:54.201135 (119815) lic_core INFO    ... license system initialized.
2026-02-23 13:45:54.201913 (119815) lic__man INFO    Claim 'fpv' for <ui>.
2026-02-23 13:45:54.201945 (119815) lic_core INFO    (1) checking out 'jasper_fpv' ...
2026-02-23 13:45:54.207431 (119815) lic_core INFO    ... (1) checkout failed (error: -5) ("FLEXnet ERROR(-5, 0, 0): No such feature exists.")
2026-02-23 13:45:54.207460 (119815) lic_core INFO    (2) checking out 'jasper_fao' ...
2026-02-23 13:45:54.216901 (119815) lic_core INFO    ... (2) checkout succeeded
2026-02-23 13:45:54.227618 (119815) session_ INFO    Starting analysis session with session id 'session_0' (launcher: <local>) ...
2026-02-23 13:45:54.230507 (119815) session_ INFO    Analysis session with session id 'session_0' started (pid: 119830)
2026-02-23 13:45:54.892500 (119815) session_ INFO    Analysis session 'session_0' connected to the console (host: 127.0.0.1:38678)
2026-02-23 13:45:55.428892 (119815) main____ INFO    About to exit: request to exit with status 1 received from analysis session 'session_0'
2026-02-23 13:45:55.481250 (119815) session_ INFO    Analysis session 'session_0' disconnected.
2026-02-23 13:45:55.481382 (119815) lic__man INFO    Unclaim everything for 'session_0'.
2026-02-23 13:45:55.483034 (119815) session_ INFO    Process for analysis session 'session_0' has exited with exit status '1'.
2026-02-23 13:45:57.468969 (119815) lic_core INFO    (2) checkin jasper_fao
2026-02-23 13:45:57.470752 (119815) main____ INFO    Exiting with status 1.
