2026-02-23 12:29:23.088999 (121785) main____ INFO    ----------------------------------------
2026-02-23 12:29:23.089090 (121785) main____ INFO    JasperGold version info
2026-02-23 12:29:23.089119 (121785) main____ INFO      tool      : JasperGold 2021.03
2026-02-23 12:29:23.089129 (121785) main____ INFO      version   : 2021.03 FCS 64 bits
2026-02-23 12:29:23.089136 (121785) main____ INFO      build date: 2021.03.23 02:50:43 UTC
2026-02-23 12:29:23.089142 (121785) main____ INFO    ----------------------------------------
2026-02-23 12:29:23.089148 (121785) main____ INFO    Runtime info:
2026-02-23 12:29:23.089155 (121785) main____ INFO      platform  : Linux 5.14.0-570.84.1.el9_6.x86_64 x86_64
2026-02-23 12:29:23.089162 (121785) main____ INFO      hostname  : della-h16n3
2026-02-23 12:29:23.089168 (121785) main____ INFO      pid       : 121785
2026-02-23 12:29:23.089174 (121785) main____ INFO      arguments : '-style' 'windows' '-batch' '-proj' './verification_results/00155/jgproject' '-tcl' './jasper_verif_check.tcl'
2026-02-23 12:29:23.089183 (121785) main____ INFO      locale    : UTF-8
2026-02-23 12:29:23.089189 (121785) main____ INFO    ----------------------------------------
2026-02-23 12:29:23.089195 (121785) main____ INFO    System resource limits info:
2026-02-23 12:29:23.089201 (121785) main____ INFO      virtual memory: unlimited
2026-02-23 12:29:23.089207 (121785) main____ INFO      cpu time      : unlimited
2026-02-23 12:29:23.089213 (121785) main____ INFO      stack size    : unlimited
2026-02-23 12:29:23.089219 (121785) main____ INFO      core file size: unlimited
2026-02-23 12:29:23.089227 (121785) main____ INFO      open files    : 131072
2026-02-23 12:29:23.089233 (121785) main____ INFO      file size     : unlimited
2026-02-23 12:29:23.089239 (121785) main____ INFO    ----------------------------------------
2026-02-23 12:29:23.089245 (121785) main____ INFO    Memory statistics:
2026-02-23 12:29:23.089251 (121785) main____ INFO      total physical memory  : 1584164344 kB
2026-02-23 12:29:23.089258 (121785) main____ INFO      free physical memory   : 892127968 kB
2026-02-23 12:29:23.089264 (121785) main____ INFO      committed address space: 637998744 kB
2026-02-23 12:29:23.089271 (121785) main____ INFO    ----------------------------------------
2026-02-23 12:29:23.089810 (121785) main____ INFO    Important environment variables:
2026-02-23 12:29:23.089830 (121785) main____ INFO      JASPER_HOME       : '/usr/licensed/cadence-20210126/jasper_2021.03'
2026-02-23 12:29:23.089838 (121785) main____ INFO      JASPER_INSTALL_DIR: '/scratch/gpfs/LICENSED/x86_64/cadence-20210126/jasper_2021.03'
2026-02-23 12:29:23.089851 (121785) main____ INFO      LANG              : 'en_US.UTF-8'
2026-02-23 12:29:23.089857 (121785) main____ INFO      LM_LICENSE_FILE   : '5280@license.rc.princeton.edu'
2026-02-23 12:29:23.089863 (121785) main____ INFO      TMPDIR            : '/tmp/ab2113/jg_5016635_27'
2026-02-23 12:29:23.089870 (121785) main____ INFO    ----------------------------------------
2026-02-23 12:29:23.091033 (121785) lic_core INFO    Initializing license system ...
2026-02-23 12:29:23.094780 (121785) lic_core INFO    ... license system initialized.
2026-02-23 12:29:23.096165 (121785) lic__man INFO    Claim 'fpv' for <ui>.
2026-02-23 12:29:23.096238 (121785) lic_core INFO    (1) checking out 'jasper_fpv' ...
2026-02-23 12:29:23.102312 (121785) lic_core INFO    ... (1) checkout failed (error: -5) ("FLEXnet ERROR(-5, 0, 0): No such feature exists.")
2026-02-23 12:29:23.102338 (121785) lic_core INFO    (2) checking out 'jasper_fao' ...
2026-02-23 12:29:23.111412 (121785) lic_core INFO    ... (2) checkout succeeded
2026-02-23 12:29:23.129063 (121785) session_ INFO    Starting analysis session with session id 'session_0' (launcher: <local>) ...
2026-02-23 12:29:23.132791 (121785) session_ INFO    Analysis session with session id 'session_0' started (pid: 121836)
2026-02-23 12:29:23.916367 (121785) session_ INFO    Analysis session 'session_0' connected to the console (host: 127.0.0.1:39038)
2026-02-23 12:29:24.766939 (121785) main____ INFO    About to exit: request to exit with status 1 received from analysis session 'session_0'
2026-02-23 12:29:24.813583 (121785) session_ INFO    Analysis session 'session_0' disconnected.
2026-02-23 12:29:24.813692 (121785) lic__man INFO    Unclaim everything for 'session_0'.
2026-02-23 12:29:24.814961 (121785) session_ INFO    Process for analysis session 'session_0' has exited with exit status '1'.
2026-02-23 12:29:26.785194 (121785) lic_core INFO    (2) checkin jasper_fao
2026-02-23 12:29:26.786651 (121785) main____ INFO    Exiting with status 1.
