2026-02-23 12:50:34.432103 (1558303) main____ INFO    ----------------------------------------
2026-02-23 12:50:34.432181 (1558303) main____ INFO    JasperGold version info
2026-02-23 12:50:34.432193 (1558303) main____ INFO      tool      : JasperGold 2021.03
2026-02-23 12:50:34.432201 (1558303) main____ INFO      version   : 2021.03 FCS 64 bits
2026-02-23 12:50:34.432207 (1558303) main____ INFO      build date: 2021.03.23 02:50:43 UTC
2026-02-23 12:50:34.432212 (1558303) main____ INFO    ----------------------------------------
2026-02-23 12:50:34.432216 (1558303) main____ INFO    Runtime info:
2026-02-23 12:50:34.432222 (1558303) main____ INFO      platform  : Linux 5.14.0-570.84.1.el9_6.x86_64 x86_64
2026-02-23 12:50:34.432238 (1558303) main____ INFO      hostname  : della-h14n7
2026-02-23 12:50:34.432244 (1558303) main____ INFO      pid       : 1558303
2026-02-23 12:50:34.432249 (1558303) main____ INFO      arguments : '-style' 'windows' '-batch' '-proj' './verification_results/00269/jgproject' '-tcl' './jasper_verif_check.tcl'
2026-02-23 12:50:34.432257 (1558303) main____ INFO      locale    : UTF-8
2026-02-23 12:50:34.432262 (1558303) main____ INFO    ----------------------------------------
2026-02-23 12:50:34.432267 (1558303) main____ INFO    System resource limits info:
2026-02-23 12:50:34.432272 (1558303) main____ INFO      virtual memory: unlimited
2026-02-23 12:50:34.432276 (1558303) main____ INFO      cpu time      : unlimited
2026-02-23 12:50:34.432281 (1558303) main____ INFO      stack size    : unlimited
2026-02-23 12:50:34.432286 (1558303) main____ INFO      core file size: unlimited
2026-02-23 12:50:34.432293 (1558303) main____ INFO      open files    : 131072
2026-02-23 12:50:34.432298 (1558303) main____ INFO      file size     : unlimited
2026-02-23 12:50:34.432303 (1558303) main____ INFO    ----------------------------------------
2026-02-23 12:50:34.432307 (1558303) main____ INFO    Memory statistics:
2026-02-23 12:50:34.432313 (1558303) main____ INFO      total physical memory  : 1584164356 kB
2026-02-23 12:50:34.432318 (1558303) main____ INFO      free physical memory   : 838833104 kB
2026-02-23 12:50:34.432323 (1558303) main____ INFO      committed address space: 581626932 kB
2026-02-23 12:50:34.432328 (1558303) main____ INFO    ----------------------------------------
2026-02-23 12:50:34.432858 (1558303) main____ INFO    Important environment variables:
2026-02-23 12:50:34.432875 (1558303) main____ INFO      JASPER_HOME       : '/usr/licensed/cadence-20210126/jasper_2021.03'
2026-02-23 12:50:34.432882 (1558303) main____ INFO      JASPER_INSTALL_DIR: '/scratch/gpfs/LICENSED/x86_64/cadence-20210126/jasper_2021.03'
2026-02-23 12:50:34.432888 (1558303) main____ INFO      LANG              : 'en_US.UTF-8'
2026-02-23 12:50:34.432893 (1558303) main____ INFO      LM_LICENSE_FILE   : '5280@license.rc.princeton.edu'
2026-02-23 12:50:34.432898 (1558303) main____ INFO      TMPDIR            : '/tmp/ab2113/jg_5017405_114'
2026-02-23 12:50:34.432903 (1558303) main____ INFO    ----------------------------------------
2026-02-23 12:50:34.435176 (1558303) lic_core INFO    Initializing license system ...
2026-02-23 12:50:34.437981 (1558303) lic_core INFO    ... license system initialized.
2026-02-23 12:50:34.439141 (1558303) lic__man INFO    Claim 'fpv' for <ui>.
2026-02-23 12:50:34.439201 (1558303) lic_core INFO    (1) checking out 'jasper_fpv' ...
2026-02-23 12:50:34.445592 (1558303) lic_core INFO    ... (1) checkout failed (error: -5) ("FLEXnet ERROR(-5, 0, 0): No such feature exists.")
2026-02-23 12:50:34.445621 (1558303) lic_core INFO    (2) checking out 'jasper_fao' ...
2026-02-23 12:50:34.454811 (1558303) lic_core INFO    ... (2) checkout succeeded
2026-02-23 12:50:34.470276 (1558303) session_ INFO    Starting analysis session with session id 'session_0' (launcher: <local>) ...
2026-02-23 12:50:34.472934 (1558303) session_ INFO    Analysis session with session id 'session_0' started (pid: 1558381)
2026-02-23 12:50:35.274767 (1558303) session_ INFO    Analysis session 'session_0' connected to the console (host: 127.0.0.1:48780)
2026-02-23 12:50:35.838336 (1558303) main____ INFO    About to exit: request to exit with status 1 received from analysis session 'session_0'
2026-02-23 12:50:35.911461 (1558303) session_ INFO    Analysis session 'session_0' disconnected.
2026-02-23 12:50:35.911632 (1558303) lic__man INFO    Unclaim everything for 'session_0'.
2026-02-23 12:50:35.912869 (1558303) session_ INFO    Process for analysis session 'session_0' has exited with exit status '1'.
2026-02-23 12:50:37.947732 (1558303) lic_core INFO    (2) checkin jasper_fao
2026-02-23 12:50:37.949172 (1558303) main____ INFO    Exiting with status 1.
