2026-02-23 13:47:13.203393 (935613) main____ INFO    ----------------------------------------
2026-02-23 13:47:13.203462 (935613) main____ INFO    JasperGold version info
2026-02-23 13:47:13.203478 (935613) main____ INFO      tool      : JasperGold 2021.03
2026-02-23 13:47:13.203486 (935613) main____ INFO      version   : 2021.03 FCS 64 bits
2026-02-23 13:47:13.203491 (935613) main____ INFO      build date: 2021.03.23 02:50:43 UTC
2026-02-23 13:47:13.203495 (935613) main____ INFO    ----------------------------------------
2026-02-23 13:47:13.203498 (935613) main____ INFO    Runtime info:
2026-02-23 13:47:13.203502 (935613) main____ INFO      platform  : Linux 5.14.0-570.84.1.el9_6.x86_64 x86_64
2026-02-23 13:47:13.203508 (935613) main____ INFO      hostname  : della-i13n12
2026-02-23 13:47:13.203512 (935613) main____ INFO      pid       : 935613
2026-02-23 13:47:13.203516 (935613) main____ INFO      arguments : '-style' 'windows' '-batch' '-proj' './verification_results/02162/jgproject' '-tcl' './jasper_verif_check.tcl'
2026-02-23 13:47:13.203523 (935613) main____ INFO      locale    : UTF-8
2026-02-23 13:47:13.203527 (935613) main____ INFO    ----------------------------------------
2026-02-23 13:47:13.203530 (935613) main____ INFO    System resource limits info:
2026-02-23 13:47:13.203534 (935613) main____ INFO      virtual memory: unlimited
2026-02-23 13:47:13.203538 (935613) main____ INFO      cpu time      : unlimited
2026-02-23 13:47:13.203542 (935613) main____ INFO      stack size    : unlimited
2026-02-23 13:47:13.203546 (935613) main____ INFO      core file size: unlimited
2026-02-23 13:47:13.203552 (935613) main____ INFO      open files    : 131072
2026-02-23 13:47:13.203556 (935613) main____ INFO      file size     : unlimited
2026-02-23 13:47:13.203559 (935613) main____ INFO    ----------------------------------------
2026-02-23 13:47:13.203563 (935613) main____ INFO    Memory statistics:
2026-02-23 13:47:13.203567 (935613) main____ INFO      total physical memory  : 394157548 kB
2026-02-23 13:47:13.203571 (935613) main____ INFO      free physical memory   : 227726544 kB
2026-02-23 13:47:13.203574 (935613) main____ INFO      committed address space: 109456140 kB
2026-02-23 13:47:13.203578 (935613) main____ INFO    ----------------------------------------
2026-02-23 13:47:13.204447 (935613) main____ INFO    Important environment variables:
2026-02-23 13:47:13.204461 (935613) main____ INFO      JASPER_HOME       : '/usr/licensed/cadence-20210126/jasper_2021.03'
2026-02-23 13:47:13.204467 (935613) main____ INFO      JASPER_INSTALL_DIR: '/scratch/gpfs/LICENSED/x86_64/cadence-20210126/jasper_2021.03'
2026-02-23 13:47:13.204472 (935613) main____ INFO      LANG              : 'en_US.UTF-8'
2026-02-23 13:47:13.204476 (935613) main____ INFO      LM_LICENSE_FILE   : '5280@license.rc.princeton.edu'
2026-02-23 13:47:13.204481 (935613) main____ INFO      TMPDIR            : '/tmp/ab2113/jg_5018894_35'
2026-02-23 13:47:13.204484 (935613) main____ INFO    ----------------------------------------
2026-02-23 13:47:13.205248 (935613) lic_core INFO    Initializing license system ...
2026-02-23 13:47:13.205984 (935613) lic_core INFO    ... license system initialized.
2026-02-23 13:47:13.206642 (935613) lic__man INFO    Claim 'fpv' for <ui>.
2026-02-23 13:47:13.206674 (935613) lic_core INFO    (1) checking out 'jasper_fpv' ...
2026-02-23 13:47:13.211568 (935613) lic_core INFO    ... (1) checkout failed (error: -5) ("FLEXnet ERROR(-5, 0, 0): No such feature exists.")
2026-02-23 13:47:13.211596 (935613) lic_core INFO    (2) checking out 'jasper_fao' ...
2026-02-23 13:47:13.221696 (935613) lic_core INFO    ... (2) checkout succeeded
2026-02-23 13:47:13.234887 (935613) session_ INFO    Starting analysis session with session id 'session_0' (launcher: <local>) ...
2026-02-23 13:47:13.237484 (935613) session_ INFO    Analysis session with session id 'session_0' started (pid: 935621)
2026-02-23 13:47:13.849962 (935613) session_ INFO    Analysis session 'session_0' connected to the console (host: 127.0.0.1:52580)
2026-02-23 13:47:14.666783 (935613) lic__man INFO    Unclaim everything for 'session_0'.
2026-02-23 13:47:14.706387 (935613) lic__man INFO    Claim 'fpv' for 'session_0'.
2026-02-23 13:47:14.706421 (935613) lic__man INFO    Claim 'fpv' for 'session_0/prove-0'.
2026-02-23 13:47:14.828019 (935613) lic__man INFO    Unclaim everything for 'session_0/prove-0'.
2026-02-23 13:47:14.884182 (935613) main____ INFO    About to exit: request to exit with status 0 received from analysis session 'session_0'
2026-02-23 13:47:14.963091 (935613) session_ INFO    Analysis session 'session_0' disconnected.
2026-02-23 13:47:14.963196 (935613) lic__man INFO    Unclaim everything for 'session_0'.
2026-02-23 13:47:14.963740 (935613) session_ INFO    Process for analysis session 'session_0' has exited with exit status '0'.
2026-02-23 13:47:16.992984 (935613) lic_core INFO    (2) checkin jasper_fao
2026-02-23 13:47:16.994488 (935613) main____ INFO    Exiting with status 0.
