2026-02-23 11:52:42.587907 (3557249) main____ INFO    ----------------------------------------
2026-02-23 11:52:42.588038 (3557249) main____ INFO    JasperGold version info
2026-02-23 11:52:42.588059 (3557249) main____ INFO      tool      : JasperGold 2021.03
2026-02-23 11:52:42.588069 (3557249) main____ INFO      version   : 2021.03 FCS 64 bits
2026-02-23 11:52:42.588076 (3557249) main____ INFO      build date: 2021.03.23 02:50:43 UTC
2026-02-23 11:52:42.588081 (3557249) main____ INFO    ----------------------------------------
2026-02-23 11:52:42.588085 (3557249) main____ INFO    Runtime info:
2026-02-23 11:52:42.588090 (3557249) main____ INFO      platform  : Linux 5.14.0-570.84.1.el9_6.x86_64 x86_64
2026-02-23 11:52:42.588096 (3557249) main____ INFO      hostname  : della-r3c3n5
2026-02-23 11:52:42.588102 (3557249) main____ INFO      pid       : 3557249
2026-02-23 11:52:42.588106 (3557249) main____ INFO      arguments : '-style' 'windows' '-batch' '-proj' './verification_results/00028/jgproject' '-tcl' './jasper_verif_check.tcl'
2026-02-23 11:52:42.588115 (3557249) main____ INFO      locale    : UTF-8
2026-02-23 11:52:42.588119 (3557249) main____ INFO    ----------------------------------------
2026-02-23 11:52:42.588123 (3557249) main____ INFO    System resource limits info:
2026-02-23 11:52:42.588128 (3557249) main____ INFO      virtual memory: unlimited
2026-02-23 11:52:42.588133 (3557249) main____ INFO      cpu time      : unlimited
2026-02-23 11:52:42.588138 (3557249) main____ INFO      stack size    : unlimited
2026-02-23 11:52:42.588143 (3557249) main____ INFO      core file size: unlimited
2026-02-23 11:52:42.588151 (3557249) main____ INFO      open files    : 131072
2026-02-23 11:52:42.588155 (3557249) main____ INFO      file size     : unlimited
2026-02-23 11:52:42.588160 (3557249) main____ INFO    ----------------------------------------
2026-02-23 11:52:42.588164 (3557249) main____ INFO    Memory statistics:
2026-02-23 11:52:42.588169 (3557249) main____ INFO      total physical memory  : 195972172 kB
2026-02-23 11:52:42.588173 (3557249) main____ INFO      free physical memory   : 99293628 kB
2026-02-23 11:52:42.588177 (3557249) main____ INFO      committed address space: 73656408 kB
2026-02-23 11:52:42.588182 (3557249) main____ INFO    ----------------------------------------
2026-02-23 11:52:42.589233 (3557249) main____ INFO    Important environment variables:
2026-02-23 11:52:42.589274 (3557249) main____ INFO      JASPER_HOME       : '/usr/licensed/cadence-20210126/jasper_2021.03'
2026-02-23 11:52:42.589282 (3557249) main____ INFO      JASPER_INSTALL_DIR: '/scratch/gpfs/LICENSED/x86_64/cadence-20210126/jasper_2021.03'
2026-02-23 11:52:42.589288 (3557249) main____ INFO      LANG              : 'en_US.UTF-8'
2026-02-23 11:52:42.589293 (3557249) main____ INFO      LM_LICENSE_FILE   : '5280@license.rc.princeton.edu'
2026-02-23 11:52:42.589299 (3557249) main____ INFO      TMPDIR            : '/tmp/ab2113/jg_5015490_29'
2026-02-23 11:52:42.589304 (3557249) main____ INFO    ----------------------------------------
2026-02-23 11:52:42.591521 (3557249) lic_core INFO    Initializing license system ...
2026-02-23 11:52:42.595054 (3557249) lic_core INFO    ... license system initialized.
2026-02-23 11:52:42.596403 (3557249) lic__man INFO    Claim 'fpv' for <ui>.
2026-02-23 11:52:42.596494 (3557249) lic_core INFO    (1) checking out 'jasper_fpv' ...
2026-02-23 11:52:42.603074 (3557249) lic_core INFO    ... (1) checkout failed (error: -5) ("FLEXnet ERROR(-5, 0, 0): No such feature exists.")
2026-02-23 11:52:42.603146 (3557249) lic_core INFO    (2) checking out 'jasper_fao' ...
2026-02-23 11:52:42.614757 (3557249) lic_core INFO    ... (2) checkout succeeded
2026-02-23 11:52:42.641926 (3557249) session_ INFO    Starting analysis session with session id 'session_0' (launcher: <local>) ...
2026-02-23 11:52:42.645299 (3557249) session_ INFO    Analysis session with session id 'session_0' started (pid: 3557257)
2026-02-23 11:52:43.646781 (3557249) session_ INFO    Analysis session 'session_0' connected to the console (host: 127.0.0.1:48990)
2026-02-23 11:52:44.314376 (3557249) main____ INFO    About to exit: request to exit with status 1 received from analysis session 'session_0'
2026-02-23 11:52:44.398631 (3557249) session_ INFO    Analysis session 'session_0' disconnected.
2026-02-23 11:52:44.399511 (3557249) lic__man INFO    Unclaim everything for 'session_0'.
2026-02-23 11:52:44.399799 (3557249) session_ INFO    Process for analysis session 'session_0' has exited with exit status '1'.
2026-02-23 11:52:46.415149 (3557249) lic_core INFO    (2) checkin jasper_fao
2026-02-23 11:52:46.416899 (3557249) main____ INFO    Exiting with status 1.
