2026-02-23 13:57:46.583901 (2564286) main____ INFO    ----------------------------------------
2026-02-23 13:57:46.583970 (2564286) main____ INFO    JasperGold version info
2026-02-23 13:57:46.583985 (2564286) main____ INFO      tool      : JasperGold 2021.03
2026-02-23 13:57:46.583992 (2564286) main____ INFO      version   : 2021.03 FCS 64 bits
2026-02-23 13:57:46.583997 (2564286) main____ INFO      build date: 2021.03.23 02:50:43 UTC
2026-02-23 13:57:46.584001 (2564286) main____ INFO    ----------------------------------------
2026-02-23 13:57:46.584004 (2564286) main____ INFO    Runtime info:
2026-02-23 13:57:46.584008 (2564286) main____ INFO      platform  : Linux 5.14.0-570.84.1.el9_6.x86_64 x86_64
2026-02-23 13:57:46.584017 (2564286) main____ INFO      hostname  : della-i13n7
2026-02-23 13:57:46.584021 (2564286) main____ INFO      pid       : 2564286
2026-02-23 13:57:46.584025 (2564286) main____ INFO      arguments : '-style' 'windows' '-batch' '-proj' './verification_results/04478/jgproject' '-tcl' './jasper_verif_check.tcl'
2026-02-23 13:57:46.584033 (2564286) main____ INFO      locale    : UTF-8
2026-02-23 13:57:46.584036 (2564286) main____ INFO    ----------------------------------------
2026-02-23 13:57:46.584040 (2564286) main____ INFO    System resource limits info:
2026-02-23 13:57:46.584044 (2564286) main____ INFO      virtual memory: unlimited
2026-02-23 13:57:46.584048 (2564286) main____ INFO      cpu time      : unlimited
2026-02-23 13:57:46.584052 (2564286) main____ INFO      stack size    : unlimited
2026-02-23 13:57:46.584056 (2564286) main____ INFO      core file size: unlimited
2026-02-23 13:57:46.584062 (2564286) main____ INFO      open files    : 131072
2026-02-23 13:57:46.584066 (2564286) main____ INFO      file size     : unlimited
2026-02-23 13:57:46.584070 (2564286) main____ INFO    ----------------------------------------
2026-02-23 13:57:46.584073 (2564286) main____ INFO    Memory statistics:
2026-02-23 13:57:46.584077 (2564286) main____ INFO      total physical memory  : 394157548 kB
2026-02-23 13:57:46.584081 (2564286) main____ INFO      free physical memory   : 124238904 kB
2026-02-23 13:57:46.584085 (2564286) main____ INFO      committed address space: 104011484 kB
2026-02-23 13:57:46.584088 (2564286) main____ INFO    ----------------------------------------
2026-02-23 13:57:46.584956 (2564286) main____ INFO    Important environment variables:
2026-02-23 13:57:46.584969 (2564286) main____ INFO      JASPER_HOME       : '/usr/licensed/cadence-20210126/jasper_2021.03'
2026-02-23 13:57:46.584974 (2564286) main____ INFO      JASPER_INSTALL_DIR: '/scratch/gpfs/LICENSED/x86_64/cadence-20210126/jasper_2021.03'
2026-02-23 13:57:46.584979 (2564286) main____ INFO      LANG              : 'en_US.UTF-8'
2026-02-23 13:57:46.584983 (2564286) main____ INFO      LM_LICENSE_FILE   : '5280@license.rc.princeton.edu'
2026-02-23 13:57:46.584988 (2564286) main____ INFO      TMPDIR            : '/tmp/ab2113/jg_5019150_82'
2026-02-23 13:57:46.584992 (2564286) main____ INFO    ----------------------------------------
2026-02-23 13:57:46.585373 (2564286) lic_core INFO    Initializing license system ...
2026-02-23 13:57:46.586125 (2564286) lic_core INFO    ... license system initialized.
2026-02-23 13:57:46.586833 (2564286) lic__man INFO    Claim 'fpv' for <ui>.
2026-02-23 13:57:46.586869 (2564286) lic_core INFO    (1) checking out 'jasper_fpv' ...
2026-02-23 13:57:46.592600 (2564286) lic_core INFO    ... (1) checkout failed (error: -5) ("FLEXnet ERROR(-5, 0, 0): No such feature exists.")
2026-02-23 13:57:46.592627 (2564286) lic_core INFO    (2) checking out 'jasper_fao' ...
2026-02-23 13:57:46.602410 (2564286) lic_core INFO    ... (2) checkout succeeded
2026-02-23 13:57:46.615377 (2564286) session_ INFO    Starting analysis session with session id 'session_0' (launcher: <local>) ...
2026-02-23 13:57:46.618716 (2564286) session_ INFO    Analysis session with session id 'session_0' started (pid: 2564294)
2026-02-23 13:57:47.257856 (2564286) session_ INFO    Analysis session 'session_0' connected to the console (host: 127.0.0.1:60634)
2026-02-23 13:57:47.792058 (2564286) main____ INFO    About to exit: request to exit with status 1 received from analysis session 'session_0'
2026-02-23 13:57:47.859544 (2564286) session_ INFO    Analysis session 'session_0' disconnected.
2026-02-23 13:57:47.859662 (2564286) lic__man INFO    Unclaim everything for 'session_0'.
2026-02-23 13:57:47.860239 (2564286) session_ INFO    Process for analysis session 'session_0' has exited with exit status '1'.
2026-02-23 13:57:49.862537 (2564286) lic_core INFO    (2) checkin jasper_fao
2026-02-23 13:57:49.864053 (2564286) main____ INFO    Exiting with status 1.
