2026-02-23 12:41:40.789802 (1538314) main____ INFO    ----------------------------------------
2026-02-23 12:41:40.789908 (1538314) main____ INFO    JasperGold version info
2026-02-23 12:41:40.789927 (1538314) main____ INFO      tool      : JasperGold 2021.03
2026-02-23 12:41:40.789938 (1538314) main____ INFO      version   : 2021.03 FCS 64 bits
2026-02-23 12:41:40.789944 (1538314) main____ INFO      build date: 2021.03.23 02:50:43 UTC
2026-02-23 12:41:40.789949 (1538314) main____ INFO    ----------------------------------------
2026-02-23 12:41:40.789954 (1538314) main____ INFO    Runtime info:
2026-02-23 12:41:40.789960 (1538314) main____ INFO      platform  : Linux 5.14.0-570.84.1.el9_6.x86_64 x86_64
2026-02-23 12:41:40.789966 (1538314) main____ INFO      hostname  : della-h14n7
2026-02-23 12:41:40.789972 (1538314) main____ INFO      pid       : 1538314
2026-02-23 12:41:40.789977 (1538314) main____ INFO      arguments : '-style' 'windows' '-batch' '-proj' './verification_results/00221/jgproject' '-tcl' './jasper_verif_check.tcl'
2026-02-23 12:41:40.789985 (1538314) main____ INFO      locale    : UTF-8
2026-02-23 12:41:40.789990 (1538314) main____ INFO    ----------------------------------------
2026-02-23 12:41:40.789995 (1538314) main____ INFO    System resource limits info:
2026-02-23 12:41:40.790000 (1538314) main____ INFO      virtual memory: unlimited
2026-02-23 12:41:40.790005 (1538314) main____ INFO      cpu time      : unlimited
2026-02-23 12:41:40.790010 (1538314) main____ INFO      stack size    : unlimited
2026-02-23 12:41:40.790015 (1538314) main____ INFO      core file size: unlimited
2026-02-23 12:41:40.790023 (1538314) main____ INFO      open files    : 131072
2026-02-23 12:41:40.790029 (1538314) main____ INFO      file size     : unlimited
2026-02-23 12:41:40.790034 (1538314) main____ INFO    ----------------------------------------
2026-02-23 12:41:40.790039 (1538314) main____ INFO    Memory statistics:
2026-02-23 12:41:40.790045 (1538314) main____ INFO      total physical memory  : 1584164356 kB
2026-02-23 12:41:40.790050 (1538314) main____ INFO      free physical memory   : 840203176 kB
2026-02-23 12:41:40.790055 (1538314) main____ INFO      committed address space: 580920252 kB
2026-02-23 12:41:40.790060 (1538314) main____ INFO    ----------------------------------------
2026-02-23 12:41:40.790640 (1538314) main____ INFO    Important environment variables:
2026-02-23 12:41:40.790662 (1538314) main____ INFO      JASPER_HOME       : '/usr/licensed/cadence-20210126/jasper_2021.03'
2026-02-23 12:41:40.790669 (1538314) main____ INFO      JASPER_INSTALL_DIR: '/scratch/gpfs/LICENSED/x86_64/cadence-20210126/jasper_2021.03'
2026-02-23 12:41:40.790675 (1538314) main____ INFO      LANG              : 'en_US.UTF-8'
2026-02-23 12:41:40.790681 (1538314) main____ INFO      LM_LICENSE_FILE   : '5280@license.rc.princeton.edu'
2026-02-23 12:41:40.790687 (1538314) main____ INFO      TMPDIR            : '/tmp/ab2113/jg_5017223_76'
2026-02-23 12:41:40.790693 (1538314) main____ INFO    ----------------------------------------
2026-02-23 12:41:40.793318 (1538314) lic_core INFO    Initializing license system ...
2026-02-23 12:41:40.796772 (1538314) lic_core INFO    ... license system initialized.
2026-02-23 12:41:40.798048 (1538314) lic__man INFO    Claim 'fpv' for <ui>.
2026-02-23 12:41:40.798113 (1538314) lic_core INFO    (1) checking out 'jasper_fpv' ...
2026-02-23 12:41:40.803714 (1538314) lic_core INFO    ... (1) checkout failed (error: -5) ("FLEXnet ERROR(-5, 0, 0): No such feature exists.")
2026-02-23 12:41:40.803751 (1538314) lic_core INFO    (2) checking out 'jasper_fao' ...
2026-02-23 12:41:40.812855 (1538314) lic_core INFO    ... (2) checkout succeeded
2026-02-23 12:41:40.831736 (1538314) session_ INFO    Starting analysis session with session id 'session_0' (launcher: <local>) ...
2026-02-23 12:41:40.834677 (1538314) session_ INFO    Analysis session with session id 'session_0' started (pid: 1538357)
2026-02-23 12:41:41.674429 (1538314) session_ INFO    Analysis session 'session_0' connected to the console (host: 127.0.0.1:40660)
2026-02-23 12:41:42.534237 (1538314) lic__man INFO    Unclaim everything for 'session_0'.
2026-02-23 12:41:42.614478 (1538314) main____ INFO    About to exit: request to exit with status 3 received from analysis session 'session_0'
2026-02-23 12:41:42.683242 (1538314) session_ INFO    Analysis session 'session_0' disconnected.
2026-02-23 12:41:42.685182 (1538314) lic__man INFO    Unclaim everything for 'session_0'.
2026-02-23 12:41:42.686084 (1538314) session_ INFO    Process for analysis session 'session_0' has exited with exit status '3'.
2026-02-23 12:41:44.584535 (1538314) lic_core INFO    (2) checkin jasper_fao
2026-02-23 12:41:44.586161 (1538314) main____ INFO    Exiting with status 3.
