2026-02-23 13:52:52.711665 (157619) main____ INFO    ----------------------------------------
2026-02-23 13:52:52.711747 (157619) main____ INFO    JasperGold version info
2026-02-23 13:52:52.711764 (157619) main____ INFO      tool      : JasperGold 2021.03
2026-02-23 13:52:52.711772 (157619) main____ INFO      version   : 2021.03 FCS 64 bits
2026-02-23 13:52:52.711778 (157619) main____ INFO      build date: 2021.03.23 02:50:43 UTC
2026-02-23 13:52:52.711784 (157619) main____ INFO    ----------------------------------------
2026-02-23 13:52:52.711788 (157619) main____ INFO    Runtime info:
2026-02-23 13:52:52.711794 (157619) main____ INFO      platform  : Linux 5.14.0-570.84.1.el9_6.x86_64 x86_64
2026-02-23 13:52:52.711800 (157619) main____ INFO      hostname  : della-h14n2
2026-02-23 13:52:52.711806 (157619) main____ INFO      pid       : 157619
2026-02-23 13:52:52.711818 (157619) main____ INFO      arguments : '-style' 'windows' '-batch' '-proj' './verification_results/03679/jgproject' '-tcl' './jasper_verif_check.tcl'
2026-02-23 13:52:52.711828 (157619) main____ INFO      locale    : UTF-8
2026-02-23 13:52:52.711833 (157619) main____ INFO    ----------------------------------------
2026-02-23 13:52:52.711839 (157619) main____ INFO    System resource limits info:
2026-02-23 13:52:52.711844 (157619) main____ INFO      virtual memory: unlimited
2026-02-23 13:52:52.711849 (157619) main____ INFO      cpu time      : unlimited
2026-02-23 13:52:52.711854 (157619) main____ INFO      stack size    : unlimited
2026-02-23 13:52:52.711860 (157619) main____ INFO      core file size: unlimited
2026-02-23 13:52:52.711868 (157619) main____ INFO      open files    : 131072
2026-02-23 13:52:52.711874 (157619) main____ INFO      file size     : unlimited
2026-02-23 13:52:52.711880 (157619) main____ INFO    ----------------------------------------
2026-02-23 13:52:52.711886 (157619) main____ INFO    Memory statistics:
2026-02-23 13:52:52.711892 (157619) main____ INFO      total physical memory  : 1584164328 kB
2026-02-23 13:52:52.711897 (157619) main____ INFO      free physical memory   : 739850672 kB
2026-02-23 13:52:52.711902 (157619) main____ INFO      committed address space: 681842200 kB
2026-02-23 13:52:52.711906 (157619) main____ INFO    ----------------------------------------
2026-02-23 13:52:52.712428 (157619) main____ INFO    Important environment variables:
2026-02-23 13:52:52.712443 (157619) main____ INFO      JASPER_HOME       : '/usr/licensed/cadence-20210126/jasper_2021.03'
2026-02-23 13:52:52.712450 (157619) main____ INFO      JASPER_INSTALL_DIR: '/scratch/gpfs/LICENSED/x86_64/cadence-20210126/jasper_2021.03'
2026-02-23 13:52:52.712457 (157619) main____ INFO      LANG              : 'en_US.UTF-8'
2026-02-23 13:52:52.712463 (157619) main____ INFO      LM_LICENSE_FILE   : '5280@license.rc.princeton.edu'
2026-02-23 13:52:52.712470 (157619) main____ INFO      TMPDIR            : '/tmp/ab2113/jg_5019053_66'
2026-02-23 13:52:52.712475 (157619) main____ INFO    ----------------------------------------
2026-02-23 13:52:52.712981 (157619) lic_core INFO    Initializing license system ...
2026-02-23 13:52:52.713543 (157619) lic_core INFO    ... license system initialized.
2026-02-23 13:52:52.714316 (157619) lic__man INFO    Claim 'fpv' for <ui>.
2026-02-23 13:52:52.714353 (157619) lic_core INFO    (1) checking out 'jasper_fpv' ...
2026-02-23 13:52:52.720221 (157619) lic_core INFO    ... (1) checkout failed (error: -5) ("FLEXnet ERROR(-5, 0, 0): No such feature exists.")
2026-02-23 13:52:52.720279 (157619) lic_core INFO    (2) checking out 'jasper_fao' ...
2026-02-23 13:52:52.729356 (157619) lic_core INFO    ... (2) checkout succeeded
2026-02-23 13:52:52.741191 (157619) session_ INFO    Starting analysis session with session id 'session_0' (launcher: <local>) ...
2026-02-23 13:52:52.744465 (157619) session_ INFO    Analysis session with session id 'session_0' started (pid: 157627)
2026-02-23 13:52:53.396267 (157619) session_ INFO    Analysis session 'session_0' connected to the console (host: 127.0.0.1:34120)
2026-02-23 13:52:53.962908 (157619) main____ INFO    About to exit: request to exit with status 1 received from analysis session 'session_0'
2026-02-23 13:52:54.015151 (157619) session_ INFO    Analysis session 'session_0' disconnected.
2026-02-23 13:52:54.015293 (157619) lic__man INFO    Unclaim everything for 'session_0'.
2026-02-23 13:52:54.016022 (157619) session_ INFO    Process for analysis session 'session_0' has exited with exit status '1'.
2026-02-23 13:52:55.966620 (157619) lic_core INFO    (2) checkin jasper_fao
2026-02-23 13:52:55.967862 (157619) main____ INFO    Exiting with status 1.
