2026-02-23 13:41:28.845997 (1374393) main____ INFO    ----------------------------------------
2026-02-23 13:41:28.846116 (1374393) main____ INFO    JasperGold version info
2026-02-23 13:41:28.846135 (1374393) main____ INFO      tool      : JasperGold 2021.03
2026-02-23 13:41:28.846145 (1374393) main____ INFO      version   : 2021.03 FCS 64 bits
2026-02-23 13:41:28.846151 (1374393) main____ INFO      build date: 2021.03.23 02:50:43 UTC
2026-02-23 13:41:28.846155 (1374393) main____ INFO    ----------------------------------------
2026-02-23 13:41:28.846160 (1374393) main____ INFO    Runtime info:
2026-02-23 13:41:28.846164 (1374393) main____ INFO      platform  : Linux 5.14.0-570.84.1.el9_6.x86_64 x86_64
2026-02-23 13:41:28.846171 (1374393) main____ INFO      hostname  : della-r3c3n3
2026-02-23 13:41:28.846176 (1374393) main____ INFO      pid       : 1374393
2026-02-23 13:41:28.846180 (1374393) main____ INFO      arguments : '-style' 'windows' '-batch' '-proj' './verification_results/00959/jgproject' '-tcl' './jasper_verif_check.tcl'
2026-02-23 13:41:28.846190 (1374393) main____ INFO      locale    : UTF-8
2026-02-23 13:41:28.846195 (1374393) main____ INFO    ----------------------------------------
2026-02-23 13:41:28.846199 (1374393) main____ INFO    System resource limits info:
2026-02-23 13:41:28.846203 (1374393) main____ INFO      virtual memory: unlimited
2026-02-23 13:41:28.846208 (1374393) main____ INFO      cpu time      : unlimited
2026-02-23 13:41:28.846212 (1374393) main____ INFO      stack size    : unlimited
2026-02-23 13:41:28.846217 (1374393) main____ INFO      core file size: unlimited
2026-02-23 13:41:28.846225 (1374393) main____ INFO      open files    : 131072
2026-02-23 13:41:28.846230 (1374393) main____ INFO      file size     : unlimited
2026-02-23 13:41:28.846234 (1374393) main____ INFO    ----------------------------------------
2026-02-23 13:41:28.846238 (1374393) main____ INFO    Memory statistics:
2026-02-23 13:41:28.846243 (1374393) main____ INFO      total physical memory  : 195972168 kB
2026-02-23 13:41:28.846247 (1374393) main____ INFO      free physical memory   : 106566048 kB
2026-02-23 13:41:28.846251 (1374393) main____ INFO      committed address space: 58069580 kB
2026-02-23 13:41:28.846255 (1374393) main____ INFO    ----------------------------------------
2026-02-23 13:41:28.847262 (1374393) main____ INFO    Important environment variables:
2026-02-23 13:41:28.847288 (1374393) main____ INFO      JASPER_HOME       : '/usr/licensed/cadence-20210126/jasper_2021.03'
2026-02-23 13:41:28.847294 (1374393) main____ INFO      JASPER_INSTALL_DIR: '/scratch/gpfs/LICENSED/x86_64/cadence-20210126/jasper_2021.03'
2026-02-23 13:41:28.847300 (1374393) main____ INFO      LANG              : 'en_US.UTF-8'
2026-02-23 13:41:28.847305 (1374393) main____ INFO      LM_LICENSE_FILE   : '5280@license.rc.princeton.edu'
2026-02-23 13:41:28.847311 (1374393) main____ INFO      TMPDIR            : '/tmp/ab2113/jg_5018805_11'
2026-02-23 13:41:28.847315 (1374393) main____ INFO    ----------------------------------------
2026-02-23 13:41:28.848275 (1374393) lic_core INFO    Initializing license system ...
2026-02-23 13:41:28.849220 (1374393) lic_core INFO    ... license system initialized.
2026-02-23 13:41:28.850093 (1374393) lic__man INFO    Claim 'fpv' for <ui>.
2026-02-23 13:41:28.850149 (1374393) lic_core INFO    (1) checking out 'jasper_fpv' ...
2026-02-23 13:41:28.856646 (1374393) lic_core INFO    ... (1) checkout failed (error: -5) ("FLEXnet ERROR(-5, 0, 0): No such feature exists.")
2026-02-23 13:41:28.856709 (1374393) lic_core INFO    (2) checking out 'jasper_fao' ...
2026-02-23 13:41:28.867711 (1374393) lic_core INFO    ... (2) checkout succeeded
2026-02-23 13:41:28.882794 (1374393) session_ INFO    Starting analysis session with session id 'session_0' (launcher: <local>) ...
2026-02-23 13:41:28.886355 (1374393) session_ INFO    Analysis session with session id 'session_0' started (pid: 1374402)
2026-02-23 13:41:29.696194 (1374393) session_ INFO    Analysis session 'session_0' connected to the console (host: 127.0.0.1:56388)
2026-02-23 13:41:30.304542 (1374393) main____ INFO    About to exit: request to exit with status 1 received from analysis session 'session_0'
2026-02-23 13:41:30.464006 (1374393) session_ INFO    Analysis session 'session_0' disconnected.
2026-02-23 13:41:30.464144 (1374393) lic__man INFO    Unclaim everything for 'session_0'.
2026-02-23 13:41:30.464776 (1374393) session_ INFO    Process for analysis session 'session_0' has exited with exit status '1'.
2026-02-23 13:41:32.410632 (1374393) lic_core INFO    (2) checkin jasper_fao
2026-02-23 13:41:32.412144 (1374393) main____ INFO    Exiting with status 1.
