2026-02-23 11:57:37.556359 (1413662) main____ INFO    ----------------------------------------
2026-02-23 11:57:37.556448 (1413662) main____ INFO    JasperGold version info
2026-02-23 11:57:37.556466 (1413662) main____ INFO      tool      : JasperGold 2021.03
2026-02-23 11:57:37.556476 (1413662) main____ INFO      version   : 2021.03 FCS 64 bits
2026-02-23 11:57:37.556483 (1413662) main____ INFO      build date: 2021.03.23 02:50:43 UTC
2026-02-23 11:57:37.556488 (1413662) main____ INFO    ----------------------------------------
2026-02-23 11:57:37.556494 (1413662) main____ INFO    Runtime info:
2026-02-23 11:57:37.556499 (1413662) main____ INFO      platform  : Linux 5.14.0-570.84.1.el9_6.x86_64 x86_64
2026-02-23 11:57:37.556507 (1413662) main____ INFO      hostname  : della-h14n7
2026-02-23 11:57:37.556513 (1413662) main____ INFO      pid       : 1413662
2026-02-23 11:57:37.556519 (1413662) main____ INFO      arguments : '-style' 'windows' '-batch' '-proj' './verification_results/00049/jgproject' '-tcl' './jasper_verif_check.tcl'
2026-02-23 11:57:37.556527 (1413662) main____ INFO      locale    : UTF-8
2026-02-23 11:57:37.556533 (1413662) main____ INFO    ----------------------------------------
2026-02-23 11:57:37.556538 (1413662) main____ INFO    System resource limits info:
2026-02-23 11:57:37.556544 (1413662) main____ INFO      virtual memory: unlimited
2026-02-23 11:57:37.556549 (1413662) main____ INFO      cpu time      : unlimited
2026-02-23 11:57:37.556554 (1413662) main____ INFO      stack size    : unlimited
2026-02-23 11:57:37.556561 (1413662) main____ INFO      core file size: unlimited
2026-02-23 11:57:37.556568 (1413662) main____ INFO      open files    : 131072
2026-02-23 11:57:37.556574 (1413662) main____ INFO      file size     : unlimited
2026-02-23 11:57:37.556579 (1413662) main____ INFO    ----------------------------------------
2026-02-23 11:57:37.556585 (1413662) main____ INFO    Memory statistics:
2026-02-23 11:57:37.556591 (1413662) main____ INFO      total physical memory  : 1584164356 kB
2026-02-23 11:57:37.556596 (1413662) main____ INFO      free physical memory   : 869087440 kB
2026-02-23 11:57:37.556602 (1413662) main____ INFO      committed address space: 594210632 kB
2026-02-23 11:57:37.556607 (1413662) main____ INFO    ----------------------------------------
2026-02-23 11:57:37.557174 (1413662) main____ INFO    Important environment variables:
2026-02-23 11:57:37.557189 (1413662) main____ INFO      JASPER_HOME       : '/usr/licensed/cadence-20210126/jasper_2021.03'
2026-02-23 11:57:37.557197 (1413662) main____ INFO      JASPER_INSTALL_DIR: '/scratch/gpfs/LICENSED/x86_64/cadence-20210126/jasper_2021.03'
2026-02-23 11:57:37.557203 (1413662) main____ INFO      LANG              : 'en_US.UTF-8'
2026-02-23 11:57:37.557211 (1413662) main____ INFO      LM_LICENSE_FILE   : '5280@license.rc.princeton.edu'
2026-02-23 11:57:37.557217 (1413662) main____ INFO      TMPDIR            : '/tmp/ab2113/jg_5015721_50'
2026-02-23 11:57:37.557222 (1413662) main____ INFO    ----------------------------------------
2026-02-23 11:57:37.557763 (1413662) lic_core INFO    Initializing license system ...
2026-02-23 11:57:37.558374 (1413662) lic_core INFO    ... license system initialized.
2026-02-23 11:57:37.559176 (1413662) lic__man INFO    Claim 'fpv' for <ui>.
2026-02-23 11:57:37.559212 (1413662) lic_core INFO    (1) checking out 'jasper_fpv' ...
2026-02-23 11:57:37.566147 (1413662) lic_core INFO    ... (1) checkout failed (error: -5) ("FLEXnet ERROR(-5, 0, 0): No such feature exists.")
2026-02-23 11:57:37.566180 (1413662) lic_core INFO    (2) checking out 'jasper_fao' ...
2026-02-23 11:57:37.575992 (1413662) lic_core INFO    ... (2) checkout succeeded
2026-02-23 11:57:37.587646 (1413662) session_ INFO    Starting analysis session with session id 'session_0' (launcher: <local>) ...
2026-02-23 11:57:37.590451 (1413662) session_ INFO    Analysis session with session id 'session_0' started (pid: 1413698)
2026-02-23 11:57:38.257145 (1413662) session_ INFO    Analysis session 'session_0' connected to the console (host: 127.0.0.1:40528)
2026-02-23 11:57:39.093349 (1413662) main____ INFO    About to exit: request to exit with status 1 received from analysis session 'session_0'
2026-02-23 11:57:39.163794 (1413662) session_ INFO    Analysis session 'session_0' disconnected.
2026-02-23 11:57:39.163986 (1413662) lic__man INFO    Unclaim everything for 'session_0'.
2026-02-23 11:57:39.165347 (1413662) session_ INFO    Process for analysis session 'session_0' has exited with exit status '1'.
2026-02-23 11:57:41.078629 (1413662) lic_core INFO    (2) checkin jasper_fao
2026-02-23 11:57:41.080422 (1413662) main____ INFO    Exiting with status 1.
