2026-02-23 13:51:39.237645 (151467) main____ INFO    ----------------------------------------
2026-02-23 13:51:39.237730 (151467) main____ INFO    JasperGold version info
2026-02-23 13:51:39.237749 (151467) main____ INFO      tool      : JasperGold 2021.03
2026-02-23 13:51:39.237757 (151467) main____ INFO      version   : 2021.03 FCS 64 bits
2026-02-23 13:51:39.237763 (151467) main____ INFO      build date: 2021.03.23 02:50:43 UTC
2026-02-23 13:51:39.237769 (151467) main____ INFO    ----------------------------------------
2026-02-23 13:51:39.237775 (151467) main____ INFO    Runtime info:
2026-02-23 13:51:39.237781 (151467) main____ INFO      platform  : Linux 5.14.0-570.84.1.el9_6.x86_64 x86_64
2026-02-23 13:51:39.237787 (151467) main____ INFO      hostname  : della-h14n2
2026-02-23 13:51:39.237793 (151467) main____ INFO      pid       : 151467
2026-02-23 13:51:39.237799 (151467) main____ INFO      arguments : '-style' 'windows' '-batch' '-proj' './verification_results/02611/jgproject' '-tcl' './jasper_verif_check.tcl'
2026-02-23 13:51:39.237808 (151467) main____ INFO      locale    : UTF-8
2026-02-23 13:51:39.237820 (151467) main____ INFO    ----------------------------------------
2026-02-23 13:51:39.237826 (151467) main____ INFO    System resource limits info:
2026-02-23 13:51:39.237831 (151467) main____ INFO      virtual memory: unlimited
2026-02-23 13:51:39.237835 (151467) main____ INFO      cpu time      : unlimited
2026-02-23 13:51:39.237841 (151467) main____ INFO      stack size    : unlimited
2026-02-23 13:51:39.237847 (151467) main____ INFO      core file size: unlimited
2026-02-23 13:51:39.237855 (151467) main____ INFO      open files    : 131072
2026-02-23 13:51:39.237860 (151467) main____ INFO      file size     : unlimited
2026-02-23 13:51:39.237865 (151467) main____ INFO    ----------------------------------------
2026-02-23 13:51:39.237870 (151467) main____ INFO    Memory statistics:
2026-02-23 13:51:39.237876 (151467) main____ INFO      total physical memory  : 1584164328 kB
2026-02-23 13:51:39.237881 (151467) main____ INFO      free physical memory   : 735104828 kB
2026-02-23 13:51:39.237887 (151467) main____ INFO      committed address space: 687840160 kB
2026-02-23 13:51:39.237891 (151467) main____ INFO    ----------------------------------------
2026-02-23 13:51:39.238429 (151467) main____ INFO    Important environment variables:
2026-02-23 13:51:39.238443 (151467) main____ INFO      JASPER_HOME       : '/usr/licensed/cadence-20210126/jasper_2021.03'
2026-02-23 13:51:39.238450 (151467) main____ INFO      JASPER_INSTALL_DIR: '/scratch/gpfs/LICENSED/x86_64/cadence-20210126/jasper_2021.03'
2026-02-23 13:51:39.238457 (151467) main____ INFO      LANG              : 'en_US.UTF-8'
2026-02-23 13:51:39.238464 (151467) main____ INFO      LM_LICENSE_FILE   : '5280@license.rc.princeton.edu'
2026-02-23 13:51:39.238470 (151467) main____ INFO      TMPDIR            : '/tmp/ab2113/jg_5018922_44'
2026-02-23 13:51:39.238475 (151467) main____ INFO    ----------------------------------------
2026-02-23 13:51:39.239024 (151467) lic_core INFO    Initializing license system ...
2026-02-23 13:51:39.239610 (151467) lic_core INFO    ... license system initialized.
2026-02-23 13:51:39.240435 (151467) lic__man INFO    Claim 'fpv' for <ui>.
2026-02-23 13:51:39.240470 (151467) lic_core INFO    (1) checking out 'jasper_fpv' ...
2026-02-23 13:51:39.246932 (151467) lic_core INFO    ... (1) checkout failed (error: -5) ("FLEXnet ERROR(-5, 0, 0): No such feature exists.")
2026-02-23 13:51:39.246993 (151467) lic_core INFO    (2) checking out 'jasper_fao' ...
2026-02-23 13:51:39.256697 (151467) lic_core INFO    ... (2) checkout succeeded
2026-02-23 13:51:39.269137 (151467) session_ INFO    Starting analysis session with session id 'session_0' (launcher: <local>) ...
2026-02-23 13:51:39.272502 (151467) session_ INFO    Analysis session with session id 'session_0' started (pid: 151487)
2026-02-23 13:51:39.922947 (151467) session_ INFO    Analysis session 'session_0' connected to the console (host: 127.0.0.1:36202)
2026-02-23 13:51:40.723960 (151467) lic__man INFO    Unclaim everything for 'session_0'.
2026-02-23 13:51:40.758196 (151467) lic__man INFO    Claim 'fpv' for 'session_0'.
2026-02-23 13:51:40.758243 (151467) lic__man INFO    Claim 'fpv' for 'session_0/prove-0'.
2026-02-23 13:51:40.938038 (151467) lic__man INFO    Unclaim everything for 'session_0/prove-0'.
2026-02-23 13:51:40.991898 (151467) main____ INFO    About to exit: request to exit with status 0 received from analysis session 'session_0'
2026-02-23 13:51:41.054860 (151467) session_ INFO    Analysis session 'session_0' disconnected.
2026-02-23 13:51:41.055000 (151467) lic__man INFO    Unclaim everything for 'session_0'.
2026-02-23 13:51:41.055634 (151467) session_ INFO    Process for analysis session 'session_0' has exited with exit status '0'.
2026-02-23 13:51:42.969210 (151467) lic_core INFO    (2) checkin jasper_fao
2026-02-23 13:51:42.970847 (151467) main____ INFO    Exiting with status 0.
