2026-02-23 13:42:01.898182 (1139653) main____ INFO    ----------------------------------------
2026-02-23 13:42:01.898290 (1139653) main____ INFO    JasperGold version info
2026-02-23 13:42:01.898308 (1139653) main____ INFO      tool      : JasperGold 2021.03
2026-02-23 13:42:01.898318 (1139653) main____ INFO      version   : 2021.03 FCS 64 bits
2026-02-23 13:42:01.898323 (1139653) main____ INFO      build date: 2021.03.23 02:50:43 UTC
2026-02-23 13:42:01.898327 (1139653) main____ INFO    ----------------------------------------
2026-02-23 13:42:01.898330 (1139653) main____ INFO    Runtime info:
2026-02-23 13:42:01.898335 (1139653) main____ INFO      platform  : Linux 5.14.0-570.84.1.el9_6.x86_64 x86_64
2026-02-23 13:42:01.898340 (1139653) main____ INFO      hostname  : della-i13n20
2026-02-23 13:42:01.898345 (1139653) main____ INFO      pid       : 1139653
2026-02-23 13:42:01.898349 (1139653) main____ INFO      arguments : '-style' 'windows' '-batch' '-proj' './verification_results/01443/jgproject' '-tcl' './jasper_verif_check.tcl'
2026-02-23 13:42:01.898358 (1139653) main____ INFO      locale    : UTF-8
2026-02-23 13:42:01.898362 (1139653) main____ INFO    ----------------------------------------
2026-02-23 13:42:01.898365 (1139653) main____ INFO    System resource limits info:
2026-02-23 13:42:01.898369 (1139653) main____ INFO      virtual memory: unlimited
2026-02-23 13:42:01.898373 (1139653) main____ INFO      cpu time      : unlimited
2026-02-23 13:42:01.898377 (1139653) main____ INFO      stack size    : unlimited
2026-02-23 13:42:01.898381 (1139653) main____ INFO      core file size: unlimited
2026-02-23 13:42:01.898389 (1139653) main____ INFO      open files    : 131072
2026-02-23 13:42:01.898393 (1139653) main____ INFO      file size     : unlimited
2026-02-23 13:42:01.898397 (1139653) main____ INFO    ----------------------------------------
2026-02-23 13:42:01.898400 (1139653) main____ INFO    Memory statistics:
2026-02-23 13:42:01.898404 (1139653) main____ INFO      total physical memory  : 394157552 kB
2026-02-23 13:42:01.898408 (1139653) main____ INFO      free physical memory   : 166963992 kB
2026-02-23 13:42:01.898412 (1139653) main____ INFO      committed address space: 146754676 kB
2026-02-23 13:42:01.898416 (1139653) main____ INFO    ----------------------------------------
2026-02-23 13:42:01.899345 (1139653) main____ INFO    Important environment variables:
2026-02-23 13:42:01.899363 (1139653) main____ INFO      JASPER_HOME       : '/usr/licensed/cadence-20210126/jasper_2021.03'
2026-02-23 13:42:01.899369 (1139653) main____ INFO      JASPER_INSTALL_DIR: '/scratch/gpfs/LICENSED/x86_64/cadence-20210126/jasper_2021.03'
2026-02-23 13:42:01.899374 (1139653) main____ INFO      LANG              : 'en_US.UTF-8'
2026-02-23 13:42:01.899378 (1139653) main____ INFO      LM_LICENSE_FILE   : '5280@license.rc.princeton.edu'
2026-02-23 13:42:01.899383 (1139653) main____ INFO      TMPDIR            : '/tmp/ab2113/jg_5018835_21'
2026-02-23 13:42:01.899387 (1139653) main____ INFO    ----------------------------------------
2026-02-23 13:42:01.899999 (1139653) lic_core INFO    Initializing license system ...
2026-02-23 13:42:01.900519 (1139653) lic_core INFO    ... license system initialized.
2026-02-23 13:42:01.901356 (1139653) lic__man INFO    Claim 'fpv' for <ui>.
2026-02-23 13:42:01.901402 (1139653) lic_core INFO    (1) checking out 'jasper_fpv' ...
2026-02-23 13:42:01.908273 (1139653) lic_core INFO    ... (1) checkout failed (error: -5) ("FLEXnet ERROR(-5, 0, 0): No such feature exists.")
2026-02-23 13:42:01.908336 (1139653) lic_core INFO    (2) checking out 'jasper_fao' ...
2026-02-23 13:42:01.918548 (1139653) lic_core INFO    ... (2) checkout succeeded
2026-02-23 13:42:01.933018 (1139653) session_ INFO    Starting analysis session with session id 'session_0' (launcher: <local>) ...
2026-02-23 13:42:01.936797 (1139653) session_ INFO    Analysis session with session id 'session_0' started (pid: 1139661)
2026-02-23 13:42:02.666228 (1139653) session_ INFO    Analysis session 'session_0' connected to the console (host: 127.0.0.1:46708)
2026-02-23 13:42:03.240230 (1139653) main____ INFO    About to exit: request to exit with status 1 received from analysis session 'session_0'
2026-02-23 13:42:03.327403 (1139653) session_ INFO    Analysis session 'session_0' disconnected.
2026-02-23 13:42:03.327530 (1139653) lic__man INFO    Unclaim everything for 'session_0'.
2026-02-23 13:42:03.328057 (1139653) session_ INFO    Process for analysis session 'session_0' has exited with exit status '1'.
2026-02-23 13:42:05.145154 (1139653) lic_core INFO    (2) checkin jasper_fao
2026-02-23 13:42:05.146675 (1139653) main____ INFO    Exiting with status 1.
