2026-02-23 13:42:30.480163 (2076090) main____ INFO    ----------------------------------------
2026-02-23 13:42:30.480256 (2076090) main____ INFO    JasperGold version info
2026-02-23 13:42:30.480274 (2076090) main____ INFO      tool      : JasperGold 2021.03
2026-02-23 13:42:30.480282 (2076090) main____ INFO      version   : 2021.03 FCS 64 bits
2026-02-23 13:42:30.480288 (2076090) main____ INFO      build date: 2021.03.23 02:50:43 UTC
2026-02-23 13:42:30.480292 (2076090) main____ INFO    ----------------------------------------
2026-02-23 13:42:30.480296 (2076090) main____ INFO    Runtime info:
2026-02-23 13:42:30.480301 (2076090) main____ INFO      platform  : Linux 5.14.0-570.84.1.el9_6.x86_64 x86_64
2026-02-23 13:42:30.480308 (2076090) main____ INFO      hostname  : della-r3c1n15
2026-02-23 13:42:30.480313 (2076090) main____ INFO      pid       : 2076090
2026-02-23 13:42:30.480317 (2076090) main____ INFO      arguments : '-style' 'windows' '-batch' '-proj' './verification_results/01399/jgproject' '-tcl' './jasper_verif_check.tcl'
2026-02-23 13:42:30.480326 (2076090) main____ INFO      locale    : UTF-8
2026-02-23 13:42:30.480331 (2076090) main____ INFO    ----------------------------------------
2026-02-23 13:42:30.480335 (2076090) main____ INFO    System resource limits info:
2026-02-23 13:42:30.480340 (2076090) main____ INFO      virtual memory: unlimited
2026-02-23 13:42:30.480344 (2076090) main____ INFO      cpu time      : unlimited
2026-02-23 13:42:30.480349 (2076090) main____ INFO      stack size    : unlimited
2026-02-23 13:42:30.480354 (2076090) main____ INFO      core file size: unlimited
2026-02-23 13:42:30.480361 (2076090) main____ INFO      open files    : 131072
2026-02-23 13:42:30.480366 (2076090) main____ INFO      file size     : unlimited
2026-02-23 13:42:30.480371 (2076090) main____ INFO    ----------------------------------------
2026-02-23 13:42:30.480376 (2076090) main____ INFO    Memory statistics:
2026-02-23 13:42:30.480381 (2076090) main____ INFO      total physical memory  : 195972072 kB
2026-02-23 13:42:30.480385 (2076090) main____ INFO      free physical memory   : 107097072 kB
2026-02-23 13:42:30.480390 (2076090) main____ INFO      committed address space: 17052432 kB
2026-02-23 13:42:30.480394 (2076090) main____ INFO    ----------------------------------------
2026-02-23 13:42:30.481410 (2076090) main____ INFO    Important environment variables:
2026-02-23 13:42:30.481427 (2076090) main____ INFO      JASPER_HOME       : '/usr/licensed/cadence-20210126/jasper_2021.03'
2026-02-23 13:42:30.481433 (2076090) main____ INFO      JASPER_INSTALL_DIR: '/scratch/gpfs/LICENSED/x86_64/cadence-20210126/jasper_2021.03'
2026-02-23 13:42:30.481439 (2076090) main____ INFO      LANG              : 'en_US.UTF-8'
2026-02-23 13:42:30.481444 (2076090) main____ INFO      LM_LICENSE_FILE   : '5280@license.rc.princeton.edu'
2026-02-23 13:42:30.481449 (2076090) main____ INFO      TMPDIR            : '/tmp/ab2113/jg_5018834_20'
2026-02-23 13:42:30.481453 (2076090) main____ INFO    ----------------------------------------
2026-02-23 13:42:30.482323 (2076090) lic_core INFO    Initializing license system ...
2026-02-23 13:42:30.483164 (2076090) lic_core INFO    ... license system initialized.
2026-02-23 13:42:30.483947 (2076090) lic__man INFO    Claim 'fpv' for <ui>.
2026-02-23 13:42:30.483987 (2076090) lic_core INFO    (1) checking out 'jasper_fpv' ...
2026-02-23 13:42:30.489874 (2076090) lic_core INFO    ... (1) checkout failed (error: -5) ("FLEXnet ERROR(-5, 0, 0): No such feature exists.")
2026-02-23 13:42:30.489908 (2076090) lic_core INFO    (2) checking out 'jasper_fao' ...
2026-02-23 13:42:30.501171 (2076090) lic_core INFO    ... (2) checkout succeeded
2026-02-23 13:42:30.517114 (2076090) session_ INFO    Starting analysis session with session id 'session_0' (launcher: <local>) ...
2026-02-23 13:42:30.520540 (2076090) session_ INFO    Analysis session with session id 'session_0' started (pid: 2076098)
2026-02-23 13:42:31.251470 (2076090) session_ INFO    Analysis session 'session_0' connected to the console (host: 127.0.0.1:39690)
2026-02-23 13:42:31.921320 (2076090) main____ INFO    About to exit: request to exit with status 1 received from analysis session 'session_0'
2026-02-23 13:42:32.004363 (2076090) session_ INFO    Analysis session 'session_0' disconnected.
2026-02-23 13:42:32.004678 (2076090) lic__man INFO    Unclaim everything for 'session_0'.
2026-02-23 13:42:32.005213 (2076090) session_ INFO    Process for analysis session 'session_0' has exited with exit status '1'.
2026-02-23 13:42:33.827339 (2076090) lic_core INFO    (2) checkin jasper_fao
2026-02-23 13:42:33.828540 (2076090) main____ INFO    Exiting with status 1.
