2026-02-23 13:52:38.739072 (942603) main____ INFO    ----------------------------------------
2026-02-23 13:52:38.739158 (942603) main____ INFO    JasperGold version info
2026-02-23 13:52:38.739174 (942603) main____ INFO      tool      : JasperGold 2021.03
2026-02-23 13:52:38.739181 (942603) main____ INFO      version   : 2021.03 FCS 64 bits
2026-02-23 13:52:38.739186 (942603) main____ INFO      build date: 2021.03.23 02:50:43 UTC
2026-02-23 13:52:38.739190 (942603) main____ INFO    ----------------------------------------
2026-02-23 13:52:38.739193 (942603) main____ INFO    Runtime info:
2026-02-23 13:52:38.739197 (942603) main____ INFO      platform  : Linux 5.14.0-570.84.1.el9_6.x86_64 x86_64
2026-02-23 13:52:38.739203 (942603) main____ INFO      hostname  : della-i13n12
2026-02-23 13:52:38.739207 (942603) main____ INFO      pid       : 942603
2026-02-23 13:52:38.739211 (942603) main____ INFO      arguments : '-style' 'windows' '-batch' '-proj' './verification_results/03585/jgproject' '-tcl' './jasper_verif_check.tcl'
2026-02-23 13:52:38.739219 (942603) main____ INFO      locale    : UTF-8
2026-02-23 13:52:38.739222 (942603) main____ INFO    ----------------------------------------
2026-02-23 13:52:38.739226 (942603) main____ INFO    System resource limits info:
2026-02-23 13:52:38.739230 (942603) main____ INFO      virtual memory: unlimited
2026-02-23 13:52:38.739234 (942603) main____ INFO      cpu time      : unlimited
2026-02-23 13:52:38.739238 (942603) main____ INFO      stack size    : unlimited
2026-02-23 13:52:38.739242 (942603) main____ INFO      core file size: unlimited
2026-02-23 13:52:38.739249 (942603) main____ INFO      open files    : 131072
2026-02-23 13:52:38.739253 (942603) main____ INFO      file size     : unlimited
2026-02-23 13:52:38.739256 (942603) main____ INFO    ----------------------------------------
2026-02-23 13:52:38.739260 (942603) main____ INFO    Memory statistics:
2026-02-23 13:52:38.739264 (942603) main____ INFO      total physical memory  : 394157548 kB
2026-02-23 13:52:38.739268 (942603) main____ INFO      free physical memory   : 230894760 kB
2026-02-23 13:52:38.739271 (942603) main____ INFO      committed address space: 110085596 kB
2026-02-23 13:52:38.739275 (942603) main____ INFO    ----------------------------------------
2026-02-23 13:52:38.740167 (942603) main____ INFO    Important environment variables:
2026-02-23 13:52:38.740184 (942603) main____ INFO      JASPER_HOME       : '/usr/licensed/cadence-20210126/jasper_2021.03'
2026-02-23 13:52:38.740189 (942603) main____ INFO      JASPER_INSTALL_DIR: '/scratch/gpfs/LICENSED/x86_64/cadence-20210126/jasper_2021.03'
2026-02-23 13:52:38.740194 (942603) main____ INFO      LANG              : 'en_US.UTF-8'
2026-02-23 13:52:38.740199 (942603) main____ INFO      LM_LICENSE_FILE   : '5280@license.rc.princeton.edu'
2026-02-23 13:52:38.740204 (942603) main____ INFO      TMPDIR            : '/tmp/ab2113/jg_5019033_64'
2026-02-23 13:52:38.740207 (942603) main____ INFO    ----------------------------------------
2026-02-23 13:52:38.740993 (942603) lic_core INFO    Initializing license system ...
2026-02-23 13:52:38.741787 (942603) lic_core INFO    ... license system initialized.
2026-02-23 13:52:38.742470 (942603) lic__man INFO    Claim 'fpv' for <ui>.
2026-02-23 13:52:38.742504 (942603) lic_core INFO    (1) checking out 'jasper_fpv' ...
2026-02-23 13:52:38.748665 (942603) lic_core INFO    ... (1) checkout failed (error: -5) ("FLEXnet ERROR(-5, 0, 0): No such feature exists.")
2026-02-23 13:52:38.748696 (942603) lic_core INFO    (2) checking out 'jasper_fao' ...
2026-02-23 13:52:38.758446 (942603) lic_core INFO    ... (2) checkout succeeded
2026-02-23 13:52:38.771497 (942603) session_ INFO    Starting analysis session with session id 'session_0' (launcher: <local>) ...
2026-02-23 13:52:38.774041 (942603) session_ INFO    Analysis session with session id 'session_0' started (pid: 942611)
2026-02-23 13:52:39.384189 (942603) session_ INFO    Analysis session 'session_0' connected to the console (host: 127.0.0.1:49054)
2026-02-23 13:52:40.184865 (942603) lic__man INFO    Unclaim everything for 'session_0'.
2026-02-23 13:52:40.222062 (942603) lic__man INFO    Claim 'fpv' for 'session_0'.
2026-02-23 13:52:40.222109 (942603) lic__man INFO    Claim 'fpv' for 'session_0/prove-0'.
2026-02-23 13:52:40.263846 (942603) lic__man INFO    Unclaim everything for 'session_0/prove-0'.
2026-02-23 13:52:40.305170 (942603) main____ INFO    About to exit: request to exit with status 4 received from analysis session 'session_0'
2026-02-23 13:52:40.370194 (942603) session_ INFO    Analysis session 'session_0' disconnected.
2026-02-23 13:52:40.370316 (942603) lic__man INFO    Unclaim everything for 'session_0'.
2026-02-23 13:52:40.370792 (942603) session_ INFO    Process for analysis session 'session_0' has exited with exit status '4'.
2026-02-23 13:52:42.411706 (942603) lic_core INFO    (2) checkin jasper_fao
2026-02-23 13:52:42.413153 (942603) main____ INFO    Exiting with status 4.
