2026-02-23 13:57:36.692889 (2690748) main____ INFO    ----------------------------------------
2026-02-23 13:57:36.693025 (2690748) main____ INFO    JasperGold version info
2026-02-23 13:57:36.693045 (2690748) main____ INFO      tool      : JasperGold 2021.03
2026-02-23 13:57:36.693055 (2690748) main____ INFO      version   : 2021.03 FCS 64 bits
2026-02-23 13:57:36.693061 (2690748) main____ INFO      build date: 2021.03.23 02:50:43 UTC
2026-02-23 13:57:36.693066 (2690748) main____ INFO    ----------------------------------------
2026-02-23 13:57:36.693070 (2690748) main____ INFO    Runtime info:
2026-02-23 13:57:36.693074 (2690748) main____ INFO      platform  : Linux 5.14.0-570.84.1.el9_6.x86_64 x86_64
2026-02-23 13:57:36.693081 (2690748) main____ INFO      hostname  : della-r3c3n12
2026-02-23 13:57:36.693086 (2690748) main____ INFO      pid       : 2690748
2026-02-23 13:57:36.693091 (2690748) main____ INFO      arguments : '-style' 'windows' '-batch' '-proj' './verification_results/04160/jgproject' '-tcl' './jasper_verif_check.tcl'
2026-02-23 13:57:36.693101 (2690748) main____ INFO      locale    : UTF-8
2026-02-23 13:57:36.693105 (2690748) main____ INFO    ----------------------------------------
2026-02-23 13:57:36.693110 (2690748) main____ INFO    System resource limits info:
2026-02-23 13:57:36.693114 (2690748) main____ INFO      virtual memory: unlimited
2026-02-23 13:57:36.693120 (2690748) main____ INFO      cpu time      : unlimited
2026-02-23 13:57:36.693124 (2690748) main____ INFO      stack size    : unlimited
2026-02-23 13:57:36.693129 (2690748) main____ INFO      core file size: unlimited
2026-02-23 13:57:36.693138 (2690748) main____ INFO      open files    : 131072
2026-02-23 13:57:36.693142 (2690748) main____ INFO      file size     : unlimited
2026-02-23 13:57:36.693147 (2690748) main____ INFO    ----------------------------------------
2026-02-23 13:57:36.693151 (2690748) main____ INFO    Memory statistics:
2026-02-23 13:57:36.693156 (2690748) main____ INFO      total physical memory  : 195972156 kB
2026-02-23 13:57:36.693160 (2690748) main____ INFO      free physical memory   : 108278868 kB
2026-02-23 13:57:36.693165 (2690748) main____ INFO      committed address space: 60333220 kB
2026-02-23 13:57:36.693169 (2690748) main____ INFO    ----------------------------------------
2026-02-23 13:57:36.694183 (2690748) main____ INFO    Important environment variables:
2026-02-23 13:57:36.694211 (2690748) main____ INFO      JASPER_HOME       : '/usr/licensed/cadence-20210126/jasper_2021.03'
2026-02-23 13:57:36.694218 (2690748) main____ INFO      JASPER_INSTALL_DIR: '/scratch/gpfs/LICENSED/x86_64/cadence-20210126/jasper_2021.03'
2026-02-23 13:57:36.694223 (2690748) main____ INFO      LANG              : 'en_US.UTF-8'
2026-02-23 13:57:36.694228 (2690748) main____ INFO      LM_LICENSE_FILE   : '5280@license.rc.princeton.edu'
2026-02-23 13:57:36.694233 (2690748) main____ INFO      TMPDIR            : '/tmp/ab2113/jg_5019110_75'
2026-02-23 13:57:36.694237 (2690748) main____ INFO    ----------------------------------------
2026-02-23 13:57:36.695240 (2690748) lic_core INFO    Initializing license system ...
2026-02-23 13:57:36.696205 (2690748) lic_core INFO    ... license system initialized.
2026-02-23 13:57:36.697097 (2690748) lic__man INFO    Claim 'fpv' for <ui>.
2026-02-23 13:57:36.697152 (2690748) lic_core INFO    (1) checking out 'jasper_fpv' ...
2026-02-23 13:57:36.702741 (2690748) lic_core INFO    ... (1) checkout failed (error: -5) ("FLEXnet ERROR(-5, 0, 0): No such feature exists.")
2026-02-23 13:57:36.702806 (2690748) lic_core INFO    (2) checking out 'jasper_fao' ...
2026-02-23 13:57:36.713834 (2690748) lic_core INFO    ... (2) checkout succeeded
2026-02-23 13:57:36.731618 (2690748) session_ INFO    Starting analysis session with session id 'session_0' (launcher: <local>) ...
2026-02-23 13:57:36.734939 (2690748) session_ INFO    Analysis session with session id 'session_0' started (pid: 2690756)
2026-02-23 13:57:37.510896 (2690748) session_ INFO    Analysis session 'session_0' connected to the console (host: 127.0.0.1:39144)
2026-02-23 13:57:38.386685 (2690748) lic__man INFO    Unclaim everything for 'session_0'.
2026-02-23 13:57:38.432103 (2690748) lic__man INFO    Claim 'fpv' for 'session_0'.
2026-02-23 13:57:38.432170 (2690748) lic__man INFO    Claim 'fpv' for 'session_0/prove-0'.
2026-02-23 13:57:38.581913 (2690748) lic__man INFO    Unclaim everything for 'session_0/prove-0'.
2026-02-23 13:57:38.640404 (2690748) main____ INFO    About to exit: request to exit with status 0 received from analysis session 'session_0'
2026-02-23 13:57:38.739367 (2690748) session_ INFO    Analysis session 'session_0' disconnected.
2026-02-23 13:57:38.739499 (2690748) lic__man INFO    Unclaim everything for 'session_0'.
2026-02-23 13:57:38.740161 (2690748) session_ INFO    Process for analysis session 'session_0' has exited with exit status '0'.
2026-02-23 13:57:40.548267 (2690748) lic_core INFO    (2) checkin jasper_fao
2026-02-23 13:57:40.549934 (2690748) main____ INFO    Exiting with status 0.
