2026-02-23 13:59:14.212043 (2937139) main____ INFO    ----------------------------------------
2026-02-23 13:59:14.212133 (2937139) main____ INFO    JasperGold version info
2026-02-23 13:59:14.212151 (2937139) main____ INFO      tool      : JasperGold 2021.03
2026-02-23 13:59:14.212161 (2937139) main____ INFO      version   : 2021.03 FCS 64 bits
2026-02-23 13:59:14.212165 (2937139) main____ INFO      build date: 2021.03.23 02:50:43 UTC
2026-02-23 13:59:14.212169 (2937139) main____ INFO    ----------------------------------------
2026-02-23 13:59:14.212173 (2937139) main____ INFO    Runtime info:
2026-02-23 13:59:14.212177 (2937139) main____ INFO      platform  : Linux 5.14.0-570.84.1.el9_6.x86_64 x86_64
2026-02-23 13:59:14.212182 (2937139) main____ INFO      hostname  : della-h12n18
2026-02-23 13:59:14.212187 (2937139) main____ INFO      pid       : 2937139
2026-02-23 13:59:14.212192 (2937139) main____ INFO      arguments : '-style' 'windows' '-batch' '-proj' './verification_results/04666/jgproject' '-tcl' './jasper_verif_check.tcl'
2026-02-23 13:59:14.212199 (2937139) main____ INFO      locale    : UTF-8
2026-02-23 13:59:14.212203 (2937139) main____ INFO    ----------------------------------------
2026-02-23 13:59:14.212206 (2937139) main____ INFO    System resource limits info:
2026-02-23 13:59:14.212211 (2937139) main____ INFO      virtual memory: unlimited
2026-02-23 13:59:14.212215 (2937139) main____ INFO      cpu time      : unlimited
2026-02-23 13:59:14.212219 (2937139) main____ INFO      stack size    : unlimited
2026-02-23 13:59:14.212222 (2937139) main____ INFO      core file size: unlimited
2026-02-23 13:59:14.212228 (2937139) main____ INFO      open files    : 131072
2026-02-23 13:59:14.212232 (2937139) main____ INFO      file size     : unlimited
2026-02-23 13:59:14.212236 (2937139) main____ INFO    ----------------------------------------
2026-02-23 13:59:14.212239 (2937139) main____ INFO    Memory statistics:
2026-02-23 13:59:14.212243 (2937139) main____ INFO      total physical memory  : 1055795796 kB
2026-02-23 13:59:14.212247 (2937139) main____ INFO      free physical memory   : 289762804 kB
2026-02-23 13:59:14.212250 (2937139) main____ INFO      committed address space: 428366720 kB
2026-02-23 13:59:14.212253 (2937139) main____ INFO    ----------------------------------------
2026-02-23 13:59:14.213024 (2937139) main____ INFO    Important environment variables:
2026-02-23 13:59:14.213043 (2937139) main____ INFO      JASPER_HOME       : '/usr/licensed/cadence-20210126/jasper_2021.03'
2026-02-23 13:59:14.213049 (2937139) main____ INFO      JASPER_INSTALL_DIR: '/scratch/gpfs/LICENSED/x86_64/cadence-20210126/jasper_2021.03'
2026-02-23 13:59:14.213053 (2937139) main____ INFO      LANG              : 'en_US.UTF-8'
2026-02-23 13:59:14.213058 (2937139) main____ INFO      LM_LICENSE_FILE   : '5280@license.rc.princeton.edu'
2026-02-23 13:59:14.213062 (2937139) main____ INFO      TMPDIR            : '/tmp/ab2113/jg_5019197_86'
2026-02-23 13:59:14.213067 (2937139) main____ INFO    ----------------------------------------
2026-02-23 13:59:14.213549 (2937139) lic_core INFO    Initializing license system ...
2026-02-23 13:59:14.214200 (2937139) lic_core INFO    ... license system initialized.
2026-02-23 13:59:14.215093 (2937139) lic__man INFO    Claim 'fpv' for <ui>.
2026-02-23 13:59:14.215126 (2937139) lic_core INFO    (1) checking out 'jasper_fpv' ...
2026-02-23 13:59:14.221079 (2937139) lic_core INFO    ... (1) checkout failed (error: -5) ("FLEXnet ERROR(-5, 0, 0): No such feature exists.")
2026-02-23 13:59:14.221130 (2937139) lic_core INFO    (2) checking out 'jasper_fao' ...
2026-02-23 13:59:14.232312 (2937139) lic_core INFO    ... (2) checkout succeeded
2026-02-23 13:59:14.245845 (2937139) session_ INFO    Starting analysis session with session id 'session_0' (launcher: <local>) ...
2026-02-23 13:59:14.248534 (2937139) session_ INFO    Analysis session with session id 'session_0' started (pid: 2937166)
2026-02-23 13:59:14.975610 (2937139) session_ INFO    Analysis session 'session_0' connected to the console (host: 127.0.0.1:53494)
2026-02-23 13:59:15.551534 (2937139) main____ INFO    About to exit: request to exit with status 1 received from analysis session 'session_0'
2026-02-23 13:59:15.613278 (2937139) session_ INFO    Analysis session 'session_0' disconnected.
2026-02-23 13:59:15.613409 (2937139) lic__man INFO    Unclaim everything for 'session_0'.
2026-02-23 13:59:15.613941 (2937139) session_ INFO    Process for analysis session 'session_0' has exited with exit status '1'.
2026-02-23 13:59:17.505542 (2937139) lic_core INFO    (2) checkin jasper_fao
2026-02-23 13:59:17.507193 (2937139) main____ INFO    Exiting with status 1.
