2026-02-23 13:42:19.368049 (2883145) main____ INFO    ----------------------------------------
2026-02-23 13:42:19.368135 (2883145) main____ INFO    JasperGold version info
2026-02-23 13:42:19.368156 (2883145) main____ INFO      tool      : JasperGold 2021.03
2026-02-23 13:42:19.368164 (2883145) main____ INFO      version   : 2021.03 FCS 64 bits
2026-02-23 13:42:19.368169 (2883145) main____ INFO      build date: 2021.03.23 02:50:43 UTC
2026-02-23 13:42:19.368174 (2883145) main____ INFO    ----------------------------------------
2026-02-23 13:42:19.368179 (2883145) main____ INFO    Runtime info:
2026-02-23 13:42:19.368184 (2883145) main____ INFO      platform  : Linux 5.14.0-570.84.1.el9_6.x86_64 x86_64
2026-02-23 13:42:19.368189 (2883145) main____ INFO      hostname  : della-h16n9
2026-02-23 13:42:19.368195 (2883145) main____ INFO      pid       : 2883145
2026-02-23 13:42:19.368201 (2883145) main____ INFO      arguments : '-style' 'windows' '-batch' '-proj' './verification_results/01260/jgproject' '-tcl' './jasper_verif_check.tcl'
2026-02-23 13:42:19.368210 (2883145) main____ INFO      locale    : UTF-8
2026-02-23 13:42:19.368215 (2883145) main____ INFO    ----------------------------------------
2026-02-23 13:42:19.368219 (2883145) main____ INFO    System resource limits info:
2026-02-23 13:42:19.368224 (2883145) main____ INFO      virtual memory: unlimited
2026-02-23 13:42:19.368231 (2883145) main____ INFO      cpu time      : unlimited
2026-02-23 13:42:19.368238 (2883145) main____ INFO      stack size    : unlimited
2026-02-23 13:42:19.368244 (2883145) main____ INFO      core file size: unlimited
2026-02-23 13:42:19.368251 (2883145) main____ INFO      open files    : 131072
2026-02-23 13:42:19.368256 (2883145) main____ INFO      file size     : unlimited
2026-02-23 13:42:19.368260 (2883145) main____ INFO    ----------------------------------------
2026-02-23 13:42:19.368265 (2883145) main____ INFO    Memory statistics:
2026-02-23 13:42:19.368271 (2883145) main____ INFO      total physical memory  : 1584164368 kB
2026-02-23 13:42:19.368276 (2883145) main____ INFO      free physical memory   : 832872956 kB
2026-02-23 13:42:19.368280 (2883145) main____ INFO      committed address space: 654382872 kB
2026-02-23 13:42:19.368287 (2883145) main____ INFO    ----------------------------------------
2026-02-23 13:42:19.368828 (2883145) main____ INFO    Important environment variables:
2026-02-23 13:42:19.368843 (2883145) main____ INFO      JASPER_HOME       : '/usr/licensed/cadence-20210126/jasper_2021.03'
2026-02-23 13:42:19.368849 (2883145) main____ INFO      JASPER_INSTALL_DIR: '/scratch/gpfs/LICENSED/x86_64/cadence-20210126/jasper_2021.03'
2026-02-23 13:42:19.368855 (2883145) main____ INFO      LANG              : 'en_US.UTF-8'
2026-02-23 13:42:19.368860 (2883145) main____ INFO      LM_LICENSE_FILE   : '5280@license.rc.princeton.edu'
2026-02-23 13:42:19.368865 (2883145) main____ INFO      TMPDIR            : '/tmp/ab2113/jg_5018828_17'
2026-02-23 13:42:19.368871 (2883145) main____ INFO    ----------------------------------------
2026-02-23 13:42:19.369335 (2883145) lic_core INFO    Initializing license system ...
2026-02-23 13:42:19.369868 (2883145) lic_core INFO    ... license system initialized.
2026-02-23 13:42:19.370688 (2883145) lic__man INFO    Claim 'fpv' for <ui>.
2026-02-23 13:42:19.370721 (2883145) lic_core INFO    (1) checking out 'jasper_fpv' ...
2026-02-23 13:42:19.376636 (2883145) lic_core INFO    ... (1) checkout failed (error: -5) ("FLEXnet ERROR(-5, 0, 0): No such feature exists.")
2026-02-23 13:42:19.376665 (2883145) lic_core INFO    (2) checking out 'jasper_fao' ...
2026-02-23 13:42:19.385431 (2883145) lic_core INFO    ... (2) checkout succeeded
2026-02-23 13:42:19.396635 (2883145) session_ INFO    Starting analysis session with session id 'session_0' (launcher: <local>) ...
2026-02-23 13:42:19.399486 (2883145) session_ INFO    Analysis session with session id 'session_0' started (pid: 2883153)
2026-02-23 13:42:20.001550 (2883145) session_ INFO    Analysis session 'session_0' connected to the console (host: 127.0.0.1:44416)
2026-02-23 13:42:20.795120 (2883145) lic__man INFO    Unclaim everything for 'session_0'.
2026-02-23 13:42:20.833576 (2883145) lic__man INFO    Claim 'fpv' for 'session_0'.
2026-02-23 13:42:20.833627 (2883145) lic__man INFO    Claim 'fpv' for 'session_0/prove-0'.
2026-02-23 13:42:21.061922 (2883145) lic__man INFO    Unclaim everything for 'session_0/prove-0'.
2026-02-23 13:42:21.114972 (2883145) main____ INFO    About to exit: request to exit with status 0 received from analysis session 'session_0'
2026-02-23 13:42:21.179492 (2883145) session_ INFO    Analysis session 'session_0' disconnected.
2026-02-23 13:42:21.179646 (2883145) lic__man INFO    Unclaim everything for 'session_0'.
2026-02-23 13:42:21.181541 (2883145) session_ INFO    Process for analysis session 'session_0' has exited with exit status '0'.
2026-02-23 13:42:23.163268 (2883145) lic_core INFO    (2) checkin jasper_fao
2026-02-23 13:42:23.164633 (2883145) main____ INFO    Exiting with status 0.
