2026-02-23 15:00:24.223954 (2957973) main____ INFO    ----------------------------------------
2026-02-23 15:00:24.224075 (2957973) main____ INFO    JasperGold version info
2026-02-23 15:00:24.224096 (2957973) main____ INFO      tool      : JasperGold 2021.03
2026-02-23 15:00:24.224104 (2957973) main____ INFO      version   : 2021.03 FCS 64 bits
2026-02-23 15:00:24.224109 (2957973) main____ INFO      build date: 2021.03.23 02:50:43 UTC
2026-02-23 15:00:24.224112 (2957973) main____ INFO    ----------------------------------------
2026-02-23 15:00:24.224116 (2957973) main____ INFO    Runtime info:
2026-02-23 15:00:24.224120 (2957973) main____ INFO      platform  : Linux 5.14.0-570.84.1.el9_6.x86_64 x86_64
2026-02-23 15:00:24.224125 (2957973) main____ INFO      hostname  : della-h12n18
2026-02-23 15:00:24.224129 (2957973) main____ INFO      pid       : 2957973
2026-02-23 15:00:24.224133 (2957973) main____ INFO      arguments : '-style' 'windows' '-batch' '-proj' './verification_results/04734/jgproject' '-tcl' './jasper_verif_check.tcl'
2026-02-23 15:00:24.224141 (2957973) main____ INFO      locale    : UTF-8
2026-02-23 15:00:24.224144 (2957973) main____ INFO    ----------------------------------------
2026-02-23 15:00:24.224148 (2957973) main____ INFO    System resource limits info:
2026-02-23 15:00:24.224152 (2957973) main____ INFO      virtual memory: unlimited
2026-02-23 15:00:24.224155 (2957973) main____ INFO      cpu time      : unlimited
2026-02-23 15:00:24.224159 (2957973) main____ INFO      stack size    : unlimited
2026-02-23 15:00:24.224162 (2957973) main____ INFO      core file size: unlimited
2026-02-23 15:00:24.224168 (2957973) main____ INFO      open files    : 131072
2026-02-23 15:00:24.224172 (2957973) main____ INFO      file size     : unlimited
2026-02-23 15:00:24.224176 (2957973) main____ INFO    ----------------------------------------
2026-02-23 15:00:24.224179 (2957973) main____ INFO    Memory statistics:
2026-02-23 15:00:24.224184 (2957973) main____ INFO      total physical memory  : 1055795796 kB
2026-02-23 15:00:24.224187 (2957973) main____ INFO      free physical memory   : 274368104 kB
2026-02-23 15:00:24.224190 (2957973) main____ INFO      committed address space: 470210900 kB
2026-02-23 15:00:24.224194 (2957973) main____ INFO    ----------------------------------------
2026-02-23 15:00:24.224964 (2957973) main____ INFO    Important environment variables:
2026-02-23 15:00:24.224982 (2957973) main____ INFO      JASPER_HOME       : '/usr/licensed/cadence-20210126/jasper_2021.03'
2026-02-23 15:00:24.224987 (2957973) main____ INFO      JASPER_INSTALL_DIR: '/scratch/gpfs/LICENSED/x86_64/cadence-20210126/jasper_2021.03'
2026-02-23 15:00:24.224992 (2957973) main____ INFO      LANG              : 'en_US.UTF-8'
2026-02-23 15:00:24.224996 (2957973) main____ INFO      LM_LICENSE_FILE   : '5280@license.rc.princeton.edu'
2026-02-23 15:00:24.225000 (2957973) main____ INFO      TMPDIR            : '/tmp/ab2113/jg_5019198_87'
2026-02-23 15:00:24.225004 (2957973) main____ INFO    ----------------------------------------
2026-02-23 15:00:24.225473 (2957973) lic_core INFO    Initializing license system ...
2026-02-23 15:00:24.226141 (2957973) lic_core INFO    ... license system initialized.
2026-02-23 15:00:24.227102 (2957973) lic__man INFO    Claim 'fpv' for <ui>.
2026-02-23 15:00:24.227138 (2957973) lic_core INFO    (1) checking out 'jasper_fpv' ...
2026-02-23 15:00:24.233126 (2957973) lic_core INFO    ... (1) checkout failed (error: -5) ("FLEXnet ERROR(-5, 0, 0): No such feature exists.")
2026-02-23 15:00:24.233175 (2957973) lic_core INFO    (2) checking out 'jasper_fao' ...
2026-02-23 15:00:24.244174 (2957973) lic_core INFO    ... (2) checkout succeeded
2026-02-23 15:00:24.257624 (2957973) session_ INFO    Starting analysis session with session id 'session_0' (launcher: <local>) ...
2026-02-23 15:00:24.260203 (2957973) session_ INFO    Analysis session with session id 'session_0' started (pid: 2957981)
2026-02-23 15:00:24.878739 (2957973) session_ INFO    Analysis session 'session_0' connected to the console (host: 127.0.0.1:58474)
2026-02-23 15:00:25.727495 (2957973) main____ INFO    About to exit: request to exit with status 1 received from analysis session 'session_0'
2026-02-23 15:00:25.786926 (2957973) session_ INFO    Analysis session 'session_0' disconnected.
2026-02-23 15:00:25.787036 (2957973) lic__man INFO    Unclaim everything for 'session_0'.
2026-02-23 15:00:25.788010 (2957973) session_ INFO    Process for analysis session 'session_0' has exited with exit status '1'.
2026-02-23 15:00:27.632598 (2957973) lic_core INFO    (2) checkin jasper_fao
2026-02-23 15:00:27.634207 (2957973) main____ INFO    Exiting with status 1.
