2026-02-23 14:18:20.462000 (2085073) main____ INFO    ----------------------------------------
2026-02-23 14:18:20.462112 (2085073) main____ INFO    JasperGold version info
2026-02-23 14:18:20.462130 (2085073) main____ INFO      tool      : JasperGold 2021.03
2026-02-23 14:18:20.462140 (2085073) main____ INFO      version   : 2021.03 FCS 64 bits
2026-02-23 14:18:20.462145 (2085073) main____ INFO      build date: 2021.03.23 02:50:43 UTC
2026-02-23 14:18:20.462150 (2085073) main____ INFO    ----------------------------------------
2026-02-23 14:18:20.462155 (2085073) main____ INFO    Runtime info:
2026-02-23 14:18:20.462160 (2085073) main____ INFO      platform  : Linux 5.14.0-570.84.1.el9_6.x86_64 x86_64
2026-02-23 14:18:20.462166 (2085073) main____ INFO      hostname  : della-r3c1n15
2026-02-23 14:18:20.462171 (2085073) main____ INFO      pid       : 2085073
2026-02-23 14:18:20.462176 (2085073) main____ INFO      arguments : '-style' 'windows' '-batch' '-proj' './verification_results/03557/jgproject' '-tcl' './jasper_verif_check.tcl'
2026-02-23 14:18:20.462185 (2085073) main____ INFO      locale    : UTF-8
2026-02-23 14:18:20.462195 (2085073) main____ INFO    ----------------------------------------
2026-02-23 14:18:20.462200 (2085073) main____ INFO    System resource limits info:
2026-02-23 14:18:20.462205 (2085073) main____ INFO      virtual memory: unlimited
2026-02-23 14:18:20.462209 (2085073) main____ INFO      cpu time      : unlimited
2026-02-23 14:18:20.462213 (2085073) main____ INFO      stack size    : unlimited
2026-02-23 14:18:20.462219 (2085073) main____ INFO      core file size: unlimited
2026-02-23 14:18:20.462227 (2085073) main____ INFO      open files    : 131072
2026-02-23 14:18:20.462232 (2085073) main____ INFO      file size     : unlimited
2026-02-23 14:18:20.462236 (2085073) main____ INFO    ----------------------------------------
2026-02-23 14:18:20.462241 (2085073) main____ INFO    Memory statistics:
2026-02-23 14:18:20.462245 (2085073) main____ INFO      total physical memory  : 195972072 kB
2026-02-23 14:18:20.462250 (2085073) main____ INFO      free physical memory   : 106768316 kB
2026-02-23 14:18:20.462254 (2085073) main____ INFO      committed address space: 17055184 kB
2026-02-23 14:18:20.462259 (2085073) main____ INFO    ----------------------------------------
2026-02-23 14:18:20.463335 (2085073) main____ INFO    Important environment variables:
2026-02-23 14:18:20.463357 (2085073) main____ INFO      JASPER_HOME       : '/usr/licensed/cadence-20210126/jasper_2021.03'
2026-02-23 14:18:20.463364 (2085073) main____ INFO      JASPER_INSTALL_DIR: '/scratch/gpfs/LICENSED/x86_64/cadence-20210126/jasper_2021.03'
2026-02-23 14:18:20.463370 (2085073) main____ INFO      LANG              : 'en_US.UTF-8'
2026-02-23 14:18:20.463375 (2085073) main____ INFO      LM_LICENSE_FILE   : '5280@license.rc.princeton.edu'
2026-02-23 14:18:20.463380 (2085073) main____ INFO      TMPDIR            : '/tmp/ab2113/jg_5019032_63'
2026-02-23 14:18:20.463385 (2085073) main____ INFO    ----------------------------------------
2026-02-23 14:18:20.464321 (2085073) lic_core INFO    Initializing license system ...
2026-02-23 14:18:20.465254 (2085073) lic_core INFO    ... license system initialized.
2026-02-23 14:18:20.466137 (2085073) lic__man INFO    Claim 'fpv' for <ui>.
2026-02-23 14:18:20.466186 (2085073) lic_core INFO    (1) checking out 'jasper_fpv' ...
2026-02-23 14:18:20.471689 (2085073) lic_core INFO    ... (1) checkout failed (error: -5) ("FLEXnet ERROR(-5, 0, 0): No such feature exists.")
2026-02-23 14:18:20.471731 (2085073) lic_core INFO    (2) checking out 'jasper_fao' ...
2026-02-23 14:18:20.482686 (2085073) lic_core INFO    ... (2) checkout succeeded
2026-02-23 14:18:20.498955 (2085073) session_ INFO    Starting analysis session with session id 'session_0' (launcher: <local>) ...
2026-02-23 14:18:20.502278 (2085073) session_ INFO    Analysis session with session id 'session_0' started (pid: 2085081)
2026-02-23 14:18:21.259197 (2085073) session_ INFO    Analysis session 'session_0' connected to the console (host: 127.0.0.1:43124)
2026-02-23 14:18:21.870309 (2085073) main____ INFO    About to exit: request to exit with status 1 received from analysis session 'session_0'
2026-02-23 14:18:21.953598 (2085073) session_ INFO    Analysis session 'session_0' disconnected.
2026-02-23 14:18:21.953748 (2085073) lic__man INFO    Unclaim everything for 'session_0'.
2026-02-23 14:18:21.954396 (2085073) session_ INFO    Process for analysis session 'session_0' has exited with exit status '1'.
2026-02-23 14:18:23.803527 (2085073) lic_core INFO    (2) checkin jasper_fao
2026-02-23 14:18:23.805515 (2085073) main____ INFO    Exiting with status 1.
