2026-02-23 13:53:17.840824 (521392) main____ INFO    ----------------------------------------
2026-02-23 13:53:17.840898 (521392) main____ INFO    JasperGold version info
2026-02-23 13:53:17.840913 (521392) main____ INFO      tool      : JasperGold 2021.03
2026-02-23 13:53:17.840922 (521392) main____ INFO      version   : 2021.03 FCS 64 bits
2026-02-23 13:53:17.840927 (521392) main____ INFO      build date: 2021.03.23 02:50:43 UTC
2026-02-23 13:53:17.840932 (521392) main____ INFO    ----------------------------------------
2026-02-23 13:53:17.840936 (521392) main____ INFO    Runtime info:
2026-02-23 13:53:17.840940 (521392) main____ INFO      platform  : Linux 5.14.0-570.84.1.el9_6.x86_64 x86_64
2026-02-23 13:53:17.840946 (521392) main____ INFO      hostname  : della-r3c2n9
2026-02-23 13:53:17.840951 (521392) main____ INFO      pid       : 521392
2026-02-23 13:53:17.840955 (521392) main____ INFO      arguments : '-style' 'windows' '-batch' '-proj' './verification_results/03461/jgproject' '-tcl' './jasper_verif_check.tcl'
2026-02-23 13:53:17.840963 (521392) main____ INFO      locale    : UTF-8
2026-02-23 13:53:17.840967 (521392) main____ INFO    ----------------------------------------
2026-02-23 13:53:17.840970 (521392) main____ INFO    System resource limits info:
2026-02-23 13:53:17.840975 (521392) main____ INFO      virtual memory: unlimited
2026-02-23 13:53:17.840979 (521392) main____ INFO      cpu time      : unlimited
2026-02-23 13:53:17.840983 (521392) main____ INFO      stack size    : unlimited
2026-02-23 13:53:17.840988 (521392) main____ INFO      core file size: unlimited
2026-02-23 13:53:17.840994 (521392) main____ INFO      open files    : 131072
2026-02-23 13:53:17.840999 (521392) main____ INFO      file size     : unlimited
2026-02-23 13:53:17.841002 (521392) main____ INFO    ----------------------------------------
2026-02-23 13:53:17.841006 (521392) main____ INFO    Memory statistics:
2026-02-23 13:53:17.841010 (521392) main____ INFO      total physical memory  : 195972072 kB
2026-02-23 13:53:17.841015 (521392) main____ INFO      free physical memory   : 68282296 kB
2026-02-23 13:53:17.841019 (521392) main____ INFO      committed address space: 59260764 kB
2026-02-23 13:53:17.841022 (521392) main____ INFO    ----------------------------------------
2026-02-23 13:53:17.841964 (521392) main____ INFO    Important environment variables:
2026-02-23 13:53:17.841978 (521392) main____ INFO      JASPER_HOME       : '/usr/licensed/cadence-20210126/jasper_2021.03'
2026-02-23 13:53:17.841983 (521392) main____ INFO      JASPER_INSTALL_DIR: '/scratch/gpfs/LICENSED/x86_64/cadence-20210126/jasper_2021.03'
2026-02-23 13:53:17.841989 (521392) main____ INFO      LANG              : 'en_US.UTF-8'
2026-02-23 13:53:17.841994 (521392) main____ INFO      LM_LICENSE_FILE   : '5280@license.rc.princeton.edu'
2026-02-23 13:53:17.841998 (521392) main____ INFO      TMPDIR            : '/tmp/ab2113/jg_5019008_61'
2026-02-23 13:53:17.842003 (521392) main____ INFO    ----------------------------------------
2026-02-23 13:53:17.842373 (521392) lic_core INFO    Initializing license system ...
2026-02-23 13:53:17.843111 (521392) lic_core INFO    ... license system initialized.
2026-02-23 13:53:17.843786 (521392) lic__man INFO    Claim 'fpv' for <ui>.
2026-02-23 13:53:17.843819 (521392) lic_core INFO    (1) checking out 'jasper_fpv' ...
2026-02-23 13:53:17.849179 (521392) lic_core INFO    ... (1) checkout failed (error: -5) ("FLEXnet ERROR(-5, 0, 0): No such feature exists.")
2026-02-23 13:53:17.849204 (521392) lic_core INFO    (2) checking out 'jasper_fao' ...
2026-02-23 13:53:17.859729 (521392) lic_core INFO    ... (2) checkout succeeded
2026-02-23 13:53:17.873476 (521392) session_ INFO    Starting analysis session with session id 'session_0' (launcher: <local>) ...
2026-02-23 13:53:17.876061 (521392) session_ INFO    Analysis session with session id 'session_0' started (pid: 521400)
2026-02-23 13:53:18.503262 (521392) session_ INFO    Analysis session 'session_0' connected to the console (host: 127.0.0.1:53574)
2026-02-23 13:53:19.146879 (521392) main____ INFO    About to exit: request to exit with status 1 received from analysis session 'session_0'
2026-02-23 13:53:19.216385 (521392) session_ INFO    Analysis session 'session_0' disconnected.
2026-02-23 13:53:19.216501 (521392) lic__man INFO    Unclaim everything for 'session_0'.
2026-02-23 13:53:19.217084 (521392) session_ INFO    Process for analysis session 'session_0' has exited with exit status '1'.
2026-02-23 13:53:21.123324 (521392) lic_core INFO    (2) checkin jasper_fao
2026-02-23 13:53:21.124692 (521392) main____ INFO    Exiting with status 1.
