2026-02-23 13:55:15.240845 (4182274) main____ INFO    ----------------------------------------
2026-02-23 13:55:15.240943 (4182274) main____ INFO    JasperGold version info
2026-02-23 13:55:15.240961 (4182274) main____ INFO      tool      : JasperGold 2021.03
2026-02-23 13:55:15.240970 (4182274) main____ INFO      version   : 2021.03 FCS 64 bits
2026-02-23 13:55:15.240976 (4182274) main____ INFO      build date: 2021.03.23 02:50:43 UTC
2026-02-23 13:55:15.240981 (4182274) main____ INFO    ----------------------------------------
2026-02-23 13:55:15.240986 (4182274) main____ INFO    Runtime info:
2026-02-23 13:55:15.240992 (4182274) main____ INFO      platform  : Linux 5.14.0-570.84.1.el9_6.x86_64 x86_64
2026-02-23 13:55:15.240998 (4182274) main____ INFO      hostname  : della-h14n1
2026-02-23 13:55:15.241003 (4182274) main____ INFO      pid       : 4182274
2026-02-23 13:55:15.241008 (4182274) main____ INFO      arguments : '-style' 'windows' '-batch' '-proj' './verification_results/03643/jgproject' '-tcl' './jasper_verif_check.tcl'
2026-02-23 13:55:15.241019 (4182274) main____ INFO      locale    : UTF-8
2026-02-23 13:55:15.241024 (4182274) main____ INFO    ----------------------------------------
2026-02-23 13:55:15.241028 (4182274) main____ INFO    System resource limits info:
2026-02-23 13:55:15.241033 (4182274) main____ INFO      virtual memory: unlimited
2026-02-23 13:55:15.241038 (4182274) main____ INFO      cpu time      : unlimited
2026-02-23 13:55:15.241043 (4182274) main____ INFO      stack size    : unlimited
2026-02-23 13:55:15.241048 (4182274) main____ INFO      core file size: unlimited
2026-02-23 13:55:15.241056 (4182274) main____ INFO      open files    : 131072
2026-02-23 13:55:15.241061 (4182274) main____ INFO      file size     : unlimited
2026-02-23 13:55:15.241066 (4182274) main____ INFO    ----------------------------------------
2026-02-23 13:55:15.241070 (4182274) main____ INFO    Memory statistics:
2026-02-23 13:55:15.241076 (4182274) main____ INFO      total physical memory  : 1584164324 kB
2026-02-23 13:55:15.241081 (4182274) main____ INFO      free physical memory   : 716165188 kB
2026-02-23 13:55:15.241086 (4182274) main____ INFO      committed address space: 576805664 kB
2026-02-23 13:55:15.241090 (4182274) main____ INFO    ----------------------------------------
2026-02-23 13:55:15.241608 (4182274) main____ INFO    Important environment variables:
2026-02-23 13:55:15.241621 (4182274) main____ INFO      JASPER_HOME       : '/usr/licensed/cadence-20210126/jasper_2021.03'
2026-02-23 13:55:15.241627 (4182274) main____ INFO      JASPER_INSTALL_DIR: '/scratch/gpfs/LICENSED/x86_64/cadence-20210126/jasper_2021.03'
2026-02-23 13:55:15.241633 (4182274) main____ INFO      LANG              : 'en_US.UTF-8'
2026-02-23 13:55:15.241638 (4182274) main____ INFO      LM_LICENSE_FILE   : '5280@license.rc.princeton.edu'
2026-02-23 13:55:15.241644 (4182274) main____ INFO      TMPDIR            : '/tmp/ab2113/jg_5019052_65'
2026-02-23 13:55:15.241649 (4182274) main____ INFO    ----------------------------------------
2026-02-23 13:55:15.242221 (4182274) lic_core INFO    Initializing license system ...
2026-02-23 13:55:15.242818 (4182274) lic_core INFO    ... license system initialized.
2026-02-23 13:55:15.243685 (4182274) lic__man INFO    Claim 'fpv' for <ui>.
2026-02-23 13:55:15.243723 (4182274) lic_core INFO    (1) checking out 'jasper_fpv' ...
2026-02-23 13:55:15.249868 (4182274) lic_core INFO    ... (1) checkout failed (error: -5) ("FLEXnet ERROR(-5, 0, 0): No such feature exists.")
2026-02-23 13:55:15.249899 (4182274) lic_core INFO    (2) checking out 'jasper_fao' ...
2026-02-23 13:55:15.258965 (4182274) lic_core INFO    ... (2) checkout succeeded
2026-02-23 13:55:15.270840 (4182274) session_ INFO    Starting analysis session with session id 'session_0' (launcher: <local>) ...
2026-02-23 13:55:15.274576 (4182274) session_ INFO    Analysis session with session id 'session_0' started (pid: 4182298)
2026-02-23 13:55:15.975839 (4182274) session_ INFO    Analysis session 'session_0' connected to the console (host: 127.0.0.1:60432)
2026-02-23 13:55:16.850760 (4182274) main____ INFO    About to exit: request to exit with status 1 received from analysis session 'session_0'
2026-02-23 13:55:16.914066 (4182274) session_ INFO    Analysis session 'session_0' disconnected.
2026-02-23 13:55:16.914231 (4182274) lic__man INFO    Unclaim everything for 'session_0'.
2026-02-23 13:55:16.915553 (4182274) session_ INFO    Process for analysis session 'session_0' has exited with exit status '1'.
2026-02-23 13:55:18.958547 (4182274) lic_core INFO    (2) checkin jasper_fao
2026-02-23 13:55:18.960237 (4182274) main____ INFO    Exiting with status 1.
