2026-02-23 13:46:02.752438 (4160531) main____ INFO    ----------------------------------------
2026-02-23 13:46:02.752539 (4160531) main____ INFO    JasperGold version info
2026-02-23 13:46:02.752558 (4160531) main____ INFO      tool      : JasperGold 2021.03
2026-02-23 13:46:02.752569 (4160531) main____ INFO      version   : 2021.03 FCS 64 bits
2026-02-23 13:46:02.752574 (4160531) main____ INFO      build date: 2021.03.23 02:50:43 UTC
2026-02-23 13:46:02.752579 (4160531) main____ INFO    ----------------------------------------
2026-02-23 13:46:02.752584 (4160531) main____ INFO    Runtime info:
2026-02-23 13:46:02.752591 (4160531) main____ INFO      platform  : Linux 5.14.0-570.84.1.el9_6.x86_64 x86_64
2026-02-23 13:46:02.752598 (4160531) main____ INFO      hostname  : della-h14n1
2026-02-23 13:46:02.752604 (4160531) main____ INFO      pid       : 4160531
2026-02-23 13:46:02.752609 (4160531) main____ INFO      arguments : '-style' 'windows' '-batch' '-proj' './verification_results/02516/jgproject' '-tcl' './jasper_verif_check.tcl'
2026-02-23 13:46:02.752618 (4160531) main____ INFO      locale    : UTF-8
2026-02-23 13:46:02.752622 (4160531) main____ INFO    ----------------------------------------
2026-02-23 13:46:02.752627 (4160531) main____ INFO    System resource limits info:
2026-02-23 13:46:02.752632 (4160531) main____ INFO      virtual memory: unlimited
2026-02-23 13:46:02.752636 (4160531) main____ INFO      cpu time      : unlimited
2026-02-23 13:46:02.752641 (4160531) main____ INFO      stack size    : unlimited
2026-02-23 13:46:02.752646 (4160531) main____ INFO      core file size: unlimited
2026-02-23 13:46:02.752653 (4160531) main____ INFO      open files    : 131072
2026-02-23 13:46:02.752666 (4160531) main____ INFO      file size     : unlimited
2026-02-23 13:46:02.752671 (4160531) main____ INFO    ----------------------------------------
2026-02-23 13:46:02.752676 (4160531) main____ INFO    Memory statistics:
2026-02-23 13:46:02.752682 (4160531) main____ INFO      total physical memory  : 1584164324 kB
2026-02-23 13:46:02.752687 (4160531) main____ INFO      free physical memory   : 721531848 kB
2026-02-23 13:46:02.752691 (4160531) main____ INFO      committed address space: 568407164 kB
2026-02-23 13:46:02.752696 (4160531) main____ INFO    ----------------------------------------
2026-02-23 13:46:02.753240 (4160531) main____ INFO    Important environment variables:
2026-02-23 13:46:02.753256 (4160531) main____ INFO      JASPER_HOME       : '/usr/licensed/cadence-20210126/jasper_2021.03'
2026-02-23 13:46:02.753262 (4160531) main____ INFO      JASPER_INSTALL_DIR: '/scratch/gpfs/LICENSED/x86_64/cadence-20210126/jasper_2021.03'
2026-02-23 13:46:02.753268 (4160531) main____ INFO      LANG              : 'en_US.UTF-8'
2026-02-23 13:46:02.753273 (4160531) main____ INFO      LM_LICENSE_FILE   : '5280@license.rc.princeton.edu'
2026-02-23 13:46:02.753278 (4160531) main____ INFO      TMPDIR            : '/tmp/ab2113/jg_5018921_43'
2026-02-23 13:46:02.753284 (4160531) main____ INFO    ----------------------------------------
2026-02-23 13:46:02.753949 (4160531) lic_core INFO    Initializing license system ...
2026-02-23 13:46:02.754441 (4160531) lic_core INFO    ... license system initialized.
2026-02-23 13:46:02.755254 (4160531) lic__man INFO    Claim 'fpv' for <ui>.
2026-02-23 13:46:02.755290 (4160531) lic_core INFO    (1) checking out 'jasper_fpv' ...
2026-02-23 13:46:02.760859 (4160531) lic_core INFO    ... (1) checkout failed (error: -5) ("FLEXnet ERROR(-5, 0, 0): No such feature exists.")
2026-02-23 13:46:02.760905 (4160531) lic_core INFO    (2) checking out 'jasper_fao' ...
2026-02-23 13:46:02.769886 (4160531) lic_core INFO    ... (2) checkout succeeded
2026-02-23 13:46:02.780685 (4160531) session_ INFO    Starting analysis session with session id 'session_0' (launcher: <local>) ...
2026-02-23 13:46:02.783586 (4160531) session_ INFO    Analysis session with session id 'session_0' started (pid: 4160539)
2026-02-23 13:46:03.389485 (4160531) session_ INFO    Analysis session 'session_0' connected to the console (host: 127.0.0.1:33342)
2026-02-23 13:46:03.903763 (4160531) main____ INFO    About to exit: request to exit with status 1 received from analysis session 'session_0'
2026-02-23 13:46:03.963583 (4160531) session_ INFO    Analysis session 'session_0' disconnected.
2026-02-23 13:46:03.963720 (4160531) lic__man INFO    Unclaim everything for 'session_0'.
2026-02-23 13:46:03.964624 (4160531) session_ INFO    Process for analysis session 'session_0' has exited with exit status '1'.
2026-02-23 13:46:06.008314 (4160531) lic_core INFO    (2) checkin jasper_fao
2026-02-23 13:46:06.009631 (4160531) main____ INFO    Exiting with status 1.
