2026-02-23 13:59:11.438617 (4159512) main____ INFO    ----------------------------------------
2026-02-23 13:59:11.438707 (4159512) main____ INFO    JasperGold version info
2026-02-23 13:59:11.438723 (4159512) main____ INFO      tool      : JasperGold 2021.03
2026-02-23 13:59:11.438732 (4159512) main____ INFO      version   : 2021.03 FCS 64 bits
2026-02-23 13:59:11.438737 (4159512) main____ INFO      build date: 2021.03.23 02:50:43 UTC
2026-02-23 13:59:11.438741 (4159512) main____ INFO    ----------------------------------------
2026-02-23 13:59:11.438745 (4159512) main____ INFO    Runtime info:
2026-02-23 13:59:11.438750 (4159512) main____ INFO      platform  : Linux 5.14.0-570.84.1.el9_6.x86_64 x86_64
2026-02-23 13:59:11.438756 (4159512) main____ INFO      hostname  : della-r3c2n12
2026-02-23 13:59:11.438760 (4159512) main____ INFO      pid       : 4159512
2026-02-23 13:59:11.438765 (4159512) main____ INFO      arguments : '-style' 'windows' '-batch' '-proj' './verification_results/04583/jgproject' '-tcl' './jasper_verif_check.tcl'
2026-02-23 13:59:11.438773 (4159512) main____ INFO      locale    : UTF-8
2026-02-23 13:59:11.438777 (4159512) main____ INFO    ----------------------------------------
2026-02-23 13:59:11.438781 (4159512) main____ INFO    System resource limits info:
2026-02-23 13:59:11.438786 (4159512) main____ INFO      virtual memory: unlimited
2026-02-23 13:59:11.438790 (4159512) main____ INFO      cpu time      : unlimited
2026-02-23 13:59:11.438794 (4159512) main____ INFO      stack size    : unlimited
2026-02-23 13:59:11.438799 (4159512) main____ INFO      core file size: unlimited
2026-02-23 13:59:11.438806 (4159512) main____ INFO      open files    : 131072
2026-02-23 13:59:11.438810 (4159512) main____ INFO      file size     : unlimited
2026-02-23 13:59:11.438814 (4159512) main____ INFO    ----------------------------------------
2026-02-23 13:59:11.438818 (4159512) main____ INFO    Memory statistics:
2026-02-23 13:59:11.438822 (4159512) main____ INFO      total physical memory  : 195972072 kB
2026-02-23 13:59:11.438826 (4159512) main____ INFO      free physical memory   : 133508344 kB
2026-02-23 13:59:11.438831 (4159512) main____ INFO      committed address space: 41225020 kB
2026-02-23 13:59:11.438834 (4159512) main____ INFO    ----------------------------------------
2026-02-23 13:59:11.439787 (4159512) main____ INFO    Important environment variables:
2026-02-23 13:59:11.439802 (4159512) main____ INFO      JASPER_HOME       : '/usr/licensed/cadence-20210126/jasper_2021.03'
2026-02-23 13:59:11.439808 (4159512) main____ INFO      JASPER_INSTALL_DIR: '/scratch/gpfs/LICENSED/x86_64/cadence-20210126/jasper_2021.03'
2026-02-23 13:59:11.439813 (4159512) main____ INFO      LANG              : 'en_US.UTF-8'
2026-02-23 13:59:11.439819 (4159512) main____ INFO      LM_LICENSE_FILE   : '5280@license.rc.princeton.edu'
2026-02-23 13:59:11.439823 (4159512) main____ INFO      TMPDIR            : '/tmp/ab2113/jg_5019171_84'
2026-02-23 13:59:11.439828 (4159512) main____ INFO    ----------------------------------------
2026-02-23 13:59:11.440639 (4159512) lic_core INFO    Initializing license system ...
2026-02-23 13:59:11.441436 (4159512) lic_core INFO    ... license system initialized.
2026-02-23 13:59:11.442201 (4159512) lic__man INFO    Claim 'fpv' for <ui>.
2026-02-23 13:59:11.442240 (4159512) lic_core INFO    (1) checking out 'jasper_fpv' ...
2026-02-23 13:59:11.448544 (4159512) lic_core INFO    ... (1) checkout failed (error: -5) ("FLEXnet ERROR(-5, 0, 0): No such feature exists.")
2026-02-23 13:59:11.448572 (4159512) lic_core INFO    (2) checking out 'jasper_fao' ...
2026-02-23 13:59:11.459036 (4159512) lic_core INFO    ... (2) checkout succeeded
2026-02-23 13:59:11.473273 (4159512) session_ INFO    Starting analysis session with session id 'session_0' (launcher: <local>) ...
2026-02-23 13:59:11.476415 (4159512) session_ INFO    Analysis session with session id 'session_0' started (pid: 4159522)
2026-02-23 13:59:12.197601 (4159512) session_ INFO    Analysis session 'session_0' connected to the console (host: 127.0.0.1:54746)
2026-02-23 13:59:13.078080 (4159512) main____ INFO    About to exit: request to exit with status 1 received from analysis session 'session_0'
2026-02-23 13:59:13.148592 (4159512) session_ INFO    Analysis session 'session_0' disconnected.
2026-02-23 13:59:13.148720 (4159512) lic__man INFO    Unclaim everything for 'session_0'.
2026-02-23 13:59:13.149097 (4159512) session_ INFO    Process for analysis session 'session_0' has exited with exit status '1'.
2026-02-23 13:59:15.125794 (4159512) lic_core INFO    (2) checkin jasper_fao
2026-02-23 13:59:15.127341 (4159512) main____ INFO    Exiting with status 1.
