2026-02-23 13:41:48.885790 (4142227) main____ INFO    ----------------------------------------
2026-02-23 13:41:48.885889 (4142227) main____ INFO    JasperGold version info
2026-02-23 13:41:48.885907 (4142227) main____ INFO      tool      : JasperGold 2021.03
2026-02-23 13:41:48.885917 (4142227) main____ INFO      version   : 2021.03 FCS 64 bits
2026-02-23 13:41:48.885922 (4142227) main____ INFO      build date: 2021.03.23 02:50:43 UTC
2026-02-23 13:41:48.885926 (4142227) main____ INFO    ----------------------------------------
2026-02-23 13:41:48.885930 (4142227) main____ INFO    Runtime info:
2026-02-23 13:41:48.885935 (4142227) main____ INFO      platform  : Linux 5.14.0-570.84.1.el9_6.x86_64 x86_64
2026-02-23 13:41:48.885941 (4142227) main____ INFO      hostname  : della-r3c2n12
2026-02-23 13:41:48.885947 (4142227) main____ INFO      pid       : 4142227
2026-02-23 13:41:48.885952 (4142227) main____ INFO      arguments : '-style' 'windows' '-batch' '-proj' './verification_results/00906/jgproject' '-tcl' './jasper_verif_check.tcl'
2026-02-23 13:41:48.885967 (4142227) main____ INFO      locale    : UTF-8
2026-02-23 13:41:48.885971 (4142227) main____ INFO    ----------------------------------------
2026-02-23 13:41:48.885975 (4142227) main____ INFO    System resource limits info:
2026-02-23 13:41:48.885979 (4142227) main____ INFO      virtual memory: unlimited
2026-02-23 13:41:48.885984 (4142227) main____ INFO      cpu time      : unlimited
2026-02-23 13:41:48.885988 (4142227) main____ INFO      stack size    : unlimited
2026-02-23 13:41:48.885992 (4142227) main____ INFO      core file size: unlimited
2026-02-23 13:41:48.885999 (4142227) main____ INFO      open files    : 131072
2026-02-23 13:41:48.886004 (4142227) main____ INFO      file size     : unlimited
2026-02-23 13:41:48.886008 (4142227) main____ INFO    ----------------------------------------
2026-02-23 13:41:48.886012 (4142227) main____ INFO    Memory statistics:
2026-02-23 13:41:48.886016 (4142227) main____ INFO      total physical memory  : 195972072 kB
2026-02-23 13:41:48.886021 (4142227) main____ INFO      free physical memory   : 127422712 kB
2026-02-23 13:41:48.886025 (4142227) main____ INFO      committed address space: 44752700 kB
2026-02-23 13:41:48.886029 (4142227) main____ INFO    ----------------------------------------
2026-02-23 13:41:48.887012 (4142227) main____ INFO    Important environment variables:
2026-02-23 13:41:48.887034 (4142227) main____ INFO      JASPER_HOME       : '/usr/licensed/cadence-20210126/jasper_2021.03'
2026-02-23 13:41:48.887041 (4142227) main____ INFO      JASPER_INSTALL_DIR: '/scratch/gpfs/LICENSED/x86_64/cadence-20210126/jasper_2021.03'
2026-02-23 13:41:48.887047 (4142227) main____ INFO      LANG              : 'en_US.UTF-8'
2026-02-23 13:41:48.887051 (4142227) main____ INFO      LM_LICENSE_FILE   : '5280@license.rc.princeton.edu'
2026-02-23 13:41:48.887056 (4142227) main____ INFO      TMPDIR            : '/tmp/ab2113/jg_5018804_10'
2026-02-23 13:41:48.887061 (4142227) main____ INFO    ----------------------------------------
2026-02-23 13:41:48.887849 (4142227) lic_core INFO    Initializing license system ...
2026-02-23 13:41:48.888669 (4142227) lic_core INFO    ... license system initialized.
2026-02-23 13:41:48.889408 (4142227) lic__man INFO    Claim 'fpv' for <ui>.
2026-02-23 13:41:48.889446 (4142227) lic_core INFO    (1) checking out 'jasper_fpv' ...
2026-02-23 13:41:48.895040 (4142227) lic_core INFO    ... (1) checkout failed (error: -5) ("FLEXnet ERROR(-5, 0, 0): No such feature exists.")
2026-02-23 13:41:48.895082 (4142227) lic_core INFO    (2) checking out 'jasper_fao' ...
2026-02-23 13:41:48.905231 (4142227) lic_core INFO    ... (2) checkout succeeded
2026-02-23 13:41:48.919516 (4142227) session_ INFO    Starting analysis session with session id 'session_0' (launcher: <local>) ...
2026-02-23 13:41:48.922262 (4142227) session_ INFO    Analysis session with session id 'session_0' started (pid: 4142235)
2026-02-23 13:41:49.648993 (4142227) session_ INFO    Analysis session 'session_0' connected to the console (host: 127.0.0.1:42146)
2026-02-23 13:41:50.246072 (4142227) main____ INFO    About to exit: request to exit with status 1 received from analysis session 'session_0'
2026-02-23 13:41:50.330903 (4142227) session_ INFO    Analysis session 'session_0' disconnected.
2026-02-23 13:41:50.331054 (4142227) lic__man INFO    Unclaim everything for 'session_0'.
2026-02-23 13:41:50.332326 (4142227) session_ INFO    Process for analysis session 'session_0' has exited with exit status '1'.
2026-02-23 13:41:52.151238 (4142227) lic_core INFO    (2) checkin jasper_fao
2026-02-23 13:41:52.152524 (4142227) main____ INFO    Exiting with status 1.
