2026-02-23 13:41:25.716348 (104407) main____ INFO    ----------------------------------------
2026-02-23 13:41:25.716440 (104407) main____ INFO    JasperGold version info
2026-02-23 13:41:25.716456 (104407) main____ INFO      tool      : JasperGold 2021.03
2026-02-23 13:41:25.716466 (104407) main____ INFO      version   : 2021.03 FCS 64 bits
2026-02-23 13:41:25.716472 (104407) main____ INFO      build date: 2021.03.23 02:50:43 UTC
2026-02-23 13:41:25.716478 (104407) main____ INFO    ----------------------------------------
2026-02-23 13:41:25.716483 (104407) main____ INFO    Runtime info:
2026-02-23 13:41:25.716489 (104407) main____ INFO      platform  : Linux 5.14.0-570.84.1.el9_6.x86_64 x86_64
2026-02-23 13:41:25.716495 (104407) main____ INFO      hostname  : della-h14n2
2026-02-23 13:41:25.716501 (104407) main____ INFO      pid       : 104407
2026-02-23 13:41:25.716507 (104407) main____ INFO      arguments : '-style' 'windows' '-batch' '-proj' './verification_results/01525/jgproject' '-tcl' './jasper_verif_check.tcl'
2026-02-23 13:41:25.716517 (104407) main____ INFO      locale    : UTF-8
2026-02-23 13:41:25.716522 (104407) main____ INFO    ----------------------------------------
2026-02-23 13:41:25.716527 (104407) main____ INFO    System resource limits info:
2026-02-23 13:41:25.716533 (104407) main____ INFO      virtual memory: unlimited
2026-02-23 13:41:25.716540 (104407) main____ INFO      cpu time      : unlimited
2026-02-23 13:41:25.716547 (104407) main____ INFO      stack size    : unlimited
2026-02-23 13:41:25.716552 (104407) main____ INFO      core file size: unlimited
2026-02-23 13:41:25.716560 (104407) main____ INFO      open files    : 131072
2026-02-23 13:41:25.716566 (104407) main____ INFO      file size     : unlimited
2026-02-23 13:41:25.716572 (104407) main____ INFO    ----------------------------------------
2026-02-23 13:41:25.716578 (104407) main____ INFO    Memory statistics:
2026-02-23 13:41:25.716584 (104407) main____ INFO      total physical memory  : 1584164328 kB
2026-02-23 13:41:25.716589 (104407) main____ INFO      free physical memory   : 725400932 kB
2026-02-23 13:41:25.716595 (104407) main____ INFO      committed address space: 696742544 kB
2026-02-23 13:41:25.716601 (104407) main____ INFO    ----------------------------------------
2026-02-23 13:41:25.717149 (104407) main____ INFO    Important environment variables:
2026-02-23 13:41:25.717164 (104407) main____ INFO      JASPER_HOME       : '/usr/licensed/cadence-20210126/jasper_2021.03'
2026-02-23 13:41:25.717170 (104407) main____ INFO      JASPER_INSTALL_DIR: '/scratch/gpfs/LICENSED/x86_64/cadence-20210126/jasper_2021.03'
2026-02-23 13:41:25.717177 (104407) main____ INFO      LANG              : 'en_US.UTF-8'
2026-02-23 13:41:25.717183 (104407) main____ INFO      LM_LICENSE_FILE   : '5280@license.rc.princeton.edu'
2026-02-23 13:41:25.717190 (104407) main____ INFO      TMPDIR            : '/tmp/ab2113/jg_5018841_23'
2026-02-23 13:41:25.717195 (104407) main____ INFO    ----------------------------------------
2026-02-23 13:41:25.717849 (104407) lic_core INFO    Initializing license system ...
2026-02-23 13:41:25.718400 (104407) lic_core INFO    ... license system initialized.
2026-02-23 13:41:25.719300 (104407) lic__man INFO    Claim 'fpv' for <ui>.
2026-02-23 13:41:25.719339 (104407) lic_core INFO    (1) checking out 'jasper_fpv' ...
2026-02-23 13:41:25.725023 (104407) lic_core INFO    ... (1) checkout failed (error: -5) ("FLEXnet ERROR(-5, 0, 0): No such feature exists.")
2026-02-23 13:41:25.725053 (104407) lic_core INFO    (2) checking out 'jasper_fao' ...
2026-02-23 13:41:25.734398 (104407) lic_core INFO    ... (2) checkout succeeded
2026-02-23 13:41:25.746842 (104407) session_ INFO    Starting analysis session with session id 'session_0' (launcher: <local>) ...
2026-02-23 13:41:25.750275 (104407) session_ INFO    Analysis session with session id 'session_0' started (pid: 104415)
2026-02-23 13:41:26.400680 (104407) session_ INFO    Analysis session 'session_0' connected to the console (host: 127.0.0.1:51536)
2026-02-23 13:41:27.206907 (104407) lic__man INFO    Unclaim everything for 'session_0'.
2026-02-23 13:41:27.289936 (104407) main____ INFO    About to exit: request to exit with status 3 received from analysis session 'session_0'
2026-02-23 13:41:27.350256 (104407) session_ INFO    Analysis session 'session_0' disconnected.
2026-02-23 13:41:27.350383 (104407) lic__man INFO    Unclaim everything for 'session_0'.
2026-02-23 13:41:27.351126 (104407) session_ INFO    Process for analysis session 'session_0' has exited with exit status '3'.
2026-02-23 13:41:29.396755 (104407) lic_core INFO    (2) checkin jasper_fao
2026-02-23 13:41:29.398285 (104407) main____ INFO    Exiting with status 3.
