2026-02-23 13:46:59.823458 (926321) main____ INFO    ----------------------------------------
2026-02-23 13:46:59.823535 (926321) main____ INFO    JasperGold version info
2026-02-23 13:46:59.823552 (926321) main____ INFO      tool      : JasperGold 2021.03
2026-02-23 13:46:59.823561 (926321) main____ INFO      version   : 2021.03 FCS 64 bits
2026-02-23 13:46:59.823567 (926321) main____ INFO      build date: 2021.03.23 02:50:43 UTC
2026-02-23 13:46:59.823574 (926321) main____ INFO    ----------------------------------------
2026-02-23 13:46:59.823579 (926321) main____ INFO    Runtime info:
2026-02-23 13:46:59.823591 (926321) main____ INFO      platform  : Linux 5.14.0-570.84.1.el9_6.x86_64 x86_64
2026-02-23 13:46:59.823598 (926321) main____ INFO      hostname  : della-h14n16
2026-02-23 13:46:59.823603 (926321) main____ INFO      pid       : 926321
2026-02-23 13:46:59.823608 (926321) main____ INFO      arguments : '-style' 'windows' '-batch' '-proj' './verification_results/02298/jgproject' '-tcl' './jasper_verif_check.tcl'
2026-02-23 13:46:59.823617 (926321) main____ INFO      locale    : UTF-8
2026-02-23 13:46:59.823623 (926321) main____ INFO    ----------------------------------------
2026-02-23 13:46:59.823628 (926321) main____ INFO    System resource limits info:
2026-02-23 13:46:59.823633 (926321) main____ INFO      virtual memory: unlimited
2026-02-23 13:46:59.823638 (926321) main____ INFO      cpu time      : unlimited
2026-02-23 13:46:59.823643 (926321) main____ INFO      stack size    : unlimited
2026-02-23 13:46:59.823649 (926321) main____ INFO      core file size: unlimited
2026-02-23 13:46:59.823656 (926321) main____ INFO      open files    : 131072
2026-02-23 13:46:59.823661 (926321) main____ INFO      file size     : unlimited
2026-02-23 13:46:59.823666 (926321) main____ INFO    ----------------------------------------
2026-02-23 13:46:59.823671 (926321) main____ INFO    Memory statistics:
2026-02-23 13:46:59.823677 (926321) main____ INFO      total physical memory  : 1584164324 kB
2026-02-23 13:46:59.823682 (926321) main____ INFO      free physical memory   : 929250032 kB
2026-02-23 13:46:59.823688 (926321) main____ INFO      committed address space: 447407416 kB
2026-02-23 13:46:59.823693 (926321) main____ INFO    ----------------------------------------
2026-02-23 13:46:59.824206 (926321) main____ INFO    Important environment variables:
2026-02-23 13:46:59.824219 (926321) main____ INFO      JASPER_HOME       : '/usr/licensed/cadence-20210126/jasper_2021.03'
2026-02-23 13:46:59.824225 (926321) main____ INFO      JASPER_INSTALL_DIR: '/scratch/gpfs/LICENSED/x86_64/cadence-20210126/jasper_2021.03'
2026-02-23 13:46:59.824231 (926321) main____ INFO      LANG              : 'en_US.UTF-8'
2026-02-23 13:46:59.824238 (926321) main____ INFO      LM_LICENSE_FILE   : '5280@license.rc.princeton.edu'
2026-02-23 13:46:59.824243 (926321) main____ INFO      TMPDIR            : '/tmp/ab2113/jg_5018903_38'
2026-02-23 13:46:59.824249 (926321) main____ INFO    ----------------------------------------
2026-02-23 13:46:59.824715 (926321) lic_core INFO    Initializing license system ...
2026-02-23 13:46:59.825283 (926321) lic_core INFO    ... license system initialized.
2026-02-23 13:46:59.826036 (926321) lic__man INFO    Claim 'fpv' for <ui>.
2026-02-23 13:46:59.826069 (926321) lic_core INFO    (1) checking out 'jasper_fpv' ...
2026-02-23 13:46:59.831606 (926321) lic_core INFO    ... (1) checkout failed (error: -5) ("FLEXnet ERROR(-5, 0, 0): No such feature exists.")
2026-02-23 13:46:59.831635 (926321) lic_core INFO    (2) checking out 'jasper_fao' ...
2026-02-23 13:46:59.841240 (926321) lic_core INFO    ... (2) checkout succeeded
2026-02-23 13:46:59.854340 (926321) session_ INFO    Starting analysis session with session id 'session_0' (launcher: <local>) ...
2026-02-23 13:46:59.857302 (926321) session_ INFO    Analysis session with session id 'session_0' started (pid: 926329)
2026-02-23 13:47:00.523153 (926321) session_ INFO    Analysis session 'session_0' connected to the console (host: 127.0.0.1:40398)
2026-02-23 13:47:01.200001 (926321) main____ INFO    About to exit: request to exit with status 1 received from analysis session 'session_0'
2026-02-23 13:47:01.300096 (926321) session_ INFO    Analysis session 'session_0' disconnected.
2026-02-23 13:47:01.300663 (926321) lic__man INFO    Unclaim everything for 'session_0'.
2026-02-23 13:47:01.301646 (926321) session_ INFO    Process for analysis session 'session_0' has exited with exit status '1'.
2026-02-23 13:47:03.105542 (926321) lic_core INFO    (2) checkin jasper_fao
2026-02-23 13:47:03.107365 (926321) main____ INFO    Exiting with status 1.
