2026-02-23 13:44:05.415252 (1944891) main____ INFO    ----------------------------------------
2026-02-23 13:44:05.415356 (1944891) main____ INFO    JasperGold version info
2026-02-23 13:44:05.415374 (1944891) main____ INFO      tool      : JasperGold 2021.03
2026-02-23 13:44:05.415383 (1944891) main____ INFO      version   : 2021.03 FCS 64 bits
2026-02-23 13:44:05.415389 (1944891) main____ INFO      build date: 2021.03.23 02:50:43 UTC
2026-02-23 13:44:05.415393 (1944891) main____ INFO    ----------------------------------------
2026-02-23 13:44:05.415398 (1944891) main____ INFO    Runtime info:
2026-02-23 13:44:05.415403 (1944891) main____ INFO      platform  : Linux 5.14.0-570.84.1.el9_6.x86_64 x86_64
2026-02-23 13:44:05.415409 (1944891) main____ INFO      hostname  : della-r3c1n5
2026-02-23 13:44:05.415414 (1944891) main____ INFO      pid       : 1944891
2026-02-23 13:44:05.415419 (1944891) main____ INFO      arguments : '-style' 'windows' '-batch' '-proj' './verification_results/01921/jgproject' '-tcl' './jasper_verif_check.tcl'
2026-02-23 13:44:05.415427 (1944891) main____ INFO      locale    : UTF-8
2026-02-23 13:44:05.415432 (1944891) main____ INFO    ----------------------------------------
2026-02-23 13:44:05.415436 (1944891) main____ INFO    System resource limits info:
2026-02-23 13:44:05.415441 (1944891) main____ INFO      virtual memory: unlimited
2026-02-23 13:44:05.415445 (1944891) main____ INFO      cpu time      : unlimited
2026-02-23 13:44:05.415449 (1944891) main____ INFO      stack size    : unlimited
2026-02-23 13:44:05.415454 (1944891) main____ INFO      core file size: unlimited
2026-02-23 13:44:05.415461 (1944891) main____ INFO      open files    : 131072
2026-02-23 13:44:05.415465 (1944891) main____ INFO      file size     : unlimited
2026-02-23 13:44:05.415470 (1944891) main____ INFO    ----------------------------------------
2026-02-23 13:44:05.415474 (1944891) main____ INFO    Memory statistics:
2026-02-23 13:44:05.415478 (1944891) main____ INFO      total physical memory  : 195972056 kB
2026-02-23 13:44:05.415483 (1944891) main____ INFO      free physical memory   : 110865144 kB
2026-02-23 13:44:05.415487 (1944891) main____ INFO      committed address space: 54972672 kB
2026-02-23 13:44:05.415491 (1944891) main____ INFO    ----------------------------------------
2026-02-23 13:44:05.416499 (1944891) main____ INFO    Important environment variables:
2026-02-23 13:44:05.416520 (1944891) main____ INFO      JASPER_HOME       : '/usr/licensed/cadence-20210126/jasper_2021.03'
2026-02-23 13:44:05.416526 (1944891) main____ INFO      JASPER_INSTALL_DIR: '/scratch/gpfs/LICENSED/x86_64/cadence-20210126/jasper_2021.03'
2026-02-23 13:44:05.416532 (1944891) main____ INFO      LANG              : 'en_US.UTF-8'
2026-02-23 13:44:05.416537 (1944891) main____ INFO      LM_LICENSE_FILE   : '5280@license.rc.princeton.edu'
2026-02-23 13:44:05.416542 (1944891) main____ INFO      TMPDIR            : '/tmp/ab2113/jg_5018879_31'
2026-02-23 13:44:05.416547 (1944891) main____ INFO    ----------------------------------------
2026-02-23 13:44:05.417459 (1944891) lic_core INFO    Initializing license system ...
2026-02-23 13:44:05.418339 (1944891) lic_core INFO    ... license system initialized.
2026-02-23 13:44:05.419140 (1944891) lic__man INFO    Claim 'fpv' for <ui>.
2026-02-23 13:44:05.419187 (1944891) lic_core INFO    (1) checking out 'jasper_fpv' ...
2026-02-23 13:44:05.424640 (1944891) lic_core INFO    ... (1) checkout failed (error: -5) ("FLEXnet ERROR(-5, 0, 0): No such feature exists.")
2026-02-23 13:44:05.424697 (1944891) lic_core INFO    (2) checking out 'jasper_fao' ...
2026-02-23 13:44:05.435083 (1944891) lic_core INFO    ... (2) checkout succeeded
2026-02-23 13:44:05.450066 (1944891) session_ INFO    Starting analysis session with session id 'session_0' (launcher: <local>) ...
2026-02-23 13:44:05.453149 (1944891) session_ INFO    Analysis session with session id 'session_0' started (pid: 1944899)
2026-02-23 13:44:06.155940 (1944891) session_ INFO    Analysis session 'session_0' connected to the console (host: 127.0.0.1:51864)
2026-02-23 13:44:07.009576 (1944891) lic__man INFO    Unclaim everything for 'session_0'.
2026-02-23 13:44:07.054306 (1944891) lic__man INFO    Claim 'fpv' for 'session_0'.
2026-02-23 13:44:07.054348 (1944891) lic__man INFO    Claim 'fpv' for 'session_0/prove-0'.
2026-02-23 13:44:16.653142 (1944891) lic__man INFO    Unclaim everything for 'session_0/prove-0'.
2026-02-23 13:44:16.710226 (1944891) main____ INFO    About to exit: request to exit with status 0 received from analysis session 'session_0'
2026-02-23 13:44:16.791136 (1944891) session_ INFO    Analysis session 'session_0' disconnected.
2026-02-23 13:44:16.791285 (1944891) lic__man INFO    Unclaim everything for 'session_0'.
2026-02-23 13:44:16.791639 (1944891) session_ INFO    Process for analysis session 'session_0' has exited with exit status '0'.
2026-02-23 13:44:18.614333 (1944891) lic_core INFO    (2) checkin jasper_fao
2026-02-23 13:44:18.615915 (1944891) main____ INFO    Exiting with status 0.
