2026-02-23 13:48:55.416698 (2384062) main____ INFO    ----------------------------------------
2026-02-23 13:48:55.416808 (2384062) main____ INFO    JasperGold version info
2026-02-23 13:48:55.416825 (2384062) main____ INFO      tool      : JasperGold 2021.03
2026-02-23 13:48:55.416833 (2384062) main____ INFO      version   : 2021.03 FCS 64 bits
2026-02-23 13:48:55.416839 (2384062) main____ INFO      build date: 2021.03.23 02:50:43 UTC
2026-02-23 13:48:55.416844 (2384062) main____ INFO    ----------------------------------------
2026-02-23 13:48:55.416849 (2384062) main____ INFO    Runtime info:
2026-02-23 13:48:55.416854 (2384062) main____ INFO      platform  : Linux 5.14.0-570.84.1.el9_6.x86_64 x86_64
2026-02-23 13:48:55.416860 (2384062) main____ INFO      hostname  : della-h14n8
2026-02-23 13:48:55.416865 (2384062) main____ INFO      pid       : 2384062
2026-02-23 13:48:55.416870 (2384062) main____ INFO      arguments : '-style' 'windows' '-batch' '-proj' './verification_results/02980/jgproject' '-tcl' './jasper_verif_check.tcl'
2026-02-23 13:48:55.416879 (2384062) main____ INFO      locale    : UTF-8
2026-02-23 13:48:55.416884 (2384062) main____ INFO    ----------------------------------------
2026-02-23 13:48:55.416888 (2384062) main____ INFO    System resource limits info:
2026-02-23 13:48:55.416893 (2384062) main____ INFO      virtual memory: unlimited
2026-02-23 13:48:55.416898 (2384062) main____ INFO      cpu time      : unlimited
2026-02-23 13:48:55.416903 (2384062) main____ INFO      stack size    : unlimited
2026-02-23 13:48:55.416908 (2384062) main____ INFO      core file size: unlimited
2026-02-23 13:48:55.416916 (2384062) main____ INFO      open files    : 131072
2026-02-23 13:48:55.416921 (2384062) main____ INFO      file size     : unlimited
2026-02-23 13:48:55.416925 (2384062) main____ INFO    ----------------------------------------
2026-02-23 13:48:55.416930 (2384062) main____ INFO    Memory statistics:
2026-02-23 13:48:55.416936 (2384062) main____ INFO      total physical memory  : 1584164340 kB
2026-02-23 13:48:55.416941 (2384062) main____ INFO      free physical memory   : 762588232 kB
2026-02-23 13:48:55.416946 (2384062) main____ INFO      committed address space: 529591268 kB
2026-02-23 13:48:55.416950 (2384062) main____ INFO    ----------------------------------------
2026-02-23 13:48:55.417476 (2384062) main____ INFO    Important environment variables:
2026-02-23 13:48:55.417492 (2384062) main____ INFO      JASPER_HOME       : '/usr/licensed/cadence-20210126/jasper_2021.03'
2026-02-23 13:48:55.417499 (2384062) main____ INFO      JASPER_INSTALL_DIR: '/scratch/gpfs/LICENSED/x86_64/cadence-20210126/jasper_2021.03'
2026-02-23 13:48:55.417504 (2384062) main____ INFO      LANG              : 'en_US.UTF-8'
2026-02-23 13:48:55.417510 (2384062) main____ INFO      LM_LICENSE_FILE   : '5280@license.rc.princeton.edu'
2026-02-23 13:48:55.417515 (2384062) main____ INFO      TMPDIR            : '/tmp/ab2113/jg_5018966_52'
2026-02-23 13:48:55.417520 (2384062) main____ INFO    ----------------------------------------
2026-02-23 13:48:55.418078 (2384062) lic_core INFO    Initializing license system ...
2026-02-23 13:48:55.418668 (2384062) lic_core INFO    ... license system initialized.
2026-02-23 13:48:55.419872 (2384062) lic__man INFO    Claim 'fpv' for <ui>.
2026-02-23 13:48:55.419965 (2384062) lic_core INFO    (1) checking out 'jasper_fpv' ...
2026-02-23 13:48:55.426562 (2384062) lic_core INFO    ... (1) checkout failed (error: -5) ("FLEXnet ERROR(-5, 0, 0): No such feature exists.")
2026-02-23 13:48:55.426595 (2384062) lic_core INFO    (2) checking out 'jasper_fao' ...
2026-02-23 13:48:55.435873 (2384062) lic_core INFO    ... (2) checkout succeeded
2026-02-23 13:48:55.448298 (2384062) session_ INFO    Starting analysis session with session id 'session_0' (launcher: <local>) ...
2026-02-23 13:48:55.451463 (2384062) session_ INFO    Analysis session with session id 'session_0' started (pid: 2384072)
2026-02-23 13:48:55.999550 (2384062) session_ INFO    Analysis session 'session_0' connected to the console (host: 127.0.0.1:50248)
2026-02-23 13:48:56.804845 (2384062) main____ INFO    About to exit: request to exit with status 1 received from analysis session 'session_0'
2026-02-23 13:48:56.857540 (2384062) session_ INFO    Analysis session 'session_0' disconnected.
2026-02-23 13:48:56.857710 (2384062) lic__man INFO    Unclaim everything for 'session_0'.
2026-02-23 13:48:56.858571 (2384062) session_ INFO    Process for analysis session 'session_0' has exited with exit status '1'.
2026-02-23 13:48:58.709410 (2384062) lic_core INFO    (2) checkin jasper_fao
2026-02-23 13:48:58.710736 (2384062) main____ INFO    Exiting with status 1.
