2026-02-20 18:24:24.334337 (2584710) main____ INFO    ----------------------------------------
2026-02-20 18:24:24.334445 (2584710) main____ INFO    JasperGold version info
2026-02-20 18:24:24.334465 (2584710) main____ INFO      tool      : JasperGold 2021.03
2026-02-20 18:24:24.334474 (2584710) main____ INFO      version   : 2021.03 FCS 64 bits
2026-02-20 18:24:24.334479 (2584710) main____ INFO      build date: 2021.03.23 02:50:43 UTC
2026-02-20 18:24:24.334483 (2584710) main____ INFO    ----------------------------------------
2026-02-20 18:24:24.334487 (2584710) main____ INFO    Runtime info:
2026-02-20 18:24:24.334492 (2584710) main____ INFO      platform  : Linux 5.14.0-570.84.1.el9_6.x86_64 x86_64
2026-02-20 18:24:24.334497 (2584710) main____ INFO      hostname  : della-i13n22
2026-02-20 18:24:24.334502 (2584710) main____ INFO      pid       : 2584710
2026-02-20 18:24:24.334506 (2584710) main____ INFO      arguments : '-style' 'windows' '-batch' '-proj' 'verification_results/00772/jgproject' '-tcl' './jasper_verif_check.tcl'
2026-02-20 18:24:24.334514 (2584710) main____ INFO      locale    : UTF-8
2026-02-20 18:24:24.334518 (2584710) main____ INFO    ----------------------------------------
2026-02-20 18:24:24.334522 (2584710) main____ INFO    System resource limits info:
2026-02-20 18:24:24.334526 (2584710) main____ INFO      virtual memory: unlimited
2026-02-20 18:24:24.334530 (2584710) main____ INFO      cpu time      : unlimited
2026-02-20 18:24:24.334534 (2584710) main____ INFO      stack size    : unlimited
2026-02-20 18:24:24.334538 (2584710) main____ INFO      core file size: unlimited
2026-02-20 18:24:24.334546 (2584710) main____ INFO      open files    : 131072
2026-02-20 18:24:24.334550 (2584710) main____ INFO      file size     : unlimited
2026-02-20 18:24:24.334554 (2584710) main____ INFO    ----------------------------------------
2026-02-20 18:24:24.334558 (2584710) main____ INFO    Memory statistics:
2026-02-20 18:24:24.334562 (2584710) main____ INFO      total physical memory  : 394157548 kB
2026-02-20 18:24:24.334565 (2584710) main____ INFO      free physical memory   : 177566964 kB
2026-02-20 18:24:24.334569 (2584710) main____ INFO      committed address space: 180975864 kB
2026-02-20 18:24:24.334573 (2584710) main____ INFO    ----------------------------------------
2026-02-20 18:24:24.335454 (2584710) main____ INFO    Important environment variables:
2026-02-20 18:24:24.335470 (2584710) main____ INFO      JASPER_HOME       : '/usr/licensed/cadence-20210126/jasper_2021.03'
2026-02-20 18:24:24.335476 (2584710) main____ INFO      JASPER_INSTALL_DIR: '/scratch/gpfs/LICENSED/x86_64/cadence-20210126/jasper_2021.03'
2026-02-20 18:24:24.335481 (2584710) main____ INFO      LANG              : 'en_US.UTF-8'
2026-02-20 18:24:24.335486 (2584710) main____ INFO      LM_LICENSE_FILE   : '5280@license.rc.princeton.edu'
2026-02-20 18:24:24.335491 (2584710) main____ INFO      TMPDIR            : '/tmp'
2026-02-20 18:24:24.335495 (2584710) main____ INFO    ----------------------------------------
2026-02-20 18:24:24.336378 (2584710) lic_core INFO    Initializing license system ...
2026-02-20 18:24:24.337281 (2584710) lic_core INFO    ... license system initialized.
2026-02-20 18:24:24.338060 (2584710) lic__man INFO    Claim 'fpv' for <ui>.
2026-02-20 18:24:24.338102 (2584710) lic_core INFO    (1) checking out 'jasper_fpv' ...
2026-02-20 18:24:24.343985 (2584710) lic_core INFO    ... (1) checkout failed (error: -5) ("FLEXnet ERROR(-5, 0, 0): No such feature exists.")
2026-02-20 18:24:24.344045 (2584710) lic_core INFO    (2) checking out 'jasper_fao' ...
2026-02-20 18:24:24.354013 (2584710) lic_core INFO    ... (2) checkout succeeded
2026-02-20 18:24:24.368431 (2584710) session_ INFO    Starting analysis session with session id 'session_0' (launcher: <local>) ...
2026-02-20 18:24:24.371931 (2584710) session_ INFO    Analysis session with session id 'session_0' started (pid: 2584718)
2026-02-20 18:24:25.128148 (2584710) session_ INFO    Analysis session 'session_0' connected to the console (host: 127.0.0.1:54866)
2026-02-20 18:24:25.984584 (2584710) lic__man INFO    Unclaim everything for 'session_0'.
2026-02-20 18:24:26.030521 (2584710) lic__man INFO    Claim 'fpv' for 'session_0'.
2026-02-20 18:24:26.030573 (2584710) lic__man INFO    Claim 'fpv' for 'session_0/prove-0'.
2026-02-20 18:24:26.172070 (2584710) lic__man INFO    Unclaim everything for 'session_0/prove-0'.
2026-02-20 18:24:26.230502 (2584710) main____ INFO    About to exit: request to exit with status 0 received from analysis session 'session_0'
2026-02-20 18:24:26.326396 (2584710) session_ INFO    Analysis session 'session_0' disconnected.
2026-02-20 18:24:26.326561 (2584710) lic__man INFO    Unclaim everything for 'session_0'.
2026-02-20 18:24:26.327294 (2584710) session_ INFO    Process for analysis session 'session_0' has exited with exit status '0'.
2026-02-20 18:24:28.137800 (2584710) lic_core INFO    (2) checkin jasper_fao
2026-02-20 18:24:28.139316 (2584710) main____ INFO    Exiting with status 0.
