2026-02-20 18:01:11.819854 (2571165) main____ INFO    ----------------------------------------
2026-02-20 18:01:11.819970 (2571165) main____ INFO    JasperGold version info
2026-02-20 18:01:11.819992 (2571165) main____ INFO      tool      : JasperGold 2021.03
2026-02-20 18:01:11.820001 (2571165) main____ INFO      version   : 2021.03 FCS 64 bits
2026-02-20 18:01:11.820006 (2571165) main____ INFO      build date: 2021.03.23 02:50:43 UTC
2026-02-20 18:01:11.820010 (2571165) main____ INFO    ----------------------------------------
2026-02-20 18:01:11.820014 (2571165) main____ INFO    Runtime info:
2026-02-20 18:01:11.820019 (2571165) main____ INFO      platform  : Linux 5.14.0-570.84.1.el9_6.x86_64 x86_64
2026-02-20 18:01:11.820025 (2571165) main____ INFO      hostname  : della-i13n22
2026-02-20 18:01:11.820029 (2571165) main____ INFO      pid       : 2571165
2026-02-20 18:01:11.820034 (2571165) main____ INFO      arguments : '-style' 'windows' '-batch' '-proj' 'verification_results/00644/jgproject' '-tcl' './jasper_verif_check.tcl'
2026-02-20 18:01:11.820042 (2571165) main____ INFO      locale    : UTF-8
2026-02-20 18:01:11.820046 (2571165) main____ INFO    ----------------------------------------
2026-02-20 18:01:11.820050 (2571165) main____ INFO    System resource limits info:
2026-02-20 18:01:11.820054 (2571165) main____ INFO      virtual memory: unlimited
2026-02-20 18:01:11.820058 (2571165) main____ INFO      cpu time      : unlimited
2026-02-20 18:01:11.820062 (2571165) main____ INFO      stack size    : unlimited
2026-02-20 18:01:11.820066 (2571165) main____ INFO      core file size: unlimited
2026-02-20 18:01:11.820073 (2571165) main____ INFO      open files    : 131072
2026-02-20 18:01:11.820077 (2571165) main____ INFO      file size     : unlimited
2026-02-20 18:01:11.820081 (2571165) main____ INFO    ----------------------------------------
2026-02-20 18:01:11.820085 (2571165) main____ INFO    Memory statistics:
2026-02-20 18:01:11.820089 (2571165) main____ INFO      total physical memory  : 394157548 kB
2026-02-20 18:01:11.820093 (2571165) main____ INFO      free physical memory   : 183492672 kB
2026-02-20 18:01:11.820096 (2571165) main____ INFO      committed address space: 175056412 kB
2026-02-20 18:01:11.820100 (2571165) main____ INFO    ----------------------------------------
2026-02-20 18:01:11.820991 (2571165) main____ INFO    Important environment variables:
2026-02-20 18:01:11.821009 (2571165) main____ INFO      JASPER_HOME       : '/usr/licensed/cadence-20210126/jasper_2021.03'
2026-02-20 18:01:11.821015 (2571165) main____ INFO      JASPER_INSTALL_DIR: '/scratch/gpfs/LICENSED/x86_64/cadence-20210126/jasper_2021.03'
2026-02-20 18:01:11.821021 (2571165) main____ INFO      LANG              : 'en_US.UTF-8'
2026-02-20 18:01:11.821026 (2571165) main____ INFO      LM_LICENSE_FILE   : '5280@license.rc.princeton.edu'
2026-02-20 18:01:11.821031 (2571165) main____ INFO      TMPDIR            : '/tmp'
2026-02-20 18:01:11.821035 (2571165) main____ INFO    ----------------------------------------
2026-02-20 18:01:11.821989 (2571165) lic_core INFO    Initializing license system ...
2026-02-20 18:01:11.822923 (2571165) lic_core INFO    ... license system initialized.
2026-02-20 18:01:11.823766 (2571165) lic__man INFO    Claim 'fpv' for <ui>.
2026-02-20 18:01:11.823816 (2571165) lic_core INFO    (1) checking out 'jasper_fpv' ...
2026-02-20 18:01:11.829511 (2571165) lic_core INFO    ... (1) checkout failed (error: -5) ("FLEXnet ERROR(-5, 0, 0): No such feature exists.")
2026-02-20 18:01:11.829572 (2571165) lic_core INFO    (2) checking out 'jasper_fao' ...
2026-02-20 18:01:11.839395 (2571165) lic_core INFO    ... (2) checkout succeeded
2026-02-20 18:01:11.853684 (2571165) session_ INFO    Starting analysis session with session id 'session_0' (launcher: <local>) ...
2026-02-20 18:01:11.857002 (2571165) session_ INFO    Analysis session with session id 'session_0' started (pid: 2571173)
2026-02-20 18:01:12.616662 (2571165) session_ INFO    Analysis session 'session_0' connected to the console (host: 127.0.0.1:50032)
2026-02-20 18:01:13.241525 (2571165) main____ INFO    About to exit: request to exit with status 1 received from analysis session 'session_0'
2026-02-20 18:01:13.336585 (2571165) session_ INFO    Analysis session 'session_0' disconnected.
2026-02-20 18:01:13.336720 (2571165) lic__man INFO    Unclaim everything for 'session_0'.
2026-02-20 18:01:13.337375 (2571165) session_ INFO    Process for analysis session 'session_0' has exited with exit status '1'.
2026-02-20 18:01:15.147747 (2571165) lic_core INFO    (2) checkin jasper_fao
2026-02-20 18:01:15.149317 (2571165) main____ INFO    Exiting with status 1.
