2026-02-23 13:39:34.791304 (1680321) main____ INFO    ----------------------------------------
2026-02-23 13:39:34.791381 (1680321) main____ INFO    JasperGold version info
2026-02-23 13:39:34.791396 (1680321) main____ INFO      tool      : JasperGold 2021.03
2026-02-23 13:39:34.791403 (1680321) main____ INFO      version   : 2021.03 FCS 64 bits
2026-02-23 13:39:34.791409 (1680321) main____ INFO      build date: 2021.03.23 02:50:43 UTC
2026-02-23 13:39:34.791414 (1680321) main____ INFO    ----------------------------------------
2026-02-23 13:39:34.791419 (1680321) main____ INFO    Runtime info:
2026-02-23 13:39:34.791424 (1680321) main____ INFO      platform  : Linux 5.14.0-570.84.1.el9_6.x86_64 x86_64
2026-02-23 13:39:34.791431 (1680321) main____ INFO      hostname  : della-h14n7
2026-02-23 13:39:34.791436 (1680321) main____ INFO      pid       : 1680321
2026-02-23 13:39:34.791441 (1680321) main____ INFO      arguments : '-style' 'windows' '-batch' '-proj' './verification_results/00659/jgproject' '-tcl' './jasper_verif_check.tcl'
2026-02-23 13:39:34.791449 (1680321) main____ INFO      locale    : UTF-8
2026-02-23 13:39:34.791454 (1680321) main____ INFO    ----------------------------------------
2026-02-23 13:39:34.791459 (1680321) main____ INFO    System resource limits info:
2026-02-23 13:39:34.791464 (1680321) main____ INFO      virtual memory: unlimited
2026-02-23 13:39:34.791468 (1680321) main____ INFO      cpu time      : unlimited
2026-02-23 13:39:34.791473 (1680321) main____ INFO      stack size    : unlimited
2026-02-23 13:39:34.791478 (1680321) main____ INFO      core file size: unlimited
2026-02-23 13:39:34.791485 (1680321) main____ INFO      open files    : 131072
2026-02-23 13:39:34.791490 (1680321) main____ INFO      file size     : unlimited
2026-02-23 13:39:34.791494 (1680321) main____ INFO    ----------------------------------------
2026-02-23 13:39:34.791500 (1680321) main____ INFO    Memory statistics:
2026-02-23 13:39:34.791505 (1680321) main____ INFO      total physical memory  : 1584164356 kB
2026-02-23 13:39:34.791510 (1680321) main____ INFO      free physical memory   : 817238180 kB
2026-02-23 13:39:34.791514 (1680321) main____ INFO      committed address space: 594542296 kB
2026-02-23 13:39:34.791519 (1680321) main____ INFO    ----------------------------------------
2026-02-23 13:39:34.792022 (1680321) main____ INFO    Important environment variables:
2026-02-23 13:39:34.792035 (1680321) main____ INFO      JASPER_HOME       : '/usr/licensed/cadence-20210126/jasper_2021.03'
2026-02-23 13:39:34.792041 (1680321) main____ INFO      JASPER_INSTALL_DIR: '/scratch/gpfs/LICENSED/x86_64/cadence-20210126/jasper_2021.03'
2026-02-23 13:39:34.792047 (1680321) main____ INFO      LANG              : 'en_US.UTF-8'
2026-02-23 13:39:34.792052 (1680321) main____ INFO      LM_LICENSE_FILE   : '5280@license.rc.princeton.edu'
2026-02-23 13:39:34.792057 (1680321) main____ INFO      TMPDIR            : '/tmp/ab2113/jg_5018707_5'
2026-02-23 13:39:34.792062 (1680321) main____ INFO    ----------------------------------------
2026-02-23 13:39:34.792526 (1680321) lic_core INFO    Initializing license system ...
2026-02-23 13:39:34.793021 (1680321) lic_core INFO    ... license system initialized.
2026-02-23 13:39:34.793741 (1680321) lic__man INFO    Claim 'fpv' for <ui>.
2026-02-23 13:39:34.793771 (1680321) lic_core INFO    (1) checking out 'jasper_fpv' ...
2026-02-23 13:39:34.799580 (1680321) lic_core INFO    ... (1) checkout failed (error: -5) ("FLEXnet ERROR(-5, 0, 0): No such feature exists.")
2026-02-23 13:39:34.799605 (1680321) lic_core INFO    (2) checking out 'jasper_fao' ...
2026-02-23 13:39:34.808546 (1680321) lic_core INFO    ... (2) checkout succeeded
2026-02-23 13:39:34.818840 (1680321) session_ INFO    Starting analysis session with session id 'session_0' (launcher: <local>) ...
2026-02-23 13:39:34.821314 (1680321) session_ INFO    Analysis session with session id 'session_0' started (pid: 1680357)
2026-02-23 13:39:35.378104 (1680321) session_ INFO    Analysis session 'session_0' connected to the console (host: 127.0.0.1:55580)
2026-02-23 13:39:35.870311 (1680321) main____ INFO    About to exit: request to exit with status 1 received from analysis session 'session_0'
2026-02-23 13:39:35.917735 (1680321) session_ INFO    Analysis session 'session_0' disconnected.
2026-02-23 13:39:35.917854 (1680321) lic__man INFO    Unclaim everything for 'session_0'.
2026-02-23 13:39:35.918672 (1680321) session_ INFO    Process for analysis session 'session_0' has exited with exit status '1'.
2026-02-23 13:39:37.975817 (1680321) lic_core INFO    (2) checkin jasper_fao
2026-02-23 13:39:37.976895 (1680321) main____ INFO    Exiting with status 1.
