2026-02-23 13:41:19.609028 (2868294) main____ INFO    ----------------------------------------
2026-02-23 13:41:19.609098 (2868294) main____ INFO    JasperGold version info
2026-02-23 13:41:19.609112 (2868294) main____ INFO      tool      : JasperGold 2021.03
2026-02-23 13:41:19.609122 (2868294) main____ INFO      version   : 2021.03 FCS 64 bits
2026-02-23 13:41:19.609127 (2868294) main____ INFO      build date: 2021.03.23 02:50:43 UTC
2026-02-23 13:41:19.609133 (2868294) main____ INFO    ----------------------------------------
2026-02-23 13:41:19.609138 (2868294) main____ INFO    Runtime info:
2026-02-23 13:41:19.609143 (2868294) main____ INFO      platform  : Linux 5.14.0-570.84.1.el9_6.x86_64 x86_64
2026-02-23 13:41:19.609149 (2868294) main____ INFO      hostname  : della-h16n9
2026-02-23 13:41:19.609155 (2868294) main____ INFO      pid       : 2868294
2026-02-23 13:41:19.609160 (2868294) main____ INFO      arguments : '-style' 'windows' '-batch' '-proj' './verification_results/01664/jgproject' '-tcl' './jasper_verif_check.tcl'
2026-02-23 13:41:19.609169 (2868294) main____ INFO      locale    : UTF-8
2026-02-23 13:41:19.609175 (2868294) main____ INFO    ----------------------------------------
2026-02-23 13:41:19.609183 (2868294) main____ INFO    System resource limits info:
2026-02-23 13:41:19.609188 (2868294) main____ INFO      virtual memory: unlimited
2026-02-23 13:41:19.609193 (2868294) main____ INFO      cpu time      : unlimited
2026-02-23 13:41:19.609199 (2868294) main____ INFO      stack size    : unlimited
2026-02-23 13:41:19.609205 (2868294) main____ INFO      core file size: unlimited
2026-02-23 13:41:19.609213 (2868294) main____ INFO      open files    : 131072
2026-02-23 13:41:19.609218 (2868294) main____ INFO      file size     : unlimited
2026-02-23 13:41:19.609223 (2868294) main____ INFO    ----------------------------------------
2026-02-23 13:41:19.609228 (2868294) main____ INFO    Memory statistics:
2026-02-23 13:41:19.609234 (2868294) main____ INFO      total physical memory  : 1584164368 kB
2026-02-23 13:41:19.609239 (2868294) main____ INFO      free physical memory   : 833569156 kB
2026-02-23 13:41:19.609244 (2868294) main____ INFO      committed address space: 653561216 kB
2026-02-23 13:41:19.609249 (2868294) main____ INFO    ----------------------------------------
2026-02-23 13:41:19.609783 (2868294) main____ INFO    Important environment variables:
2026-02-23 13:41:19.609796 (2868294) main____ INFO      JASPER_HOME       : '/usr/licensed/cadence-20210126/jasper_2021.03'
2026-02-23 13:41:19.609803 (2868294) main____ INFO      JASPER_INSTALL_DIR: '/scratch/gpfs/LICENSED/x86_64/cadence-20210126/jasper_2021.03'
2026-02-23 13:41:19.609809 (2868294) main____ INFO      LANG              : 'en_US.UTF-8'
2026-02-23 13:41:19.609815 (2868294) main____ INFO      LM_LICENSE_FILE   : '5280@license.rc.princeton.edu'
2026-02-23 13:41:19.609821 (2868294) main____ INFO      TMPDIR            : '/tmp/ab2113/jg_5018847_26'
2026-02-23 13:41:19.609828 (2868294) main____ INFO    ----------------------------------------
2026-02-23 13:41:19.610390 (2868294) lic_core INFO    Initializing license system ...
2026-02-23 13:41:19.611012 (2868294) lic_core INFO    ... license system initialized.
2026-02-23 13:41:19.611838 (2868294) lic__man INFO    Claim 'fpv' for <ui>.
2026-02-23 13:41:19.611873 (2868294) lic_core INFO    (1) checking out 'jasper_fpv' ...
2026-02-23 13:41:19.617684 (2868294) lic_core INFO    ... (1) checkout failed (error: -5) ("FLEXnet ERROR(-5, 0, 0): No such feature exists.")
2026-02-23 13:41:19.617712 (2868294) lic_core INFO    (2) checking out 'jasper_fao' ...
2026-02-23 13:41:19.626385 (2868294) lic_core INFO    ... (2) checkout succeeded
2026-02-23 13:41:19.637009 (2868294) session_ INFO    Starting analysis session with session id 'session_0' (launcher: <local>) ...
2026-02-23 13:41:19.639865 (2868294) session_ INFO    Analysis session with session id 'session_0' started (pid: 2868348)
2026-02-23 13:41:20.266451 (2868294) session_ INFO    Analysis session 'session_0' connected to the console (host: 127.0.0.1:47496)
2026-02-23 13:41:20.789048 (2868294) main____ INFO    About to exit: request to exit with status 1 received from analysis session 'session_0'
2026-02-23 13:41:20.866601 (2868294) session_ INFO    Analysis session 'session_0' disconnected.
2026-02-23 13:41:20.866807 (2868294) lic__man INFO    Unclaim everything for 'session_0'.
2026-02-23 13:41:20.867496 (2868294) session_ INFO    Process for analysis session 'session_0' has exited with exit status '1'.
2026-02-23 13:41:22.693820 (2868294) lic_core INFO    (2) checkin jasper_fao
2026-02-23 13:41:22.695774 (2868294) main____ INFO    Exiting with status 1.
