2026-02-23 13:43:01.657962 (2076813) main____ INFO    ----------------------------------------
2026-02-23 13:43:01.658048 (2076813) main____ INFO    JasperGold version info
2026-02-23 13:43:01.658066 (2076813) main____ INFO      tool      : JasperGold 2021.03
2026-02-23 13:43:01.658074 (2076813) main____ INFO      version   : 2021.03 FCS 64 bits
2026-02-23 13:43:01.658080 (2076813) main____ INFO      build date: 2021.03.23 02:50:43 UTC
2026-02-23 13:43:01.658084 (2076813) main____ INFO    ----------------------------------------
2026-02-23 13:43:01.658088 (2076813) main____ INFO    Runtime info:
2026-02-23 13:43:01.658093 (2076813) main____ INFO      platform  : Linux 5.14.0-570.84.1.el9_6.x86_64 x86_64
2026-02-23 13:43:01.658098 (2076813) main____ INFO      hostname  : della-r3c1n15
2026-02-23 13:43:01.658103 (2076813) main____ INFO      pid       : 2076813
2026-02-23 13:43:01.658107 (2076813) main____ INFO      arguments : '-style' 'windows' '-batch' '-proj' './verification_results/01407/jgproject' '-tcl' './jasper_verif_check.tcl'
2026-02-23 13:43:01.658115 (2076813) main____ INFO      locale    : UTF-8
2026-02-23 13:43:01.658119 (2076813) main____ INFO    ----------------------------------------
2026-02-23 13:43:01.658123 (2076813) main____ INFO    System resource limits info:
2026-02-23 13:43:01.658127 (2076813) main____ INFO      virtual memory: unlimited
2026-02-23 13:43:01.658131 (2076813) main____ INFO      cpu time      : unlimited
2026-02-23 13:43:01.658136 (2076813) main____ INFO      stack size    : unlimited
2026-02-23 13:43:01.658140 (2076813) main____ INFO      core file size: unlimited
2026-02-23 13:43:01.658147 (2076813) main____ INFO      open files    : 131072
2026-02-23 13:43:01.658151 (2076813) main____ INFO      file size     : unlimited
2026-02-23 13:43:01.658156 (2076813) main____ INFO    ----------------------------------------
2026-02-23 13:43:01.658160 (2076813) main____ INFO    Memory statistics:
2026-02-23 13:43:01.658164 (2076813) main____ INFO      total physical memory  : 195972072 kB
2026-02-23 13:43:01.658168 (2076813) main____ INFO      free physical memory   : 106659692 kB
2026-02-23 13:43:01.658172 (2076813) main____ INFO      committed address space: 17052504 kB
2026-02-23 13:43:01.658176 (2076813) main____ INFO    ----------------------------------------
2026-02-23 13:43:01.659126 (2076813) main____ INFO    Important environment variables:
2026-02-23 13:43:01.659140 (2076813) main____ INFO      JASPER_HOME       : '/usr/licensed/cadence-20210126/jasper_2021.03'
2026-02-23 13:43:01.659146 (2076813) main____ INFO      JASPER_INSTALL_DIR: '/scratch/gpfs/LICENSED/x86_64/cadence-20210126/jasper_2021.03'
2026-02-23 13:43:01.659151 (2076813) main____ INFO      LANG              : 'en_US.UTF-8'
2026-02-23 13:43:01.659156 (2076813) main____ INFO      LM_LICENSE_FILE   : '5280@license.rc.princeton.edu'
2026-02-23 13:43:01.659161 (2076813) main____ INFO      TMPDIR            : '/tmp/ab2113/jg_5018834_20'
2026-02-23 13:43:01.659165 (2076813) main____ INFO    ----------------------------------------
2026-02-23 13:43:01.659941 (2076813) lic_core INFO    Initializing license system ...
2026-02-23 13:43:01.660728 (2076813) lic_core INFO    ... license system initialized.
2026-02-23 13:43:01.661502 (2076813) lic__man INFO    Claim 'fpv' for <ui>.
2026-02-23 13:43:01.661536 (2076813) lic_core INFO    (1) checking out 'jasper_fpv' ...
2026-02-23 13:43:01.666877 (2076813) lic_core INFO    ... (1) checkout failed (error: -5) ("FLEXnet ERROR(-5, 0, 0): No such feature exists.")
2026-02-23 13:43:01.666906 (2076813) lic_core INFO    (2) checking out 'jasper_fao' ...
2026-02-23 13:43:01.677019 (2076813) lic_core INFO    ... (2) checkout succeeded
2026-02-23 13:43:01.691444 (2076813) session_ INFO    Starting analysis session with session id 'session_0' (launcher: <local>) ...
2026-02-23 13:43:01.694221 (2076813) session_ INFO    Analysis session with session id 'session_0' started (pid: 2076821)
2026-02-23 13:43:02.399179 (2076813) session_ INFO    Analysis session 'session_0' connected to the console (host: 127.0.0.1:53468)
2026-02-23 13:43:03.239048 (2076813) lic__man INFO    Unclaim everything for 'session_0'.
2026-02-23 13:43:03.311282 (2076813) main____ INFO    About to exit: request to exit with status 3 received from analysis session 'session_0'
2026-02-23 13:43:03.382648 (2076813) session_ INFO    Analysis session 'session_0' disconnected.
2026-02-23 13:43:03.382777 (2076813) lic__man INFO    Unclaim everything for 'session_0'.
2026-02-23 13:43:03.383471 (2076813) session_ INFO    Process for analysis session 'session_0' has exited with exit status '3'.
2026-02-23 13:43:05.304275 (2076813) lic_core INFO    (2) checkin jasper_fao
2026-02-23 13:43:05.305925 (2076813) main____ INFO    Exiting with status 3.
