2026-02-23 13:49:30.294553 (4171832) main____ INFO    ----------------------------------------
2026-02-23 13:49:30.294652 (4171832) main____ INFO    JasperGold version info
2026-02-23 13:49:30.294682 (4171832) main____ INFO      tool      : JasperGold 2021.03
2026-02-23 13:49:30.294691 (4171832) main____ INFO      version   : 2021.03 FCS 64 bits
2026-02-23 13:49:30.294697 (4171832) main____ INFO      build date: 2021.03.23 02:50:43 UTC
2026-02-23 13:49:30.294702 (4171832) main____ INFO    ----------------------------------------
2026-02-23 13:49:30.294707 (4171832) main____ INFO    Runtime info:
2026-02-23 13:49:30.294712 (4171832) main____ INFO      platform  : Linux 5.14.0-570.84.1.el9_6.x86_64 x86_64
2026-02-23 13:49:30.294718 (4171832) main____ INFO      hostname  : della-h14n1
2026-02-23 13:49:30.294724 (4171832) main____ INFO      pid       : 4171832
2026-02-23 13:49:30.294729 (4171832) main____ INFO      arguments : '-style' 'windows' '-batch' '-proj' './verification_results/02947/jgproject' '-tcl' './jasper_verif_check.tcl'
2026-02-23 13:49:30.294739 (4171832) main____ INFO      locale    : UTF-8
2026-02-23 13:49:30.294744 (4171832) main____ INFO    ----------------------------------------
2026-02-23 13:49:30.294751 (4171832) main____ INFO    System resource limits info:
2026-02-23 13:49:30.294756 (4171832) main____ INFO      virtual memory: unlimited
2026-02-23 13:49:30.294762 (4171832) main____ INFO      cpu time      : unlimited
2026-02-23 13:49:30.294767 (4171832) main____ INFO      stack size    : unlimited
2026-02-23 13:49:30.294772 (4171832) main____ INFO      core file size: unlimited
2026-02-23 13:49:30.294780 (4171832) main____ INFO      open files    : 131072
2026-02-23 13:49:30.294786 (4171832) main____ INFO      file size     : unlimited
2026-02-23 13:49:30.294791 (4171832) main____ INFO    ----------------------------------------
2026-02-23 13:49:30.294795 (4171832) main____ INFO    Memory statistics:
2026-02-23 13:49:30.294801 (4171832) main____ INFO      total physical memory  : 1584164324 kB
2026-02-23 13:49:30.294806 (4171832) main____ INFO      free physical memory   : 719868576 kB
2026-02-23 13:49:30.294811 (4171832) main____ INFO      committed address space: 572627248 kB
2026-02-23 13:49:30.294815 (4171832) main____ INFO    ----------------------------------------
2026-02-23 13:49:30.295350 (4171832) main____ INFO    Important environment variables:
2026-02-23 13:49:30.295365 (4171832) main____ INFO      JASPER_HOME       : '/usr/licensed/cadence-20210126/jasper_2021.03'
2026-02-23 13:49:30.295372 (4171832) main____ INFO      JASPER_INSTALL_DIR: '/scratch/gpfs/LICENSED/x86_64/cadence-20210126/jasper_2021.03'
2026-02-23 13:49:30.295378 (4171832) main____ INFO      LANG              : 'en_US.UTF-8'
2026-02-23 13:49:30.295383 (4171832) main____ INFO      LM_LICENSE_FILE   : '5280@license.rc.princeton.edu'
2026-02-23 13:49:30.295389 (4171832) main____ INFO      TMPDIR            : '/tmp/ab2113/jg_5018961_51'
2026-02-23 13:49:30.295393 (4171832) main____ INFO    ----------------------------------------
2026-02-23 13:49:30.295966 (4171832) lic_core INFO    Initializing license system ...
2026-02-23 13:49:30.296533 (4171832) lic_core INFO    ... license system initialized.
2026-02-23 13:49:30.297389 (4171832) lic__man INFO    Claim 'fpv' for <ui>.
2026-02-23 13:49:30.297426 (4171832) lic_core INFO    (1) checking out 'jasper_fpv' ...
2026-02-23 13:49:30.304006 (4171832) lic_core INFO    ... (1) checkout failed (error: -5) ("FLEXnet ERROR(-5, 0, 0): No such feature exists.")
2026-02-23 13:49:30.304040 (4171832) lic_core INFO    (2) checking out 'jasper_fao' ...
2026-02-23 13:49:30.313585 (4171832) lic_core INFO    ... (2) checkout succeeded
2026-02-23 13:49:30.327081 (4171832) session_ INFO    Starting analysis session with session id 'session_0' (launcher: <local>) ...
2026-02-23 13:49:30.330873 (4171832) session_ INFO    Analysis session with session id 'session_0' started (pid: 4171840)
2026-02-23 13:49:30.989780 (4171832) session_ INFO    Analysis session 'session_0' connected to the console (host: 127.0.0.1:60416)
2026-02-23 13:49:31.844760 (4171832) lic__man INFO    Unclaim everything for 'session_0'.
2026-02-23 13:49:31.889303 (4171832) lic__man INFO    Claim 'fpv' for 'session_0'.
2026-02-23 13:49:31.889356 (4171832) lic__man INFO    Claim 'fpv' for 'session_0/prove-0'.
2026-02-23 13:49:32.088238 (4171832) lic__man INFO    Unclaim everything for 'session_0/prove-0'.
2026-02-23 13:49:32.142783 (4171832) main____ INFO    About to exit: request to exit with status 0 received from analysis session 'session_0'
2026-02-23 13:49:32.209271 (4171832) session_ INFO    Analysis session 'session_0' disconnected.
2026-02-23 13:49:32.209458 (4171832) lic__man INFO    Unclaim everything for 'session_0'.
2026-02-23 13:49:32.210689 (4171832) session_ INFO    Process for analysis session 'session_0' has exited with exit status '0'.
2026-02-23 13:49:34.049818 (4171832) lic_core INFO    (2) checkin jasper_fao
2026-02-23 13:49:34.051424 (4171832) main____ INFO    Exiting with status 0.
