2026-02-23 14:11:03.768956 (1801559) main____ INFO    ----------------------------------------
2026-02-23 14:11:03.769037 (1801559) main____ INFO    JasperGold version info
2026-02-23 14:11:03.769054 (1801559) main____ INFO      tool      : JasperGold 2021.03
2026-02-23 14:11:03.769062 (1801559) main____ INFO      version   : 2021.03 FCS 64 bits
2026-02-23 14:11:03.769067 (1801559) main____ INFO      build date: 2021.03.23 02:50:43 UTC
2026-02-23 14:11:03.769072 (1801559) main____ INFO    ----------------------------------------
2026-02-23 14:11:03.769077 (1801559) main____ INFO    Runtime info:
2026-02-23 14:11:03.769082 (1801559) main____ INFO      platform  : Linux 5.14.0-570.84.1.el9_6.x86_64 x86_64
2026-02-23 14:11:03.769088 (1801559) main____ INFO      hostname  : della-h14n7
2026-02-23 14:11:03.769093 (1801559) main____ INFO      pid       : 1801559
2026-02-23 14:11:03.769099 (1801559) main____ INFO      arguments : '-style' 'windows' '-batch' '-proj' './verification_results/03737/jgproject' '-tcl' './jasper_verif_check.tcl'
2026-02-23 14:11:03.769106 (1801559) main____ INFO      locale    : UTF-8
2026-02-23 14:11:03.769111 (1801559) main____ INFO    ----------------------------------------
2026-02-23 14:11:03.769116 (1801559) main____ INFO    System resource limits info:
2026-02-23 14:11:03.769121 (1801559) main____ INFO      virtual memory: unlimited
2026-02-23 14:11:03.769126 (1801559) main____ INFO      cpu time      : unlimited
2026-02-23 14:11:03.769131 (1801559) main____ INFO      stack size    : unlimited
2026-02-23 14:11:03.769136 (1801559) main____ INFO      core file size: unlimited
2026-02-23 14:11:03.769142 (1801559) main____ INFO      open files    : 131072
2026-02-23 14:11:03.769147 (1801559) main____ INFO      file size     : unlimited
2026-02-23 14:11:03.769152 (1801559) main____ INFO    ----------------------------------------
2026-02-23 14:11:03.769157 (1801559) main____ INFO    Memory statistics:
2026-02-23 14:11:03.769163 (1801559) main____ INFO      total physical memory  : 1584164356 kB
2026-02-23 14:11:03.769167 (1801559) main____ INFO      free physical memory   : 806373864 kB
2026-02-23 14:11:03.769172 (1801559) main____ INFO      committed address space: 605230040 kB
2026-02-23 14:11:03.769177 (1801559) main____ INFO    ----------------------------------------
2026-02-23 14:11:03.769691 (1801559) main____ INFO    Important environment variables:
2026-02-23 14:11:03.769705 (1801559) main____ INFO      JASPER_HOME       : '/usr/licensed/cadence-20210126/jasper_2021.03'
2026-02-23 14:11:03.769711 (1801559) main____ INFO      JASPER_INSTALL_DIR: '/scratch/gpfs/LICENSED/x86_64/cadence-20210126/jasper_2021.03'
2026-02-23 14:11:03.769717 (1801559) main____ INFO      LANG              : 'en_US.UTF-8'
2026-02-23 14:11:03.769723 (1801559) main____ INFO      LM_LICENSE_FILE   : '5280@license.rc.princeton.edu'
2026-02-23 14:11:03.769728 (1801559) main____ INFO      TMPDIR            : '/tmp/ab2113/jg_5019054_67'
2026-02-23 14:11:03.769733 (1801559) main____ INFO    ----------------------------------------
2026-02-23 14:11:03.770197 (1801559) lic_core INFO    Initializing license system ...
2026-02-23 14:11:03.770691 (1801559) lic_core INFO    ... license system initialized.
2026-02-23 14:11:03.771447 (1801559) lic__man INFO    Claim 'fpv' for <ui>.
2026-02-23 14:11:03.771477 (1801559) lic_core INFO    (1) checking out 'jasper_fpv' ...
2026-02-23 14:11:03.777074 (1801559) lic_core INFO    ... (1) checkout failed (error: -5) ("FLEXnet ERROR(-5, 0, 0): No such feature exists.")
2026-02-23 14:11:03.777100 (1801559) lic_core INFO    (2) checking out 'jasper_fao' ...
2026-02-23 14:11:03.785819 (1801559) lic_core INFO    ... (2) checkout succeeded
2026-02-23 14:11:03.797032 (1801559) session_ INFO    Starting analysis session with session id 'session_0' (launcher: <local>) ...
2026-02-23 14:11:03.799522 (1801559) session_ INFO    Analysis session with session id 'session_0' started (pid: 1801567)
2026-02-23 14:11:04.296950 (1801559) session_ INFO    Analysis session 'session_0' connected to the console (host: 127.0.0.1:36842)
2026-02-23 14:11:04.799310 (1801559) main____ INFO    About to exit: request to exit with status 1 received from analysis session 'session_0'
2026-02-23 14:11:04.848038 (1801559) session_ INFO    Analysis session 'session_0' disconnected.
2026-02-23 14:11:04.848154 (1801559) lic__man INFO    Unclaim everything for 'session_0'.
2026-02-23 14:11:04.848848 (1801559) session_ INFO    Process for analysis session 'session_0' has exited with exit status '1'.
2026-02-23 14:11:06.703625 (1801559) lic_core INFO    (2) checkin jasper_fao
2026-02-23 14:11:06.705125 (1801559) main____ INFO    Exiting with status 1.
