2026-02-23 12:13:12.860676 (3509471) main____ INFO    ----------------------------------------
2026-02-23 12:13:12.860749 (3509471) main____ INFO    JasperGold version info
2026-02-23 12:13:12.860765 (3509471) main____ INFO      tool      : JasperGold 2021.03
2026-02-23 12:13:12.860774 (3509471) main____ INFO      version   : 2021.03 FCS 64 bits
2026-02-23 12:13:12.860779 (3509471) main____ INFO      build date: 2021.03.23 02:50:43 UTC
2026-02-23 12:13:12.860784 (3509471) main____ INFO    ----------------------------------------
2026-02-23 12:13:12.860789 (3509471) main____ INFO    Runtime info:
2026-02-23 12:13:12.860794 (3509471) main____ INFO      platform  : Linux 5.14.0-570.84.1.el9_6.x86_64 x86_64
2026-02-23 12:13:12.860800 (3509471) main____ INFO      hostname  : della-h16n1
2026-02-23 12:13:12.860805 (3509471) main____ INFO      pid       : 3509471
2026-02-23 12:13:12.860810 (3509471) main____ INFO      arguments : '-style' 'windows' '-batch' '-proj' './verification_results/00110/jgproject' '-tcl' './jasper_verif_check.tcl'
2026-02-23 12:13:12.860818 (3509471) main____ INFO      locale    : UTF-8
2026-02-23 12:13:12.860823 (3509471) main____ INFO    ----------------------------------------
2026-02-23 12:13:12.860828 (3509471) main____ INFO    System resource limits info:
2026-02-23 12:13:12.860833 (3509471) main____ INFO      virtual memory: unlimited
2026-02-23 12:13:12.860838 (3509471) main____ INFO      cpu time      : unlimited
2026-02-23 12:13:12.860842 (3509471) main____ INFO      stack size    : unlimited
2026-02-23 12:13:12.860847 (3509471) main____ INFO      core file size: unlimited
2026-02-23 12:13:12.860854 (3509471) main____ INFO      open files    : 131072
2026-02-23 12:13:12.860859 (3509471) main____ INFO      file size     : unlimited
2026-02-23 12:13:12.860864 (3509471) main____ INFO    ----------------------------------------
2026-02-23 12:13:12.860868 (3509471) main____ INFO    Memory statistics:
2026-02-23 12:13:12.860873 (3509471) main____ INFO      total physical memory  : 1584164360 kB
2026-02-23 12:13:12.860878 (3509471) main____ INFO      free physical memory   : 805979088 kB
2026-02-23 12:13:12.860883 (3509471) main____ INFO      committed address space: 412789652 kB
2026-02-23 12:13:12.860888 (3509471) main____ INFO    ----------------------------------------
2026-02-23 12:13:12.861405 (3509471) main____ INFO    Important environment variables:
2026-02-23 12:13:12.861420 (3509471) main____ INFO      JASPER_HOME       : '/usr/licensed/cadence-20210126/jasper_2021.03'
2026-02-23 12:13:12.861427 (3509471) main____ INFO      JASPER_INSTALL_DIR: '/scratch/gpfs/LICENSED/x86_64/cadence-20210126/jasper_2021.03'
2026-02-23 12:13:12.861432 (3509471) main____ INFO      LANG              : 'en_US.UTF-8'
2026-02-23 12:13:12.861438 (3509471) main____ INFO      LM_LICENSE_FILE   : '5280@license.rc.princeton.edu'
2026-02-23 12:13:12.861443 (3509471) main____ INFO      TMPDIR            : '/tmp/ab2113/jg_5016245_111'
2026-02-23 12:13:12.861448 (3509471) main____ INFO    ----------------------------------------
2026-02-23 12:13:12.861875 (3509471) lic_core INFO    Initializing license system ...
2026-02-23 12:13:12.862387 (3509471) lic_core INFO    ... license system initialized.
2026-02-23 12:13:12.863144 (3509471) lic__man INFO    Claim 'fpv' for <ui>.
2026-02-23 12:13:12.863176 (3509471) lic_core INFO    (1) checking out 'jasper_fpv' ...
2026-02-23 12:13:12.869279 (3509471) lic_core INFO    ... (1) checkout failed (error: -5) ("FLEXnet ERROR(-5, 0, 0): No such feature exists.")
2026-02-23 12:13:12.869305 (3509471) lic_core INFO    (2) checking out 'jasper_fao' ...
2026-02-23 12:13:12.877821 (3509471) lic_core INFO    ... (2) checkout succeeded
2026-02-23 12:13:12.888557 (3509471) session_ INFO    Starting analysis session with session id 'session_0' (launcher: <local>) ...
2026-02-23 12:13:12.891025 (3509471) session_ INFO    Analysis session with session id 'session_0' started (pid: 3509479)
2026-02-23 12:13:13.489875 (3509471) session_ INFO    Analysis session 'session_0' connected to the console (host: 127.0.0.1:52186)
2026-02-23 12:13:14.000203 (3509471) main____ INFO    About to exit: request to exit with status 1 received from analysis session 'session_0'
2026-02-23 12:13:14.055403 (3509471) session_ INFO    Analysis session 'session_0' disconnected.
2026-02-23 12:13:14.055533 (3509471) lic__man INFO    Unclaim everything for 'session_0'.
2026-02-23 12:13:14.056385 (3509471) session_ INFO    Process for analysis session 'session_0' has exited with exit status '1'.
2026-02-23 12:13:16.105550 (3509471) lic_core INFO    (2) checkin jasper_fao
2026-02-23 12:13:16.107022 (3509471) main____ INFO    Exiting with status 1.
