2026-02-23 13:41:59.821945 (1478878) main____ INFO    ----------------------------------------
2026-02-23 13:41:59.822028 (1478878) main____ INFO    JasperGold version info
2026-02-23 13:41:59.822045 (1478878) main____ INFO      tool      : JasperGold 2021.03
2026-02-23 13:41:59.822054 (1478878) main____ INFO      version   : 2021.03 FCS 64 bits
2026-02-23 13:41:59.822060 (1478878) main____ INFO      build date: 2021.03.23 02:50:43 UTC
2026-02-23 13:41:59.822065 (1478878) main____ INFO    ----------------------------------------
2026-02-23 13:41:59.822070 (1478878) main____ INFO    Runtime info:
2026-02-23 13:41:59.822076 (1478878) main____ INFO      platform  : Linux 5.14.0-570.84.1.el9_6.x86_64 x86_64
2026-02-23 13:41:59.822084 (1478878) main____ INFO      hostname  : della-h14n5
2026-02-23 13:41:59.822090 (1478878) main____ INFO      pid       : 1478878
2026-02-23 13:41:59.822095 (1478878) main____ INFO      arguments : '-style' 'windows' '-batch' '-proj' './verification_results/01063/jgproject' '-tcl' './jasper_verif_check.tcl'
2026-02-23 13:41:59.822105 (1478878) main____ INFO      locale    : UTF-8
2026-02-23 13:41:59.822110 (1478878) main____ INFO    ----------------------------------------
2026-02-23 13:41:59.822116 (1478878) main____ INFO    System resource limits info:
2026-02-23 13:41:59.822121 (1478878) main____ INFO      virtual memory: unlimited
2026-02-23 13:41:59.822128 (1478878) main____ INFO      cpu time      : unlimited
2026-02-23 13:41:59.822133 (1478878) main____ INFO      stack size    : unlimited
2026-02-23 13:41:59.822138 (1478878) main____ INFO      core file size: unlimited
2026-02-23 13:41:59.822146 (1478878) main____ INFO      open files    : 131072
2026-02-23 13:41:59.822152 (1478878) main____ INFO      file size     : unlimited
2026-02-23 13:41:59.822157 (1478878) main____ INFO    ----------------------------------------
2026-02-23 13:41:59.822162 (1478878) main____ INFO    Memory statistics:
2026-02-23 13:41:59.822169 (1478878) main____ INFO      total physical memory  : 1584164368 kB
2026-02-23 13:41:59.822175 (1478878) main____ INFO      free physical memory   : 701355848 kB
2026-02-23 13:41:59.822180 (1478878) main____ INFO      committed address space: 534326340 kB
2026-02-23 13:41:59.822185 (1478878) main____ INFO    ----------------------------------------
2026-02-23 13:41:59.822742 (1478878) main____ INFO    Important environment variables:
2026-02-23 13:41:59.822758 (1478878) main____ INFO      JASPER_HOME       : '/usr/licensed/cadence-20210126/jasper_2021.03'
2026-02-23 13:41:59.822764 (1478878) main____ INFO      JASPER_INSTALL_DIR: '/scratch/gpfs/LICENSED/x86_64/cadence-20210126/jasper_2021.03'
2026-02-23 13:41:59.822771 (1478878) main____ INFO      LANG              : 'en_US.UTF-8'
2026-02-23 13:41:59.822778 (1478878) main____ INFO      LM_LICENSE_FILE   : '5280@license.rc.princeton.edu'
2026-02-23 13:41:59.822783 (1478878) main____ INFO      TMPDIR            : '/tmp/ab2113/jg_5018816_13'
2026-02-23 13:41:59.822788 (1478878) main____ INFO    ----------------------------------------
2026-02-23 13:41:59.823331 (1478878) lic_core INFO    Initializing license system ...
2026-02-23 13:41:59.823967 (1478878) lic_core INFO    ... license system initialized.
2026-02-23 13:41:59.824856 (1478878) lic__man INFO    Claim 'fpv' for <ui>.
2026-02-23 13:41:59.824894 (1478878) lic_core INFO    (1) checking out 'jasper_fpv' ...
2026-02-23 13:41:59.830218 (1478878) lic_core INFO    ... (1) checkout failed (error: -5) ("FLEXnet ERROR(-5, 0, 0): No such feature exists.")
2026-02-23 13:41:59.830247 (1478878) lic_core INFO    (2) checking out 'jasper_fao' ...
2026-02-23 13:41:59.839927 (1478878) lic_core INFO    ... (2) checkout succeeded
2026-02-23 13:41:59.851643 (1478878) session_ INFO    Starting analysis session with session id 'session_0' (launcher: <local>) ...
2026-02-23 13:41:59.856280 (1478878) session_ INFO    Analysis session with session id 'session_0' started (pid: 1478890)
2026-02-23 13:42:00.493165 (1478878) session_ INFO    Analysis session 'session_0' connected to the console (host: 127.0.0.1:45566)
2026-02-23 13:42:01.026535 (1478878) main____ INFO    About to exit: request to exit with status 1 received from analysis session 'session_0'
2026-02-23 13:42:01.086264 (1478878) session_ INFO    Analysis session 'session_0' disconnected.
2026-02-23 13:42:01.086420 (1478878) lic__man INFO    Unclaim everything for 'session_0'.
2026-02-23 13:42:01.087094 (1478878) session_ INFO    Process for analysis session 'session_0' has exited with exit status '1'.
2026-02-23 13:42:03.084791 (1478878) lic_core INFO    (2) checkin jasper_fao
2026-02-23 13:42:03.085996 (1478878) main____ INFO    Exiting with status 1.
