2026-02-23 13:42:08.891444 (1139928) main____ INFO    ----------------------------------------
2026-02-23 13:42:08.891556 (1139928) main____ INFO    JasperGold version info
2026-02-23 13:42:08.891576 (1139928) main____ INFO      tool      : JasperGold 2021.03
2026-02-23 13:42:08.891586 (1139928) main____ INFO      version   : 2021.03 FCS 64 bits
2026-02-23 13:42:08.891591 (1139928) main____ INFO      build date: 2021.03.23 02:50:43 UTC
2026-02-23 13:42:08.891595 (1139928) main____ INFO    ----------------------------------------
2026-02-23 13:42:08.891599 (1139928) main____ INFO    Runtime info:
2026-02-23 13:42:08.891604 (1139928) main____ INFO      platform  : Linux 5.14.0-570.84.1.el9_6.x86_64 x86_64
2026-02-23 13:42:08.891610 (1139928) main____ INFO      hostname  : della-i13n20
2026-02-23 13:42:08.891615 (1139928) main____ INFO      pid       : 1139928
2026-02-23 13:42:08.891619 (1139928) main____ INFO      arguments : '-style' 'windows' '-batch' '-proj' './verification_results/01445/jgproject' '-tcl' './jasper_verif_check.tcl'
2026-02-23 13:42:08.891627 (1139928) main____ INFO      locale    : UTF-8
2026-02-23 13:42:08.891632 (1139928) main____ INFO    ----------------------------------------
2026-02-23 13:42:08.891635 (1139928) main____ INFO    System resource limits info:
2026-02-23 13:42:08.891639 (1139928) main____ INFO      virtual memory: unlimited
2026-02-23 13:42:08.891644 (1139928) main____ INFO      cpu time      : unlimited
2026-02-23 13:42:08.891648 (1139928) main____ INFO      stack size    : unlimited
2026-02-23 13:42:08.891652 (1139928) main____ INFO      core file size: unlimited
2026-02-23 13:42:08.891660 (1139928) main____ INFO      open files    : 131072
2026-02-23 13:42:08.891664 (1139928) main____ INFO      file size     : unlimited
2026-02-23 13:42:08.891668 (1139928) main____ INFO    ----------------------------------------
2026-02-23 13:42:08.891672 (1139928) main____ INFO    Memory statistics:
2026-02-23 13:42:08.891676 (1139928) main____ INFO      total physical memory  : 394157552 kB
2026-02-23 13:42:08.891680 (1139928) main____ INFO      free physical memory   : 167979132 kB
2026-02-23 13:42:08.891684 (1139928) main____ INFO      committed address space: 147054748 kB
2026-02-23 13:42:08.891687 (1139928) main____ INFO    ----------------------------------------
2026-02-23 13:42:08.892621 (1139928) main____ INFO    Important environment variables:
2026-02-23 13:42:08.892641 (1139928) main____ INFO      JASPER_HOME       : '/usr/licensed/cadence-20210126/jasper_2021.03'
2026-02-23 13:42:08.892647 (1139928) main____ INFO      JASPER_INSTALL_DIR: '/scratch/gpfs/LICENSED/x86_64/cadence-20210126/jasper_2021.03'
2026-02-23 13:42:08.892652 (1139928) main____ INFO      LANG              : 'en_US.UTF-8'
2026-02-23 13:42:08.892657 (1139928) main____ INFO      LM_LICENSE_FILE   : '5280@license.rc.princeton.edu'
2026-02-23 13:42:08.892662 (1139928) main____ INFO      TMPDIR            : '/tmp/ab2113/jg_5018835_21'
2026-02-23 13:42:08.892666 (1139928) main____ INFO    ----------------------------------------
2026-02-23 13:42:08.893243 (1139928) lic_core INFO    Initializing license system ...
2026-02-23 13:42:08.893753 (1139928) lic_core INFO    ... license system initialized.
2026-02-23 13:42:08.894565 (1139928) lic__man INFO    Claim 'fpv' for <ui>.
2026-02-23 13:42:08.894612 (1139928) lic_core INFO    (1) checking out 'jasper_fpv' ...
2026-02-23 13:42:08.900512 (1139928) lic_core INFO    ... (1) checkout failed (error: -5) ("FLEXnet ERROR(-5, 0, 0): No such feature exists.")
2026-02-23 13:42:08.900577 (1139928) lic_core INFO    (2) checking out 'jasper_fao' ...
2026-02-23 13:42:08.911525 (1139928) lic_core INFO    ... (2) checkout succeeded
2026-02-23 13:42:08.926227 (1139928) session_ INFO    Starting analysis session with session id 'session_0' (launcher: <local>) ...
2026-02-23 13:42:08.929858 (1139928) session_ INFO    Analysis session with session id 'session_0' started (pid: 1139936)
2026-02-23 13:42:09.662726 (1139928) session_ INFO    Analysis session 'session_0' connected to the console (host: 127.0.0.1:43202)
2026-02-23 13:42:10.234235 (1139928) main____ INFO    About to exit: request to exit with status 1 received from analysis session 'session_0'
2026-02-23 13:42:10.327320 (1139928) session_ INFO    Analysis session 'session_0' disconnected.
2026-02-23 13:42:10.327441 (1139928) lic__man INFO    Unclaim everything for 'session_0'.
2026-02-23 13:42:10.327983 (1139928) session_ INFO    Process for analysis session 'session_0' has exited with exit status '1'.
2026-02-23 13:42:12.138688 (1139928) lic_core INFO    (2) checkin jasper_fao
2026-02-23 13:42:12.140515 (1139928) main____ INFO    Exiting with status 1.
