2026-02-23 13:50:14.219158 (143295) main____ INFO    ----------------------------------------
2026-02-23 13:50:14.219236 (143295) main____ INFO    JasperGold version info
2026-02-23 13:50:14.219254 (143295) main____ INFO      tool      : JasperGold 2021.03
2026-02-23 13:50:14.219263 (143295) main____ INFO      version   : 2021.03 FCS 64 bits
2026-02-23 13:50:14.219269 (143295) main____ INFO      build date: 2021.03.23 02:50:43 UTC
2026-02-23 13:50:14.219275 (143295) main____ INFO    ----------------------------------------
2026-02-23 13:50:14.219280 (143295) main____ INFO    Runtime info:
2026-02-23 13:50:14.219288 (143295) main____ INFO      platform  : Linux 5.14.0-570.84.1.el9_6.x86_64 x86_64
2026-02-23 13:50:14.219295 (143295) main____ INFO      hostname  : della-h14n2
2026-02-23 13:50:14.219302 (143295) main____ INFO      pid       : 143295
2026-02-23 13:50:14.219308 (143295) main____ INFO      arguments : '-style' 'windows' '-batch' '-proj' './verification_results/02590/jgproject' '-tcl' './jasper_verif_check.tcl'
2026-02-23 13:50:14.219317 (143295) main____ INFO      locale    : UTF-8
2026-02-23 13:50:14.219323 (143295) main____ INFO    ----------------------------------------
2026-02-23 13:50:14.219328 (143295) main____ INFO    System resource limits info:
2026-02-23 13:50:14.219333 (143295) main____ INFO      virtual memory: unlimited
2026-02-23 13:50:14.219339 (143295) main____ INFO      cpu time      : unlimited
2026-02-23 13:50:14.219344 (143295) main____ INFO      stack size    : unlimited
2026-02-23 13:50:14.219349 (143295) main____ INFO      core file size: unlimited
2026-02-23 13:50:14.219358 (143295) main____ INFO      open files    : 131072
2026-02-23 13:50:14.219363 (143295) main____ INFO      file size     : unlimited
2026-02-23 13:50:14.219369 (143295) main____ INFO    ----------------------------------------
2026-02-23 13:50:14.219374 (143295) main____ INFO    Memory statistics:
2026-02-23 13:50:14.219380 (143295) main____ INFO      total physical memory  : 1584164328 kB
2026-02-23 13:50:14.219385 (143295) main____ INFO      free physical memory   : 736788376 kB
2026-02-23 13:50:14.219390 (143295) main____ INFO      committed address space: 682590612 kB
2026-02-23 13:50:14.219394 (143295) main____ INFO    ----------------------------------------
2026-02-23 13:50:14.219935 (143295) main____ INFO    Important environment variables:
2026-02-23 13:50:14.219951 (143295) main____ INFO      JASPER_HOME       : '/usr/licensed/cadence-20210126/jasper_2021.03'
2026-02-23 13:50:14.219957 (143295) main____ INFO      JASPER_INSTALL_DIR: '/scratch/gpfs/LICENSED/x86_64/cadence-20210126/jasper_2021.03'
2026-02-23 13:50:14.219964 (143295) main____ INFO      LANG              : 'en_US.UTF-8'
2026-02-23 13:50:14.219969 (143295) main____ INFO      LM_LICENSE_FILE   : '5280@license.rc.princeton.edu'
2026-02-23 13:50:14.219975 (143295) main____ INFO      TMPDIR            : '/tmp/ab2113/jg_5018922_44'
2026-02-23 13:50:14.219980 (143295) main____ INFO    ----------------------------------------
2026-02-23 13:50:14.220519 (143295) lic_core INFO    Initializing license system ...
2026-02-23 13:50:14.221111 (143295) lic_core INFO    ... license system initialized.
2026-02-23 13:50:14.221925 (143295) lic__man INFO    Claim 'fpv' for <ui>.
2026-02-23 13:50:14.221961 (143295) lic_core INFO    (1) checking out 'jasper_fpv' ...
2026-02-23 13:50:14.227748 (143295) lic_core INFO    ... (1) checkout failed (error: -5) ("FLEXnet ERROR(-5, 0, 0): No such feature exists.")
2026-02-23 13:50:14.227806 (143295) lic_core INFO    (2) checking out 'jasper_fao' ...
2026-02-23 13:50:14.237035 (143295) lic_core INFO    ... (2) checkout succeeded
2026-02-23 13:50:14.249831 (143295) session_ INFO    Starting analysis session with session id 'session_0' (launcher: <local>) ...
2026-02-23 13:50:14.253817 (143295) session_ INFO    Analysis session with session id 'session_0' started (pid: 143303)
2026-02-23 13:50:14.928010 (143295) session_ INFO    Analysis session 'session_0' connected to the console (host: 127.0.0.1:52784)
2026-02-23 13:50:15.448908 (143295) main____ INFO    About to exit: request to exit with status 1 received from analysis session 'session_0'
2026-02-23 13:50:15.502622 (143295) session_ INFO    Analysis session 'session_0' disconnected.
2026-02-23 13:50:15.502755 (143295) lic__man INFO    Unclaim everything for 'session_0'.
2026-02-23 13:50:15.503435 (143295) session_ INFO    Process for analysis session 'session_0' has exited with exit status '1'.
2026-02-23 13:50:17.466973 (143295) lic_core INFO    (2) checkin jasper_fao
2026-02-23 13:50:17.468568 (143295) main____ INFO    Exiting with status 1.
