2026-02-20 17:40:43.737021 (2543596) main____ INFO    ----------------------------------------
2026-02-20 17:40:43.737138 (2543596) main____ INFO    JasperGold version info
2026-02-20 17:40:43.737165 (2543596) main____ INFO      tool      : JasperGold 2021.03
2026-02-20 17:40:43.737175 (2543596) main____ INFO      version   : 2021.03 FCS 64 bits
2026-02-20 17:40:43.737179 (2543596) main____ INFO      build date: 2021.03.23 02:50:43 UTC
2026-02-20 17:40:43.737183 (2543596) main____ INFO    ----------------------------------------
2026-02-20 17:40:43.737187 (2543596) main____ INFO    Runtime info:
2026-02-20 17:40:43.737192 (2543596) main____ INFO      platform  : Linux 5.14.0-570.84.1.el9_6.x86_64 x86_64
2026-02-20 17:40:43.737199 (2543596) main____ INFO      hostname  : della-i13n22
2026-02-20 17:40:43.737204 (2543596) main____ INFO      pid       : 2543596
2026-02-20 17:40:43.737208 (2543596) main____ INFO      arguments : '-style' 'windows' '-batch' '-proj' 'verification_results/00349/jgproject' '-tcl' './jasper_verif_check.tcl'
2026-02-20 17:40:43.737216 (2543596) main____ INFO      locale    : UTF-8
2026-02-20 17:40:43.737220 (2543596) main____ INFO    ----------------------------------------
2026-02-20 17:40:43.737224 (2543596) main____ INFO    System resource limits info:
2026-02-20 17:40:43.737228 (2543596) main____ INFO      virtual memory: unlimited
2026-02-20 17:40:43.737232 (2543596) main____ INFO      cpu time      : unlimited
2026-02-20 17:40:43.737236 (2543596) main____ INFO      stack size    : unlimited
2026-02-20 17:40:43.737240 (2543596) main____ INFO      core file size: unlimited
2026-02-20 17:40:43.737248 (2543596) main____ INFO      open files    : 131072
2026-02-20 17:40:43.737252 (2543596) main____ INFO      file size     : unlimited
2026-02-20 17:40:43.737256 (2543596) main____ INFO    ----------------------------------------
2026-02-20 17:40:43.737259 (2543596) main____ INFO    Memory statistics:
2026-02-20 17:40:43.737264 (2543596) main____ INFO      total physical memory  : 394157548 kB
2026-02-20 17:40:43.737268 (2543596) main____ INFO      free physical memory   : 191657584 kB
2026-02-20 17:40:43.737271 (2543596) main____ INFO      committed address space: 167014112 kB
2026-02-20 17:40:43.737275 (2543596) main____ INFO    ----------------------------------------
2026-02-20 17:40:43.738161 (2543596) main____ INFO    Important environment variables:
2026-02-20 17:40:43.738185 (2543596) main____ INFO      JASPER_HOME       : '/usr/licensed/cadence-20210126/jasper_2021.03'
2026-02-20 17:40:43.738191 (2543596) main____ INFO      JASPER_INSTALL_DIR: '/scratch/gpfs/LICENSED/x86_64/cadence-20210126/jasper_2021.03'
2026-02-20 17:40:43.738196 (2543596) main____ INFO      LANG              : 'en_US.UTF-8'
2026-02-20 17:40:43.738202 (2543596) main____ INFO      LM_LICENSE_FILE   : '5280@license.rc.princeton.edu'
2026-02-20 17:40:43.738206 (2543596) main____ INFO      TMPDIR            : '/tmp'
2026-02-20 17:40:43.738210 (2543596) main____ INFO    ----------------------------------------
2026-02-20 17:40:43.739578 (2543596) lic_core INFO    Initializing license system ...
2026-02-20 17:40:43.740498 (2543596) lic_core INFO    ... license system initialized.
2026-02-20 17:40:43.741312 (2543596) lic__man INFO    Claim 'fpv' for <ui>.
2026-02-20 17:40:43.741364 (2543596) lic_core INFO    (1) checking out 'jasper_fpv' ...
2026-02-20 17:40:43.747011 (2543596) lic_core INFO    ... (1) checkout failed (error: -5) ("FLEXnet ERROR(-5, 0, 0): No such feature exists.")
2026-02-20 17:40:43.747067 (2543596) lic_core INFO    (2) checking out 'jasper_fao' ...
2026-02-20 17:40:43.757569 (2543596) lic_core INFO    ... (2) checkout succeeded
2026-02-20 17:40:43.772244 (2543596) session_ INFO    Starting analysis session with session id 'session_0' (launcher: <local>) ...
2026-02-20 17:40:43.775320 (2543596) session_ INFO    Analysis session with session id 'session_0' started (pid: 2543604)
2026-02-20 17:40:44.532400 (2543596) session_ INFO    Analysis session 'session_0' connected to the console (host: 127.0.0.1:54136)
2026-02-20 17:40:45.112498 (2543596) main____ INFO    About to exit: request to exit with status 1 received from analysis session 'session_0'
2026-02-20 17:40:45.203346 (2543596) session_ INFO    Analysis session 'session_0' disconnected.
2026-02-20 17:40:45.203487 (2543596) lic__man INFO    Unclaim everything for 'session_0'.
2026-02-20 17:40:45.204089 (2543596) session_ INFO    Process for analysis session 'session_0' has exited with exit status '1'.
2026-02-20 17:40:47.037548 (2543596) lic_core INFO    (2) checkin jasper_fao
2026-02-20 17:40:47.039161 (2543596) main____ INFO    Exiting with status 1.
