2026-02-23 13:41:31.309874 (1474379) main____ INFO    ----------------------------------------
2026-02-23 13:41:31.309965 (1474379) main____ INFO    JasperGold version info
2026-02-23 13:41:31.309983 (1474379) main____ INFO      tool      : JasperGold 2021.03
2026-02-23 13:41:31.309993 (1474379) main____ INFO      version   : 2021.03 FCS 64 bits
2026-02-23 13:41:31.310000 (1474379) main____ INFO      build date: 2021.03.23 02:50:43 UTC
2026-02-23 13:41:31.310006 (1474379) main____ INFO    ----------------------------------------
2026-02-23 13:41:31.310011 (1474379) main____ INFO    Runtime info:
2026-02-23 13:41:31.310017 (1474379) main____ INFO      platform  : Linux 5.14.0-570.84.1.el9_6.x86_64 x86_64
2026-02-23 13:41:31.310023 (1474379) main____ INFO      hostname  : della-h14n5
2026-02-23 13:41:31.310029 (1474379) main____ INFO      pid       : 1474379
2026-02-23 13:41:31.310035 (1474379) main____ INFO      arguments : '-style' 'windows' '-batch' '-proj' './verification_results/01055/jgproject' '-tcl' './jasper_verif_check.tcl'
2026-02-23 13:41:31.310044 (1474379) main____ INFO      locale    : UTF-8
2026-02-23 13:41:31.310050 (1474379) main____ INFO    ----------------------------------------
2026-02-23 13:41:31.310055 (1474379) main____ INFO    System resource limits info:
2026-02-23 13:41:31.310061 (1474379) main____ INFO      virtual memory: unlimited
2026-02-23 13:41:31.310068 (1474379) main____ INFO      cpu time      : unlimited
2026-02-23 13:41:31.310073 (1474379) main____ INFO      stack size    : unlimited
2026-02-23 13:41:31.310078 (1474379) main____ INFO      core file size: unlimited
2026-02-23 13:41:31.310087 (1474379) main____ INFO      open files    : 131072
2026-02-23 13:41:31.310093 (1474379) main____ INFO      file size     : unlimited
2026-02-23 13:41:31.310097 (1474379) main____ INFO    ----------------------------------------
2026-02-23 13:41:31.310102 (1474379) main____ INFO    Memory statistics:
2026-02-23 13:41:31.310108 (1474379) main____ INFO      total physical memory  : 1584164368 kB
2026-02-23 13:41:31.310114 (1474379) main____ INFO      free physical memory   : 700455676 kB
2026-02-23 13:41:31.310120 (1474379) main____ INFO      committed address space: 537447736 kB
2026-02-23 13:41:31.310125 (1474379) main____ INFO    ----------------------------------------
2026-02-23 13:41:31.310681 (1474379) main____ INFO    Important environment variables:
2026-02-23 13:41:31.310698 (1474379) main____ INFO      JASPER_HOME       : '/usr/licensed/cadence-20210126/jasper_2021.03'
2026-02-23 13:41:31.310705 (1474379) main____ INFO      JASPER_INSTALL_DIR: '/scratch/gpfs/LICENSED/x86_64/cadence-20210126/jasper_2021.03'
2026-02-23 13:41:31.310712 (1474379) main____ INFO      LANG              : 'en_US.UTF-8'
2026-02-23 13:41:31.310718 (1474379) main____ INFO      LM_LICENSE_FILE   : '5280@license.rc.princeton.edu'
2026-02-23 13:41:31.310724 (1474379) main____ INFO      TMPDIR            : '/tmp/ab2113/jg_5018816_13'
2026-02-23 13:41:31.310730 (1474379) main____ INFO    ----------------------------------------
2026-02-23 13:41:31.311277 (1474379) lic_core INFO    Initializing license system ...
2026-02-23 13:41:31.311872 (1474379) lic_core INFO    ... license system initialized.
2026-02-23 13:41:31.312728 (1474379) lic__man INFO    Claim 'fpv' for <ui>.
2026-02-23 13:41:31.312766 (1474379) lic_core INFO    (1) checking out 'jasper_fpv' ...
2026-02-23 13:41:31.317799 (1474379) lic_core INFO    ... (1) checkout failed (error: -5) ("FLEXnet ERROR(-5, 0, 0): No such feature exists.")
2026-02-23 13:41:31.317829 (1474379) lic_core INFO    (2) checking out 'jasper_fao' ...
2026-02-23 13:41:31.327094 (1474379) lic_core INFO    ... (2) checkout succeeded
2026-02-23 13:41:31.340142 (1474379) session_ INFO    Starting analysis session with session id 'session_0' (launcher: <local>) ...
2026-02-23 13:41:31.343618 (1474379) session_ INFO    Analysis session with session id 'session_0' started (pid: 1474550)
2026-02-23 13:41:31.920882 (1474379) session_ INFO    Analysis session 'session_0' connected to the console (host: 127.0.0.1:40820)
2026-02-23 13:41:32.432545 (1474379) main____ INFO    About to exit: request to exit with status 1 received from analysis session 'session_0'
2026-02-23 13:41:32.489829 (1474379) session_ INFO    Analysis session 'session_0' disconnected.
2026-02-23 13:41:32.489980 (1474379) lic__man INFO    Unclaim everything for 'session_0'.
2026-02-23 13:41:32.490455 (1474379) session_ INFO    Process for analysis session 'session_0' has exited with exit status '1'.
2026-02-23 13:41:34.537638 (1474379) lic_core INFO    (2) checkin jasper_fao
2026-02-23 13:41:34.539214 (1474379) main____ INFO    Exiting with status 1.
