2026-03-03 00:48:39.700189 (535464) main____ INFO    ----------------------------------------
2026-03-03 00:48:39.700269 (535464) main____ INFO    JasperGold version info
2026-03-03 00:48:39.700284 (535464) main____ INFO      tool      : JasperGold 2021.03
2026-03-03 00:48:39.700294 (535464) main____ INFO      version   : 2021.03 FCS 64 bits
2026-03-03 00:48:39.700299 (535464) main____ INFO      build date: 2021.03.23 02:50:43 UTC
2026-03-03 00:48:39.700305 (535464) main____ INFO    ----------------------------------------
2026-03-03 00:48:39.700310 (535464) main____ INFO    Runtime info:
2026-03-03 00:48:39.700316 (535464) main____ INFO      platform  : Linux 5.14.0-570.84.1.el9_6.x86_64 x86_64
2026-03-03 00:48:39.700322 (535464) main____ INFO      hostname  : della9.princeton.edu
2026-03-03 00:48:39.700328 (535464) main____ INFO      pid       : 535464
2026-03-03 00:48:39.700333 (535464) main____ INFO      arguments : '-style' 'windows' '-batch' '-proj' 'verification_results/00003/jgproject' '-tcl' '/home/ab2113/malik25_26/scripts/jasper_verif_check.tcl'
2026-03-03 00:48:39.700343 (535464) main____ INFO      locale    : UTF-8
2026-03-03 00:48:39.700348 (535464) main____ INFO    ----------------------------------------
2026-03-03 00:48:39.700353 (535464) main____ INFO    System resource limits info:
2026-03-03 00:48:39.700359 (535464) main____ INFO      virtual memory: unlimited
2026-03-03 00:48:39.700366 (535464) main____ INFO      cpu time      : unlimited
2026-03-03 00:48:39.700372 (535464) main____ INFO      stack size    : unlimited
2026-03-03 00:48:39.700378 (535464) main____ INFO      core file size: unlimited
2026-03-03 00:48:39.700387 (535464) main____ INFO      open files    : 5120
2026-03-03 00:48:39.700393 (535464) main____ INFO      file size     : unlimited
2026-03-03 00:48:39.700398 (535464) main____ INFO    ----------------------------------------
2026-03-03 00:48:39.700405 (535464) main____ INFO    Memory statistics:
2026-03-03 00:48:39.700410 (535464) main____ INFO      total physical memory  : 1584164336 kB
2026-03-03 00:48:39.700415 (535464) main____ INFO      free physical memory   : 33351324 kB
2026-03-03 00:48:39.700420 (535464) main____ INFO      committed address space: 1144013308 kB
2026-03-03 00:48:39.700425 (535464) main____ INFO    ----------------------------------------
2026-03-03 00:48:39.700837 (535464) main____ INFO    Important environment variables:
2026-03-03 00:48:39.700849 (535464) main____ INFO      JASPER_INSTALL_DIR: '/usr/licensed/cadence-20210126/jasper_2021.03'
2026-03-03 00:48:39.700855 (535464) main____ INFO      LANG              : 'en_US.UTF-8'
2026-03-03 00:48:39.700861 (535464) main____ INFO      LM_LICENSE_FILE   : '5280@license.rc.princeton.edu'
2026-03-03 00:48:39.700867 (535464) main____ INFO      TMPDIR            : '/tmp/ab2113/jg_502378'
2026-03-03 00:48:39.700873 (535464) main____ INFO    ----------------------------------------
2026-03-03 00:48:39.702043 (535464) lic_core INFO    Initializing license system ...
2026-03-03 00:48:39.702663 (535464) lic_core INFO    ... license system initialized.
2026-03-03 00:48:39.703404 (535464) lic__man INFO    Claim 'fpv' for <ui>.
2026-03-03 00:48:39.703431 (535464) lic_core INFO    (1) checking out 'jasper_fpv' ...
2026-03-03 00:48:39.708467 (535464) lic_core INFO    ... (1) checkout failed (error: -5) ("FLEXnet ERROR(-5, 0, 0): No such feature exists.")
2026-03-03 00:48:39.708493 (535464) lic_core INFO    (2) checking out 'jasper_fao' ...
2026-03-03 00:48:39.717257 (535464) lic_core INFO    ... (2) checkout succeeded
2026-03-03 00:48:39.729039 (535464) session_ INFO    Starting analysis session with session id 'session_0' (launcher: <local>) ...
2026-03-03 00:48:39.730958 (535464) session_ INFO    Analysis session with session id 'session_0' started (pid: 535906)
2026-03-03 00:48:40.308962 (535464) session_ INFO    Analysis session 'session_0' connected to the console (host: 127.0.0.1:59418)
2026-03-03 00:48:41.133852 (535464) main____ INFO    About to exit: request to exit with status 1 received from analysis session 'session_0'
2026-03-03 00:48:41.191674 (535464) session_ INFO    Analysis session 'session_0' disconnected.
2026-03-03 00:48:41.191799 (535464) lic__man INFO    Unclaim everything for 'session_0'.
2026-03-03 00:48:41.191947 (535464) session_ INFO    Process for analysis session 'session_0' has exited with exit status '1'.
2026-03-03 00:48:43.037181 (535464) lic_core INFO    (2) checkin jasper_fao
2026-03-03 00:48:43.038703 (535464) main____ INFO    Exiting with status 1.
