2026-02-23 13:56:46.799057 (112268) main____ INFO    ----------------------------------------
2026-02-23 13:56:46.799157 (112268) main____ INFO    JasperGold version info
2026-02-23 13:56:46.799173 (112268) main____ INFO      tool      : JasperGold 2021.03
2026-02-23 13:56:46.799182 (112268) main____ INFO      version   : 2021.03 FCS 64 bits
2026-02-23 13:56:46.799186 (112268) main____ INFO      build date: 2021.03.23 02:50:43 UTC
2026-02-23 13:56:46.799196 (112268) main____ INFO    ----------------------------------------
2026-02-23 13:56:46.799200 (112268) main____ INFO    Runtime info:
2026-02-23 13:56:46.799204 (112268) main____ INFO      platform  : Linux 5.14.0-570.84.1.el9_6.x86_64 x86_64
2026-02-23 13:56:46.799209 (112268) main____ INFO      hostname  : della-i13n16
2026-02-23 13:56:46.799214 (112268) main____ INFO      pid       : 112268
2026-02-23 13:56:46.799219 (112268) main____ INFO      arguments : '-style' 'windows' '-batch' '-proj' './verification_results/00241/jgproject' '-tcl' './jasper_verif_check.tcl'
2026-02-23 13:56:46.799227 (112268) main____ INFO      locale    : UTF-8
2026-02-23 13:56:46.799231 (112268) main____ INFO    ----------------------------------------
2026-02-23 13:56:46.799235 (112268) main____ INFO    System resource limits info:
2026-02-23 13:56:46.799239 (112268) main____ INFO      virtual memory: unlimited
2026-02-23 13:56:46.799243 (112268) main____ INFO      cpu time      : unlimited
2026-02-23 13:56:46.799247 (112268) main____ INFO      stack size    : unlimited
2026-02-23 13:56:46.799251 (112268) main____ INFO      core file size: unlimited
2026-02-23 13:56:46.799257 (112268) main____ INFO      open files    : 131072
2026-02-23 13:56:46.799261 (112268) main____ INFO      file size     : unlimited
2026-02-23 13:56:46.799265 (112268) main____ INFO    ----------------------------------------
2026-02-23 13:56:46.799269 (112268) main____ INFO    Memory statistics:
2026-02-23 13:56:46.799273 (112268) main____ INFO      total physical memory  : 394157548 kB
2026-02-23 13:56:46.799276 (112268) main____ INFO      free physical memory   : 141355360 kB
2026-02-23 13:56:46.799280 (112268) main____ INFO      committed address space: 193399080 kB
2026-02-23 13:56:46.799284 (112268) main____ INFO    ----------------------------------------
2026-02-23 13:56:46.800168 (112268) main____ INFO    Important environment variables:
2026-02-23 13:56:46.800182 (112268) main____ INFO      JASPER_HOME       : '/usr/licensed/cadence-20210126/jasper_2021.03'
2026-02-23 13:56:46.800196 (112268) main____ INFO      JASPER_INSTALL_DIR: '/scratch/gpfs/LICENSED/x86_64/cadence-20210126/jasper_2021.03'
2026-02-23 13:56:46.800202 (112268) main____ INFO      LANG              : 'en_US.UTF-8'
2026-02-23 13:56:46.800207 (112268) main____ INFO      LM_LICENSE_FILE   : '5280@license.rc.princeton.edu'
2026-02-23 13:56:46.800211 (112268) main____ INFO      TMPDIR            : '/tmp/ab2113/jg_5018697_1'
2026-02-23 13:56:46.800216 (112268) main____ INFO    ----------------------------------------
2026-02-23 13:56:46.800655 (112268) lic_core INFO    Initializing license system ...
2026-02-23 13:56:46.801460 (112268) lic_core INFO    ... license system initialized.
2026-02-23 13:56:46.802172 (112268) lic__man INFO    Claim 'fpv' for <ui>.
2026-02-23 13:56:46.802217 (112268) lic_core INFO    (1) checking out 'jasper_fpv' ...
2026-02-23 13:56:46.808598 (112268) lic_core INFO    ... (1) checkout failed (error: -5) ("FLEXnet ERROR(-5, 0, 0): No such feature exists.")
2026-02-23 13:56:46.808651 (112268) lic_core INFO    (2) checking out 'jasper_fao' ...
2026-02-23 13:56:46.818526 (112268) lic_core INFO    ... (2) checkout succeeded
2026-02-23 13:56:46.832518 (112268) session_ INFO    Starting analysis session with session id 'session_0' (launcher: <local>) ...
2026-02-23 13:56:46.835246 (112268) session_ INFO    Analysis session with session id 'session_0' started (pid: 112276)
2026-02-23 13:56:47.500266 (112268) session_ INFO    Analysis session 'session_0' connected to the console (host: 127.0.0.1:42400)
2026-02-23 13:56:48.317401 (112268) lic__man INFO    Unclaim everything for 'session_0'.
2026-02-23 13:56:48.384631 (112268) lic__man INFO    Claim 'fpv' for 'session_0'.
2026-02-23 13:56:48.384666 (112268) lic__man INFO    Claim 'fpv' for 'session_0/prove-0'.
2026-02-23 13:56:48.500787 (112268) lic__man INFO    Unclaim everything for 'session_0/prove-0'.
2026-02-23 13:56:48.557278 (112268) main____ INFO    About to exit: request to exit with status 0 received from analysis session 'session_0'
2026-02-23 13:56:48.641440 (112268) session_ INFO    Analysis session 'session_0' disconnected.
2026-02-23 13:56:48.641550 (112268) lic__man INFO    Unclaim everything for 'session_0'.
2026-02-23 13:56:48.642125 (112268) session_ INFO    Process for analysis session 'session_0' has exited with exit status '0'.
2026-02-23 13:56:50.556989 (112268) lic_core INFO    (2) checkin jasper_fao
2026-02-23 13:56:50.558642 (112268) main____ INFO    Exiting with status 0.
