2026-02-23 13:56:39.336439 (3184926) main____ INFO    ----------------------------------------
2026-02-23 13:56:39.336507 (3184926) main____ INFO    JasperGold version info
2026-02-23 13:56:39.336521 (3184926) main____ INFO      tool      : JasperGold 2021.03
2026-02-23 13:56:39.336532 (3184926) main____ INFO      version   : 2021.03 FCS 64 bits
2026-02-23 13:56:39.336537 (3184926) main____ INFO      build date: 2021.03.23 02:50:43 UTC
2026-02-23 13:56:39.336543 (3184926) main____ INFO    ----------------------------------------
2026-02-23 13:56:39.336549 (3184926) main____ INFO    Runtime info:
2026-02-23 13:56:39.336554 (3184926) main____ INFO      platform  : Linux 5.14.0-570.84.1.el9_6.x86_64 x86_64
2026-02-23 13:56:39.336560 (3184926) main____ INFO      hostname  : della-r3c3n1
2026-02-23 13:56:39.336565 (3184926) main____ INFO      pid       : 3184926
2026-02-23 13:56:39.336569 (3184926) main____ INFO      arguments : '-style' 'windows' '-batch' '-proj' './verification_results/04002/jgproject' '-tcl' './jasper_verif_check.tcl'
2026-02-23 13:56:39.336577 (3184926) main____ INFO      locale    : UTF-8
2026-02-23 13:56:39.336581 (3184926) main____ INFO    ----------------------------------------
2026-02-23 13:56:39.336585 (3184926) main____ INFO    System resource limits info:
2026-02-23 13:56:39.336589 (3184926) main____ INFO      virtual memory: unlimited
2026-02-23 13:56:39.336594 (3184926) main____ INFO      cpu time      : unlimited
2026-02-23 13:56:39.336598 (3184926) main____ INFO      stack size    : unlimited
2026-02-23 13:56:39.336603 (3184926) main____ INFO      core file size: unlimited
2026-02-23 13:56:39.336609 (3184926) main____ INFO      open files    : 131072
2026-02-23 13:56:39.336614 (3184926) main____ INFO      file size     : unlimited
2026-02-23 13:56:39.336618 (3184926) main____ INFO    ----------------------------------------
2026-02-23 13:56:39.336622 (3184926) main____ INFO    Memory statistics:
2026-02-23 13:56:39.336627 (3184926) main____ INFO      total physical memory  : 195972176 kB
2026-02-23 13:56:39.336631 (3184926) main____ INFO      free physical memory   : 119070552 kB
2026-02-23 13:56:39.336635 (3184926) main____ INFO      committed address space: 22679556 kB
2026-02-23 13:56:39.336639 (3184926) main____ INFO    ----------------------------------------
2026-02-23 13:56:39.337590 (3184926) main____ INFO    Important environment variables:
2026-02-23 13:56:39.337603 (3184926) main____ INFO      JASPER_HOME       : '/usr/licensed/cadence-20210126/jasper_2021.03'
2026-02-23 13:56:39.337610 (3184926) main____ INFO      JASPER_INSTALL_DIR: '/scratch/gpfs/LICENSED/x86_64/cadence-20210126/jasper_2021.03'
2026-02-23 13:56:39.337616 (3184926) main____ INFO      LANG              : 'en_US.UTF-8'
2026-02-23 13:56:39.337623 (3184926) main____ INFO      LM_LICENSE_FILE   : '5280@license.rc.princeton.edu'
2026-02-23 13:56:39.337629 (3184926) main____ INFO      TMPDIR            : '/tmp/ab2113/jg_5019091_72'
2026-02-23 13:56:39.337634 (3184926) main____ INFO    ----------------------------------------
2026-02-23 13:56:39.338374 (3184926) lic_core INFO    Initializing license system ...
2026-02-23 13:56:39.339137 (3184926) lic_core INFO    ... license system initialized.
2026-02-23 13:56:39.339820 (3184926) lic__man INFO    Claim 'fpv' for <ui>.
2026-02-23 13:56:39.339856 (3184926) lic_core INFO    (1) checking out 'jasper_fpv' ...
2026-02-23 13:56:39.345287 (3184926) lic_core INFO    ... (1) checkout failed (error: -5) ("FLEXnet ERROR(-5, 0, 0): No such feature exists.")
2026-02-23 13:56:39.345313 (3184926) lic_core INFO    (2) checking out 'jasper_fao' ...
2026-02-23 13:56:39.355820 (3184926) lic_core INFO    ... (2) checkout succeeded
2026-02-23 13:56:39.369480 (3184926) session_ INFO    Starting analysis session with session id 'session_0' (launcher: <local>) ...
2026-02-23 13:56:39.372116 (3184926) session_ INFO    Analysis session with session id 'session_0' started (pid: 3184934)
2026-02-23 13:56:40.082171 (3184926) session_ INFO    Analysis session 'session_0' connected to the console (host: 127.0.0.1:57364)
2026-02-23 13:56:40.637441 (3184926) main____ INFO    About to exit: request to exit with status 1 received from analysis session 'session_0'
2026-02-23 13:56:40.710088 (3184926) session_ INFO    Analysis session 'session_0' disconnected.
2026-02-23 13:56:40.710204 (3184926) lic__man INFO    Unclaim everything for 'session_0'.
2026-02-23 13:56:40.711010 (3184926) session_ INFO    Process for analysis session 'session_0' has exited with exit status '1'.
2026-02-23 13:56:42.608778 (3184926) lic_core INFO    (2) checkin jasper_fao
2026-02-23 13:56:42.610349 (3184926) main____ INFO    Exiting with status 1.
