2026-02-23 13:40:34.028543 (478252) main____ INFO    ----------------------------------------
2026-02-23 13:40:34.028615 (478252) main____ INFO    JasperGold version info
2026-02-23 13:40:34.028631 (478252) main____ INFO      tool      : JasperGold 2021.03
2026-02-23 13:40:34.028639 (478252) main____ INFO      version   : 2021.03 FCS 64 bits
2026-02-23 13:40:34.028644 (478252) main____ INFO      build date: 2021.03.23 02:50:43 UTC
2026-02-23 13:40:34.028650 (478252) main____ INFO    ----------------------------------------
2026-02-23 13:40:34.028655 (478252) main____ INFO    Runtime info:
2026-02-23 13:40:34.028660 (478252) main____ INFO      platform  : Linux 5.14.0-570.84.1.el9_6.x86_64 x86_64
2026-02-23 13:40:34.028666 (478252) main____ INFO      hostname  : della-h16n3
2026-02-23 13:40:34.028671 (478252) main____ INFO      pid       : 478252
2026-02-23 13:40:34.028676 (478252) main____ INFO      arguments : '-style' 'windows' '-batch' '-proj' './verification_results/01140/jgproject' '-tcl' './jasper_verif_check.tcl'
2026-02-23 13:40:34.028684 (478252) main____ INFO      locale    : UTF-8
2026-02-23 13:40:34.028689 (478252) main____ INFO    ----------------------------------------
2026-02-23 13:40:34.028694 (478252) main____ INFO    System resource limits info:
2026-02-23 13:40:34.028699 (478252) main____ INFO      virtual memory: unlimited
2026-02-23 13:40:34.028704 (478252) main____ INFO      cpu time      : unlimited
2026-02-23 13:40:34.028709 (478252) main____ INFO      stack size    : unlimited
2026-02-23 13:40:34.028714 (478252) main____ INFO      core file size: unlimited
2026-02-23 13:40:34.028721 (478252) main____ INFO      open files    : 131072
2026-02-23 13:40:34.028726 (478252) main____ INFO      file size     : unlimited
2026-02-23 13:40:34.028731 (478252) main____ INFO    ----------------------------------------
2026-02-23 13:40:34.028735 (478252) main____ INFO    Memory statistics:
2026-02-23 13:40:34.028741 (478252) main____ INFO      total physical memory  : 1584164344 kB
2026-02-23 13:40:34.028745 (478252) main____ INFO      free physical memory   : 948821976 kB
2026-02-23 13:40:34.028750 (478252) main____ INFO      committed address space: 588180988 kB
2026-02-23 13:40:34.028755 (478252) main____ INFO    ----------------------------------------
2026-02-23 13:40:34.029269 (478252) main____ INFO    Important environment variables:
2026-02-23 13:40:34.029282 (478252) main____ INFO      JASPER_HOME       : '/usr/licensed/cadence-20210126/jasper_2021.03'
2026-02-23 13:40:34.029288 (478252) main____ INFO      JASPER_INSTALL_DIR: '/scratch/gpfs/LICENSED/x86_64/cadence-20210126/jasper_2021.03'
2026-02-23 13:40:34.029293 (478252) main____ INFO      LANG              : 'en_US.UTF-8'
2026-02-23 13:40:34.029299 (478252) main____ INFO      LM_LICENSE_FILE   : '5280@license.rc.princeton.edu'
2026-02-23 13:40:34.029304 (478252) main____ INFO      TMPDIR            : '/tmp/ab2113/jg_5018818_15'
2026-02-23 13:40:34.029309 (478252) main____ INFO    ----------------------------------------
2026-02-23 13:40:34.029730 (478252) lic_core INFO    Initializing license system ...
2026-02-23 13:40:34.030732 (478252) lic_core INFO    ... license system initialized.
2026-02-23 13:40:34.031465 (478252) lic__man INFO    Claim 'fpv' for <ui>.
2026-02-23 13:40:34.031496 (478252) lic_core INFO    (1) checking out 'jasper_fpv' ...
2026-02-23 13:40:34.037393 (478252) lic_core INFO    ... (1) checkout failed (error: -5) ("FLEXnet ERROR(-5, 0, 0): No such feature exists.")
2026-02-23 13:40:34.037421 (478252) lic_core INFO    (2) checking out 'jasper_fao' ...
2026-02-23 13:40:34.046828 (478252) lic_core INFO    ... (2) checkout succeeded
2026-02-23 13:40:34.057356 (478252) session_ INFO    Starting analysis session with session id 'session_0' (launcher: <local>) ...
2026-02-23 13:40:34.060249 (478252) session_ INFO    Analysis session with session id 'session_0' started (pid: 478326)
2026-02-23 13:40:34.603292 (478252) session_ INFO    Analysis session 'session_0' connected to the console (host: 127.0.0.1:44568)
2026-02-23 13:40:35.085522 (478252) main____ INFO    About to exit: request to exit with status 1 received from analysis session 'session_0'
2026-02-23 13:40:35.145896 (478252) session_ INFO    Analysis session 'session_0' disconnected.
2026-02-23 13:40:35.146060 (478252) lic__man INFO    Unclaim everything for 'session_0'.
2026-02-23 13:40:35.147141 (478252) session_ INFO    Process for analysis session 'session_0' has exited with exit status '1'.
2026-02-23 13:40:37.188699 (478252) lic_core INFO    (2) checkin jasper_fao
2026-02-23 13:40:37.190079 (478252) main____ INFO    Exiting with status 1.
