2026-02-23 13:47:35.195702 (1489873) main____ INFO    ----------------------------------------
2026-02-23 13:47:35.195771 (1489873) main____ INFO    JasperGold version info
2026-02-23 13:47:35.195792 (1489873) main____ INFO      tool      : JasperGold 2021.03
2026-02-23 13:47:35.195802 (1489873) main____ INFO      version   : 2021.03 FCS 64 bits
2026-02-23 13:47:35.195811 (1489873) main____ INFO      build date: 2021.03.23 02:50:43 UTC
2026-02-23 13:47:35.195818 (1489873) main____ INFO    ----------------------------------------
2026-02-23 13:47:35.195824 (1489873) main____ INFO    Runtime info:
2026-02-23 13:47:35.195830 (1489873) main____ INFO      platform  : Linux 5.14.0-570.84.1.el9_6.x86_64 x86_64
2026-02-23 13:47:35.195836 (1489873) main____ INFO      hostname  : della-h14n5
2026-02-23 13:47:35.195842 (1489873) main____ INFO      pid       : 1489873
2026-02-23 13:47:35.195848 (1489873) main____ INFO      arguments : '-style' 'windows' '-batch' '-proj' './verification_results/02642/jgproject' '-tcl' './jasper_verif_check.tcl'
2026-02-23 13:47:35.195857 (1489873) main____ INFO      locale    : UTF-8
2026-02-23 13:47:35.195863 (1489873) main____ INFO    ----------------------------------------
2026-02-23 13:47:35.195868 (1489873) main____ INFO    System resource limits info:
2026-02-23 13:47:35.195875 (1489873) main____ INFO      virtual memory: unlimited
2026-02-23 13:47:35.195880 (1489873) main____ INFO      cpu time      : unlimited
2026-02-23 13:47:35.195887 (1489873) main____ INFO      stack size    : unlimited
2026-02-23 13:47:35.195893 (1489873) main____ INFO      core file size: unlimited
2026-02-23 13:47:35.195900 (1489873) main____ INFO      open files    : 131072
2026-02-23 13:47:35.195905 (1489873) main____ INFO      file size     : unlimited
2026-02-23 13:47:35.195911 (1489873) main____ INFO    ----------------------------------------
2026-02-23 13:47:35.195916 (1489873) main____ INFO    Memory statistics:
2026-02-23 13:47:35.195923 (1489873) main____ INFO      total physical memory  : 1584164368 kB
2026-02-23 13:47:35.195928 (1489873) main____ INFO      free physical memory   : 697289016 kB
2026-02-23 13:47:35.195932 (1489873) main____ INFO      committed address space: 542989356 kB
2026-02-23 13:47:35.195937 (1489873) main____ INFO    ----------------------------------------
2026-02-23 13:47:35.196476 (1489873) main____ INFO    Important environment variables:
2026-02-23 13:47:35.196491 (1489873) main____ INFO      JASPER_HOME       : '/usr/licensed/cadence-20210126/jasper_2021.03'
2026-02-23 13:47:35.196498 (1489873) main____ INFO      JASPER_INSTALL_DIR: '/scratch/gpfs/LICENSED/x86_64/cadence-20210126/jasper_2021.03'
2026-02-23 13:47:35.196505 (1489873) main____ INFO      LANG              : 'en_US.UTF-8'
2026-02-23 13:47:35.196511 (1489873) main____ INFO      LM_LICENSE_FILE   : '5280@license.rc.princeton.edu'
2026-02-23 13:47:35.196517 (1489873) main____ INFO      TMPDIR            : '/tmp/ab2113/jg_5018923_45'
2026-02-23 13:47:35.196523 (1489873) main____ INFO    ----------------------------------------
2026-02-23 13:47:35.196930 (1489873) lic_core INFO    Initializing license system ...
2026-02-23 13:47:35.197479 (1489873) lic_core INFO    ... license system initialized.
2026-02-23 13:47:35.198236 (1489873) lic__man INFO    Claim 'fpv' for <ui>.
2026-02-23 13:47:35.198268 (1489873) lic_core INFO    (1) checking out 'jasper_fpv' ...
2026-02-23 13:47:35.204562 (1489873) lic_core INFO    ... (1) checkout failed (error: -5) ("FLEXnet ERROR(-5, 0, 0): No such feature exists.")
2026-02-23 13:47:35.204591 (1489873) lic_core INFO    (2) checking out 'jasper_fao' ...
2026-02-23 13:47:35.214183 (1489873) lic_core INFO    ... (2) checkout succeeded
2026-02-23 13:47:35.224713 (1489873) session_ INFO    Starting analysis session with session id 'session_0' (launcher: <local>) ...
2026-02-23 13:47:35.227753 (1489873) session_ INFO    Analysis session with session id 'session_0' started (pid: 1489881)
2026-02-23 13:47:35.817109 (1489873) session_ INFO    Analysis session 'session_0' connected to the console (host: 127.0.0.1:49932)
2026-02-23 13:47:36.583731 (1489873) lic__man INFO    Unclaim everything for 'session_0'.
2026-02-23 13:47:36.629209 (1489873) lic__man INFO    Claim 'fpv' for 'session_0'.
2026-02-23 13:47:36.629242 (1489873) lic__man INFO    Claim 'fpv' for 'session_0/prove-0'.
2026-02-23 13:47:36.776893 (1489873) lic__man INFO    Unclaim everything for 'session_0/prove-0'.
2026-02-23 13:47:36.831513 (1489873) main____ INFO    About to exit: request to exit with status 0 received from analysis session 'session_0'
2026-02-23 13:47:36.887469 (1489873) session_ INFO    Analysis session 'session_0' disconnected.
2026-02-23 13:47:36.887603 (1489873) lic__man INFO    Unclaim everything for 'session_0'.
2026-02-23 13:47:36.888203 (1489873) session_ INFO    Process for analysis session 'session_0' has exited with exit status '0'.
2026-02-23 13:47:38.938753 (1489873) lic_core INFO    (2) checkin jasper_fao
2026-02-23 13:47:38.940407 (1489873) main____ INFO    Exiting with status 0.
