2026-02-23 13:39:15.000000 (460993) main____ INFO    ----------------------------------------
2026-02-23 13:39:15.000084 (460993) main____ INFO    JasperGold version info
2026-02-23 13:39:15.000100 (460993) main____ INFO      tool      : JasperGold 2021.03
2026-02-23 13:39:15.000109 (460993) main____ INFO      version   : 2021.03 FCS 64 bits
2026-02-23 13:39:15.000115 (460993) main____ INFO      build date: 2021.03.23 02:50:43 UTC
2026-02-23 13:39:15.000120 (460993) main____ INFO    ----------------------------------------
2026-02-23 13:39:15.000124 (460993) main____ INFO    Runtime info:
2026-02-23 13:39:15.000130 (460993) main____ INFO      platform  : Linux 5.14.0-570.84.1.el9_6.x86_64 x86_64
2026-02-23 13:39:15.000135 (460993) main____ INFO      hostname  : della-h16n3
2026-02-23 13:39:15.000141 (460993) main____ INFO      pid       : 460993
2026-02-23 13:39:15.000146 (460993) main____ INFO      arguments : '-style' 'windows' '-batch' '-proj' './verification_results/01068/jgproject' '-tcl' './jasper_verif_check.tcl'
2026-02-23 13:39:15.000154 (460993) main____ INFO      locale    : UTF-8
2026-02-23 13:39:15.000159 (460993) main____ INFO    ----------------------------------------
2026-02-23 13:39:15.000164 (460993) main____ INFO    System resource limits info:
2026-02-23 13:39:15.000169 (460993) main____ INFO      virtual memory: unlimited
2026-02-23 13:39:15.000174 (460993) main____ INFO      cpu time      : unlimited
2026-02-23 13:39:15.000179 (460993) main____ INFO      stack size    : unlimited
2026-02-23 13:39:15.000184 (460993) main____ INFO      core file size: unlimited
2026-02-23 13:39:15.000191 (460993) main____ INFO      open files    : 131072
2026-02-23 13:39:15.000196 (460993) main____ INFO      file size     : unlimited
2026-02-23 13:39:15.000201 (460993) main____ INFO    ----------------------------------------
2026-02-23 13:39:15.000206 (460993) main____ INFO    Memory statistics:
2026-02-23 13:39:15.000211 (460993) main____ INFO      total physical memory  : 1584164344 kB
2026-02-23 13:39:15.000216 (460993) main____ INFO      free physical memory   : 949191044 kB
2026-02-23 13:39:15.000221 (460993) main____ INFO      committed address space: 587599984 kB
2026-02-23 13:39:15.000225 (460993) main____ INFO    ----------------------------------------
2026-02-23 13:39:15.000733 (460993) main____ INFO    Important environment variables:
2026-02-23 13:39:15.000746 (460993) main____ INFO      JASPER_HOME       : '/usr/licensed/cadence-20210126/jasper_2021.03'
2026-02-23 13:39:15.000752 (460993) main____ INFO      JASPER_INSTALL_DIR: '/scratch/gpfs/LICENSED/x86_64/cadence-20210126/jasper_2021.03'
2026-02-23 13:39:15.000758 (460993) main____ INFO      LANG              : 'en_US.UTF-8'
2026-02-23 13:39:15.000764 (460993) main____ INFO      LM_LICENSE_FILE   : '5280@license.rc.princeton.edu'
2026-02-23 13:39:15.000769 (460993) main____ INFO      TMPDIR            : '/tmp/ab2113/jg_5018817_14'
2026-02-23 13:39:15.000774 (460993) main____ INFO    ----------------------------------------
2026-02-23 13:39:15.001315 (460993) lic_core INFO    Initializing license system ...
2026-02-23 13:39:15.001822 (460993) lic_core INFO    ... license system initialized.
2026-02-23 13:39:15.002755 (460993) lic__man INFO    Claim 'fpv' for <ui>.
2026-02-23 13:39:15.002786 (460993) lic_core INFO    (1) checking out 'jasper_fpv' ...
2026-02-23 13:39:15.008046 (460993) lic_core INFO    ... (1) checkout failed (error: -5) ("FLEXnet ERROR(-5, 0, 0): No such feature exists.")
2026-02-23 13:39:15.008071 (460993) lic_core INFO    (2) checking out 'jasper_fao' ...
2026-02-23 13:39:15.016579 (460993) lic_core INFO    ... (2) checkout succeeded
2026-02-23 13:39:15.028369 (460993) session_ INFO    Starting analysis session with session id 'session_0' (launcher: <local>) ...
2026-02-23 13:39:15.031438 (460993) session_ INFO    Analysis session with session id 'session_0' started (pid: 461030)
2026-02-23 13:39:15.549426 (460993) session_ INFO    Analysis session 'session_0' connected to the console (host: 127.0.0.1:56922)
2026-02-23 13:39:16.310948 (460993) lic__man INFO    Unclaim everything for 'session_0'.
2026-02-23 13:39:16.343454 (460993) lic__man INFO    Claim 'fpv' for 'session_0'.
2026-02-23 13:39:16.343489 (460993) lic__man INFO    Claim 'fpv' for 'session_0/prove-0'.
2026-02-23 13:39:16.533151 (460993) lic__man INFO    Unclaim everything for 'session_0/prove-0'.
2026-02-23 13:39:16.573914 (460993) main____ INFO    About to exit: request to exit with status 0 received from analysis session 'session_0'
2026-02-23 13:39:16.625577 (460993) session_ INFO    Analysis session 'session_0' disconnected.
2026-02-23 13:39:16.625698 (460993) lic__man INFO    Unclaim everything for 'session_0'.
2026-02-23 13:39:16.626129 (460993) session_ INFO    Process for analysis session 'session_0' has exited with exit status '0'.
2026-02-23 13:39:18.681984 (460993) lic_core INFO    (2) checkin jasper_fao
2026-02-23 13:39:18.683400 (460993) main____ INFO    Exiting with status 0.
