2026-02-23 13:58:43.224728 (2935671) main____ INFO    ----------------------------------------
2026-02-23 13:58:43.224819 (2935671) main____ INFO    JasperGold version info
2026-02-23 13:58:43.224838 (2935671) main____ INFO      tool      : JasperGold 2021.03
2026-02-23 13:58:43.224847 (2935671) main____ INFO      version   : 2021.03 FCS 64 bits
2026-02-23 13:58:43.224851 (2935671) main____ INFO      build date: 2021.03.23 02:50:43 UTC
2026-02-23 13:58:43.224854 (2935671) main____ INFO    ----------------------------------------
2026-02-23 13:58:43.224858 (2935671) main____ INFO    Runtime info:
2026-02-23 13:58:43.224862 (2935671) main____ INFO      platform  : Linux 5.14.0-570.84.1.el9_6.x86_64 x86_64
2026-02-23 13:58:43.224866 (2935671) main____ INFO      hostname  : della-h12n18
2026-02-23 13:58:43.224871 (2935671) main____ INFO      pid       : 2935671
2026-02-23 13:58:43.224875 (2935671) main____ INFO      arguments : '-style' 'windows' '-batch' '-proj' './verification_results/04261/jgproject' '-tcl' './jasper_verif_check.tcl'
2026-02-23 13:58:43.224882 (2935671) main____ INFO      locale    : UTF-8
2026-02-23 13:58:43.224885 (2935671) main____ INFO    ----------------------------------------
2026-02-23 13:58:43.224889 (2935671) main____ INFO    System resource limits info:
2026-02-23 13:58:43.224892 (2935671) main____ INFO      virtual memory: unlimited
2026-02-23 13:58:43.224896 (2935671) main____ INFO      cpu time      : unlimited
2026-02-23 13:58:43.224899 (2935671) main____ INFO      stack size    : unlimited
2026-02-23 13:58:43.224903 (2935671) main____ INFO      core file size: unlimited
2026-02-23 13:58:43.224909 (2935671) main____ INFO      open files    : 131072
2026-02-23 13:58:43.224913 (2935671) main____ INFO      file size     : unlimited
2026-02-23 13:58:43.224916 (2935671) main____ INFO    ----------------------------------------
2026-02-23 13:58:43.224919 (2935671) main____ INFO    Memory statistics:
2026-02-23 13:58:43.224923 (2935671) main____ INFO      total physical memory  : 1055795796 kB
2026-02-23 13:58:43.224927 (2935671) main____ INFO      free physical memory   : 290685780 kB
2026-02-23 13:58:43.224930 (2935671) main____ INFO      committed address space: 427320172 kB
2026-02-23 13:58:43.224933 (2935671) main____ INFO    ----------------------------------------
2026-02-23 13:58:43.225710 (2935671) main____ INFO    Important environment variables:
2026-02-23 13:58:43.225724 (2935671) main____ INFO      JASPER_HOME       : '/usr/licensed/cadence-20210126/jasper_2021.03'
2026-02-23 13:58:43.225730 (2935671) main____ INFO      JASPER_INSTALL_DIR: '/scratch/gpfs/LICENSED/x86_64/cadence-20210126/jasper_2021.03'
2026-02-23 13:58:43.225735 (2935671) main____ INFO      LANG              : 'en_US.UTF-8'
2026-02-23 13:58:43.225739 (2935671) main____ INFO      LM_LICENSE_FILE   : '5280@license.rc.princeton.edu'
2026-02-23 13:58:43.225743 (2935671) main____ INFO      TMPDIR            : '/tmp/ab2113/jg_5019134_77'
2026-02-23 13:58:43.225747 (2935671) main____ INFO    ----------------------------------------
2026-02-23 13:58:43.226244 (2935671) lic_core INFO    Initializing license system ...
2026-02-23 13:58:43.226926 (2935671) lic_core INFO    ... license system initialized.
2026-02-23 13:58:43.227894 (2935671) lic__man INFO    Claim 'fpv' for <ui>.
2026-02-23 13:58:43.227928 (2935671) lic_core INFO    (1) checking out 'jasper_fpv' ...
2026-02-23 13:58:43.233912 (2935671) lic_core INFO    ... (1) checkout failed (error: -5) ("FLEXnet ERROR(-5, 0, 0): No such feature exists.")
2026-02-23 13:58:43.233965 (2935671) lic_core INFO    (2) checking out 'jasper_fao' ...
2026-02-23 13:58:43.245017 (2935671) lic_core INFO    ... (2) checkout succeeded
2026-02-23 13:58:43.258797 (2935671) session_ INFO    Starting analysis session with session id 'session_0' (launcher: <local>) ...
2026-02-23 13:58:43.261332 (2935671) session_ INFO    Analysis session with session id 'session_0' started (pid: 2935680)
2026-02-23 13:58:43.878687 (2935671) session_ INFO    Analysis session 'session_0' connected to the console (host: 127.0.0.1:47352)
2026-02-23 13:58:44.413498 (2935671) main____ INFO    About to exit: request to exit with status 1 received from analysis session 'session_0'
2026-02-23 13:58:44.473135 (2935671) session_ INFO    Analysis session 'session_0' disconnected.
2026-02-23 13:58:44.473277 (2935671) lic__man INFO    Unclaim everything for 'session_0'.
2026-02-23 13:58:44.473986 (2935671) session_ INFO    Process for analysis session 'session_0' has exited with exit status '1'.
2026-02-23 13:58:46.507784 (2935671) lic_core INFO    (2) checkin jasper_fao
2026-02-23 13:58:46.509053 (2935671) main____ INFO    Exiting with status 1.
