2026-02-23 13:47:01.871968 (996469) main____ INFO    ----------------------------------------
2026-02-23 13:47:01.872047 (996469) main____ INFO    JasperGold version info
2026-02-23 13:47:01.872067 (996469) main____ INFO      tool      : JasperGold 2021.03
2026-02-23 13:47:01.872078 (996469) main____ INFO      version   : 2021.03 FCS 64 bits
2026-02-23 13:47:01.872083 (996469) main____ INFO      build date: 2021.03.23 02:50:43 UTC
2026-02-23 13:47:01.872088 (996469) main____ INFO    ----------------------------------------
2026-02-23 13:47:01.872094 (996469) main____ INFO    Runtime info:
2026-02-23 13:47:01.872099 (996469) main____ INFO      platform  : Linux 5.14.0-570.84.1.el9_6.x86_64 x86_64
2026-02-23 13:47:01.872105 (996469) main____ INFO      hostname  : della-h16n4
2026-02-23 13:47:01.872110 (996469) main____ INFO      pid       : 996469
2026-02-23 13:47:01.872115 (996469) main____ INFO      arguments : '-style' 'windows' '-batch' '-proj' './verification_results/02490/jgproject' '-tcl' './jasper_verif_check.tcl'
2026-02-23 13:47:01.872124 (996469) main____ INFO      locale    : UTF-8
2026-02-23 13:47:01.872129 (996469) main____ INFO    ----------------------------------------
2026-02-23 13:47:01.872134 (996469) main____ INFO    System resource limits info:
2026-02-23 13:47:01.872139 (996469) main____ INFO      virtual memory: unlimited
2026-02-23 13:47:01.872143 (996469) main____ INFO      cpu time      : unlimited
2026-02-23 13:47:01.872148 (996469) main____ INFO      stack size    : unlimited
2026-02-23 13:47:01.872153 (996469) main____ INFO      core file size: unlimited
2026-02-23 13:47:01.872161 (996469) main____ INFO      open files    : 131072
2026-02-23 13:47:01.872165 (996469) main____ INFO      file size     : unlimited
2026-02-23 13:47:01.872170 (996469) main____ INFO    ----------------------------------------
2026-02-23 13:47:01.872175 (996469) main____ INFO    Memory statistics:
2026-02-23 13:47:01.872180 (996469) main____ INFO      total physical memory  : 1584164328 kB
2026-02-23 13:47:01.872185 (996469) main____ INFO      free physical memory   : 733958496 kB
2026-02-23 13:47:01.872190 (996469) main____ INFO      committed address space: 747016480 kB
2026-02-23 13:47:01.872194 (996469) main____ INFO    ----------------------------------------
2026-02-23 13:47:01.872735 (996469) main____ INFO    Important environment variables:
2026-02-23 13:47:01.872749 (996469) main____ INFO      JASPER_HOME       : '/usr/licensed/cadence-20210126/jasper_2021.03'
2026-02-23 13:47:01.872755 (996469) main____ INFO      JASPER_INSTALL_DIR: '/scratch/gpfs/LICENSED/x86_64/cadence-20210126/jasper_2021.03'
2026-02-23 13:47:01.872761 (996469) main____ INFO      LANG              : 'en_US.UTF-8'
2026-02-23 13:47:01.872766 (996469) main____ INFO      LM_LICENSE_FILE   : '5280@license.rc.princeton.edu'
2026-02-23 13:47:01.872771 (996469) main____ INFO      TMPDIR            : '/tmp/ab2113/jg_5018914_42'
2026-02-23 13:47:01.872776 (996469) main____ INFO    ----------------------------------------
2026-02-23 13:47:01.873380 (996469) lic_core INFO    Initializing license system ...
2026-02-23 13:47:01.874061 (996469) lic_core INFO    ... license system initialized.
2026-02-23 13:47:01.874979 (996469) lic__man INFO    Claim 'fpv' for <ui>.
2026-02-23 13:47:01.875026 (996469) lic_core INFO    (1) checking out 'jasper_fpv' ...
2026-02-23 13:47:01.881470 (996469) lic_core INFO    ... (1) checkout failed (error: -5) ("FLEXnet ERROR(-5, 0, 0): No such feature exists.")
2026-02-23 13:47:01.881610 (996469) lic_core INFO    (2) checking out 'jasper_fao' ...
2026-02-23 13:47:01.891197 (996469) lic_core INFO    ... (2) checkout succeeded
2026-02-23 13:47:01.904026 (996469) session_ INFO    Starting analysis session with session id 'session_0' (launcher: <local>) ...
2026-02-23 13:47:01.908454 (996469) session_ INFO    Analysis session with session id 'session_0' started (pid: 996478)
2026-02-23 13:47:02.590035 (996469) session_ INFO    Analysis session 'session_0' connected to the console (host: 127.0.0.1:55730)
2026-02-23 13:47:03.458971 (996469) lic__man INFO    Unclaim everything for 'session_0'.
2026-02-23 13:47:03.557550 (996469) lic__man INFO    Claim 'fpv' for 'session_0'.
2026-02-23 13:47:03.557599 (996469) lic__man INFO    Claim 'fpv' for 'session_0/prove-0'.
2026-02-23 13:47:03.761326 (996469) lic__man INFO    Unclaim everything for 'session_0/prove-0'.
2026-02-23 13:47:03.817886 (996469) main____ INFO    About to exit: request to exit with status 0 received from analysis session 'session_0'
2026-02-23 13:47:03.916963 (996469) session_ INFO    Analysis session 'session_0' disconnected.
2026-02-23 13:47:03.917201 (996469) lic__man INFO    Unclaim everything for 'session_0'.
2026-02-23 13:47:03.918030 (996469) session_ INFO    Process for analysis session 'session_0' has exited with exit status '0'.
2026-02-23 13:47:05.728257 (996469) lic_core INFO    (2) checkin jasper_fao
2026-02-23 13:47:05.729699 (996469) main____ INFO    Exiting with status 0.
