2026-02-20 16:48:47.812193 (2493180) main____ INFO    ----------------------------------------
2026-02-20 16:48:47.812313 (2493180) main____ INFO    JasperGold version info
2026-02-20 16:48:47.812336 (2493180) main____ INFO      tool      : JasperGold 2021.03
2026-02-20 16:48:47.812346 (2493180) main____ INFO      version   : 2021.03 FCS 64 bits
2026-02-20 16:48:47.812351 (2493180) main____ INFO      build date: 2021.03.23 02:50:43 UTC
2026-02-20 16:48:47.812355 (2493180) main____ INFO    ----------------------------------------
2026-02-20 16:48:47.812359 (2493180) main____ INFO    Runtime info:
2026-02-20 16:48:47.812364 (2493180) main____ INFO      platform  : Linux 5.14.0-570.84.1.el9_6.x86_64 x86_64
2026-02-20 16:48:47.812370 (2493180) main____ INFO      hostname  : della-i13n22
2026-02-20 16:48:47.812374 (2493180) main____ INFO      pid       : 2493180
2026-02-20 16:48:47.812378 (2493180) main____ INFO      arguments : '-style' 'windows' '-batch' '-proj' 'verification_results/00055/jgproject' '-tcl' './jasper_verif_check.tcl'
2026-02-20 16:48:47.812392 (2493180) main____ INFO      locale    : UTF-8
2026-02-20 16:48:47.812396 (2493180) main____ INFO    ----------------------------------------
2026-02-20 16:48:47.812400 (2493180) main____ INFO    System resource limits info:
2026-02-20 16:48:47.812404 (2493180) main____ INFO      virtual memory: unlimited
2026-02-20 16:48:47.812408 (2493180) main____ INFO      cpu time      : unlimited
2026-02-20 16:48:47.812412 (2493180) main____ INFO      stack size    : unlimited
2026-02-20 16:48:47.812416 (2493180) main____ INFO      core file size: unlimited
2026-02-20 16:48:47.812423 (2493180) main____ INFO      open files    : 131072
2026-02-20 16:48:47.812427 (2493180) main____ INFO      file size     : unlimited
2026-02-20 16:48:47.812431 (2493180) main____ INFO    ----------------------------------------
2026-02-20 16:48:47.812434 (2493180) main____ INFO    Memory statistics:
2026-02-20 16:48:47.812439 (2493180) main____ INFO      total physical memory  : 394157548 kB
2026-02-20 16:48:47.812442 (2493180) main____ INFO      free physical memory   : 208271024 kB
2026-02-20 16:48:47.812446 (2493180) main____ INFO      committed address space: 149876240 kB
2026-02-20 16:48:47.812450 (2493180) main____ INFO    ----------------------------------------
2026-02-20 16:48:47.813339 (2493180) main____ INFO    Important environment variables:
2026-02-20 16:48:47.813357 (2493180) main____ INFO      JASPER_HOME       : '/usr/licensed/cadence-20210126/jasper_2021.03'
2026-02-20 16:48:47.813364 (2493180) main____ INFO      JASPER_INSTALL_DIR: '/scratch/gpfs/LICENSED/x86_64/cadence-20210126/jasper_2021.03'
2026-02-20 16:48:47.813369 (2493180) main____ INFO      LANG              : 'en_US.UTF-8'
2026-02-20 16:48:47.813374 (2493180) main____ INFO      LM_LICENSE_FILE   : '5280@license.rc.princeton.edu'
2026-02-20 16:48:47.813379 (2493180) main____ INFO      TMPDIR            : '/tmp'
2026-02-20 16:48:47.813387 (2493180) main____ INFO    ----------------------------------------
2026-02-20 16:48:47.814298 (2493180) lic_core INFO    Initializing license system ...
2026-02-20 16:48:47.815210 (2493180) lic_core INFO    ... license system initialized.
2026-02-20 16:48:47.816013 (2493180) lic__man INFO    Claim 'fpv' for <ui>.
2026-02-20 16:48:47.816059 (2493180) lic_core INFO    (1) checking out 'jasper_fpv' ...
2026-02-20 16:48:47.821840 (2493180) lic_core INFO    ... (1) checkout failed (error: -5) ("FLEXnet ERROR(-5, 0, 0): No such feature exists.")
2026-02-20 16:48:47.821896 (2493180) lic_core INFO    (2) checking out 'jasper_fao' ...
2026-02-20 16:48:47.831694 (2493180) lic_core INFO    ... (2) checkout succeeded
2026-02-20 16:48:47.846044 (2493180) session_ INFO    Starting analysis session with session id 'session_0' (launcher: <local>) ...
2026-02-20 16:48:47.849020 (2493180) session_ INFO    Analysis session with session id 'session_0' started (pid: 2493188)
2026-02-20 16:48:48.564657 (2493180) session_ INFO    Analysis session 'session_0' connected to the console (host: 127.0.0.1:56106)
2026-02-20 16:48:49.133495 (2493180) main____ INFO    About to exit: request to exit with status 1 received from analysis session 'session_0'
2026-02-20 16:48:49.221028 (2493180) session_ INFO    Analysis session 'session_0' disconnected.
2026-02-20 16:48:49.221169 (2493180) lic__man INFO    Unclaim everything for 'session_0'.
2026-02-20 16:48:49.221801 (2493180) session_ INFO    Process for analysis session 'session_0' has exited with exit status '1'.
2026-02-20 16:48:51.038026 (2493180) lic_core INFO    (2) checkin jasper_fao
2026-02-20 16:48:51.039509 (2493180) main____ INFO    Exiting with status 1.
