2026-02-23 13:39:46.430283 (1453994) main____ INFO    ----------------------------------------
2026-02-23 13:39:46.430369 (1453994) main____ INFO    JasperGold version info
2026-02-23 13:39:46.430391 (1453994) main____ INFO      tool      : JasperGold 2021.03
2026-02-23 13:39:46.430401 (1453994) main____ INFO      version   : 2021.03 FCS 64 bits
2026-02-23 13:39:46.430407 (1453994) main____ INFO      build date: 2021.03.23 02:50:43 UTC
2026-02-23 13:39:46.430414 (1453994) main____ INFO    ----------------------------------------
2026-02-23 13:39:46.430419 (1453994) main____ INFO    Runtime info:
2026-02-23 13:39:46.430425 (1453994) main____ INFO      platform  : Linux 5.14.0-570.84.1.el9_6.x86_64 x86_64
2026-02-23 13:39:46.430439 (1453994) main____ INFO      hostname  : della-h14n5
2026-02-23 13:39:46.430444 (1453994) main____ INFO      pid       : 1453994
2026-02-23 13:39:46.430450 (1453994) main____ INFO      arguments : '-style' 'windows' '-batch' '-proj' './verification_results/00606/jgproject' '-tcl' './jasper_verif_check.tcl'
2026-02-23 13:39:46.430459 (1453994) main____ INFO      locale    : UTF-8
2026-02-23 13:39:46.430465 (1453994) main____ INFO    ----------------------------------------
2026-02-23 13:39:46.430470 (1453994) main____ INFO    System resource limits info:
2026-02-23 13:39:46.430476 (1453994) main____ INFO      virtual memory: unlimited
2026-02-23 13:39:46.430482 (1453994) main____ INFO      cpu time      : unlimited
2026-02-23 13:39:46.430488 (1453994) main____ INFO      stack size    : unlimited
2026-02-23 13:39:46.430494 (1453994) main____ INFO      core file size: unlimited
2026-02-23 13:39:46.430502 (1453994) main____ INFO      open files    : 131072
2026-02-23 13:39:46.430507 (1453994) main____ INFO      file size     : unlimited
2026-02-23 13:39:46.430512 (1453994) main____ INFO    ----------------------------------------
2026-02-23 13:39:46.430517 (1453994) main____ INFO    Memory statistics:
2026-02-23 13:39:46.430522 (1453994) main____ INFO      total physical memory  : 1584164368 kB
2026-02-23 13:39:46.430528 (1453994) main____ INFO      free physical memory   : 700950048 kB
2026-02-23 13:39:46.430534 (1453994) main____ INFO      committed address space: 535418728 kB
2026-02-23 13:39:46.430539 (1453994) main____ INFO    ----------------------------------------
2026-02-23 13:39:46.431082 (1453994) main____ INFO    Important environment variables:
2026-02-23 13:39:46.431098 (1453994) main____ INFO      JASPER_HOME       : '/usr/licensed/cadence-20210126/jasper_2021.03'
2026-02-23 13:39:46.431105 (1453994) main____ INFO      JASPER_INSTALL_DIR: '/scratch/gpfs/LICENSED/x86_64/cadence-20210126/jasper_2021.03'
2026-02-23 13:39:46.431112 (1453994) main____ INFO      LANG              : 'en_US.UTF-8'
2026-02-23 13:39:46.431118 (1453994) main____ INFO      LM_LICENSE_FILE   : '5280@license.rc.princeton.edu'
2026-02-23 13:39:46.431124 (1453994) main____ INFO      TMPDIR            : '/tmp/ab2113/jg_5018706_4'
2026-02-23 13:39:46.431130 (1453994) main____ INFO    ----------------------------------------
2026-02-23 13:39:46.431665 (1453994) lic_core INFO    Initializing license system ...
2026-02-23 13:39:46.432257 (1453994) lic_core INFO    ... license system initialized.
2026-02-23 13:39:46.433110 (1453994) lic__man INFO    Claim 'fpv' for <ui>.
2026-02-23 13:39:46.433148 (1453994) lic_core INFO    (1) checking out 'jasper_fpv' ...
2026-02-23 13:39:46.439322 (1453994) lic_core INFO    ... (1) checkout failed (error: -5) ("FLEXnet ERROR(-5, 0, 0): No such feature exists.")
2026-02-23 13:39:46.439353 (1453994) lic_core INFO    (2) checking out 'jasper_fao' ...
2026-02-23 13:39:46.448600 (1453994) lic_core INFO    ... (2) checkout succeeded
2026-02-23 13:39:46.460727 (1453994) session_ INFO    Starting analysis session with session id 'session_0' (launcher: <local>) ...
2026-02-23 13:39:46.464541 (1453994) session_ INFO    Analysis session with session id 'session_0' started (pid: 1454014)
2026-02-23 13:39:47.061416 (1453994) session_ INFO    Analysis session 'session_0' connected to the console (host: 127.0.0.1:43610)
2026-02-23 13:39:47.921549 (1453994) main____ INFO    About to exit: request to exit with status 1 received from analysis session 'session_0'
2026-02-23 13:39:47.974677 (1453994) session_ INFO    Analysis session 'session_0' disconnected.
2026-02-23 13:39:47.974826 (1453994) lic__man INFO    Unclaim everything for 'session_0'.
2026-02-23 13:39:47.975291 (1453994) session_ INFO    Process for analysis session 'session_0' has exited with exit status '1'.
2026-02-23 13:39:50.027166 (1453994) lic_core INFO    (2) checkin jasper_fao
2026-02-23 13:39:50.028672 (1453994) main____ INFO    Exiting with status 1.
