2026-02-23 13:54:43.375290 (522884) main____ INFO    ----------------------------------------
2026-02-23 13:54:43.375373 (522884) main____ INFO    JasperGold version info
2026-02-23 13:54:43.375388 (522884) main____ INFO      tool      : JasperGold 2021.03
2026-02-23 13:54:43.375396 (522884) main____ INFO      version   : 2021.03 FCS 64 bits
2026-02-23 13:54:43.375401 (522884) main____ INFO      build date: 2021.03.23 02:50:43 UTC
2026-02-23 13:54:43.375405 (522884) main____ INFO    ----------------------------------------
2026-02-23 13:54:43.375410 (522884) main____ INFO    Runtime info:
2026-02-23 13:54:43.375414 (522884) main____ INFO      platform  : Linux 5.14.0-570.84.1.el9_6.x86_64 x86_64
2026-02-23 13:54:43.375420 (522884) main____ INFO      hostname  : della-r3c2n9
2026-02-23 13:54:43.375425 (522884) main____ INFO      pid       : 522884
2026-02-23 13:54:43.375429 (522884) main____ INFO      arguments : '-style' 'windows' '-batch' '-proj' './verification_results/04077/jgproject' '-tcl' './jasper_verif_check.tcl'
2026-02-23 13:54:43.375436 (522884) main____ INFO      locale    : UTF-8
2026-02-23 13:54:43.375441 (522884) main____ INFO    ----------------------------------------
2026-02-23 13:54:43.375445 (522884) main____ INFO    System resource limits info:
2026-02-23 13:54:43.375449 (522884) main____ INFO      virtual memory: unlimited
2026-02-23 13:54:43.375454 (522884) main____ INFO      cpu time      : unlimited
2026-02-23 13:54:43.375458 (522884) main____ INFO      stack size    : unlimited
2026-02-23 13:54:43.375462 (522884) main____ INFO      core file size: unlimited
2026-02-23 13:54:43.375469 (522884) main____ INFO      open files    : 131072
2026-02-23 13:54:43.375473 (522884) main____ INFO      file size     : unlimited
2026-02-23 13:54:43.375477 (522884) main____ INFO    ----------------------------------------
2026-02-23 13:54:43.375482 (522884) main____ INFO    Memory statistics:
2026-02-23 13:54:43.375486 (522884) main____ INFO      total physical memory  : 195972072 kB
2026-02-23 13:54:43.375491 (522884) main____ INFO      free physical memory   : 68890576 kB
2026-02-23 13:54:43.375495 (522884) main____ INFO      committed address space: 58952676 kB
2026-02-23 13:54:43.375499 (522884) main____ INFO    ----------------------------------------
2026-02-23 13:54:43.376454 (522884) main____ INFO    Important environment variables:
2026-02-23 13:54:43.376468 (522884) main____ INFO      JASPER_HOME       : '/usr/licensed/cadence-20210126/jasper_2021.03'
2026-02-23 13:54:43.376474 (522884) main____ INFO      JASPER_INSTALL_DIR: '/scratch/gpfs/LICENSED/x86_64/cadence-20210126/jasper_2021.03'
2026-02-23 13:54:43.376479 (522884) main____ INFO      LANG              : 'en_US.UTF-8'
2026-02-23 13:54:43.376484 (522884) main____ INFO      LM_LICENSE_FILE   : '5280@license.rc.princeton.edu'
2026-02-23 13:54:43.376489 (522884) main____ INFO      TMPDIR            : '/tmp/ab2113/jg_5019093_74'
2026-02-23 13:54:43.376494 (522884) main____ INFO    ----------------------------------------
2026-02-23 13:54:43.376882 (522884) lic_core INFO    Initializing license system ...
2026-02-23 13:54:43.377629 (522884) lic_core INFO    ... license system initialized.
2026-02-23 13:54:43.378319 (522884) lic__man INFO    Claim 'fpv' for <ui>.
2026-02-23 13:54:43.378353 (522884) lic_core INFO    (1) checking out 'jasper_fpv' ...
2026-02-23 13:54:43.383700 (522884) lic_core INFO    ... (1) checkout failed (error: -5) ("FLEXnet ERROR(-5, 0, 0): No such feature exists.")
2026-02-23 13:54:43.383726 (522884) lic_core INFO    (2) checking out 'jasper_fao' ...
2026-02-23 13:54:43.394251 (522884) lic_core INFO    ... (2) checkout succeeded
2026-02-23 13:54:43.408227 (522884) session_ INFO    Starting analysis session with session id 'session_0' (launcher: <local>) ...
2026-02-23 13:54:43.410776 (522884) session_ INFO    Analysis session with session id 'session_0' started (pid: 522892)
2026-02-23 13:54:44.033823 (522884) session_ INFO    Analysis session 'session_0' connected to the console (host: 127.0.0.1:34488)
2026-02-23 13:54:44.830705 (522884) lic__man INFO    Unclaim everything for 'session_0'.
2026-02-23 13:54:44.887880 (522884) main____ INFO    About to exit: request to exit with status 3 received from analysis session 'session_0'
2026-02-23 13:54:44.953091 (522884) session_ INFO    Analysis session 'session_0' disconnected.
2026-02-23 13:54:44.953200 (522884) lic__man INFO    Unclaim everything for 'session_0'.
2026-02-23 13:54:44.953802 (522884) session_ INFO    Process for analysis session 'session_0' has exited with exit status '3'.
2026-02-23 13:54:46.994151 (522884) lic_core INFO    (2) checkin jasper_fao
2026-02-23 13:54:46.995662 (522884) main____ INFO    Exiting with status 3.
