2026-02-23 13:58:42.308765 (1960857) main____ INFO    ----------------------------------------
2026-02-23 13:58:42.308847 (1960857) main____ INFO    JasperGold version info
2026-02-23 13:58:42.308863 (1960857) main____ INFO      tool      : JasperGold 2021.03
2026-02-23 13:58:42.308871 (1960857) main____ INFO      version   : 2021.03 FCS 64 bits
2026-02-23 13:58:42.308876 (1960857) main____ INFO      build date: 2021.03.23 02:50:43 UTC
2026-02-23 13:58:42.308880 (1960857) main____ INFO    ----------------------------------------
2026-02-23 13:58:42.308884 (1960857) main____ INFO    Runtime info:
2026-02-23 13:58:42.308889 (1960857) main____ INFO      platform  : Linux 5.14.0-570.84.1.el9_6.x86_64 x86_64
2026-02-23 13:58:42.308895 (1960857) main____ INFO      hostname  : della-r3c1n5
2026-02-23 13:58:42.308900 (1960857) main____ INFO      pid       : 1960857
2026-02-23 13:58:42.308904 (1960857) main____ INFO      arguments : '-style' 'windows' '-batch' '-proj' './verification_results/04390/jgproject' '-tcl' './jasper_verif_check.tcl'
2026-02-23 13:58:42.308913 (1960857) main____ INFO      locale    : UTF-8
2026-02-23 13:58:42.308917 (1960857) main____ INFO    ----------------------------------------
2026-02-23 13:58:42.308921 (1960857) main____ INFO    System resource limits info:
2026-02-23 13:58:42.308925 (1960857) main____ INFO      virtual memory: unlimited
2026-02-23 13:58:42.308930 (1960857) main____ INFO      cpu time      : unlimited
2026-02-23 13:58:42.308934 (1960857) main____ INFO      stack size    : unlimited
2026-02-23 13:58:42.308938 (1960857) main____ INFO      core file size: unlimited
2026-02-23 13:58:42.308945 (1960857) main____ INFO      open files    : 131072
2026-02-23 13:58:42.308950 (1960857) main____ INFO      file size     : unlimited
2026-02-23 13:58:42.308954 (1960857) main____ INFO    ----------------------------------------
2026-02-23 13:58:42.308958 (1960857) main____ INFO    Memory statistics:
2026-02-23 13:58:42.308963 (1960857) main____ INFO      total physical memory  : 195972056 kB
2026-02-23 13:58:42.308967 (1960857) main____ INFO      free physical memory   : 136188044 kB
2026-02-23 13:58:42.308971 (1960857) main____ INFO      committed address space: 58426612 kB
2026-02-23 13:58:42.308976 (1960857) main____ INFO    ----------------------------------------
2026-02-23 13:58:42.309959 (1960857) main____ INFO    Important environment variables:
2026-02-23 13:58:42.309978 (1960857) main____ INFO      JASPER_HOME       : '/usr/licensed/cadence-20210126/jasper_2021.03'
2026-02-23 13:58:42.309984 (1960857) main____ INFO      JASPER_INSTALL_DIR: '/scratch/gpfs/LICENSED/x86_64/cadence-20210126/jasper_2021.03'
2026-02-23 13:58:42.309990 (1960857) main____ INFO      LANG              : 'en_US.UTF-8'
2026-02-23 13:58:42.309995 (1960857) main____ INFO      LM_LICENSE_FILE   : '5280@license.rc.princeton.edu'
2026-02-23 13:58:42.310000 (1960857) main____ INFO      TMPDIR            : '/tmp/ab2113/jg_5019148_80'
2026-02-23 13:58:42.310004 (1960857) main____ INFO    ----------------------------------------
2026-02-23 13:58:42.310871 (1960857) lic_core INFO    Initializing license system ...
2026-02-23 13:58:42.311719 (1960857) lic_core INFO    ... license system initialized.
2026-02-23 13:58:42.312485 (1960857) lic__man INFO    Claim 'fpv' for <ui>.
2026-02-23 13:58:42.312523 (1960857) lic_core INFO    (1) checking out 'jasper_fpv' ...
2026-02-23 13:58:42.317987 (1960857) lic_core INFO    ... (1) checkout failed (error: -5) ("FLEXnet ERROR(-5, 0, 0): No such feature exists.")
2026-02-23 13:58:42.318023 (1960857) lic_core INFO    (2) checking out 'jasper_fao' ...
2026-02-23 13:58:42.328265 (1960857) lic_core INFO    ... (2) checkout succeeded
2026-02-23 13:58:42.343598 (1960857) session_ INFO    Starting analysis session with session id 'session_0' (launcher: <local>) ...
2026-02-23 13:58:42.346857 (1960857) session_ INFO    Analysis session with session id 'session_0' started (pid: 1960865)
2026-02-23 13:58:43.052092 (1960857) session_ INFO    Analysis session 'session_0' connected to the console (host: 127.0.0.1:59338)
2026-02-23 13:58:43.678235 (1960857) main____ INFO    About to exit: request to exit with status 1 received from analysis session 'session_0'
2026-02-23 13:58:43.757582 (1960857) session_ INFO    Analysis session 'session_0' disconnected.
2026-02-23 13:58:43.757710 (1960857) lic__man INFO    Unclaim everything for 'session_0'.
2026-02-23 13:58:43.758086 (1960857) session_ INFO    Process for analysis session 'session_0' has exited with exit status '1'.
2026-02-23 13:58:45.595186 (1960857) lic_core INFO    (2) checkin jasper_fao
2026-02-23 13:58:45.596254 (1960857) main____ INFO    Exiting with status 1.
