2026-02-23 13:49:41.334913 (1151913) main____ INFO    ----------------------------------------
2026-02-23 13:49:41.335017 (1151913) main____ INFO    JasperGold version info
2026-02-23 13:49:41.335035 (1151913) main____ INFO      tool      : JasperGold 2021.03
2026-02-23 13:49:41.335044 (1151913) main____ INFO      version   : 2021.03 FCS 64 bits
2026-02-23 13:49:41.335049 (1151913) main____ INFO      build date: 2021.03.23 02:50:43 UTC
2026-02-23 13:49:41.335053 (1151913) main____ INFO    ----------------------------------------
2026-02-23 13:49:41.335057 (1151913) main____ INFO    Runtime info:
2026-02-23 13:49:41.335061 (1151913) main____ INFO      platform  : Linux 5.14.0-570.84.1.el9_6.x86_64 x86_64
2026-02-23 13:49:41.335066 (1151913) main____ INFO      hostname  : della-i13n20
2026-02-23 13:49:41.335071 (1151913) main____ INFO      pid       : 1151913
2026-02-23 13:49:41.335075 (1151913) main____ INFO      arguments : '-style' 'windows' '-batch' '-proj' './verification_results/02809/jgproject' '-tcl' './jasper_verif_check.tcl'
2026-02-23 13:49:41.335083 (1151913) main____ INFO      locale    : UTF-8
2026-02-23 13:49:41.335087 (1151913) main____ INFO    ----------------------------------------
2026-02-23 13:49:41.335090 (1151913) main____ INFO    System resource limits info:
2026-02-23 13:49:41.335094 (1151913) main____ INFO      virtual memory: unlimited
2026-02-23 13:49:41.335098 (1151913) main____ INFO      cpu time      : unlimited
2026-02-23 13:49:41.335102 (1151913) main____ INFO      stack size    : unlimited
2026-02-23 13:49:41.335106 (1151913) main____ INFO      core file size: unlimited
2026-02-23 13:49:41.335113 (1151913) main____ INFO      open files    : 131072
2026-02-23 13:49:41.335117 (1151913) main____ INFO      file size     : unlimited
2026-02-23 13:49:41.335121 (1151913) main____ INFO    ----------------------------------------
2026-02-23 13:49:41.335124 (1151913) main____ INFO    Memory statistics:
2026-02-23 13:49:41.335135 (1151913) main____ INFO      total physical memory  : 394157552 kB
2026-02-23 13:49:41.335139 (1151913) main____ INFO      free physical memory   : 198151568 kB
2026-02-23 13:49:41.335142 (1151913) main____ INFO      committed address space: 145845416 kB
2026-02-23 13:49:41.335146 (1151913) main____ INFO    ----------------------------------------
2026-02-23 13:49:41.336062 (1151913) main____ INFO    Important environment variables:
2026-02-23 13:49:41.336083 (1151913) main____ INFO      JASPER_HOME       : '/usr/licensed/cadence-20210126/jasper_2021.03'
2026-02-23 13:49:41.336089 (1151913) main____ INFO      JASPER_INSTALL_DIR: '/scratch/gpfs/LICENSED/x86_64/cadence-20210126/jasper_2021.03'
2026-02-23 13:49:41.336094 (1151913) main____ INFO      LANG              : 'en_US.UTF-8'
2026-02-23 13:49:41.336099 (1151913) main____ INFO      LM_LICENSE_FILE   : '5280@license.rc.princeton.edu'
2026-02-23 13:49:41.336103 (1151913) main____ INFO      TMPDIR            : '/tmp/ab2113/jg_5018948_48'
2026-02-23 13:49:41.336107 (1151913) main____ INFO    ----------------------------------------
2026-02-23 13:49:41.337047 (1151913) lic_core INFO    Initializing license system ...
2026-02-23 13:49:41.337931 (1151913) lic_core INFO    ... license system initialized.
2026-02-23 13:49:41.338783 (1151913) lic__man INFO    Claim 'fpv' for <ui>.
2026-02-23 13:49:41.338829 (1151913) lic_core INFO    (1) checking out 'jasper_fpv' ...
2026-02-23 13:49:41.344912 (1151913) lic_core INFO    ... (1) checkout failed (error: -5) ("FLEXnet ERROR(-5, 0, 0): No such feature exists.")
2026-02-23 13:49:41.344967 (1151913) lic_core INFO    (2) checking out 'jasper_fao' ...
2026-02-23 13:49:41.354940 (1151913) lic_core INFO    ... (2) checkout succeeded
2026-02-23 13:49:41.368780 (1151913) session_ INFO    Starting analysis session with session id 'session_0' (launcher: <local>) ...
2026-02-23 13:49:41.371957 (1151913) session_ INFO    Analysis session with session id 'session_0' started (pid: 1151921)
2026-02-23 13:49:42.084199 (1151913) session_ INFO    Analysis session 'session_0' connected to the console (host: 127.0.0.1:59160)
2026-02-23 13:49:42.922682 (1151913) lic__man INFO    Unclaim everything for 'session_0'.
2026-02-23 13:49:42.965999 (1151913) lic__man INFO    Claim 'fpv' for 'session_0'.
2026-02-23 13:49:42.966052 (1151913) lic__man INFO    Claim 'fpv' for 'session_0/prove-0'.
2026-02-23 13:49:43.110222 (1151913) lic__man INFO    Unclaim everything for 'session_0/prove-0'.
2026-02-23 13:49:43.165225 (1151913) main____ INFO    About to exit: request to exit with status 0 received from analysis session 'session_0'
2026-02-23 13:49:43.263367 (1151913) session_ INFO    Analysis session 'session_0' disconnected.
2026-02-23 13:49:43.263507 (1151913) lic__man INFO    Unclaim everything for 'session_0'.
2026-02-23 13:49:43.264096 (1151913) session_ INFO    Process for analysis session 'session_0' has exited with exit status '0'.
2026-02-23 13:49:45.073560 (1151913) lic_core INFO    (2) checkin jasper_fao
2026-02-23 13:49:45.075501 (1151913) main____ INFO    Exiting with status 0.
