2026-02-23 12:26:48.530441 (2688631) main____ INFO    ----------------------------------------
2026-02-23 12:26:48.530512 (2688631) main____ INFO    JasperGold version info
2026-02-23 12:26:48.530527 (2688631) main____ INFO      tool      : JasperGold 2021.03
2026-02-23 12:26:48.530536 (2688631) main____ INFO      version   : 2021.03 FCS 64 bits
2026-02-23 12:26:48.530541 (2688631) main____ INFO      build date: 2021.03.23 02:50:43 UTC
2026-02-23 12:26:48.530546 (2688631) main____ INFO    ----------------------------------------
2026-02-23 12:26:48.530551 (2688631) main____ INFO    Runtime info:
2026-02-23 12:26:48.530556 (2688631) main____ INFO      platform  : Linux 5.14.0-570.84.1.el9_6.x86_64 x86_64
2026-02-23 12:26:48.530562 (2688631) main____ INFO      hostname  : della-h16n5
2026-02-23 12:26:48.530567 (2688631) main____ INFO      pid       : 2688631
2026-02-23 12:26:48.530572 (2688631) main____ INFO      arguments : '-style' 'windows' '-batch' '-proj' './verification_results/00139/jgproject' '-tcl' './jasper_verif_check.tcl'
2026-02-23 12:26:48.530580 (2688631) main____ INFO      locale    : UTF-8
2026-02-23 12:26:48.530584 (2688631) main____ INFO    ----------------------------------------
2026-02-23 12:26:48.530589 (2688631) main____ INFO    System resource limits info:
2026-02-23 12:26:48.530594 (2688631) main____ INFO      virtual memory: unlimited
2026-02-23 12:26:48.530598 (2688631) main____ INFO      cpu time      : unlimited
2026-02-23 12:26:48.530603 (2688631) main____ INFO      stack size    : unlimited
2026-02-23 12:26:48.530608 (2688631) main____ INFO      core file size: unlimited
2026-02-23 12:26:48.530614 (2688631) main____ INFO      open files    : 131072
2026-02-23 12:26:48.530619 (2688631) main____ INFO      file size     : unlimited
2026-02-23 12:26:48.530624 (2688631) main____ INFO    ----------------------------------------
2026-02-23 12:26:48.530628 (2688631) main____ INFO    Memory statistics:
2026-02-23 12:26:48.530633 (2688631) main____ INFO      total physical memory  : 1584164364 kB
2026-02-23 12:26:48.530638 (2688631) main____ INFO      free physical memory   : 849742044 kB
2026-02-23 12:26:48.530643 (2688631) main____ INFO      committed address space: 451572604 kB
2026-02-23 12:26:48.530647 (2688631) main____ INFO    ----------------------------------------
2026-02-23 12:26:48.531158 (2688631) main____ INFO    Important environment variables:
2026-02-23 12:26:48.531171 (2688631) main____ INFO      JASPER_HOME       : '/usr/licensed/cadence-20210126/jasper_2021.03'
2026-02-23 12:26:48.531177 (2688631) main____ INFO      JASPER_INSTALL_DIR: '/scratch/gpfs/LICENSED/x86_64/cadence-20210126/jasper_2021.03'
2026-02-23 12:26:48.531182 (2688631) main____ INFO      LANG              : 'en_US.UTF-8'
2026-02-23 12:26:48.531188 (2688631) main____ INFO      LM_LICENSE_FILE   : '5280@license.rc.princeton.edu'
2026-02-23 12:26:48.531193 (2688631) main____ INFO      TMPDIR            : '/tmp/ab2113/jg_5016570_13'
2026-02-23 12:26:48.531198 (2688631) main____ INFO    ----------------------------------------
2026-02-23 12:26:48.531626 (2688631) lic_core INFO    Initializing license system ...
2026-02-23 12:26:48.532086 (2688631) lic_core INFO    ... license system initialized.
2026-02-23 12:26:48.532800 (2688631) lic__man INFO    Claim 'fpv' for <ui>.
2026-02-23 12:26:48.532831 (2688631) lic_core INFO    (1) checking out 'jasper_fpv' ...
2026-02-23 12:26:48.539383 (2688631) lic_core INFO    ... (1) checkout failed (error: -5) ("FLEXnet ERROR(-5, 0, 0): No such feature exists.")
2026-02-23 12:26:48.539411 (2688631) lic_core INFO    (2) checking out 'jasper_fao' ...
2026-02-23 12:26:48.548179 (2688631) lic_core INFO    ... (2) checkout succeeded
2026-02-23 12:26:48.558706 (2688631) session_ INFO    Starting analysis session with session id 'session_0' (launcher: <local>) ...
2026-02-23 12:26:48.561209 (2688631) session_ INFO    Analysis session with session id 'session_0' started (pid: 2688655)
2026-02-23 12:26:49.104744 (2688631) session_ INFO    Analysis session 'session_0' connected to the console (host: 127.0.0.1:44088)
2026-02-23 12:26:49.898112 (2688631) main____ INFO    About to exit: request to exit with status 1 received from analysis session 'session_0'
2026-02-23 12:26:49.944769 (2688631) session_ INFO    Analysis session 'session_0' disconnected.
2026-02-23 12:26:49.944889 (2688631) lic__man INFO    Unclaim everything for 'session_0'.
2026-02-23 12:26:49.945572 (2688631) session_ INFO    Process for analysis session 'session_0' has exited with exit status '1'.
2026-02-23 12:26:51.802041 (2688631) lic_core INFO    (2) checkin jasper_fao
2026-02-23 12:26:51.804443 (2688631) main____ INFO    Exiting with status 1.
