2026-02-20 17:27:15.915254 (2525457) main____ INFO    ----------------------------------------
2026-02-20 17:27:15.915377 (2525457) main____ INFO    JasperGold version info
2026-02-20 17:27:15.915404 (2525457) main____ INFO      tool      : JasperGold 2021.03
2026-02-20 17:27:15.915413 (2525457) main____ INFO      version   : 2021.03 FCS 64 bits
2026-02-20 17:27:15.915419 (2525457) main____ INFO      build date: 2021.03.23 02:50:43 UTC
2026-02-20 17:27:15.915423 (2525457) main____ INFO    ----------------------------------------
2026-02-20 17:27:15.915427 (2525457) main____ INFO    Runtime info:
2026-02-20 17:27:15.915431 (2525457) main____ INFO      platform  : Linux 5.14.0-570.84.1.el9_6.x86_64 x86_64
2026-02-20 17:27:15.915437 (2525457) main____ INFO      hostname  : della-i13n22
2026-02-20 17:27:15.915442 (2525457) main____ INFO      pid       : 2525457
2026-02-20 17:27:15.915446 (2525457) main____ INFO      arguments : '-style' 'windows' '-batch' '-proj' 'verification_results/00172/jgproject' '-tcl' './jasper_verif_check.tcl'
2026-02-20 17:27:15.915454 (2525457) main____ INFO      locale    : UTF-8
2026-02-20 17:27:15.915458 (2525457) main____ INFO    ----------------------------------------
2026-02-20 17:27:15.915462 (2525457) main____ INFO    System resource limits info:
2026-02-20 17:27:15.915466 (2525457) main____ INFO      virtual memory: unlimited
2026-02-20 17:27:15.915470 (2525457) main____ INFO      cpu time      : unlimited
2026-02-20 17:27:15.915474 (2525457) main____ INFO      stack size    : unlimited
2026-02-20 17:27:15.915478 (2525457) main____ INFO      core file size: unlimited
2026-02-20 17:27:15.915485 (2525457) main____ INFO      open files    : 131072
2026-02-20 17:27:15.915489 (2525457) main____ INFO      file size     : unlimited
2026-02-20 17:27:15.915494 (2525457) main____ INFO    ----------------------------------------
2026-02-20 17:27:15.915497 (2525457) main____ INFO    Memory statistics:
2026-02-20 17:27:15.915502 (2525457) main____ INFO      total physical memory  : 394157548 kB
2026-02-20 17:27:15.915506 (2525457) main____ INFO      free physical memory   : 196147508 kB
2026-02-20 17:27:15.915509 (2525457) main____ INFO      committed address space: 163293220 kB
2026-02-20 17:27:15.915513 (2525457) main____ INFO    ----------------------------------------
2026-02-20 17:27:15.916436 (2525457) main____ INFO    Important environment variables:
2026-02-20 17:27:15.916454 (2525457) main____ INFO      JASPER_HOME       : '/usr/licensed/cadence-20210126/jasper_2021.03'
2026-02-20 17:27:15.916460 (2525457) main____ INFO      JASPER_INSTALL_DIR: '/scratch/gpfs/LICENSED/x86_64/cadence-20210126/jasper_2021.03'
2026-02-20 17:27:15.916465 (2525457) main____ INFO      LANG              : 'en_US.UTF-8'
2026-02-20 17:27:15.916470 (2525457) main____ INFO      LM_LICENSE_FILE   : '5280@license.rc.princeton.edu'
2026-02-20 17:27:15.916474 (2525457) main____ INFO      TMPDIR            : '/tmp'
2026-02-20 17:27:15.916478 (2525457) main____ INFO    ----------------------------------------
2026-02-20 17:27:15.917448 (2525457) lic_core INFO    Initializing license system ...
2026-02-20 17:27:15.918396 (2525457) lic_core INFO    ... license system initialized.
2026-02-20 17:27:15.919249 (2525457) lic__man INFO    Claim 'fpv' for <ui>.
2026-02-20 17:27:15.919297 (2525457) lic_core INFO    (1) checking out 'jasper_fpv' ...
2026-02-20 17:27:15.925174 (2525457) lic_core INFO    ... (1) checkout failed (error: -5) ("FLEXnet ERROR(-5, 0, 0): No such feature exists.")
2026-02-20 17:27:15.925240 (2525457) lic_core INFO    (2) checking out 'jasper_fao' ...
2026-02-20 17:27:15.935886 (2525457) lic_core INFO    ... (2) checkout succeeded
2026-02-20 17:27:15.950593 (2525457) session_ INFO    Starting analysis session with session id 'session_0' (launcher: <local>) ...
2026-02-20 17:27:15.953929 (2525457) session_ INFO    Analysis session with session id 'session_0' started (pid: 2525465)
2026-02-20 17:27:16.704968 (2525457) session_ INFO    Analysis session 'session_0' connected to the console (host: 127.0.0.1:45460)
2026-02-20 17:27:17.327533 (2525457) main____ INFO    About to exit: request to exit with status 1 received from analysis session 'session_0'
2026-02-20 17:27:17.421377 (2525457) session_ INFO    Analysis session 'session_0' disconnected.
2026-02-20 17:27:17.421516 (2525457) lic__man INFO    Unclaim everything for 'session_0'.
2026-02-20 17:27:17.422122 (2525457) session_ INFO    Process for analysis session 'session_0' has exited with exit status '1'.
2026-02-20 17:27:19.433691 (2525457) lic_core INFO    (2) checkin jasper_fao
2026-02-20 17:27:19.435413 (2525457) main____ INFO    Exiting with status 1.
