2026-02-23 13:57:01.574549 (2621832) main____ INFO    ----------------------------------------
2026-02-23 13:57:01.574623 (2621832) main____ INFO    JasperGold version info
2026-02-23 13:57:01.574640 (2621832) main____ INFO      tool      : JasperGold 2021.03
2026-02-23 13:57:01.574648 (2621832) main____ INFO      version   : 2021.03 FCS 64 bits
2026-02-23 13:57:01.574653 (2621832) main____ INFO      build date: 2021.03.23 02:50:43 UTC
2026-02-23 13:57:01.574657 (2621832) main____ INFO    ----------------------------------------
2026-02-23 13:57:01.574661 (2621832) main____ INFO    Runtime info:
2026-02-23 13:57:01.574665 (2621832) main____ INFO      platform  : Linux 5.14.0-570.84.1.el9_6.x86_64 x86_64
2026-02-23 13:57:01.574671 (2621832) main____ INFO      hostname  : della-r3c1n7
2026-02-23 13:57:01.574675 (2621832) main____ INFO      pid       : 2621832
2026-02-23 13:57:01.574680 (2621832) main____ INFO      arguments : '-style' 'windows' '-batch' '-proj' './verification_results/04202/jgproject' '-tcl' './jasper_verif_check.tcl'
2026-02-23 13:57:01.574688 (2621832) main____ INFO      locale    : UTF-8
2026-02-23 13:57:01.574692 (2621832) main____ INFO    ----------------------------------------
2026-02-23 13:57:01.574696 (2621832) main____ INFO    System resource limits info:
2026-02-23 13:57:01.574700 (2621832) main____ INFO      virtual memory: unlimited
2026-02-23 13:57:01.574704 (2621832) main____ INFO      cpu time      : unlimited
2026-02-23 13:57:01.574708 (2621832) main____ INFO      stack size    : unlimited
2026-02-23 13:57:01.574713 (2621832) main____ INFO      core file size: unlimited
2026-02-23 13:57:01.574719 (2621832) main____ INFO      open files    : 131072
2026-02-23 13:57:01.574724 (2621832) main____ INFO      file size     : unlimited
2026-02-23 13:57:01.574728 (2621832) main____ INFO    ----------------------------------------
2026-02-23 13:57:01.574731 (2621832) main____ INFO    Memory statistics:
2026-02-23 13:57:01.574736 (2621832) main____ INFO      total physical memory  : 195972072 kB
2026-02-23 13:57:01.574740 (2621832) main____ INFO      free physical memory   : 154312876 kB
2026-02-23 13:57:01.574744 (2621832) main____ INFO      committed address space: 43876828 kB
2026-02-23 13:57:01.574748 (2621832) main____ INFO    ----------------------------------------
2026-02-23 13:57:01.575697 (2621832) main____ INFO    Important environment variables:
2026-02-23 13:57:01.575714 (2621832) main____ INFO      JASPER_HOME       : '/usr/licensed/cadence-20210126/jasper_2021.03'
2026-02-23 13:57:01.575720 (2621832) main____ INFO      JASPER_INSTALL_DIR: '/scratch/gpfs/LICENSED/x86_64/cadence-20210126/jasper_2021.03'
2026-02-23 13:57:01.575725 (2621832) main____ INFO      LANG              : 'en_US.UTF-8'
2026-02-23 13:57:01.575729 (2621832) main____ INFO      LM_LICENSE_FILE   : '5280@license.rc.princeton.edu'
2026-02-23 13:57:01.575734 (2621832) main____ INFO      TMPDIR            : '/tmp/ab2113/jg_5019111_76'
2026-02-23 13:57:01.575739 (2621832) main____ INFO    ----------------------------------------
2026-02-23 13:57:01.576530 (2621832) lic_core INFO    Initializing license system ...
2026-02-23 13:57:01.577303 (2621832) lic_core INFO    ... license system initialized.
2026-02-23 13:57:01.578022 (2621832) lic__man INFO    Claim 'fpv' for <ui>.
2026-02-23 13:57:01.578060 (2621832) lic_core INFO    (1) checking out 'jasper_fpv' ...
2026-02-23 13:57:01.583496 (2621832) lic_core INFO    ... (1) checkout failed (error: -5) ("FLEXnet ERROR(-5, 0, 0): No such feature exists.")
2026-02-23 13:57:01.583540 (2621832) lic_core INFO    (2) checking out 'jasper_fao' ...
2026-02-23 13:57:01.593856 (2621832) lic_core INFO    ... (2) checkout succeeded
2026-02-23 13:57:01.610016 (2621832) session_ INFO    Starting analysis session with session id 'session_0' (launcher: <local>) ...
2026-02-23 13:57:01.612827 (2621832) session_ INFO    Analysis session with session id 'session_0' started (pid: 2621840)
2026-02-23 13:57:02.271933 (2621832) session_ INFO    Analysis session 'session_0' connected to the console (host: 127.0.0.1:44688)
2026-02-23 13:57:03.098320 (2621832) lic__man INFO    Unclaim everything for 'session_0'.
2026-02-23 13:57:03.140537 (2621832) lic__man INFO    Claim 'fpv' for 'session_0'.
2026-02-23 13:57:03.140574 (2621832) lic__man INFO    Claim 'fpv' for 'session_0/prove-0'.
2026-02-23 13:57:03.276104 (2621832) lic__man INFO    Unclaim everything for 'session_0/prove-0'.
2026-02-23 13:57:03.326228 (2621832) main____ INFO    About to exit: request to exit with status 0 received from analysis session 'session_0'
2026-02-23 13:57:03.402593 (2621832) session_ INFO    Analysis session 'session_0' disconnected.
2026-02-23 13:57:03.402709 (2621832) lic__man INFO    Unclaim everything for 'session_0'.
2026-02-23 13:57:03.403295 (2621832) session_ INFO    Process for analysis session 'session_0' has exited with exit status '0'.
2026-02-23 13:57:05.350194 (2621832) lic_core INFO    (2) checkin jasper_fao
2026-02-23 13:57:05.351732 (2621832) main____ INFO    Exiting with status 0.
