2026-02-20 17:41:29.380923 (2544673) main____ INFO    ----------------------------------------
2026-02-20 17:41:29.381043 (2544673) main____ INFO    JasperGold version info
2026-02-20 17:41:29.381065 (2544673) main____ INFO      tool      : JasperGold 2021.03
2026-02-20 17:41:29.381074 (2544673) main____ INFO      version   : 2021.03 FCS 64 bits
2026-02-20 17:41:29.381079 (2544673) main____ INFO      build date: 2021.03.23 02:50:43 UTC
2026-02-20 17:41:29.381083 (2544673) main____ INFO    ----------------------------------------
2026-02-20 17:41:29.381087 (2544673) main____ INFO    Runtime info:
2026-02-20 17:41:29.381092 (2544673) main____ INFO      platform  : Linux 5.14.0-570.84.1.el9_6.x86_64 x86_64
2026-02-20 17:41:29.381097 (2544673) main____ INFO      hostname  : della-i13n22
2026-02-20 17:41:29.381102 (2544673) main____ INFO      pid       : 2544673
2026-02-20 17:41:29.381106 (2544673) main____ INFO      arguments : '-style' 'windows' '-batch' '-proj' 'verification_results/00361/jgproject' '-tcl' './jasper_verif_check.tcl'
2026-02-20 17:41:29.381115 (2544673) main____ INFO      locale    : UTF-8
2026-02-20 17:41:29.381119 (2544673) main____ INFO    ----------------------------------------
2026-02-20 17:41:29.381123 (2544673) main____ INFO    System resource limits info:
2026-02-20 17:41:29.381127 (2544673) main____ INFO      virtual memory: unlimited
2026-02-20 17:41:29.381132 (2544673) main____ INFO      cpu time      : unlimited
2026-02-20 17:41:29.381136 (2544673) main____ INFO      stack size    : unlimited
2026-02-20 17:41:29.381139 (2544673) main____ INFO      core file size: unlimited
2026-02-20 17:41:29.381146 (2544673) main____ INFO      open files    : 131072
2026-02-20 17:41:29.381151 (2544673) main____ INFO      file size     : unlimited
2026-02-20 17:41:29.381154 (2544673) main____ INFO    ----------------------------------------
2026-02-20 17:41:29.381158 (2544673) main____ INFO    Memory statistics:
2026-02-20 17:41:29.381162 (2544673) main____ INFO      total physical memory  : 394157548 kB
2026-02-20 17:41:29.381166 (2544673) main____ INFO      free physical memory   : 191380660 kB
2026-02-20 17:41:29.381169 (2544673) main____ INFO      committed address space: 167621332 kB
2026-02-20 17:41:29.381173 (2544673) main____ INFO    ----------------------------------------
2026-02-20 17:41:29.382060 (2544673) main____ INFO    Important environment variables:
2026-02-20 17:41:29.382078 (2544673) main____ INFO      JASPER_HOME       : '/usr/licensed/cadence-20210126/jasper_2021.03'
2026-02-20 17:41:29.382084 (2544673) main____ INFO      JASPER_INSTALL_DIR: '/scratch/gpfs/LICENSED/x86_64/cadence-20210126/jasper_2021.03'
2026-02-20 17:41:29.382089 (2544673) main____ INFO      LANG              : 'en_US.UTF-8'
2026-02-20 17:41:29.382094 (2544673) main____ INFO      LM_LICENSE_FILE   : '5280@license.rc.princeton.edu'
2026-02-20 17:41:29.382099 (2544673) main____ INFO      TMPDIR            : '/tmp'
2026-02-20 17:41:29.382103 (2544673) main____ INFO    ----------------------------------------
2026-02-20 17:41:29.382663 (2544673) lic_core INFO    Initializing license system ...
2026-02-20 17:41:29.383542 (2544673) lic_core INFO    ... license system initialized.
2026-02-20 17:41:29.384329 (2544673) lic__man INFO    Claim 'fpv' for <ui>.
2026-02-20 17:41:29.384373 (2544673) lic_core INFO    (1) checking out 'jasper_fpv' ...
2026-02-20 17:41:29.389822 (2544673) lic_core INFO    ... (1) checkout failed (error: -5) ("FLEXnet ERROR(-5, 0, 0): No such feature exists.")
2026-02-20 17:41:29.389895 (2544673) lic_core INFO    (2) checking out 'jasper_fao' ...
2026-02-20 17:41:29.399947 (2544673) lic_core INFO    ... (2) checkout succeeded
2026-02-20 17:41:29.416762 (2544673) session_ INFO    Starting analysis session with session id 'session_0' (launcher: <local>) ...
2026-02-20 17:41:29.420520 (2544673) session_ INFO    Analysis session with session id 'session_0' started (pid: 2544681)
2026-02-20 17:41:30.171531 (2544673) session_ INFO    Analysis session 'session_0' connected to the console (host: 127.0.0.1:50338)
2026-02-20 17:41:31.160089 (2544673) lic__man INFO    Unclaim everything for 'session_0'.
2026-02-20 17:41:31.222728 (2544673) lic__man INFO    Claim 'fpv' for 'session_0'.
2026-02-20 17:41:31.222791 (2544673) lic__man INFO    Claim 'fpv' for 'session_0/prove-0'.
2026-02-20 17:41:31.635210 (2544673) lic__man INFO    Unclaim everything for 'session_0/prove-0'.
2026-02-20 17:41:31.692493 (2544673) main____ INFO    About to exit: request to exit with status 0 received from analysis session 'session_0'
2026-02-20 17:41:31.793246 (2544673) session_ INFO    Analysis session 'session_0' disconnected.
2026-02-20 17:41:31.793396 (2544673) lic__man INFO    Unclaim everything for 'session_0'.
2026-02-20 17:41:31.794004 (2544673) session_ INFO    Process for analysis session 'session_0' has exited with exit status '0'.
2026-02-20 17:41:33.598812 (2544673) lic_core INFO    (2) checkin jasper_fao
2026-02-20 17:41:33.600388 (2544673) main____ INFO    Exiting with status 0.
