2026-02-23 13:54:37.465563 (4193719) main____ INFO    ----------------------------------------
2026-02-23 13:54:37.465663 (4193719) main____ INFO    JasperGold version info
2026-02-23 13:54:37.465681 (4193719) main____ INFO      tool      : JasperGold 2021.03
2026-02-23 13:54:37.465690 (4193719) main____ INFO      version   : 2021.03 FCS 64 bits
2026-02-23 13:54:37.465695 (4193719) main____ INFO      build date: 2021.03.23 02:50:43 UTC
2026-02-23 13:54:37.465699 (4193719) main____ INFO    ----------------------------------------
2026-02-23 13:54:37.465704 (4193719) main____ INFO    Runtime info:
2026-02-23 13:54:37.465708 (4193719) main____ INFO      platform  : Linux 5.14.0-570.84.1.el9_6.x86_64 x86_64
2026-02-23 13:54:37.465714 (4193719) main____ INFO      hostname  : della-r3c2n6
2026-02-23 13:54:37.465719 (4193719) main____ INFO      pid       : 4193719
2026-02-23 13:54:37.465724 (4193719) main____ INFO      arguments : '-style' 'windows' '-batch' '-proj' './verification_results/04025/jgproject' '-tcl' './jasper_verif_check.tcl'
2026-02-23 13:54:37.465732 (4193719) main____ INFO      locale    : UTF-8
2026-02-23 13:54:37.465737 (4193719) main____ INFO    ----------------------------------------
2026-02-23 13:54:37.465741 (4193719) main____ INFO    System resource limits info:
2026-02-23 13:54:37.465745 (4193719) main____ INFO      virtual memory: unlimited
2026-02-23 13:54:37.465750 (4193719) main____ INFO      cpu time      : unlimited
2026-02-23 13:54:37.465754 (4193719) main____ INFO      stack size    : unlimited
2026-02-23 13:54:37.465759 (4193719) main____ INFO      core file size: unlimited
2026-02-23 13:54:37.465767 (4193719) main____ INFO      open files    : 131072
2026-02-23 13:54:37.465772 (4193719) main____ INFO      file size     : unlimited
2026-02-23 13:54:37.465776 (4193719) main____ INFO    ----------------------------------------
2026-02-23 13:54:37.465780 (4193719) main____ INFO    Memory statistics:
2026-02-23 13:54:37.465784 (4193719) main____ INFO      total physical memory  : 195972160 kB
2026-02-23 13:54:37.465789 (4193719) main____ INFO      free physical memory   : 143583244 kB
2026-02-23 13:54:37.465793 (4193719) main____ INFO      committed address space: 40676760 kB
2026-02-23 13:54:37.465797 (4193719) main____ INFO    ----------------------------------------
2026-02-23 13:54:37.466784 (4193719) main____ INFO    Important environment variables:
2026-02-23 13:54:37.466809 (4193719) main____ INFO      JASPER_HOME       : '/usr/licensed/cadence-20210126/jasper_2021.03'
2026-02-23 13:54:37.466815 (4193719) main____ INFO      JASPER_INSTALL_DIR: '/scratch/gpfs/LICENSED/x86_64/cadence-20210126/jasper_2021.03'
2026-02-23 13:54:37.466821 (4193719) main____ INFO      LANG              : 'en_US.UTF-8'
2026-02-23 13:54:37.466826 (4193719) main____ INFO      LM_LICENSE_FILE   : '5280@license.rc.princeton.edu'
2026-02-23 13:54:37.466830 (4193719) main____ INFO      TMPDIR            : '/tmp/ab2113/jg_5019092_73'
2026-02-23 13:54:37.466835 (4193719) main____ INFO    ----------------------------------------
2026-02-23 13:54:37.467670 (4193719) lic_core INFO    Initializing license system ...
2026-02-23 13:54:37.468539 (4193719) lic_core INFO    ... license system initialized.
2026-02-23 13:54:37.469329 (4193719) lic__man INFO    Claim 'fpv' for <ui>.
2026-02-23 13:54:37.469375 (4193719) lic_core INFO    (1) checking out 'jasper_fpv' ...
2026-02-23 13:54:37.475513 (4193719) lic_core INFO    ... (1) checkout failed (error: -5) ("FLEXnet ERROR(-5, 0, 0): No such feature exists.")
2026-02-23 13:54:37.475569 (4193719) lic_core INFO    (2) checking out 'jasper_fao' ...
2026-02-23 13:54:37.486825 (4193719) lic_core INFO    ... (2) checkout succeeded
2026-02-23 13:54:37.501323 (4193719) session_ INFO    Starting analysis session with session id 'session_0' (launcher: <local>) ...
2026-02-23 13:54:37.504293 (4193719) session_ INFO    Analysis session with session id 'session_0' started (pid: 4193727)
2026-02-23 13:54:38.211526 (4193719) session_ INFO    Analysis session 'session_0' connected to the console (host: 127.0.0.1:43866)
2026-02-23 13:54:38.790300 (4193719) main____ INFO    About to exit: request to exit with status 1 received from analysis session 'session_0'
2026-02-23 13:54:38.867993 (4193719) session_ INFO    Analysis session 'session_0' disconnected.
2026-02-23 13:54:38.868123 (4193719) lic__man INFO    Unclaim everything for 'session_0'.
2026-02-23 13:54:38.868486 (4193719) session_ INFO    Process for analysis session 'session_0' has exited with exit status '1'.
2026-02-23 13:54:40.712622 (4193719) lic_core INFO    (2) checkin jasper_fao
2026-02-23 13:54:40.714320 (4193719) main____ INFO    Exiting with status 1.
