2026-02-23 14:17:16.366217 (1160956) main____ INFO    ----------------------------------------
2026-02-23 14:17:16.366316 (1160956) main____ INFO    JasperGold version info
2026-02-23 14:17:16.366335 (1160956) main____ INFO      tool      : JasperGold 2021.03
2026-02-23 14:17:16.366344 (1160956) main____ INFO      version   : 2021.03 FCS 64 bits
2026-02-23 14:17:16.366349 (1160956) main____ INFO      build date: 2021.03.23 02:50:43 UTC
2026-02-23 14:17:16.366353 (1160956) main____ INFO    ----------------------------------------
2026-02-23 14:17:16.366357 (1160956) main____ INFO    Runtime info:
2026-02-23 14:17:16.366362 (1160956) main____ INFO      platform  : Linux 5.14.0-570.84.1.el9_6.x86_64 x86_64
2026-02-23 14:17:16.366368 (1160956) main____ INFO      hostname  : della-i13n20
2026-02-23 14:17:16.366372 (1160956) main____ INFO      pid       : 1160956
2026-02-23 14:17:16.366376 (1160956) main____ INFO      arguments : '-style' 'windows' '-batch' '-proj' './verification_results/03892/jgproject' '-tcl' './jasper_verif_check.tcl'
2026-02-23 14:17:16.366385 (1160956) main____ INFO      locale    : UTF-8
2026-02-23 14:17:16.366389 (1160956) main____ INFO    ----------------------------------------
2026-02-23 14:17:16.366393 (1160956) main____ INFO    System resource limits info:
2026-02-23 14:17:16.366397 (1160956) main____ INFO      virtual memory: unlimited
2026-02-23 14:17:16.366401 (1160956) main____ INFO      cpu time      : unlimited
2026-02-23 14:17:16.366405 (1160956) main____ INFO      stack size    : unlimited
2026-02-23 14:17:16.366410 (1160956) main____ INFO      core file size: unlimited
2026-02-23 14:17:16.366417 (1160956) main____ INFO      open files    : 131072
2026-02-23 14:17:16.366421 (1160956) main____ INFO      file size     : unlimited
2026-02-23 14:17:16.366424 (1160956) main____ INFO    ----------------------------------------
2026-02-23 14:17:16.366428 (1160956) main____ INFO    Memory statistics:
2026-02-23 14:17:16.366432 (1160956) main____ INFO      total physical memory  : 394157552 kB
2026-02-23 14:17:16.366436 (1160956) main____ INFO      free physical memory   : 200432532 kB
2026-02-23 14:17:16.366440 (1160956) main____ INFO      committed address space: 149545512 kB
2026-02-23 14:17:16.366443 (1160956) main____ INFO    ----------------------------------------
2026-02-23 14:17:16.367359 (1160956) main____ INFO    Important environment variables:
2026-02-23 14:17:16.367376 (1160956) main____ INFO      JASPER_HOME       : '/usr/licensed/cadence-20210126/jasper_2021.03'
2026-02-23 14:17:16.367382 (1160956) main____ INFO      JASPER_INSTALL_DIR: '/scratch/gpfs/LICENSED/x86_64/cadence-20210126/jasper_2021.03'
2026-02-23 14:17:16.367387 (1160956) main____ INFO      LANG              : 'en_US.UTF-8'
2026-02-23 14:17:16.367392 (1160956) main____ INFO      LM_LICENSE_FILE   : '5280@license.rc.princeton.edu'
2026-02-23 14:17:16.367396 (1160956) main____ INFO      TMPDIR            : '/tmp/ab2113/jg_5019072_70'
2026-02-23 14:17:16.367400 (1160956) main____ INFO    ----------------------------------------
2026-02-23 14:17:16.367895 (1160956) lic_core INFO    Initializing license system ...
2026-02-23 14:17:16.368785 (1160956) lic_core INFO    ... license system initialized.
2026-02-23 14:17:16.369575 (1160956) lic__man INFO    Claim 'fpv' for <ui>.
2026-02-23 14:17:16.369620 (1160956) lic_core INFO    (1) checking out 'jasper_fpv' ...
2026-02-23 14:17:16.376050 (1160956) lic_core INFO    ... (1) checkout failed (error: -5) ("FLEXnet ERROR(-5, 0, 0): No such feature exists.")
2026-02-23 14:17:16.376115 (1160956) lic_core INFO    (2) checking out 'jasper_fao' ...
2026-02-23 14:17:16.386313 (1160956) lic_core INFO    ... (2) checkout succeeded
2026-02-23 14:17:16.400237 (1160956) session_ INFO    Starting analysis session with session id 'session_0' (launcher: <local>) ...
2026-02-23 14:17:16.403145 (1160956) session_ INFO    Analysis session with session id 'session_0' started (pid: 1160964)
2026-02-23 14:17:17.121838 (1160956) session_ INFO    Analysis session 'session_0' connected to the console (host: 127.0.0.1:58122)
2026-02-23 14:17:17.991240 (1160956) main____ INFO    About to exit: request to exit with status 1 received from analysis session 'session_0'
2026-02-23 14:17:18.076034 (1160956) session_ INFO    Analysis session 'session_0' disconnected.
2026-02-23 14:17:18.076173 (1160956) lic__man INFO    Unclaim everything for 'session_0'.
2026-02-23 14:17:18.076754 (1160956) session_ INFO    Process for analysis session 'session_0' has exited with exit status '1'.
2026-02-23 14:17:20.049145 (1160956) lic_core INFO    (2) checkin jasper_fao
2026-02-23 14:17:20.050730 (1160956) main____ INFO    Exiting with status 1.
