2026-02-23 13:47:49.451160 (4150041) main____ INFO    ----------------------------------------
2026-02-23 13:47:49.451264 (4150041) main____ INFO    JasperGold version info
2026-02-23 13:47:49.451281 (4150041) main____ INFO      tool      : JasperGold 2021.03
2026-02-23 13:47:49.451291 (4150041) main____ INFO      version   : 2021.03 FCS 64 bits
2026-02-23 13:47:49.451296 (4150041) main____ INFO      build date: 2021.03.23 02:50:43 UTC
2026-02-23 13:47:49.451301 (4150041) main____ INFO    ----------------------------------------
2026-02-23 13:47:49.451305 (4150041) main____ INFO    Runtime info:
2026-02-23 13:47:49.451310 (4150041) main____ INFO      platform  : Linux 5.14.0-570.84.1.el9_6.x86_64 x86_64
2026-02-23 13:47:49.451316 (4150041) main____ INFO      hostname  : della-r3c2n12
2026-02-23 13:47:49.451321 (4150041) main____ INFO      pid       : 4150041
2026-02-23 13:47:49.451325 (4150041) main____ INFO      arguments : '-style' 'windows' '-batch' '-proj' './verification_results/02679/jgproject' '-tcl' './jasper_verif_check.tcl'
2026-02-23 13:47:49.451333 (4150041) main____ INFO      locale    : UTF-8
2026-02-23 13:47:49.451338 (4150041) main____ INFO    ----------------------------------------
2026-02-23 13:47:49.451343 (4150041) main____ INFO    System resource limits info:
2026-02-23 13:47:49.451348 (4150041) main____ INFO      virtual memory: unlimited
2026-02-23 13:47:49.451352 (4150041) main____ INFO      cpu time      : unlimited
2026-02-23 13:47:49.451356 (4150041) main____ INFO      stack size    : unlimited
2026-02-23 13:47:49.451360 (4150041) main____ INFO      core file size: unlimited
2026-02-23 13:47:49.451367 (4150041) main____ INFO      open files    : 131072
2026-02-23 13:47:49.451372 (4150041) main____ INFO      file size     : unlimited
2026-02-23 13:47:49.451376 (4150041) main____ INFO    ----------------------------------------
2026-02-23 13:47:49.451380 (4150041) main____ INFO    Memory statistics:
2026-02-23 13:47:49.451385 (4150041) main____ INFO      total physical memory  : 195972072 kB
2026-02-23 13:47:49.451389 (4150041) main____ INFO      free physical memory   : 129031044 kB
2026-02-23 13:47:49.451393 (4150041) main____ INFO      committed address space: 43484732 kB
2026-02-23 13:47:49.451398 (4150041) main____ INFO    ----------------------------------------
2026-02-23 13:47:49.452380 (4150041) main____ INFO    Important environment variables:
2026-02-23 13:47:49.452406 (4150041) main____ INFO      JASPER_HOME       : '/usr/licensed/cadence-20210126/jasper_2021.03'
2026-02-23 13:47:49.452412 (4150041) main____ INFO      JASPER_INSTALL_DIR: '/scratch/gpfs/LICENSED/x86_64/cadence-20210126/jasper_2021.03'
2026-02-23 13:47:49.452418 (4150041) main____ INFO      LANG              : 'en_US.UTF-8'
2026-02-23 13:47:49.452423 (4150041) main____ INFO      LM_LICENSE_FILE   : '5280@license.rc.princeton.edu'
2026-02-23 13:47:49.452429 (4150041) main____ INFO      TMPDIR            : '/tmp/ab2113/jg_5018946_46'
2026-02-23 13:47:49.452434 (4150041) main____ INFO    ----------------------------------------
2026-02-23 13:47:49.453255 (4150041) lic_core INFO    Initializing license system ...
2026-02-23 13:47:49.454111 (4150041) lic_core INFO    ... license system initialized.
2026-02-23 13:47:49.454862 (4150041) lic__man INFO    Claim 'fpv' for <ui>.
2026-02-23 13:47:49.454901 (4150041) lic_core INFO    (1) checking out 'jasper_fpv' ...
2026-02-23 13:47:49.460463 (4150041) lic_core INFO    ... (1) checkout failed (error: -5) ("FLEXnet ERROR(-5, 0, 0): No such feature exists.")
2026-02-23 13:47:49.460518 (4150041) lic_core INFO    (2) checking out 'jasper_fao' ...
2026-02-23 13:47:49.470887 (4150041) lic_core INFO    ... (2) checkout succeeded
2026-02-23 13:47:49.485315 (4150041) session_ INFO    Starting analysis session with session id 'session_0' (launcher: <local>) ...
2026-02-23 13:47:49.488083 (4150041) session_ INFO    Analysis session with session id 'session_0' started (pid: 4150049)
2026-02-23 13:47:50.249050 (4150041) session_ INFO    Analysis session 'session_0' connected to the console (host: 127.0.0.1:34928)
2026-02-23 13:47:51.180070 (4150041) main____ INFO    About to exit: request to exit with status 1 received from analysis session 'session_0'
2026-02-23 13:47:51.254020 (4150041) session_ INFO    Analysis session 'session_0' disconnected.
2026-02-23 13:47:51.254160 (4150041) lic__man INFO    Unclaim everything for 'session_0'.
2026-02-23 13:47:51.254835 (4150041) session_ INFO    Process for analysis session 'session_0' has exited with exit status '1'.
2026-02-23 13:47:53.125781 (4150041) lic_core INFO    (2) checkin jasper_fao
2026-02-23 13:47:53.127554 (4150041) main____ INFO    Exiting with status 1.
