2026-02-23 13:52:11.842645 (1353910) main____ INFO    ----------------------------------------
2026-02-23 13:52:11.842740 (1353910) main____ INFO    JasperGold version info
2026-02-23 13:52:11.842759 (1353910) main____ INFO      tool      : JasperGold 2021.03
2026-02-23 13:52:11.842768 (1353910) main____ INFO      version   : 2021.03 FCS 64 bits
2026-02-23 13:52:11.842774 (1353910) main____ INFO      build date: 2021.03.23 02:50:43 UTC
2026-02-23 13:52:11.842779 (1353910) main____ INFO    ----------------------------------------
2026-02-23 13:52:11.842784 (1353910) main____ INFO    Runtime info:
2026-02-23 13:52:11.842789 (1353910) main____ INFO      platform  : Linux 5.14.0-570.84.1.el9_6.x86_64 x86_64
2026-02-23 13:52:11.842796 (1353910) main____ INFO      hostname  : della-i13n21
2026-02-23 13:52:11.842801 (1353910) main____ INFO      pid       : 1353910
2026-02-23 13:52:11.842807 (1353910) main____ INFO      arguments : '-style' 'windows' '-batch' '-proj' './verification_results/02173/jgproject' '-tcl' './jasper_verif_check.tcl'
2026-02-23 13:52:11.842815 (1353910) main____ INFO      locale    : UTF-8
2026-02-23 13:52:11.842821 (1353910) main____ INFO    ----------------------------------------
2026-02-23 13:52:11.842825 (1353910) main____ INFO    System resource limits info:
2026-02-23 13:52:11.842830 (1353910) main____ INFO      virtual memory: unlimited
2026-02-23 13:52:11.842836 (1353910) main____ INFO      cpu time      : unlimited
2026-02-23 13:52:11.842841 (1353910) main____ INFO      stack size    : unlimited
2026-02-23 13:52:11.842846 (1353910) main____ INFO      core file size: unlimited
2026-02-23 13:52:11.842854 (1353910) main____ INFO      open files    : 131072
2026-02-23 13:52:11.842859 (1353910) main____ INFO      file size     : unlimited
2026-02-23 13:52:11.842864 (1353910) main____ INFO    ----------------------------------------
2026-02-23 13:52:11.842869 (1353910) main____ INFO    Memory statistics:
2026-02-23 13:52:11.842874 (1353910) main____ INFO      total physical memory  : 394157548 kB
2026-02-23 13:52:11.842879 (1353910) main____ INFO      free physical memory   : 235295676 kB
2026-02-23 13:52:11.842884 (1353910) main____ INFO      committed address space: 109031104 kB
2026-02-23 13:52:11.842889 (1353910) main____ INFO    ----------------------------------------
2026-02-23 13:52:11.843790 (1353910) main____ INFO    Important environment variables:
2026-02-23 13:52:11.843808 (1353910) main____ INFO      JASPER_HOME       : '/usr/licensed/cadence-20210126/jasper_2021.03'
2026-02-23 13:52:11.843816 (1353910) main____ INFO      JASPER_INSTALL_DIR: '/scratch/gpfs/LICENSED/x86_64/cadence-20210126/jasper_2021.03'
2026-02-23 13:52:11.843823 (1353910) main____ INFO      LANG              : 'en_US.UTF-8'
2026-02-23 13:52:11.843829 (1353910) main____ INFO      LM_LICENSE_FILE   : '5280@license.rc.princeton.edu'
2026-02-23 13:52:11.843835 (1353910) main____ INFO      TMPDIR            : '/tmp/ab2113/jg_5018895_36'
2026-02-23 13:52:11.843840 (1353910) main____ INFO    ----------------------------------------
2026-02-23 13:52:11.844291 (1353910) lic_core INFO    Initializing license system ...
2026-02-23 13:52:11.845079 (1353910) lic_core INFO    ... license system initialized.
2026-02-23 13:52:11.845780 (1353910) lic__man INFO    Claim 'fpv' for <ui>.
2026-02-23 13:52:11.845817 (1353910) lic_core INFO    (1) checking out 'jasper_fpv' ...
2026-02-23 13:52:11.851157 (1353910) lic_core INFO    ... (1) checkout failed (error: -5) ("FLEXnet ERROR(-5, 0, 0): No such feature exists.")
2026-02-23 13:52:11.851199 (1353910) lic_core INFO    (2) checking out 'jasper_fao' ...
2026-02-23 13:52:11.860876 (1353910) lic_core INFO    ... (2) checkout succeeded
2026-02-23 13:52:11.876327 (1353910) session_ INFO    Starting analysis session with session id 'session_0' (launcher: <local>) ...
2026-02-23 13:52:11.879083 (1353910) session_ INFO    Analysis session with session id 'session_0' started (pid: 1353918)
2026-02-23 13:52:12.520017 (1353910) session_ INFO    Analysis session 'session_0' connected to the console (host: 127.0.0.1:57906)
2026-02-23 13:52:13.102203 (1353910) main____ INFO    About to exit: request to exit with status 1 received from analysis session 'session_0'
2026-02-23 13:52:13.174205 (1353910) session_ INFO    Analysis session 'session_0' disconnected.
2026-02-23 13:52:13.174323 (1353910) lic__man INFO    Unclaim everything for 'session_0'.
2026-02-23 13:52:13.174894 (1353910) session_ INFO    Process for analysis session 'session_0' has exited with exit status '1'.
2026-02-23 13:52:15.006523 (1353910) lic_core INFO    (2) checkin jasper_fao
2026-02-23 13:52:15.007937 (1353910) main____ INFO    Exiting with status 1.
