2026-02-23 13:48:25.776865 (1000596) main____ INFO    ----------------------------------------
2026-02-23 13:48:25.776946 (1000596) main____ INFO    JasperGold version info
2026-02-23 13:48:25.776965 (1000596) main____ INFO      tool      : JasperGold 2021.03
2026-02-23 13:48:25.776975 (1000596) main____ INFO      version   : 2021.03 FCS 64 bits
2026-02-23 13:48:25.776981 (1000596) main____ INFO      build date: 2021.03.23 02:50:43 UTC
2026-02-23 13:48:25.776986 (1000596) main____ INFO    ----------------------------------------
2026-02-23 13:48:25.776991 (1000596) main____ INFO    Runtime info:
2026-02-23 13:48:25.776997 (1000596) main____ INFO      platform  : Linux 5.14.0-570.84.1.el9_6.x86_64 x86_64
2026-02-23 13:48:25.777003 (1000596) main____ INFO      hostname  : della-h16n4
2026-02-23 13:48:25.777008 (1000596) main____ INFO      pid       : 1000596
2026-02-23 13:48:25.777013 (1000596) main____ INFO      arguments : '-style' 'windows' '-batch' '-proj' './verification_results/02512/jgproject' '-tcl' './jasper_verif_check.tcl'
2026-02-23 13:48:25.777022 (1000596) main____ INFO      locale    : UTF-8
2026-02-23 13:48:25.777027 (1000596) main____ INFO    ----------------------------------------
2026-02-23 13:48:25.777032 (1000596) main____ INFO    System resource limits info:
2026-02-23 13:48:25.777037 (1000596) main____ INFO      virtual memory: unlimited
2026-02-23 13:48:25.777042 (1000596) main____ INFO      cpu time      : unlimited
2026-02-23 13:48:25.777047 (1000596) main____ INFO      stack size    : unlimited
2026-02-23 13:48:25.777052 (1000596) main____ INFO      core file size: unlimited
2026-02-23 13:48:25.777059 (1000596) main____ INFO      open files    : 131072
2026-02-23 13:48:25.777064 (1000596) main____ INFO      file size     : unlimited
2026-02-23 13:48:25.777069 (1000596) main____ INFO    ----------------------------------------
2026-02-23 13:48:25.777074 (1000596) main____ INFO    Memory statistics:
2026-02-23 13:48:25.777079 (1000596) main____ INFO      total physical memory  : 1584164328 kB
2026-02-23 13:48:25.777084 (1000596) main____ INFO      free physical memory   : 741665280 kB
2026-02-23 13:48:25.777089 (1000596) main____ INFO      committed address space: 743070724 kB
2026-02-23 13:48:25.777094 (1000596) main____ INFO    ----------------------------------------
2026-02-23 13:48:25.777648 (1000596) main____ INFO    Important environment variables:
2026-02-23 13:48:25.777663 (1000596) main____ INFO      JASPER_HOME       : '/usr/licensed/cadence-20210126/jasper_2021.03'
2026-02-23 13:48:25.777669 (1000596) main____ INFO      JASPER_INSTALL_DIR: '/scratch/gpfs/LICENSED/x86_64/cadence-20210126/jasper_2021.03'
2026-02-23 13:48:25.777675 (1000596) main____ INFO      LANG              : 'en_US.UTF-8'
2026-02-23 13:48:25.777681 (1000596) main____ INFO      LM_LICENSE_FILE   : '5280@license.rc.princeton.edu'
2026-02-23 13:48:25.777686 (1000596) main____ INFO      TMPDIR            : '/tmp/ab2113/jg_5018914_42'
2026-02-23 13:48:25.777691 (1000596) main____ INFO    ----------------------------------------
2026-02-23 13:48:25.778297 (1000596) lic_core INFO    Initializing license system ...
2026-02-23 13:48:25.778896 (1000596) lic_core INFO    ... license system initialized.
2026-02-23 13:48:25.779696 (1000596) lic__man INFO    Claim 'fpv' for <ui>.
2026-02-23 13:48:25.779730 (1000596) lic_core INFO    (1) checking out 'jasper_fpv' ...
2026-02-23 13:48:25.785418 (1000596) lic_core INFO    ... (1) checkout failed (error: -5) ("FLEXnet ERROR(-5, 0, 0): No such feature exists.")
2026-02-23 13:48:25.785473 (1000596) lic_core INFO    (2) checking out 'jasper_fao' ...
2026-02-23 13:48:25.795160 (1000596) lic_core INFO    ... (2) checkout succeeded
2026-02-23 13:48:25.807943 (1000596) session_ INFO    Starting analysis session with session id 'session_0' (launcher: <local>) ...
2026-02-23 13:48:25.812037 (1000596) session_ INFO    Analysis session with session id 'session_0' started (pid: 1000604)
2026-02-23 13:48:26.533151 (1000596) session_ INFO    Analysis session 'session_0' connected to the console (host: 127.0.0.1:50450)
2026-02-23 13:48:27.357934 (1000596) lic__man INFO    Unclaim everything for 'session_0'.
2026-02-23 13:48:27.392789 (1000596) lic__man INFO    Claim 'fpv' for 'session_0'.
2026-02-23 13:48:27.392841 (1000596) lic__man INFO    Claim 'fpv' for 'session_0/prove-0'.
2026-02-23 13:48:27.556619 (1000596) lic__man INFO    Unclaim everything for 'session_0/prove-0'.
2026-02-23 13:48:27.611894 (1000596) main____ INFO    About to exit: request to exit with status 0 received from analysis session 'session_0'
2026-02-23 13:48:27.684560 (1000596) session_ INFO    Analysis session 'session_0' disconnected.
2026-02-23 13:48:27.684727 (1000596) lic__man INFO    Unclaim everything for 'session_0'.
2026-02-23 13:48:27.685587 (1000596) session_ INFO    Process for analysis session 'session_0' has exited with exit status '0'.
2026-02-23 13:48:29.633119 (1000596) lic_core INFO    (2) checkin jasper_fao
2026-02-23 13:48:29.635346 (1000596) main____ INFO    Exiting with status 0.
