2026-02-23 13:48:40.708488 (937747) main____ INFO    ----------------------------------------
2026-02-23 13:48:40.708568 (937747) main____ INFO    JasperGold version info
2026-02-23 13:48:40.708584 (937747) main____ INFO      tool      : JasperGold 2021.03
2026-02-23 13:48:40.708592 (937747) main____ INFO      version   : 2021.03 FCS 64 bits
2026-02-23 13:48:40.708596 (937747) main____ INFO      build date: 2021.03.23 02:50:43 UTC
2026-02-23 13:48:40.708600 (937747) main____ INFO    ----------------------------------------
2026-02-23 13:48:40.708604 (937747) main____ INFO    Runtime info:
2026-02-23 13:48:40.708608 (937747) main____ INFO      platform  : Linux 5.14.0-570.84.1.el9_6.x86_64 x86_64
2026-02-23 13:48:40.708614 (937747) main____ INFO      hostname  : della-i13n12
2026-02-23 13:48:40.708618 (937747) main____ INFO      pid       : 937747
2026-02-23 13:48:40.708622 (937747) main____ INFO      arguments : '-style' 'windows' '-batch' '-proj' './verification_results/02884/jgproject' '-tcl' './jasper_verif_check.tcl'
2026-02-23 13:48:40.708629 (937747) main____ INFO      locale    : UTF-8
2026-02-23 13:48:40.708633 (937747) main____ INFO    ----------------------------------------
2026-02-23 13:48:40.708637 (937747) main____ INFO    System resource limits info:
2026-02-23 13:48:40.708641 (937747) main____ INFO      virtual memory: unlimited
2026-02-23 13:48:40.708644 (937747) main____ INFO      cpu time      : unlimited
2026-02-23 13:48:40.708648 (937747) main____ INFO      stack size    : unlimited
2026-02-23 13:48:40.708652 (937747) main____ INFO      core file size: unlimited
2026-02-23 13:48:40.708658 (937747) main____ INFO      open files    : 131072
2026-02-23 13:48:40.708662 (937747) main____ INFO      file size     : unlimited
2026-02-23 13:48:40.708666 (937747) main____ INFO    ----------------------------------------
2026-02-23 13:48:40.708670 (937747) main____ INFO    Memory statistics:
2026-02-23 13:48:40.708674 (937747) main____ INFO      total physical memory  : 394157548 kB
2026-02-23 13:48:40.708678 (937747) main____ INFO      free physical memory   : 227681468 kB
2026-02-23 13:48:40.708681 (937747) main____ INFO      committed address space: 109566232 kB
2026-02-23 13:48:40.708685 (937747) main____ INFO    ----------------------------------------
2026-02-23 13:48:40.709567 (937747) main____ INFO    Important environment variables:
2026-02-23 13:48:40.709581 (937747) main____ INFO      JASPER_HOME       : '/usr/licensed/cadence-20210126/jasper_2021.03'
2026-02-23 13:48:40.709587 (937747) main____ INFO      JASPER_INSTALL_DIR: '/scratch/gpfs/LICENSED/x86_64/cadence-20210126/jasper_2021.03'
2026-02-23 13:48:40.709592 (937747) main____ INFO      LANG              : 'en_US.UTF-8'
2026-02-23 13:48:40.709596 (937747) main____ INFO      LM_LICENSE_FILE   : '5280@license.rc.princeton.edu'
2026-02-23 13:48:40.709601 (937747) main____ INFO      TMPDIR            : '/tmp/ab2113/jg_5018960_50'
2026-02-23 13:48:40.709605 (937747) main____ INFO    ----------------------------------------
2026-02-23 13:48:40.710371 (937747) lic_core INFO    Initializing license system ...
2026-02-23 13:48:40.711134 (937747) lic_core INFO    ... license system initialized.
2026-02-23 13:48:40.711802 (937747) lic__man INFO    Claim 'fpv' for <ui>.
2026-02-23 13:48:40.711836 (937747) lic_core INFO    (1) checking out 'jasper_fpv' ...
2026-02-23 13:48:40.717892 (937747) lic_core INFO    ... (1) checkout failed (error: -5) ("FLEXnet ERROR(-5, 0, 0): No such feature exists.")
2026-02-23 13:48:40.717922 (937747) lic_core INFO    (2) checking out 'jasper_fao' ...
2026-02-23 13:48:40.727749 (937747) lic_core INFO    ... (2) checkout succeeded
2026-02-23 13:48:40.740961 (937747) session_ INFO    Starting analysis session with session id 'session_0' (launcher: <local>) ...
2026-02-23 13:48:40.743504 (937747) session_ INFO    Analysis session with session id 'session_0' started (pid: 937755)
2026-02-23 13:48:41.353558 (937747) session_ INFO    Analysis session 'session_0' connected to the console (host: 127.0.0.1:37294)
2026-02-23 13:48:41.891178 (937747) main____ INFO    About to exit: request to exit with status 1 received from analysis session 'session_0'
2026-02-23 13:48:41.958995 (937747) session_ INFO    Analysis session 'session_0' disconnected.
2026-02-23 13:48:41.959123 (937747) lic__man INFO    Unclaim everything for 'session_0'.
2026-02-23 13:48:41.959617 (937747) session_ INFO    Process for analysis session 'session_0' has exited with exit status '1'.
2026-02-23 13:48:43.992207 (937747) lic_core INFO    (2) checkin jasper_fao
2026-02-23 13:48:43.993682 (937747) main____ INFO    Exiting with status 1.
