2026-02-23 13:52:29.464168 (4191006) main____ INFO    ----------------------------------------
2026-02-23 13:52:29.464270 (4191006) main____ INFO    JasperGold version info
2026-02-23 13:52:29.464289 (4191006) main____ INFO      tool      : JasperGold 2021.03
2026-02-23 13:52:29.464298 (4191006) main____ INFO      version   : 2021.03 FCS 64 bits
2026-02-23 13:52:29.464303 (4191006) main____ INFO      build date: 2021.03.23 02:50:43 UTC
2026-02-23 13:52:29.464308 (4191006) main____ INFO    ----------------------------------------
2026-02-23 13:52:29.464312 (4191006) main____ INFO    Runtime info:
2026-02-23 13:52:29.464316 (4191006) main____ INFO      platform  : Linux 5.14.0-570.84.1.el9_6.x86_64 x86_64
2026-02-23 13:52:29.464322 (4191006) main____ INFO      hostname  : della-r3c2n6
2026-02-23 13:52:29.464327 (4191006) main____ INFO      pid       : 4191006
2026-02-23 13:52:29.464331 (4191006) main____ INFO      arguments : '-style' 'windows' '-batch' '-proj' './verification_results/03398/jgproject' '-tcl' './jasper_verif_check.tcl'
2026-02-23 13:52:29.464339 (4191006) main____ INFO      locale    : UTF-8
2026-02-23 13:52:29.464343 (4191006) main____ INFO    ----------------------------------------
2026-02-23 13:52:29.464347 (4191006) main____ INFO    System resource limits info:
2026-02-23 13:52:29.464351 (4191006) main____ INFO      virtual memory: unlimited
2026-02-23 13:52:29.464355 (4191006) main____ INFO      cpu time      : unlimited
2026-02-23 13:52:29.464360 (4191006) main____ INFO      stack size    : unlimited
2026-02-23 13:52:29.464364 (4191006) main____ INFO      core file size: unlimited
2026-02-23 13:52:29.464372 (4191006) main____ INFO      open files    : 131072
2026-02-23 13:52:29.464376 (4191006) main____ INFO      file size     : unlimited
2026-02-23 13:52:29.464380 (4191006) main____ INFO    ----------------------------------------
2026-02-23 13:52:29.464384 (4191006) main____ INFO    Memory statistics:
2026-02-23 13:52:29.464389 (4191006) main____ INFO      total physical memory  : 195972160 kB
2026-02-23 13:52:29.464393 (4191006) main____ INFO      free physical memory   : 138656244 kB
2026-02-23 13:52:29.464397 (4191006) main____ INFO      committed address space: 46184500 kB
2026-02-23 13:52:29.464401 (4191006) main____ INFO    ----------------------------------------
2026-02-23 13:52:29.465384 (4191006) main____ INFO    Important environment variables:
2026-02-23 13:52:29.465408 (4191006) main____ INFO      JASPER_HOME       : '/usr/licensed/cadence-20210126/jasper_2021.03'
2026-02-23 13:52:29.465415 (4191006) main____ INFO      JASPER_INSTALL_DIR: '/scratch/gpfs/LICENSED/x86_64/cadence-20210126/jasper_2021.03'
2026-02-23 13:52:29.465420 (4191006) main____ INFO      LANG              : 'en_US.UTF-8'
2026-02-23 13:52:29.465425 (4191006) main____ INFO      LM_LICENSE_FILE   : '5280@license.rc.princeton.edu'
2026-02-23 13:52:29.465430 (4191006) main____ INFO      TMPDIR            : '/tmp/ab2113/jg_5019007_60'
2026-02-23 13:52:29.465435 (4191006) main____ INFO    ----------------------------------------
2026-02-23 13:52:29.466284 (4191006) lic_core INFO    Initializing license system ...
2026-02-23 13:52:29.467127 (4191006) lic_core INFO    ... license system initialized.
2026-02-23 13:52:29.467890 (4191006) lic__man INFO    Claim 'fpv' for <ui>.
2026-02-23 13:52:29.467930 (4191006) lic_core INFO    (1) checking out 'jasper_fpv' ...
2026-02-23 13:52:29.473284 (4191006) lic_core INFO    ... (1) checkout failed (error: -5) ("FLEXnet ERROR(-5, 0, 0): No such feature exists.")
2026-02-23 13:52:29.473343 (4191006) lic_core INFO    (2) checking out 'jasper_fao' ...
2026-02-23 13:52:29.483735 (4191006) lic_core INFO    ... (2) checkout succeeded
2026-02-23 13:52:29.498323 (4191006) session_ INFO    Starting analysis session with session id 'session_0' (launcher: <local>) ...
2026-02-23 13:52:29.501217 (4191006) session_ INFO    Analysis session with session id 'session_0' started (pid: 4191014)
2026-02-23 13:52:30.205592 (4191006) session_ INFO    Analysis session 'session_0' connected to the console (host: 127.0.0.1:53832)
2026-02-23 13:52:30.816310 (4191006) main____ INFO    About to exit: request to exit with status 1 received from analysis session 'session_0'
2026-02-23 13:52:30.891750 (4191006) session_ INFO    Analysis session 'session_0' disconnected.
2026-02-23 13:52:30.891878 (4191006) lic__man INFO    Unclaim everything for 'session_0'.
2026-02-23 13:52:30.892242 (4191006) session_ INFO    Process for analysis session 'session_0' has exited with exit status '1'.
2026-02-23 13:52:32.721215 (4191006) lic_core INFO    (2) checkin jasper_fao
2026-02-23 13:52:32.722627 (4191006) main____ INFO    Exiting with status 1.
