2026-02-20 18:26:09.326945 (2587041) main____ INFO    ----------------------------------------
2026-02-20 18:26:09.327066 (2587041) main____ INFO    JasperGold version info
2026-02-20 18:26:09.327087 (2587041) main____ INFO      tool      : JasperGold 2021.03
2026-02-20 18:26:09.327097 (2587041) main____ INFO      version   : 2021.03 FCS 64 bits
2026-02-20 18:26:09.327102 (2587041) main____ INFO      build date: 2021.03.23 02:50:43 UTC
2026-02-20 18:26:09.327106 (2587041) main____ INFO    ----------------------------------------
2026-02-20 18:26:09.327110 (2587041) main____ INFO    Runtime info:
2026-02-20 18:26:09.327114 (2587041) main____ INFO      platform  : Linux 5.14.0-570.84.1.el9_6.x86_64 x86_64
2026-02-20 18:26:09.327120 (2587041) main____ INFO      hostname  : della-i13n22
2026-02-20 18:26:09.327125 (2587041) main____ INFO      pid       : 2587041
2026-02-20 18:26:09.327129 (2587041) main____ INFO      arguments : '-style' 'windows' '-batch' '-proj' 'verification_results/00799/jgproject' '-tcl' './jasper_verif_check.tcl'
2026-02-20 18:26:09.327137 (2587041) main____ INFO      locale    : UTF-8
2026-02-20 18:26:09.327141 (2587041) main____ INFO    ----------------------------------------
2026-02-20 18:26:09.327144 (2587041) main____ INFO    System resource limits info:
2026-02-20 18:26:09.327148 (2587041) main____ INFO      virtual memory: unlimited
2026-02-20 18:26:09.327153 (2587041) main____ INFO      cpu time      : unlimited
2026-02-20 18:26:09.327157 (2587041) main____ INFO      stack size    : unlimited
2026-02-20 18:26:09.327160 (2587041) main____ INFO      core file size: unlimited
2026-02-20 18:26:09.327168 (2587041) main____ INFO      open files    : 131072
2026-02-20 18:26:09.327172 (2587041) main____ INFO      file size     : unlimited
2026-02-20 18:26:09.327176 (2587041) main____ INFO    ----------------------------------------
2026-02-20 18:26:09.327179 (2587041) main____ INFO    Memory statistics:
2026-02-20 18:26:09.327184 (2587041) main____ INFO      total physical memory  : 394157548 kB
2026-02-20 18:26:09.327187 (2587041) main____ INFO      free physical memory   : 177255812 kB
2026-02-20 18:26:09.327191 (2587041) main____ INFO      committed address space: 181701084 kB
2026-02-20 18:26:09.327194 (2587041) main____ INFO    ----------------------------------------
2026-02-20 18:26:09.328084 (2587041) main____ INFO    Important environment variables:
2026-02-20 18:26:09.328102 (2587041) main____ INFO      JASPER_HOME       : '/usr/licensed/cadence-20210126/jasper_2021.03'
2026-02-20 18:26:09.328109 (2587041) main____ INFO      JASPER_INSTALL_DIR: '/scratch/gpfs/LICENSED/x86_64/cadence-20210126/jasper_2021.03'
2026-02-20 18:26:09.328114 (2587041) main____ INFO      LANG              : 'en_US.UTF-8'
2026-02-20 18:26:09.328119 (2587041) main____ INFO      LM_LICENSE_FILE   : '5280@license.rc.princeton.edu'
2026-02-20 18:26:09.328124 (2587041) main____ INFO      TMPDIR            : '/tmp'
2026-02-20 18:26:09.328128 (2587041) main____ INFO    ----------------------------------------
2026-02-20 18:26:09.328725 (2587041) lic_core INFO    Initializing license system ...
2026-02-20 18:26:09.329670 (2587041) lic_core INFO    ... license system initialized.
2026-02-20 18:26:09.330521 (2587041) lic__man INFO    Claim 'fpv' for <ui>.
2026-02-20 18:26:09.330567 (2587041) lic_core INFO    (1) checking out 'jasper_fpv' ...
2026-02-20 18:26:09.336615 (2587041) lic_core INFO    ... (1) checkout failed (error: -5) ("FLEXnet ERROR(-5, 0, 0): No such feature exists.")
2026-02-20 18:26:09.336683 (2587041) lic_core INFO    (2) checking out 'jasper_fao' ...
2026-02-20 18:26:09.347243 (2587041) lic_core INFO    ... (2) checkout succeeded
2026-02-20 18:26:09.363306 (2587041) session_ INFO    Starting analysis session with session id 'session_0' (launcher: <local>) ...
2026-02-20 18:26:09.366721 (2587041) session_ INFO    Analysis session with session id 'session_0' started (pid: 2587049)
2026-02-20 18:26:10.120753 (2587041) session_ INFO    Analysis session 'session_0' connected to the console (host: 127.0.0.1:48370)
2026-02-20 18:26:10.966960 (2587041) lic__man INFO    Unclaim everything for 'session_0'.
2026-02-20 18:26:11.012575 (2587041) lic__man INFO    Claim 'fpv' for 'session_0'.
2026-02-20 18:26:11.012630 (2587041) lic__man INFO    Claim 'fpv' for 'session_0/prove-0'.
2026-02-20 18:26:11.166986 (2587041) lic__man INFO    Unclaim everything for 'session_0/prove-0'.
2026-02-20 18:26:11.224486 (2587041) main____ INFO    About to exit: request to exit with status 0 received from analysis session 'session_0'
2026-02-20 18:26:11.331482 (2587041) session_ INFO    Analysis session 'session_0' disconnected.
2026-02-20 18:26:11.331622 (2587041) lic__man INFO    Unclaim everything for 'session_0'.
2026-02-20 18:26:11.332712 (2587041) session_ INFO    Process for analysis session 'session_0' has exited with exit status '0'.
2026-02-20 18:26:13.132420 (2587041) lic_core INFO    (2) checkin jasper_fao
2026-02-20 18:26:13.134128 (2587041) main____ INFO    Exiting with status 0.
