2026-02-23 13:46:05.559372 (121691) main____ INFO    ----------------------------------------
2026-02-23 13:46:05.559453 (121691) main____ INFO    JasperGold version info
2026-02-23 13:46:05.559470 (121691) main____ INFO      tool      : JasperGold 2021.03
2026-02-23 13:46:05.559479 (121691) main____ INFO      version   : 2021.03 FCS 64 bits
2026-02-23 13:46:05.559485 (121691) main____ INFO      build date: 2021.03.23 02:50:43 UTC
2026-02-23 13:46:05.559491 (121691) main____ INFO    ----------------------------------------
2026-02-23 13:46:05.559497 (121691) main____ INFO    Runtime info:
2026-02-23 13:46:05.559503 (121691) main____ INFO      platform  : Linux 5.14.0-570.84.1.el9_6.x86_64 x86_64
2026-02-23 13:46:05.559509 (121691) main____ INFO      hostname  : della-h14n2
2026-02-23 13:46:05.559514 (121691) main____ INFO      pid       : 121691
2026-02-23 13:46:05.559519 (121691) main____ INFO      arguments : '-style' 'windows' '-batch' '-proj' './verification_results/02425/jgproject' '-tcl' './jasper_verif_check.tcl'
2026-02-23 13:46:05.559528 (121691) main____ INFO      locale    : UTF-8
2026-02-23 13:46:05.559534 (121691) main____ INFO    ----------------------------------------
2026-02-23 13:46:05.559540 (121691) main____ INFO    System resource limits info:
2026-02-23 13:46:05.559546 (121691) main____ INFO      virtual memory: unlimited
2026-02-23 13:46:05.559552 (121691) main____ INFO      cpu time      : unlimited
2026-02-23 13:46:05.559557 (121691) main____ INFO      stack size    : unlimited
2026-02-23 13:46:05.559562 (121691) main____ INFO      core file size: unlimited
2026-02-23 13:46:05.559570 (121691) main____ INFO      open files    : 131072
2026-02-23 13:46:05.559575 (121691) main____ INFO      file size     : unlimited
2026-02-23 13:46:05.559579 (121691) main____ INFO    ----------------------------------------
2026-02-23 13:46:05.559584 (121691) main____ INFO    Memory statistics:
2026-02-23 13:46:05.559590 (121691) main____ INFO      total physical memory  : 1584164328 kB
2026-02-23 13:46:05.559596 (121691) main____ INFO      free physical memory   : 750628408 kB
2026-02-23 13:46:05.559602 (121691) main____ INFO      committed address space: 673344412 kB
2026-02-23 13:46:05.559607 (121691) main____ INFO    ----------------------------------------
2026-02-23 13:46:05.560133 (121691) main____ INFO    Important environment variables:
2026-02-23 13:46:05.560150 (121691) main____ INFO      JASPER_HOME       : '/usr/licensed/cadence-20210126/jasper_2021.03'
2026-02-23 13:46:05.560158 (121691) main____ INFO      JASPER_INSTALL_DIR: '/scratch/gpfs/LICENSED/x86_64/cadence-20210126/jasper_2021.03'
2026-02-23 13:46:05.560165 (121691) main____ INFO      LANG              : 'en_US.UTF-8'
2026-02-23 13:46:05.560171 (121691) main____ INFO      LM_LICENSE_FILE   : '5280@license.rc.princeton.edu'
2026-02-23 13:46:05.560177 (121691) main____ INFO      TMPDIR            : '/tmp/ab2113/jg_5018913_41'
2026-02-23 13:46:05.560182 (121691) main____ INFO    ----------------------------------------
2026-02-23 13:46:05.560698 (121691) lic_core INFO    Initializing license system ...
2026-02-23 13:46:05.561257 (121691) lic_core INFO    ... license system initialized.
2026-02-23 13:46:05.562043 (121691) lic__man INFO    Claim 'fpv' for <ui>.
2026-02-23 13:46:05.562076 (121691) lic_core INFO    (1) checking out 'jasper_fpv' ...
2026-02-23 13:46:05.567337 (121691) lic_core INFO    ... (1) checkout failed (error: -5) ("FLEXnet ERROR(-5, 0, 0): No such feature exists.")
2026-02-23 13:46:05.567365 (121691) lic_core INFO    (2) checking out 'jasper_fao' ...
2026-02-23 13:46:05.576644 (121691) lic_core INFO    ... (2) checkout succeeded
2026-02-23 13:46:05.588127 (121691) session_ INFO    Starting analysis session with session id 'session_0' (launcher: <local>) ...
2026-02-23 13:46:05.591264 (121691) session_ INFO    Analysis session with session id 'session_0' started (pid: 121702)
2026-02-23 13:46:06.172115 (121691) session_ INFO    Analysis session 'session_0' connected to the console (host: 127.0.0.1:57868)
2026-02-23 13:46:06.726940 (121691) main____ INFO    About to exit: request to exit with status 1 received from analysis session 'session_0'
2026-02-23 13:46:06.785849 (121691) session_ INFO    Analysis session 'session_0' disconnected.
2026-02-23 13:46:06.786003 (121691) lic__man INFO    Unclaim everything for 'session_0'.
2026-02-23 13:46:06.786615 (121691) session_ INFO    Process for analysis session 'session_0' has exited with exit status '1'.
2026-02-23 13:46:08.832756 (121691) lic_core INFO    (2) checkin jasper_fao
2026-02-23 13:46:08.834544 (121691) main____ INFO    Exiting with status 1.
