2026-02-20 17:41:06.743996 (2544162) main____ INFO    ----------------------------------------
2026-02-20 17:41:06.744119 (2544162) main____ INFO    JasperGold version info
2026-02-20 17:41:06.744144 (2544162) main____ INFO      tool      : JasperGold 2021.03
2026-02-20 17:41:06.744154 (2544162) main____ INFO      version   : 2021.03 FCS 64 bits
2026-02-20 17:41:06.744160 (2544162) main____ INFO      build date: 2021.03.23 02:50:43 UTC
2026-02-20 17:41:06.744164 (2544162) main____ INFO    ----------------------------------------
2026-02-20 17:41:06.744167 (2544162) main____ INFO    Runtime info:
2026-02-20 17:41:06.744172 (2544162) main____ INFO      platform  : Linux 5.14.0-570.84.1.el9_6.x86_64 x86_64
2026-02-20 17:41:06.744178 (2544162) main____ INFO      hostname  : della-i13n22
2026-02-20 17:41:06.744182 (2544162) main____ INFO      pid       : 2544162
2026-02-20 17:41:06.744187 (2544162) main____ INFO      arguments : '-style' 'windows' '-batch' '-proj' 'verification_results/00355/jgproject' '-tcl' './jasper_verif_check.tcl'
2026-02-20 17:41:06.744195 (2544162) main____ INFO      locale    : UTF-8
2026-02-20 17:41:06.744199 (2544162) main____ INFO    ----------------------------------------
2026-02-20 17:41:06.744203 (2544162) main____ INFO    System resource limits info:
2026-02-20 17:41:06.744207 (2544162) main____ INFO      virtual memory: unlimited
2026-02-20 17:41:06.744211 (2544162) main____ INFO      cpu time      : unlimited
2026-02-20 17:41:06.744215 (2544162) main____ INFO      stack size    : unlimited
2026-02-20 17:41:06.744219 (2544162) main____ INFO      core file size: unlimited
2026-02-20 17:41:06.744226 (2544162) main____ INFO      open files    : 131072
2026-02-20 17:41:06.744230 (2544162) main____ INFO      file size     : unlimited
2026-02-20 17:41:06.744234 (2544162) main____ INFO    ----------------------------------------
2026-02-20 17:41:06.744237 (2544162) main____ INFO    Memory statistics:
2026-02-20 17:41:06.744241 (2544162) main____ INFO      total physical memory  : 394157548 kB
2026-02-20 17:41:06.744245 (2544162) main____ INFO      free physical memory   : 192901432 kB
2026-02-20 17:41:06.744249 (2544162) main____ INFO      committed address space: 165813496 kB
2026-02-20 17:41:06.744252 (2544162) main____ INFO    ----------------------------------------
2026-02-20 17:41:06.745154 (2544162) main____ INFO    Important environment variables:
2026-02-20 17:41:06.745174 (2544162) main____ INFO      JASPER_HOME       : '/usr/licensed/cadence-20210126/jasper_2021.03'
2026-02-20 17:41:06.745180 (2544162) main____ INFO      JASPER_INSTALL_DIR: '/scratch/gpfs/LICENSED/x86_64/cadence-20210126/jasper_2021.03'
2026-02-20 17:41:06.745185 (2544162) main____ INFO      LANG              : 'en_US.UTF-8'
2026-02-20 17:41:06.745189 (2544162) main____ INFO      LM_LICENSE_FILE   : '5280@license.rc.princeton.edu'
2026-02-20 17:41:06.745194 (2544162) main____ INFO      TMPDIR            : '/tmp'
2026-02-20 17:41:06.745198 (2544162) main____ INFO    ----------------------------------------
2026-02-20 17:41:06.746240 (2544162) lic_core INFO    Initializing license system ...
2026-02-20 17:41:06.747234 (2544162) lic_core INFO    ... license system initialized.
2026-02-20 17:41:06.748085 (2544162) lic__man INFO    Claim 'fpv' for <ui>.
2026-02-20 17:41:06.748132 (2544162) lic_core INFO    (1) checking out 'jasper_fpv' ...
2026-02-20 17:41:06.754026 (2544162) lic_core INFO    ... (1) checkout failed (error: -5) ("FLEXnet ERROR(-5, 0, 0): No such feature exists.")
2026-02-20 17:41:06.754093 (2544162) lic_core INFO    (2) checking out 'jasper_fao' ...
2026-02-20 17:41:06.764207 (2544162) lic_core INFO    ... (2) checkout succeeded
2026-02-20 17:41:06.779095 (2544162) session_ INFO    Starting analysis session with session id 'session_0' (launcher: <local>) ...
2026-02-20 17:41:06.782527 (2544162) session_ INFO    Analysis session with session id 'session_0' started (pid: 2544170)
2026-02-20 17:41:07.538440 (2544162) session_ INFO    Analysis session 'session_0' connected to the console (host: 127.0.0.1:33226)
2026-02-20 17:41:08.123519 (2544162) main____ INFO    About to exit: request to exit with status 1 received from analysis session 'session_0'
2026-02-20 17:41:08.224608 (2544162) session_ INFO    Analysis session 'session_0' disconnected.
2026-02-20 17:41:08.224760 (2544162) lic__man INFO    Unclaim everything for 'session_0'.
2026-02-20 17:41:08.225400 (2544162) session_ INFO    Process for analysis session 'session_0' has exited with exit status '1'.
2026-02-20 17:41:10.037622 (2544162) lic_core INFO    (2) checkin jasper_fao
2026-02-20 17:41:10.039076 (2544162) main____ INFO    Exiting with status 1.
