2026-02-23 14:20:14.312569 (1392777) main____ INFO    ----------------------------------------
2026-02-23 14:20:14.312684 (1392777) main____ INFO    JasperGold version info
2026-02-23 14:20:14.312705 (1392777) main____ INFO      tool      : JasperGold 2021.03
2026-02-23 14:20:14.312715 (1392777) main____ INFO      version   : 2021.03 FCS 64 bits
2026-02-23 14:20:14.312721 (1392777) main____ INFO      build date: 2021.03.23 02:50:43 UTC
2026-02-23 14:20:14.312726 (1392777) main____ INFO    ----------------------------------------
2026-02-23 14:20:14.312730 (1392777) main____ INFO    Runtime info:
2026-02-23 14:20:14.312736 (1392777) main____ INFO      platform  : Linux 5.14.0-570.84.1.el9_6.x86_64 x86_64
2026-02-23 14:20:14.312742 (1392777) main____ INFO      hostname  : della-r3c3n3
2026-02-23 14:20:14.312747 (1392777) main____ INFO      pid       : 1392777
2026-02-23 14:20:14.312752 (1392777) main____ INFO      arguments : '-style' 'windows' '-batch' '-proj' './verification_results/02739/jgproject' '-tcl' './jasper_verif_check.tcl'
2026-02-23 14:20:14.312762 (1392777) main____ INFO      locale    : UTF-8
2026-02-23 14:20:14.312766 (1392777) main____ INFO    ----------------------------------------
2026-02-23 14:20:14.312771 (1392777) main____ INFO    System resource limits info:
2026-02-23 14:20:14.312775 (1392777) main____ INFO      virtual memory: unlimited
2026-02-23 14:20:14.312780 (1392777) main____ INFO      cpu time      : unlimited
2026-02-23 14:20:14.312784 (1392777) main____ INFO      stack size    : unlimited
2026-02-23 14:20:14.312789 (1392777) main____ INFO      core file size: unlimited
2026-02-23 14:20:14.312797 (1392777) main____ INFO      open files    : 131072
2026-02-23 14:20:14.312802 (1392777) main____ INFO      file size     : unlimited
2026-02-23 14:20:14.312806 (1392777) main____ INFO    ----------------------------------------
2026-02-23 14:20:14.312811 (1392777) main____ INFO    Memory statistics:
2026-02-23 14:20:14.312816 (1392777) main____ INFO      total physical memory  : 195972168 kB
2026-02-23 14:20:14.312820 (1392777) main____ INFO      free physical memory   : 113596320 kB
2026-02-23 14:20:14.312824 (1392777) main____ INFO      committed address space: 57839456 kB
2026-02-23 14:20:14.312829 (1392777) main____ INFO    ----------------------------------------
2026-02-23 14:20:14.313904 (1392777) main____ INFO    Important environment variables:
2026-02-23 14:20:14.313923 (1392777) main____ INFO      JASPER_HOME       : '/usr/licensed/cadence-20210126/jasper_2021.03'
2026-02-23 14:20:14.313929 (1392777) main____ INFO      JASPER_INSTALL_DIR: '/scratch/gpfs/LICENSED/x86_64/cadence-20210126/jasper_2021.03'
2026-02-23 14:20:14.313935 (1392777) main____ INFO      LANG              : 'en_US.UTF-8'
2026-02-23 14:20:14.313940 (1392777) main____ INFO      LM_LICENSE_FILE   : '5280@license.rc.princeton.edu'
2026-02-23 14:20:14.313945 (1392777) main____ INFO      TMPDIR            : '/tmp/ab2113/jg_5018947_47'
2026-02-23 14:20:14.313950 (1392777) main____ INFO    ----------------------------------------
2026-02-23 14:20:14.314956 (1392777) lic_core INFO    Initializing license system ...
2026-02-23 14:20:14.315872 (1392777) lic_core INFO    ... license system initialized.
2026-02-23 14:20:14.316755 (1392777) lic__man INFO    Claim 'fpv' for <ui>.
2026-02-23 14:20:14.316799 (1392777) lic_core INFO    (1) checking out 'jasper_fpv' ...
2026-02-23 14:20:14.322140 (1392777) lic_core INFO    ... (1) checkout failed (error: -5) ("FLEXnet ERROR(-5, 0, 0): No such feature exists.")
2026-02-23 14:20:14.322196 (1392777) lic_core INFO    (2) checking out 'jasper_fao' ...
2026-02-23 14:20:14.332954 (1392777) lic_core INFO    ... (2) checkout succeeded
2026-02-23 14:20:14.348840 (1392777) session_ INFO    Starting analysis session with session id 'session_0' (launcher: <local>) ...
2026-02-23 14:20:14.351914 (1392777) session_ INFO    Analysis session with session id 'session_0' started (pid: 1392785)
2026-02-23 14:20:15.173304 (1392777) session_ INFO    Analysis session 'session_0' connected to the console (host: 127.0.0.1:38368)
2026-02-23 14:20:16.098846 (1392777) lic__man INFO    Unclaim everything for 'session_0'.
2026-02-23 14:20:16.160151 (1392777) lic__man INFO    Claim 'fpv' for 'session_0'.
2026-02-23 14:20:16.160204 (1392777) lic__man INFO    Claim 'fpv' for 'session_0/prove-0'.
2026-02-23 14:20:16.544692 (1392777) lic__man INFO    Unclaim everything for 'session_0/prove-0'.
2026-02-23 14:20:16.605566 (1392777) main____ INFO    About to exit: request to exit with status 0 received from analysis session 'session_0'
2026-02-23 14:20:16.750666 (1392777) session_ INFO    Analysis session 'session_0' disconnected.
2026-02-23 14:20:16.750828 (1392777) lic__man INFO    Unclaim everything for 'session_0'.
2026-02-23 14:20:16.751522 (1392777) session_ INFO    Process for analysis session 'session_0' has exited with exit status '0'.
2026-02-23 14:20:18.536041 (1392777) lic_core INFO    (2) checkin jasper_fao
2026-02-23 14:20:18.537788 (1392777) main____ INFO    Exiting with status 0.
