2026-02-23 13:53:31.843644 (943821) main____ INFO    ----------------------------------------
2026-02-23 13:53:31.843717 (943821) main____ INFO    JasperGold version info
2026-02-23 13:53:31.843733 (943821) main____ INFO      tool      : JasperGold 2021.03
2026-02-23 13:53:31.843741 (943821) main____ INFO      version   : 2021.03 FCS 64 bits
2026-02-23 13:53:31.843746 (943821) main____ INFO      build date: 2021.03.23 02:50:43 UTC
2026-02-23 13:53:31.843750 (943821) main____ INFO    ----------------------------------------
2026-02-23 13:53:31.843753 (943821) main____ INFO    Runtime info:
2026-02-23 13:53:31.843757 (943821) main____ INFO      platform  : Linux 5.14.0-570.84.1.el9_6.x86_64 x86_64
2026-02-23 13:53:31.843762 (943821) main____ INFO      hostname  : della-i13n12
2026-02-23 13:53:31.843766 (943821) main____ INFO      pid       : 943821
2026-02-23 13:53:31.843770 (943821) main____ INFO      arguments : '-style' 'windows' '-batch' '-proj' './verification_results/03598/jgproject' '-tcl' './jasper_verif_check.tcl'
2026-02-23 13:53:31.843777 (943821) main____ INFO      locale    : UTF-8
2026-02-23 13:53:31.843781 (943821) main____ INFO    ----------------------------------------
2026-02-23 13:53:31.843784 (943821) main____ INFO    System resource limits info:
2026-02-23 13:53:31.843788 (943821) main____ INFO      virtual memory: unlimited
2026-02-23 13:53:31.843792 (943821) main____ INFO      cpu time      : unlimited
2026-02-23 13:53:31.843796 (943821) main____ INFO      stack size    : unlimited
2026-02-23 13:53:31.843800 (943821) main____ INFO      core file size: unlimited
2026-02-23 13:53:31.843806 (943821) main____ INFO      open files    : 131072
2026-02-23 13:53:31.843810 (943821) main____ INFO      file size     : unlimited
2026-02-23 13:53:31.843814 (943821) main____ INFO    ----------------------------------------
2026-02-23 13:53:31.843817 (943821) main____ INFO    Memory statistics:
2026-02-23 13:53:31.843821 (943821) main____ INFO      total physical memory  : 394157548 kB
2026-02-23 13:53:31.843825 (943821) main____ INFO      free physical memory   : 230652448 kB
2026-02-23 13:53:31.843828 (943821) main____ INFO      committed address space: 110268168 kB
2026-02-23 13:53:31.843832 (943821) main____ INFO    ----------------------------------------
2026-02-23 13:53:31.844708 (943821) main____ INFO    Important environment variables:
2026-02-23 13:53:31.844722 (943821) main____ INFO      JASPER_HOME       : '/usr/licensed/cadence-20210126/jasper_2021.03'
2026-02-23 13:53:31.844728 (943821) main____ INFO      JASPER_INSTALL_DIR: '/scratch/gpfs/LICENSED/x86_64/cadence-20210126/jasper_2021.03'
2026-02-23 13:53:31.844733 (943821) main____ INFO      LANG              : 'en_US.UTF-8'
2026-02-23 13:53:31.844737 (943821) main____ INFO      LM_LICENSE_FILE   : '5280@license.rc.princeton.edu'
2026-02-23 13:53:31.844741 (943821) main____ INFO      TMPDIR            : '/tmp/ab2113/jg_5019033_64'
2026-02-23 13:53:31.844745 (943821) main____ INFO    ----------------------------------------
2026-02-23 13:53:31.845143 (943821) lic_core INFO    Initializing license system ...
2026-02-23 13:53:31.845876 (943821) lic_core INFO    ... license system initialized.
2026-02-23 13:53:31.846530 (943821) lic__man INFO    Claim 'fpv' for <ui>.
2026-02-23 13:53:31.846562 (943821) lic_core INFO    (1) checking out 'jasper_fpv' ...
2026-02-23 13:53:31.852060 (943821) lic_core INFO    ... (1) checkout failed (error: -5) ("FLEXnet ERROR(-5, 0, 0): No such feature exists.")
2026-02-23 13:53:31.852105 (943821) lic_core INFO    (2) checking out 'jasper_fao' ...
2026-02-23 13:53:31.861837 (943821) lic_core INFO    ... (2) checkout succeeded
2026-02-23 13:53:31.875323 (943821) session_ INFO    Starting analysis session with session id 'session_0' (launcher: <local>) ...
2026-02-23 13:53:31.877984 (943821) session_ INFO    Analysis session with session id 'session_0' started (pid: 943829)
2026-02-23 13:53:32.488099 (943821) session_ INFO    Analysis session 'session_0' connected to the console (host: 127.0.0.1:54182)
2026-02-23 13:53:33.021177 (943821) main____ INFO    About to exit: request to exit with status 1 received from analysis session 'session_0'
2026-02-23 13:53:33.088217 (943821) session_ INFO    Analysis session 'session_0' disconnected.
2026-02-23 13:53:33.088334 (943821) lic__man INFO    Unclaim everything for 'session_0'.
2026-02-23 13:53:33.089063 (943821) session_ INFO    Process for analysis session 'session_0' has exited with exit status '1'.
2026-02-23 13:53:34.993352 (943821) lic_core INFO    (2) checkin jasper_fao
2026-02-23 13:53:34.994879 (943821) main____ INFO    Exiting with status 1.
