2026-02-23 13:45:49.841026 (933585) main____ INFO    ----------------------------------------
2026-02-23 13:45:49.841115 (933585) main____ INFO    JasperGold version info
2026-02-23 13:45:49.841133 (933585) main____ INFO      tool      : JasperGold 2021.03
2026-02-23 13:45:49.841141 (933585) main____ INFO      version   : 2021.03 FCS 64 bits
2026-02-23 13:45:49.841146 (933585) main____ INFO      build date: 2021.03.23 02:50:43 UTC
2026-02-23 13:45:49.841150 (933585) main____ INFO    ----------------------------------------
2026-02-23 13:45:49.841154 (933585) main____ INFO    Runtime info:
2026-02-23 13:45:49.841158 (933585) main____ INFO      platform  : Linux 5.14.0-570.84.1.el9_6.x86_64 x86_64
2026-02-23 13:45:49.841163 (933585) main____ INFO      hostname  : della-i13n12
2026-02-23 13:45:49.841167 (933585) main____ INFO      pid       : 933585
2026-02-23 13:45:49.841171 (933585) main____ INFO      arguments : '-style' 'windows' '-batch' '-proj' './verification_results/02139/jgproject' '-tcl' './jasper_verif_check.tcl'
2026-02-23 13:45:49.841179 (933585) main____ INFO      locale    : UTF-8
2026-02-23 13:45:49.841183 (933585) main____ INFO    ----------------------------------------
2026-02-23 13:45:49.841187 (933585) main____ INFO    System resource limits info:
2026-02-23 13:45:49.841191 (933585) main____ INFO      virtual memory: unlimited
2026-02-23 13:45:49.841194 (933585) main____ INFO      cpu time      : unlimited
2026-02-23 13:45:49.841198 (933585) main____ INFO      stack size    : unlimited
2026-02-23 13:45:49.841202 (933585) main____ INFO      core file size: unlimited
2026-02-23 13:45:49.841208 (933585) main____ INFO      open files    : 131072
2026-02-23 13:45:49.841212 (933585) main____ INFO      file size     : unlimited
2026-02-23 13:45:49.841216 (933585) main____ INFO    ----------------------------------------
2026-02-23 13:45:49.841220 (933585) main____ INFO    Memory statistics:
2026-02-23 13:45:49.841224 (933585) main____ INFO      total physical memory  : 394157548 kB
2026-02-23 13:45:49.841228 (933585) main____ INFO      free physical memory   : 227529200 kB
2026-02-23 13:45:49.841231 (933585) main____ INFO      committed address space: 109592280 kB
2026-02-23 13:45:49.841235 (933585) main____ INFO    ----------------------------------------
2026-02-23 13:45:49.842118 (933585) main____ INFO    Important environment variables:
2026-02-23 13:45:49.842134 (933585) main____ INFO      JASPER_HOME       : '/usr/licensed/cadence-20210126/jasper_2021.03'
2026-02-23 13:45:49.842140 (933585) main____ INFO      JASPER_INSTALL_DIR: '/scratch/gpfs/LICENSED/x86_64/cadence-20210126/jasper_2021.03'
2026-02-23 13:45:49.842145 (933585) main____ INFO      LANG              : 'en_US.UTF-8'
2026-02-23 13:45:49.842149 (933585) main____ INFO      LM_LICENSE_FILE   : '5280@license.rc.princeton.edu'
2026-02-23 13:45:49.842154 (933585) main____ INFO      TMPDIR            : '/tmp/ab2113/jg_5018894_35'
2026-02-23 13:45:49.842157 (933585) main____ INFO    ----------------------------------------
2026-02-23 13:45:49.842924 (933585) lic_core INFO    Initializing license system ...
2026-02-23 13:45:49.843690 (933585) lic_core INFO    ... license system initialized.
2026-02-23 13:45:49.844360 (933585) lic__man INFO    Claim 'fpv' for <ui>.
2026-02-23 13:45:49.844393 (933585) lic_core INFO    (1) checking out 'jasper_fpv' ...
2026-02-23 13:45:49.849896 (933585) lic_core INFO    ... (1) checkout failed (error: -5) ("FLEXnet ERROR(-5, 0, 0): No such feature exists.")
2026-02-23 13:45:49.849923 (933585) lic_core INFO    (2) checking out 'jasper_fao' ...
2026-02-23 13:45:49.859933 (933585) lic_core INFO    ... (2) checkout succeeded
2026-02-23 13:45:49.873005 (933585) session_ INFO    Starting analysis session with session id 'session_0' (launcher: <local>) ...
2026-02-23 13:45:49.875553 (933585) session_ INFO    Analysis session with session id 'session_0' started (pid: 933593)
2026-02-23 13:45:50.490710 (933585) session_ INFO    Analysis session 'session_0' connected to the console (host: 127.0.0.1:57596)
2026-02-23 13:45:51.389181 (933585) main____ INFO    About to exit: request to exit with status 1 received from analysis session 'session_0'
2026-02-23 13:45:51.457553 (933585) session_ INFO    Analysis session 'session_0' disconnected.
2026-02-23 13:45:51.457674 (933585) lic__man INFO    Unclaim everything for 'session_0'.
2026-02-23 13:45:51.458220 (933585) session_ INFO    Process for analysis session 'session_0' has exited with exit status '1'.
2026-02-23 13:45:53.492089 (933585) lic_core INFO    (2) checkin jasper_fao
2026-02-23 13:45:53.493561 (933585) main____ INFO    Exiting with status 1.
