2026-02-23 13:49:49.231498 (3741106) main____ INFO    ----------------------------------------
2026-02-23 13:49:49.231589 (3741106) main____ INFO    JasperGold version info
2026-02-23 13:49:49.231604 (3741106) main____ INFO      tool      : JasperGold 2021.03
2026-02-23 13:49:49.231613 (3741106) main____ INFO      version   : 2021.03 FCS 64 bits
2026-02-23 13:49:49.231619 (3741106) main____ INFO      build date: 2021.03.23 02:50:43 UTC
2026-02-23 13:49:49.231624 (3741106) main____ INFO    ----------------------------------------
2026-02-23 13:49:49.231629 (3741106) main____ INFO    Runtime info:
2026-02-23 13:49:49.231635 (3741106) main____ INFO      platform  : Linux 5.14.0-570.84.1.el9_6.x86_64 x86_64
2026-02-23 13:49:49.231642 (3741106) main____ INFO      hostname  : della-h14n18
2026-02-23 13:49:49.231647 (3741106) main____ INFO      pid       : 3741106
2026-02-23 13:49:49.231652 (3741106) main____ INFO      arguments : '-style' 'windows' '-batch' '-proj' './verification_results/03321/jgproject' '-tcl' './jasper_verif_check.tcl'
2026-02-23 13:49:49.231661 (3741106) main____ INFO      locale    : UTF-8
2026-02-23 13:49:49.231665 (3741106) main____ INFO    ----------------------------------------
2026-02-23 13:49:49.231671 (3741106) main____ INFO    System resource limits info:
2026-02-23 13:49:49.231676 (3741106) main____ INFO      virtual memory: unlimited
2026-02-23 13:49:49.231682 (3741106) main____ INFO      cpu time      : unlimited
2026-02-23 13:49:49.231687 (3741106) main____ INFO      stack size    : unlimited
2026-02-23 13:49:49.231692 (3741106) main____ INFO      core file size: unlimited
2026-02-23 13:49:49.231699 (3741106) main____ INFO      open files    : 131072
2026-02-23 13:49:49.231704 (3741106) main____ INFO      file size     : unlimited
2026-02-23 13:49:49.231709 (3741106) main____ INFO    ----------------------------------------
2026-02-23 13:49:49.231714 (3741106) main____ INFO    Memory statistics:
2026-02-23 13:49:49.231720 (3741106) main____ INFO      total physical memory  : 1584164348 kB
2026-02-23 13:49:49.231725 (3741106) main____ INFO      free physical memory   : 673713816 kB
2026-02-23 13:49:49.231730 (3741106) main____ INFO      committed address space: 595913196 kB
2026-02-23 13:49:49.231735 (3741106) main____ INFO    ----------------------------------------
2026-02-23 13:49:49.232280 (3741106) main____ INFO    Important environment variables:
2026-02-23 13:49:49.232298 (3741106) main____ INFO      JASPER_HOME       : '/usr/licensed/cadence-20210126/jasper_2021.03'
2026-02-23 13:49:49.232305 (3741106) main____ INFO      JASPER_INSTALL_DIR: '/scratch/gpfs/LICENSED/x86_64/cadence-20210126/jasper_2021.03'
2026-02-23 13:49:49.232311 (3741106) main____ INFO      LANG              : 'en_US.UTF-8'
2026-02-23 13:49:49.232316 (3741106) main____ INFO      LM_LICENSE_FILE   : '5280@license.rc.princeton.edu'
2026-02-23 13:49:49.232323 (3741106) main____ INFO      TMPDIR            : '/tmp/ab2113/jg_5018999_59'
2026-02-23 13:49:49.232328 (3741106) main____ INFO    ----------------------------------------
2026-02-23 13:49:49.233335 (3741106) lic_core INFO    Initializing license system ...
2026-02-23 13:49:49.233897 (3741106) lic_core INFO    ... license system initialized.
2026-02-23 13:49:49.234725 (3741106) lic__man INFO    Claim 'fpv' for <ui>.
2026-02-23 13:49:49.234761 (3741106) lic_core INFO    (1) checking out 'jasper_fpv' ...
2026-02-23 13:49:49.241269 (3741106) lic_core INFO    ... (1) checkout failed (error: -5) ("FLEXnet ERROR(-5, 0, 0): No such feature exists.")
2026-02-23 13:49:49.241297 (3741106) lic_core INFO    (2) checking out 'jasper_fao' ...
2026-02-23 13:49:49.250794 (3741106) lic_core INFO    ... (2) checkout succeeded
2026-02-23 13:49:49.261779 (3741106) session_ INFO    Starting analysis session with session id 'session_0' (launcher: <local>) ...
2026-02-23 13:49:49.264966 (3741106) session_ INFO    Analysis session with session id 'session_0' started (pid: 3741128)
2026-02-23 13:49:49.862353 (3741106) session_ INFO    Analysis session 'session_0' connected to the console (host: 127.0.0.1:58486)
2026-02-23 13:49:50.626864 (3741106) lic__man INFO    Unclaim everything for 'session_0'.
2026-02-23 13:49:50.694256 (3741106) main____ INFO    About to exit: request to exit with status 3 received from analysis session 'session_0'
2026-02-23 13:49:50.747565 (3741106) session_ INFO    Analysis session 'session_0' disconnected.
2026-02-23 13:49:50.747722 (3741106) lic__man INFO    Unclaim everything for 'session_0'.
2026-02-23 13:49:50.748743 (3741106) session_ INFO    Process for analysis session 'session_0' has exited with exit status '3'.
2026-02-23 13:49:52.600373 (3741106) lic_core INFO    (2) checkin jasper_fao
2026-02-23 13:49:52.602169 (3741106) main____ INFO    Exiting with status 3.
