2026-02-23 13:50:22.281794 (4174616) main____ INFO    ----------------------------------------
2026-02-23 13:50:22.281879 (4174616) main____ INFO    JasperGold version info
2026-02-23 13:50:22.281900 (4174616) main____ INFO      tool      : JasperGold 2021.03
2026-02-23 13:50:22.281911 (4174616) main____ INFO      version   : 2021.03 FCS 64 bits
2026-02-23 13:50:22.281917 (4174616) main____ INFO      build date: 2021.03.23 02:50:43 UTC
2026-02-23 13:50:22.281924 (4174616) main____ INFO    ----------------------------------------
2026-02-23 13:50:22.281929 (4174616) main____ INFO    Runtime info:
2026-02-23 13:50:22.281934 (4174616) main____ INFO      platform  : Linux 5.14.0-570.84.1.el9_6.x86_64 x86_64
2026-02-23 13:50:22.281941 (4174616) main____ INFO      hostname  : della-h14n1
2026-02-23 13:50:22.281947 (4174616) main____ INFO      pid       : 4174616
2026-02-23 13:50:22.281954 (4174616) main____ INFO      arguments : '-style' 'windows' '-batch' '-proj' './verification_results/02961/jgproject' '-tcl' './jasper_verif_check.tcl'
2026-02-23 13:50:22.281961 (4174616) main____ INFO      locale    : UTF-8
2026-02-23 13:50:22.281967 (4174616) main____ INFO    ----------------------------------------
2026-02-23 13:50:22.281972 (4174616) main____ INFO    System resource limits info:
2026-02-23 13:50:22.281979 (4174616) main____ INFO      virtual memory: unlimited
2026-02-23 13:50:22.281984 (4174616) main____ INFO      cpu time      : unlimited
2026-02-23 13:50:22.281990 (4174616) main____ INFO      stack size    : unlimited
2026-02-23 13:50:22.281996 (4174616) main____ INFO      core file size: unlimited
2026-02-23 13:50:22.282003 (4174616) main____ INFO      open files    : 131072
2026-02-23 13:50:22.282009 (4174616) main____ INFO      file size     : unlimited
2026-02-23 13:50:22.282014 (4174616) main____ INFO    ----------------------------------------
2026-02-23 13:50:22.282019 (4174616) main____ INFO    Memory statistics:
2026-02-23 13:50:22.282024 (4174616) main____ INFO      total physical memory  : 1584164324 kB
2026-02-23 13:50:22.282029 (4174616) main____ INFO      free physical memory   : 719113520 kB
2026-02-23 13:50:22.282034 (4174616) main____ INFO      committed address space: 573514052 kB
2026-02-23 13:50:22.282039 (4174616) main____ INFO    ----------------------------------------
2026-02-23 13:50:22.282598 (4174616) main____ INFO    Important environment variables:
2026-02-23 13:50:22.282611 (4174616) main____ INFO      JASPER_HOME       : '/usr/licensed/cadence-20210126/jasper_2021.03'
2026-02-23 13:50:22.282618 (4174616) main____ INFO      JASPER_INSTALL_DIR: '/scratch/gpfs/LICENSED/x86_64/cadence-20210126/jasper_2021.03'
2026-02-23 13:50:22.282625 (4174616) main____ INFO      LANG              : 'en_US.UTF-8'
2026-02-23 13:50:22.282631 (4174616) main____ INFO      LM_LICENSE_FILE   : '5280@license.rc.princeton.edu'
2026-02-23 13:50:22.282637 (4174616) main____ INFO      TMPDIR            : '/tmp/ab2113/jg_5018961_51'
2026-02-23 13:50:22.282642 (4174616) main____ INFO    ----------------------------------------
2026-02-23 13:50:22.283147 (4174616) lic_core INFO    Initializing license system ...
2026-02-23 13:50:22.283751 (4174616) lic_core INFO    ... license system initialized.
2026-02-23 13:50:22.284568 (4174616) lic__man INFO    Claim 'fpv' for <ui>.
2026-02-23 13:50:22.284602 (4174616) lic_core INFO    (1) checking out 'jasper_fpv' ...
2026-02-23 13:50:22.290483 (4174616) lic_core INFO    ... (1) checkout failed (error: -5) ("FLEXnet ERROR(-5, 0, 0): No such feature exists.")
2026-02-23 13:50:22.290512 (4174616) lic_core INFO    (2) checking out 'jasper_fao' ...
2026-02-23 13:50:22.299922 (4174616) lic_core INFO    ... (2) checkout succeeded
2026-02-23 13:50:22.311388 (4174616) session_ INFO    Starting analysis session with session id 'session_0' (launcher: <local>) ...
2026-02-23 13:50:22.314630 (4174616) session_ INFO    Analysis session with session id 'session_0' started (pid: 4174624)
2026-02-23 13:50:23.021246 (4174616) session_ INFO    Analysis session 'session_0' connected to the console (host: 127.0.0.1:45146)
2026-02-23 13:50:23.844912 (4174616) lic__man INFO    Unclaim everything for 'session_0'.
2026-02-23 13:50:23.901641 (4174616) lic__man INFO    Claim 'fpv' for 'session_0'.
2026-02-23 13:50:23.901684 (4174616) lic__man INFO    Claim 'fpv' for 'session_0/prove-0'.
2026-02-23 13:50:24.082901 (4174616) lic__man INFO    Unclaim everything for 'session_0/prove-0'.
2026-02-23 13:50:24.139757 (4174616) main____ INFO    About to exit: request to exit with status 0 received from analysis session 'session_0'
2026-02-23 13:50:24.212126 (4174616) session_ INFO    Analysis session 'session_0' disconnected.
2026-02-23 13:50:24.212269 (4174616) lic__man INFO    Unclaim everything for 'session_0'.
2026-02-23 13:50:24.214035 (4174616) session_ INFO    Process for analysis session 'session_0' has exited with exit status '0'.
2026-02-23 13:50:26.044803 (4174616) lic_core INFO    (2) checkin jasper_fao
2026-02-23 13:50:26.046431 (4174616) main____ INFO    Exiting with status 0.
