2026-02-23 13:58:19.885142 (3186603) main____ INFO    ----------------------------------------
2026-02-23 13:58:19.885210 (3186603) main____ INFO    JasperGold version info
2026-02-23 13:58:19.885226 (3186603) main____ INFO      tool      : JasperGold 2021.03
2026-02-23 13:58:19.885235 (3186603) main____ INFO      version   : 2021.03 FCS 64 bits
2026-02-23 13:58:19.885240 (3186603) main____ INFO      build date: 2021.03.23 02:50:43 UTC
2026-02-23 13:58:19.885244 (3186603) main____ INFO    ----------------------------------------
2026-02-23 13:58:19.885250 (3186603) main____ INFO    Runtime info:
2026-02-23 13:58:19.885255 (3186603) main____ INFO      platform  : Linux 5.14.0-570.84.1.el9_6.x86_64 x86_64
2026-02-23 13:58:19.885261 (3186603) main____ INFO      hostname  : della-r3c3n1
2026-02-23 13:58:19.885267 (3186603) main____ INFO      pid       : 3186603
2026-02-23 13:58:19.885273 (3186603) main____ INFO      arguments : '-style' 'windows' '-batch' '-proj' './verification_results/04619/jgproject' '-tcl' './jasper_verif_check.tcl'
2026-02-23 13:58:19.885280 (3186603) main____ INFO      locale    : UTF-8
2026-02-23 13:58:19.885285 (3186603) main____ INFO    ----------------------------------------
2026-02-23 13:58:19.885290 (3186603) main____ INFO    System resource limits info:
2026-02-23 13:58:19.885294 (3186603) main____ INFO      virtual memory: unlimited
2026-02-23 13:58:19.885299 (3186603) main____ INFO      cpu time      : unlimited
2026-02-23 13:58:19.885304 (3186603) main____ INFO      stack size    : unlimited
2026-02-23 13:58:19.885310 (3186603) main____ INFO      core file size: unlimited
2026-02-23 13:58:19.885316 (3186603) main____ INFO      open files    : 131072
2026-02-23 13:58:19.885322 (3186603) main____ INFO      file size     : unlimited
2026-02-23 13:58:19.885327 (3186603) main____ INFO    ----------------------------------------
2026-02-23 13:58:19.885331 (3186603) main____ INFO    Memory statistics:
2026-02-23 13:58:19.885336 (3186603) main____ INFO      total physical memory  : 195972176 kB
2026-02-23 13:58:19.885341 (3186603) main____ INFO      free physical memory   : 119139348 kB
2026-02-23 13:58:19.885346 (3186603) main____ INFO      committed address space: 22688884 kB
2026-02-23 13:58:19.885350 (3186603) main____ INFO    ----------------------------------------
2026-02-23 13:58:19.886297 (3186603) main____ INFO    Important environment variables:
2026-02-23 13:58:19.886311 (3186603) main____ INFO      JASPER_HOME       : '/usr/licensed/cadence-20210126/jasper_2021.03'
2026-02-23 13:58:19.886319 (3186603) main____ INFO      JASPER_INSTALL_DIR: '/scratch/gpfs/LICENSED/x86_64/cadence-20210126/jasper_2021.03'
2026-02-23 13:58:19.886325 (3186603) main____ INFO      LANG              : 'en_US.UTF-8'
2026-02-23 13:58:19.886331 (3186603) main____ INFO      LM_LICENSE_FILE   : '5280@license.rc.princeton.edu'
2026-02-23 13:58:19.886337 (3186603) main____ INFO      TMPDIR            : '/tmp/ab2113/jg_5019172_85'
2026-02-23 13:58:19.886342 (3186603) main____ INFO    ----------------------------------------
2026-02-23 13:58:19.887087 (3186603) lic_core INFO    Initializing license system ...
2026-02-23 13:58:19.887845 (3186603) lic_core INFO    ... license system initialized.
2026-02-23 13:58:19.888536 (3186603) lic__man INFO    Claim 'fpv' for <ui>.
2026-02-23 13:58:19.888572 (3186603) lic_core INFO    (1) checking out 'jasper_fpv' ...
2026-02-23 13:58:19.894081 (3186603) lic_core INFO    ... (1) checkout failed (error: -5) ("FLEXnet ERROR(-5, 0, 0): No such feature exists.")
2026-02-23 13:58:19.894112 (3186603) lic_core INFO    (2) checking out 'jasper_fao' ...
2026-02-23 13:58:19.904113 (3186603) lic_core INFO    ... (2) checkout succeeded
2026-02-23 13:58:19.918110 (3186603) session_ INFO    Starting analysis session with session id 'session_0' (launcher: <local>) ...
2026-02-23 13:58:19.920650 (3186603) session_ INFO    Analysis session with session id 'session_0' started (pid: 3186611)
2026-02-23 13:58:20.593319 (3186603) session_ INFO    Analysis session 'session_0' connected to the console (host: 127.0.0.1:35106)
2026-02-23 13:58:21.434145 (3186603) lic__man INFO    Unclaim everything for 'session_0'.
2026-02-23 13:58:21.475389 (3186603) lic__man INFO    Claim 'fpv' for 'session_0'.
2026-02-23 13:58:21.475425 (3186603) lic__man INFO    Claim 'fpv' for 'session_0/prove-0'.
2026-02-23 13:58:21.603833 (3186603) lic__man INFO    Unclaim everything for 'session_0/prove-0'.
2026-02-23 13:58:21.659424 (3186603) main____ INFO    About to exit: request to exit with status 0 received from analysis session 'session_0'
2026-02-23 13:58:21.737645 (3186603) session_ INFO    Analysis session 'session_0' disconnected.
2026-02-23 13:58:21.737756 (3186603) lic__man INFO    Unclaim everything for 'session_0'.
2026-02-23 13:58:21.738528 (3186603) session_ INFO    Process for analysis session 'session_0' has exited with exit status '0'.
2026-02-23 13:58:23.609906 (3186603) lic_core INFO    (2) checkin jasper_fao
2026-02-23 13:58:23.611536 (3186603) main____ INFO    Exiting with status 0.
