2026-02-20 17:25:31.988920 (2522969) main____ INFO    ----------------------------------------
2026-02-20 17:25:31.989043 (2522969) main____ INFO    JasperGold version info
2026-02-20 17:25:31.989062 (2522969) main____ INFO      tool      : JasperGold 2021.03
2026-02-20 17:25:31.989072 (2522969) main____ INFO      version   : 2021.03 FCS 64 bits
2026-02-20 17:25:31.989078 (2522969) main____ INFO      build date: 2021.03.23 02:50:43 UTC
2026-02-20 17:25:31.989082 (2522969) main____ INFO    ----------------------------------------
2026-02-20 17:25:31.989086 (2522969) main____ INFO    Runtime info:
2026-02-20 17:25:31.989090 (2522969) main____ INFO      platform  : Linux 5.14.0-570.84.1.el9_6.x86_64 x86_64
2026-02-20 17:25:31.989096 (2522969) main____ INFO      hostname  : della-i13n22
2026-02-20 17:25:31.989100 (2522969) main____ INFO      pid       : 2522969
2026-02-20 17:25:31.989104 (2522969) main____ INFO      arguments : '-style' 'windows' '-batch' '-proj' 'verification_results/00146/jgproject' '-tcl' './jasper_verif_check.tcl'
2026-02-20 17:25:31.989112 (2522969) main____ INFO      locale    : UTF-8
2026-02-20 17:25:31.989116 (2522969) main____ INFO    ----------------------------------------
2026-02-20 17:25:31.989120 (2522969) main____ INFO    System resource limits info:
2026-02-20 17:25:31.989124 (2522969) main____ INFO      virtual memory: unlimited
2026-02-20 17:25:31.989128 (2522969) main____ INFO      cpu time      : unlimited
2026-02-20 17:25:31.989132 (2522969) main____ INFO      stack size    : unlimited
2026-02-20 17:25:31.989136 (2522969) main____ INFO      core file size: unlimited
2026-02-20 17:25:31.989143 (2522969) main____ INFO      open files    : 131072
2026-02-20 17:25:31.989147 (2522969) main____ INFO      file size     : unlimited
2026-02-20 17:25:31.989151 (2522969) main____ INFO    ----------------------------------------
2026-02-20 17:25:31.989155 (2522969) main____ INFO    Memory statistics:
2026-02-20 17:25:31.989160 (2522969) main____ INFO      total physical memory  : 394157548 kB
2026-02-20 17:25:31.989164 (2522969) main____ INFO      free physical memory   : 208917160 kB
2026-02-20 17:25:31.989167 (2522969) main____ INFO      committed address space: 150315296 kB
2026-02-20 17:25:31.989171 (2522969) main____ INFO    ----------------------------------------
2026-02-20 17:25:31.990081 (2522969) main____ INFO    Important environment variables:
2026-02-20 17:25:31.990101 (2522969) main____ INFO      JASPER_HOME       : '/usr/licensed/cadence-20210126/jasper_2021.03'
2026-02-20 17:25:31.990107 (2522969) main____ INFO      JASPER_INSTALL_DIR: '/scratch/gpfs/LICENSED/x86_64/cadence-20210126/jasper_2021.03'
2026-02-20 17:25:31.990112 (2522969) main____ INFO      LANG              : 'en_US.UTF-8'
2026-02-20 17:25:31.990117 (2522969) main____ INFO      LM_LICENSE_FILE   : '5280@license.rc.princeton.edu'
2026-02-20 17:25:31.990122 (2522969) main____ INFO      TMPDIR            : '/tmp'
2026-02-20 17:25:31.990126 (2522969) main____ INFO    ----------------------------------------
2026-02-20 17:25:31.990704 (2522969) lic_core INFO    Initializing license system ...
2026-02-20 17:25:31.991672 (2522969) lic_core INFO    ... license system initialized.
2026-02-20 17:25:31.992531 (2522969) lic__man INFO    Claim 'fpv' for <ui>.
2026-02-20 17:25:31.992582 (2522969) lic_core INFO    (1) checking out 'jasper_fpv' ...
2026-02-20 17:25:31.998000 (2522969) lic_core INFO    ... (1) checkout failed (error: -5) ("FLEXnet ERROR(-5, 0, 0): No such feature exists.")
2026-02-20 17:25:31.998073 (2522969) lic_core INFO    (2) checking out 'jasper_fao' ...
2026-02-20 17:25:32.011391 (2522969) lic_core INFO    ... (2) checkout succeeded
2026-02-20 17:25:32.026666 (2522969) session_ INFO    Starting analysis session with session id 'session_0' (launcher: <local>) ...
2026-02-20 17:25:32.030132 (2522969) session_ INFO    Analysis session with session id 'session_0' started (pid: 2522983)
2026-02-20 17:25:32.834616 (2522969) session_ INFO    Analysis session 'session_0' connected to the console (host: 127.0.0.1:42280)
2026-02-20 17:25:33.684905 (2522969) lic__man INFO    Unclaim everything for 'session_0'.
2026-02-20 17:25:33.746292 (2522969) lic__man INFO    Claim 'fpv' for 'session_0'.
2026-02-20 17:25:33.746352 (2522969) lic__man INFO    Claim 'fpv' for 'session_0/prove-0'.
2026-02-20 17:25:33.906420 (2522969) lic__man INFO    Unclaim everything for 'session_0/prove-0'.
2026-02-20 17:25:33.964506 (2522969) main____ INFO    About to exit: request to exit with status 0 received from analysis session 'session_0'
2026-02-20 17:25:34.078491 (2522969) session_ INFO    Analysis session 'session_0' disconnected.
2026-02-20 17:25:34.078622 (2522969) lic__man INFO    Unclaim everything for 'session_0'.
2026-02-20 17:25:34.079310 (2522969) session_ INFO    Process for analysis session 'session_0' has exited with exit status '0'.
2026-02-20 17:25:36.038907 (2522969) lic_core INFO    (2) checkin jasper_fao
2026-02-20 17:25:36.040587 (2522969) main____ INFO    Exiting with status 0.
