2026-02-23 12:30:33.627415 (3888644) main____ INFO    ----------------------------------------
2026-02-23 12:30:33.627500 (3888644) main____ INFO    JasperGold version info
2026-02-23 12:30:33.627519 (3888644) main____ INFO      tool      : JasperGold 2021.03
2026-02-23 12:30:33.627529 (3888644) main____ INFO      version   : 2021.03 FCS 64 bits
2026-02-23 12:30:33.627534 (3888644) main____ INFO      build date: 2021.03.23 02:50:43 UTC
2026-02-23 12:30:33.627539 (3888644) main____ INFO    ----------------------------------------
2026-02-23 12:30:33.627544 (3888644) main____ INFO    Runtime info:
2026-02-23 12:30:33.627549 (3888644) main____ INFO      platform  : Linux 5.14.0-570.84.1.el9_6.x86_64 x86_64
2026-02-23 12:30:33.627555 (3888644) main____ INFO      hostname  : della-h17n9
2026-02-23 12:30:33.627560 (3888644) main____ INFO      pid       : 3888644
2026-02-23 12:30:33.627565 (3888644) main____ INFO      arguments : '-style' 'windows' '-batch' '-proj' './verification_results/00165/jgproject' '-tcl' './jasper_verif_check.tcl'
2026-02-23 12:30:33.627573 (3888644) main____ INFO      locale    : UTF-8
2026-02-23 12:30:33.627578 (3888644) main____ INFO    ----------------------------------------
2026-02-23 12:30:33.627583 (3888644) main____ INFO    System resource limits info:
2026-02-23 12:30:33.627588 (3888644) main____ INFO      virtual memory: unlimited
2026-02-23 12:30:33.627593 (3888644) main____ INFO      cpu time      : unlimited
2026-02-23 12:30:33.627598 (3888644) main____ INFO      stack size    : unlimited
2026-02-23 12:30:33.627603 (3888644) main____ INFO      core file size: unlimited
2026-02-23 12:30:33.627610 (3888644) main____ INFO      open files    : 131072
2026-02-23 12:30:33.627615 (3888644) main____ INFO      file size     : unlimited
2026-02-23 12:30:33.627619 (3888644) main____ INFO    ----------------------------------------
2026-02-23 12:30:33.627624 (3888644) main____ INFO    Memory statistics:
2026-02-23 12:30:33.627629 (3888644) main____ INFO      total physical memory  : 1584164384 kB
2026-02-23 12:30:33.627635 (3888644) main____ INFO      free physical memory   : 892042920 kB
2026-02-23 12:30:33.627640 (3888644) main____ INFO      committed address space: 399600096 kB
2026-02-23 12:30:33.627645 (3888644) main____ INFO    ----------------------------------------
2026-02-23 12:30:33.628162 (3888644) main____ INFO    Important environment variables:
2026-02-23 12:30:33.628177 (3888644) main____ INFO      JASPER_HOME       : '/usr/licensed/cadence-20210126/jasper_2021.03'
2026-02-23 12:30:33.628183 (3888644) main____ INFO      JASPER_INSTALL_DIR: '/scratch/gpfs/LICENSED/x86_64/cadence-20210126/jasper_2021.03'
2026-02-23 12:30:33.628188 (3888644) main____ INFO      LANG              : 'en_US.UTF-8'
2026-02-23 12:30:33.628194 (3888644) main____ INFO      LM_LICENSE_FILE   : '5280@license.rc.princeton.edu'
2026-02-23 12:30:33.628199 (3888644) main____ INFO      TMPDIR            : '/tmp/ab2113/jg_5016811_33'
2026-02-23 12:30:33.628204 (3888644) main____ INFO    ----------------------------------------
2026-02-23 12:30:33.628895 (3888644) lic_core INFO    Initializing license system ...
2026-02-23 12:30:33.629404 (3888644) lic_core INFO    ... license system initialized.
2026-02-23 12:30:33.630270 (3888644) lic__man INFO    Claim 'fpv' for <ui>.
2026-02-23 12:30:33.630315 (3888644) lic_core INFO    (1) checking out 'jasper_fpv' ...
2026-02-23 12:30:33.637046 (3888644) lic_core INFO    ... (1) checkout failed (error: -5) ("FLEXnet ERROR(-5, 0, 0): No such feature exists.")
2026-02-23 12:30:33.637076 (3888644) lic_core INFO    (2) checking out 'jasper_fao' ...
2026-02-23 12:30:33.645864 (3888644) lic_core INFO    ... (2) checkout succeeded
2026-02-23 12:30:33.657364 (3888644) session_ INFO    Starting analysis session with session id 'session_0' (launcher: <local>) ...
2026-02-23 12:30:33.661261 (3888644) session_ INFO    Analysis session with session id 'session_0' started (pid: 3888659)
2026-02-23 12:30:34.314970 (3888644) session_ INFO    Analysis session 'session_0' connected to the console (host: 127.0.0.1:34014)
2026-02-23 12:30:35.091401 (3888644) lic__man INFO    Unclaim everything for 'session_0'.
2026-02-23 12:30:35.155420 (3888644) main____ INFO    About to exit: request to exit with status 3 received from analysis session 'session_0'
2026-02-23 12:30:35.216102 (3888644) session_ INFO    Analysis session 'session_0' disconnected.
2026-02-23 12:30:35.216270 (3888644) lic__man INFO    Unclaim everything for 'session_0'.
2026-02-23 12:30:35.217414 (3888644) session_ INFO    Process for analysis session 'session_0' has exited with exit status '3'.
2026-02-23 12:30:37.115245 (3888644) lic_core INFO    (2) checkin jasper_fao
2026-02-23 12:30:37.116609 (3888644) main____ INFO    Exiting with status 3.
