2026-02-23 13:53:14.987824 (2616679) main____ INFO    ----------------------------------------
2026-02-23 13:53:14.987916 (2616679) main____ INFO    JasperGold version info
2026-02-23 13:53:14.987933 (2616679) main____ INFO      tool      : JasperGold 2021.03
2026-02-23 13:53:14.987943 (2616679) main____ INFO      version   : 2021.03 FCS 64 bits
2026-02-23 13:53:14.987948 (2616679) main____ INFO      build date: 2021.03.23 02:50:43 UTC
2026-02-23 13:53:14.987952 (2616679) main____ INFO    ----------------------------------------
2026-02-23 13:53:14.987956 (2616679) main____ INFO    Runtime info:
2026-02-23 13:53:14.987960 (2616679) main____ INFO      platform  : Linux 5.14.0-570.84.1.el9_6.x86_64 x86_64
2026-02-23 13:53:14.987966 (2616679) main____ INFO      hostname  : della-r3c1n7
2026-02-23 13:53:14.987971 (2616679) main____ INFO      pid       : 2616679
2026-02-23 13:53:14.987975 (2616679) main____ INFO      arguments : '-style' 'windows' '-batch' '-proj' './verification_results/03494/jgproject' '-tcl' './jasper_verif_check.tcl'
2026-02-23 13:53:14.987983 (2616679) main____ INFO      locale    : UTF-8
2026-02-23 13:53:14.987988 (2616679) main____ INFO    ----------------------------------------
2026-02-23 13:53:14.987992 (2616679) main____ INFO    System resource limits info:
2026-02-23 13:53:14.987996 (2616679) main____ INFO      virtual memory: unlimited
2026-02-23 13:53:14.988000 (2616679) main____ INFO      cpu time      : unlimited
2026-02-23 13:53:14.988004 (2616679) main____ INFO      stack size    : unlimited
2026-02-23 13:53:14.988009 (2616679) main____ INFO      core file size: unlimited
2026-02-23 13:53:14.988015 (2616679) main____ INFO      open files    : 131072
2026-02-23 13:53:14.988020 (2616679) main____ INFO      file size     : unlimited
2026-02-23 13:53:14.988024 (2616679) main____ INFO    ----------------------------------------
2026-02-23 13:53:14.988028 (2616679) main____ INFO    Memory statistics:
2026-02-23 13:53:14.988033 (2616679) main____ INFO      total physical memory  : 195972072 kB
2026-02-23 13:53:14.988037 (2616679) main____ INFO      free physical memory   : 154360428 kB
2026-02-23 13:53:14.988041 (2616679) main____ INFO      committed address space: 44035676 kB
2026-02-23 13:53:14.988045 (2616679) main____ INFO    ----------------------------------------
2026-02-23 13:53:14.989014 (2616679) main____ INFO    Important environment variables:
2026-02-23 13:53:14.989029 (2616679) main____ INFO      JASPER_HOME       : '/usr/licensed/cadence-20210126/jasper_2021.03'
2026-02-23 13:53:14.989035 (2616679) main____ INFO      JASPER_INSTALL_DIR: '/scratch/gpfs/LICENSED/x86_64/cadence-20210126/jasper_2021.03'
2026-02-23 13:53:14.989040 (2616679) main____ INFO      LANG              : 'en_US.UTF-8'
2026-02-23 13:53:14.989046 (2616679) main____ INFO      LM_LICENSE_FILE   : '5280@license.rc.princeton.edu'
2026-02-23 13:53:14.989051 (2616679) main____ INFO      TMPDIR            : '/tmp/ab2113/jg_5019031_62'
2026-02-23 13:53:14.989055 (2616679) main____ INFO    ----------------------------------------
2026-02-23 13:53:14.989837 (2616679) lic_core INFO    Initializing license system ...
2026-02-23 13:53:14.990621 (2616679) lic_core INFO    ... license system initialized.
2026-02-23 13:53:14.991350 (2616679) lic__man INFO    Claim 'fpv' for <ui>.
2026-02-23 13:53:14.991385 (2616679) lic_core INFO    (1) checking out 'jasper_fpv' ...
2026-02-23 13:53:14.996876 (2616679) lic_core INFO    ... (1) checkout failed (error: -5) ("FLEXnet ERROR(-5, 0, 0): No such feature exists.")
2026-02-23 13:53:14.996921 (2616679) lic_core INFO    (2) checking out 'jasper_fao' ...
2026-02-23 13:53:15.010062 (2616679) lic_core INFO    ... (2) checkout succeeded
2026-02-23 13:53:15.026743 (2616679) session_ INFO    Starting analysis session with session id 'session_0' (launcher: <local>) ...
2026-02-23 13:53:15.029459 (2616679) session_ INFO    Analysis session with session id 'session_0' started (pid: 2616687)
2026-02-23 13:53:15.687825 (2616679) session_ INFO    Analysis session 'session_0' connected to the console (host: 127.0.0.1:41936)
2026-02-23 13:53:16.258249 (2616679) main____ INFO    About to exit: request to exit with status 1 received from analysis session 'session_0'
2026-02-23 13:53:16.330384 (2616679) session_ INFO    Analysis session 'session_0' disconnected.
2026-02-23 13:53:16.330503 (2616679) lic__man INFO    Unclaim everything for 'session_0'.
2026-02-23 13:53:16.331068 (2616679) session_ INFO    Process for analysis session 'session_0' has exited with exit status '1'.
2026-02-23 13:53:18.347350 (2616679) lic_core INFO    (2) checkin jasper_fao
2026-02-23 13:53:18.348952 (2616679) main____ INFO    Exiting with status 1.
