2026-02-23 13:43:16.002991 (2889565) main____ INFO    ----------------------------------------
2026-02-23 13:43:16.003086 (2889565) main____ INFO    JasperGold version info
2026-02-23 13:43:16.003102 (2889565) main____ INFO      tool      : JasperGold 2021.03
2026-02-23 13:43:16.003111 (2889565) main____ INFO      version   : 2021.03 FCS 64 bits
2026-02-23 13:43:16.003119 (2889565) main____ INFO      build date: 2021.03.23 02:50:43 UTC
2026-02-23 13:43:16.003125 (2889565) main____ INFO    ----------------------------------------
2026-02-23 13:43:16.003130 (2889565) main____ INFO    Runtime info:
2026-02-23 13:43:16.003137 (2889565) main____ INFO      platform  : Linux 5.14.0-570.84.1.el9_6.x86_64 x86_64
2026-02-23 13:43:16.003144 (2889565) main____ INFO      hostname  : della-h16n9
2026-02-23 13:43:16.003151 (2889565) main____ INFO      pid       : 2889565
2026-02-23 13:43:16.003157 (2889565) main____ INFO      arguments : '-style' 'windows' '-batch' '-proj' './verification_results/01688/jgproject' '-tcl' './jasper_verif_check.tcl'
2026-02-23 13:43:16.003166 (2889565) main____ INFO      locale    : UTF-8
2026-02-23 13:43:16.003171 (2889565) main____ INFO    ----------------------------------------
2026-02-23 13:43:16.003177 (2889565) main____ INFO    System resource limits info:
2026-02-23 13:43:16.003182 (2889565) main____ INFO      virtual memory: unlimited
2026-02-23 13:43:16.003187 (2889565) main____ INFO      cpu time      : unlimited
2026-02-23 13:43:16.003193 (2889565) main____ INFO      stack size    : unlimited
2026-02-23 13:43:16.003200 (2889565) main____ INFO      core file size: unlimited
2026-02-23 13:43:16.003207 (2889565) main____ INFO      open files    : 131072
2026-02-23 13:43:16.003213 (2889565) main____ INFO      file size     : unlimited
2026-02-23 13:43:16.003219 (2889565) main____ INFO    ----------------------------------------
2026-02-23 13:43:16.003225 (2889565) main____ INFO    Memory statistics:
2026-02-23 13:43:16.003231 (2889565) main____ INFO      total physical memory  : 1584164368 kB
2026-02-23 13:43:16.003236 (2889565) main____ INFO      free physical memory   : 833348764 kB
2026-02-23 13:43:16.003244 (2889565) main____ INFO      committed address space: 653886732 kB
2026-02-23 13:43:16.003250 (2889565) main____ INFO    ----------------------------------------
2026-02-23 13:43:16.003796 (2889565) main____ INFO    Important environment variables:
2026-02-23 13:43:16.003811 (2889565) main____ INFO      JASPER_HOME       : '/usr/licensed/cadence-20210126/jasper_2021.03'
2026-02-23 13:43:16.003818 (2889565) main____ INFO      JASPER_INSTALL_DIR: '/scratch/gpfs/LICENSED/x86_64/cadence-20210126/jasper_2021.03'
2026-02-23 13:43:16.003824 (2889565) main____ INFO      LANG              : 'en_US.UTF-8'
2026-02-23 13:43:16.003830 (2889565) main____ INFO      LM_LICENSE_FILE   : '5280@license.rc.princeton.edu'
2026-02-23 13:43:16.003836 (2889565) main____ INFO      TMPDIR            : '/tmp/ab2113/jg_5018847_26'
2026-02-23 13:43:16.003841 (2889565) main____ INFO    ----------------------------------------
2026-02-23 13:43:16.004369 (2889565) lic_core INFO    Initializing license system ...
2026-02-23 13:43:16.005282 (2889565) lic_core INFO    ... license system initialized.
2026-02-23 13:43:16.006062 (2889565) lic__man INFO    Claim 'fpv' for <ui>.
2026-02-23 13:43:16.006095 (2889565) lic_core INFO    (1) checking out 'jasper_fpv' ...
2026-02-23 13:43:16.011749 (2889565) lic_core INFO    ... (1) checkout failed (error: -5) ("FLEXnet ERROR(-5, 0, 0): No such feature exists.")
2026-02-23 13:43:16.011778 (2889565) lic_core INFO    (2) checking out 'jasper_fao' ...
2026-02-23 13:43:16.021098 (2889565) lic_core INFO    ... (2) checkout succeeded
2026-02-23 13:43:16.032653 (2889565) session_ INFO    Starting analysis session with session id 'session_0' (launcher: <local>) ...
2026-02-23 13:43:16.035637 (2889565) session_ INFO    Analysis session with session id 'session_0' started (pid: 2889619)
2026-02-23 13:43:16.787266 (2889565) session_ INFO    Analysis session 'session_0' connected to the console (host: 127.0.0.1:58084)
2026-02-23 13:43:17.604737 (2889565) lic__man INFO    Unclaim everything for 'session_0'.
2026-02-23 13:43:17.645870 (2889565) lic__man INFO    Claim 'fpv' for 'session_0'.
2026-02-23 13:43:17.645930 (2889565) lic__man INFO    Claim 'fpv' for 'session_0/prove-0'.
2026-02-23 13:43:17.862008 (2889565) lic__man INFO    Unclaim everything for 'session_0/prove-0'.
2026-02-23 13:43:17.919021 (2889565) main____ INFO    About to exit: request to exit with status 0 received from analysis session 'session_0'
2026-02-23 13:43:17.993298 (2889565) session_ INFO    Analysis session 'session_0' disconnected.
2026-02-23 13:43:17.993524 (2889565) lic__man INFO    Unclaim everything for 'session_0'.
2026-02-23 13:43:17.994763 (2889565) session_ INFO    Process for analysis session 'session_0' has exited with exit status '0'.
2026-02-23 13:43:20.028289 (2889565) lic_core INFO    (2) checkin jasper_fao
2026-02-23 13:43:20.030224 (2889565) main____ INFO    Exiting with status 0.
