2026-02-23 13:46:33.680286 (125695) main____ INFO    ----------------------------------------
2026-02-23 13:46:33.680369 (125695) main____ INFO    JasperGold version info
2026-02-23 13:46:33.680385 (125695) main____ INFO      tool      : JasperGold 2021.03
2026-02-23 13:46:33.680395 (125695) main____ INFO      version   : 2021.03 FCS 64 bits
2026-02-23 13:46:33.680402 (125695) main____ INFO      build date: 2021.03.23 02:50:43 UTC
2026-02-23 13:46:33.680408 (125695) main____ INFO    ----------------------------------------
2026-02-23 13:46:33.680413 (125695) main____ INFO    Runtime info:
2026-02-23 13:46:33.680420 (125695) main____ INFO      platform  : Linux 5.14.0-570.84.1.el9_6.x86_64 x86_64
2026-02-23 13:46:33.680426 (125695) main____ INFO      hostname  : della-h14n2
2026-02-23 13:46:33.680431 (125695) main____ INFO      pid       : 125695
2026-02-23 13:46:33.680436 (125695) main____ INFO      arguments : '-style' 'windows' '-batch' '-proj' './verification_results/02383/jgproject' '-tcl' './jasper_verif_check.tcl'
2026-02-23 13:46:33.680445 (125695) main____ INFO      locale    : UTF-8
2026-02-23 13:46:33.680452 (125695) main____ INFO    ----------------------------------------
2026-02-23 13:46:33.680457 (125695) main____ INFO    System resource limits info:
2026-02-23 13:46:33.680464 (125695) main____ INFO      virtual memory: unlimited
2026-02-23 13:46:33.680469 (125695) main____ INFO      cpu time      : unlimited
2026-02-23 13:46:33.680475 (125695) main____ INFO      stack size    : unlimited
2026-02-23 13:46:33.680481 (125695) main____ INFO      core file size: unlimited
2026-02-23 13:46:33.680488 (125695) main____ INFO      open files    : 131072
2026-02-23 13:46:33.680493 (125695) main____ INFO      file size     : unlimited
2026-02-23 13:46:33.680499 (125695) main____ INFO    ----------------------------------------
2026-02-23 13:46:33.680504 (125695) main____ INFO    Memory statistics:
2026-02-23 13:46:33.680509 (125695) main____ INFO      total physical memory  : 1584164328 kB
2026-02-23 13:46:33.680514 (125695) main____ INFO      free physical memory   : 747593644 kB
2026-02-23 13:46:33.680519 (125695) main____ INFO      committed address space: 672156916 kB
2026-02-23 13:46:33.680523 (125695) main____ INFO    ----------------------------------------
2026-02-23 13:46:33.681052 (125695) main____ INFO    Important environment variables:
2026-02-23 13:46:33.681067 (125695) main____ INFO      JASPER_HOME       : '/usr/licensed/cadence-20210126/jasper_2021.03'
2026-02-23 13:46:33.681074 (125695) main____ INFO      JASPER_INSTALL_DIR: '/scratch/gpfs/LICENSED/x86_64/cadence-20210126/jasper_2021.03'
2026-02-23 13:46:33.681079 (125695) main____ INFO      LANG              : 'en_US.UTF-8'
2026-02-23 13:46:33.681085 (125695) main____ INFO      LM_LICENSE_FILE   : '5280@license.rc.princeton.edu'
2026-02-23 13:46:33.681092 (125695) main____ INFO      TMPDIR            : '/tmp/ab2113/jg_5018912_40'
2026-02-23 13:46:33.681097 (125695) main____ INFO    ----------------------------------------
2026-02-23 13:46:33.681609 (125695) lic_core INFO    Initializing license system ...
2026-02-23 13:46:33.682166 (125695) lic_core INFO    ... license system initialized.
2026-02-23 13:46:33.682939 (125695) lic__man INFO    Claim 'fpv' for <ui>.
2026-02-23 13:46:33.682974 (125695) lic_core INFO    (1) checking out 'jasper_fpv' ...
2026-02-23 13:46:33.689198 (125695) lic_core INFO    ... (1) checkout failed (error: -5) ("FLEXnet ERROR(-5, 0, 0): No such feature exists.")
2026-02-23 13:46:33.689227 (125695) lic_core INFO    (2) checking out 'jasper_fao' ...
2026-02-23 13:46:33.697755 (125695) lic_core INFO    ... (2) checkout succeeded
2026-02-23 13:46:33.708797 (125695) session_ INFO    Starting analysis session with session id 'session_0' (launcher: <local>) ...
2026-02-23 13:46:33.711796 (125695) session_ INFO    Analysis session with session id 'session_0' started (pid: 125703)
2026-02-23 13:46:34.323799 (125695) session_ INFO    Analysis session 'session_0' connected to the console (host: 127.0.0.1:34558)
2026-02-23 13:46:47.190887 (125695) main____ INFO    About to exit: request to exit with status 1 received from analysis session 'session_0'
2026-02-23 13:46:47.247923 (125695) session_ INFO    Analysis session 'session_0' disconnected.
2026-02-23 13:46:47.248091 (125695) lic__man INFO    Unclaim everything for 'session_0'.
2026-02-23 13:46:47.248974 (125695) session_ INFO    Process for analysis session 'session_0' has exited with exit status '1'.
2026-02-23 13:46:49.097372 (125695) lic_core INFO    (2) checkin jasper_fao
2026-02-23 13:46:49.098691 (125695) main____ INFO    Exiting with status 1.
