2026-02-23 13:52:20.809116 (1750110) main____ INFO    ----------------------------------------
2026-02-23 13:52:20.809195 (1750110) main____ INFO    JasperGold version info
2026-02-23 13:52:20.809210 (1750110) main____ INFO      tool      : JasperGold 2021.03
2026-02-23 13:52:20.809219 (1750110) main____ INFO      version   : 2021.03 FCS 64 bits
2026-02-23 13:52:20.809224 (1750110) main____ INFO      build date: 2021.03.23 02:50:43 UTC
2026-02-23 13:52:20.809236 (1750110) main____ INFO    ----------------------------------------
2026-02-23 13:52:20.809241 (1750110) main____ INFO    Runtime info:
2026-02-23 13:52:20.809246 (1750110) main____ INFO      platform  : Linux 5.14.0-570.84.1.el9_6.x86_64 x86_64
2026-02-23 13:52:20.809252 (1750110) main____ INFO      hostname  : della-h14n7
2026-02-23 13:52:20.809257 (1750110) main____ INFO      pid       : 1750110
2026-02-23 13:52:20.809262 (1750110) main____ INFO      arguments : '-style' 'windows' '-batch' '-proj' './verification_results/03721/jgproject' '-tcl' './jasper_verif_check.tcl'
2026-02-23 13:52:20.809270 (1750110) main____ INFO      locale    : UTF-8
2026-02-23 13:52:20.809275 (1750110) main____ INFO    ----------------------------------------
2026-02-23 13:52:20.809280 (1750110) main____ INFO    System resource limits info:
2026-02-23 13:52:20.809285 (1750110) main____ INFO      virtual memory: unlimited
2026-02-23 13:52:20.809290 (1750110) main____ INFO      cpu time      : unlimited
2026-02-23 13:52:20.809294 (1750110) main____ INFO      stack size    : unlimited
2026-02-23 13:52:20.809299 (1750110) main____ INFO      core file size: unlimited
2026-02-23 13:52:20.809306 (1750110) main____ INFO      open files    : 131072
2026-02-23 13:52:20.809311 (1750110) main____ INFO      file size     : unlimited
2026-02-23 13:52:20.809315 (1750110) main____ INFO    ----------------------------------------
2026-02-23 13:52:20.809320 (1750110) main____ INFO    Memory statistics:
2026-02-23 13:52:20.809325 (1750110) main____ INFO      total physical memory  : 1584164356 kB
2026-02-23 13:52:20.809330 (1750110) main____ INFO      free physical memory   : 802198464 kB
2026-02-23 13:52:20.809335 (1750110) main____ INFO      committed address space: 609835268 kB
2026-02-23 13:52:20.809339 (1750110) main____ INFO    ----------------------------------------
2026-02-23 13:52:20.809846 (1750110) main____ INFO    Important environment variables:
2026-02-23 13:52:20.809858 (1750110) main____ INFO      JASPER_HOME       : '/usr/licensed/cadence-20210126/jasper_2021.03'
2026-02-23 13:52:20.809864 (1750110) main____ INFO      JASPER_INSTALL_DIR: '/scratch/gpfs/LICENSED/x86_64/cadence-20210126/jasper_2021.03'
2026-02-23 13:52:20.809870 (1750110) main____ INFO      LANG              : 'en_US.UTF-8'
2026-02-23 13:52:20.809875 (1750110) main____ INFO      LM_LICENSE_FILE   : '5280@license.rc.princeton.edu'
2026-02-23 13:52:20.809881 (1750110) main____ INFO      TMPDIR            : '/tmp/ab2113/jg_5019054_67'
2026-02-23 13:52:20.809886 (1750110) main____ INFO    ----------------------------------------
2026-02-23 13:52:20.810384 (1750110) lic_core INFO    Initializing license system ...
2026-02-23 13:52:20.810901 (1750110) lic_core INFO    ... license system initialized.
2026-02-23 13:52:20.811630 (1750110) lic__man INFO    Claim 'fpv' for <ui>.
2026-02-23 13:52:20.811661 (1750110) lic_core INFO    (1) checking out 'jasper_fpv' ...
2026-02-23 13:52:20.818217 (1750110) lic_core INFO    ... (1) checkout failed (error: -5) ("FLEXnet ERROR(-5, 0, 0): No such feature exists.")
2026-02-23 13:52:20.818249 (1750110) lic_core INFO    (2) checking out 'jasper_fao' ...
2026-02-23 13:52:20.827671 (1750110) lic_core INFO    ... (2) checkout succeeded
2026-02-23 13:52:20.838568 (1750110) session_ INFO    Starting analysis session with session id 'session_0' (launcher: <local>) ...
2026-02-23 13:52:20.841439 (1750110) session_ INFO    Analysis session with session id 'session_0' started (pid: 1750144)
2026-02-23 13:52:21.334530 (1750110) session_ INFO    Analysis session 'session_0' connected to the console (host: 127.0.0.1:50606)
2026-02-23 13:52:21.818321 (1750110) main____ INFO    About to exit: request to exit with status 1 received from analysis session 'session_0'
2026-02-23 13:52:21.867943 (1750110) session_ INFO    Analysis session 'session_0' disconnected.
2026-02-23 13:52:21.868059 (1750110) lic__man INFO    Unclaim everything for 'session_0'.
2026-02-23 13:52:21.868711 (1750110) session_ INFO    Process for analysis session 'session_0' has exited with exit status '1'.
2026-02-23 13:52:23.722187 (1750110) lic_core INFO    (2) checkin jasper_fao
2026-02-23 13:52:23.723768 (1750110) main____ INFO    Exiting with status 1.
