2026-02-23 12:25:47.902846 (3421250) main____ INFO    ----------------------------------------
2026-02-23 12:25:47.902927 (3421250) main____ INFO    JasperGold version info
2026-02-23 12:25:47.902941 (3421250) main____ INFO      tool      : JasperGold 2021.03
2026-02-23 12:25:47.902949 (3421250) main____ INFO      version   : 2021.03 FCS 64 bits
2026-02-23 12:25:47.902954 (3421250) main____ INFO      build date: 2021.03.23 02:50:43 UTC
2026-02-23 12:25:47.902959 (3421250) main____ INFO    ----------------------------------------
2026-02-23 12:25:47.902964 (3421250) main____ INFO    Runtime info:
2026-02-23 12:25:47.902970 (3421250) main____ INFO      platform  : Linux 5.14.0-570.84.1.el9_6.x86_64 x86_64
2026-02-23 12:25:47.902976 (3421250) main____ INFO      hostname  : della-h16n8
2026-02-23 12:25:47.902981 (3421250) main____ INFO      pid       : 3421250
2026-02-23 12:25:47.902986 (3421250) main____ INFO      arguments : '-style' 'windows' '-batch' '-proj' './verification_results/00131/jgproject' '-tcl' './jasper_verif_check.tcl'
2026-02-23 12:25:47.902994 (3421250) main____ INFO      locale    : UTF-8
2026-02-23 12:25:47.902998 (3421250) main____ INFO    ----------------------------------------
2026-02-23 12:25:47.903003 (3421250) main____ INFO    System resource limits info:
2026-02-23 12:25:47.903008 (3421250) main____ INFO      virtual memory: unlimited
2026-02-23 12:25:47.903013 (3421250) main____ INFO      cpu time      : unlimited
2026-02-23 12:25:47.903018 (3421250) main____ INFO      stack size    : unlimited
2026-02-23 12:25:47.903023 (3421250) main____ INFO      core file size: unlimited
2026-02-23 12:25:47.903030 (3421250) main____ INFO      open files    : 131072
2026-02-23 12:25:47.903035 (3421250) main____ INFO      file size     : unlimited
2026-02-23 12:25:47.903039 (3421250) main____ INFO    ----------------------------------------
2026-02-23 12:25:47.903044 (3421250) main____ INFO    Memory statistics:
2026-02-23 12:25:47.903049 (3421250) main____ INFO      total physical memory  : 1584164360 kB
2026-02-23 12:25:47.903054 (3421250) main____ INFO      free physical memory   : 999017436 kB
2026-02-23 12:25:47.903058 (3421250) main____ INFO      committed address space: 524279124 kB
2026-02-23 12:25:47.903063 (3421250) main____ INFO    ----------------------------------------
2026-02-23 12:25:47.903581 (3421250) main____ INFO    Important environment variables:
2026-02-23 12:25:47.903594 (3421250) main____ INFO      JASPER_HOME       : '/usr/licensed/cadence-20210126/jasper_2021.03'
2026-02-23 12:25:47.903601 (3421250) main____ INFO      JASPER_INSTALL_DIR: '/scratch/gpfs/LICENSED/x86_64/cadence-20210126/jasper_2021.03'
2026-02-23 12:25:47.903606 (3421250) main____ INFO      LANG              : 'en_US.UTF-8'
2026-02-23 12:25:47.903612 (3421250) main____ INFO      LM_LICENSE_FILE   : '5280@license.rc.princeton.edu'
2026-02-23 12:25:47.903617 (3421250) main____ INFO      TMPDIR            : '/tmp/ab2113/jg_5016553_8'
2026-02-23 12:25:47.903622 (3421250) main____ INFO    ----------------------------------------
2026-02-23 12:25:47.904068 (3421250) lic_core INFO    Initializing license system ...
2026-02-23 12:25:47.904586 (3421250) lic_core INFO    ... license system initialized.
2026-02-23 12:25:47.905332 (3421250) lic__man INFO    Claim 'fpv' for <ui>.
2026-02-23 12:25:47.905365 (3421250) lic_core INFO    (1) checking out 'jasper_fpv' ...
2026-02-23 12:25:47.911072 (3421250) lic_core INFO    ... (1) checkout failed (error: -5) ("FLEXnet ERROR(-5, 0, 0): No such feature exists.")
2026-02-23 12:25:47.911103 (3421250) lic_core INFO    (2) checking out 'jasper_fao' ...
2026-02-23 12:25:47.920243 (3421250) lic_core INFO    ... (2) checkout succeeded
2026-02-23 12:25:47.930650 (3421250) session_ INFO    Starting analysis session with session id 'session_0' (launcher: <local>) ...
2026-02-23 12:25:47.933289 (3421250) session_ INFO    Analysis session with session id 'session_0' started (pid: 3421272)
2026-02-23 12:25:48.488937 (3421250) session_ INFO    Analysis session 'session_0' connected to the console (host: 127.0.0.1:44114)
2026-02-23 12:25:48.996193 (3421250) main____ INFO    About to exit: request to exit with status 1 received from analysis session 'session_0'
2026-02-23 12:25:49.046435 (3421250) session_ INFO    Analysis session 'session_0' disconnected.
2026-02-23 12:25:49.046558 (3421250) lic__man INFO    Unclaim everything for 'session_0'.
2026-02-23 12:25:49.047395 (3421250) session_ INFO    Process for analysis session 'session_0' has exited with exit status '1'.
2026-02-23 12:25:51.100095 (3421250) lic_core INFO    (2) checkin jasper_fao
2026-02-23 12:25:51.101642 (3421250) main____ INFO    Exiting with status 1.
