2026-02-23 13:42:53.337073 (1943296) main____ INFO    ----------------------------------------
2026-02-23 13:42:53.337158 (1943296) main____ INFO    JasperGold version info
2026-02-23 13:42:53.337174 (1943296) main____ INFO      tool      : JasperGold 2021.03
2026-02-23 13:42:53.337182 (1943296) main____ INFO      version   : 2021.03 FCS 64 bits
2026-02-23 13:42:53.337187 (1943296) main____ INFO      build date: 2021.03.23 02:50:43 UTC
2026-02-23 13:42:53.337191 (1943296) main____ INFO    ----------------------------------------
2026-02-23 13:42:53.337195 (1943296) main____ INFO    Runtime info:
2026-02-23 13:42:53.337199 (1943296) main____ INFO      platform  : Linux 5.14.0-570.84.1.el9_6.x86_64 x86_64
2026-02-23 13:42:53.337205 (1943296) main____ INFO      hostname  : della-r3c1n5
2026-02-23 13:42:53.337210 (1943296) main____ INFO      pid       : 1943296
2026-02-23 13:42:53.337214 (1943296) main____ INFO      arguments : '-style' 'windows' '-batch' '-proj' './verification_results/01358/jgproject' '-tcl' './jasper_verif_check.tcl'
2026-02-23 13:42:53.337222 (1943296) main____ INFO      locale    : UTF-8
2026-02-23 13:42:53.337227 (1943296) main____ INFO    ----------------------------------------
2026-02-23 13:42:53.337231 (1943296) main____ INFO    System resource limits info:
2026-02-23 13:42:53.337235 (1943296) main____ INFO      virtual memory: unlimited
2026-02-23 13:42:53.337239 (1943296) main____ INFO      cpu time      : unlimited
2026-02-23 13:42:53.337244 (1943296) main____ INFO      stack size    : unlimited
2026-02-23 13:42:53.337248 (1943296) main____ INFO      core file size: unlimited
2026-02-23 13:42:53.337255 (1943296) main____ INFO      open files    : 131072
2026-02-23 13:42:53.337259 (1943296) main____ INFO      file size     : unlimited
2026-02-23 13:42:53.337263 (1943296) main____ INFO    ----------------------------------------
2026-02-23 13:42:53.337267 (1943296) main____ INFO    Memory statistics:
2026-02-23 13:42:53.337272 (1943296) main____ INFO      total physical memory  : 195972056 kB
2026-02-23 13:42:53.337276 (1943296) main____ INFO      free physical memory   : 111925464 kB
2026-02-23 13:42:53.337280 (1943296) main____ INFO      committed address space: 51611724 kB
2026-02-23 13:42:53.337284 (1943296) main____ INFO    ----------------------------------------
2026-02-23 13:42:53.338234 (1943296) main____ INFO    Important environment variables:
2026-02-23 13:42:53.338250 (1943296) main____ INFO      JASPER_HOME       : '/usr/licensed/cadence-20210126/jasper_2021.03'
2026-02-23 13:42:53.338256 (1943296) main____ INFO      JASPER_INSTALL_DIR: '/scratch/gpfs/LICENSED/x86_64/cadence-20210126/jasper_2021.03'
2026-02-23 13:42:53.338261 (1943296) main____ INFO      LANG              : 'en_US.UTF-8'
2026-02-23 13:42:53.338266 (1943296) main____ INFO      LM_LICENSE_FILE   : '5280@license.rc.princeton.edu'
2026-02-23 13:42:53.338271 (1943296) main____ INFO      TMPDIR            : '/tmp/ab2113/jg_5018833_19'
2026-02-23 13:42:53.338275 (1943296) main____ INFO    ----------------------------------------
2026-02-23 13:42:53.339096 (1943296) lic_core INFO    Initializing license system ...
2026-02-23 13:42:53.339898 (1943296) lic_core INFO    ... license system initialized.
2026-02-23 13:42:53.340632 (1943296) lic__man INFO    Claim 'fpv' for <ui>.
2026-02-23 13:42:53.340669 (1943296) lic_core INFO    (1) checking out 'jasper_fpv' ...
2026-02-23 13:42:53.346072 (1943296) lic_core INFO    ... (1) checkout failed (error: -5) ("FLEXnet ERROR(-5, 0, 0): No such feature exists.")
2026-02-23 13:42:53.346107 (1943296) lic_core INFO    (2) checking out 'jasper_fao' ...
2026-02-23 13:42:53.356154 (1943296) lic_core INFO    ... (2) checkout succeeded
2026-02-23 13:42:53.371187 (1943296) session_ INFO    Starting analysis session with session id 'session_0' (launcher: <local>) ...
2026-02-23 13:42:53.374255 (1943296) session_ INFO    Analysis session with session id 'session_0' started (pid: 1943304)
2026-02-23 13:42:54.074214 (1943296) session_ INFO    Analysis session 'session_0' connected to the console (host: 127.0.0.1:59842)
2026-02-23 13:42:54.909415 (1943296) lic__man INFO    Unclaim everything for 'session_0'.
2026-02-23 13:42:54.953169 (1943296) lic__man INFO    Claim 'fpv' for 'session_0'.
2026-02-23 13:42:54.953213 (1943296) lic__man INFO    Claim 'fpv' for 'session_0/prove-0'.
2026-02-23 13:42:55.078195 (1943296) lic__man INFO    Unclaim everything for 'session_0/prove-0'.
2026-02-23 13:42:55.134219 (1943296) main____ INFO    About to exit: request to exit with status 0 received from analysis session 'session_0'
2026-02-23 13:42:55.215665 (1943296) session_ INFO    Analysis session 'session_0' disconnected.
2026-02-23 13:42:55.215792 (1943296) lic__man INFO    Unclaim everything for 'session_0'.
2026-02-23 13:42:55.216189 (1943296) session_ INFO    Process for analysis session 'session_0' has exited with exit status '0'.
2026-02-23 13:42:57.098180 (1943296) lic_core INFO    (2) checkin jasper_fao
2026-02-23 13:42:57.099727 (1943296) main____ INFO    Exiting with status 0.
