2026-02-23 13:37:41.918194 (1665735) main____ INFO    ----------------------------------------
2026-02-23 13:37:41.918280 (1665735) main____ INFO    JasperGold version info
2026-02-23 13:37:41.918293 (1665735) main____ INFO      tool      : JasperGold 2021.03
2026-02-23 13:37:41.918301 (1665735) main____ INFO      version   : 2021.03 FCS 64 bits
2026-02-23 13:37:41.918307 (1665735) main____ INFO      build date: 2021.03.23 02:50:43 UTC
2026-02-23 13:37:41.918312 (1665735) main____ INFO    ----------------------------------------
2026-02-23 13:37:41.918316 (1665735) main____ INFO    Runtime info:
2026-02-23 13:37:41.918322 (1665735) main____ INFO      platform  : Linux 5.14.0-570.84.1.el9_6.x86_64 x86_64
2026-02-23 13:37:41.918328 (1665735) main____ INFO      hostname  : della-h14n7
2026-02-23 13:37:41.918333 (1665735) main____ INFO      pid       : 1665735
2026-02-23 13:37:41.918339 (1665735) main____ INFO      arguments : '-style' 'windows' '-batch' '-proj' './verification_results/00630/jgproject' '-tcl' './jasper_verif_check.tcl'
2026-02-23 13:37:41.918346 (1665735) main____ INFO      locale    : UTF-8
2026-02-23 13:37:41.918351 (1665735) main____ INFO    ----------------------------------------
2026-02-23 13:37:41.918355 (1665735) main____ INFO    System resource limits info:
2026-02-23 13:37:41.918361 (1665735) main____ INFO      virtual memory: unlimited
2026-02-23 13:37:41.918365 (1665735) main____ INFO      cpu time      : unlimited
2026-02-23 13:37:41.918370 (1665735) main____ INFO      stack size    : unlimited
2026-02-23 13:37:41.918375 (1665735) main____ INFO      core file size: unlimited
2026-02-23 13:37:41.918382 (1665735) main____ INFO      open files    : 131072
2026-02-23 13:37:41.918386 (1665735) main____ INFO      file size     : unlimited
2026-02-23 13:37:41.918391 (1665735) main____ INFO    ----------------------------------------
2026-02-23 13:37:41.918396 (1665735) main____ INFO    Memory statistics:
2026-02-23 13:37:41.918401 (1665735) main____ INFO      total physical memory  : 1584164356 kB
2026-02-23 13:37:41.918406 (1665735) main____ INFO      free physical memory   : 824322376 kB
2026-02-23 13:37:41.918411 (1665735) main____ INFO      committed address space: 586143652 kB
2026-02-23 13:37:41.918416 (1665735) main____ INFO    ----------------------------------------
2026-02-23 13:37:41.918924 (1665735) main____ INFO    Important environment variables:
2026-02-23 13:37:41.918936 (1665735) main____ INFO      JASPER_HOME       : '/usr/licensed/cadence-20210126/jasper_2021.03'
2026-02-23 13:37:41.918942 (1665735) main____ INFO      JASPER_INSTALL_DIR: '/scratch/gpfs/LICENSED/x86_64/cadence-20210126/jasper_2021.03'
2026-02-23 13:37:41.918948 (1665735) main____ INFO      LANG              : 'en_US.UTF-8'
2026-02-23 13:37:41.918953 (1665735) main____ INFO      LM_LICENSE_FILE   : '5280@license.rc.princeton.edu'
2026-02-23 13:37:41.918958 (1665735) main____ INFO      TMPDIR            : '/tmp/ab2113/jg_5018707_5'
2026-02-23 13:37:41.918963 (1665735) main____ INFO    ----------------------------------------
2026-02-23 13:37:41.919399 (1665735) lic_core INFO    Initializing license system ...
2026-02-23 13:37:41.919891 (1665735) lic_core INFO    ... license system initialized.
2026-02-23 13:37:41.920623 (1665735) lic__man INFO    Claim 'fpv' for <ui>.
2026-02-23 13:37:41.920655 (1665735) lic_core INFO    (1) checking out 'jasper_fpv' ...
2026-02-23 13:37:41.926380 (1665735) lic_core INFO    ... (1) checkout failed (error: -5) ("FLEXnet ERROR(-5, 0, 0): No such feature exists.")
2026-02-23 13:37:41.926407 (1665735) lic_core INFO    (2) checking out 'jasper_fao' ...
2026-02-23 13:37:41.935110 (1665735) lic_core INFO    ... (2) checkout succeeded
2026-02-23 13:37:41.945099 (1665735) session_ INFO    Starting analysis session with session id 'session_0' (launcher: <local>) ...
2026-02-23 13:37:41.947511 (1665735) session_ INFO    Analysis session with session id 'session_0' started (pid: 1665771)
2026-02-23 13:37:42.474668 (1665735) session_ INFO    Analysis session 'session_0' connected to the console (host: 127.0.0.1:37450)
2026-02-23 13:37:43.215495 (1665735) lic__man INFO    Unclaim everything for 'session_0'.
2026-02-23 13:37:43.245864 (1665735) lic__man INFO    Claim 'fpv' for 'session_0'.
2026-02-23 13:37:43.245897 (1665735) lic__man INFO    Claim 'fpv' for 'session_0/prove-0'.
2026-02-23 13:37:43.288089 (1665735) lic__man INFO    Unclaim everything for 'session_0/prove-0'.
2026-02-23 13:37:43.329307 (1665735) main____ INFO    About to exit: request to exit with status 0 received from analysis session 'session_0'
2026-02-23 13:37:43.375398 (1665735) session_ INFO    Analysis session 'session_0' disconnected.
2026-02-23 13:37:43.375511 (1665735) lic__man INFO    Unclaim everything for 'session_0'.
2026-02-23 13:37:43.376387 (1665735) session_ INFO    Process for analysis session 'session_0' has exited with exit status '0'.
2026-02-23 13:37:45.433999 (1665735) lic_core INFO    (2) checkin jasper_fao
2026-02-23 13:37:45.435421 (1665735) main____ INFO    Exiting with status 0.
