2026-02-23 13:37:38.254475 (1776396) main____ INFO    ----------------------------------------
2026-02-23 13:37:38.254569 (1776396) main____ INFO    JasperGold version info
2026-02-23 13:37:38.254588 (1776396) main____ INFO      tool      : JasperGold 2021.03
2026-02-23 13:37:38.254598 (1776396) main____ INFO      version   : 2021.03 FCS 64 bits
2026-02-23 13:37:38.254603 (1776396) main____ INFO      build date: 2021.03.23 02:50:43 UTC
2026-02-23 13:37:38.254608 (1776396) main____ INFO    ----------------------------------------
2026-02-23 13:37:38.254613 (1776396) main____ INFO    Runtime info:
2026-02-23 13:37:38.254619 (1776396) main____ INFO      platform  : Linux 5.14.0-570.84.1.el9_6.x86_64 x86_64
2026-02-23 13:37:38.254625 (1776396) main____ INFO      hostname  : della-h14n12
2026-02-23 13:37:38.254630 (1776396) main____ INFO      pid       : 1776396
2026-02-23 13:37:38.254635 (1776396) main____ INFO      arguments : '-style' 'windows' '-batch' '-proj' './verification_results/00817/jgproject' '-tcl' './jasper_verif_check.tcl'
2026-02-23 13:37:38.254643 (1776396) main____ INFO      locale    : UTF-8
2026-02-23 13:37:38.254648 (1776396) main____ INFO    ----------------------------------------
2026-02-23 13:37:38.254652 (1776396) main____ INFO    System resource limits info:
2026-02-23 13:37:38.254658 (1776396) main____ INFO      virtual memory: unlimited
2026-02-23 13:37:38.254662 (1776396) main____ INFO      cpu time      : unlimited
2026-02-23 13:37:38.254668 (1776396) main____ INFO      stack size    : unlimited
2026-02-23 13:37:38.254673 (1776396) main____ INFO      core file size: unlimited
2026-02-23 13:37:38.254679 (1776396) main____ INFO      open files    : 131072
2026-02-23 13:37:38.254684 (1776396) main____ INFO      file size     : unlimited
2026-02-23 13:37:38.254689 (1776396) main____ INFO    ----------------------------------------
2026-02-23 13:37:38.254694 (1776396) main____ INFO    Memory statistics:
2026-02-23 13:37:38.254699 (1776396) main____ INFO      total physical memory  : 1584164368 kB
2026-02-23 13:37:38.254704 (1776396) main____ INFO      free physical memory   : 706988208 kB
2026-02-23 13:37:38.254709 (1776396) main____ INFO      committed address space: 489340748 kB
2026-02-23 13:37:38.254714 (1776396) main____ INFO    ----------------------------------------
2026-02-23 13:37:38.255254 (1776396) main____ INFO    Important environment variables:
2026-02-23 13:37:38.255267 (1776396) main____ INFO      JASPER_HOME       : '/usr/licensed/cadence-20210126/jasper_2021.03'
2026-02-23 13:37:38.255273 (1776396) main____ INFO      JASPER_INSTALL_DIR: '/scratch/gpfs/LICENSED/x86_64/cadence-20210126/jasper_2021.03'
2026-02-23 13:37:38.255278 (1776396) main____ INFO      LANG              : 'en_US.UTF-8'
2026-02-23 13:37:38.255284 (1776396) main____ INFO      LM_LICENSE_FILE   : '5280@license.rc.princeton.edu'
2026-02-23 13:37:38.255289 (1776396) main____ INFO      TMPDIR            : '/tmp/ab2113/jg_5018798_9'
2026-02-23 13:37:38.255294 (1776396) main____ INFO    ----------------------------------------
2026-02-23 13:37:38.255820 (1776396) lic_core INFO    Initializing license system ...
2026-02-23 13:37:38.256288 (1776396) lic_core INFO    ... license system initialized.
2026-02-23 13:37:38.257081 (1776396) lic__man INFO    Claim 'fpv' for <ui>.
2026-02-23 13:37:38.257114 (1776396) lic_core INFO    (1) checking out 'jasper_fpv' ...
2026-02-23 13:37:38.262421 (1776396) lic_core INFO    ... (1) checkout failed (error: -5) ("FLEXnet ERROR(-5, 0, 0): No such feature exists.")
2026-02-23 13:37:38.262449 (1776396) lic_core INFO    (2) checking out 'jasper_fao' ...
2026-02-23 13:37:38.271809 (1776396) lic_core INFO    ... (2) checkout succeeded
2026-02-23 13:37:38.282815 (1776396) session_ INFO    Starting analysis session with session id 'session_0' (launcher: <local>) ...
2026-02-23 13:37:38.285398 (1776396) session_ INFO    Analysis session with session id 'session_0' started (pid: 1776404)
2026-02-23 13:37:38.811327 (1776396) session_ INFO    Analysis session 'session_0' connected to the console (host: 127.0.0.1:37508)
2026-02-23 13:37:39.341049 (1776396) main____ INFO    About to exit: request to exit with status 1 received from analysis session 'session_0'
2026-02-23 13:37:39.394383 (1776396) session_ INFO    Analysis session 'session_0' disconnected.
2026-02-23 13:37:39.394559 (1776396) lic__man INFO    Unclaim everything for 'session_0'.
2026-02-23 13:37:39.394690 (1776396) session_ INFO    Process for analysis session 'session_0' has exited with exit status '1'.
2026-02-23 13:37:41.245165 (1776396) lic_core INFO    (2) checkin jasper_fao
2026-02-23 13:37:41.246739 (1776396) main____ INFO    Exiting with status 1.
