2026-02-23 13:44:35.737866 (1377428) main____ INFO    ----------------------------------------
2026-02-23 13:44:35.737967 (1377428) main____ INFO    JasperGold version info
2026-02-23 13:44:35.737987 (1377428) main____ INFO      tool      : JasperGold 2021.03
2026-02-23 13:44:35.737995 (1377428) main____ INFO      version   : 2021.03 FCS 64 bits
2026-02-23 13:44:35.738001 (1377428) main____ INFO      build date: 2021.03.23 02:50:43 UTC
2026-02-23 13:44:35.738005 (1377428) main____ INFO    ----------------------------------------
2026-02-23 13:44:35.738009 (1377428) main____ INFO    Runtime info:
2026-02-23 13:44:35.738014 (1377428) main____ INFO      platform  : Linux 5.14.0-570.84.1.el9_6.x86_64 x86_64
2026-02-23 13:44:35.738020 (1377428) main____ INFO      hostname  : della-r3c3n3
2026-02-23 13:44:35.738025 (1377428) main____ INFO      pid       : 1377428
2026-02-23 13:44:35.738029 (1377428) main____ INFO      arguments : '-style' 'windows' '-batch' '-proj' './verification_results/01840/jgproject' '-tcl' './jasper_verif_check.tcl'
2026-02-23 13:44:35.738037 (1377428) main____ INFO      locale    : UTF-8
2026-02-23 13:44:35.738042 (1377428) main____ INFO    ----------------------------------------
2026-02-23 13:44:35.738046 (1377428) main____ INFO    System resource limits info:
2026-02-23 13:44:35.738051 (1377428) main____ INFO      virtual memory: unlimited
2026-02-23 13:44:35.738055 (1377428) main____ INFO      cpu time      : unlimited
2026-02-23 13:44:35.738059 (1377428) main____ INFO      stack size    : unlimited
2026-02-23 13:44:35.738064 (1377428) main____ INFO      core file size: unlimited
2026-02-23 13:44:35.738070 (1377428) main____ INFO      open files    : 131072
2026-02-23 13:44:35.738075 (1377428) main____ INFO      file size     : unlimited
2026-02-23 13:44:35.738079 (1377428) main____ INFO    ----------------------------------------
2026-02-23 13:44:35.738083 (1377428) main____ INFO    Memory statistics:
2026-02-23 13:44:35.738087 (1377428) main____ INFO      total physical memory  : 195972168 kB
2026-02-23 13:44:35.738092 (1377428) main____ INFO      free physical memory   : 106409488 kB
2026-02-23 13:44:35.738096 (1377428) main____ INFO      committed address space: 56919304 kB
2026-02-23 13:44:35.738100 (1377428) main____ INFO    ----------------------------------------
2026-02-23 13:44:35.739067 (1377428) main____ INFO    Important environment variables:
2026-02-23 13:44:35.739084 (1377428) main____ INFO      JASPER_HOME       : '/usr/licensed/cadence-20210126/jasper_2021.03'
2026-02-23 13:44:35.739090 (1377428) main____ INFO      JASPER_INSTALL_DIR: '/scratch/gpfs/LICENSED/x86_64/cadence-20210126/jasper_2021.03'
2026-02-23 13:44:35.739095 (1377428) main____ INFO      LANG              : 'en_US.UTF-8'
2026-02-23 13:44:35.739101 (1377428) main____ INFO      LM_LICENSE_FILE   : '5280@license.rc.princeton.edu'
2026-02-23 13:44:35.739106 (1377428) main____ INFO      TMPDIR            : '/tmp/ab2113/jg_5018861_29'
2026-02-23 13:44:35.739111 (1377428) main____ INFO    ----------------------------------------
2026-02-23 13:44:35.740023 (1377428) lic_core INFO    Initializing license system ...
2026-02-23 13:44:35.740862 (1377428) lic_core INFO    ... license system initialized.
2026-02-23 13:44:35.741617 (1377428) lic__man INFO    Claim 'fpv' for <ui>.
2026-02-23 13:44:35.741656 (1377428) lic_core INFO    (1) checking out 'jasper_fpv' ...
2026-02-23 13:44:35.747304 (1377428) lic_core INFO    ... (1) checkout failed (error: -5) ("FLEXnet ERROR(-5, 0, 0): No such feature exists.")
2026-02-23 13:44:35.747355 (1377428) lic_core INFO    (2) checking out 'jasper_fao' ...
2026-02-23 13:44:35.757725 (1377428) lic_core INFO    ... (2) checkout succeeded
2026-02-23 13:44:35.772654 (1377428) session_ INFO    Starting analysis session with session id 'session_0' (launcher: <local>) ...
2026-02-23 13:44:35.775529 (1377428) session_ INFO    Analysis session with session id 'session_0' started (pid: 1377436)
2026-02-23 13:44:36.567769 (1377428) session_ INFO    Analysis session 'session_0' connected to the console (host: 127.0.0.1:47618)
2026-02-23 13:44:37.437572 (1377428) lic__man INFO    Unclaim everything for 'session_0'.
2026-02-23 13:44:37.488649 (1377428) lic__man INFO    Claim 'fpv' for 'session_0'.
2026-02-23 13:44:37.488723 (1377428) lic__man INFO    Claim 'fpv' for 'session_0/prove-0'.
2026-02-23 13:44:37.684824 (1377428) lic__man INFO    Unclaim everything for 'session_0/prove-0'.
2026-02-23 13:44:37.743525 (1377428) main____ INFO    About to exit: request to exit with status 0 received from analysis session 'session_0'
2026-02-23 13:44:37.887230 (1377428) session_ INFO    Analysis session 'session_0' disconnected.
2026-02-23 13:44:37.887390 (1377428) lic__man INFO    Unclaim everything for 'session_0'.
2026-02-23 13:44:37.887968 (1377428) session_ INFO    Process for analysis session 'session_0' has exited with exit status '0'.
2026-02-23 13:44:39.649449 (1377428) lic_core INFO    (2) checkin jasper_fao
2026-02-23 13:44:39.651274 (1377428) main____ INFO    Exiting with status 0.
