2026-02-23 14:00:10.135768 (347034) main____ INFO    ----------------------------------------
2026-02-23 14:00:10.135834 (347034) main____ INFO    JasperGold version info
2026-02-23 14:00:10.135853 (347034) main____ INFO      tool      : JasperGold 2021.03
2026-02-23 14:00:10.135862 (347034) main____ INFO      version   : 2021.03 FCS 64 bits
2026-02-23 14:00:10.135868 (347034) main____ INFO      build date: 2021.03.23 02:50:43 UTC
2026-02-23 14:00:10.135872 (347034) main____ INFO    ----------------------------------------
2026-02-23 14:00:10.135877 (347034) main____ INFO    Runtime info:
2026-02-23 14:00:10.135882 (347034) main____ INFO      platform  : Linux 5.14.0-570.84.1.el9_6.x86_64 x86_64
2026-02-23 14:00:10.135888 (347034) main____ INFO      hostname  : della-h16n10
2026-02-23 14:00:10.135893 (347034) main____ INFO      pid       : 347034
2026-02-23 14:00:10.135898 (347034) main____ INFO      arguments : '-style' 'windows' '-batch' '-proj' './verification_results/01738/jgproject' '-tcl' './jasper_verif_check.tcl'
2026-02-23 14:00:10.135906 (347034) main____ INFO      locale    : UTF-8
2026-02-23 14:00:10.135911 (347034) main____ INFO    ----------------------------------------
2026-02-23 14:00:10.135915 (347034) main____ INFO    System resource limits info:
2026-02-23 14:00:10.135920 (347034) main____ INFO      virtual memory: unlimited
2026-02-23 14:00:10.135925 (347034) main____ INFO      cpu time      : unlimited
2026-02-23 14:00:10.135930 (347034) main____ INFO      stack size    : unlimited
2026-02-23 14:00:10.135935 (347034) main____ INFO      core file size: unlimited
2026-02-23 14:00:10.135941 (347034) main____ INFO      open files    : 131072
2026-02-23 14:00:10.135946 (347034) main____ INFO      file size     : unlimited
2026-02-23 14:00:10.135951 (347034) main____ INFO    ----------------------------------------
2026-02-23 14:00:10.135956 (347034) main____ INFO    Memory statistics:
2026-02-23 14:00:10.135961 (347034) main____ INFO      total physical memory  : 1584164356 kB
2026-02-23 14:00:10.135965 (347034) main____ INFO      free physical memory   : 976360180 kB
2026-02-23 14:00:10.135970 (347034) main____ INFO      committed address space: 600762536 kB
2026-02-23 14:00:10.135975 (347034) main____ INFO    ----------------------------------------
2026-02-23 14:00:10.136488 (347034) main____ INFO    Important environment variables:
2026-02-23 14:00:10.136502 (347034) main____ INFO      JASPER_HOME       : '/usr/licensed/cadence-20210126/jasper_2021.03'
2026-02-23 14:00:10.136508 (347034) main____ INFO      JASPER_INSTALL_DIR: '/scratch/gpfs/LICENSED/x86_64/cadence-20210126/jasper_2021.03'
2026-02-23 14:00:10.136514 (347034) main____ INFO      LANG              : 'en_US.UTF-8'
2026-02-23 14:00:10.136519 (347034) main____ INFO      LM_LICENSE_FILE   : '5280@license.rc.princeton.edu'
2026-02-23 14:00:10.136524 (347034) main____ INFO      TMPDIR            : '/tmp/ab2113/jg_5018848_27'
2026-02-23 14:00:10.136529 (347034) main____ INFO    ----------------------------------------
2026-02-23 14:00:10.136899 (347034) lic_core INFO    Initializing license system ...
2026-02-23 14:00:10.137406 (347034) lic_core INFO    ... license system initialized.
2026-02-23 14:00:10.138115 (347034) lic__man INFO    Claim 'fpv' for <ui>.
2026-02-23 14:00:10.138147 (347034) lic_core INFO    (1) checking out 'jasper_fpv' ...
2026-02-23 14:00:10.143757 (347034) lic_core INFO    ... (1) checkout failed (error: -5) ("FLEXnet ERROR(-5, 0, 0): No such feature exists.")
2026-02-23 14:00:10.143782 (347034) lic_core INFO    (2) checking out 'jasper_fao' ...
2026-02-23 14:00:10.153218 (347034) lic_core INFO    ... (2) checkout succeeded
2026-02-23 14:00:10.163753 (347034) session_ INFO    Starting analysis session with session id 'session_0' (launcher: <local>) ...
2026-02-23 14:00:10.166156 (347034) session_ INFO    Analysis session with session id 'session_0' started (pid: 347042)
2026-02-23 14:00:10.714347 (347034) session_ INFO    Analysis session 'session_0' connected to the console (host: 127.0.0.1:33826)
2026-02-23 14:00:11.294182 (347034) main____ INFO    About to exit: request to exit with status 1 received from analysis session 'session_0'
2026-02-23 14:00:11.344949 (347034) session_ INFO    Analysis session 'session_0' disconnected.
2026-02-23 14:00:11.345070 (347034) lic__man INFO    Unclaim everything for 'session_0'.
2026-02-23 14:00:11.346936 (347034) session_ INFO    Process for analysis session 'session_0' has exited with exit status '1'.
2026-02-23 14:00:13.399534 (347034) lic_core INFO    (2) checkin jasper_fao
2026-02-23 14:00:13.401325 (347034) main____ INFO    Exiting with status 1.
