2026-02-23 13:46:54.348760 (996120) main____ INFO    ----------------------------------------
2026-02-23 13:46:54.348853 (996120) main____ INFO    JasperGold version info
2026-02-23 13:46:54.348872 (996120) main____ INFO      tool      : JasperGold 2021.03
2026-02-23 13:46:54.348882 (996120) main____ INFO      version   : 2021.03 FCS 64 bits
2026-02-23 13:46:54.348888 (996120) main____ INFO      build date: 2021.03.23 02:50:43 UTC
2026-02-23 13:46:54.348892 (996120) main____ INFO    ----------------------------------------
2026-02-23 13:46:54.348897 (996120) main____ INFO    Runtime info:
2026-02-23 13:46:54.348902 (996120) main____ INFO      platform  : Linux 5.14.0-570.84.1.el9_6.x86_64 x86_64
2026-02-23 13:46:54.348909 (996120) main____ INFO      hostname  : della-h16n4
2026-02-23 13:46:54.348914 (996120) main____ INFO      pid       : 996120
2026-02-23 13:46:54.348919 (996120) main____ INFO      arguments : '-style' 'windows' '-batch' '-proj' './verification_results/02488/jgproject' '-tcl' './jasper_verif_check.tcl'
2026-02-23 13:46:54.348928 (996120) main____ INFO      locale    : UTF-8
2026-02-23 13:46:54.348932 (996120) main____ INFO    ----------------------------------------
2026-02-23 13:46:54.348937 (996120) main____ INFO    System resource limits info:
2026-02-23 13:46:54.348942 (996120) main____ INFO      virtual memory: unlimited
2026-02-23 13:46:54.348947 (996120) main____ INFO      cpu time      : unlimited
2026-02-23 13:46:54.348952 (996120) main____ INFO      stack size    : unlimited
2026-02-23 13:46:54.348957 (996120) main____ INFO      core file size: unlimited
2026-02-23 13:46:54.348964 (996120) main____ INFO      open files    : 131072
2026-02-23 13:46:54.348969 (996120) main____ INFO      file size     : unlimited
2026-02-23 13:46:54.348973 (996120) main____ INFO    ----------------------------------------
2026-02-23 13:46:54.348978 (996120) main____ INFO    Memory statistics:
2026-02-23 13:46:54.348983 (996120) main____ INFO      total physical memory  : 1584164328 kB
2026-02-23 13:46:54.348988 (996120) main____ INFO      free physical memory   : 736123844 kB
2026-02-23 13:46:54.348992 (996120) main____ INFO      committed address space: 747266724 kB
2026-02-23 13:46:54.348997 (996120) main____ INFO    ----------------------------------------
2026-02-23 13:46:54.349517 (996120) main____ INFO    Important environment variables:
2026-02-23 13:46:54.349531 (996120) main____ INFO      JASPER_HOME       : '/usr/licensed/cadence-20210126/jasper_2021.03'
2026-02-23 13:46:54.349537 (996120) main____ INFO      JASPER_INSTALL_DIR: '/scratch/gpfs/LICENSED/x86_64/cadence-20210126/jasper_2021.03'
2026-02-23 13:46:54.349543 (996120) main____ INFO      LANG              : 'en_US.UTF-8'
2026-02-23 13:46:54.349548 (996120) main____ INFO      LM_LICENSE_FILE   : '5280@license.rc.princeton.edu'
2026-02-23 13:46:54.349553 (996120) main____ INFO      TMPDIR            : '/tmp/ab2113/jg_5018914_42'
2026-02-23 13:46:54.349558 (996120) main____ INFO    ----------------------------------------
2026-02-23 13:46:54.350139 (996120) lic_core INFO    Initializing license system ...
2026-02-23 13:46:54.350703 (996120) lic_core INFO    ... license system initialized.
2026-02-23 13:46:54.351529 (996120) lic__man INFO    Claim 'fpv' for <ui>.
2026-02-23 13:46:54.351565 (996120) lic_core INFO    (1) checking out 'jasper_fpv' ...
2026-02-23 13:46:54.357453 (996120) lic_core INFO    ... (1) checkout failed (error: -5) ("FLEXnet ERROR(-5, 0, 0): No such feature exists.")
2026-02-23 13:46:54.357498 (996120) lic_core INFO    (2) checking out 'jasper_fao' ...
2026-02-23 13:46:54.366745 (996120) lic_core INFO    ... (2) checkout succeeded
2026-02-23 13:46:54.378918 (996120) session_ INFO    Starting analysis session with session id 'session_0' (launcher: <local>) ...
2026-02-23 13:46:54.382640 (996120) session_ INFO    Analysis session with session id 'session_0' started (pid: 996128)
2026-02-23 13:46:55.060695 (996120) session_ INFO    Analysis session 'session_0' connected to the console (host: 127.0.0.1:36556)
2026-02-23 13:46:55.870947 (996120) lic__man INFO    Unclaim everything for 'session_0'.
2026-02-23 13:46:55.950896 (996120) main____ INFO    About to exit: request to exit with status 3 received from analysis session 'session_0'
2026-02-23 13:46:56.015758 (996120) session_ INFO    Analysis session 'session_0' disconnected.
2026-02-23 13:46:56.015937 (996120) lic__man INFO    Unclaim everything for 'session_0'.
2026-02-23 13:46:56.016639 (996120) session_ INFO    Process for analysis session 'session_0' has exited with exit status '3'.
2026-02-23 13:46:58.062297 (996120) lic_core INFO    (2) checkin jasper_fao
2026-02-23 13:46:58.064129 (996120) main____ INFO    Exiting with status 3.
