2026-02-23 13:58:44.347677 (533914) main____ INFO    ----------------------------------------
2026-02-23 13:58:44.347754 (533914) main____ INFO    JasperGold version info
2026-02-23 13:58:44.347771 (533914) main____ INFO      tool      : JasperGold 2021.03
2026-02-23 13:58:44.347779 (533914) main____ INFO      version   : 2021.03 FCS 64 bits
2026-02-23 13:58:44.347783 (533914) main____ INFO      build date: 2021.03.23 02:50:43 UTC
2026-02-23 13:58:44.347788 (533914) main____ INFO    ----------------------------------------
2026-02-23 13:58:44.347791 (533914) main____ INFO    Runtime info:
2026-02-23 13:58:44.347796 (533914) main____ INFO      platform  : Linux 5.14.0-570.84.1.el9_6.x86_64 x86_64
2026-02-23 13:58:44.347801 (533914) main____ INFO      hostname  : della-r3c2n9
2026-02-23 13:58:44.347806 (533914) main____ INFO      pid       : 533914
2026-02-23 13:58:44.347810 (533914) main____ INFO      arguments : '-style' 'windows' '-batch' '-proj' './verification_results/04362/jgproject' '-tcl' './jasper_verif_check.tcl'
2026-02-23 13:58:44.347818 (533914) main____ INFO      locale    : UTF-8
2026-02-23 13:58:44.347823 (533914) main____ INFO    ----------------------------------------
2026-02-23 13:58:44.347827 (533914) main____ INFO    System resource limits info:
2026-02-23 13:58:44.347831 (533914) main____ INFO      virtual memory: unlimited
2026-02-23 13:58:44.347840 (533914) main____ INFO      cpu time      : unlimited
2026-02-23 13:58:44.347845 (533914) main____ INFO      stack size    : unlimited
2026-02-23 13:58:44.347849 (533914) main____ INFO      core file size: unlimited
2026-02-23 13:58:44.347855 (533914) main____ INFO      open files    : 131072
2026-02-23 13:58:44.347859 (533914) main____ INFO      file size     : unlimited
2026-02-23 13:58:44.347863 (533914) main____ INFO    ----------------------------------------
2026-02-23 13:58:44.347867 (533914) main____ INFO    Memory statistics:
2026-02-23 13:58:44.347872 (533914) main____ INFO      total physical memory  : 195972072 kB
2026-02-23 13:58:44.347876 (533914) main____ INFO      free physical memory   : 68399056 kB
2026-02-23 13:58:44.347879 (533914) main____ INFO      committed address space: 62462380 kB
2026-02-23 13:58:44.347883 (533914) main____ INFO    ----------------------------------------
2026-02-23 13:58:44.348831 (533914) main____ INFO    Important environment variables:
2026-02-23 13:58:44.348851 (533914) main____ INFO      JASPER_HOME       : '/usr/licensed/cadence-20210126/jasper_2021.03'
2026-02-23 13:58:44.348858 (533914) main____ INFO      JASPER_INSTALL_DIR: '/scratch/gpfs/LICENSED/x86_64/cadence-20210126/jasper_2021.03'
2026-02-23 13:58:44.348863 (533914) main____ INFO      LANG              : 'en_US.UTF-8'
2026-02-23 13:58:44.348868 (533914) main____ INFO      LM_LICENSE_FILE   : '5280@license.rc.princeton.edu'
2026-02-23 13:58:44.348873 (533914) main____ INFO      TMPDIR            : '/tmp/ab2113/jg_5019136_79'
2026-02-23 13:58:44.348877 (533914) main____ INFO    ----------------------------------------
2026-02-23 13:58:44.349630 (533914) lic_core INFO    Initializing license system ...
2026-02-23 13:58:44.350403 (533914) lic_core INFO    ... license system initialized.
2026-02-23 13:58:44.351122 (533914) lic__man INFO    Claim 'fpv' for <ui>.
2026-02-23 13:58:44.351160 (533914) lic_core INFO    (1) checking out 'jasper_fpv' ...
2026-02-23 13:58:44.356480 (533914) lic_core INFO    ... (1) checkout failed (error: -5) ("FLEXnet ERROR(-5, 0, 0): No such feature exists.")
2026-02-23 13:58:44.356521 (533914) lic_core INFO    (2) checking out 'jasper_fao' ...
2026-02-23 13:58:44.366974 (533914) lic_core INFO    ... (2) checkout succeeded
2026-02-23 13:58:44.381168 (533914) session_ INFO    Starting analysis session with session id 'session_0' (launcher: <local>) ...
2026-02-23 13:58:44.383964 (533914) session_ INFO    Analysis session with session id 'session_0' started (pid: 533922)
2026-02-23 13:58:45.047733 (533914) session_ INFO    Analysis session 'session_0' connected to the console (host: 127.0.0.1:49420)
2026-02-23 13:58:45.873891 (533914) lic__man INFO    Unclaim everything for 'session_0'.
2026-02-23 13:58:45.916315 (533914) lic__man INFO    Claim 'fpv' for 'session_0'.
2026-02-23 13:58:45.916355 (533914) lic__man INFO    Claim 'fpv' for 'session_0/prove-0'.
2026-02-23 13:58:46.042874 (533914) lic__man INFO    Unclaim everything for 'session_0/prove-0'.
2026-02-23 13:58:46.092924 (533914) main____ INFO    About to exit: request to exit with status 0 received from analysis session 'session_0'
2026-02-23 13:58:46.171778 (533914) session_ INFO    Analysis session 'session_0' disconnected.
2026-02-23 13:58:46.171900 (533914) lic__man INFO    Unclaim everything for 'session_0'.
2026-02-23 13:58:46.172292 (533914) session_ INFO    Process for analysis session 'session_0' has exited with exit status '0'.
2026-02-23 13:58:48.126431 (533914) lic_core INFO    (2) checkin jasper_fao
2026-02-23 13:58:48.127883 (533914) main____ INFO    Exiting with status 0.
