2026-02-23 13:41:24.377310 (1138581) main____ INFO    ----------------------------------------
2026-02-23 13:41:24.377421 (1138581) main____ INFO    JasperGold version info
2026-02-23 13:41:24.377441 (1138581) main____ INFO      tool      : JasperGold 2021.03
2026-02-23 13:41:24.377450 (1138581) main____ INFO      version   : 2021.03 FCS 64 bits
2026-02-23 13:41:24.377455 (1138581) main____ INFO      build date: 2021.03.23 02:50:43 UTC
2026-02-23 13:41:24.377459 (1138581) main____ INFO    ----------------------------------------
2026-02-23 13:41:24.377463 (1138581) main____ INFO    Runtime info:
2026-02-23 13:41:24.377467 (1138581) main____ INFO      platform  : Linux 5.14.0-570.84.1.el9_6.x86_64 x86_64
2026-02-23 13:41:24.377473 (1138581) main____ INFO      hostname  : della-i13n20
2026-02-23 13:41:24.377477 (1138581) main____ INFO      pid       : 1138581
2026-02-23 13:41:24.377482 (1138581) main____ INFO      arguments : '-style' 'windows' '-batch' '-proj' './verification_results/01433/jgproject' '-tcl' './jasper_verif_check.tcl'
2026-02-23 13:41:24.377491 (1138581) main____ INFO      locale    : UTF-8
2026-02-23 13:41:24.377495 (1138581) main____ INFO    ----------------------------------------
2026-02-23 13:41:24.377498 (1138581) main____ INFO    System resource limits info:
2026-02-23 13:41:24.377503 (1138581) main____ INFO      virtual memory: unlimited
2026-02-23 13:41:24.377507 (1138581) main____ INFO      cpu time      : unlimited
2026-02-23 13:41:24.377511 (1138581) main____ INFO      stack size    : unlimited
2026-02-23 13:41:24.377515 (1138581) main____ INFO      core file size: unlimited
2026-02-23 13:41:24.377523 (1138581) main____ INFO      open files    : 131072
2026-02-23 13:41:24.377527 (1138581) main____ INFO      file size     : unlimited
2026-02-23 13:41:24.377531 (1138581) main____ INFO    ----------------------------------------
2026-02-23 13:41:24.377535 (1138581) main____ INFO    Memory statistics:
2026-02-23 13:41:24.377540 (1138581) main____ INFO      total physical memory  : 394157552 kB
2026-02-23 13:41:24.377544 (1138581) main____ INFO      free physical memory   : 168877396 kB
2026-02-23 13:41:24.377547 (1138581) main____ INFO      committed address space: 144867804 kB
2026-02-23 13:41:24.377551 (1138581) main____ INFO    ----------------------------------------
2026-02-23 13:41:24.378498 (1138581) main____ INFO    Important environment variables:
2026-02-23 13:41:24.378522 (1138581) main____ INFO      JASPER_HOME       : '/usr/licensed/cadence-20210126/jasper_2021.03'
2026-02-23 13:41:24.378528 (1138581) main____ INFO      JASPER_INSTALL_DIR: '/scratch/gpfs/LICENSED/x86_64/cadence-20210126/jasper_2021.03'
2026-02-23 13:41:24.378533 (1138581) main____ INFO      LANG              : 'en_US.UTF-8'
2026-02-23 13:41:24.378538 (1138581) main____ INFO      LM_LICENSE_FILE   : '5280@license.rc.princeton.edu'
2026-02-23 13:41:24.378543 (1138581) main____ INFO      TMPDIR            : '/tmp/ab2113/jg_5018835_21'
2026-02-23 13:41:24.378547 (1138581) main____ INFO    ----------------------------------------
2026-02-23 13:41:24.379489 (1138581) lic_core INFO    Initializing license system ...
2026-02-23 13:41:24.380401 (1138581) lic_core INFO    ... license system initialized.
2026-02-23 13:41:24.381210 (1138581) lic__man INFO    Claim 'fpv' for <ui>.
2026-02-23 13:41:24.381256 (1138581) lic_core INFO    (1) checking out 'jasper_fpv' ...
2026-02-23 13:41:24.387367 (1138581) lic_core INFO    ... (1) checkout failed (error: -5) ("FLEXnet ERROR(-5, 0, 0): No such feature exists.")
2026-02-23 13:41:24.387427 (1138581) lic_core INFO    (2) checking out 'jasper_fao' ...
2026-02-23 13:41:24.397801 (1138581) lic_core INFO    ... (2) checkout succeeded
2026-02-23 13:41:24.412235 (1138581) session_ INFO    Starting analysis session with session id 'session_0' (launcher: <local>) ...
2026-02-23 13:41:24.415251 (1138581) session_ INFO    Analysis session with session id 'session_0' started (pid: 1138589)
2026-02-23 13:41:25.140133 (1138581) session_ INFO    Analysis session 'session_0' connected to the console (host: 127.0.0.1:51944)
2026-02-23 13:41:25.974771 (1138581) lic__man INFO    Unclaim everything for 'session_0'.
2026-02-23 13:41:26.051173 (1138581) lic__man INFO    Claim 'fpv' for 'session_0'.
2026-02-23 13:41:26.051230 (1138581) lic__man INFO    Claim 'fpv' for 'session_0/prove-0'.
2026-02-23 13:41:26.198231 (1138581) lic__man INFO    Unclaim everything for 'session_0/prove-0'.
2026-02-23 13:41:26.255225 (1138581) main____ INFO    About to exit: request to exit with status 0 received from analysis session 'session_0'
2026-02-23 13:41:26.356233 (1138581) session_ INFO    Analysis session 'session_0' disconnected.
2026-02-23 13:41:26.356372 (1138581) lic__man INFO    Unclaim everything for 'session_0'.
2026-02-23 13:41:26.356991 (1138581) session_ INFO    Process for analysis session 'session_0' has exited with exit status '0'.
2026-02-23 13:41:28.162412 (1138581) lic_core INFO    (2) checkin jasper_fao
2026-02-23 13:41:28.163996 (1138581) main____ INFO    Exiting with status 0.
