2026-02-23 13:53:56.115951 (4192723) main____ INFO    ----------------------------------------
2026-02-23 13:53:56.116054 (4192723) main____ INFO    JasperGold version info
2026-02-23 13:53:56.116072 (4192723) main____ INFO      tool      : JasperGold 2021.03
2026-02-23 13:53:56.116082 (4192723) main____ INFO      version   : 2021.03 FCS 64 bits
2026-02-23 13:53:56.116087 (4192723) main____ INFO      build date: 2021.03.23 02:50:43 UTC
2026-02-23 13:53:56.116091 (4192723) main____ INFO    ----------------------------------------
2026-02-23 13:53:56.116095 (4192723) main____ INFO    Runtime info:
2026-02-23 13:53:56.116100 (4192723) main____ INFO      platform  : Linux 5.14.0-570.84.1.el9_6.x86_64 x86_64
2026-02-23 13:53:56.116105 (4192723) main____ INFO      hostname  : della-r3c2n6
2026-02-23 13:53:56.116110 (4192723) main____ INFO      pid       : 4192723
2026-02-23 13:53:56.116114 (4192723) main____ INFO      arguments : '-style' 'windows' '-batch' '-proj' './verification_results/04014/jgproject' '-tcl' './jasper_verif_check.tcl'
2026-02-23 13:53:56.116122 (4192723) main____ INFO      locale    : UTF-8
2026-02-23 13:53:56.116126 (4192723) main____ INFO    ----------------------------------------
2026-02-23 13:53:56.116130 (4192723) main____ INFO    System resource limits info:
2026-02-23 13:53:56.116134 (4192723) main____ INFO      virtual memory: unlimited
2026-02-23 13:53:56.116139 (4192723) main____ INFO      cpu time      : unlimited
2026-02-23 13:53:56.116143 (4192723) main____ INFO      stack size    : unlimited
2026-02-23 13:53:56.116147 (4192723) main____ INFO      core file size: unlimited
2026-02-23 13:53:56.116154 (4192723) main____ INFO      open files    : 131072
2026-02-23 13:53:56.116158 (4192723) main____ INFO      file size     : unlimited
2026-02-23 13:53:56.116162 (4192723) main____ INFO    ----------------------------------------
2026-02-23 13:53:56.116166 (4192723) main____ INFO    Memory statistics:
2026-02-23 13:53:56.116171 (4192723) main____ INFO      total physical memory  : 195972160 kB
2026-02-23 13:53:56.116175 (4192723) main____ INFO      free physical memory   : 137772808 kB
2026-02-23 13:53:56.116179 (4192723) main____ INFO      committed address space: 47302740 kB
2026-02-23 13:53:56.116183 (4192723) main____ INFO    ----------------------------------------
2026-02-23 13:53:56.117163 (4192723) main____ INFO    Important environment variables:
2026-02-23 13:53:56.117185 (4192723) main____ INFO      JASPER_HOME       : '/usr/licensed/cadence-20210126/jasper_2021.03'
2026-02-23 13:53:56.117192 (4192723) main____ INFO      JASPER_INSTALL_DIR: '/scratch/gpfs/LICENSED/x86_64/cadence-20210126/jasper_2021.03'
2026-02-23 13:53:56.117202 (4192723) main____ INFO      LANG              : 'en_US.UTF-8'
2026-02-23 13:53:56.117208 (4192723) main____ INFO      LM_LICENSE_FILE   : '5280@license.rc.princeton.edu'
2026-02-23 13:53:56.117213 (4192723) main____ INFO      TMPDIR            : '/tmp/ab2113/jg_5019092_73'
2026-02-23 13:53:56.117217 (4192723) main____ INFO    ----------------------------------------
2026-02-23 13:53:56.117698 (4192723) lic_core INFO    Initializing license system ...
2026-02-23 13:53:56.118566 (4192723) lic_core INFO    ... license system initialized.
2026-02-23 13:53:56.119375 (4192723) lic__man INFO    Claim 'fpv' for <ui>.
2026-02-23 13:53:56.119416 (4192723) lic_core INFO    (1) checking out 'jasper_fpv' ...
2026-02-23 13:53:56.125411 (4192723) lic_core INFO    ... (1) checkout failed (error: -5) ("FLEXnet ERROR(-5, 0, 0): No such feature exists.")
2026-02-23 13:53:56.125467 (4192723) lic_core INFO    (2) checking out 'jasper_fao' ...
2026-02-23 13:53:56.136373 (4192723) lic_core INFO    ... (2) checkout succeeded
2026-02-23 13:53:56.152283 (4192723) session_ INFO    Starting analysis session with session id 'session_0' (launcher: <local>) ...
2026-02-23 13:53:56.155163 (4192723) session_ INFO    Analysis session with session id 'session_0' started (pid: 4192733)
2026-02-23 13:53:56.861295 (4192723) session_ INFO    Analysis session 'session_0' connected to the console (host: 127.0.0.1:36466)
2026-02-23 13:53:57.781313 (4192723) main____ INFO    About to exit: request to exit with status 1 received from analysis session 'session_0'
2026-02-23 13:53:57.853949 (4192723) session_ INFO    Analysis session 'session_0' disconnected.
2026-02-23 13:53:57.854081 (4192723) lic__man INFO    Unclaim everything for 'session_0'.
2026-02-23 13:53:57.854463 (4192723) session_ INFO    Process for analysis session 'session_0' has exited with exit status '1'.
2026-02-23 13:53:59.714822 (4192723) lic_core INFO    (2) checkin jasper_fao
2026-02-23 13:53:59.716305 (4192723) main____ INFO    Exiting with status 1.
