2026-02-23 13:59:06.379131 (2936252) main____ INFO    ----------------------------------------
2026-02-23 13:59:06.379231 (2936252) main____ INFO    JasperGold version info
2026-02-23 13:59:06.379246 (2936252) main____ INFO      tool      : JasperGold 2021.03
2026-02-23 13:59:06.379254 (2936252) main____ INFO      version   : 2021.03 FCS 64 bits
2026-02-23 13:59:06.379258 (2936252) main____ INFO      build date: 2021.03.23 02:50:43 UTC
2026-02-23 13:59:06.379262 (2936252) main____ INFO    ----------------------------------------
2026-02-23 13:59:06.379266 (2936252) main____ INFO    Runtime info:
2026-02-23 13:59:06.379269 (2936252) main____ INFO      platform  : Linux 5.14.0-570.84.1.el9_6.x86_64 x86_64
2026-02-23 13:59:06.379275 (2936252) main____ INFO      hostname  : della-h12n18
2026-02-23 13:59:06.379279 (2936252) main____ INFO      pid       : 2936252
2026-02-23 13:59:06.379283 (2936252) main____ INFO      arguments : '-style' 'windows' '-batch' '-proj' './verification_results/04664/jgproject' '-tcl' './jasper_verif_check.tcl'
2026-02-23 13:59:06.379290 (2936252) main____ INFO      locale    : UTF-8
2026-02-23 13:59:06.379294 (2936252) main____ INFO    ----------------------------------------
2026-02-23 13:59:06.379297 (2936252) main____ INFO    System resource limits info:
2026-02-23 13:59:06.379301 (2936252) main____ INFO      virtual memory: unlimited
2026-02-23 13:59:06.379304 (2936252) main____ INFO      cpu time      : unlimited
2026-02-23 13:59:06.379307 (2936252) main____ INFO      stack size    : unlimited
2026-02-23 13:59:06.379311 (2936252) main____ INFO      core file size: unlimited
2026-02-23 13:59:06.379317 (2936252) main____ INFO      open files    : 131072
2026-02-23 13:59:06.379320 (2936252) main____ INFO      file size     : unlimited
2026-02-23 13:59:06.379324 (2936252) main____ INFO    ----------------------------------------
2026-02-23 13:59:06.379327 (2936252) main____ INFO    Memory statistics:
2026-02-23 13:59:06.379330 (2936252) main____ INFO      total physical memory  : 1055795796 kB
2026-02-23 13:59:06.379334 (2936252) main____ INFO      free physical memory   : 289294836 kB
2026-02-23 13:59:06.379337 (2936252) main____ INFO      committed address space: 427852132 kB
2026-02-23 13:59:06.379341 (2936252) main____ INFO    ----------------------------------------
2026-02-23 13:59:06.380149 (2936252) main____ INFO    Important environment variables:
2026-02-23 13:59:06.380173 (2936252) main____ INFO      JASPER_HOME       : '/usr/licensed/cadence-20210126/jasper_2021.03'
2026-02-23 13:59:06.380180 (2936252) main____ INFO      JASPER_INSTALL_DIR: '/scratch/gpfs/LICENSED/x86_64/cadence-20210126/jasper_2021.03'
2026-02-23 13:59:06.380184 (2936252) main____ INFO      LANG              : 'en_US.UTF-8'
2026-02-23 13:59:06.380189 (2936252) main____ INFO      LM_LICENSE_FILE   : '5280@license.rc.princeton.edu'
2026-02-23 13:59:06.380193 (2936252) main____ INFO      TMPDIR            : '/tmp/ab2113/jg_5019197_86'
2026-02-23 13:59:06.380197 (2936252) main____ INFO    ----------------------------------------
2026-02-23 13:59:06.380644 (2936252) lic_core INFO    Initializing license system ...
2026-02-23 13:59:06.381290 (2936252) lic_core INFO    ... license system initialized.
2026-02-23 13:59:06.382165 (2936252) lic__man INFO    Claim 'fpv' for <ui>.
2026-02-23 13:59:06.382198 (2936252) lic_core INFO    (1) checking out 'jasper_fpv' ...
2026-02-23 13:59:06.388365 (2936252) lic_core INFO    ... (1) checkout failed (error: -5) ("FLEXnet ERROR(-5, 0, 0): No such feature exists.")
2026-02-23 13:59:06.388437 (2936252) lic_core INFO    (2) checking out 'jasper_fao' ...
2026-02-23 13:59:06.400622 (2936252) lic_core INFO    ... (2) checkout succeeded
2026-02-23 13:59:06.416184 (2936252) session_ INFO    Starting analysis session with session id 'session_0' (launcher: <local>) ...
2026-02-23 13:59:06.419475 (2936252) session_ INFO    Analysis session with session id 'session_0' started (pid: 2936287)
2026-02-23 13:59:07.181491 (2936252) session_ INFO    Analysis session 'session_0' connected to the console (host: 127.0.0.1:36666)
2026-02-23 13:59:07.995118 (2936252) lic__man INFO    Unclaim everything for 'session_0'.
2026-02-23 13:59:08.058752 (2936252) lic__man INFO    Claim 'fpv' for 'session_0'.
2026-02-23 13:59:08.058795 (2936252) lic__man INFO    Claim 'fpv' for 'session_0/prove-0'.
2026-02-23 13:59:08.308236 (2936252) lic__man INFO    Unclaim everything for 'session_0/prove-0'.
2026-02-23 13:59:08.363535 (2936252) main____ INFO    About to exit: request to exit with status 0 received from analysis session 'session_0'
2026-02-23 13:59:08.434306 (2936252) session_ INFO    Analysis session 'session_0' disconnected.
2026-02-23 13:59:08.434429 (2936252) lic__man INFO    Unclaim everything for 'session_0'.
2026-02-23 13:59:08.435335 (2936252) session_ INFO    Process for analysis session 'session_0' has exited with exit status '0'.
2026-02-23 13:59:10.467893 (2936252) lic_core INFO    (2) checkin jasper_fao
2026-02-23 13:59:10.469595 (2936252) main____ INFO    Exiting with status 0.
