2026-02-23 14:13:57.735936 (4194247) main____ INFO    ----------------------------------------
2026-02-23 14:13:57.736016 (4194247) main____ INFO    JasperGold version info
2026-02-23 14:13:57.736034 (4194247) main____ INFO      tool      : JasperGold 2021.03
2026-02-23 14:13:57.736043 (4194247) main____ INFO      version   : 2021.03 FCS 64 bits
2026-02-23 14:13:57.736049 (4194247) main____ INFO      build date: 2021.03.23 02:50:43 UTC
2026-02-23 14:13:57.736053 (4194247) main____ INFO    ----------------------------------------
2026-02-23 14:13:57.736058 (4194247) main____ INFO    Runtime info:
2026-02-23 14:13:57.736064 (4194247) main____ INFO      platform  : Linux 5.14.0-570.84.1.el9_6.x86_64 x86_64
2026-02-23 14:13:57.736070 (4194247) main____ INFO      hostname  : della-h14n1
2026-02-23 14:13:57.736075 (4194247) main____ INFO      pid       : 4194247
2026-02-23 14:13:57.736080 (4194247) main____ INFO      arguments : '-style' 'windows' '-batch' '-proj' './verification_results/02546/jgproject' '-tcl' './jasper_verif_check.tcl'
2026-02-23 14:13:57.736088 (4194247) main____ INFO      locale    : UTF-8
2026-02-23 14:13:57.736093 (4194247) main____ INFO    ----------------------------------------
2026-02-23 14:13:57.736098 (4194247) main____ INFO    System resource limits info:
2026-02-23 14:13:57.736102 (4194247) main____ INFO      virtual memory: unlimited
2026-02-23 14:13:57.736107 (4194247) main____ INFO      cpu time      : unlimited
2026-02-23 14:13:57.736112 (4194247) main____ INFO      stack size    : unlimited
2026-02-23 14:13:57.736116 (4194247) main____ INFO      core file size: unlimited
2026-02-23 14:13:57.736123 (4194247) main____ INFO      open files    : 131072
2026-02-23 14:13:57.736127 (4194247) main____ INFO      file size     : unlimited
2026-02-23 14:13:57.736132 (4194247) main____ INFO    ----------------------------------------
2026-02-23 14:13:57.736136 (4194247) main____ INFO    Memory statistics:
2026-02-23 14:13:57.736141 (4194247) main____ INFO      total physical memory  : 1584164324 kB
2026-02-23 14:13:57.736146 (4194247) main____ INFO      free physical memory   : 759595540 kB
2026-02-23 14:13:57.736150 (4194247) main____ INFO      committed address space: 562676744 kB
2026-02-23 14:13:57.736155 (4194247) main____ INFO    ----------------------------------------
2026-02-23 14:13:57.736680 (4194247) main____ INFO    Important environment variables:
2026-02-23 14:13:57.736692 (4194247) main____ INFO      JASPER_HOME       : '/usr/licensed/cadence-20210126/jasper_2021.03'
2026-02-23 14:13:57.736698 (4194247) main____ INFO      JASPER_INSTALL_DIR: '/scratch/gpfs/LICENSED/x86_64/cadence-20210126/jasper_2021.03'
2026-02-23 14:13:57.736704 (4194247) main____ INFO      LANG              : 'en_US.UTF-8'
2026-02-23 14:13:57.736709 (4194247) main____ INFO      LM_LICENSE_FILE   : '5280@license.rc.princeton.edu'
2026-02-23 14:13:57.736714 (4194247) main____ INFO      TMPDIR            : '/tmp/ab2113/jg_5018921_43'
2026-02-23 14:13:57.736719 (4194247) main____ INFO    ----------------------------------------
2026-02-23 14:13:57.737182 (4194247) lic_core INFO    Initializing license system ...
2026-02-23 14:13:57.737684 (4194247) lic_core INFO    ... license system initialized.
2026-02-23 14:13:57.738428 (4194247) lic__man INFO    Claim 'fpv' for <ui>.
2026-02-23 14:13:57.738459 (4194247) lic_core INFO    (1) checking out 'jasper_fpv' ...
2026-02-23 14:13:57.744489 (4194247) lic_core INFO    ... (1) checkout failed (error: -5) ("FLEXnet ERROR(-5, 0, 0): No such feature exists.")
2026-02-23 14:13:57.744516 (4194247) lic_core INFO    (2) checking out 'jasper_fao' ...
2026-02-23 14:13:57.753054 (4194247) lic_core INFO    ... (2) checkout succeeded
2026-02-23 14:13:57.763345 (4194247) session_ INFO    Starting analysis session with session id 'session_0' (launcher: <local>) ...
2026-02-23 14:13:57.766116 (4194247) session_ INFO    Analysis session with session id 'session_0' started (pid: 4194256)
2026-02-23 14:13:58.318834 (4194247) session_ INFO    Analysis session 'session_0' connected to the console (host: 127.0.0.1:47068)
2026-02-23 14:13:59.080795 (4194247) lic__man INFO    Unclaim everything for 'session_0'.
2026-02-23 14:13:59.135761 (4194247) main____ INFO    About to exit: request to exit with status 3 received from analysis session 'session_0'
2026-02-23 14:13:59.191793 (4194247) session_ INFO    Analysis session 'session_0' disconnected.
2026-02-23 14:13:59.191945 (4194247) lic__man INFO    Unclaim everything for 'session_0'.
2026-02-23 14:13:59.192873 (4194247) session_ INFO    Process for analysis session 'session_0' has exited with exit status '3'.
2026-02-23 14:14:01.041307 (4194247) lic_core INFO    (2) checkin jasper_fao
2026-02-23 14:14:01.042771 (4194247) main____ INFO    Exiting with status 3.
