2026-02-23 13:54:31.338700 (1955341) main____ INFO    ----------------------------------------
2026-02-23 13:54:31.338775 (1955341) main____ INFO    JasperGold version info
2026-02-23 13:54:31.338790 (1955341) main____ INFO      tool      : JasperGold 2021.03
2026-02-23 13:54:31.338798 (1955341) main____ INFO      version   : 2021.03 FCS 64 bits
2026-02-23 13:54:31.338803 (1955341) main____ INFO      build date: 2021.03.23 02:50:43 UTC
2026-02-23 13:54:31.338807 (1955341) main____ INFO    ----------------------------------------
2026-02-23 13:54:31.338812 (1955341) main____ INFO    Runtime info:
2026-02-23 13:54:31.338816 (1955341) main____ INFO      platform  : Linux 5.14.0-570.84.1.el9_6.x86_64 x86_64
2026-02-23 13:54:31.338822 (1955341) main____ INFO      hostname  : della-r3c1n5
2026-02-23 13:54:31.338827 (1955341) main____ INFO      pid       : 1955341
2026-02-23 13:54:31.338831 (1955341) main____ INFO      arguments : '-style' 'windows' '-batch' '-proj' './verification_results/03932/jgproject' '-tcl' './jasper_verif_check.tcl'
2026-02-23 13:54:31.338840 (1955341) main____ INFO      locale    : UTF-8
2026-02-23 13:54:31.338844 (1955341) main____ INFO    ----------------------------------------
2026-02-23 13:54:31.338848 (1955341) main____ INFO    System resource limits info:
2026-02-23 13:54:31.338852 (1955341) main____ INFO      virtual memory: unlimited
2026-02-23 13:54:31.338857 (1955341) main____ INFO      cpu time      : unlimited
2026-02-23 13:54:31.338861 (1955341) main____ INFO      stack size    : unlimited
2026-02-23 13:54:31.338865 (1955341) main____ INFO      core file size: unlimited
2026-02-23 13:54:31.338872 (1955341) main____ INFO      open files    : 131072
2026-02-23 13:54:31.338876 (1955341) main____ INFO      file size     : unlimited
2026-02-23 13:54:31.338880 (1955341) main____ INFO    ----------------------------------------
2026-02-23 13:54:31.338884 (1955341) main____ INFO    Memory statistics:
2026-02-23 13:54:31.338889 (1955341) main____ INFO      total physical memory  : 195972056 kB
2026-02-23 13:54:31.338893 (1955341) main____ INFO      free physical memory   : 133993976 kB
2026-02-23 13:54:31.338897 (1955341) main____ INFO      committed address space: 56901576 kB
2026-02-23 13:54:31.338901 (1955341) main____ INFO    ----------------------------------------
2026-02-23 13:54:31.339913 (1955341) main____ INFO    Important environment variables:
2026-02-23 13:54:31.339928 (1955341) main____ INFO      JASPER_HOME       : '/usr/licensed/cadence-20210126/jasper_2021.03'
2026-02-23 13:54:31.339934 (1955341) main____ INFO      JASPER_INSTALL_DIR: '/scratch/gpfs/LICENSED/x86_64/cadence-20210126/jasper_2021.03'
2026-02-23 13:54:31.339940 (1955341) main____ INFO      LANG              : 'en_US.UTF-8'
2026-02-23 13:54:31.339945 (1955341) main____ INFO      LM_LICENSE_FILE   : '5280@license.rc.princeton.edu'
2026-02-23 13:54:31.339950 (1955341) main____ INFO      TMPDIR            : '/tmp/ab2113/jg_5019080_71'
2026-02-23 13:54:31.339955 (1955341) main____ INFO    ----------------------------------------
2026-02-23 13:54:31.340828 (1955341) lic_core INFO    Initializing license system ...
2026-02-23 13:54:31.341638 (1955341) lic_core INFO    ... license system initialized.
2026-02-23 13:54:31.342374 (1955341) lic__man INFO    Claim 'fpv' for <ui>.
2026-02-23 13:54:31.342412 (1955341) lic_core INFO    (1) checking out 'jasper_fpv' ...
2026-02-23 13:54:31.347662 (1955341) lic_core INFO    ... (1) checkout failed (error: -5) ("FLEXnet ERROR(-5, 0, 0): No such feature exists.")
2026-02-23 13:54:31.347690 (1955341) lic_core INFO    (2) checking out 'jasper_fao' ...
2026-02-23 13:54:31.358496 (1955341) lic_core INFO    ... (2) checkout succeeded
2026-02-23 13:54:31.373450 (1955341) session_ INFO    Starting analysis session with session id 'session_0' (launcher: <local>) ...
2026-02-23 13:54:31.376509 (1955341) session_ INFO    Analysis session with session id 'session_0' started (pid: 1955349)
2026-02-23 13:54:32.085017 (1955341) session_ INFO    Analysis session 'session_0' connected to the console (host: 127.0.0.1:55528)
2026-02-23 13:54:32.671234 (1955341) main____ INFO    About to exit: request to exit with status 1 received from analysis session 'session_0'
2026-02-23 13:54:32.750704 (1955341) session_ INFO    Analysis session 'session_0' disconnected.
2026-02-23 13:54:32.750836 (1955341) lic__man INFO    Unclaim everything for 'session_0'.
2026-02-23 13:54:32.751283 (1955341) session_ INFO    Process for analysis session 'session_0' has exited with exit status '1'.
2026-02-23 13:54:34.594075 (1955341) lic_core INFO    (2) checkin jasper_fao
2026-02-23 13:54:34.595553 (1955341) main____ INFO    Exiting with status 1.
