2026-02-23 13:50:24.286287 (2389004) main____ INFO    ----------------------------------------
2026-02-23 13:50:24.286386 (2389004) main____ INFO    JasperGold version info
2026-02-23 13:50:24.286407 (2389004) main____ INFO      tool      : JasperGold 2021.03
2026-02-23 13:50:24.286415 (2389004) main____ INFO      version   : 2021.03 FCS 64 bits
2026-02-23 13:50:24.286421 (2389004) main____ INFO      build date: 2021.03.23 02:50:43 UTC
2026-02-23 13:50:24.286426 (2389004) main____ INFO    ----------------------------------------
2026-02-23 13:50:24.286431 (2389004) main____ INFO    Runtime info:
2026-02-23 13:50:24.286436 (2389004) main____ INFO      platform  : Linux 5.14.0-570.84.1.el9_6.x86_64 x86_64
2026-02-23 13:50:24.286442 (2389004) main____ INFO      hostname  : della-h14n8
2026-02-23 13:50:24.286448 (2389004) main____ INFO      pid       : 2389004
2026-02-23 13:50:24.286453 (2389004) main____ INFO      arguments : '-style' 'windows' '-batch' '-proj' './verification_results/03005/jgproject' '-tcl' './jasper_verif_check.tcl'
2026-02-23 13:50:24.286462 (2389004) main____ INFO      locale    : UTF-8
2026-02-23 13:50:24.286468 (2389004) main____ INFO    ----------------------------------------
2026-02-23 13:50:24.286473 (2389004) main____ INFO    System resource limits info:
2026-02-23 13:50:24.286478 (2389004) main____ INFO      virtual memory: unlimited
2026-02-23 13:50:24.286483 (2389004) main____ INFO      cpu time      : unlimited
2026-02-23 13:50:24.286489 (2389004) main____ INFO      stack size    : unlimited
2026-02-23 13:50:24.286494 (2389004) main____ INFO      core file size: unlimited
2026-02-23 13:50:24.286501 (2389004) main____ INFO      open files    : 131072
2026-02-23 13:50:24.286507 (2389004) main____ INFO      file size     : unlimited
2026-02-23 13:50:24.286512 (2389004) main____ INFO    ----------------------------------------
2026-02-23 13:50:24.286517 (2389004) main____ INFO    Memory statistics:
2026-02-23 13:50:24.286523 (2389004) main____ INFO      total physical memory  : 1584164340 kB
2026-02-23 13:50:24.286529 (2389004) main____ INFO      free physical memory   : 761212288 kB
2026-02-23 13:50:24.286534 (2389004) main____ INFO      committed address space: 504713036 kB
2026-02-23 13:50:24.286539 (2389004) main____ INFO    ----------------------------------------
2026-02-23 13:50:24.287060 (2389004) main____ INFO    Important environment variables:
2026-02-23 13:50:24.287078 (2389004) main____ INFO      JASPER_HOME       : '/usr/licensed/cadence-20210126/jasper_2021.03'
2026-02-23 13:50:24.287084 (2389004) main____ INFO      JASPER_INSTALL_DIR: '/scratch/gpfs/LICENSED/x86_64/cadence-20210126/jasper_2021.03'
2026-02-23 13:50:24.287090 (2389004) main____ INFO      LANG              : 'en_US.UTF-8'
2026-02-23 13:50:24.287095 (2389004) main____ INFO      LM_LICENSE_FILE   : '5280@license.rc.princeton.edu'
2026-02-23 13:50:24.287101 (2389004) main____ INFO      TMPDIR            : '/tmp/ab2113/jg_5018966_52'
2026-02-23 13:50:24.287105 (2389004) main____ INFO    ----------------------------------------
2026-02-23 13:50:24.287691 (2389004) lic_core INFO    Initializing license system ...
2026-02-23 13:50:24.288281 (2389004) lic_core INFO    ... license system initialized.
2026-02-23 13:50:24.289122 (2389004) lic__man INFO    Claim 'fpv' for <ui>.
2026-02-23 13:50:24.289159 (2389004) lic_core INFO    (1) checking out 'jasper_fpv' ...
2026-02-23 13:50:24.295141 (2389004) lic_core INFO    ... (1) checkout failed (error: -5) ("FLEXnet ERROR(-5, 0, 0): No such feature exists.")
2026-02-23 13:50:24.295173 (2389004) lic_core INFO    (2) checking out 'jasper_fao' ...
2026-02-23 13:50:24.304323 (2389004) lic_core INFO    ... (2) checkout succeeded
2026-02-23 13:50:24.316631 (2389004) session_ INFO    Starting analysis session with session id 'session_0' (launcher: <local>) ...
2026-02-23 13:50:24.319729 (2389004) session_ INFO    Analysis session with session id 'session_0' started (pid: 2389012)
2026-02-23 13:50:24.882500 (2389004) session_ INFO    Analysis session 'session_0' connected to the console (host: 127.0.0.1:38658)
2026-02-23 13:50:25.404834 (2389004) main____ INFO    About to exit: request to exit with status 1 received from analysis session 'session_0'
2026-02-23 13:50:25.460503 (2389004) session_ INFO    Analysis session 'session_0' disconnected.
2026-02-23 13:50:25.460664 (2389004) lic__man INFO    Unclaim everything for 'session_0'.
2026-02-23 13:50:25.461768 (2389004) session_ INFO    Process for analysis session 'session_0' has exited with exit status '1'.
2026-02-23 13:50:27.510370 (2389004) lic_core INFO    (2) checkin jasper_fao
2026-02-23 13:50:27.511764 (2389004) main____ INFO    Exiting with status 1.
