2026-02-23 13:55:48.338415 (524758) main____ INFO    ----------------------------------------
2026-02-23 13:55:48.338483 (524758) main____ INFO    JasperGold version info
2026-02-23 13:55:48.338498 (524758) main____ INFO      tool      : JasperGold 2021.03
2026-02-23 13:55:48.338506 (524758) main____ INFO      version   : 2021.03 FCS 64 bits
2026-02-23 13:55:48.338511 (524758) main____ INFO      build date: 2021.03.23 02:50:43 UTC
2026-02-23 13:55:48.338515 (524758) main____ INFO    ----------------------------------------
2026-02-23 13:55:48.338519 (524758) main____ INFO    Runtime info:
2026-02-23 13:55:48.338523 (524758) main____ INFO      platform  : Linux 5.14.0-570.84.1.el9_6.x86_64 x86_64
2026-02-23 13:55:48.338528 (524758) main____ INFO      hostname  : della-r3c2n9
2026-02-23 13:55:48.338533 (524758) main____ INFO      pid       : 524758
2026-02-23 13:55:48.338537 (524758) main____ INFO      arguments : '-style' 'windows' '-batch' '-proj' './verification_results/04265/jgproject' '-tcl' './jasper_verif_check.tcl'
2026-02-23 13:55:48.338544 (524758) main____ INFO      locale    : UTF-8
2026-02-23 13:55:48.338549 (524758) main____ INFO    ----------------------------------------
2026-02-23 13:55:48.338552 (524758) main____ INFO    System resource limits info:
2026-02-23 13:55:48.338557 (524758) main____ INFO      virtual memory: unlimited
2026-02-23 13:55:48.338561 (524758) main____ INFO      cpu time      : unlimited
2026-02-23 13:55:48.338565 (524758) main____ INFO      stack size    : unlimited
2026-02-23 13:55:48.338569 (524758) main____ INFO      core file size: unlimited
2026-02-23 13:55:48.338575 (524758) main____ INFO      open files    : 131072
2026-02-23 13:55:48.338580 (524758) main____ INFO      file size     : unlimited
2026-02-23 13:55:48.338584 (524758) main____ INFO    ----------------------------------------
2026-02-23 13:55:48.338587 (524758) main____ INFO    Memory statistics:
2026-02-23 13:55:48.338592 (524758) main____ INFO      total physical memory  : 195972072 kB
2026-02-23 13:55:48.338596 (524758) main____ INFO      free physical memory   : 69486100 kB
2026-02-23 13:55:48.338599 (524758) main____ INFO      committed address space: 58861300 kB
2026-02-23 13:55:48.338603 (524758) main____ INFO    ----------------------------------------
2026-02-23 13:55:48.339546 (524758) main____ INFO    Important environment variables:
2026-02-23 13:55:48.339560 (524758) main____ INFO      JASPER_HOME       : '/usr/licensed/cadence-20210126/jasper_2021.03'
2026-02-23 13:55:48.339567 (524758) main____ INFO      JASPER_INSTALL_DIR: '/scratch/gpfs/LICENSED/x86_64/cadence-20210126/jasper_2021.03'
2026-02-23 13:55:48.339572 (524758) main____ INFO      LANG              : 'en_US.UTF-8'
2026-02-23 13:55:48.339577 (524758) main____ INFO      LM_LICENSE_FILE   : '5280@license.rc.princeton.edu'
2026-02-23 13:55:48.339582 (524758) main____ INFO      TMPDIR            : '/tmp/ab2113/jg_5019135_78'
2026-02-23 13:55:48.339588 (524758) main____ INFO    ----------------------------------------
2026-02-23 13:55:48.339968 (524758) lic_core INFO    Initializing license system ...
2026-02-23 13:55:48.340701 (524758) lic_core INFO    ... license system initialized.
2026-02-23 13:55:48.341376 (524758) lic__man INFO    Claim 'fpv' for <ui>.
2026-02-23 13:55:48.341410 (524758) lic_core INFO    (1) checking out 'jasper_fpv' ...
2026-02-23 13:55:48.347163 (524758) lic_core INFO    ... (1) checkout failed (error: -5) ("FLEXnet ERROR(-5, 0, 0): No such feature exists.")
2026-02-23 13:55:48.347190 (524758) lic_core INFO    (2) checking out 'jasper_fao' ...
2026-02-23 13:55:48.357413 (524758) lic_core INFO    ... (2) checkout succeeded
2026-02-23 13:55:48.370723 (524758) session_ INFO    Starting analysis session with session id 'session_0' (launcher: <local>) ...
2026-02-23 13:55:48.373452 (524758) session_ INFO    Analysis session with session id 'session_0' started (pid: 524798)
2026-02-23 13:55:48.990829 (524758) session_ INFO    Analysis session 'session_0' connected to the console (host: 127.0.0.1:32980)
2026-02-23 13:55:49.536886 (524758) main____ INFO    About to exit: request to exit with status 1 received from analysis session 'session_0'
2026-02-23 13:55:49.604392 (524758) session_ INFO    Analysis session 'session_0' disconnected.
2026-02-23 13:55:49.604490 (524758) lic__man INFO    Unclaim everything for 'session_0'.
2026-02-23 13:55:49.604905 (524758) session_ INFO    Process for analysis session 'session_0' has exited with exit status '1'.
2026-02-23 13:55:51.622067 (524758) lic_core INFO    (2) checkin jasper_fao
2026-02-23 13:55:51.623577 (524758) main____ INFO    Exiting with status 1.
