2026-02-23 14:14:40.019421 (5482) main____ INFO    ----------------------------------------
2026-02-23 14:14:40.019525 (5482) main____ INFO    JasperGold version info
2026-02-23 14:14:40.019553 (5482) main____ INFO      tool      : JasperGold 2021.03
2026-02-23 14:14:40.019563 (5482) main____ INFO      version   : 2021.03 FCS 64 bits
2026-02-23 14:14:40.019568 (5482) main____ INFO      build date: 2021.03.23 02:50:43 UTC
2026-02-23 14:14:40.019572 (5482) main____ INFO    ----------------------------------------
2026-02-23 14:14:40.019576 (5482) main____ INFO    Runtime info:
2026-02-23 14:14:40.019581 (5482) main____ INFO      platform  : Linux 5.14.0-570.84.1.el9_6.x86_64 x86_64
2026-02-23 14:14:40.019586 (5482) main____ INFO      hostname  : della-r3c2n6
2026-02-23 14:14:40.019591 (5482) main____ INFO      pid       : 5482
2026-02-23 14:14:40.019595 (5482) main____ INFO      arguments : '-style' 'windows' '-batch' '-proj' './verification_results/04036/jgproject' '-tcl' './jasper_verif_check.tcl'
2026-02-23 14:14:40.019604 (5482) main____ INFO      locale    : UTF-8
2026-02-23 14:14:40.019608 (5482) main____ INFO    ----------------------------------------
2026-02-23 14:14:40.019612 (5482) main____ INFO    System resource limits info:
2026-02-23 14:14:40.019616 (5482) main____ INFO      virtual memory: unlimited
2026-02-23 14:14:40.019620 (5482) main____ INFO      cpu time      : unlimited
2026-02-23 14:14:40.019625 (5482) main____ INFO      stack size    : unlimited
2026-02-23 14:14:40.019629 (5482) main____ INFO      core file size: unlimited
2026-02-23 14:14:40.019636 (5482) main____ INFO      open files    : 131072
2026-02-23 14:14:40.019640 (5482) main____ INFO      file size     : unlimited
2026-02-23 14:14:40.019644 (5482) main____ INFO    ----------------------------------------
2026-02-23 14:14:40.019648 (5482) main____ INFO    Memory statistics:
2026-02-23 14:14:40.019653 (5482) main____ INFO      total physical memory  : 195972160 kB
2026-02-23 14:14:40.019657 (5482) main____ INFO      free physical memory   : 149399524 kB
2026-02-23 14:14:40.019661 (5482) main____ INFO      committed address space: 55755732 kB
2026-02-23 14:14:40.019665 (5482) main____ INFO    ----------------------------------------
2026-02-23 14:14:40.020646 (5482) main____ INFO    Important environment variables:
2026-02-23 14:14:40.020672 (5482) main____ INFO      JASPER_HOME       : '/usr/licensed/cadence-20210126/jasper_2021.03'
2026-02-23 14:14:40.020679 (5482) main____ INFO      JASPER_INSTALL_DIR: '/scratch/gpfs/LICENSED/x86_64/cadence-20210126/jasper_2021.03'
2026-02-23 14:14:40.020684 (5482) main____ INFO      LANG              : 'en_US.UTF-8'
2026-02-23 14:14:40.020689 (5482) main____ INFO      LM_LICENSE_FILE   : '5280@license.rc.princeton.edu'
2026-02-23 14:14:40.020695 (5482) main____ INFO      TMPDIR            : '/tmp/ab2113/jg_5019092_73'
2026-02-23 14:14:40.020699 (5482) main____ INFO    ----------------------------------------
2026-02-23 14:14:40.021585 (5482) lic_core INFO    Initializing license system ...
2026-02-23 14:14:40.022462 (5482) lic_core INFO    ... license system initialized.
2026-02-23 14:14:40.023268 (5482) lic__man INFO    Claim 'fpv' for <ui>.
2026-02-23 14:14:40.023310 (5482) lic_core INFO    (1) checking out 'jasper_fpv' ...
2026-02-23 14:14:40.028952 (5482) lic_core INFO    ... (1) checkout failed (error: -5) ("FLEXnet ERROR(-5, 0, 0): No such feature exists.")
2026-02-23 14:14:40.029014 (5482) lic_core INFO    (2) checking out 'jasper_fao' ...
2026-02-23 14:14:40.039616 (5482) lic_core INFO    ... (2) checkout succeeded
2026-02-23 14:14:40.054556 (5482) session_ INFO    Starting analysis session with session id 'session_0' (launcher: <local>) ...
2026-02-23 14:14:40.057675 (5482) session_ INFO    Analysis session with session id 'session_0' started (pid: 5490)
2026-02-23 14:14:40.785092 (5482) session_ INFO    Analysis session 'session_0' connected to the console (host: 127.0.0.1:50762)
2026-02-23 14:14:41.380318 (5482) main____ INFO    About to exit: request to exit with status 1 received from analysis session 'session_0'
2026-02-23 14:14:41.457414 (5482) session_ INFO    Analysis session 'session_0' disconnected.
2026-02-23 14:14:41.457550 (5482) lic__man INFO    Unclaim everything for 'session_0'.
2026-02-23 14:14:41.457938 (5482) session_ INFO    Process for analysis session 'session_0' has exited with exit status '1'.
2026-02-23 14:14:43.285532 (5482) lic_core INFO    (2) checkin jasper_fao
2026-02-23 14:14:43.287316 (5482) main____ INFO    Exiting with status 1.
