2026-02-23 14:10:31.325637 (1799746) main____ INFO    ----------------------------------------
2026-02-23 14:10:31.325713 (1799746) main____ INFO    JasperGold version info
2026-02-23 14:10:31.325729 (1799746) main____ INFO      tool      : JasperGold 2021.03
2026-02-23 14:10:31.325737 (1799746) main____ INFO      version   : 2021.03 FCS 64 bits
2026-02-23 14:10:31.325742 (1799746) main____ INFO      build date: 2021.03.23 02:50:43 UTC
2026-02-23 14:10:31.325747 (1799746) main____ INFO    ----------------------------------------
2026-02-23 14:10:31.325752 (1799746) main____ INFO    Runtime info:
2026-02-23 14:10:31.325757 (1799746) main____ INFO      platform  : Linux 5.14.0-570.84.1.el9_6.x86_64 x86_64
2026-02-23 14:10:31.325763 (1799746) main____ INFO      hostname  : della-h14n7
2026-02-23 14:10:31.325768 (1799746) main____ INFO      pid       : 1799746
2026-02-23 14:10:31.325773 (1799746) main____ INFO      arguments : '-style' 'windows' '-batch' '-proj' './verification_results/03728/jgproject' '-tcl' './jasper_verif_check.tcl'
2026-02-23 14:10:31.325781 (1799746) main____ INFO      locale    : UTF-8
2026-02-23 14:10:31.325785 (1799746) main____ INFO    ----------------------------------------
2026-02-23 14:10:31.325790 (1799746) main____ INFO    System resource limits info:
2026-02-23 14:10:31.325795 (1799746) main____ INFO      virtual memory: unlimited
2026-02-23 14:10:31.325800 (1799746) main____ INFO      cpu time      : unlimited
2026-02-23 14:10:31.325804 (1799746) main____ INFO      stack size    : unlimited
2026-02-23 14:10:31.325809 (1799746) main____ INFO      core file size: unlimited
2026-02-23 14:10:31.325816 (1799746) main____ INFO      open files    : 131072
2026-02-23 14:10:31.325821 (1799746) main____ INFO      file size     : unlimited
2026-02-23 14:10:31.325826 (1799746) main____ INFO    ----------------------------------------
2026-02-23 14:10:31.325831 (1799746) main____ INFO    Memory statistics:
2026-02-23 14:10:31.325836 (1799746) main____ INFO      total physical memory  : 1584164356 kB
2026-02-23 14:10:31.325841 (1799746) main____ INFO      free physical memory   : 805929100 kB
2026-02-23 14:10:31.325846 (1799746) main____ INFO      committed address space: 605761240 kB
2026-02-23 14:10:31.325850 (1799746) main____ INFO    ----------------------------------------
2026-02-23 14:10:31.326372 (1799746) main____ INFO    Important environment variables:
2026-02-23 14:10:31.326386 (1799746) main____ INFO      JASPER_HOME       : '/usr/licensed/cadence-20210126/jasper_2021.03'
2026-02-23 14:10:31.326392 (1799746) main____ INFO      JASPER_INSTALL_DIR: '/scratch/gpfs/LICENSED/x86_64/cadence-20210126/jasper_2021.03'
2026-02-23 14:10:31.326397 (1799746) main____ INFO      LANG              : 'en_US.UTF-8'
2026-02-23 14:10:31.326402 (1799746) main____ INFO      LM_LICENSE_FILE   : '5280@license.rc.princeton.edu'
2026-02-23 14:10:31.326408 (1799746) main____ INFO      TMPDIR            : '/tmp/ab2113/jg_5019054_67'
2026-02-23 14:10:31.326413 (1799746) main____ INFO    ----------------------------------------
2026-02-23 14:10:31.327002 (1799746) lic_core INFO    Initializing license system ...
2026-02-23 14:10:31.327511 (1799746) lic_core INFO    ... license system initialized.
2026-02-23 14:10:31.328316 (1799746) lic__man INFO    Claim 'fpv' for <ui>.
2026-02-23 14:10:31.328348 (1799746) lic_core INFO    (1) checking out 'jasper_fpv' ...
2026-02-23 14:10:31.334345 (1799746) lic_core INFO    ... (1) checkout failed (error: -5) ("FLEXnet ERROR(-5, 0, 0): No such feature exists.")
2026-02-23 14:10:31.334373 (1799746) lic_core INFO    (2) checking out 'jasper_fao' ...
2026-02-23 14:10:31.343384 (1799746) lic_core INFO    ... (2) checkout succeeded
2026-02-23 14:10:31.354495 (1799746) session_ INFO    Starting analysis session with session id 'session_0' (launcher: <local>) ...
2026-02-23 14:10:31.357156 (1799746) session_ INFO    Analysis session with session id 'session_0' started (pid: 1799754)
2026-02-23 14:10:31.915706 (1799746) session_ INFO    Analysis session 'session_0' connected to the console (host: 127.0.0.1:49478)
2026-02-23 14:10:32.680638 (1799746) lic__man INFO    Unclaim everything for 'session_0'.
2026-02-23 14:10:32.713926 (1799746) lic__man INFO    Claim 'fpv' for 'session_0'.
2026-02-23 14:10:32.713964 (1799746) lic__man INFO    Claim 'fpv' for 'session_0/prove-0'.
2026-02-23 14:10:32.875457 (1799746) lic__man INFO    Unclaim everything for 'session_0/prove-0'.
2026-02-23 14:10:32.928312 (1799746) main____ INFO    About to exit: request to exit with status 0 received from analysis session 'session_0'
2026-02-23 14:10:32.983197 (1799746) session_ INFO    Analysis session 'session_0' disconnected.
2026-02-23 14:10:32.983315 (1799746) lic__man INFO    Unclaim everything for 'session_0'.
2026-02-23 14:10:32.984184 (1799746) session_ INFO    Process for analysis session 'session_0' has exited with exit status '0'.
2026-02-23 14:10:35.034999 (1799746) lic_core INFO    (2) checkin jasper_fao
2026-02-23 14:10:35.036445 (1799746) main____ INFO    Exiting with status 0.
