2026-02-23 13:40:48.637529 (480899) main____ INFO    ----------------------------------------
2026-02-23 13:40:48.637609 (480899) main____ INFO    JasperGold version info
2026-02-23 13:40:48.637625 (480899) main____ INFO      tool      : JasperGold 2021.03
2026-02-23 13:40:48.637633 (480899) main____ INFO      version   : 2021.03 FCS 64 bits
2026-02-23 13:40:48.637639 (480899) main____ INFO      build date: 2021.03.23 02:50:43 UTC
2026-02-23 13:40:48.637644 (480899) main____ INFO    ----------------------------------------
2026-02-23 13:40:48.637649 (480899) main____ INFO    Runtime info:
2026-02-23 13:40:48.637654 (480899) main____ INFO      platform  : Linux 5.14.0-570.84.1.el9_6.x86_64 x86_64
2026-02-23 13:40:48.637660 (480899) main____ INFO      hostname  : della-h16n3
2026-02-23 13:40:48.637665 (480899) main____ INFO      pid       : 480899
2026-02-23 13:40:48.637670 (480899) main____ INFO      arguments : '-style' 'windows' '-batch' '-proj' './verification_results/01095/jgproject' '-tcl' './jasper_verif_check.tcl'
2026-02-23 13:40:48.637678 (480899) main____ INFO      locale    : UTF-8
2026-02-23 13:40:48.637683 (480899) main____ INFO    ----------------------------------------
2026-02-23 13:40:48.637688 (480899) main____ INFO    System resource limits info:
2026-02-23 13:40:48.637693 (480899) main____ INFO      virtual memory: unlimited
2026-02-23 13:40:48.637698 (480899) main____ INFO      cpu time      : unlimited
2026-02-23 13:40:48.637703 (480899) main____ INFO      stack size    : unlimited
2026-02-23 13:40:48.637708 (480899) main____ INFO      core file size: unlimited
2026-02-23 13:40:48.637715 (480899) main____ INFO      open files    : 131072
2026-02-23 13:40:48.637720 (480899) main____ INFO      file size     : unlimited
2026-02-23 13:40:48.637724 (480899) main____ INFO    ----------------------------------------
2026-02-23 13:40:48.637729 (480899) main____ INFO    Memory statistics:
2026-02-23 13:40:48.637734 (480899) main____ INFO      total physical memory  : 1584164344 kB
2026-02-23 13:40:48.637739 (480899) main____ INFO      free physical memory   : 948564160 kB
2026-02-23 13:40:48.637744 (480899) main____ INFO      committed address space: 588763400 kB
2026-02-23 13:40:48.637748 (480899) main____ INFO    ----------------------------------------
2026-02-23 13:40:48.638263 (480899) main____ INFO    Important environment variables:
2026-02-23 13:40:48.638276 (480899) main____ INFO      JASPER_HOME       : '/usr/licensed/cadence-20210126/jasper_2021.03'
2026-02-23 13:40:48.638282 (480899) main____ INFO      JASPER_INSTALL_DIR: '/scratch/gpfs/LICENSED/x86_64/cadence-20210126/jasper_2021.03'
2026-02-23 13:40:48.638288 (480899) main____ INFO      LANG              : 'en_US.UTF-8'
2026-02-23 13:40:48.638293 (480899) main____ INFO      LM_LICENSE_FILE   : '5280@license.rc.princeton.edu'
2026-02-23 13:40:48.638299 (480899) main____ INFO      TMPDIR            : '/tmp/ab2113/jg_5018817_14'
2026-02-23 13:40:48.638303 (480899) main____ INFO    ----------------------------------------
2026-02-23 13:40:48.638784 (480899) lic_core INFO    Initializing license system ...
2026-02-23 13:40:48.639313 (480899) lic_core INFO    ... license system initialized.
2026-02-23 13:40:48.640097 (480899) lic__man INFO    Claim 'fpv' for <ui>.
2026-02-23 13:40:48.640130 (480899) lic_core INFO    (1) checking out 'jasper_fpv' ...
2026-02-23 13:40:48.645655 (480899) lic_core INFO    ... (1) checkout failed (error: -5) ("FLEXnet ERROR(-5, 0, 0): No such feature exists.")
2026-02-23 13:40:48.645680 (480899) lic_core INFO    (2) checking out 'jasper_fao' ...
2026-02-23 13:40:48.654750 (480899) lic_core INFO    ... (2) checkout succeeded
2026-02-23 13:40:48.667010 (480899) session_ INFO    Starting analysis session with session id 'session_0' (launcher: <local>) ...
2026-02-23 13:40:48.671095 (480899) session_ INFO    Analysis session with session id 'session_0' started (pid: 480937)
2026-02-23 13:40:49.196636 (480899) session_ INFO    Analysis session 'session_0' connected to the console (host: 127.0.0.1:42358)
2026-02-23 13:40:49.989933 (480899) main____ INFO    About to exit: request to exit with status 1 received from analysis session 'session_0'
2026-02-23 13:40:50.035712 (480899) session_ INFO    Analysis session 'session_0' disconnected.
2026-02-23 13:40:50.035831 (480899) lic__man INFO    Unclaim everything for 'session_0'.
2026-02-23 13:40:50.036564 (480899) session_ INFO    Process for analysis session 'session_0' has exited with exit status '1'.
2026-02-23 13:40:51.893803 (480899) lic_core INFO    (2) checkin jasper_fao
2026-02-23 13:40:51.895000 (480899) main____ INFO    Exiting with status 1.
