2026-02-23 13:39:34.466589 (1371850) main____ INFO    ----------------------------------------
2026-02-23 13:39:34.466696 (1371850) main____ INFO    JasperGold version info
2026-02-23 13:39:34.466718 (1371850) main____ INFO      tool      : JasperGold 2021.03
2026-02-23 13:39:34.466729 (1371850) main____ INFO      version   : 2021.03 FCS 64 bits
2026-02-23 13:39:34.466734 (1371850) main____ INFO      build date: 2021.03.23 02:50:43 UTC
2026-02-23 13:39:34.466738 (1371850) main____ INFO    ----------------------------------------
2026-02-23 13:39:34.466742 (1371850) main____ INFO    Runtime info:
2026-02-23 13:39:34.466747 (1371850) main____ INFO      platform  : Linux 5.14.0-570.84.1.el9_6.x86_64 x86_64
2026-02-23 13:39:34.466754 (1371850) main____ INFO      hostname  : della-r3c3n3
2026-02-23 13:39:34.466759 (1371850) main____ INFO      pid       : 1371850
2026-02-23 13:39:34.466763 (1371850) main____ INFO      arguments : '-style' 'windows' '-batch' '-proj' './verification_results/00931/jgproject' '-tcl' './jasper_verif_check.tcl'
2026-02-23 13:39:34.466772 (1371850) main____ INFO      locale    : UTF-8
2026-02-23 13:39:34.466776 (1371850) main____ INFO    ----------------------------------------
2026-02-23 13:39:34.466780 (1371850) main____ INFO    System resource limits info:
2026-02-23 13:39:34.466785 (1371850) main____ INFO      virtual memory: unlimited
2026-02-23 13:39:34.466789 (1371850) main____ INFO      cpu time      : unlimited
2026-02-23 13:39:34.466794 (1371850) main____ INFO      stack size    : unlimited
2026-02-23 13:39:34.466798 (1371850) main____ INFO      core file size: unlimited
2026-02-23 13:39:34.466806 (1371850) main____ INFO      open files    : 131072
2026-02-23 13:39:34.466810 (1371850) main____ INFO      file size     : unlimited
2026-02-23 13:39:34.466815 (1371850) main____ INFO    ----------------------------------------
2026-02-23 13:39:34.466819 (1371850) main____ INFO    Memory statistics:
2026-02-23 13:39:34.466823 (1371850) main____ INFO      total physical memory  : 195972168 kB
2026-02-23 13:39:34.466827 (1371850) main____ INFO      free physical memory   : 95354656 kB
2026-02-23 13:39:34.466831 (1371850) main____ INFO      committed address space: 57489492 kB
2026-02-23 13:39:34.466835 (1371850) main____ INFO    ----------------------------------------
2026-02-23 13:39:34.467831 (1371850) main____ INFO    Important environment variables:
2026-02-23 13:39:34.467853 (1371850) main____ INFO      JASPER_HOME       : '/usr/licensed/cadence-20210126/jasper_2021.03'
2026-02-23 13:39:34.467859 (1371850) main____ INFO      JASPER_INSTALL_DIR: '/scratch/gpfs/LICENSED/x86_64/cadence-20210126/jasper_2021.03'
2026-02-23 13:39:34.467865 (1371850) main____ INFO      LANG              : 'en_US.UTF-8'
2026-02-23 13:39:34.467870 (1371850) main____ INFO      LM_LICENSE_FILE   : '5280@license.rc.princeton.edu'
2026-02-23 13:39:34.467875 (1371850) main____ INFO      TMPDIR            : '/tmp/ab2113/jg_5018805_11'
2026-02-23 13:39:34.467880 (1371850) main____ INFO    ----------------------------------------
2026-02-23 13:39:34.468392 (1371850) lic_core INFO    Initializing license system ...
2026-02-23 13:39:34.469252 (1371850) lic_core INFO    ... license system initialized.
2026-02-23 13:39:34.470059 (1371850) lic__man INFO    Claim 'fpv' for <ui>.
2026-02-23 13:39:34.470103 (1371850) lic_core INFO    (1) checking out 'jasper_fpv' ...
2026-02-23 13:39:34.475528 (1371850) lic_core INFO    ... (1) checkout failed (error: -5) ("FLEXnet ERROR(-5, 0, 0): No such feature exists.")
2026-02-23 13:39:34.475591 (1371850) lic_core INFO    (2) checking out 'jasper_fao' ...
2026-02-23 13:39:34.486036 (1371850) lic_core INFO    ... (2) checkout succeeded
2026-02-23 13:39:34.500952 (1371850) session_ INFO    Starting analysis session with session id 'session_0' (launcher: <local>) ...
2026-02-23 13:39:34.504228 (1371850) session_ INFO    Analysis session with session id 'session_0' started (pid: 1371858)
2026-02-23 13:39:35.277520 (1371850) session_ INFO    Analysis session 'session_0' connected to the console (host: 127.0.0.1:37500)
2026-02-23 13:39:35.899542 (1371850) main____ INFO    About to exit: request to exit with status 1 received from analysis session 'session_0'
2026-02-23 13:39:35.985203 (1371850) session_ INFO    Analysis session 'session_0' disconnected.
2026-02-23 13:39:35.985340 (1371850) lic__man INFO    Unclaim everything for 'session_0'.
2026-02-23 13:39:35.986539 (1371850) session_ INFO    Process for analysis session 'session_0' has exited with exit status '1'.
2026-02-23 13:39:38.005983 (1371850) lic_core INFO    (2) checkin jasper_fao
2026-02-23 13:39:38.007341 (1371850) main____ INFO    Exiting with status 1.
