2026-02-23 15:00:10.213827 (2957462) main____ INFO    ----------------------------------------
2026-02-23 15:00:10.213919 (2957462) main____ INFO    JasperGold version info
2026-02-23 15:00:10.213938 (2957462) main____ INFO      tool      : JasperGold 2021.03
2026-02-23 15:00:10.213946 (2957462) main____ INFO      version   : 2021.03 FCS 64 bits
2026-02-23 15:00:10.213950 (2957462) main____ INFO      build date: 2021.03.23 02:50:43 UTC
2026-02-23 15:00:10.213953 (2957462) main____ INFO    ----------------------------------------
2026-02-23 15:00:10.213956 (2957462) main____ INFO    Runtime info:
2026-02-23 15:00:10.213960 (2957462) main____ INFO      platform  : Linux 5.14.0-570.84.1.el9_6.x86_64 x86_64
2026-02-23 15:00:10.213965 (2957462) main____ INFO      hostname  : della-h12n18
2026-02-23 15:00:10.213969 (2957462) main____ INFO      pid       : 2957462
2026-02-23 15:00:10.213972 (2957462) main____ INFO      arguments : '-style' 'windows' '-batch' '-proj' './verification_results/04730/jgproject' '-tcl' './jasper_verif_check.tcl'
2026-02-23 15:00:10.213979 (2957462) main____ INFO      locale    : UTF-8
2026-02-23 15:00:10.213983 (2957462) main____ INFO    ----------------------------------------
2026-02-23 15:00:10.213986 (2957462) main____ INFO    System resource limits info:
2026-02-23 15:00:10.213990 (2957462) main____ INFO      virtual memory: unlimited
2026-02-23 15:00:10.213993 (2957462) main____ INFO      cpu time      : unlimited
2026-02-23 15:00:10.213996 (2957462) main____ INFO      stack size    : unlimited
2026-02-23 15:00:10.214000 (2957462) main____ INFO      core file size: unlimited
2026-02-23 15:00:10.214006 (2957462) main____ INFO      open files    : 131072
2026-02-23 15:00:10.214009 (2957462) main____ INFO      file size     : unlimited
2026-02-23 15:00:10.214013 (2957462) main____ INFO    ----------------------------------------
2026-02-23 15:00:10.214016 (2957462) main____ INFO    Memory statistics:
2026-02-23 15:00:10.214020 (2957462) main____ INFO      total physical memory  : 1055795796 kB
2026-02-23 15:00:10.214024 (2957462) main____ INFO      free physical memory   : 275306168 kB
2026-02-23 15:00:10.214027 (2957462) main____ INFO      committed address space: 469435424 kB
2026-02-23 15:00:10.214030 (2957462) main____ INFO    ----------------------------------------
2026-02-23 15:00:10.214807 (2957462) main____ INFO    Important environment variables:
2026-02-23 15:00:10.214821 (2957462) main____ INFO      JASPER_HOME       : '/usr/licensed/cadence-20210126/jasper_2021.03'
2026-02-23 15:00:10.214826 (2957462) main____ INFO      JASPER_INSTALL_DIR: '/scratch/gpfs/LICENSED/x86_64/cadence-20210126/jasper_2021.03'
2026-02-23 15:00:10.214830 (2957462) main____ INFO      LANG              : 'en_US.UTF-8'
2026-02-23 15:00:10.214834 (2957462) main____ INFO      LM_LICENSE_FILE   : '5280@license.rc.princeton.edu'
2026-02-23 15:00:10.214838 (2957462) main____ INFO      TMPDIR            : '/tmp/ab2113/jg_5019198_87'
2026-02-23 15:00:10.214842 (2957462) main____ INFO    ----------------------------------------
2026-02-23 15:00:10.215557 (2957462) lic_core INFO    Initializing license system ...
2026-02-23 15:00:10.215968 (2957462) lic_core INFO    ... license system initialized.
2026-02-23 15:00:10.216811 (2957462) lic__man INFO    Claim 'fpv' for <ui>.
2026-02-23 15:00:10.216841 (2957462) lic_core INFO    (1) checking out 'jasper_fpv' ...
2026-02-23 15:00:10.222636 (2957462) lic_core INFO    ... (1) checkout failed (error: -5) ("FLEXnet ERROR(-5, 0, 0): No such feature exists.")
2026-02-23 15:00:10.222678 (2957462) lic_core INFO    (2) checking out 'jasper_fao' ...
2026-02-23 15:00:10.234658 (2957462) lic_core INFO    ... (2) checkout succeeded
2026-02-23 15:00:10.248015 (2957462) session_ INFO    Starting analysis session with session id 'session_0' (launcher: <local>) ...
2026-02-23 15:00:10.250630 (2957462) session_ INFO    Analysis session with session id 'session_0' started (pid: 2957470)
2026-02-23 15:00:10.869104 (2957462) session_ INFO    Analysis session 'session_0' connected to the console (host: 127.0.0.1:37940)
2026-02-23 15:00:11.408530 (2957462) main____ INFO    About to exit: request to exit with status 1 received from analysis session 'session_0'
2026-02-23 15:00:11.472684 (2957462) session_ INFO    Analysis session 'session_0' disconnected.
2026-02-23 15:00:11.472832 (2957462) lic__man INFO    Unclaim everything for 'session_0'.
2026-02-23 15:00:11.474185 (2957462) session_ INFO    Process for analysis session 'session_0' has exited with exit status '1'.
2026-02-23 15:00:13.506889 (2957462) lic_core INFO    (2) checkin jasper_fao
2026-02-23 15:00:13.508663 (2957462) main____ INFO    Exiting with status 1.
