2026-02-23 13:56:05.384514 (3184197) main____ INFO    ----------------------------------------
2026-02-23 13:56:05.384586 (3184197) main____ INFO    JasperGold version info
2026-02-23 13:56:05.384601 (3184197) main____ INFO      tool      : JasperGold 2021.03
2026-02-23 13:56:05.384611 (3184197) main____ INFO      version   : 2021.03 FCS 64 bits
2026-02-23 13:56:05.384617 (3184197) main____ INFO      build date: 2021.03.23 02:50:43 UTC
2026-02-23 13:56:05.384621 (3184197) main____ INFO    ----------------------------------------
2026-02-23 13:56:05.384626 (3184197) main____ INFO    Runtime info:
2026-02-23 13:56:05.384631 (3184197) main____ INFO      platform  : Linux 5.14.0-570.84.1.el9_6.x86_64 x86_64
2026-02-23 13:56:05.384638 (3184197) main____ INFO      hostname  : della-r3c3n1
2026-02-23 13:56:05.384644 (3184197) main____ INFO      pid       : 3184197
2026-02-23 13:56:05.384649 (3184197) main____ INFO      arguments : '-style' 'windows' '-batch' '-proj' './verification_results/03993/jgproject' '-tcl' './jasper_verif_check.tcl'
2026-02-23 13:56:05.384658 (3184197) main____ INFO      locale    : UTF-8
2026-02-23 13:56:05.384663 (3184197) main____ INFO    ----------------------------------------
2026-02-23 13:56:05.384668 (3184197) main____ INFO    System resource limits info:
2026-02-23 13:56:05.384674 (3184197) main____ INFO      virtual memory: unlimited
2026-02-23 13:56:05.384679 (3184197) main____ INFO      cpu time      : unlimited
2026-02-23 13:56:05.384683 (3184197) main____ INFO      stack size    : unlimited
2026-02-23 13:56:05.384689 (3184197) main____ INFO      core file size: unlimited
2026-02-23 13:56:05.384696 (3184197) main____ INFO      open files    : 131072
2026-02-23 13:56:05.384702 (3184197) main____ INFO      file size     : unlimited
2026-02-23 13:56:05.384706 (3184197) main____ INFO    ----------------------------------------
2026-02-23 13:56:05.384711 (3184197) main____ INFO    Memory statistics:
2026-02-23 13:56:05.384716 (3184197) main____ INFO      total physical memory  : 195972176 kB
2026-02-23 13:56:05.384721 (3184197) main____ INFO      free physical memory   : 119155716 kB
2026-02-23 13:56:05.384725 (3184197) main____ INFO      committed address space: 22678240 kB
2026-02-23 13:56:05.384730 (3184197) main____ INFO    ----------------------------------------
2026-02-23 13:56:05.385686 (3184197) main____ INFO    Important environment variables:
2026-02-23 13:56:05.385700 (3184197) main____ INFO      JASPER_HOME       : '/usr/licensed/cadence-20210126/jasper_2021.03'
2026-02-23 13:56:05.385707 (3184197) main____ INFO      JASPER_INSTALL_DIR: '/scratch/gpfs/LICENSED/x86_64/cadence-20210126/jasper_2021.03'
2026-02-23 13:56:05.385712 (3184197) main____ INFO      LANG              : 'en_US.UTF-8'
2026-02-23 13:56:05.385719 (3184197) main____ INFO      LM_LICENSE_FILE   : '5280@license.rc.princeton.edu'
2026-02-23 13:56:05.385724 (3184197) main____ INFO      TMPDIR            : '/tmp/ab2113/jg_5019091_72'
2026-02-23 13:56:05.385728 (3184197) main____ INFO    ----------------------------------------
2026-02-23 13:56:05.386501 (3184197) lic_core INFO    Initializing license system ...
2026-02-23 13:56:05.387258 (3184197) lic_core INFO    ... license system initialized.
2026-02-23 13:56:05.387947 (3184197) lic__man INFO    Claim 'fpv' for <ui>.
2026-02-23 13:56:05.387982 (3184197) lic_core INFO    (1) checking out 'jasper_fpv' ...
2026-02-23 13:56:05.393245 (3184197) lic_core INFO    ... (1) checkout failed (error: -5) ("FLEXnet ERROR(-5, 0, 0): No such feature exists.")
2026-02-23 13:56:05.393275 (3184197) lic_core INFO    (2) checking out 'jasper_fao' ...
2026-02-23 13:56:05.403585 (3184197) lic_core INFO    ... (2) checkout succeeded
2026-02-23 13:56:05.417327 (3184197) session_ INFO    Starting analysis session with session id 'session_0' (launcher: <local>) ...
2026-02-23 13:56:05.419912 (3184197) session_ INFO    Analysis session with session id 'session_0' started (pid: 3184205)
2026-02-23 13:56:06.104851 (3184197) session_ INFO    Analysis session 'session_0' connected to the console (host: 127.0.0.1:57052)
2026-02-23 13:56:06.915175 (3184197) lic__man INFO    Unclaim everything for 'session_0'.
2026-02-23 13:56:06.977437 (3184197) main____ INFO    About to exit: request to exit with status 3 received from analysis session 'session_0'
2026-02-23 13:56:07.043690 (3184197) session_ INFO    Analysis session 'session_0' disconnected.
2026-02-23 13:56:07.044412 (3184197) lic__man INFO    Unclaim everything for 'session_0'.
2026-02-23 13:56:07.044592 (3184197) session_ INFO    Process for analysis session 'session_0' has exited with exit status '3'.
2026-02-23 13:56:09.083781 (3184197) lic_core INFO    (2) checkin jasper_fao
2026-02-23 13:56:09.085241 (3184197) main____ INFO    Exiting with status 3.
