2026-02-23 13:52:59.841019 (520982) main____ INFO    ----------------------------------------
2026-02-23 13:52:59.841102 (520982) main____ INFO    JasperGold version info
2026-02-23 13:52:59.841117 (520982) main____ INFO      tool      : JasperGold 2021.03
2026-02-23 13:52:59.841125 (520982) main____ INFO      version   : 2021.03 FCS 64 bits
2026-02-23 13:52:59.841130 (520982) main____ INFO      build date: 2021.03.23 02:50:43 UTC
2026-02-23 13:52:59.841135 (520982) main____ INFO    ----------------------------------------
2026-02-23 13:52:59.841139 (520982) main____ INFO    Runtime info:
2026-02-23 13:52:59.841143 (520982) main____ INFO      platform  : Linux 5.14.0-570.84.1.el9_6.x86_64 x86_64
2026-02-23 13:52:59.841149 (520982) main____ INFO      hostname  : della-r3c2n9
2026-02-23 13:52:59.841153 (520982) main____ INFO      pid       : 520982
2026-02-23 13:52:59.841157 (520982) main____ INFO      arguments : '-style' 'windows' '-batch' '-proj' './verification_results/03456/jgproject' '-tcl' './jasper_verif_check.tcl'
2026-02-23 13:52:59.841165 (520982) main____ INFO      locale    : UTF-8
2026-02-23 13:52:59.841169 (520982) main____ INFO    ----------------------------------------
2026-02-23 13:52:59.841173 (520982) main____ INFO    System resource limits info:
2026-02-23 13:52:59.841177 (520982) main____ INFO      virtual memory: unlimited
2026-02-23 13:52:59.841183 (520982) main____ INFO      cpu time      : unlimited
2026-02-23 13:52:59.841187 (520982) main____ INFO      stack size    : unlimited
2026-02-23 13:52:59.841191 (520982) main____ INFO      core file size: unlimited
2026-02-23 13:52:59.841198 (520982) main____ INFO      open files    : 131072
2026-02-23 13:52:59.841203 (520982) main____ INFO      file size     : unlimited
2026-02-23 13:52:59.841207 (520982) main____ INFO    ----------------------------------------
2026-02-23 13:52:59.841211 (520982) main____ INFO    Memory statistics:
2026-02-23 13:52:59.841215 (520982) main____ INFO      total physical memory  : 195972072 kB
2026-02-23 13:52:59.841219 (520982) main____ INFO      free physical memory   : 68422308 kB
2026-02-23 13:52:59.841223 (520982) main____ INFO      committed address space: 59126276 kB
2026-02-23 13:52:59.841228 (520982) main____ INFO    ----------------------------------------
2026-02-23 13:52:59.842172 (520982) main____ INFO    Important environment variables:
2026-02-23 13:52:59.842187 (520982) main____ INFO      JASPER_HOME       : '/usr/licensed/cadence-20210126/jasper_2021.03'
2026-02-23 13:52:59.842193 (520982) main____ INFO      JASPER_INSTALL_DIR: '/scratch/gpfs/LICENSED/x86_64/cadence-20210126/jasper_2021.03'
2026-02-23 13:52:59.842199 (520982) main____ INFO      LANG              : 'en_US.UTF-8'
2026-02-23 13:52:59.842203 (520982) main____ INFO      LM_LICENSE_FILE   : '5280@license.rc.princeton.edu'
2026-02-23 13:52:59.842208 (520982) main____ INFO      TMPDIR            : '/tmp/ab2113/jg_5019008_61'
2026-02-23 13:52:59.842213 (520982) main____ INFO    ----------------------------------------
2026-02-23 13:52:59.842937 (520982) lic_core INFO    Initializing license system ...
2026-02-23 13:52:59.843662 (520982) lic_core INFO    ... license system initialized.
2026-02-23 13:52:59.844340 (520982) lic__man INFO    Claim 'fpv' for <ui>.
2026-02-23 13:52:59.844376 (520982) lic_core INFO    (1) checking out 'jasper_fpv' ...
2026-02-23 13:52:59.849869 (520982) lic_core INFO    ... (1) checkout failed (error: -5) ("FLEXnet ERROR(-5, 0, 0): No such feature exists.")
2026-02-23 13:52:59.849896 (520982) lic_core INFO    (2) checking out 'jasper_fao' ...
2026-02-23 13:52:59.859782 (520982) lic_core INFO    ... (2) checkout succeeded
2026-02-23 13:52:59.873587 (520982) session_ INFO    Starting analysis session with session id 'session_0' (launcher: <local>) ...
2026-02-23 13:52:59.876171 (520982) session_ INFO    Analysis session with session id 'session_0' started (pid: 520990)
2026-02-23 13:53:00.506067 (520982) session_ INFO    Analysis session 'session_0' connected to the console (host: 127.0.0.1:39772)
2026-02-23 13:53:01.074879 (520982) main____ INFO    About to exit: request to exit with status 1 received from analysis session 'session_0'
2026-02-23 13:53:01.145358 (520982) session_ INFO    Analysis session 'session_0' disconnected.
2026-02-23 13:53:01.145469 (520982) lic__man INFO    Unclaim everything for 'session_0'.
2026-02-23 13:53:01.146076 (520982) session_ INFO    Process for analysis session 'session_0' has exited with exit status '1'.
2026-02-23 13:53:03.124027 (520982) lic_core INFO    (2) checkin jasper_fao
2026-02-23 13:53:03.125647 (520982) main____ INFO    Exiting with status 1.
