2026-02-23 13:46:02.225466 (121250) main____ INFO    ----------------------------------------
2026-02-23 13:46:02.225546 (121250) main____ INFO    JasperGold version info
2026-02-23 13:46:02.225564 (121250) main____ INFO      tool      : JasperGold 2021.03
2026-02-23 13:46:02.225572 (121250) main____ INFO      version   : 2021.03 FCS 64 bits
2026-02-23 13:46:02.225578 (121250) main____ INFO      build date: 2021.03.23 02:50:43 UTC
2026-02-23 13:46:02.225583 (121250) main____ INFO    ----------------------------------------
2026-02-23 13:46:02.225588 (121250) main____ INFO    Runtime info:
2026-02-23 13:46:02.225596 (121250) main____ INFO      platform  : Linux 5.14.0-570.84.1.el9_6.x86_64 x86_64
2026-02-23 13:46:02.225602 (121250) main____ INFO      hostname  : della-h14n2
2026-02-23 13:46:02.225609 (121250) main____ INFO      pid       : 121250
2026-02-23 13:46:02.225615 (121250) main____ INFO      arguments : '-style' 'windows' '-batch' '-proj' './verification_results/02566/jgproject' '-tcl' './jasper_verif_check.tcl'
2026-02-23 13:46:02.225625 (121250) main____ INFO      locale    : UTF-8
2026-02-23 13:46:02.225630 (121250) main____ INFO    ----------------------------------------
2026-02-23 13:46:02.225636 (121250) main____ INFO    System resource limits info:
2026-02-23 13:46:02.225642 (121250) main____ INFO      virtual memory: unlimited
2026-02-23 13:46:02.225648 (121250) main____ INFO      cpu time      : unlimited
2026-02-23 13:46:02.225653 (121250) main____ INFO      stack size    : unlimited
2026-02-23 13:46:02.225658 (121250) main____ INFO      core file size: unlimited
2026-02-23 13:46:02.225666 (121250) main____ INFO      open files    : 131072
2026-02-23 13:46:02.225671 (121250) main____ INFO      file size     : unlimited
2026-02-23 13:46:02.225676 (121250) main____ INFO    ----------------------------------------
2026-02-23 13:46:02.225682 (121250) main____ INFO    Memory statistics:
2026-02-23 13:46:02.225688 (121250) main____ INFO      total physical memory  : 1584164328 kB
2026-02-23 13:46:02.225694 (121250) main____ INFO      free physical memory   : 750265412 kB
2026-02-23 13:46:02.225698 (121250) main____ INFO      committed address space: 676165540 kB
2026-02-23 13:46:02.225703 (121250) main____ INFO    ----------------------------------------
2026-02-23 13:46:02.226254 (121250) main____ INFO    Important environment variables:
2026-02-23 13:46:02.226269 (121250) main____ INFO      JASPER_HOME       : '/usr/licensed/cadence-20210126/jasper_2021.03'
2026-02-23 13:46:02.226276 (121250) main____ INFO      JASPER_INSTALL_DIR: '/scratch/gpfs/LICENSED/x86_64/cadence-20210126/jasper_2021.03'
2026-02-23 13:46:02.226283 (121250) main____ INFO      LANG              : 'en_US.UTF-8'
2026-02-23 13:46:02.226289 (121250) main____ INFO      LM_LICENSE_FILE   : '5280@license.rc.princeton.edu'
2026-02-23 13:46:02.226295 (121250) main____ INFO      TMPDIR            : '/tmp/ab2113/jg_5018922_44'
2026-02-23 13:46:02.226300 (121250) main____ INFO    ----------------------------------------
2026-02-23 13:46:02.226833 (121250) lic_core INFO    Initializing license system ...
2026-02-23 13:46:02.227392 (121250) lic_core INFO    ... license system initialized.
2026-02-23 13:46:02.228209 (121250) lic__man INFO    Claim 'fpv' for <ui>.
2026-02-23 13:46:02.228248 (121250) lic_core INFO    (1) checking out 'jasper_fpv' ...
2026-02-23 13:46:02.233702 (121250) lic_core INFO    ... (1) checkout failed (error: -5) ("FLEXnet ERROR(-5, 0, 0): No such feature exists.")
2026-02-23 13:46:02.233756 (121250) lic_core INFO    (2) checking out 'jasper_fao' ...
2026-02-23 13:46:02.243247 (121250) lic_core INFO    ... (2) checkout succeeded
2026-02-23 13:46:02.255265 (121250) session_ INFO    Starting analysis session with session id 'session_0' (launcher: <local>) ...
2026-02-23 13:46:02.258248 (121250) session_ INFO    Analysis session with session id 'session_0' started (pid: 121272)
2026-02-23 13:46:02.827871 (121250) session_ INFO    Analysis session 'session_0' connected to the console (host: 127.0.0.1:33156)
2026-02-23 13:46:03.617760 (121250) lic__man INFO    Unclaim everything for 'session_0'.
2026-02-23 13:46:03.650191 (121250) lic__man INFO    Claim 'fpv' for 'session_0'.
2026-02-23 13:46:03.650234 (121250) lic__man INFO    Claim 'fpv' for 'session_0/prove-0'.
2026-02-23 13:46:03.810978 (121250) lic__man INFO    Unclaim everything for 'session_0/prove-0'.
2026-02-23 13:46:03.864904 (121250) main____ INFO    About to exit: request to exit with status 0 received from analysis session 'session_0'
2026-02-23 13:46:03.921849 (121250) session_ INFO    Analysis session 'session_0' disconnected.
2026-02-23 13:46:03.921976 (121250) lic__man INFO    Unclaim everything for 'session_0'.
2026-02-23 13:46:03.922753 (121250) session_ INFO    Process for analysis session 'session_0' has exited with exit status '0'.
2026-02-23 13:46:05.969052 (121250) lic_core INFO    (2) checkin jasper_fao
2026-02-23 13:46:05.970728 (121250) main____ INFO    Exiting with status 0.
