2026-02-20 18:10:45.898873 (2575799) main____ INFO    ----------------------------------------
2026-02-20 18:10:45.899001 (2575799) main____ INFO    JasperGold version info
2026-02-20 18:10:45.899023 (2575799) main____ INFO      tool      : JasperGold 2021.03
2026-02-20 18:10:45.899032 (2575799) main____ INFO      version   : 2021.03 FCS 64 bits
2026-02-20 18:10:45.899037 (2575799) main____ INFO      build date: 2021.03.23 02:50:43 UTC
2026-02-20 18:10:45.899042 (2575799) main____ INFO    ----------------------------------------
2026-02-20 18:10:45.899046 (2575799) main____ INFO    Runtime info:
2026-02-20 18:10:45.899050 (2575799) main____ INFO      platform  : Linux 5.14.0-570.84.1.el9_6.x86_64 x86_64
2026-02-20 18:10:45.899056 (2575799) main____ INFO      hostname  : della-i13n22
2026-02-20 18:10:45.899061 (2575799) main____ INFO      pid       : 2575799
2026-02-20 18:10:45.899065 (2575799) main____ INFO      arguments : '-style' 'windows' '-batch' '-proj' 'verification_results/00687/jgproject' '-tcl' './jasper_verif_check.tcl'
2026-02-20 18:10:45.899074 (2575799) main____ INFO      locale    : UTF-8
2026-02-20 18:10:45.899079 (2575799) main____ INFO    ----------------------------------------
2026-02-20 18:10:45.899082 (2575799) main____ INFO    System resource limits info:
2026-02-20 18:10:45.899087 (2575799) main____ INFO      virtual memory: unlimited
2026-02-20 18:10:45.899091 (2575799) main____ INFO      cpu time      : unlimited
2026-02-20 18:10:45.899095 (2575799) main____ INFO      stack size    : unlimited
2026-02-20 18:10:45.899099 (2575799) main____ INFO      core file size: unlimited
2026-02-20 18:10:45.899106 (2575799) main____ INFO      open files    : 131072
2026-02-20 18:10:45.899111 (2575799) main____ INFO      file size     : unlimited
2026-02-20 18:10:45.899114 (2575799) main____ INFO    ----------------------------------------
2026-02-20 18:10:45.899118 (2575799) main____ INFO    Memory statistics:
2026-02-20 18:10:45.899122 (2575799) main____ INFO      total physical memory  : 394157548 kB
2026-02-20 18:10:45.899126 (2575799) main____ INFO      free physical memory   : 179261692 kB
2026-02-20 18:10:45.899129 (2575799) main____ INFO      committed address space: 179656872 kB
2026-02-20 18:10:45.899133 (2575799) main____ INFO    ----------------------------------------
2026-02-20 18:10:45.900032 (2575799) main____ INFO    Important environment variables:
2026-02-20 18:10:45.900055 (2575799) main____ INFO      JASPER_HOME       : '/usr/licensed/cadence-20210126/jasper_2021.03'
2026-02-20 18:10:45.900061 (2575799) main____ INFO      JASPER_INSTALL_DIR: '/scratch/gpfs/LICENSED/x86_64/cadence-20210126/jasper_2021.03'
2026-02-20 18:10:45.900067 (2575799) main____ INFO      LANG              : 'en_US.UTF-8'
2026-02-20 18:10:45.900071 (2575799) main____ INFO      LM_LICENSE_FILE   : '5280@license.rc.princeton.edu'
2026-02-20 18:10:45.900076 (2575799) main____ INFO      TMPDIR            : '/tmp'
2026-02-20 18:10:45.900080 (2575799) main____ INFO    ----------------------------------------
2026-02-20 18:10:45.901010 (2575799) lic_core INFO    Initializing license system ...
2026-02-20 18:10:45.901518 (2575799) lic_core INFO    ... license system initialized.
2026-02-20 18:10:45.902307 (2575799) lic__man INFO    Claim 'fpv' for <ui>.
2026-02-20 18:10:45.902350 (2575799) lic_core INFO    (1) checking out 'jasper_fpv' ...
2026-02-20 18:10:45.908771 (2575799) lic_core INFO    ... (1) checkout failed (error: -5) ("FLEXnet ERROR(-5, 0, 0): No such feature exists.")
2026-02-20 18:10:45.908833 (2575799) lic_core INFO    (2) checking out 'jasper_fao' ...
2026-02-20 18:10:45.919059 (2575799) lic_core INFO    ... (2) checkout succeeded
2026-02-20 18:10:45.933362 (2575799) session_ INFO    Starting analysis session with session id 'session_0' (launcher: <local>) ...
2026-02-20 18:10:45.936562 (2575799) session_ INFO    Analysis session with session id 'session_0' started (pid: 2575807)
2026-02-20 18:10:46.684006 (2575799) session_ INFO    Analysis session 'session_0' connected to the console (host: 127.0.0.1:56804)
2026-02-20 18:10:47.276515 (2575799) main____ INFO    About to exit: request to exit with status 1 received from analysis session 'session_0'
2026-02-20 18:10:47.380921 (2575799) session_ INFO    Analysis session 'session_0' disconnected.
2026-02-20 18:10:47.381079 (2575799) lic__man INFO    Unclaim everything for 'session_0'.
2026-02-20 18:10:47.381725 (2575799) session_ INFO    Process for analysis session 'session_0' has exited with exit status '1'.
2026-02-20 18:10:49.182536 (2575799) lic_core INFO    (2) checkin jasper_fao
2026-02-20 18:10:49.184058 (2575799) main____ INFO    Exiting with status 1.
