2026-02-20 17:50:02.325224 (2556631) main____ INFO    ----------------------------------------
2026-02-20 17:50:02.325337 (2556631) main____ INFO    JasperGold version info
2026-02-20 17:50:02.325358 (2556631) main____ INFO      tool      : JasperGold 2021.03
2026-02-20 17:50:02.325366 (2556631) main____ INFO      version   : 2021.03 FCS 64 bits
2026-02-20 17:50:02.325371 (2556631) main____ INFO      build date: 2021.03.23 02:50:43 UTC
2026-02-20 17:50:02.325376 (2556631) main____ INFO    ----------------------------------------
2026-02-20 17:50:02.325379 (2556631) main____ INFO    Runtime info:
2026-02-20 17:50:02.325392 (2556631) main____ INFO      platform  : Linux 5.14.0-570.84.1.el9_6.x86_64 x86_64
2026-02-20 17:50:02.325398 (2556631) main____ INFO      hostname  : della-i13n22
2026-02-20 17:50:02.325403 (2556631) main____ INFO      pid       : 2556631
2026-02-20 17:50:02.325407 (2556631) main____ INFO      arguments : '-style' 'windows' '-batch' '-proj' 'verification_results/00489/jgproject' '-tcl' './jasper_verif_check.tcl'
2026-02-20 17:50:02.325415 (2556631) main____ INFO      locale    : UTF-8
2026-02-20 17:50:02.325419 (2556631) main____ INFO    ----------------------------------------
2026-02-20 17:50:02.325422 (2556631) main____ INFO    System resource limits info:
2026-02-20 17:50:02.325427 (2556631) main____ INFO      virtual memory: unlimited
2026-02-20 17:50:02.325431 (2556631) main____ INFO      cpu time      : unlimited
2026-02-20 17:50:02.325435 (2556631) main____ INFO      stack size    : unlimited
2026-02-20 17:50:02.325439 (2556631) main____ INFO      core file size: unlimited
2026-02-20 17:50:02.325446 (2556631) main____ INFO      open files    : 131072
2026-02-20 17:50:02.325450 (2556631) main____ INFO      file size     : unlimited
2026-02-20 17:50:02.325454 (2556631) main____ INFO    ----------------------------------------
2026-02-20 17:50:02.325457 (2556631) main____ INFO    Memory statistics:
2026-02-20 17:50:02.325461 (2556631) main____ INFO      total physical memory  : 394157548 kB
2026-02-20 17:50:02.325465 (2556631) main____ INFO      free physical memory   : 189537812 kB
2026-02-20 17:50:02.325469 (2556631) main____ INFO      committed address space: 169229028 kB
2026-02-20 17:50:02.325472 (2556631) main____ INFO    ----------------------------------------
2026-02-20 17:50:02.326357 (2556631) main____ INFO    Important environment variables:
2026-02-20 17:50:02.326376 (2556631) main____ INFO      JASPER_HOME       : '/usr/licensed/cadence-20210126/jasper_2021.03'
2026-02-20 17:50:02.326382 (2556631) main____ INFO      JASPER_INSTALL_DIR: '/scratch/gpfs/LICENSED/x86_64/cadence-20210126/jasper_2021.03'
2026-02-20 17:50:02.326395 (2556631) main____ INFO      LANG              : 'en_US.UTF-8'
2026-02-20 17:50:02.326399 (2556631) main____ INFO      LM_LICENSE_FILE   : '5280@license.rc.princeton.edu'
2026-02-20 17:50:02.326404 (2556631) main____ INFO      TMPDIR            : '/tmp'
2026-02-20 17:50:02.326408 (2556631) main____ INFO    ----------------------------------------
2026-02-20 17:50:02.327380 (2556631) lic_core INFO    Initializing license system ...
2026-02-20 17:50:02.328289 (2556631) lic_core INFO    ... license system initialized.
2026-02-20 17:50:02.329086 (2556631) lic__man INFO    Claim 'fpv' for <ui>.
2026-02-20 17:50:02.329134 (2556631) lic_core INFO    (1) checking out 'jasper_fpv' ...
2026-02-20 17:50:02.335430 (2556631) lic_core INFO    ... (1) checkout failed (error: -5) ("FLEXnet ERROR(-5, 0, 0): No such feature exists.")
2026-02-20 17:50:02.335501 (2556631) lic_core INFO    (2) checking out 'jasper_fao' ...
2026-02-20 17:50:02.347265 (2556631) lic_core INFO    ... (2) checkout succeeded
2026-02-20 17:50:02.361602 (2556631) session_ INFO    Starting analysis session with session id 'session_0' (launcher: <local>) ...
2026-02-20 17:50:02.364844 (2556631) session_ INFO    Analysis session with session id 'session_0' started (pid: 2556639)
2026-02-20 17:50:03.121761 (2556631) session_ INFO    Analysis session 'session_0' connected to the console (host: 127.0.0.1:53904)
2026-02-20 17:50:04.002511 (2556631) main____ INFO    About to exit: request to exit with status 1 received from analysis session 'session_0'
2026-02-20 17:50:04.092587 (2556631) session_ INFO    Analysis session 'session_0' disconnected.
2026-02-20 17:50:04.092756 (2556631) lic__man INFO    Unclaim everything for 'session_0'.
2026-02-20 17:50:04.093402 (2556631) session_ INFO    Process for analysis session 'session_0' has exited with exit status '1'.
2026-02-20 17:50:06.039060 (2556631) lic_core INFO    (2) checkin jasper_fao
2026-02-20 17:50:06.040621 (2556631) main____ INFO    Exiting with status 1.
