2026-02-23 13:41:36.369632 (1374619) main____ INFO    ----------------------------------------
2026-02-23 13:41:36.369748 (1374619) main____ INFO    JasperGold version info
2026-02-23 13:41:36.369767 (1374619) main____ INFO      tool      : JasperGold 2021.03
2026-02-23 13:41:36.369778 (1374619) main____ INFO      version   : 2021.03 FCS 64 bits
2026-02-23 13:41:36.369784 (1374619) main____ INFO      build date: 2021.03.23 02:50:43 UTC
2026-02-23 13:41:36.369788 (1374619) main____ INFO    ----------------------------------------
2026-02-23 13:41:36.369792 (1374619) main____ INFO    Runtime info:
2026-02-23 13:41:36.369797 (1374619) main____ INFO      platform  : Linux 5.14.0-570.84.1.el9_6.x86_64 x86_64
2026-02-23 13:41:36.369804 (1374619) main____ INFO      hostname  : della-r3c3n3
2026-02-23 13:41:36.369809 (1374619) main____ INFO      pid       : 1374619
2026-02-23 13:41:36.369813 (1374619) main____ INFO      arguments : '-style' 'windows' '-batch' '-proj' './verification_results/00961/jgproject' '-tcl' './jasper_verif_check.tcl'
2026-02-23 13:41:36.369824 (1374619) main____ INFO      locale    : UTF-8
2026-02-23 13:41:36.369828 (1374619) main____ INFO    ----------------------------------------
2026-02-23 13:41:36.369832 (1374619) main____ INFO    System resource limits info:
2026-02-23 13:41:36.369836 (1374619) main____ INFO      virtual memory: unlimited
2026-02-23 13:41:36.369841 (1374619) main____ INFO      cpu time      : unlimited
2026-02-23 13:41:36.369845 (1374619) main____ INFO      stack size    : unlimited
2026-02-23 13:41:36.369849 (1374619) main____ INFO      core file size: unlimited
2026-02-23 13:41:36.369857 (1374619) main____ INFO      open files    : 131072
2026-02-23 13:41:36.369862 (1374619) main____ INFO      file size     : unlimited
2026-02-23 13:41:36.369866 (1374619) main____ INFO    ----------------------------------------
2026-02-23 13:41:36.369870 (1374619) main____ INFO    Memory statistics:
2026-02-23 13:41:36.369875 (1374619) main____ INFO      total physical memory  : 195972168 kB
2026-02-23 13:41:36.369879 (1374619) main____ INFO      free physical memory   : 108439784 kB
2026-02-23 13:41:36.369883 (1374619) main____ INFO      committed address space: 56107900 kB
2026-02-23 13:41:36.369887 (1374619) main____ INFO    ----------------------------------------
2026-02-23 13:41:36.370901 (1374619) main____ INFO    Important environment variables:
2026-02-23 13:41:36.370927 (1374619) main____ INFO      JASPER_HOME       : '/usr/licensed/cadence-20210126/jasper_2021.03'
2026-02-23 13:41:36.370933 (1374619) main____ INFO      JASPER_INSTALL_DIR: '/scratch/gpfs/LICENSED/x86_64/cadence-20210126/jasper_2021.03'
2026-02-23 13:41:36.370939 (1374619) main____ INFO      LANG              : 'en_US.UTF-8'
2026-02-23 13:41:36.370944 (1374619) main____ INFO      LM_LICENSE_FILE   : '5280@license.rc.princeton.edu'
2026-02-23 13:41:36.370949 (1374619) main____ INFO      TMPDIR            : '/tmp/ab2113/jg_5018805_11'
2026-02-23 13:41:36.370953 (1374619) main____ INFO    ----------------------------------------
2026-02-23 13:41:36.371494 (1374619) lic_core INFO    Initializing license system ...
2026-02-23 13:41:36.372421 (1374619) lic_core INFO    ... license system initialized.
2026-02-23 13:41:36.373289 (1374619) lic__man INFO    Claim 'fpv' for <ui>.
2026-02-23 13:41:36.373336 (1374619) lic_core INFO    (1) checking out 'jasper_fpv' ...
2026-02-23 13:41:36.379384 (1374619) lic_core INFO    ... (1) checkout failed (error: -5) ("FLEXnet ERROR(-5, 0, 0): No such feature exists.")
2026-02-23 13:41:36.379455 (1374619) lic_core INFO    (2) checking out 'jasper_fao' ...
2026-02-23 13:41:36.389861 (1374619) lic_core INFO    ... (2) checkout succeeded
2026-02-23 13:41:36.405130 (1374619) session_ INFO    Starting analysis session with session id 'session_0' (launcher: <local>) ...
2026-02-23 13:41:36.408551 (1374619) session_ INFO    Analysis session with session id 'session_0' started (pid: 1374627)
2026-02-23 13:41:37.193093 (1374619) session_ INFO    Analysis session 'session_0' connected to the console (host: 127.0.0.1:37318)
2026-02-23 13:41:37.805593 (1374619) main____ INFO    About to exit: request to exit with status 1 received from analysis session 'session_0'
2026-02-23 13:41:37.912984 (1374619) session_ INFO    Analysis session 'session_0' disconnected.
2026-02-23 13:41:37.913140 (1374619) lic__man INFO    Unclaim everything for 'session_0'.
2026-02-23 13:41:37.913857 (1374619) session_ INFO    Process for analysis session 'session_0' has exited with exit status '1'.
2026-02-23 13:41:39.911043 (1374619) lic_core INFO    (2) checkin jasper_fao
2026-02-23 13:41:39.912541 (1374619) main____ INFO    Exiting with status 1.
