2026-02-23 14:11:24.159124 (1802668) main____ INFO    ----------------------------------------
2026-02-23 14:11:24.159206 (1802668) main____ INFO    JasperGold version info
2026-02-23 14:11:24.159222 (1802668) main____ INFO      tool      : JasperGold 2021.03
2026-02-23 14:11:24.159237 (1802668) main____ INFO      version   : 2021.03 FCS 64 bits
2026-02-23 14:11:24.159242 (1802668) main____ INFO      build date: 2021.03.23 02:50:43 UTC
2026-02-23 14:11:24.159248 (1802668) main____ INFO    ----------------------------------------
2026-02-23 14:11:24.159253 (1802668) main____ INFO    Runtime info:
2026-02-23 14:11:24.159258 (1802668) main____ INFO      platform  : Linux 5.14.0-570.84.1.el9_6.x86_64 x86_64
2026-02-23 14:11:24.159264 (1802668) main____ INFO      hostname  : della-h14n7
2026-02-23 14:11:24.159270 (1802668) main____ INFO      pid       : 1802668
2026-02-23 14:11:24.159275 (1802668) main____ INFO      arguments : '-style' 'windows' '-batch' '-proj' './verification_results/03743/jgproject' '-tcl' './jasper_verif_check.tcl'
2026-02-23 14:11:24.159283 (1802668) main____ INFO      locale    : UTF-8
2026-02-23 14:11:24.159288 (1802668) main____ INFO    ----------------------------------------
2026-02-23 14:11:24.159293 (1802668) main____ INFO    System resource limits info:
2026-02-23 14:11:24.159297 (1802668) main____ INFO      virtual memory: unlimited
2026-02-23 14:11:24.159302 (1802668) main____ INFO      cpu time      : unlimited
2026-02-23 14:11:24.159307 (1802668) main____ INFO      stack size    : unlimited
2026-02-23 14:11:24.159312 (1802668) main____ INFO      core file size: unlimited
2026-02-23 14:11:24.159319 (1802668) main____ INFO      open files    : 131072
2026-02-23 14:11:24.159324 (1802668) main____ INFO      file size     : unlimited
2026-02-23 14:11:24.159328 (1802668) main____ INFO    ----------------------------------------
2026-02-23 14:11:24.159333 (1802668) main____ INFO    Memory statistics:
2026-02-23 14:11:24.159338 (1802668) main____ INFO      total physical memory  : 1584164356 kB
2026-02-23 14:11:24.159343 (1802668) main____ INFO      free physical memory   : 923217888 kB
2026-02-23 14:11:24.159348 (1802668) main____ INFO      committed address space: 490829404 kB
2026-02-23 14:11:24.159353 (1802668) main____ INFO    ----------------------------------------
2026-02-23 14:11:24.159861 (1802668) main____ INFO    Important environment variables:
2026-02-23 14:11:24.159874 (1802668) main____ INFO      JASPER_HOME       : '/usr/licensed/cadence-20210126/jasper_2021.03'
2026-02-23 14:11:24.159880 (1802668) main____ INFO      JASPER_INSTALL_DIR: '/scratch/gpfs/LICENSED/x86_64/cadence-20210126/jasper_2021.03'
2026-02-23 14:11:24.159886 (1802668) main____ INFO      LANG              : 'en_US.UTF-8'
2026-02-23 14:11:24.159891 (1802668) main____ INFO      LM_LICENSE_FILE   : '5280@license.rc.princeton.edu'
2026-02-23 14:11:24.159897 (1802668) main____ INFO      TMPDIR            : '/tmp/ab2113/jg_5019054_67'
2026-02-23 14:11:24.159902 (1802668) main____ INFO    ----------------------------------------
2026-02-23 14:11:24.160341 (1802668) lic_core INFO    Initializing license system ...
2026-02-23 14:11:24.160859 (1802668) lic_core INFO    ... license system initialized.
2026-02-23 14:11:24.161635 (1802668) lic__man INFO    Claim 'fpv' for <ui>.
2026-02-23 14:11:24.161666 (1802668) lic_core INFO    (1) checking out 'jasper_fpv' ...
2026-02-23 14:11:24.167928 (1802668) lic_core INFO    ... (1) checkout failed (error: -5) ("FLEXnet ERROR(-5, 0, 0): No such feature exists.")
2026-02-23 14:11:24.167956 (1802668) lic_core INFO    (2) checking out 'jasper_fao' ...
2026-02-23 14:11:24.177880 (1802668) lic_core INFO    ... (2) checkout succeeded
2026-02-23 14:11:24.188676 (1802668) session_ INFO    Starting analysis session with session id 'session_0' (launcher: <local>) ...
2026-02-23 14:11:24.191119 (1802668) session_ INFO    Analysis session with session id 'session_0' started (pid: 1802676)
2026-02-23 14:11:24.732031 (1802668) session_ INFO    Analysis session 'session_0' connected to the console (host: 127.0.0.1:50682)
2026-02-23 14:11:25.481250 (1802668) lic__man INFO    Unclaim everything for 'session_0'.
2026-02-23 14:11:25.511415 (1802668) lic__man INFO    Claim 'fpv' for 'session_0'.
2026-02-23 14:11:25.511449 (1802668) lic__man INFO    Claim 'fpv' for 'session_0/prove-0'.
2026-02-23 14:11:25.655586 (1802668) lic__man INFO    Unclaim everything for 'session_0/prove-0'.
2026-02-23 14:11:25.708303 (1802668) main____ INFO    About to exit: request to exit with status 0 received from analysis session 'session_0'
2026-02-23 14:11:25.767699 (1802668) session_ INFO    Analysis session 'session_0' disconnected.
2026-02-23 14:11:25.767813 (1802668) lic__man INFO    Unclaim everything for 'session_0'.
2026-02-23 14:11:25.768759 (1802668) session_ INFO    Process for analysis session 'session_0' has exited with exit status '0'.
2026-02-23 14:11:27.614251 (1802668) lic_core INFO    (2) checkin jasper_fao
2026-02-23 14:11:27.615522 (1802668) main____ INFO    Exiting with status 0.
