2026-02-23 13:45:42.078314 (933338) main____ INFO    ----------------------------------------
2026-02-23 13:45:42.078394 (933338) main____ INFO    JasperGold version info
2026-02-23 13:45:42.078412 (933338) main____ INFO      tool      : JasperGold 2021.03
2026-02-23 13:45:42.078420 (933338) main____ INFO      version   : 2021.03 FCS 64 bits
2026-02-23 13:45:42.078425 (933338) main____ INFO      build date: 2021.03.23 02:50:43 UTC
2026-02-23 13:45:42.078429 (933338) main____ INFO    ----------------------------------------
2026-02-23 13:45:42.078433 (933338) main____ INFO    Runtime info:
2026-02-23 13:45:42.078437 (933338) main____ INFO      platform  : Linux 5.14.0-570.84.1.el9_6.x86_64 x86_64
2026-02-23 13:45:42.078443 (933338) main____ INFO      hostname  : della-i13n12
2026-02-23 13:45:42.078448 (933338) main____ INFO      pid       : 933338
2026-02-23 13:45:42.078452 (933338) main____ INFO      arguments : '-style' 'windows' '-batch' '-proj' './verification_results/02137/jgproject' '-tcl' './jasper_verif_check.tcl'
2026-02-23 13:45:42.078459 (933338) main____ INFO      locale    : UTF-8
2026-02-23 13:45:42.078463 (933338) main____ INFO    ----------------------------------------
2026-02-23 13:45:42.078466 (933338) main____ INFO    System resource limits info:
2026-02-23 13:45:42.078471 (933338) main____ INFO      virtual memory: unlimited
2026-02-23 13:45:42.078475 (933338) main____ INFO      cpu time      : unlimited
2026-02-23 13:45:42.078479 (933338) main____ INFO      stack size    : unlimited
2026-02-23 13:45:42.078483 (933338) main____ INFO      core file size: unlimited
2026-02-23 13:45:42.078490 (933338) main____ INFO      open files    : 131072
2026-02-23 13:45:42.078494 (933338) main____ INFO      file size     : unlimited
2026-02-23 13:45:42.078498 (933338) main____ INFO    ----------------------------------------
2026-02-23 13:45:42.078502 (933338) main____ INFO    Memory statistics:
2026-02-23 13:45:42.078506 (933338) main____ INFO      total physical memory  : 394157548 kB
2026-02-23 13:45:42.078510 (933338) main____ INFO      free physical memory   : 224181952 kB
2026-02-23 13:45:42.078513 (933338) main____ INFO      committed address space: 109485816 kB
2026-02-23 13:45:42.078517 (933338) main____ INFO    ----------------------------------------
2026-02-23 13:45:42.079410 (933338) main____ INFO    Important environment variables:
2026-02-23 13:45:42.079430 (933338) main____ INFO      JASPER_HOME       : '/usr/licensed/cadence-20210126/jasper_2021.03'
2026-02-23 13:45:42.079436 (933338) main____ INFO      JASPER_INSTALL_DIR: '/scratch/gpfs/LICENSED/x86_64/cadence-20210126/jasper_2021.03'
2026-02-23 13:45:42.079441 (933338) main____ INFO      LANG              : 'en_US.UTF-8'
2026-02-23 13:45:42.079445 (933338) main____ INFO      LM_LICENSE_FILE   : '5280@license.rc.princeton.edu'
2026-02-23 13:45:42.079450 (933338) main____ INFO      TMPDIR            : '/tmp/ab2113/jg_5018894_35'
2026-02-23 13:45:42.079454 (933338) main____ INFO    ----------------------------------------
2026-02-23 13:45:42.080247 (933338) lic_core INFO    Initializing license system ...
2026-02-23 13:45:42.081008 (933338) lic_core INFO    ... license system initialized.
2026-02-23 13:45:42.081697 (933338) lic__man INFO    Claim 'fpv' for <ui>.
2026-02-23 13:45:42.081731 (933338) lic_core INFO    (1) checking out 'jasper_fpv' ...
2026-02-23 13:45:42.087155 (933338) lic_core INFO    ... (1) checkout failed (error: -5) ("FLEXnet ERROR(-5, 0, 0): No such feature exists.")
2026-02-23 13:45:42.087184 (933338) lic_core INFO    (2) checking out 'jasper_fao' ...
2026-02-23 13:45:42.097591 (933338) lic_core INFO    ... (2) checkout succeeded
2026-02-23 13:45:42.110737 (933338) session_ INFO    Starting analysis session with session id 'session_0' (launcher: <local>) ...
2026-02-23 13:45:42.113347 (933338) session_ INFO    Analysis session with session id 'session_0' started (pid: 933346)
2026-02-23 13:45:42.724139 (933338) session_ INFO    Analysis session 'session_0' connected to the console (host: 127.0.0.1:54676)
2026-02-23 13:45:43.520506 (933338) lic__man INFO    Unclaim everything for 'session_0'.
2026-02-23 13:45:43.563360 (933338) lic__man INFO    Claim 'fpv' for 'session_0'.
2026-02-23 13:45:43.563396 (933338) lic__man INFO    Claim 'fpv' for 'session_0/prove-0'.
2026-02-23 13:45:43.686083 (933338) lic__man INFO    Unclaim everything for 'session_0/prove-0'.
2026-02-23 13:45:43.741175 (933338) main____ INFO    About to exit: request to exit with status 0 received from analysis session 'session_0'
2026-02-23 13:45:43.815699 (933338) session_ INFO    Analysis session 'session_0' disconnected.
2026-02-23 13:45:43.815804 (933338) lic__man INFO    Unclaim everything for 'session_0'.
2026-02-23 13:45:43.816334 (933338) session_ INFO    Process for analysis session 'session_0' has exited with exit status '0'.
2026-02-23 13:45:45.848792 (933338) lic_core INFO    (2) checkin jasper_fao
2026-02-23 13:45:45.850419 (933338) main____ INFO    Exiting with status 0.
