2026-02-23 14:01:31.127169 (351478) main____ INFO    ----------------------------------------
2026-02-23 14:01:31.127238 (351478) main____ INFO    JasperGold version info
2026-02-23 14:01:31.127257 (351478) main____ INFO      tool      : JasperGold 2021.03
2026-02-23 14:01:31.127266 (351478) main____ INFO      version   : 2021.03 FCS 64 bits
2026-02-23 14:01:31.127271 (351478) main____ INFO      build date: 2021.03.23 02:50:43 UTC
2026-02-23 14:01:31.127277 (351478) main____ INFO    ----------------------------------------
2026-02-23 14:01:31.127281 (351478) main____ INFO    Runtime info:
2026-02-23 14:01:31.127287 (351478) main____ INFO      platform  : Linux 5.14.0-570.84.1.el9_6.x86_64 x86_64
2026-02-23 14:01:31.127293 (351478) main____ INFO      hostname  : della-h16n10
2026-02-23 14:01:31.127298 (351478) main____ INFO      pid       : 351478
2026-02-23 14:01:31.127303 (351478) main____ INFO      arguments : '-style' 'windows' '-batch' '-proj' './verification_results/01761/jgproject' '-tcl' './jasper_verif_check.tcl'
2026-02-23 14:01:31.127310 (351478) main____ INFO      locale    : UTF-8
2026-02-23 14:01:31.127315 (351478) main____ INFO    ----------------------------------------
2026-02-23 14:01:31.127320 (351478) main____ INFO    System resource limits info:
2026-02-23 14:01:31.127325 (351478) main____ INFO      virtual memory: unlimited
2026-02-23 14:01:31.127330 (351478) main____ INFO      cpu time      : unlimited
2026-02-23 14:01:31.127335 (351478) main____ INFO      stack size    : unlimited
2026-02-23 14:01:31.127340 (351478) main____ INFO      core file size: unlimited
2026-02-23 14:01:31.127346 (351478) main____ INFO      open files    : 131072
2026-02-23 14:01:31.127352 (351478) main____ INFO      file size     : unlimited
2026-02-23 14:01:31.127356 (351478) main____ INFO    ----------------------------------------
2026-02-23 14:01:31.127361 (351478) main____ INFO    Memory statistics:
2026-02-23 14:01:31.127367 (351478) main____ INFO      total physical memory  : 1584164356 kB
2026-02-23 14:01:31.127371 (351478) main____ INFO      free physical memory   : 976322000 kB
2026-02-23 14:01:31.127376 (351478) main____ INFO      committed address space: 600328996 kB
2026-02-23 14:01:31.127381 (351478) main____ INFO    ----------------------------------------
2026-02-23 14:01:31.127888 (351478) main____ INFO    Important environment variables:
2026-02-23 14:01:31.127900 (351478) main____ INFO      JASPER_HOME       : '/usr/licensed/cadence-20210126/jasper_2021.03'
2026-02-23 14:01:31.127906 (351478) main____ INFO      JASPER_INSTALL_DIR: '/scratch/gpfs/LICENSED/x86_64/cadence-20210126/jasper_2021.03'
2026-02-23 14:01:31.127912 (351478) main____ INFO      LANG              : 'en_US.UTF-8'
2026-02-23 14:01:31.127917 (351478) main____ INFO      LM_LICENSE_FILE   : '5280@license.rc.princeton.edu'
2026-02-23 14:01:31.127922 (351478) main____ INFO      TMPDIR            : '/tmp/ab2113/jg_5018848_27'
2026-02-23 14:01:31.127927 (351478) main____ INFO    ----------------------------------------
2026-02-23 14:01:31.128349 (351478) lic_core INFO    Initializing license system ...
2026-02-23 14:01:31.128846 (351478) lic_core INFO    ... license system initialized.
2026-02-23 14:01:31.129549 (351478) lic__man INFO    Claim 'fpv' for <ui>.
2026-02-23 14:01:31.129580 (351478) lic_core INFO    (1) checking out 'jasper_fpv' ...
2026-02-23 14:01:31.135686 (351478) lic_core INFO    ... (1) checkout failed (error: -5) ("FLEXnet ERROR(-5, 0, 0): No such feature exists.")
2026-02-23 14:01:31.135713 (351478) lic_core INFO    (2) checking out 'jasper_fao' ...
2026-02-23 14:01:31.145250 (351478) lic_core INFO    ... (2) checkout succeeded
2026-02-23 14:01:31.155690 (351478) session_ INFO    Starting analysis session with session id 'session_0' (launcher: <local>) ...
2026-02-23 14:01:31.158105 (351478) session_ INFO    Analysis session with session id 'session_0' started (pid: 351486)
2026-02-23 14:01:31.671391 (351478) session_ INFO    Analysis session 'session_0' connected to the console (host: 127.0.0.1:33616)
2026-02-23 14:01:32.437590 (351478) lic__man INFO    Unclaim everything for 'session_0'.
2026-02-23 14:01:32.485334 (351478) lic__man INFO    Claim 'fpv' for 'session_0'.
2026-02-23 14:01:32.485365 (351478) lic__man INFO    Claim 'fpv' for 'session_0/prove-0'.
2026-02-23 14:01:32.705069 (351478) lic__man INFO    Unclaim everything for 'session_0/prove-0'.
2026-02-23 14:01:32.759181 (351478) main____ INFO    About to exit: request to exit with status 0 received from analysis session 'session_0'
2026-02-23 14:01:32.812837 (351478) session_ INFO    Analysis session 'session_0' disconnected.
2026-02-23 14:01:32.812964 (351478) lic__man INFO    Unclaim everything for 'session_0'.
2026-02-23 14:01:32.814825 (351478) session_ INFO    Process for analysis session 'session_0' has exited with exit status '0'.
2026-02-23 14:01:34.665120 (351478) lic_core INFO    (2) checkin jasper_fao
2026-02-23 14:01:34.666723 (351478) main____ INFO    Exiting with status 0.
