2026-02-23 13:40:35.794314 (1137199) main____ INFO    ----------------------------------------
2026-02-23 13:40:35.794423 (1137199) main____ INFO    JasperGold version info
2026-02-23 13:40:35.794442 (1137199) main____ INFO      tool      : JasperGold 2021.03
2026-02-23 13:40:35.794451 (1137199) main____ INFO      version   : 2021.03 FCS 64 bits
2026-02-23 13:40:35.794456 (1137199) main____ INFO      build date: 2021.03.23 02:50:43 UTC
2026-02-23 13:40:35.794460 (1137199) main____ INFO    ----------------------------------------
2026-02-23 13:40:35.794464 (1137199) main____ INFO    Runtime info:
2026-02-23 13:40:35.794469 (1137199) main____ INFO      platform  : Linux 5.14.0-570.84.1.el9_6.x86_64 x86_64
2026-02-23 13:40:35.794475 (1137199) main____ INFO      hostname  : della-i13n20
2026-02-23 13:40:35.794479 (1137199) main____ INFO      pid       : 1137199
2026-02-23 13:40:35.794484 (1137199) main____ INFO      arguments : '-style' 'windows' '-batch' '-proj' './verification_results/01420/jgproject' '-tcl' './jasper_verif_check.tcl'
2026-02-23 13:40:35.794493 (1137199) main____ INFO      locale    : UTF-8
2026-02-23 13:40:35.794497 (1137199) main____ INFO    ----------------------------------------
2026-02-23 13:40:35.794500 (1137199) main____ INFO    System resource limits info:
2026-02-23 13:40:35.794504 (1137199) main____ INFO      virtual memory: unlimited
2026-02-23 13:40:35.794508 (1137199) main____ INFO      cpu time      : unlimited
2026-02-23 13:40:35.794512 (1137199) main____ INFO      stack size    : unlimited
2026-02-23 13:40:35.794517 (1137199) main____ INFO      core file size: unlimited
2026-02-23 13:40:35.794524 (1137199) main____ INFO      open files    : 131072
2026-02-23 13:40:35.794528 (1137199) main____ INFO      file size     : unlimited
2026-02-23 13:40:35.794532 (1137199) main____ INFO    ----------------------------------------
2026-02-23 13:40:35.794535 (1137199) main____ INFO    Memory statistics:
2026-02-23 13:40:35.794539 (1137199) main____ INFO      total physical memory  : 394157552 kB
2026-02-23 13:40:35.794543 (1137199) main____ INFO      free physical memory   : 168873536 kB
2026-02-23 13:40:35.794547 (1137199) main____ INFO      committed address space: 144632132 kB
2026-02-23 13:40:35.794551 (1137199) main____ INFO    ----------------------------------------
2026-02-23 13:40:35.795520 (1137199) main____ INFO    Important environment variables:
2026-02-23 13:40:35.795536 (1137199) main____ INFO      JASPER_HOME       : '/usr/licensed/cadence-20210126/jasper_2021.03'
2026-02-23 13:40:35.795542 (1137199) main____ INFO      JASPER_INSTALL_DIR: '/scratch/gpfs/LICENSED/x86_64/cadence-20210126/jasper_2021.03'
2026-02-23 13:40:35.795548 (1137199) main____ INFO      LANG              : 'en_US.UTF-8'
2026-02-23 13:40:35.795553 (1137199) main____ INFO      LM_LICENSE_FILE   : '5280@license.rc.princeton.edu'
2026-02-23 13:40:35.795557 (1137199) main____ INFO      TMPDIR            : '/tmp/ab2113/jg_5018835_21'
2026-02-23 13:40:35.795561 (1137199) main____ INFO    ----------------------------------------
2026-02-23 13:40:35.796416 (1137199) lic_core INFO    Initializing license system ...
2026-02-23 13:40:35.797254 (1137199) lic_core INFO    ... license system initialized.
2026-02-23 13:40:35.798044 (1137199) lic__man INFO    Claim 'fpv' for <ui>.
2026-02-23 13:40:35.798084 (1137199) lic_core INFO    (1) checking out 'jasper_fpv' ...
2026-02-23 13:40:35.803658 (1137199) lic_core INFO    ... (1) checkout failed (error: -5) ("FLEXnet ERROR(-5, 0, 0): No such feature exists.")
2026-02-23 13:40:35.803717 (1137199) lic_core INFO    (2) checking out 'jasper_fao' ...
2026-02-23 13:40:35.814012 (1137199) lic_core INFO    ... (2) checkout succeeded
2026-02-23 13:40:35.828146 (1137199) session_ INFO    Starting analysis session with session id 'session_0' (launcher: <local>) ...
2026-02-23 13:40:35.831685 (1137199) session_ INFO    Analysis session with session id 'session_0' started (pid: 1137207)
2026-02-23 13:40:36.542752 (1137199) session_ INFO    Analysis session 'session_0' connected to the console (host: 127.0.0.1:43688)
2026-02-23 13:40:37.381915 (1137199) lic__man INFO    Unclaim everything for 'session_0'.
2026-02-23 13:40:37.429478 (1137199) lic__man INFO    Claim 'fpv' for 'session_0'.
2026-02-23 13:40:37.429526 (1137199) lic__man INFO    Claim 'fpv' for 'session_0/prove-0'.
2026-02-23 13:40:37.569396 (1137199) lic__man INFO    Unclaim everything for 'session_0/prove-0'.
2026-02-23 13:40:37.627225 (1137199) main____ INFO    About to exit: request to exit with status 0 received from analysis session 'session_0'
2026-02-23 13:40:37.717979 (1137199) session_ INFO    Analysis session 'session_0' disconnected.
2026-02-23 13:40:37.718108 (1137199) lic__man INFO    Unclaim everything for 'session_0'.
2026-02-23 13:40:37.718740 (1137199) session_ INFO    Process for analysis session 'session_0' has exited with exit status '0'.
2026-02-23 13:40:39.548993 (1137199) lic_core INFO    (2) checkin jasper_fao
2026-02-23 13:40:39.550631 (1137199) main____ INFO    Exiting with status 0.
