2026-02-23 13:58:08.356750 (3186296) main____ INFO    ----------------------------------------
2026-02-23 13:58:08.356819 (3186296) main____ INFO    JasperGold version info
2026-02-23 13:58:08.356835 (3186296) main____ INFO      tool      : JasperGold 2021.03
2026-02-23 13:58:08.356844 (3186296) main____ INFO      version   : 2021.03 FCS 64 bits
2026-02-23 13:58:08.356850 (3186296) main____ INFO      build date: 2021.03.23 02:50:43 UTC
2026-02-23 13:58:08.356855 (3186296) main____ INFO    ----------------------------------------
2026-02-23 13:58:08.356860 (3186296) main____ INFO    Runtime info:
2026-02-23 13:58:08.356866 (3186296) main____ INFO      platform  : Linux 5.14.0-570.84.1.el9_6.x86_64 x86_64
2026-02-23 13:58:08.356872 (3186296) main____ INFO      hostname  : della-r3c3n1
2026-02-23 13:58:08.356877 (3186296) main____ INFO      pid       : 3186296
2026-02-23 13:58:08.356883 (3186296) main____ INFO      arguments : '-style' 'windows' '-batch' '-proj' './verification_results/04616/jgproject' '-tcl' './jasper_verif_check.tcl'
2026-02-23 13:58:08.356891 (3186296) main____ INFO      locale    : UTF-8
2026-02-23 13:58:08.356896 (3186296) main____ INFO    ----------------------------------------
2026-02-23 13:58:08.356901 (3186296) main____ INFO    System resource limits info:
2026-02-23 13:58:08.356906 (3186296) main____ INFO      virtual memory: unlimited
2026-02-23 13:58:08.356911 (3186296) main____ INFO      cpu time      : unlimited
2026-02-23 13:58:08.356916 (3186296) main____ INFO      stack size    : unlimited
2026-02-23 13:58:08.356921 (3186296) main____ INFO      core file size: unlimited
2026-02-23 13:58:08.356928 (3186296) main____ INFO      open files    : 131072
2026-02-23 13:58:08.356933 (3186296) main____ INFO      file size     : unlimited
2026-02-23 13:58:08.356937 (3186296) main____ INFO    ----------------------------------------
2026-02-23 13:58:08.356942 (3186296) main____ INFO    Memory statistics:
2026-02-23 13:58:08.356948 (3186296) main____ INFO      total physical memory  : 195972176 kB
2026-02-23 13:58:08.356952 (3186296) main____ INFO      free physical memory   : 119143896 kB
2026-02-23 13:58:08.356958 (3186296) main____ INFO      committed address space: 22688884 kB
2026-02-23 13:58:08.356963 (3186296) main____ INFO    ----------------------------------------
2026-02-23 13:58:08.357909 (3186296) main____ INFO    Important environment variables:
2026-02-23 13:58:08.357923 (3186296) main____ INFO      JASPER_HOME       : '/usr/licensed/cadence-20210126/jasper_2021.03'
2026-02-23 13:58:08.357931 (3186296) main____ INFO      JASPER_INSTALL_DIR: '/scratch/gpfs/LICENSED/x86_64/cadence-20210126/jasper_2021.03'
2026-02-23 13:58:08.357937 (3186296) main____ INFO      LANG              : 'en_US.UTF-8'
2026-02-23 13:58:08.357943 (3186296) main____ INFO      LM_LICENSE_FILE   : '5280@license.rc.princeton.edu'
2026-02-23 13:58:08.357949 (3186296) main____ INFO      TMPDIR            : '/tmp/ab2113/jg_5019172_85'
2026-02-23 13:58:08.357954 (3186296) main____ INFO    ----------------------------------------
2026-02-23 13:58:08.358348 (3186296) lic_core INFO    Initializing license system ...
2026-02-23 13:58:08.359102 (3186296) lic_core INFO    ... license system initialized.
2026-02-23 13:58:08.359784 (3186296) lic__man INFO    Claim 'fpv' for <ui>.
2026-02-23 13:58:08.359819 (3186296) lic_core INFO    (1) checking out 'jasper_fpv' ...
2026-02-23 13:58:08.365635 (3186296) lic_core INFO    ... (1) checkout failed (error: -5) ("FLEXnet ERROR(-5, 0, 0): No such feature exists.")
2026-02-23 13:58:08.365668 (3186296) lic_core INFO    (2) checking out 'jasper_fao' ...
2026-02-23 13:58:08.376313 (3186296) lic_core INFO    ... (2) checkout succeeded
2026-02-23 13:58:08.390707 (3186296) session_ INFO    Starting analysis session with session id 'session_0' (launcher: <local>) ...
2026-02-23 13:58:08.393320 (3186296) session_ INFO    Analysis session with session id 'session_0' started (pid: 3186304)
2026-02-23 13:58:09.100110 (3186296) session_ INFO    Analysis session 'session_0' connected to the console (host: 127.0.0.1:53684)
2026-02-23 13:58:09.756426 (3186296) main____ INFO    About to exit: request to exit with status 1 received from analysis session 'session_0'
2026-02-23 13:58:09.826004 (3186296) session_ INFO    Analysis session 'session_0' disconnected.
2026-02-23 13:58:09.826117 (3186296) lic__man INFO    Unclaim everything for 'session_0'.
2026-02-23 13:58:09.826855 (3186296) session_ INFO    Process for analysis session 'session_0' has exited with exit status '1'.
2026-02-23 13:58:11.660990 (3186296) lic_core INFO    (2) checkin jasper_fao
2026-02-23 13:58:11.662492 (3186296) main____ INFO    Exiting with status 1.
