2026-02-23 13:47:57.302972 (1149122) main____ INFO    ----------------------------------------
2026-02-23 13:47:57.303081 (1149122) main____ INFO    JasperGold version info
2026-02-23 13:47:57.303099 (1149122) main____ INFO      tool      : JasperGold 2021.03
2026-02-23 13:47:57.303109 (1149122) main____ INFO      version   : 2021.03 FCS 64 bits
2026-02-23 13:47:57.303113 (1149122) main____ INFO      build date: 2021.03.23 02:50:43 UTC
2026-02-23 13:47:57.303117 (1149122) main____ INFO    ----------------------------------------
2026-02-23 13:47:57.303121 (1149122) main____ INFO    Runtime info:
2026-02-23 13:47:57.303125 (1149122) main____ INFO      platform  : Linux 5.14.0-570.84.1.el9_6.x86_64 x86_64
2026-02-23 13:47:57.303138 (1149122) main____ INFO      hostname  : della-i13n20
2026-02-23 13:47:57.303143 (1149122) main____ INFO      pid       : 1149122
2026-02-23 13:47:57.303147 (1149122) main____ INFO      arguments : '-style' 'windows' '-batch' '-proj' './verification_results/02781/jgproject' '-tcl' './jasper_verif_check.tcl'
2026-02-23 13:47:57.303155 (1149122) main____ INFO      locale    : UTF-8
2026-02-23 13:47:57.303159 (1149122) main____ INFO    ----------------------------------------
2026-02-23 13:47:57.303162 (1149122) main____ INFO    System resource limits info:
2026-02-23 13:47:57.303166 (1149122) main____ INFO      virtual memory: unlimited
2026-02-23 13:47:57.303170 (1149122) main____ INFO      cpu time      : unlimited
2026-02-23 13:47:57.303174 (1149122) main____ INFO      stack size    : unlimited
2026-02-23 13:47:57.303179 (1149122) main____ INFO      core file size: unlimited
2026-02-23 13:47:57.303186 (1149122) main____ INFO      open files    : 131072
2026-02-23 13:47:57.303190 (1149122) main____ INFO      file size     : unlimited
2026-02-23 13:47:57.303194 (1149122) main____ INFO    ----------------------------------------
2026-02-23 13:47:57.303197 (1149122) main____ INFO    Memory statistics:
2026-02-23 13:47:57.303202 (1149122) main____ INFO      total physical memory  : 394157552 kB
2026-02-23 13:47:57.303205 (1149122) main____ INFO      free physical memory   : 196402236 kB
2026-02-23 13:47:57.303209 (1149122) main____ INFO      committed address space: 147107996 kB
2026-02-23 13:47:57.303212 (1149122) main____ INFO    ----------------------------------------
2026-02-23 13:47:57.304123 (1149122) main____ INFO    Important environment variables:
2026-02-23 13:47:57.304151 (1149122) main____ INFO      JASPER_HOME       : '/usr/licensed/cadence-20210126/jasper_2021.03'
2026-02-23 13:47:57.304157 (1149122) main____ INFO      JASPER_INSTALL_DIR: '/scratch/gpfs/LICENSED/x86_64/cadence-20210126/jasper_2021.03'
2026-02-23 13:47:57.304162 (1149122) main____ INFO      LANG              : 'en_US.UTF-8'
2026-02-23 13:47:57.304166 (1149122) main____ INFO      LM_LICENSE_FILE   : '5280@license.rc.princeton.edu'
2026-02-23 13:47:57.304171 (1149122) main____ INFO      TMPDIR            : '/tmp/ab2113/jg_5018948_48'
2026-02-23 13:47:57.304175 (1149122) main____ INFO    ----------------------------------------
2026-02-23 13:47:57.304680 (1149122) lic_core INFO    Initializing license system ...
2026-02-23 13:47:57.305571 (1149122) lic_core INFO    ... license system initialized.
2026-02-23 13:47:57.306361 (1149122) lic__man INFO    Claim 'fpv' for <ui>.
2026-02-23 13:47:57.306405 (1149122) lic_core INFO    (1) checking out 'jasper_fpv' ...
2026-02-23 13:47:57.311969 (1149122) lic_core INFO    ... (1) checkout failed (error: -5) ("FLEXnet ERROR(-5, 0, 0): No such feature exists.")
2026-02-23 13:47:57.312028 (1149122) lic_core INFO    (2) checking out 'jasper_fao' ...
2026-02-23 13:47:57.322556 (1149122) lic_core INFO    ... (2) checkout succeeded
2026-02-23 13:47:57.337605 (1149122) session_ INFO    Starting analysis session with session id 'session_0' (launcher: <local>) ...
2026-02-23 13:47:57.340709 (1149122) session_ INFO    Analysis session with session id 'session_0' started (pid: 1149130)
2026-02-23 13:47:58.059766 (1149122) session_ INFO    Analysis session 'session_0' connected to the console (host: 127.0.0.1:52604)
2026-02-23 13:47:58.630235 (1149122) main____ INFO    About to exit: request to exit with status 1 received from analysis session 'session_0'
2026-02-23 13:47:58.714001 (1149122) session_ INFO    Analysis session 'session_0' disconnected.
2026-02-23 13:47:58.714147 (1149122) lic__man INFO    Unclaim everything for 'session_0'.
2026-02-23 13:47:58.714739 (1149122) session_ INFO    Process for analysis session 'session_0' has exited with exit status '1'.
2026-02-23 13:48:00.545184 (1149122) lic_core INFO    (2) checkin jasper_fao
2026-02-23 13:48:00.546838 (1149122) main____ INFO    Exiting with status 1.
