2026-02-23 13:39:31.533018 (2846663) main____ INFO    ----------------------------------------
2026-02-23 13:39:31.533127 (2846663) main____ INFO    JasperGold version info
2026-02-23 13:39:31.533144 (2846663) main____ INFO      tool      : JasperGold 2021.03
2026-02-23 13:39:31.533154 (2846663) main____ INFO      version   : 2021.03 FCS 64 bits
2026-02-23 13:39:31.533162 (2846663) main____ INFO      build date: 2021.03.23 02:50:43 UTC
2026-02-23 13:39:31.533168 (2846663) main____ INFO    ----------------------------------------
2026-02-23 13:39:31.533174 (2846663) main____ INFO    Runtime info:
2026-02-23 13:39:31.533181 (2846663) main____ INFO      platform  : Linux 5.14.0-570.84.1.el9_6.x86_64 x86_64
2026-02-23 13:39:31.533189 (2846663) main____ INFO      hostname  : della-h16n9
2026-02-23 13:39:31.533196 (2846663) main____ INFO      pid       : 2846663
2026-02-23 13:39:31.533202 (2846663) main____ INFO      arguments : '-style' 'windows' '-batch' '-proj' './verification_results/01214/jgproject' '-tcl' './jasper_verif_check.tcl'
2026-02-23 13:39:31.533211 (2846663) main____ INFO      locale    : UTF-8
2026-02-23 13:39:31.533218 (2846663) main____ INFO    ----------------------------------------
2026-02-23 13:39:31.533225 (2846663) main____ INFO    System resource limits info:
2026-02-23 13:39:31.533231 (2846663) main____ INFO      virtual memory: unlimited
2026-02-23 13:39:31.533237 (2846663) main____ INFO      cpu time      : unlimited
2026-02-23 13:39:31.533243 (2846663) main____ INFO      stack size    : unlimited
2026-02-23 13:39:31.533248 (2846663) main____ INFO      core file size: unlimited
2026-02-23 13:39:31.533257 (2846663) main____ INFO      open files    : 131072
2026-02-23 13:39:31.533263 (2846663) main____ INFO      file size     : unlimited
2026-02-23 13:39:31.533268 (2846663) main____ INFO    ----------------------------------------
2026-02-23 13:39:31.533274 (2846663) main____ INFO    Memory statistics:
2026-02-23 13:39:31.533281 (2846663) main____ INFO      total physical memory  : 1584164368 kB
2026-02-23 13:39:31.533288 (2846663) main____ INFO      free physical memory   : 835435756 kB
2026-02-23 13:39:31.533294 (2846663) main____ INFO      committed address space: 652281284 kB
2026-02-23 13:39:31.533299 (2846663) main____ INFO    ----------------------------------------
2026-02-23 13:39:31.533875 (2846663) main____ INFO    Important environment variables:
2026-02-23 13:39:31.533905 (2846663) main____ INFO      JASPER_HOME       : '/usr/licensed/cadence-20210126/jasper_2021.03'
2026-02-23 13:39:31.533912 (2846663) main____ INFO      JASPER_INSTALL_DIR: '/scratch/gpfs/LICENSED/x86_64/cadence-20210126/jasper_2021.03'
2026-02-23 13:39:31.533919 (2846663) main____ INFO      LANG              : 'en_US.UTF-8'
2026-02-23 13:39:31.533925 (2846663) main____ INFO      LM_LICENSE_FILE   : '5280@license.rc.princeton.edu'
2026-02-23 13:39:31.533931 (2846663) main____ INFO      TMPDIR            : '/tmp/ab2113/jg_5018828_17'
2026-02-23 13:39:31.533937 (2846663) main____ INFO    ----------------------------------------
2026-02-23 13:39:31.535549 (2846663) lic_core INFO    Initializing license system ...
2026-02-23 13:39:31.539503 (2846663) lic_core INFO    ... license system initialized.
2026-02-23 13:39:31.541222 (2846663) lic__man INFO    Claim 'fpv' for <ui>.
2026-02-23 13:39:31.541319 (2846663) lic_core INFO    (1) checking out 'jasper_fpv' ...
2026-02-23 13:39:31.548111 (2846663) lic_core INFO    ... (1) checkout failed (error: -5) ("FLEXnet ERROR(-5, 0, 0): No such feature exists.")
2026-02-23 13:39:31.548141 (2846663) lic_core INFO    (2) checking out 'jasper_fao' ...
2026-02-23 13:39:31.557233 (2846663) lic_core INFO    ... (2) checkout succeeded
2026-02-23 13:39:31.592080 (2846663) session_ INFO    Starting analysis session with session id 'session_0' (launcher: <local>) ...
2026-02-23 13:39:31.596489 (2846663) session_ INFO    Analysis session with session id 'session_0' started (pid: 2846725)
2026-02-23 13:39:32.512725 (2846663) session_ INFO    Analysis session 'session_0' connected to the console (host: 127.0.0.1:59754)
2026-02-23 13:39:33.397760 (2846663) lic__man INFO    Unclaim everything for 'session_0'.
2026-02-23 13:39:33.546113 (2846663) lic__man INFO    Claim 'fpv' for 'session_0'.
2026-02-23 13:39:33.546155 (2846663) lic__man INFO    Claim 'fpv' for 'session_0/prove-0'.
2026-02-23 13:39:33.587751 (2846663) lic__man INFO    Unclaim everything for 'session_0/prove-0'.
2026-02-23 13:39:33.628984 (2846663) main____ INFO    About to exit: request to exit with status 4 received from analysis session 'session_0'
2026-02-23 13:39:33.680187 (2846663) session_ INFO    Analysis session 'session_0' disconnected.
2026-02-23 13:39:33.680323 (2846663) lic__man INFO    Unclaim everything for 'session_0'.
2026-02-23 13:39:33.681547 (2846663) session_ INFO    Process for analysis session 'session_0' has exited with exit status '4'.
2026-02-23 13:39:35.664421 (2846663) lic_core INFO    (2) checkin jasper_fao
2026-02-23 13:39:35.665690 (2846663) main____ INFO    Exiting with status 4.
