2026-02-23 13:54:56.229373 (4181158) main____ INFO    ----------------------------------------
2026-02-23 13:54:56.229461 (4181158) main____ INFO    JasperGold version info
2026-02-23 13:54:56.229481 (4181158) main____ INFO      tool      : JasperGold 2021.03
2026-02-23 13:54:56.229490 (4181158) main____ INFO      version   : 2021.03 FCS 64 bits
2026-02-23 13:54:56.229495 (4181158) main____ INFO      build date: 2021.03.23 02:50:43 UTC
2026-02-23 13:54:56.229500 (4181158) main____ INFO    ----------------------------------------
2026-02-23 13:54:56.229505 (4181158) main____ INFO    Runtime info:
2026-02-23 13:54:56.229510 (4181158) main____ INFO      platform  : Linux 5.14.0-570.84.1.el9_6.x86_64 x86_64
2026-02-23 13:54:56.229516 (4181158) main____ INFO      hostname  : della-h14n1
2026-02-23 13:54:56.229521 (4181158) main____ INFO      pid       : 4181158
2026-02-23 13:54:56.229526 (4181158) main____ INFO      arguments : '-style' 'windows' '-batch' '-proj' './verification_results/03638/jgproject' '-tcl' './jasper_verif_check.tcl'
2026-02-23 13:54:56.229534 (4181158) main____ INFO      locale    : UTF-8
2026-02-23 13:54:56.229538 (4181158) main____ INFO    ----------------------------------------
2026-02-23 13:54:56.229543 (4181158) main____ INFO    System resource limits info:
2026-02-23 13:54:56.229548 (4181158) main____ INFO      virtual memory: unlimited
2026-02-23 13:54:56.229553 (4181158) main____ INFO      cpu time      : unlimited
2026-02-23 13:54:56.229557 (4181158) main____ INFO      stack size    : unlimited
2026-02-23 13:54:56.229562 (4181158) main____ INFO      core file size: unlimited
2026-02-23 13:54:56.229569 (4181158) main____ INFO      open files    : 131072
2026-02-23 13:54:56.229574 (4181158) main____ INFO      file size     : unlimited
2026-02-23 13:54:56.229579 (4181158) main____ INFO    ----------------------------------------
2026-02-23 13:54:56.229583 (4181158) main____ INFO    Memory statistics:
2026-02-23 13:54:56.229588 (4181158) main____ INFO      total physical memory  : 1584164324 kB
2026-02-23 13:54:56.229593 (4181158) main____ INFO      free physical memory   : 716478972 kB
2026-02-23 13:54:56.229598 (4181158) main____ INFO      committed address space: 576104592 kB
2026-02-23 13:54:56.229602 (4181158) main____ INFO    ----------------------------------------
2026-02-23 13:54:56.230126 (4181158) main____ INFO    Important environment variables:
2026-02-23 13:54:56.230139 (4181158) main____ INFO      JASPER_HOME       : '/usr/licensed/cadence-20210126/jasper_2021.03'
2026-02-23 13:54:56.230145 (4181158) main____ INFO      JASPER_INSTALL_DIR: '/scratch/gpfs/LICENSED/x86_64/cadence-20210126/jasper_2021.03'
2026-02-23 13:54:56.230151 (4181158) main____ INFO      LANG              : 'en_US.UTF-8'
2026-02-23 13:54:56.230156 (4181158) main____ INFO      LM_LICENSE_FILE   : '5280@license.rc.princeton.edu'
2026-02-23 13:54:56.230161 (4181158) main____ INFO      TMPDIR            : '/tmp/ab2113/jg_5019052_65'
2026-02-23 13:54:56.230166 (4181158) main____ INFO    ----------------------------------------
2026-02-23 13:54:56.230593 (4181158) lic_core INFO    Initializing license system ...
2026-02-23 13:54:56.231149 (4181158) lic_core INFO    ... license system initialized.
2026-02-23 13:54:56.231963 (4181158) lic__man INFO    Claim 'fpv' for <ui>.
2026-02-23 13:54:56.231996 (4181158) lic_core INFO    (1) checking out 'jasper_fpv' ...
2026-02-23 13:54:56.238070 (4181158) lic_core INFO    ... (1) checkout failed (error: -5) ("FLEXnet ERROR(-5, 0, 0): No such feature exists.")
2026-02-23 13:54:56.238098 (4181158) lic_core INFO    (2) checking out 'jasper_fao' ...
2026-02-23 13:54:56.246927 (4181158) lic_core INFO    ... (2) checkout succeeded
2026-02-23 13:54:56.258500 (4181158) session_ INFO    Starting analysis session with session id 'session_0' (launcher: <local>) ...
2026-02-23 13:54:56.261386 (4181158) session_ INFO    Analysis session with session id 'session_0' started (pid: 4181166)
2026-02-23 13:54:56.839063 (4181158) session_ INFO    Analysis session 'session_0' connected to the console (host: 127.0.0.1:44840)
2026-02-23 13:54:57.647802 (4181158) lic__man INFO    Unclaim everything for 'session_0'.
2026-02-23 13:54:57.704654 (4181158) lic__man INFO    Claim 'fpv' for 'session_0'.
2026-02-23 13:54:57.704733 (4181158) lic__man INFO    Claim 'fpv' for 'session_0/prove-0'.
2026-02-23 13:54:57.910138 (4181158) lic__man INFO    Unclaim everything for 'session_0/prove-0'.
2026-02-23 13:54:57.965883 (4181158) main____ INFO    About to exit: request to exit with status 0 received from analysis session 'session_0'
2026-02-23 13:54:58.040488 (4181158) session_ INFO    Analysis session 'session_0' disconnected.
2026-02-23 13:54:58.040721 (4181158) lic__man INFO    Unclaim everything for 'session_0'.
2026-02-23 13:54:58.041184 (4181158) session_ INFO    Process for analysis session 'session_0' has exited with exit status '0'.
2026-02-23 13:55:00.042585 (4181158) lic_core INFO    (2) checkin jasper_fao
2026-02-23 13:55:00.044418 (4181158) main____ INFO    Exiting with status 0.
