2026-02-23 13:47:58.431177 (2380565) main____ INFO    ----------------------------------------
2026-02-23 13:47:58.431261 (2380565) main____ INFO    JasperGold version info
2026-02-23 13:47:58.431274 (2380565) main____ INFO      tool      : JasperGold 2021.03
2026-02-23 13:47:58.431282 (2380565) main____ INFO      version   : 2021.03 FCS 64 bits
2026-02-23 13:47:58.431288 (2380565) main____ INFO      build date: 2021.03.23 02:50:43 UTC
2026-02-23 13:47:58.431293 (2380565) main____ INFO    ----------------------------------------
2026-02-23 13:47:58.431298 (2380565) main____ INFO    Runtime info:
2026-02-23 13:47:58.431303 (2380565) main____ INFO      platform  : Linux 5.14.0-570.84.1.el9_6.x86_64 x86_64
2026-02-23 13:47:58.431309 (2380565) main____ INFO      hostname  : della-h14n8
2026-02-23 13:47:58.431315 (2380565) main____ INFO      pid       : 2380565
2026-02-23 13:47:58.431319 (2380565) main____ INFO      arguments : '-style' 'windows' '-batch' '-proj' './verification_results/02964/jgproject' '-tcl' './jasper_verif_check.tcl'
2026-02-23 13:47:58.431328 (2380565) main____ INFO      locale    : UTF-8
2026-02-23 13:47:58.431333 (2380565) main____ INFO    ----------------------------------------
2026-02-23 13:47:58.431338 (2380565) main____ INFO    System resource limits info:
2026-02-23 13:47:58.431343 (2380565) main____ INFO      virtual memory: unlimited
2026-02-23 13:47:58.431347 (2380565) main____ INFO      cpu time      : unlimited
2026-02-23 13:47:58.431352 (2380565) main____ INFO      stack size    : unlimited
2026-02-23 13:47:58.431357 (2380565) main____ INFO      core file size: unlimited
2026-02-23 13:47:58.431364 (2380565) main____ INFO      open files    : 131072
2026-02-23 13:47:58.431369 (2380565) main____ INFO      file size     : unlimited
2026-02-23 13:47:58.431374 (2380565) main____ INFO    ----------------------------------------
2026-02-23 13:47:58.431379 (2380565) main____ INFO    Memory statistics:
2026-02-23 13:47:58.431384 (2380565) main____ INFO      total physical memory  : 1584164340 kB
2026-02-23 13:47:58.431389 (2380565) main____ INFO      free physical memory   : 763139292 kB
2026-02-23 13:47:58.431394 (2380565) main____ INFO      committed address space: 528072600 kB
2026-02-23 13:47:58.431398 (2380565) main____ INFO    ----------------------------------------
2026-02-23 13:47:58.431944 (2380565) main____ INFO    Important environment variables:
2026-02-23 13:47:58.431960 (2380565) main____ INFO      JASPER_HOME       : '/usr/licensed/cadence-20210126/jasper_2021.03'
2026-02-23 13:47:58.431966 (2380565) main____ INFO      JASPER_INSTALL_DIR: '/scratch/gpfs/LICENSED/x86_64/cadence-20210126/jasper_2021.03'
2026-02-23 13:47:58.431972 (2380565) main____ INFO      LANG              : 'en_US.UTF-8'
2026-02-23 13:47:58.431977 (2380565) main____ INFO      LM_LICENSE_FILE   : '5280@license.rc.princeton.edu'
2026-02-23 13:47:58.431982 (2380565) main____ INFO      TMPDIR            : '/tmp/ab2113/jg_5018966_52'
2026-02-23 13:47:58.431987 (2380565) main____ INFO    ----------------------------------------
2026-02-23 13:47:58.432556 (2380565) lic_core INFO    Initializing license system ...
2026-02-23 13:47:58.434565 (2380565) lic_core INFO    ... license system initialized.
2026-02-23 13:47:58.435468 (2380565) lic__man INFO    Claim 'fpv' for <ui>.
2026-02-23 13:47:58.435505 (2380565) lic_core INFO    (1) checking out 'jasper_fpv' ...
2026-02-23 13:47:58.441819 (2380565) lic_core INFO    ... (1) checkout failed (error: -5) ("FLEXnet ERROR(-5, 0, 0): No such feature exists.")
2026-02-23 13:47:58.441848 (2380565) lic_core INFO    (2) checking out 'jasper_fao' ...
2026-02-23 13:47:58.450671 (2380565) lic_core INFO    ... (2) checkout succeeded
2026-02-23 13:47:58.465537 (2380565) session_ INFO    Starting analysis session with session id 'session_0' (launcher: <local>) ...
2026-02-23 13:47:58.469069 (2380565) session_ INFO    Analysis session with session id 'session_0' started (pid: 2380584)
2026-02-23 13:47:59.256342 (2380565) session_ INFO    Analysis session 'session_0' connected to the console (host: 127.0.0.1:48390)
2026-02-23 13:48:00.168842 (2380565) main____ INFO    About to exit: request to exit with status 1 received from analysis session 'session_0'
2026-02-23 13:48:00.229050 (2380565) session_ INFO    Analysis session 'session_0' disconnected.
2026-02-23 13:48:00.229198 (2380565) lic__man INFO    Unclaim everything for 'session_0'.
2026-02-23 13:48:00.230313 (2380565) session_ INFO    Process for analysis session 'session_0' has exited with exit status '1'.
2026-02-23 13:48:02.080469 (2380565) lic_core INFO    (2) checkin jasper_fao
2026-02-23 13:48:02.082305 (2380565) main____ INFO    Exiting with status 1.
