2026-02-23 13:59:18.865626 (4159668) main____ INFO    ----------------------------------------
2026-02-23 13:59:18.865709 (4159668) main____ INFO    JasperGold version info
2026-02-23 13:59:18.865727 (4159668) main____ INFO      tool      : JasperGold 2021.03
2026-02-23 13:59:18.865735 (4159668) main____ INFO      version   : 2021.03 FCS 64 bits
2026-02-23 13:59:18.865739 (4159668) main____ INFO      build date: 2021.03.23 02:50:43 UTC
2026-02-23 13:59:18.865744 (4159668) main____ INFO    ----------------------------------------
2026-02-23 13:59:18.865748 (4159668) main____ INFO    Runtime info:
2026-02-23 13:59:18.865752 (4159668) main____ INFO      platform  : Linux 5.14.0-570.84.1.el9_6.x86_64 x86_64
2026-02-23 13:59:18.865758 (4159668) main____ INFO      hostname  : della-r3c2n12
2026-02-23 13:59:18.865762 (4159668) main____ INFO      pid       : 4159668
2026-02-23 13:59:18.865767 (4159668) main____ INFO      arguments : '-style' 'windows' '-batch' '-proj' './verification_results/04585/jgproject' '-tcl' './jasper_verif_check.tcl'
2026-02-23 13:59:18.865776 (4159668) main____ INFO      locale    : UTF-8
2026-02-23 13:59:18.865780 (4159668) main____ INFO    ----------------------------------------
2026-02-23 13:59:18.865784 (4159668) main____ INFO    System resource limits info:
2026-02-23 13:59:18.865788 (4159668) main____ INFO      virtual memory: unlimited
2026-02-23 13:59:18.865792 (4159668) main____ INFO      cpu time      : unlimited
2026-02-23 13:59:18.865797 (4159668) main____ INFO      stack size    : unlimited
2026-02-23 13:59:18.865801 (4159668) main____ INFO      core file size: unlimited
2026-02-23 13:59:18.865808 (4159668) main____ INFO      open files    : 131072
2026-02-23 13:59:18.865813 (4159668) main____ INFO      file size     : unlimited
2026-02-23 13:59:18.865817 (4159668) main____ INFO    ----------------------------------------
2026-02-23 13:59:18.865821 (4159668) main____ INFO    Memory statistics:
2026-02-23 13:59:18.865825 (4159668) main____ INFO      total physical memory  : 195972072 kB
2026-02-23 13:59:18.865829 (4159668) main____ INFO      free physical memory   : 133488068 kB
2026-02-23 13:59:18.865833 (4159668) main____ INFO      committed address space: 41237700 kB
2026-02-23 13:59:18.865837 (4159668) main____ INFO    ----------------------------------------
2026-02-23 13:59:18.866797 (4159668) main____ INFO    Important environment variables:
2026-02-23 13:59:18.866812 (4159668) main____ INFO      JASPER_HOME       : '/usr/licensed/cadence-20210126/jasper_2021.03'
2026-02-23 13:59:18.866818 (4159668) main____ INFO      JASPER_INSTALL_DIR: '/scratch/gpfs/LICENSED/x86_64/cadence-20210126/jasper_2021.03'
2026-02-23 13:59:18.866823 (4159668) main____ INFO      LANG              : 'en_US.UTF-8'
2026-02-23 13:59:18.866828 (4159668) main____ INFO      LM_LICENSE_FILE   : '5280@license.rc.princeton.edu'
2026-02-23 13:59:18.866832 (4159668) main____ INFO      TMPDIR            : '/tmp/ab2113/jg_5019171_84'
2026-02-23 13:59:18.866837 (4159668) main____ INFO    ----------------------------------------
2026-02-23 13:59:18.867664 (4159668) lic_core INFO    Initializing license system ...
2026-02-23 13:59:18.868472 (4159668) lic_core INFO    ... license system initialized.
2026-02-23 13:59:18.869250 (4159668) lic__man INFO    Claim 'fpv' for <ui>.
2026-02-23 13:59:18.869287 (4159668) lic_core INFO    (1) checking out 'jasper_fpv' ...
2026-02-23 13:59:18.874619 (4159668) lic_core INFO    ... (1) checkout failed (error: -5) ("FLEXnet ERROR(-5, 0, 0): No such feature exists.")
2026-02-23 13:59:18.874664 (4159668) lic_core INFO    (2) checking out 'jasper_fao' ...
2026-02-23 13:59:18.885387 (4159668) lic_core INFO    ... (2) checkout succeeded
2026-02-23 13:59:18.900357 (4159668) session_ INFO    Starting analysis session with session id 'session_0' (launcher: <local>) ...
2026-02-23 13:59:18.903664 (4159668) session_ INFO    Analysis session with session id 'session_0' started (pid: 4159676)
2026-02-23 13:59:19.620707 (4159668) session_ INFO    Analysis session 'session_0' connected to the console (host: 127.0.0.1:33070)
2026-02-23 13:59:20.529103 (4159668) main____ INFO    About to exit: request to exit with status 1 received from analysis session 'session_0'
2026-02-23 13:59:20.600297 (4159668) session_ INFO    Analysis session 'session_0' disconnected.
2026-02-23 13:59:20.600425 (4159668) lic__man INFO    Unclaim everything for 'session_0'.
2026-02-23 13:59:20.600794 (4159668) session_ INFO    Process for analysis session 'session_0' has exited with exit status '1'.
2026-02-23 13:59:22.627191 (4159668) lic_core INFO    (2) checkin jasper_fao
2026-02-23 13:59:22.628951 (4159668) main____ INFO    Exiting with status 1.
