2026-02-23 14:16:23.352736 (1159490) main____ INFO    ----------------------------------------
2026-02-23 14:16:23.352846 (1159490) main____ INFO    JasperGold version info
2026-02-23 14:16:23.352863 (1159490) main____ INFO      tool      : JasperGold 2021.03
2026-02-23 14:16:23.352873 (1159490) main____ INFO      version   : 2021.03 FCS 64 bits
2026-02-23 14:16:23.352877 (1159490) main____ INFO      build date: 2021.03.23 02:50:43 UTC
2026-02-23 14:16:23.352881 (1159490) main____ INFO    ----------------------------------------
2026-02-23 14:16:23.352885 (1159490) main____ INFO    Runtime info:
2026-02-23 14:16:23.352889 (1159490) main____ INFO      platform  : Linux 5.14.0-570.84.1.el9_6.x86_64 x86_64
2026-02-23 14:16:23.352895 (1159490) main____ INFO      hostname  : della-i13n20
2026-02-23 14:16:23.352900 (1159490) main____ INFO      pid       : 1159490
2026-02-23 14:16:23.352905 (1159490) main____ INFO      arguments : '-style' 'windows' '-batch' '-proj' './verification_results/03878/jgproject' '-tcl' './jasper_verif_check.tcl'
2026-02-23 14:16:23.352913 (1159490) main____ INFO      locale    : UTF-8
2026-02-23 14:16:23.352917 (1159490) main____ INFO    ----------------------------------------
2026-02-23 14:16:23.352921 (1159490) main____ INFO    System resource limits info:
2026-02-23 14:16:23.352925 (1159490) main____ INFO      virtual memory: unlimited
2026-02-23 14:16:23.352929 (1159490) main____ INFO      cpu time      : unlimited
2026-02-23 14:16:23.352933 (1159490) main____ INFO      stack size    : unlimited
2026-02-23 14:16:23.352937 (1159490) main____ INFO      core file size: unlimited
2026-02-23 14:16:23.352944 (1159490) main____ INFO      open files    : 131072
2026-02-23 14:16:23.352948 (1159490) main____ INFO      file size     : unlimited
2026-02-23 14:16:23.352951 (1159490) main____ INFO    ----------------------------------------
2026-02-23 14:16:23.352955 (1159490) main____ INFO    Memory statistics:
2026-02-23 14:16:23.352959 (1159490) main____ INFO      total physical memory  : 394157552 kB
2026-02-23 14:16:23.352963 (1159490) main____ INFO      free physical memory   : 201430732 kB
2026-02-23 14:16:23.352967 (1159490) main____ INFO      committed address space: 149556060 kB
2026-02-23 14:16:23.352970 (1159490) main____ INFO    ----------------------------------------
2026-02-23 14:16:23.353892 (1159490) main____ INFO    Important environment variables:
2026-02-23 14:16:23.353915 (1159490) main____ INFO      JASPER_HOME       : '/usr/licensed/cadence-20210126/jasper_2021.03'
2026-02-23 14:16:23.353920 (1159490) main____ INFO      JASPER_INSTALL_DIR: '/scratch/gpfs/LICENSED/x86_64/cadence-20210126/jasper_2021.03'
2026-02-23 14:16:23.353925 (1159490) main____ INFO      LANG              : 'en_US.UTF-8'
2026-02-23 14:16:23.353930 (1159490) main____ INFO      LM_LICENSE_FILE   : '5280@license.rc.princeton.edu'
2026-02-23 14:16:23.353935 (1159490) main____ INFO      TMPDIR            : '/tmp/ab2113/jg_5019072_70'
2026-02-23 14:16:23.353939 (1159490) main____ INFO    ----------------------------------------
2026-02-23 14:16:23.354853 (1159490) lic_core INFO    Initializing license system ...
2026-02-23 14:16:23.355775 (1159490) lic_core INFO    ... license system initialized.
2026-02-23 14:16:23.356613 (1159490) lic__man INFO    Claim 'fpv' for <ui>.
2026-02-23 14:16:23.356664 (1159490) lic_core INFO    (1) checking out 'jasper_fpv' ...
2026-02-23 14:16:23.362202 (1159490) lic_core INFO    ... (1) checkout failed (error: -5) ("FLEXnet ERROR(-5, 0, 0): No such feature exists.")
2026-02-23 14:16:23.362264 (1159490) lic_core INFO    (2) checking out 'jasper_fao' ...
2026-02-23 14:16:23.372400 (1159490) lic_core INFO    ... (2) checkout succeeded
2026-02-23 14:16:23.386058 (1159490) session_ INFO    Starting analysis session with session id 'session_0' (launcher: <local>) ...
2026-02-23 14:16:23.389028 (1159490) session_ INFO    Analysis session with session id 'session_0' started (pid: 1159500)
2026-02-23 14:16:24.110767 (1159490) session_ INFO    Analysis session 'session_0' connected to the console (host: 127.0.0.1:35030)
2026-02-23 14:16:24.940008 (1159490) lic__man INFO    Unclaim everything for 'session_0'.
2026-02-23 14:16:24.985191 (1159490) lic__man INFO    Claim 'fpv' for 'session_0'.
2026-02-23 14:16:24.985243 (1159490) lic__man INFO    Claim 'fpv' for 'session_0/prove-0'.
2026-02-23 14:16:25.111786 (1159490) lic__man INFO    Unclaim everything for 'session_0/prove-0'.
2026-02-23 14:16:25.164235 (1159490) main____ INFO    About to exit: request to exit with status 0 received from analysis session 'session_0'
2026-02-23 14:16:25.248992 (1159490) session_ INFO    Analysis session 'session_0' disconnected.
2026-02-23 14:16:25.249139 (1159490) lic__man INFO    Unclaim everything for 'session_0'.
2026-02-23 14:16:25.249683 (1159490) session_ INFO    Process for analysis session 'session_0' has exited with exit status '0'.
2026-02-23 14:16:27.071444 (1159490) lic_core INFO    (2) checkin jasper_fao
2026-02-23 14:16:27.073356 (1159490) main____ INFO    Exiting with status 0.
