2026-02-23 13:45:07.536020 (4184532) main____ INFO    ----------------------------------------
2026-02-23 13:45:07.536123 (4184532) main____ INFO    JasperGold version info
2026-02-23 13:45:07.536142 (4184532) main____ INFO      tool      : JasperGold 2021.03
2026-02-23 13:45:07.536151 (4184532) main____ INFO      version   : 2021.03 FCS 64 bits
2026-02-23 13:45:07.536156 (4184532) main____ INFO      build date: 2021.03.23 02:50:43 UTC
2026-02-23 13:45:07.536161 (4184532) main____ INFO    ----------------------------------------
2026-02-23 13:45:07.536165 (4184532) main____ INFO    Runtime info:
2026-02-23 13:45:07.536169 (4184532) main____ INFO      platform  : Linux 5.14.0-570.84.1.el9_6.x86_64 x86_64
2026-02-23 13:45:07.536175 (4184532) main____ INFO      hostname  : della-r3c2n6
2026-02-23 13:45:07.536180 (4184532) main____ INFO      pid       : 4184532
2026-02-23 13:45:07.536184 (4184532) main____ INFO      arguments : '-style' 'windows' '-batch' '-proj' './verification_results/02077/jgproject' '-tcl' './jasper_verif_check.tcl'
2026-02-23 13:45:07.536193 (4184532) main____ INFO      locale    : UTF-8
2026-02-23 13:45:07.536197 (4184532) main____ INFO    ----------------------------------------
2026-02-23 13:45:07.536206 (4184532) main____ INFO    System resource limits info:
2026-02-23 13:45:07.536211 (4184532) main____ INFO      virtual memory: unlimited
2026-02-23 13:45:07.536215 (4184532) main____ INFO      cpu time      : unlimited
2026-02-23 13:45:07.536219 (4184532) main____ INFO      stack size    : unlimited
2026-02-23 13:45:07.536224 (4184532) main____ INFO      core file size: unlimited
2026-02-23 13:45:07.536231 (4184532) main____ INFO      open files    : 131072
2026-02-23 13:45:07.536235 (4184532) main____ INFO      file size     : unlimited
2026-02-23 13:45:07.536239 (4184532) main____ INFO    ----------------------------------------
2026-02-23 13:45:07.536244 (4184532) main____ INFO    Memory statistics:
2026-02-23 13:45:07.536248 (4184532) main____ INFO      total physical memory  : 195972160 kB
2026-02-23 13:45:07.536252 (4184532) main____ INFO      free physical memory   : 145445280 kB
2026-02-23 13:45:07.536257 (4184532) main____ INFO      committed address space: 34611924 kB
2026-02-23 13:45:07.536261 (4184532) main____ INFO    ----------------------------------------
2026-02-23 13:45:07.537244 (4184532) main____ INFO    Important environment variables:
2026-02-23 13:45:07.537267 (4184532) main____ INFO      JASPER_HOME       : '/usr/licensed/cadence-20210126/jasper_2021.03'
2026-02-23 13:45:07.537273 (4184532) main____ INFO      JASPER_INSTALL_DIR: '/scratch/gpfs/LICENSED/x86_64/cadence-20210126/jasper_2021.03'
2026-02-23 13:45:07.537278 (4184532) main____ INFO      LANG              : 'en_US.UTF-8'
2026-02-23 13:45:07.537284 (4184532) main____ INFO      LM_LICENSE_FILE   : '5280@license.rc.princeton.edu'
2026-02-23 13:45:07.537288 (4184532) main____ INFO      TMPDIR            : '/tmp/ab2113/jg_5018893_34'
2026-02-23 13:45:07.537293 (4184532) main____ INFO    ----------------------------------------
2026-02-23 13:45:07.538154 (4184532) lic_core INFO    Initializing license system ...
2026-02-23 13:45:07.539011 (4184532) lic_core INFO    ... license system initialized.
2026-02-23 13:45:07.539795 (4184532) lic__man INFO    Claim 'fpv' for <ui>.
2026-02-23 13:45:07.539836 (4184532) lic_core INFO    (1) checking out 'jasper_fpv' ...
2026-02-23 13:45:07.545870 (4184532) lic_core INFO    ... (1) checkout failed (error: -5) ("FLEXnet ERROR(-5, 0, 0): No such feature exists.")
2026-02-23 13:45:07.545930 (4184532) lic_core INFO    (2) checking out 'jasper_fao' ...
2026-02-23 13:45:07.556495 (4184532) lic_core INFO    ... (2) checkout succeeded
2026-02-23 13:45:07.571441 (4184532) session_ INFO    Starting analysis session with session id 'session_0' (launcher: <local>) ...
2026-02-23 13:45:07.574389 (4184532) session_ INFO    Analysis session with session id 'session_0' started (pid: 4184540)
2026-02-23 13:45:08.286617 (4184532) session_ INFO    Analysis session 'session_0' connected to the console (host: 127.0.0.1:36068)
2026-02-23 13:45:09.174971 (4184532) lic__man INFO    Unclaim everything for 'session_0'.
2026-02-23 13:45:09.220075 (4184532) lic__man INFO    Claim 'fpv' for 'session_0'.
2026-02-23 13:45:09.220120 (4184532) lic__man INFO    Claim 'fpv' for 'session_0/prove-0'.
2026-02-23 13:45:09.421419 (4184532) lic__man INFO    Unclaim everything for 'session_0/prove-0'.
2026-02-23 13:45:09.477288 (4184532) main____ INFO    About to exit: request to exit with status 0 received from analysis session 'session_0'
2026-02-23 13:45:09.562630 (4184532) session_ INFO    Analysis session 'session_0' disconnected.
2026-02-23 13:45:09.562766 (4184532) lic__man INFO    Unclaim everything for 'session_0'.
2026-02-23 13:45:09.563395 (4184532) session_ INFO    Process for analysis session 'session_0' has exited with exit status '0'.
2026-02-23 13:45:11.586316 (4184532) lic_core INFO    (2) checkin jasper_fao
2026-02-23 13:45:11.588036 (4184532) main____ INFO    Exiting with status 0.
