2026-02-20 17:38:59.341986 (2541186) main____ INFO    ----------------------------------------
2026-02-20 17:38:59.342098 (2541186) main____ INFO    JasperGold version info
2026-02-20 17:38:59.342119 (2541186) main____ INFO      tool      : JasperGold 2021.03
2026-02-20 17:38:59.342127 (2541186) main____ INFO      version   : 2021.03 FCS 64 bits
2026-02-20 17:38:59.342132 (2541186) main____ INFO      build date: 2021.03.23 02:50:43 UTC
2026-02-20 17:38:59.342137 (2541186) main____ INFO    ----------------------------------------
2026-02-20 17:38:59.342141 (2541186) main____ INFO    Runtime info:
2026-02-20 17:38:59.342145 (2541186) main____ INFO      platform  : Linux 5.14.0-570.84.1.el9_6.x86_64 x86_64
2026-02-20 17:38:59.342150 (2541186) main____ INFO      hostname  : della-i13n22
2026-02-20 17:38:59.342154 (2541186) main____ INFO      pid       : 2541186
2026-02-20 17:38:59.342158 (2541186) main____ INFO      arguments : '-style' 'windows' '-batch' '-proj' 'verification_results/00322/jgproject' '-tcl' './jasper_verif_check.tcl'
2026-02-20 17:38:59.342167 (2541186) main____ INFO      locale    : UTF-8
2026-02-20 17:38:59.342171 (2541186) main____ INFO    ----------------------------------------
2026-02-20 17:38:59.342174 (2541186) main____ INFO    System resource limits info:
2026-02-20 17:38:59.342179 (2541186) main____ INFO      virtual memory: unlimited
2026-02-20 17:38:59.342183 (2541186) main____ INFO      cpu time      : unlimited
2026-02-20 17:38:59.342187 (2541186) main____ INFO      stack size    : unlimited
2026-02-20 17:38:59.342191 (2541186) main____ INFO      core file size: unlimited
2026-02-20 17:38:59.342198 (2541186) main____ INFO      open files    : 131072
2026-02-20 17:38:59.342202 (2541186) main____ INFO      file size     : unlimited
2026-02-20 17:38:59.342206 (2541186) main____ INFO    ----------------------------------------
2026-02-20 17:38:59.342210 (2541186) main____ INFO    Memory statistics:
2026-02-20 17:38:59.342214 (2541186) main____ INFO      total physical memory  : 394157548 kB
2026-02-20 17:38:59.342218 (2541186) main____ INFO      free physical memory   : 191922984 kB
2026-02-20 17:38:59.342222 (2541186) main____ INFO      committed address space: 166756560 kB
2026-02-20 17:38:59.342226 (2541186) main____ INFO    ----------------------------------------
2026-02-20 17:38:59.343107 (2541186) main____ INFO    Important environment variables:
2026-02-20 17:38:59.343125 (2541186) main____ INFO      JASPER_HOME       : '/usr/licensed/cadence-20210126/jasper_2021.03'
2026-02-20 17:38:59.343131 (2541186) main____ INFO      JASPER_INSTALL_DIR: '/scratch/gpfs/LICENSED/x86_64/cadence-20210126/jasper_2021.03'
2026-02-20 17:38:59.343136 (2541186) main____ INFO      LANG              : 'en_US.UTF-8'
2026-02-20 17:38:59.343141 (2541186) main____ INFO      LM_LICENSE_FILE   : '5280@license.rc.princeton.edu'
2026-02-20 17:38:59.343146 (2541186) main____ INFO      TMPDIR            : '/tmp'
2026-02-20 17:38:59.343150 (2541186) main____ INFO    ----------------------------------------
2026-02-20 17:38:59.344098 (2541186) lic_core INFO    Initializing license system ...
2026-02-20 17:38:59.344996 (2541186) lic_core INFO    ... license system initialized.
2026-02-20 17:38:59.345823 (2541186) lic__man INFO    Claim 'fpv' for <ui>.
2026-02-20 17:38:59.345872 (2541186) lic_core INFO    (1) checking out 'jasper_fpv' ...
2026-02-20 17:38:59.351366 (2541186) lic_core INFO    ... (1) checkout failed (error: -5) ("FLEXnet ERROR(-5, 0, 0): No such feature exists.")
2026-02-20 17:38:59.351430 (2541186) lic_core INFO    (2) checking out 'jasper_fao' ...
2026-02-20 17:38:59.361881 (2541186) lic_core INFO    ... (2) checkout succeeded
2026-02-20 17:38:59.376333 (2541186) session_ INFO    Starting analysis session with session id 'session_0' (launcher: <local>) ...
2026-02-20 17:38:59.379614 (2541186) session_ INFO    Analysis session with session id 'session_0' started (pid: 2541194)
2026-02-20 17:39:00.131994 (2541186) session_ INFO    Analysis session 'session_0' connected to the console (host: 127.0.0.1:41260)
2026-02-20 17:39:00.978248 (2541186) lic__man INFO    Unclaim everything for 'session_0'.
2026-02-20 17:39:01.023913 (2541186) lic__man INFO    Claim 'fpv' for 'session_0'.
2026-02-20 17:39:01.023966 (2541186) lic__man INFO    Claim 'fpv' for 'session_0/prove-0'.
2026-02-20 17:39:01.160721 (2541186) lic__man INFO    Unclaim everything for 'session_0/prove-0'.
2026-02-20 17:39:01.218489 (2541186) main____ INFO    About to exit: request to exit with status 0 received from analysis session 'session_0'
2026-02-20 17:39:01.330015 (2541186) session_ INFO    Analysis session 'session_0' disconnected.
2026-02-20 17:39:01.330147 (2541186) lic__man INFO    Unclaim everything for 'session_0'.
2026-02-20 17:39:01.331714 (2541186) session_ INFO    Process for analysis session 'session_0' has exited with exit status '0'.
2026-02-20 17:39:03.126754 (2541186) lic_core INFO    (2) checkin jasper_fao
2026-02-20 17:39:03.128412 (2541186) main____ INFO    Exiting with status 0.
