2026-02-23 13:36:26.786984 (1429691) main____ INFO    ----------------------------------------
2026-02-23 13:36:26.787064 (1429691) main____ INFO    JasperGold version info
2026-02-23 13:36:26.787086 (1429691) main____ INFO      tool      : JasperGold 2021.03
2026-02-23 13:36:26.787098 (1429691) main____ INFO      version   : 2021.03 FCS 64 bits
2026-02-23 13:36:26.787103 (1429691) main____ INFO      build date: 2021.03.23 02:50:43 UTC
2026-02-23 13:36:26.787110 (1429691) main____ INFO    ----------------------------------------
2026-02-23 13:36:26.787115 (1429691) main____ INFO    Runtime info:
2026-02-23 13:36:26.787121 (1429691) main____ INFO      platform  : Linux 5.14.0-570.84.1.el9_6.x86_64 x86_64
2026-02-23 13:36:26.787128 (1429691) main____ INFO      hostname  : della-h14n5
2026-02-23 13:36:26.787134 (1429691) main____ INFO      pid       : 1429691
2026-02-23 13:36:26.787139 (1429691) main____ INFO      arguments : '-style' 'windows' '-batch' '-proj' './verification_results/00518/jgproject' '-tcl' './jasper_verif_check.tcl'
2026-02-23 13:36:26.787149 (1429691) main____ INFO      locale    : UTF-8
2026-02-23 13:36:26.787154 (1429691) main____ INFO    ----------------------------------------
2026-02-23 13:36:26.787160 (1429691) main____ INFO    System resource limits info:
2026-02-23 13:36:26.787165 (1429691) main____ INFO      virtual memory: unlimited
2026-02-23 13:36:26.787172 (1429691) main____ INFO      cpu time      : unlimited
2026-02-23 13:36:26.787178 (1429691) main____ INFO      stack size    : unlimited
2026-02-23 13:36:26.787183 (1429691) main____ INFO      core file size: unlimited
2026-02-23 13:36:26.787191 (1429691) main____ INFO      open files    : 131072
2026-02-23 13:36:26.787197 (1429691) main____ INFO      file size     : unlimited
2026-02-23 13:36:26.787203 (1429691) main____ INFO    ----------------------------------------
2026-02-23 13:36:26.787208 (1429691) main____ INFO    Memory statistics:
2026-02-23 13:36:26.787218 (1429691) main____ INFO      total physical memory  : 1584164368 kB
2026-02-23 13:36:26.787225 (1429691) main____ INFO      free physical memory   : 703403320 kB
2026-02-23 13:36:26.787231 (1429691) main____ INFO      committed address space: 532748444 kB
2026-02-23 13:36:26.787237 (1429691) main____ INFO    ----------------------------------------
2026-02-23 13:36:26.787773 (1429691) main____ INFO    Important environment variables:
2026-02-23 13:36:26.787788 (1429691) main____ INFO      JASPER_HOME       : '/usr/licensed/cadence-20210126/jasper_2021.03'
2026-02-23 13:36:26.787795 (1429691) main____ INFO      JASPER_INSTALL_DIR: '/scratch/gpfs/LICENSED/x86_64/cadence-20210126/jasper_2021.03'
2026-02-23 13:36:26.787803 (1429691) main____ INFO      LANG              : 'en_US.UTF-8'
2026-02-23 13:36:26.787809 (1429691) main____ INFO      LM_LICENSE_FILE   : '5280@license.rc.princeton.edu'
2026-02-23 13:36:26.787815 (1429691) main____ INFO      TMPDIR            : '/tmp/ab2113/jg_5018699_3'
2026-02-23 13:36:26.787820 (1429691) main____ INFO    ----------------------------------------
2026-02-23 13:36:26.788299 (1429691) lic_core INFO    Initializing license system ...
2026-02-23 13:36:26.788838 (1429691) lic_core INFO    ... license system initialized.
2026-02-23 13:36:26.789603 (1429691) lic__man INFO    Claim 'fpv' for <ui>.
2026-02-23 13:36:26.789637 (1429691) lic_core INFO    (1) checking out 'jasper_fpv' ...
2026-02-23 13:36:26.795548 (1429691) lic_core INFO    ... (1) checkout failed (error: -5) ("FLEXnet ERROR(-5, 0, 0): No such feature exists.")
2026-02-23 13:36:26.795576 (1429691) lic_core INFO    (2) checking out 'jasper_fao' ...
2026-02-23 13:36:26.804369 (1429691) lic_core INFO    ... (2) checkout succeeded
2026-02-23 13:36:26.814925 (1429691) session_ INFO    Starting analysis session with session id 'session_0' (launcher: <local>) ...
2026-02-23 13:36:26.817823 (1429691) session_ INFO    Analysis session with session id 'session_0' started (pid: 1429699)
2026-02-23 13:36:27.412611 (1429691) session_ INFO    Analysis session 'session_0' connected to the console (host: 127.0.0.1:43890)
2026-02-23 13:36:27.919507 (1429691) main____ INFO    About to exit: request to exit with status 1 received from analysis session 'session_0'
2026-02-23 13:36:27.972189 (1429691) session_ INFO    Analysis session 'session_0' disconnected.
2026-02-23 13:36:27.972327 (1429691) lic__man INFO    Unclaim everything for 'session_0'.
2026-02-23 13:36:27.973060 (1429691) session_ INFO    Process for analysis session 'session_0' has exited with exit status '1'.
2026-02-23 13:36:30.025255 (1429691) lic_core INFO    (2) checkin jasper_fao
2026-02-23 13:36:30.026722 (1429691) main____ INFO    Exiting with status 1.
