2026-02-20 18:24:16.827920 (2584552) main____ INFO    ----------------------------------------
2026-02-20 18:24:16.828041 (2584552) main____ INFO    JasperGold version info
2026-02-20 18:24:16.828063 (2584552) main____ INFO      tool      : JasperGold 2021.03
2026-02-20 18:24:16.828074 (2584552) main____ INFO      version   : 2021.03 FCS 64 bits
2026-02-20 18:24:16.828079 (2584552) main____ INFO      build date: 2021.03.23 02:50:43 UTC
2026-02-20 18:24:16.828083 (2584552) main____ INFO    ----------------------------------------
2026-02-20 18:24:16.828088 (2584552) main____ INFO    Runtime info:
2026-02-20 18:24:16.828092 (2584552) main____ INFO      platform  : Linux 5.14.0-570.84.1.el9_6.x86_64 x86_64
2026-02-20 18:24:16.828099 (2584552) main____ INFO      hostname  : della-i13n22
2026-02-20 18:24:16.828103 (2584552) main____ INFO      pid       : 2584552
2026-02-20 18:24:16.828107 (2584552) main____ INFO      arguments : '-style' 'windows' '-batch' '-proj' 'verification_results/00770/jgproject' '-tcl' './jasper_verif_check.tcl'
2026-02-20 18:24:16.828117 (2584552) main____ INFO      locale    : UTF-8
2026-02-20 18:24:16.828121 (2584552) main____ INFO    ----------------------------------------
2026-02-20 18:24:16.828125 (2584552) main____ INFO    System resource limits info:
2026-02-20 18:24:16.828129 (2584552) main____ INFO      virtual memory: unlimited
2026-02-20 18:24:16.828133 (2584552) main____ INFO      cpu time      : unlimited
2026-02-20 18:24:16.828137 (2584552) main____ INFO      stack size    : unlimited
2026-02-20 18:24:16.828141 (2584552) main____ INFO      core file size: unlimited
2026-02-20 18:24:16.828149 (2584552) main____ INFO      open files    : 131072
2026-02-20 18:24:16.828153 (2584552) main____ INFO      file size     : unlimited
2026-02-20 18:24:16.828157 (2584552) main____ INFO    ----------------------------------------
2026-02-20 18:24:16.828160 (2584552) main____ INFO    Memory statistics:
2026-02-20 18:24:16.828165 (2584552) main____ INFO      total physical memory  : 394157548 kB
2026-02-20 18:24:16.828168 (2584552) main____ INFO      free physical memory   : 177460148 kB
2026-02-20 18:24:16.828172 (2584552) main____ INFO      committed address space: 181242196 kB
2026-02-20 18:24:16.828175 (2584552) main____ INFO    ----------------------------------------
2026-02-20 18:24:16.829060 (2584552) main____ INFO    Important environment variables:
2026-02-20 18:24:16.829080 (2584552) main____ INFO      JASPER_HOME       : '/usr/licensed/cadence-20210126/jasper_2021.03'
2026-02-20 18:24:16.829086 (2584552) main____ INFO      JASPER_INSTALL_DIR: '/scratch/gpfs/LICENSED/x86_64/cadence-20210126/jasper_2021.03'
2026-02-20 18:24:16.829092 (2584552) main____ INFO      LANG              : 'en_US.UTF-8'
2026-02-20 18:24:16.829097 (2584552) main____ INFO      LM_LICENSE_FILE   : '5280@license.rc.princeton.edu'
2026-02-20 18:24:16.829102 (2584552) main____ INFO      TMPDIR            : '/tmp'
2026-02-20 18:24:16.829106 (2584552) main____ INFO    ----------------------------------------
2026-02-20 18:24:16.830053 (2584552) lic_core INFO    Initializing license system ...
2026-02-20 18:24:16.830630 (2584552) lic_core INFO    ... license system initialized.
2026-02-20 18:24:16.831461 (2584552) lic__man INFO    Claim 'fpv' for <ui>.
2026-02-20 18:24:16.831506 (2584552) lic_core INFO    (1) checking out 'jasper_fpv' ...
2026-02-20 18:24:16.837733 (2584552) lic_core INFO    ... (1) checkout failed (error: -5) ("FLEXnet ERROR(-5, 0, 0): No such feature exists.")
2026-02-20 18:24:16.837809 (2584552) lic_core INFO    (2) checking out 'jasper_fao' ...
2026-02-20 18:24:16.852053 (2584552) lic_core INFO    ... (2) checkout succeeded
2026-02-20 18:24:16.866534 (2584552) session_ INFO    Starting analysis session with session id 'session_0' (launcher: <local>) ...
2026-02-20 18:24:16.869900 (2584552) session_ INFO    Analysis session with session id 'session_0' started (pid: 2584560)
2026-02-20 18:24:17.626943 (2584552) session_ INFO    Analysis session 'session_0' connected to the console (host: 127.0.0.1:42358)
2026-02-20 18:24:18.230542 (2584552) main____ INFO    About to exit: request to exit with status 1 received from analysis session 'session_0'
2026-02-20 18:24:18.334024 (2584552) session_ INFO    Analysis session 'session_0' disconnected.
2026-02-20 18:24:18.334213 (2584552) lic__man INFO    Unclaim everything for 'session_0'.
2026-02-20 18:24:18.334854 (2584552) session_ INFO    Process for analysis session 'session_0' has exited with exit status '1'.
2026-02-20 18:24:20.135337 (2584552) lic_core INFO    (2) checkin jasper_fao
2026-02-20 18:24:20.137575 (2584552) main____ INFO    Exiting with status 1.
