2026-02-23 13:47:29.707302 (133171) main____ INFO    ----------------------------------------
2026-02-23 13:47:29.707385 (133171) main____ INFO    JasperGold version info
2026-02-23 13:47:29.707423 (133171) main____ INFO      tool      : JasperGold 2021.03
2026-02-23 13:47:29.707432 (133171) main____ INFO      version   : 2021.03 FCS 64 bits
2026-02-23 13:47:29.707438 (133171) main____ INFO      build date: 2021.03.23 02:50:43 UTC
2026-02-23 13:47:29.707444 (133171) main____ INFO    ----------------------------------------
2026-02-23 13:47:29.707449 (133171) main____ INFO    Runtime info:
2026-02-23 13:47:29.707454 (133171) main____ INFO      platform  : Linux 5.14.0-570.84.1.el9_6.x86_64 x86_64
2026-02-23 13:47:29.707461 (133171) main____ INFO      hostname  : della-h14n2
2026-02-23 13:47:29.707467 (133171) main____ INFO      pid       : 133171
2026-02-23 13:47:29.707473 (133171) main____ INFO      arguments : '-style' 'windows' '-batch' '-proj' './verification_results/02448/jgproject' '-tcl' './jasper_verif_check.tcl'
2026-02-23 13:47:29.707482 (133171) main____ INFO      locale    : UTF-8
2026-02-23 13:47:29.707488 (133171) main____ INFO    ----------------------------------------
2026-02-23 13:47:29.707493 (133171) main____ INFO    System resource limits info:
2026-02-23 13:47:29.707498 (133171) main____ INFO      virtual memory: unlimited
2026-02-23 13:47:29.707504 (133171) main____ INFO      cpu time      : unlimited
2026-02-23 13:47:29.707510 (133171) main____ INFO      stack size    : unlimited
2026-02-23 13:47:29.707515 (133171) main____ INFO      core file size: unlimited
2026-02-23 13:47:29.707524 (133171) main____ INFO      open files    : 131072
2026-02-23 13:47:29.707531 (133171) main____ INFO      file size     : unlimited
2026-02-23 13:47:29.707536 (133171) main____ INFO    ----------------------------------------
2026-02-23 13:47:29.707541 (133171) main____ INFO    Memory statistics:
2026-02-23 13:47:29.707547 (133171) main____ INFO      total physical memory  : 1584164328 kB
2026-02-23 13:47:29.707552 (133171) main____ INFO      free physical memory   : 740868468 kB
2026-02-23 13:47:29.707558 (133171) main____ INFO      committed address space: 681608432 kB
2026-02-23 13:47:29.707564 (133171) main____ INFO    ----------------------------------------
2026-02-23 13:47:29.708110 (133171) main____ INFO    Important environment variables:
2026-02-23 13:47:29.708125 (133171) main____ INFO      JASPER_HOME       : '/usr/licensed/cadence-20210126/jasper_2021.03'
2026-02-23 13:47:29.708132 (133171) main____ INFO      JASPER_INSTALL_DIR: '/scratch/gpfs/LICENSED/x86_64/cadence-20210126/jasper_2021.03'
2026-02-23 13:47:29.708138 (133171) main____ INFO      LANG              : 'en_US.UTF-8'
2026-02-23 13:47:29.708145 (133171) main____ INFO      LM_LICENSE_FILE   : '5280@license.rc.princeton.edu'
2026-02-23 13:47:29.708151 (133171) main____ INFO      TMPDIR            : '/tmp/ab2113/jg_5018913_41'
2026-02-23 13:47:29.708156 (133171) main____ INFO    ----------------------------------------
2026-02-23 13:47:29.709160 (133171) lic_core INFO    Initializing license system ...
2026-02-23 13:47:29.709796 (133171) lic_core INFO    ... license system initialized.
2026-02-23 13:47:29.710638 (133171) lic__man INFO    Claim 'fpv' for <ui>.
2026-02-23 13:47:29.710674 (133171) lic_core INFO    (1) checking out 'jasper_fpv' ...
2026-02-23 13:47:29.718200 (133171) lic_core INFO    ... (1) checkout failed (error: -5) ("FLEXnet ERROR(-5, 0, 0): No such feature exists.")
2026-02-23 13:47:29.718261 (133171) lic_core INFO    (2) checking out 'jasper_fao' ...
2026-02-23 13:47:29.727248 (133171) lic_core INFO    ... (2) checkout succeeded
2026-02-23 13:47:29.749716 (133171) session_ INFO    Starting analysis session with session id 'session_0' (launcher: <local>) ...
2026-02-23 13:47:29.753896 (133171) session_ INFO    Analysis session with session id 'session_0' started (pid: 133197)
2026-02-23 13:47:30.423576 (133171) session_ INFO    Analysis session 'session_0' connected to the console (host: 127.0.0.1:36482)
2026-02-23 13:47:30.951909 (133171) main____ INFO    About to exit: request to exit with status 1 received from analysis session 'session_0'
2026-02-23 13:47:31.008008 (133171) session_ INFO    Analysis session 'session_0' disconnected.
2026-02-23 13:47:31.008185 (133171) lic__man INFO    Unclaim everything for 'session_0'.
2026-02-23 13:47:31.008893 (133171) session_ INFO    Process for analysis session 'session_0' has exited with exit status '1'.
2026-02-23 13:47:32.967932 (133171) lic_core INFO    (2) checkin jasper_fao
2026-02-23 13:47:32.969527 (133171) main____ INFO    Exiting with status 1.
