2026-02-23 13:44:56.861368 (920221) main____ INFO    ----------------------------------------
2026-02-23 13:44:56.861450 (920221) main____ INFO    JasperGold version info
2026-02-23 13:44:56.861464 (920221) main____ INFO      tool      : JasperGold 2021.03
2026-02-23 13:44:56.861474 (920221) main____ INFO      version   : 2021.03 FCS 64 bits
2026-02-23 13:44:56.861480 (920221) main____ INFO      build date: 2021.03.23 02:50:43 UTC
2026-02-23 13:44:56.861485 (920221) main____ INFO    ----------------------------------------
2026-02-23 13:44:56.861490 (920221) main____ INFO    Runtime info:
2026-02-23 13:44:56.861496 (920221) main____ INFO      platform  : Linux 5.14.0-570.84.1.el9_6.x86_64 x86_64
2026-02-23 13:44:56.861503 (920221) main____ INFO      hostname  : della-h14n16
2026-02-23 13:44:56.861509 (920221) main____ INFO      pid       : 920221
2026-02-23 13:44:56.861514 (920221) main____ INFO      arguments : '-style' 'windows' '-batch' '-proj' './verification_results/02266/jgproject' '-tcl' './jasper_verif_check.tcl'
2026-02-23 13:44:56.861523 (920221) main____ INFO      locale    : UTF-8
2026-02-23 13:44:56.861528 (920221) main____ INFO    ----------------------------------------
2026-02-23 13:44:56.861533 (920221) main____ INFO    System resource limits info:
2026-02-23 13:44:56.861538 (920221) main____ INFO      virtual memory: unlimited
2026-02-23 13:44:56.861543 (920221) main____ INFO      cpu time      : unlimited
2026-02-23 13:44:56.861549 (920221) main____ INFO      stack size    : unlimited
2026-02-23 13:44:56.861554 (920221) main____ INFO      core file size: unlimited
2026-02-23 13:44:56.861562 (920221) main____ INFO      open files    : 131072
2026-02-23 13:44:56.861567 (920221) main____ INFO      file size     : unlimited
2026-02-23 13:44:56.861573 (920221) main____ INFO    ----------------------------------------
2026-02-23 13:44:56.861578 (920221) main____ INFO    Memory statistics:
2026-02-23 13:44:56.861588 (920221) main____ INFO      total physical memory  : 1584164324 kB
2026-02-23 13:44:56.861594 (920221) main____ INFO      free physical memory   : 933989440 kB
2026-02-23 13:44:56.861599 (920221) main____ INFO      committed address space: 437431140 kB
2026-02-23 13:44:56.861604 (920221) main____ INFO    ----------------------------------------
2026-02-23 13:44:56.862133 (920221) main____ INFO    Important environment variables:
2026-02-23 13:44:56.862147 (920221) main____ INFO      JASPER_HOME       : '/usr/licensed/cadence-20210126/jasper_2021.03'
2026-02-23 13:44:56.862154 (920221) main____ INFO      JASPER_INSTALL_DIR: '/scratch/gpfs/LICENSED/x86_64/cadence-20210126/jasper_2021.03'
2026-02-23 13:44:56.862160 (920221) main____ INFO      LANG              : 'en_US.UTF-8'
2026-02-23 13:44:56.862166 (920221) main____ INFO      LM_LICENSE_FILE   : '5280@license.rc.princeton.edu'
2026-02-23 13:44:56.862172 (920221) main____ INFO      TMPDIR            : '/tmp/ab2113/jg_5018903_38'
2026-02-23 13:44:56.862177 (920221) main____ INFO    ----------------------------------------
2026-02-23 13:44:56.862683 (920221) lic_core INFO    Initializing license system ...
2026-02-23 13:44:56.863272 (920221) lic_core INFO    ... license system initialized.
2026-02-23 13:44:56.864071 (920221) lic__man INFO    Claim 'fpv' for <ui>.
2026-02-23 13:44:56.864104 (920221) lic_core INFO    (1) checking out 'jasper_fpv' ...
2026-02-23 13:44:56.870302 (920221) lic_core INFO    ... (1) checkout failed (error: -5) ("FLEXnet ERROR(-5, 0, 0): No such feature exists.")
2026-02-23 13:44:56.870332 (920221) lic_core INFO    (2) checking out 'jasper_fao' ...
2026-02-23 13:44:56.879532 (920221) lic_core INFO    ... (2) checkout succeeded
2026-02-23 13:44:56.891590 (920221) session_ INFO    Starting analysis session with session id 'session_0' (launcher: <local>) ...
2026-02-23 13:44:56.894628 (920221) session_ INFO    Analysis session with session id 'session_0' started (pid: 920229)
2026-02-23 13:44:57.880854 (920221) session_ INFO    Analysis session 'session_0' connected to the console (host: 127.0.0.1:39136)
2026-02-23 13:44:58.439964 (920221) main____ INFO    About to exit: request to exit with status 1 received from analysis session 'session_0'
2026-02-23 13:44:58.537643 (920221) session_ INFO    Analysis session 'session_0' disconnected.
2026-02-23 13:44:58.537820 (920221) lic__man INFO    Unclaim everything for 'session_0'.
2026-02-23 13:44:58.538726 (920221) session_ INFO    Process for analysis session 'session_0' has exited with exit status '1'.
2026-02-23 13:45:00.546450 (920221) lic_core INFO    (2) checkin jasper_fao
2026-02-23 13:45:00.548965 (920221) main____ INFO    Exiting with status 1.
