2026-02-23 13:41:32.514512 (488997) main____ INFO    ----------------------------------------
2026-02-23 13:41:32.514582 (488997) main____ INFO    JasperGold version info
2026-02-23 13:41:32.514599 (488997) main____ INFO      tool      : JasperGold 2021.03
2026-02-23 13:41:32.514607 (488997) main____ INFO      version   : 2021.03 FCS 64 bits
2026-02-23 13:41:32.514613 (488997) main____ INFO      build date: 2021.03.23 02:50:43 UTC
2026-02-23 13:41:32.514618 (488997) main____ INFO    ----------------------------------------
2026-02-23 13:41:32.514623 (488997) main____ INFO    Runtime info:
2026-02-23 13:41:32.514629 (488997) main____ INFO      platform  : Linux 5.14.0-570.84.1.el9_6.x86_64 x86_64
2026-02-23 13:41:32.514634 (488997) main____ INFO      hostname  : della-h16n3
2026-02-23 13:41:32.514640 (488997) main____ INFO      pid       : 488997
2026-02-23 13:41:32.514645 (488997) main____ INFO      arguments : '-style' 'windows' '-batch' '-proj' './verification_results/01156/jgproject' '-tcl' './jasper_verif_check.tcl'
2026-02-23 13:41:32.514652 (488997) main____ INFO      locale    : UTF-8
2026-02-23 13:41:32.514657 (488997) main____ INFO    ----------------------------------------
2026-02-23 13:41:32.514662 (488997) main____ INFO    System resource limits info:
2026-02-23 13:41:32.514667 (488997) main____ INFO      virtual memory: unlimited
2026-02-23 13:41:32.514672 (488997) main____ INFO      cpu time      : unlimited
2026-02-23 13:41:32.514676 (488997) main____ INFO      stack size    : unlimited
2026-02-23 13:41:32.514681 (488997) main____ INFO      core file size: unlimited
2026-02-23 13:41:32.514689 (488997) main____ INFO      open files    : 131072
2026-02-23 13:41:32.514694 (488997) main____ INFO      file size     : unlimited
2026-02-23 13:41:32.514698 (488997) main____ INFO    ----------------------------------------
2026-02-23 13:41:32.514703 (488997) main____ INFO    Memory statistics:
2026-02-23 13:41:32.514708 (488997) main____ INFO      total physical memory  : 1584164344 kB
2026-02-23 13:41:32.514713 (488997) main____ INFO      free physical memory   : 948590800 kB
2026-02-23 13:41:32.514718 (488997) main____ INFO      committed address space: 588646196 kB
2026-02-23 13:41:32.514722 (488997) main____ INFO    ----------------------------------------
2026-02-23 13:41:32.515245 (488997) main____ INFO    Important environment variables:
2026-02-23 13:41:32.515259 (488997) main____ INFO      JASPER_HOME       : '/usr/licensed/cadence-20210126/jasper_2021.03'
2026-02-23 13:41:32.515265 (488997) main____ INFO      JASPER_INSTALL_DIR: '/scratch/gpfs/LICENSED/x86_64/cadence-20210126/jasper_2021.03'
2026-02-23 13:41:32.515271 (488997) main____ INFO      LANG              : 'en_US.UTF-8'
2026-02-23 13:41:32.515276 (488997) main____ INFO      LM_LICENSE_FILE   : '5280@license.rc.princeton.edu'
2026-02-23 13:41:32.515281 (488997) main____ INFO      TMPDIR            : '/tmp/ab2113/jg_5018818_15'
2026-02-23 13:41:32.515286 (488997) main____ INFO    ----------------------------------------
2026-02-23 13:41:32.515736 (488997) lic_core INFO    Initializing license system ...
2026-02-23 13:41:32.516291 (488997) lic_core INFO    ... license system initialized.
2026-02-23 13:41:32.517058 (488997) lic__man INFO    Claim 'fpv' for <ui>.
2026-02-23 13:41:32.517088 (488997) lic_core INFO    (1) checking out 'jasper_fpv' ...
2026-02-23 13:41:32.523352 (488997) lic_core INFO    ... (1) checkout failed (error: -5) ("FLEXnet ERROR(-5, 0, 0): No such feature exists.")
2026-02-23 13:41:32.523378 (488997) lic_core INFO    (2) checking out 'jasper_fao' ...
2026-02-23 13:41:32.532683 (488997) lic_core INFO    ... (2) checkout succeeded
2026-02-23 13:41:32.542969 (488997) session_ INFO    Starting analysis session with session id 'session_0' (launcher: <local>) ...
2026-02-23 13:41:32.545780 (488997) session_ INFO    Analysis session with session id 'session_0' started (pid: 489019)
2026-02-23 13:41:33.132303 (488997) session_ INFO    Analysis session 'session_0' connected to the console (host: 127.0.0.1:46770)
2026-02-23 13:41:33.610979 (488997) main____ INFO    About to exit: request to exit with status 1 received from analysis session 'session_0'
2026-02-23 13:41:33.671925 (488997) session_ INFO    Analysis session 'session_0' disconnected.
2026-02-23 13:41:33.672061 (488997) lic__man INFO    Unclaim everything for 'session_0'.
2026-02-23 13:41:33.673384 (488997) session_ INFO    Process for analysis session 'session_0' has exited with exit status '1'.
2026-02-23 13:41:35.715952 (488997) lic_core INFO    (2) checkin jasper_fao
2026-02-23 13:41:35.717654 (488997) main____ INFO    Exiting with status 1.
