2026-02-20 18:01:54.703951 (2572256) main____ INFO    ----------------------------------------
2026-02-20 18:01:54.704077 (2572256) main____ INFO    JasperGold version info
2026-02-20 18:01:54.704101 (2572256) main____ INFO      tool      : JasperGold 2021.03
2026-02-20 18:01:54.704111 (2572256) main____ INFO      version   : 2021.03 FCS 64 bits
2026-02-20 18:01:54.704116 (2572256) main____ INFO      build date: 2021.03.23 02:50:43 UTC
2026-02-20 18:01:54.704121 (2572256) main____ INFO    ----------------------------------------
2026-02-20 18:01:54.704125 (2572256) main____ INFO    Runtime info:
2026-02-20 18:01:54.704130 (2572256) main____ INFO      platform  : Linux 5.14.0-570.84.1.el9_6.x86_64 x86_64
2026-02-20 18:01:54.704136 (2572256) main____ INFO      hostname  : della-i13n22
2026-02-20 18:01:54.704141 (2572256) main____ INFO      pid       : 2572256
2026-02-20 18:01:54.704145 (2572256) main____ INFO      arguments : '-style' 'windows' '-batch' '-proj' 'verification_results/00655/jgproject' '-tcl' './jasper_verif_check.tcl'
2026-02-20 18:01:54.704154 (2572256) main____ INFO      locale    : UTF-8
2026-02-20 18:01:54.704158 (2572256) main____ INFO    ----------------------------------------
2026-02-20 18:01:54.704162 (2572256) main____ INFO    System resource limits info:
2026-02-20 18:01:54.704166 (2572256) main____ INFO      virtual memory: unlimited
2026-02-20 18:01:54.704171 (2572256) main____ INFO      cpu time      : unlimited
2026-02-20 18:01:54.704175 (2572256) main____ INFO      stack size    : unlimited
2026-02-20 18:01:54.704179 (2572256) main____ INFO      core file size: unlimited
2026-02-20 18:01:54.704186 (2572256) main____ INFO      open files    : 131072
2026-02-20 18:01:54.704190 (2572256) main____ INFO      file size     : unlimited
2026-02-20 18:01:54.704194 (2572256) main____ INFO    ----------------------------------------
2026-02-20 18:01:54.704198 (2572256) main____ INFO    Memory statistics:
2026-02-20 18:01:54.704202 (2572256) main____ INFO      total physical memory  : 394157548 kB
2026-02-20 18:01:54.704206 (2572256) main____ INFO      free physical memory   : 183149996 kB
2026-02-20 18:01:54.704210 (2572256) main____ INFO      committed address space: 175366400 kB
2026-02-20 18:01:54.704213 (2572256) main____ INFO    ----------------------------------------
2026-02-20 18:01:54.705108 (2572256) main____ INFO    Important environment variables:
2026-02-20 18:01:54.705127 (2572256) main____ INFO      JASPER_HOME       : '/usr/licensed/cadence-20210126/jasper_2021.03'
2026-02-20 18:01:54.705133 (2572256) main____ INFO      JASPER_INSTALL_DIR: '/scratch/gpfs/LICENSED/x86_64/cadence-20210126/jasper_2021.03'
2026-02-20 18:01:54.705138 (2572256) main____ INFO      LANG              : 'en_US.UTF-8'
2026-02-20 18:01:54.705143 (2572256) main____ INFO      LM_LICENSE_FILE   : '5280@license.rc.princeton.edu'
2026-02-20 18:01:54.705148 (2572256) main____ INFO      TMPDIR            : '/tmp'
2026-02-20 18:01:54.705152 (2572256) main____ INFO    ----------------------------------------
2026-02-20 18:01:54.706091 (2572256) lic_core INFO    Initializing license system ...
2026-02-20 18:01:54.707011 (2572256) lic_core INFO    ... license system initialized.
2026-02-20 18:01:54.707877 (2572256) lic__man INFO    Claim 'fpv' for <ui>.
2026-02-20 18:01:54.707927 (2572256) lic_core INFO    (1) checking out 'jasper_fpv' ...
2026-02-20 18:01:54.714599 (2572256) lic_core INFO    ... (1) checkout failed (error: -5) ("FLEXnet ERROR(-5, 0, 0): No such feature exists.")
2026-02-20 18:01:54.714664 (2572256) lic_core INFO    (2) checking out 'jasper_fao' ...
2026-02-20 18:01:54.724941 (2572256) lic_core INFO    ... (2) checkout succeeded
2026-02-20 18:01:54.739319 (2572256) session_ INFO    Starting analysis session with session id 'session_0' (launcher: <local>) ...
2026-02-20 18:01:54.742707 (2572256) session_ INFO    Analysis session with session id 'session_0' started (pid: 2572264)
2026-02-20 18:01:55.497177 (2572256) session_ INFO    Analysis session 'session_0' connected to the console (host: 127.0.0.1:37224)
2026-02-20 18:01:56.076526 (2572256) main____ INFO    About to exit: request to exit with status 1 received from analysis session 'session_0'
2026-02-20 18:01:56.169415 (2572256) session_ INFO    Analysis session 'session_0' disconnected.
2026-02-20 18:01:56.169571 (2572256) lic__man INFO    Unclaim everything for 'session_0'.
2026-02-20 18:01:56.170272 (2572256) session_ INFO    Process for analysis session 'session_0' has exited with exit status '1'.
2026-02-20 18:01:58.038325 (2572256) lic_core INFO    (2) checkin jasper_fao
2026-02-20 18:01:58.039909 (2572256) main____ INFO    Exiting with status 1.
