2026-02-23 13:42:41.217830 (108281) main____ INFO    ----------------------------------------
2026-02-23 13:42:41.217916 (108281) main____ INFO    JasperGold version info
2026-02-23 13:42:41.217933 (108281) main____ INFO      tool      : JasperGold 2021.03
2026-02-23 13:42:41.217942 (108281) main____ INFO      version   : 2021.03 FCS 64 bits
2026-02-23 13:42:41.217948 (108281) main____ INFO      build date: 2021.03.23 02:50:43 UTC
2026-02-23 13:42:41.217955 (108281) main____ INFO    ----------------------------------------
2026-02-23 13:42:41.217961 (108281) main____ INFO    Runtime info:
2026-02-23 13:42:41.217966 (108281) main____ INFO      platform  : Linux 5.14.0-570.84.1.el9_6.x86_64 x86_64
2026-02-23 13:42:41.217972 (108281) main____ INFO      hostname  : della-h14n2
2026-02-23 13:42:41.217978 (108281) main____ INFO      pid       : 108281
2026-02-23 13:42:41.217984 (108281) main____ INFO      arguments : '-style' 'windows' '-batch' '-proj' './verification_results/01546/jgproject' '-tcl' './jasper_verif_check.tcl'
2026-02-23 13:42:41.217993 (108281) main____ INFO      locale    : UTF-8
2026-02-23 13:42:41.217999 (108281) main____ INFO    ----------------------------------------
2026-02-23 13:42:41.218004 (108281) main____ INFO    System resource limits info:
2026-02-23 13:42:41.218010 (108281) main____ INFO      virtual memory: unlimited
2026-02-23 13:42:41.218014 (108281) main____ INFO      cpu time      : unlimited
2026-02-23 13:42:41.218020 (108281) main____ INFO      stack size    : unlimited
2026-02-23 13:42:41.218026 (108281) main____ INFO      core file size: unlimited
2026-02-23 13:42:41.218034 (108281) main____ INFO      open files    : 131072
2026-02-23 13:42:41.218040 (108281) main____ INFO      file size     : unlimited
2026-02-23 13:42:41.218045 (108281) main____ INFO    ----------------------------------------
2026-02-23 13:42:41.218049 (108281) main____ INFO    Memory statistics:
2026-02-23 13:42:41.218055 (108281) main____ INFO      total physical memory  : 1584164328 kB
2026-02-23 13:42:41.218061 (108281) main____ INFO      free physical memory   : 722435280 kB
2026-02-23 13:42:41.218066 (108281) main____ INFO      committed address space: 695883060 kB
2026-02-23 13:42:41.218072 (108281) main____ INFO    ----------------------------------------
2026-02-23 13:42:41.218606 (108281) main____ INFO    Important environment variables:
2026-02-23 13:42:41.218621 (108281) main____ INFO      JASPER_HOME       : '/usr/licensed/cadence-20210126/jasper_2021.03'
2026-02-23 13:42:41.218628 (108281) main____ INFO      JASPER_INSTALL_DIR: '/scratch/gpfs/LICENSED/x86_64/cadence-20210126/jasper_2021.03'
2026-02-23 13:42:41.218634 (108281) main____ INFO      LANG              : 'en_US.UTF-8'
2026-02-23 13:42:41.218639 (108281) main____ INFO      LM_LICENSE_FILE   : '5280@license.rc.princeton.edu'
2026-02-23 13:42:41.218644 (108281) main____ INFO      TMPDIR            : '/tmp/ab2113/jg_5018841_23'
2026-02-23 13:42:41.218649 (108281) main____ INFO    ----------------------------------------
2026-02-23 13:42:41.219158 (108281) lic_core INFO    Initializing license system ...
2026-02-23 13:42:41.219693 (108281) lic_core INFO    ... license system initialized.
2026-02-23 13:42:41.220480 (108281) lic__man INFO    Claim 'fpv' for <ui>.
2026-02-23 13:42:41.220513 (108281) lic_core INFO    (1) checking out 'jasper_fpv' ...
2026-02-23 13:42:41.226044 (108281) lic_core INFO    ... (1) checkout failed (error: -5) ("FLEXnet ERROR(-5, 0, 0): No such feature exists.")
2026-02-23 13:42:41.226076 (108281) lic_core INFO    (2) checking out 'jasper_fao' ...
2026-02-23 13:42:41.235143 (108281) lic_core INFO    ... (2) checkout succeeded
2026-02-23 13:42:41.247041 (108281) session_ INFO    Starting analysis session with session id 'session_0' (launcher: <local>) ...
2026-02-23 13:42:41.250003 (108281) session_ INFO    Analysis session with session id 'session_0' started (pid: 108289)
2026-02-23 13:42:41.899193 (108281) session_ INFO    Analysis session 'session_0' connected to the console (host: 127.0.0.1:35870)
2026-02-23 13:42:42.427908 (108281) main____ INFO    About to exit: request to exit with status 1 received from analysis session 'session_0'
2026-02-23 13:42:42.485715 (108281) session_ INFO    Analysis session 'session_0' disconnected.
2026-02-23 13:42:42.485852 (108281) lic__man INFO    Unclaim everything for 'session_0'.
2026-02-23 13:42:42.486420 (108281) session_ INFO    Process for analysis session 'session_0' has exited with exit status '1'.
2026-02-23 13:42:44.466963 (108281) lic_core INFO    (2) checkin jasper_fao
2026-02-23 13:42:44.468443 (108281) main____ INFO    Exiting with status 1.
