2026-02-23 13:59:41.369169 (3188597) main____ INFO    ----------------------------------------
2026-02-23 13:59:41.369240 (3188597) main____ INFO    JasperGold version info
2026-02-23 13:59:41.369256 (3188597) main____ INFO      tool      : JasperGold 2021.03
2026-02-23 13:59:41.369265 (3188597) main____ INFO      version   : 2021.03 FCS 64 bits
2026-02-23 13:59:41.369272 (3188597) main____ INFO      build date: 2021.03.23 02:50:43 UTC
2026-02-23 13:59:41.369278 (3188597) main____ INFO    ----------------------------------------
2026-02-23 13:59:41.369283 (3188597) main____ INFO    Runtime info:
2026-02-23 13:59:41.369287 (3188597) main____ INFO      platform  : Linux 5.14.0-570.84.1.el9_6.x86_64 x86_64
2026-02-23 13:59:41.369295 (3188597) main____ INFO      hostname  : della-r3c3n1
2026-02-23 13:59:41.369301 (3188597) main____ INFO      pid       : 3188597
2026-02-23 13:59:41.369305 (3188597) main____ INFO      arguments : '-style' 'windows' '-batch' '-proj' './verification_results/04641/jgproject' '-tcl' './jasper_verif_check.tcl'
2026-02-23 13:59:41.369314 (3188597) main____ INFO      locale    : UTF-8
2026-02-23 13:59:41.369320 (3188597) main____ INFO    ----------------------------------------
2026-02-23 13:59:41.369325 (3188597) main____ INFO    System resource limits info:
2026-02-23 13:59:41.369330 (3188597) main____ INFO      virtual memory: unlimited
2026-02-23 13:59:41.369334 (3188597) main____ INFO      cpu time      : unlimited
2026-02-23 13:59:41.369340 (3188597) main____ INFO      stack size    : unlimited
2026-02-23 13:59:41.369345 (3188597) main____ INFO      core file size: unlimited
2026-02-23 13:59:41.369352 (3188597) main____ INFO      open files    : 131072
2026-02-23 13:59:41.369358 (3188597) main____ INFO      file size     : unlimited
2026-02-23 13:59:41.369364 (3188597) main____ INFO    ----------------------------------------
2026-02-23 13:59:41.369368 (3188597) main____ INFO    Memory statistics:
2026-02-23 13:59:41.369373 (3188597) main____ INFO      total physical memory  : 195972176 kB
2026-02-23 13:59:41.369385 (3188597) main____ INFO      free physical memory   : 119178912 kB
2026-02-23 13:59:41.369391 (3188597) main____ INFO      committed address space: 22110480 kB
2026-02-23 13:59:41.369395 (3188597) main____ INFO    ----------------------------------------
2026-02-23 13:59:41.370351 (3188597) main____ INFO    Important environment variables:
2026-02-23 13:59:41.370366 (3188597) main____ INFO      JASPER_HOME       : '/usr/licensed/cadence-20210126/jasper_2021.03'
2026-02-23 13:59:41.370373 (3188597) main____ INFO      JASPER_INSTALL_DIR: '/scratch/gpfs/LICENSED/x86_64/cadence-20210126/jasper_2021.03'
2026-02-23 13:59:41.370386 (3188597) main____ INFO      LANG              : 'en_US.UTF-8'
2026-02-23 13:59:41.370393 (3188597) main____ INFO      LM_LICENSE_FILE   : '5280@license.rc.princeton.edu'
2026-02-23 13:59:41.370398 (3188597) main____ INFO      TMPDIR            : '/tmp/ab2113/jg_5019172_85'
2026-02-23 13:59:41.370403 (3188597) main____ INFO    ----------------------------------------
2026-02-23 13:59:41.371145 (3188597) lic_core INFO    Initializing license system ...
2026-02-23 13:59:41.371912 (3188597) lic_core INFO    ... license system initialized.
2026-02-23 13:59:41.372598 (3188597) lic__man INFO    Claim 'fpv' for <ui>.
2026-02-23 13:59:41.372633 (3188597) lic_core INFO    (1) checking out 'jasper_fpv' ...
2026-02-23 13:59:41.378130 (3188597) lic_core INFO    ... (1) checkout failed (error: -5) ("FLEXnet ERROR(-5, 0, 0): No such feature exists.")
2026-02-23 13:59:41.378157 (3188597) lic_core INFO    (2) checking out 'jasper_fao' ...
2026-02-23 13:59:41.388925 (3188597) lic_core INFO    ... (2) checkout succeeded
2026-02-23 13:59:41.402553 (3188597) session_ INFO    Starting analysis session with session id 'session_0' (launcher: <local>) ...
2026-02-23 13:59:41.405148 (3188597) session_ INFO    Analysis session with session id 'session_0' started (pid: 3188605)
2026-02-23 13:59:42.077208 (3188597) session_ INFO    Analysis session 'session_0' connected to the console (host: 127.0.0.1:40502)
2026-02-23 13:59:42.636459 (3188597) main____ INFO    About to exit: request to exit with status 1 received from analysis session 'session_0'
2026-02-23 13:59:42.707043 (3188597) session_ INFO    Analysis session 'session_0' disconnected.
2026-02-23 13:59:42.707163 (3188597) lic__man INFO    Unclaim everything for 'session_0'.
2026-02-23 13:59:42.707923 (3188597) session_ INFO    Process for analysis session 'session_0' has exited with exit status '1'.
2026-02-23 13:59:44.607279 (3188597) lic_core INFO    (2) checkin jasper_fao
2026-02-23 13:59:44.608952 (3188597) main____ INFO    Exiting with status 1.
