2026-02-23 15:01:47.723319 (2961235) main____ INFO    ----------------------------------------
2026-02-23 15:01:47.723413 (2961235) main____ INFO    JasperGold version info
2026-02-23 15:01:47.723431 (2961235) main____ INFO      tool      : JasperGold 2021.03
2026-02-23 15:01:47.723441 (2961235) main____ INFO      version   : 2021.03 FCS 64 bits
2026-02-23 15:01:47.723445 (2961235) main____ INFO      build date: 2021.03.23 02:50:43 UTC
2026-02-23 15:01:47.723449 (2961235) main____ INFO    ----------------------------------------
2026-02-23 15:01:47.723452 (2961235) main____ INFO    Runtime info:
2026-02-23 15:01:47.723456 (2961235) main____ INFO      platform  : Linux 5.14.0-570.84.1.el9_6.x86_64 x86_64
2026-02-23 15:01:47.723461 (2961235) main____ INFO      hostname  : della-h12n18
2026-02-23 15:01:47.723465 (2961235) main____ INFO      pid       : 2961235
2026-02-23 15:01:47.723469 (2961235) main____ INFO      arguments : '-style' 'windows' '-batch' '-proj' './verification_results/04757/jgproject' '-tcl' './jasper_verif_check.tcl'
2026-02-23 15:01:47.723476 (2961235) main____ INFO      locale    : UTF-8
2026-02-23 15:01:47.723479 (2961235) main____ INFO    ----------------------------------------
2026-02-23 15:01:47.723482 (2961235) main____ INFO    System resource limits info:
2026-02-23 15:01:47.723486 (2961235) main____ INFO      virtual memory: unlimited
2026-02-23 15:01:47.723489 (2961235) main____ INFO      cpu time      : unlimited
2026-02-23 15:01:47.723493 (2961235) main____ INFO      stack size    : unlimited
2026-02-23 15:01:47.723496 (2961235) main____ INFO      core file size: unlimited
2026-02-23 15:01:47.723502 (2961235) main____ INFO      open files    : 131072
2026-02-23 15:01:47.723506 (2961235) main____ INFO      file size     : unlimited
2026-02-23 15:01:47.723509 (2961235) main____ INFO    ----------------------------------------
2026-02-23 15:01:47.723512 (2961235) main____ INFO    Memory statistics:
2026-02-23 15:01:47.723516 (2961235) main____ INFO      total physical memory  : 1055795796 kB
2026-02-23 15:01:47.723520 (2961235) main____ INFO      free physical memory   : 275317084 kB
2026-02-23 15:01:47.723523 (2961235) main____ INFO      committed address space: 469291736 kB
2026-02-23 15:01:47.723527 (2961235) main____ INFO    ----------------------------------------
2026-02-23 15:01:47.724296 (2961235) main____ INFO    Important environment variables:
2026-02-23 15:01:47.724310 (2961235) main____ INFO      JASPER_HOME       : '/usr/licensed/cadence-20210126/jasper_2021.03'
2026-02-23 15:01:47.724316 (2961235) main____ INFO      JASPER_INSTALL_DIR: '/scratch/gpfs/LICENSED/x86_64/cadence-20210126/jasper_2021.03'
2026-02-23 15:01:47.724320 (2961235) main____ INFO      LANG              : 'en_US.UTF-8'
2026-02-23 15:01:47.724324 (2961235) main____ INFO      LM_LICENSE_FILE   : '5280@license.rc.princeton.edu'
2026-02-23 15:01:47.724329 (2961235) main____ INFO      TMPDIR            : '/tmp/ab2113/jg_5019198_87'
2026-02-23 15:01:47.724332 (2961235) main____ INFO    ----------------------------------------
2026-02-23 15:01:47.725088 (2961235) lic_core INFO    Initializing license system ...
2026-02-23 15:01:47.725795 (2961235) lic_core INFO    ... license system initialized.
2026-02-23 15:01:47.726690 (2961235) lic__man INFO    Claim 'fpv' for <ui>.
2026-02-23 15:01:47.726723 (2961235) lic_core INFO    (1) checking out 'jasper_fpv' ...
2026-02-23 15:01:47.732756 (2961235) lic_core INFO    ... (1) checkout failed (error: -5) ("FLEXnet ERROR(-5, 0, 0): No such feature exists.")
2026-02-23 15:01:47.732809 (2961235) lic_core INFO    (2) checking out 'jasper_fao' ...
2026-02-23 15:01:47.744359 (2961235) lic_core INFO    ... (2) checkout succeeded
2026-02-23 15:01:47.757843 (2961235) session_ INFO    Starting analysis session with session id 'session_0' (launcher: <local>) ...
2026-02-23 15:01:47.760461 (2961235) session_ INFO    Analysis session with session id 'session_0' started (pid: 2961243)
2026-02-23 15:01:48.384431 (2961235) session_ INFO    Analysis session 'session_0' connected to the console (host: 127.0.0.1:46192)
2026-02-23 15:01:49.202415 (2961235) lic__man INFO    Unclaim everything for 'session_0'.
2026-02-23 15:01:49.240105 (2961235) lic__man INFO    Claim 'fpv' for 'session_0'.
2026-02-23 15:01:49.240146 (2961235) lic__man INFO    Claim 'fpv' for 'session_0/prove-0'.
2026-02-23 15:01:49.384574 (2961235) lic__man INFO    Unclaim everything for 'session_0/prove-0'.
2026-02-23 15:01:49.440499 (2961235) main____ INFO    About to exit: request to exit with status 0 received from analysis session 'session_0'
2026-02-23 15:01:49.521293 (2961235) session_ INFO    Analysis session 'session_0' disconnected.
2026-02-23 15:01:49.521454 (2961235) lic__man INFO    Unclaim everything for 'session_0'.
2026-02-23 15:01:49.522131 (2961235) session_ INFO    Process for analysis session 'session_0' has exited with exit status '0'.
2026-02-23 15:01:51.510208 (2961235) lic_core INFO    (2) checkin jasper_fao
2026-02-23 15:01:51.511917 (2961235) main____ INFO    Exiting with status 0.
