2026-02-23 13:46:30.834194 (1485963) main____ INFO    ----------------------------------------
2026-02-23 13:46:30.834275 (1485963) main____ INFO    JasperGold version info
2026-02-23 13:46:30.834296 (1485963) main____ INFO      tool      : JasperGold 2021.03
2026-02-23 13:46:30.834307 (1485963) main____ INFO      version   : 2021.03 FCS 64 bits
2026-02-23 13:46:30.834313 (1485963) main____ INFO      build date: 2021.03.23 02:50:43 UTC
2026-02-23 13:46:30.834318 (1485963) main____ INFO    ----------------------------------------
2026-02-23 13:46:30.834324 (1485963) main____ INFO    Runtime info:
2026-02-23 13:46:30.834329 (1485963) main____ INFO      platform  : Linux 5.14.0-570.84.1.el9_6.x86_64 x86_64
2026-02-23 13:46:30.834336 (1485963) main____ INFO      hostname  : della-h14n5
2026-02-23 13:46:30.834342 (1485963) main____ INFO      pid       : 1485963
2026-02-23 13:46:30.834347 (1485963) main____ INFO      arguments : '-style' 'windows' '-batch' '-proj' './verification_results/02624/jgproject' '-tcl' './jasper_verif_check.tcl'
2026-02-23 13:46:30.834356 (1485963) main____ INFO      locale    : UTF-8
2026-02-23 13:46:30.834362 (1485963) main____ INFO    ----------------------------------------
2026-02-23 13:46:30.834367 (1485963) main____ INFO    System resource limits info:
2026-02-23 13:46:30.834372 (1485963) main____ INFO      virtual memory: unlimited
2026-02-23 13:46:30.834378 (1485963) main____ INFO      cpu time      : unlimited
2026-02-23 13:46:30.834383 (1485963) main____ INFO      stack size    : unlimited
2026-02-23 13:46:30.834390 (1485963) main____ INFO      core file size: unlimited
2026-02-23 13:46:30.834399 (1485963) main____ INFO      open files    : 131072
2026-02-23 13:46:30.834405 (1485963) main____ INFO      file size     : unlimited
2026-02-23 13:46:30.834410 (1485963) main____ INFO    ----------------------------------------
2026-02-23 13:46:30.834415 (1485963) main____ INFO    Memory statistics:
2026-02-23 13:46:30.834421 (1485963) main____ INFO      total physical memory  : 1584164368 kB
2026-02-23 13:46:30.834426 (1485963) main____ INFO      free physical memory   : 697595196 kB
2026-02-23 13:46:30.834440 (1485963) main____ INFO      committed address space: 541003144 kB
2026-02-23 13:46:30.834445 (1485963) main____ INFO    ----------------------------------------
2026-02-23 13:46:30.834986 (1485963) main____ INFO    Important environment variables:
2026-02-23 13:46:30.835000 (1485963) main____ INFO      JASPER_HOME       : '/usr/licensed/cadence-20210126/jasper_2021.03'
2026-02-23 13:46:30.835007 (1485963) main____ INFO      JASPER_INSTALL_DIR: '/scratch/gpfs/LICENSED/x86_64/cadence-20210126/jasper_2021.03'
2026-02-23 13:46:30.835013 (1485963) main____ INFO      LANG              : 'en_US.UTF-8'
2026-02-23 13:46:30.835019 (1485963) main____ INFO      LM_LICENSE_FILE   : '5280@license.rc.princeton.edu'
2026-02-23 13:46:30.835026 (1485963) main____ INFO      TMPDIR            : '/tmp/ab2113/jg_5018923_45'
2026-02-23 13:46:30.835031 (1485963) main____ INFO    ----------------------------------------
2026-02-23 13:46:30.835533 (1485963) lic_core INFO    Initializing license system ...
2026-02-23 13:46:30.836034 (1485963) lic_core INFO    ... license system initialized.
2026-02-23 13:46:30.836812 (1485963) lic__man INFO    Claim 'fpv' for <ui>.
2026-02-23 13:46:30.836846 (1485963) lic_core INFO    (1) checking out 'jasper_fpv' ...
2026-02-23 13:46:30.842420 (1485963) lic_core INFO    ... (1) checkout failed (error: -5) ("FLEXnet ERROR(-5, 0, 0): No such feature exists.")
2026-02-23 13:46:30.842460 (1485963) lic_core INFO    (2) checking out 'jasper_fao' ...
2026-02-23 13:46:30.851149 (1485963) lic_core INFO    ... (2) checkout succeeded
2026-02-23 13:46:30.863901 (1485963) session_ INFO    Starting analysis session with session id 'session_0' (launcher: <local>) ...
2026-02-23 13:46:30.866988 (1485963) session_ INFO    Analysis session with session id 'session_0' started (pid: 1485971)
2026-02-23 13:46:31.467353 (1485963) session_ INFO    Analysis session 'session_0' connected to the console (host: 127.0.0.1:35978)
2026-02-23 13:46:32.290523 (1485963) main____ INFO    About to exit: request to exit with status 1 received from analysis session 'session_0'
2026-02-23 13:46:32.341562 (1485963) session_ INFO    Analysis session 'session_0' disconnected.
2026-02-23 13:46:32.341698 (1485963) lic__man INFO    Unclaim everything for 'session_0'.
2026-02-23 13:46:32.342296 (1485963) session_ INFO    Process for analysis session 'session_0' has exited with exit status '1'.
2026-02-23 13:46:34.194930 (1485963) lic_core INFO    (2) checkin jasper_fao
2026-02-23 13:46:34.196380 (1485963) main____ INFO    Exiting with status 1.
