2026-02-23 13:45:29.791444 (1705441) main____ INFO    ----------------------------------------
2026-02-23 13:45:29.791520 (1705441) main____ INFO    JasperGold version info
2026-02-23 13:45:29.791536 (1705441) main____ INFO      tool      : JasperGold 2021.03
2026-02-23 13:45:29.791545 (1705441) main____ INFO      version   : 2021.03 FCS 64 bits
2026-02-23 13:45:29.791550 (1705441) main____ INFO      build date: 2021.03.23 02:50:43 UTC
2026-02-23 13:45:29.791555 (1705441) main____ INFO    ----------------------------------------
2026-02-23 13:45:29.791560 (1705441) main____ INFO    Runtime info:
2026-02-23 13:45:29.791565 (1705441) main____ INFO      platform  : Linux 5.14.0-570.84.1.el9_6.x86_64 x86_64
2026-02-23 13:45:29.791571 (1705441) main____ INFO      hostname  : della-h14n7
2026-02-23 13:45:29.791576 (1705441) main____ INFO      pid       : 1705441
2026-02-23 13:45:29.791581 (1705441) main____ INFO      arguments : '-style' 'windows' '-batch' '-proj' './verification_results/02048/jgproject' '-tcl' './jasper_verif_check.tcl'
2026-02-23 13:45:29.791589 (1705441) main____ INFO      locale    : UTF-8
2026-02-23 13:45:29.791594 (1705441) main____ INFO    ----------------------------------------
2026-02-23 13:45:29.791599 (1705441) main____ INFO    System resource limits info:
2026-02-23 13:45:29.791604 (1705441) main____ INFO      virtual memory: unlimited
2026-02-23 13:45:29.791609 (1705441) main____ INFO      cpu time      : unlimited
2026-02-23 13:45:29.791613 (1705441) main____ INFO      stack size    : unlimited
2026-02-23 13:45:29.791618 (1705441) main____ INFO      core file size: unlimited
2026-02-23 13:45:29.791625 (1705441) main____ INFO      open files    : 131072
2026-02-23 13:45:29.791630 (1705441) main____ INFO      file size     : unlimited
2026-02-23 13:45:29.791635 (1705441) main____ INFO    ----------------------------------------
2026-02-23 13:45:29.791639 (1705441) main____ INFO    Memory statistics:
2026-02-23 13:45:29.791644 (1705441) main____ INFO      total physical memory  : 1584164356 kB
2026-02-23 13:45:29.791649 (1705441) main____ INFO      free physical memory   : 804136080 kB
2026-02-23 13:45:29.791654 (1705441) main____ INFO      committed address space: 608984704 kB
2026-02-23 13:45:29.791659 (1705441) main____ INFO    ----------------------------------------
2026-02-23 13:45:29.792173 (1705441) main____ INFO    Important environment variables:
2026-02-23 13:45:29.792186 (1705441) main____ INFO      JASPER_HOME       : '/usr/licensed/cadence-20210126/jasper_2021.03'
2026-02-23 13:45:29.792192 (1705441) main____ INFO      JASPER_INSTALL_DIR: '/scratch/gpfs/LICENSED/x86_64/cadence-20210126/jasper_2021.03'
2026-02-23 13:45:29.792197 (1705441) main____ INFO      LANG              : 'en_US.UTF-8'
2026-02-23 13:45:29.792203 (1705441) main____ INFO      LM_LICENSE_FILE   : '5280@license.rc.princeton.edu'
2026-02-23 13:45:29.792208 (1705441) main____ INFO      TMPDIR            : '/tmp/ab2113/jg_5018881_33'
2026-02-23 13:45:29.792213 (1705441) main____ INFO    ----------------------------------------
2026-02-23 13:45:29.792585 (1705441) lic_core INFO    Initializing license system ...
2026-02-23 13:45:29.793100 (1705441) lic_core INFO    ... license system initialized.
2026-02-23 13:45:29.793849 (1705441) lic__man INFO    Claim 'fpv' for <ui>.
2026-02-23 13:45:29.793882 (1705441) lic_core INFO    (1) checking out 'jasper_fpv' ...
2026-02-23 13:45:29.802154 (1705441) lic_core INFO    ... (1) checkout failed (error: -5) ("FLEXnet ERROR(-5, 0, 0): No such feature exists.")
2026-02-23 13:45:29.802205 (1705441) lic_core INFO    (2) checking out 'jasper_fao' ...
2026-02-23 13:45:29.811480 (1705441) lic_core INFO    ... (2) checkout succeeded
2026-02-23 13:45:29.822483 (1705441) session_ INFO    Starting analysis session with session id 'session_0' (launcher: <local>) ...
2026-02-23 13:45:29.825208 (1705441) session_ INFO    Analysis session with session id 'session_0' started (pid: 1705449)
2026-02-23 13:45:30.343735 (1705441) session_ INFO    Analysis session 'session_0' connected to the console (host: 127.0.0.1:51068)
2026-02-23 13:45:30.852313 (1705441) main____ INFO    About to exit: request to exit with status 1 received from analysis session 'session_0'
2026-02-23 13:45:30.899925 (1705441) session_ INFO    Analysis session 'session_0' disconnected.
2026-02-23 13:45:30.900043 (1705441) lic__man INFO    Unclaim everything for 'session_0'.
2026-02-23 13:45:30.900700 (1705441) session_ INFO    Process for analysis session 'session_0' has exited with exit status '1'.
2026-02-23 13:45:32.957523 (1705441) lic_core INFO    (2) checkin jasper_fao
2026-02-23 13:45:32.959132 (1705441) main____ INFO    Exiting with status 1.
