2026-02-20 17:31:24.317688 (2528695) main____ INFO    ----------------------------------------
2026-02-20 17:31:24.317805 (2528695) main____ INFO    JasperGold version info
2026-02-20 17:31:24.317829 (2528695) main____ INFO      tool      : JasperGold 2021.03
2026-02-20 17:31:24.317839 (2528695) main____ INFO      version   : 2021.03 FCS 64 bits
2026-02-20 17:31:24.317844 (2528695) main____ INFO      build date: 2021.03.23 02:50:43 UTC
2026-02-20 17:31:24.317849 (2528695) main____ INFO    ----------------------------------------
2026-02-20 17:31:24.317853 (2528695) main____ INFO    Runtime info:
2026-02-20 17:31:24.317858 (2528695) main____ INFO      platform  : Linux 5.14.0-570.84.1.el9_6.x86_64 x86_64
2026-02-20 17:31:24.317864 (2528695) main____ INFO      hostname  : della-i13n22
2026-02-20 17:31:24.317868 (2528695) main____ INFO      pid       : 2528695
2026-02-20 17:31:24.317873 (2528695) main____ INFO      arguments : '-style' 'windows' '-batch' '-proj' 'verification_results/00206/jgproject' '-tcl' './jasper_verif_check.tcl'
2026-02-20 17:31:24.317882 (2528695) main____ INFO      locale    : UTF-8
2026-02-20 17:31:24.317886 (2528695) main____ INFO    ----------------------------------------
2026-02-20 17:31:24.317890 (2528695) main____ INFO    System resource limits info:
2026-02-20 17:31:24.317894 (2528695) main____ INFO      virtual memory: unlimited
2026-02-20 17:31:24.317898 (2528695) main____ INFO      cpu time      : unlimited
2026-02-20 17:31:24.317902 (2528695) main____ INFO      stack size    : unlimited
2026-02-20 17:31:24.317907 (2528695) main____ INFO      core file size: unlimited
2026-02-20 17:31:24.317914 (2528695) main____ INFO      open files    : 131072
2026-02-20 17:31:24.317918 (2528695) main____ INFO      file size     : unlimited
2026-02-20 17:31:24.317922 (2528695) main____ INFO    ----------------------------------------
2026-02-20 17:31:24.317926 (2528695) main____ INFO    Memory statistics:
2026-02-20 17:31:24.317930 (2528695) main____ INFO      total physical memory  : 394157548 kB
2026-02-20 17:31:24.317934 (2528695) main____ INFO      free physical memory   : 195450496 kB
2026-02-20 17:31:24.317938 (2528695) main____ INFO      committed address space: 163395640 kB
2026-02-20 17:31:24.317942 (2528695) main____ INFO    ----------------------------------------
2026-02-20 17:31:24.318830 (2528695) main____ INFO    Important environment variables:
2026-02-20 17:31:24.318850 (2528695) main____ INFO      JASPER_HOME       : '/usr/licensed/cadence-20210126/jasper_2021.03'
2026-02-20 17:31:24.318856 (2528695) main____ INFO      JASPER_INSTALL_DIR: '/scratch/gpfs/LICENSED/x86_64/cadence-20210126/jasper_2021.03'
2026-02-20 17:31:24.318862 (2528695) main____ INFO      LANG              : 'en_US.UTF-8'
2026-02-20 17:31:24.318867 (2528695) main____ INFO      LM_LICENSE_FILE   : '5280@license.rc.princeton.edu'
2026-02-20 17:31:24.318872 (2528695) main____ INFO      TMPDIR            : '/tmp'
2026-02-20 17:31:24.318876 (2528695) main____ INFO    ----------------------------------------
2026-02-20 17:31:24.319839 (2528695) lic_core INFO    Initializing license system ...
2026-02-20 17:31:24.320748 (2528695) lic_core INFO    ... license system initialized.
2026-02-20 17:31:24.321589 (2528695) lic__man INFO    Claim 'fpv' for <ui>.
2026-02-20 17:31:24.321636 (2528695) lic_core INFO    (1) checking out 'jasper_fpv' ...
2026-02-20 17:31:24.327151 (2528695) lic_core INFO    ... (1) checkout failed (error: -5) ("FLEXnet ERROR(-5, 0, 0): No such feature exists.")
2026-02-20 17:31:24.327217 (2528695) lic_core INFO    (2) checking out 'jasper_fao' ...
2026-02-20 17:31:24.337889 (2528695) lic_core INFO    ... (2) checkout succeeded
2026-02-20 17:31:24.352657 (2528695) session_ INFO    Starting analysis session with session id 'session_0' (launcher: <local>) ...
2026-02-20 17:31:24.355904 (2528695) session_ INFO    Analysis session with session id 'session_0' started (pid: 2528703)
2026-02-20 17:31:25.108245 (2528695) session_ INFO    Analysis session 'session_0' connected to the console (host: 127.0.0.1:59580)
2026-02-20 17:31:25.993490 (2528695) main____ INFO    About to exit: request to exit with status 1 received from analysis session 'session_0'
2026-02-20 17:31:26.079177 (2528695) session_ INFO    Analysis session 'session_0' disconnected.
2026-02-20 17:31:26.079332 (2528695) lic__man INFO    Unclaim everything for 'session_0'.
2026-02-20 17:31:26.080069 (2528695) session_ INFO    Process for analysis session 'session_0' has exited with exit status '1'.
2026-02-20 17:31:28.038791 (2528695) lic_core INFO    (2) checkin jasper_fao
2026-02-20 17:31:28.040225 (2528695) main____ INFO    Exiting with status 1.
