2026-02-23 13:58:04.099453 (2623146) main____ INFO    ----------------------------------------
2026-02-23 13:58:04.099547 (2623146) main____ INFO    JasperGold version info
2026-02-23 13:58:04.099565 (2623146) main____ INFO      tool      : JasperGold 2021.03
2026-02-23 13:58:04.099573 (2623146) main____ INFO      version   : 2021.03 FCS 64 bits
2026-02-23 13:58:04.099578 (2623146) main____ INFO      build date: 2021.03.23 02:50:43 UTC
2026-02-23 13:58:04.099582 (2623146) main____ INFO    ----------------------------------------
2026-02-23 13:58:04.099586 (2623146) main____ INFO    Runtime info:
2026-02-23 13:58:04.099591 (2623146) main____ INFO      platform  : Linux 5.14.0-570.84.1.el9_6.x86_64 x86_64
2026-02-23 13:58:04.099596 (2623146) main____ INFO      hostname  : della-r3c1n7
2026-02-23 13:58:04.099601 (2623146) main____ INFO      pid       : 2623146
2026-02-23 13:58:04.099605 (2623146) main____ INFO      arguments : '-style' 'windows' '-batch' '-proj' './verification_results/04515/jgproject' '-tcl' './jasper_verif_check.tcl'
2026-02-23 13:58:04.099613 (2623146) main____ INFO      locale    : UTF-8
2026-02-23 13:58:04.099617 (2623146) main____ INFO    ----------------------------------------
2026-02-23 13:58:04.099621 (2623146) main____ INFO    System resource limits info:
2026-02-23 13:58:04.099625 (2623146) main____ INFO      virtual memory: unlimited
2026-02-23 13:58:04.099629 (2623146) main____ INFO      cpu time      : unlimited
2026-02-23 13:58:04.099633 (2623146) main____ INFO      stack size    : unlimited
2026-02-23 13:58:04.099638 (2623146) main____ INFO      core file size: unlimited
2026-02-23 13:58:04.099644 (2623146) main____ INFO      open files    : 131072
2026-02-23 13:58:04.099649 (2623146) main____ INFO      file size     : unlimited
2026-02-23 13:58:04.099653 (2623146) main____ INFO    ----------------------------------------
2026-02-23 13:58:04.099656 (2623146) main____ INFO    Memory statistics:
2026-02-23 13:58:04.099661 (2623146) main____ INFO      total physical memory  : 195972072 kB
2026-02-23 13:58:04.099665 (2623146) main____ INFO      free physical memory   : 154209604 kB
2026-02-23 13:58:04.099669 (2623146) main____ INFO      committed address space: 44251340 kB
2026-02-23 13:58:04.099673 (2623146) main____ INFO    ----------------------------------------
2026-02-23 13:58:04.100637 (2623146) main____ INFO    Important environment variables:
2026-02-23 13:58:04.100652 (2623146) main____ INFO      JASPER_HOME       : '/usr/licensed/cadence-20210126/jasper_2021.03'
2026-02-23 13:58:04.100658 (2623146) main____ INFO      JASPER_INSTALL_DIR: '/scratch/gpfs/LICENSED/x86_64/cadence-20210126/jasper_2021.03'
2026-02-23 13:58:04.100664 (2623146) main____ INFO      LANG              : 'en_US.UTF-8'
2026-02-23 13:58:04.100668 (2623146) main____ INFO      LM_LICENSE_FILE   : '5280@license.rc.princeton.edu'
2026-02-23 13:58:04.100673 (2623146) main____ INFO      TMPDIR            : '/tmp/ab2113/jg_5019170_83'
2026-02-23 13:58:04.100677 (2623146) main____ INFO    ----------------------------------------
2026-02-23 13:58:04.101111 (2623146) lic_core INFO    Initializing license system ...
2026-02-23 13:58:04.101900 (2623146) lic_core INFO    ... license system initialized.
2026-02-23 13:58:04.102638 (2623146) lic__man INFO    Claim 'fpv' for <ui>.
2026-02-23 13:58:04.102675 (2623146) lic_core INFO    (1) checking out 'jasper_fpv' ...
2026-02-23 13:58:04.108513 (2623146) lic_core INFO    ... (1) checkout failed (error: -5) ("FLEXnet ERROR(-5, 0, 0): No such feature exists.")
2026-02-23 13:58:04.108548 (2623146) lic_core INFO    (2) checking out 'jasper_fao' ...
2026-02-23 13:58:04.119260 (2623146) lic_core INFO    ... (2) checkout succeeded
2026-02-23 13:58:04.134926 (2623146) session_ INFO    Starting analysis session with session id 'session_0' (launcher: <local>) ...
2026-02-23 13:58:04.137662 (2623146) session_ INFO    Analysis session with session id 'session_0' started (pid: 2623154)
2026-02-23 13:58:04.797818 (2623146) session_ INFO    Analysis session 'session_0' connected to the console (host: 127.0.0.1:48928)
2026-02-23 13:58:05.667240 (2623146) main____ INFO    About to exit: request to exit with status 1 received from analysis session 'session_0'
2026-02-23 13:58:05.737084 (2623146) session_ INFO    Analysis session 'session_0' disconnected.
2026-02-23 13:58:05.737205 (2623146) lic__man INFO    Unclaim everything for 'session_0'.
2026-02-23 13:58:05.737783 (2623146) session_ INFO    Process for analysis session 'session_0' has exited with exit status '1'.
2026-02-23 13:58:07.774067 (2623146) lic_core INFO    (2) checkin jasper_fao
2026-02-23 13:58:07.775255 (2623146) main____ INFO    Exiting with status 1.
