2026-02-20 17:56:39.815194 (2564894) main____ INFO    ----------------------------------------
2026-02-20 17:56:39.815319 (2564894) main____ INFO    JasperGold version info
2026-02-20 17:56:39.815340 (2564894) main____ INFO      tool      : JasperGold 2021.03
2026-02-20 17:56:39.815350 (2564894) main____ INFO      version   : 2021.03 FCS 64 bits
2026-02-20 17:56:39.815355 (2564894) main____ INFO      build date: 2021.03.23 02:50:43 UTC
2026-02-20 17:56:39.815360 (2564894) main____ INFO    ----------------------------------------
2026-02-20 17:56:39.815363 (2564894) main____ INFO    Runtime info:
2026-02-20 17:56:39.815368 (2564894) main____ INFO      platform  : Linux 5.14.0-570.84.1.el9_6.x86_64 x86_64
2026-02-20 17:56:39.815374 (2564894) main____ INFO      hostname  : della-i13n22
2026-02-20 17:56:39.815378 (2564894) main____ INFO      pid       : 2564894
2026-02-20 17:56:39.815387 (2564894) main____ INFO      arguments : '-style' 'windows' '-batch' '-proj' 'verification_results/00577/jgproject' '-tcl' './jasper_verif_check.tcl'
2026-02-20 17:56:39.815397 (2564894) main____ INFO      locale    : UTF-8
2026-02-20 17:56:39.815400 (2564894) main____ INFO    ----------------------------------------
2026-02-20 17:56:39.815404 (2564894) main____ INFO    System resource limits info:
2026-02-20 17:56:39.815408 (2564894) main____ INFO      virtual memory: unlimited
2026-02-20 17:56:39.815412 (2564894) main____ INFO      cpu time      : unlimited
2026-02-20 17:56:39.815416 (2564894) main____ INFO      stack size    : unlimited
2026-02-20 17:56:39.815420 (2564894) main____ INFO      core file size: unlimited
2026-02-20 17:56:39.815428 (2564894) main____ INFO      open files    : 131072
2026-02-20 17:56:39.815432 (2564894) main____ INFO      file size     : unlimited
2026-02-20 17:56:39.815436 (2564894) main____ INFO    ----------------------------------------
2026-02-20 17:56:39.815440 (2564894) main____ INFO    Memory statistics:
2026-02-20 17:56:39.815444 (2564894) main____ INFO      total physical memory  : 394157548 kB
2026-02-20 17:56:39.815447 (2564894) main____ INFO      free physical memory   : 183994540 kB
2026-02-20 17:56:39.815451 (2564894) main____ INFO      committed address space: 174728048 kB
2026-02-20 17:56:39.815454 (2564894) main____ INFO    ----------------------------------------
2026-02-20 17:56:39.816350 (2564894) main____ INFO    Important environment variables:
2026-02-20 17:56:39.816371 (2564894) main____ INFO      JASPER_HOME       : '/usr/licensed/cadence-20210126/jasper_2021.03'
2026-02-20 17:56:39.816377 (2564894) main____ INFO      JASPER_INSTALL_DIR: '/scratch/gpfs/LICENSED/x86_64/cadence-20210126/jasper_2021.03'
2026-02-20 17:56:39.816382 (2564894) main____ INFO      LANG              : 'en_US.UTF-8'
2026-02-20 17:56:39.816393 (2564894) main____ INFO      LM_LICENSE_FILE   : '5280@license.rc.princeton.edu'
2026-02-20 17:56:39.816398 (2564894) main____ INFO      TMPDIR            : '/tmp'
2026-02-20 17:56:39.816402 (2564894) main____ INFO    ----------------------------------------
2026-02-20 17:56:39.817431 (2564894) lic_core INFO    Initializing license system ...
2026-02-20 17:56:39.818371 (2564894) lic_core INFO    ... license system initialized.
2026-02-20 17:56:39.819219 (2564894) lic__man INFO    Claim 'fpv' for <ui>.
2026-02-20 17:56:39.819268 (2564894) lic_core INFO    (1) checking out 'jasper_fpv' ...
2026-02-20 17:56:39.825373 (2564894) lic_core INFO    ... (1) checkout failed (error: -5) ("FLEXnet ERROR(-5, 0, 0): No such feature exists.")
2026-02-20 17:56:39.825453 (2564894) lic_core INFO    (2) checking out 'jasper_fao' ...
2026-02-20 17:56:39.836485 (2564894) lic_core INFO    ... (2) checkout succeeded
2026-02-20 17:56:39.851444 (2564894) session_ INFO    Starting analysis session with session id 'session_0' (launcher: <local>) ...
2026-02-20 17:56:39.855274 (2564894) session_ INFO    Analysis session with session id 'session_0' started (pid: 2564902)
2026-02-20 17:56:40.612212 (2564894) session_ INFO    Analysis session 'session_0' connected to the console (host: 127.0.0.1:55208)
2026-02-20 17:56:41.151188 (2564894) main____ INFO    About to exit: request to exit with status 1 received from analysis session 'session_0'
2026-02-20 17:56:41.256171 (2564894) session_ INFO    Analysis session 'session_0' disconnected.
2026-02-20 17:56:41.256315 (2564894) lic__man INFO    Unclaim everything for 'session_0'.
2026-02-20 17:56:41.256973 (2564894) session_ INFO    Process for analysis session 'session_0' has exited with exit status '1'.
2026-02-20 17:56:43.054836 (2564894) lic_core INFO    (2) checkin jasper_fao
2026-02-20 17:56:43.056144 (2564894) main____ INFO    Exiting with status 1.
