2026-02-23 13:47:45.316358 (1384383) main____ INFO    ----------------------------------------
2026-02-23 13:47:45.316485 (1384383) main____ INFO    JasperGold version info
2026-02-23 13:47:45.316506 (1384383) main____ INFO      tool      : JasperGold 2021.03
2026-02-23 13:47:45.316516 (1384383) main____ INFO      version   : 2021.03 FCS 64 bits
2026-02-23 13:47:45.316522 (1384383) main____ INFO      build date: 2021.03.23 02:50:43 UTC
2026-02-23 13:47:45.316526 (1384383) main____ INFO    ----------------------------------------
2026-02-23 13:47:45.316530 (1384383) main____ INFO    Runtime info:
2026-02-23 13:47:45.316534 (1384383) main____ INFO      platform  : Linux 5.14.0-570.84.1.el9_6.x86_64 x86_64
2026-02-23 13:47:45.316541 (1384383) main____ INFO      hostname  : della-r3c3n3
2026-02-23 13:47:45.316546 (1384383) main____ INFO      pid       : 1384383
2026-02-23 13:47:45.316550 (1384383) main____ INFO      arguments : '-style' 'windows' '-batch' '-proj' './verification_results/02259/jgproject' '-tcl' './jasper_verif_check.tcl'
2026-02-23 13:47:45.316559 (1384383) main____ INFO      locale    : UTF-8
2026-02-23 13:47:45.316564 (1384383) main____ INFO    ----------------------------------------
2026-02-23 13:47:45.316568 (1384383) main____ INFO    System resource limits info:
2026-02-23 13:47:45.316572 (1384383) main____ INFO      virtual memory: unlimited
2026-02-23 13:47:45.316576 (1384383) main____ INFO      cpu time      : unlimited
2026-02-23 13:47:45.316581 (1384383) main____ INFO      stack size    : unlimited
2026-02-23 13:47:45.316585 (1384383) main____ INFO      core file size: unlimited
2026-02-23 13:47:45.316593 (1384383) main____ INFO      open files    : 131072
2026-02-23 13:47:45.316597 (1384383) main____ INFO      file size     : unlimited
2026-02-23 13:47:45.316601 (1384383) main____ INFO    ----------------------------------------
2026-02-23 13:47:45.316605 (1384383) main____ INFO    Memory statistics:
2026-02-23 13:47:45.316610 (1384383) main____ INFO      total physical memory  : 195972168 kB
2026-02-23 13:47:45.316614 (1384383) main____ INFO      free physical memory   : 105315964 kB
2026-02-23 13:47:45.316618 (1384383) main____ INFO      committed address space: 65239100 kB
2026-02-23 13:47:45.316622 (1384383) main____ INFO    ----------------------------------------
2026-02-23 13:47:45.317625 (1384383) main____ INFO    Important environment variables:
2026-02-23 13:47:45.317650 (1384383) main____ INFO      JASPER_HOME       : '/usr/licensed/cadence-20210126/jasper_2021.03'
2026-02-23 13:47:45.317657 (1384383) main____ INFO      JASPER_INSTALL_DIR: '/scratch/gpfs/LICENSED/x86_64/cadence-20210126/jasper_2021.03'
2026-02-23 13:47:45.317662 (1384383) main____ INFO      LANG              : 'en_US.UTF-8'
2026-02-23 13:47:45.317667 (1384383) main____ INFO      LM_LICENSE_FILE   : '5280@license.rc.princeton.edu'
2026-02-23 13:47:45.317672 (1384383) main____ INFO      TMPDIR            : '/tmp/ab2113/jg_5018902_37'
2026-02-23 13:47:45.317676 (1384383) main____ INFO    ----------------------------------------
2026-02-23 13:47:45.318597 (1384383) lic_core INFO    Initializing license system ...
2026-02-23 13:47:45.319539 (1384383) lic_core INFO    ... license system initialized.
2026-02-23 13:47:45.320383 (1384383) lic__man INFO    Claim 'fpv' for <ui>.
2026-02-23 13:47:45.320439 (1384383) lic_core INFO    (1) checking out 'jasper_fpv' ...
2026-02-23 13:47:45.326077 (1384383) lic_core INFO    ... (1) checkout failed (error: -5) ("FLEXnet ERROR(-5, 0, 0): No such feature exists.")
2026-02-23 13:47:45.326147 (1384383) lic_core INFO    (2) checking out 'jasper_fao' ...
2026-02-23 13:47:45.336632 (1384383) lic_core INFO    ... (2) checkout succeeded
2026-02-23 13:47:45.352357 (1384383) session_ INFO    Starting analysis session with session id 'session_0' (launcher: <local>) ...
2026-02-23 13:47:45.355819 (1384383) session_ INFO    Analysis session with session id 'session_0' started (pid: 1384391)
2026-02-23 13:47:46.126801 (1384383) session_ INFO    Analysis session 'session_0' connected to the console (host: 127.0.0.1:52564)
2026-02-23 13:47:47.022565 (1384383) main____ INFO    About to exit: request to exit with status 1 received from analysis session 'session_0'
2026-02-23 13:47:47.128147 (1384383) session_ INFO    Analysis session 'session_0' disconnected.
2026-02-23 13:47:47.128296 (1384383) lic__man INFO    Unclaim everything for 'session_0'.
2026-02-23 13:47:47.128661 (1384383) session_ INFO    Process for analysis session 'session_0' has exited with exit status '1'.
2026-02-23 13:47:49.038331 (1384383) lic_core INFO    (2) checkin jasper_fao
2026-02-23 13:47:49.039950 (1384383) main____ INFO    Exiting with status 1.
