2026-02-23 13:40:03.331615 (1457666) main____ INFO    ----------------------------------------
2026-02-23 13:40:03.331701 (1457666) main____ INFO    JasperGold version info
2026-02-23 13:40:03.331720 (1457666) main____ INFO      tool      : JasperGold 2021.03
2026-02-23 13:40:03.331729 (1457666) main____ INFO      version   : 2021.03 FCS 64 bits
2026-02-23 13:40:03.331734 (1457666) main____ INFO      build date: 2021.03.23 02:50:43 UTC
2026-02-23 13:40:03.331741 (1457666) main____ INFO    ----------------------------------------
2026-02-23 13:40:03.331746 (1457666) main____ INFO    Runtime info:
2026-02-23 13:40:03.331752 (1457666) main____ INFO      platform  : Linux 5.14.0-570.84.1.el9_6.x86_64 x86_64
2026-02-23 13:40:03.331758 (1457666) main____ INFO      hostname  : della-h14n5
2026-02-23 13:40:03.331765 (1457666) main____ INFO      pid       : 1457666
2026-02-23 13:40:03.331770 (1457666) main____ INFO      arguments : '-style' 'windows' '-batch' '-proj' './verification_results/01031/jgproject' '-tcl' './jasper_verif_check.tcl'
2026-02-23 13:40:03.331779 (1457666) main____ INFO      locale    : UTF-8
2026-02-23 13:40:03.331785 (1457666) main____ INFO    ----------------------------------------
2026-02-23 13:40:03.331791 (1457666) main____ INFO    System resource limits info:
2026-02-23 13:40:03.331797 (1457666) main____ INFO      virtual memory: unlimited
2026-02-23 13:40:03.331802 (1457666) main____ INFO      cpu time      : unlimited
2026-02-23 13:40:03.331807 (1457666) main____ INFO      stack size    : unlimited
2026-02-23 13:40:03.331812 (1457666) main____ INFO      core file size: unlimited
2026-02-23 13:40:03.331821 (1457666) main____ INFO      open files    : 131072
2026-02-23 13:40:03.331827 (1457666) main____ INFO      file size     : unlimited
2026-02-23 13:40:03.331832 (1457666) main____ INFO    ----------------------------------------
2026-02-23 13:40:03.331837 (1457666) main____ INFO    Memory statistics:
2026-02-23 13:40:03.331843 (1457666) main____ INFO      total physical memory  : 1584164368 kB
2026-02-23 13:40:03.331849 (1457666) main____ INFO      free physical memory   : 701218508 kB
2026-02-23 13:40:03.331855 (1457666) main____ INFO      committed address space: 539367468 kB
2026-02-23 13:40:03.331861 (1457666) main____ INFO    ----------------------------------------
2026-02-23 13:40:03.332406 (1457666) main____ INFO    Important environment variables:
2026-02-23 13:40:03.332422 (1457666) main____ INFO      JASPER_HOME       : '/usr/licensed/cadence-20210126/jasper_2021.03'
2026-02-23 13:40:03.332437 (1457666) main____ INFO      JASPER_INSTALL_DIR: '/scratch/gpfs/LICENSED/x86_64/cadence-20210126/jasper_2021.03'
2026-02-23 13:40:03.332443 (1457666) main____ INFO      LANG              : 'en_US.UTF-8'
2026-02-23 13:40:03.332450 (1457666) main____ INFO      LM_LICENSE_FILE   : '5280@license.rc.princeton.edu'
2026-02-23 13:40:03.332455 (1457666) main____ INFO      TMPDIR            : '/tmp/ab2113/jg_5018816_13'
2026-02-23 13:40:03.332460 (1457666) main____ INFO    ----------------------------------------
2026-02-23 13:40:03.332969 (1457666) lic_core INFO    Initializing license system ...
2026-02-23 13:40:03.333570 (1457666) lic_core INFO    ... license system initialized.
2026-02-23 13:40:03.334396 (1457666) lic__man INFO    Claim 'fpv' for <ui>.
2026-02-23 13:40:03.334441 (1457666) lic_core INFO    (1) checking out 'jasper_fpv' ...
2026-02-23 13:40:03.340424 (1457666) lic_core INFO    ... (1) checkout failed (error: -5) ("FLEXnet ERROR(-5, 0, 0): No such feature exists.")
2026-02-23 13:40:03.340462 (1457666) lic_core INFO    (2) checking out 'jasper_fao' ...
2026-02-23 13:40:03.349446 (1457666) lic_core INFO    ... (2) checkout succeeded
2026-02-23 13:40:03.361250 (1457666) session_ INFO    Starting analysis session with session id 'session_0' (launcher: <local>) ...
2026-02-23 13:40:03.364883 (1457666) session_ INFO    Analysis session with session id 'session_0' started (pid: 1457696)
2026-02-23 13:40:03.962377 (1457666) session_ INFO    Analysis session 'session_0' connected to the console (host: 127.0.0.1:45990)
2026-02-23 13:40:04.495534 (1457666) main____ INFO    About to exit: request to exit with status 1 received from analysis session 'session_0'
2026-02-23 13:40:04.551114 (1457666) session_ INFO    Analysis session 'session_0' disconnected.
2026-02-23 13:40:04.551267 (1457666) lic__man INFO    Unclaim everything for 'session_0'.
2026-02-23 13:40:04.552575 (1457666) session_ INFO    Process for analysis session 'session_0' has exited with exit status '1'.
2026-02-23 13:40:06.582364 (1457666) lic_core INFO    (2) checkin jasper_fao
2026-02-23 13:40:06.583929 (1457666) main____ INFO    Exiting with status 1.
