2026-02-23 13:47:42.406151 (1148657) main____ INFO    ----------------------------------------
2026-02-23 13:47:42.406271 (1148657) main____ INFO    JasperGold version info
2026-02-23 13:47:42.406289 (1148657) main____ INFO      tool      : JasperGold 2021.03
2026-02-23 13:47:42.406298 (1148657) main____ INFO      version   : 2021.03 FCS 64 bits
2026-02-23 13:47:42.406303 (1148657) main____ INFO      build date: 2021.03.23 02:50:43 UTC
2026-02-23 13:47:42.406307 (1148657) main____ INFO    ----------------------------------------
2026-02-23 13:47:42.406311 (1148657) main____ INFO    Runtime info:
2026-02-23 13:47:42.406316 (1148657) main____ INFO      platform  : Linux 5.14.0-570.84.1.el9_6.x86_64 x86_64
2026-02-23 13:47:42.406322 (1148657) main____ INFO      hostname  : della-i13n20
2026-02-23 13:47:42.406326 (1148657) main____ INFO      pid       : 1148657
2026-02-23 13:47:42.406330 (1148657) main____ INFO      arguments : '-style' 'windows' '-batch' '-proj' './verification_results/02777/jgproject' '-tcl' './jasper_verif_check.tcl'
2026-02-23 13:47:42.406339 (1148657) main____ INFO      locale    : UTF-8
2026-02-23 13:47:42.406343 (1148657) main____ INFO    ----------------------------------------
2026-02-23 13:47:42.406347 (1148657) main____ INFO    System resource limits info:
2026-02-23 13:47:42.406351 (1148657) main____ INFO      virtual memory: unlimited
2026-02-23 13:47:42.406355 (1148657) main____ INFO      cpu time      : unlimited
2026-02-23 13:47:42.406360 (1148657) main____ INFO      stack size    : unlimited
2026-02-23 13:47:42.406364 (1148657) main____ INFO      core file size: unlimited
2026-02-23 13:47:42.406372 (1148657) main____ INFO      open files    : 131072
2026-02-23 13:47:42.406376 (1148657) main____ INFO      file size     : unlimited
2026-02-23 13:47:42.406380 (1148657) main____ INFO    ----------------------------------------
2026-02-23 13:47:42.406383 (1148657) main____ INFO    Memory statistics:
2026-02-23 13:47:42.406388 (1148657) main____ INFO      total physical memory  : 394157552 kB
2026-02-23 13:47:42.406392 (1148657) main____ INFO      free physical memory   : 196769120 kB
2026-02-23 13:47:42.406395 (1148657) main____ INFO      committed address space: 146818052 kB
2026-02-23 13:47:42.406399 (1148657) main____ INFO    ----------------------------------------
2026-02-23 13:47:42.407330 (1148657) main____ INFO    Important environment variables:
2026-02-23 13:47:42.407351 (1148657) main____ INFO      JASPER_HOME       : '/usr/licensed/cadence-20210126/jasper_2021.03'
2026-02-23 13:47:42.407357 (1148657) main____ INFO      JASPER_INSTALL_DIR: '/scratch/gpfs/LICENSED/x86_64/cadence-20210126/jasper_2021.03'
2026-02-23 13:47:42.407362 (1148657) main____ INFO      LANG              : 'en_US.UTF-8'
2026-02-23 13:47:42.407367 (1148657) main____ INFO      LM_LICENSE_FILE   : '5280@license.rc.princeton.edu'
2026-02-23 13:47:42.407372 (1148657) main____ INFO      TMPDIR            : '/tmp/ab2113/jg_5018948_48'
2026-02-23 13:47:42.407376 (1148657) main____ INFO    ----------------------------------------
2026-02-23 13:47:42.408292 (1148657) lic_core INFO    Initializing license system ...
2026-02-23 13:47:42.409203 (1148657) lic_core INFO    ... license system initialized.
2026-02-23 13:47:42.410046 (1148657) lic__man INFO    Claim 'fpv' for <ui>.
2026-02-23 13:47:42.410095 (1148657) lic_core INFO    (1) checking out 'jasper_fpv' ...
2026-02-23 13:47:42.416286 (1148657) lic_core INFO    ... (1) checkout failed (error: -5) ("FLEXnet ERROR(-5, 0, 0): No such feature exists.")
2026-02-23 13:47:42.416348 (1148657) lic_core INFO    (2) checking out 'jasper_fao' ...
2026-02-23 13:47:42.426889 (1148657) lic_core INFO    ... (2) checkout succeeded
2026-02-23 13:47:42.441184 (1148657) session_ INFO    Starting analysis session with session id 'session_0' (launcher: <local>) ...
2026-02-23 13:47:42.444528 (1148657) session_ INFO    Analysis session with session id 'session_0' started (pid: 1148665)
2026-02-23 13:47:43.169332 (1148657) session_ INFO    Analysis session 'session_0' connected to the console (host: 127.0.0.1:55038)
2026-02-23 13:47:44.010552 (1148657) lic__man INFO    Unclaim everything for 'session_0'.
2026-02-23 13:47:44.062290 (1148657) lic__man INFO    Claim 'fpv' for 'session_0'.
2026-02-23 13:47:44.062346 (1148657) lic__man INFO    Claim 'fpv' for 'session_0/prove-0'.
2026-02-23 13:47:44.202713 (1148657) lic__man INFO    Unclaim everything for 'session_0/prove-0'.
2026-02-23 13:47:44.259224 (1148657) main____ INFO    About to exit: request to exit with status 0 received from analysis session 'session_0'
2026-02-23 13:47:44.345410 (1148657) session_ INFO    Analysis session 'session_0' disconnected.
2026-02-23 13:47:44.345547 (1148657) lic__man INFO    Unclaim everything for 'session_0'.
2026-02-23 13:47:44.346101 (1148657) session_ INFO    Process for analysis session 'session_0' has exited with exit status '0'.
2026-02-23 13:47:46.166460 (1148657) lic_core INFO    (2) checkin jasper_fao
2026-02-23 13:47:46.168267 (1148657) main____ INFO    Exiting with status 0.
