2026-02-23 13:43:09.524427 (2076967) main____ INFO    ----------------------------------------
2026-02-23 13:43:09.524504 (2076967) main____ INFO    JasperGold version info
2026-02-23 13:43:09.524520 (2076967) main____ INFO      tool      : JasperGold 2021.03
2026-02-23 13:43:09.524529 (2076967) main____ INFO      version   : 2021.03 FCS 64 bits
2026-02-23 13:43:09.524534 (2076967) main____ INFO      build date: 2021.03.23 02:50:43 UTC
2026-02-23 13:43:09.524539 (2076967) main____ INFO    ----------------------------------------
2026-02-23 13:43:09.524543 (2076967) main____ INFO    Runtime info:
2026-02-23 13:43:09.524547 (2076967) main____ INFO      platform  : Linux 5.14.0-570.84.1.el9_6.x86_64 x86_64
2026-02-23 13:43:09.524553 (2076967) main____ INFO      hostname  : della-r3c1n15
2026-02-23 13:43:09.524557 (2076967) main____ INFO      pid       : 2076967
2026-02-23 13:43:09.524562 (2076967) main____ INFO      arguments : '-style' 'windows' '-batch' '-proj' './verification_results/01409/jgproject' '-tcl' './jasper_verif_check.tcl'
2026-02-23 13:43:09.524570 (2076967) main____ INFO      locale    : UTF-8
2026-02-23 13:43:09.524574 (2076967) main____ INFO    ----------------------------------------
2026-02-23 13:43:09.524578 (2076967) main____ INFO    System resource limits info:
2026-02-23 13:43:09.524583 (2076967) main____ INFO      virtual memory: unlimited
2026-02-23 13:43:09.524587 (2076967) main____ INFO      cpu time      : unlimited
2026-02-23 13:43:09.524591 (2076967) main____ INFO      stack size    : unlimited
2026-02-23 13:43:09.524596 (2076967) main____ INFO      core file size: unlimited
2026-02-23 13:43:09.524602 (2076967) main____ INFO      open files    : 131072
2026-02-23 13:43:09.524607 (2076967) main____ INFO      file size     : unlimited
2026-02-23 13:43:09.524611 (2076967) main____ INFO    ----------------------------------------
2026-02-23 13:43:09.524615 (2076967) main____ INFO    Memory statistics:
2026-02-23 13:43:09.524619 (2076967) main____ INFO      total physical memory  : 195972072 kB
2026-02-23 13:43:09.524623 (2076967) main____ INFO      free physical memory   : 106648720 kB
2026-02-23 13:43:09.524627 (2076967) main____ INFO      committed address space: 17052504 kB
2026-02-23 13:43:09.524631 (2076967) main____ INFO    ----------------------------------------
2026-02-23 13:43:09.525582 (2076967) main____ INFO    Important environment variables:
2026-02-23 13:43:09.525596 (2076967) main____ INFO      JASPER_HOME       : '/usr/licensed/cadence-20210126/jasper_2021.03'
2026-02-23 13:43:09.525603 (2076967) main____ INFO      JASPER_INSTALL_DIR: '/scratch/gpfs/LICENSED/x86_64/cadence-20210126/jasper_2021.03'
2026-02-23 13:43:09.525608 (2076967) main____ INFO      LANG              : 'en_US.UTF-8'
2026-02-23 13:43:09.525613 (2076967) main____ INFO      LM_LICENSE_FILE   : '5280@license.rc.princeton.edu'
2026-02-23 13:43:09.525618 (2076967) main____ INFO      TMPDIR            : '/tmp/ab2113/jg_5018834_20'
2026-02-23 13:43:09.525622 (2076967) main____ INFO    ----------------------------------------
2026-02-23 13:43:09.526079 (2076967) lic_core INFO    Initializing license system ...
2026-02-23 13:43:09.526869 (2076967) lic_core INFO    ... license system initialized.
2026-02-23 13:43:09.527584 (2076967) lic__man INFO    Claim 'fpv' for <ui>.
2026-02-23 13:43:09.527619 (2076967) lic_core INFO    (1) checking out 'jasper_fpv' ...
2026-02-23 13:43:09.533318 (2076967) lic_core INFO    ... (1) checkout failed (error: -5) ("FLEXnet ERROR(-5, 0, 0): No such feature exists.")
2026-02-23 13:43:09.533346 (2076967) lic_core INFO    (2) checking out 'jasper_fao' ...
2026-02-23 13:43:09.543814 (2076967) lic_core INFO    ... (2) checkout succeeded
2026-02-23 13:43:09.557987 (2076967) session_ INFO    Starting analysis session with session id 'session_0' (launcher: <local>) ...
2026-02-23 13:43:09.560803 (2076967) session_ INFO    Analysis session with session id 'session_0' started (pid: 2076975)
2026-02-23 13:43:10.321104 (2076967) session_ INFO    Analysis session 'session_0' connected to the console (host: 127.0.0.1:48798)
2026-02-23 13:43:10.892200 (2076967) main____ INFO    About to exit: request to exit with status 1 received from analysis session 'session_0'
2026-02-23 13:43:10.978752 (2076967) session_ INFO    Analysis session 'session_0' disconnected.
2026-02-23 13:43:10.978892 (2076967) lic__man INFO    Unclaim everything for 'session_0'.
2026-02-23 13:43:10.980141 (2076967) session_ INFO    Process for analysis session 'session_0' has exited with exit status '1'.
2026-02-23 13:43:12.803371 (2076967) lic_core INFO    (2) checkin jasper_fao
2026-02-23 13:43:12.804974 (2076967) main____ INFO    Exiting with status 1.
