2026-02-23 13:41:18.176570 (104019) main____ INFO    ----------------------------------------
2026-02-23 13:41:18.176650 (104019) main____ INFO    JasperGold version info
2026-02-23 13:41:18.176667 (104019) main____ INFO      tool      : JasperGold 2021.03
2026-02-23 13:41:18.176676 (104019) main____ INFO      version   : 2021.03 FCS 64 bits
2026-02-23 13:41:18.176682 (104019) main____ INFO      build date: 2021.03.23 02:50:43 UTC
2026-02-23 13:41:18.176687 (104019) main____ INFO    ----------------------------------------
2026-02-23 13:41:18.176693 (104019) main____ INFO    Runtime info:
2026-02-23 13:41:18.176698 (104019) main____ INFO      platform  : Linux 5.14.0-570.84.1.el9_6.x86_64 x86_64
2026-02-23 13:41:18.176704 (104019) main____ INFO      hostname  : della-h14n2
2026-02-23 13:41:18.176710 (104019) main____ INFO      pid       : 104019
2026-02-23 13:41:18.176715 (104019) main____ INFO      arguments : '-style' 'windows' '-batch' '-proj' './verification_results/01523/jgproject' '-tcl' './jasper_verif_check.tcl'
2026-02-23 13:41:18.176723 (104019) main____ INFO      locale    : UTF-8
2026-02-23 13:41:18.176729 (104019) main____ INFO    ----------------------------------------
2026-02-23 13:41:18.176734 (104019) main____ INFO    System resource limits info:
2026-02-23 13:41:18.176739 (104019) main____ INFO      virtual memory: unlimited
2026-02-23 13:41:18.176745 (104019) main____ INFO      cpu time      : unlimited
2026-02-23 13:41:18.176750 (104019) main____ INFO      stack size    : unlimited
2026-02-23 13:41:18.176755 (104019) main____ INFO      core file size: unlimited
2026-02-23 13:41:18.176762 (104019) main____ INFO      open files    : 131072
2026-02-23 13:41:18.176768 (104019) main____ INFO      file size     : unlimited
2026-02-23 13:41:18.176772 (104019) main____ INFO    ----------------------------------------
2026-02-23 13:41:18.176777 (104019) main____ INFO    Memory statistics:
2026-02-23 13:41:18.176783 (104019) main____ INFO      total physical memory  : 1584164328 kB
2026-02-23 13:41:18.176788 (104019) main____ INFO      free physical memory   : 725563340 kB
2026-02-23 13:41:18.176793 (104019) main____ INFO      committed address space: 696939752 kB
2026-02-23 13:41:18.176799 (104019) main____ INFO    ----------------------------------------
2026-02-23 13:41:18.177315 (104019) main____ INFO    Important environment variables:
2026-02-23 13:41:18.177329 (104019) main____ INFO      JASPER_HOME       : '/usr/licensed/cadence-20210126/jasper_2021.03'
2026-02-23 13:41:18.177335 (104019) main____ INFO      JASPER_INSTALL_DIR: '/scratch/gpfs/LICENSED/x86_64/cadence-20210126/jasper_2021.03'
2026-02-23 13:41:18.177342 (104019) main____ INFO      LANG              : 'en_US.UTF-8'
2026-02-23 13:41:18.177348 (104019) main____ INFO      LM_LICENSE_FILE   : '5280@license.rc.princeton.edu'
2026-02-23 13:41:18.177353 (104019) main____ INFO      TMPDIR            : '/tmp/ab2113/jg_5018841_23'
2026-02-23 13:41:18.177358 (104019) main____ INFO    ----------------------------------------
2026-02-23 13:41:18.177900 (104019) lic_core INFO    Initializing license system ...
2026-02-23 13:41:18.178456 (104019) lic_core INFO    ... license system initialized.
2026-02-23 13:41:18.179264 (104019) lic__man INFO    Claim 'fpv' for <ui>.
2026-02-23 13:41:18.179297 (104019) lic_core INFO    (1) checking out 'jasper_fpv' ...
2026-02-23 13:41:18.185657 (104019) lic_core INFO    ... (1) checkout failed (error: -5) ("FLEXnet ERROR(-5, 0, 0): No such feature exists.")
2026-02-23 13:41:18.185683 (104019) lic_core INFO    (2) checking out 'jasper_fao' ...
2026-02-23 13:41:18.194950 (104019) lic_core INFO    ... (2) checkout succeeded
2026-02-23 13:41:18.208600 (104019) session_ INFO    Starting analysis session with session id 'session_0' (launcher: <local>) ...
2026-02-23 13:41:18.211510 (104019) session_ INFO    Analysis session with session id 'session_0' started (pid: 104027)
2026-02-23 13:41:18.852926 (104019) session_ INFO    Analysis session 'session_0' connected to the console (host: 127.0.0.1:32900)
2026-02-23 13:41:19.382882 (104019) main____ INFO    About to exit: request to exit with status 1 received from analysis session 'session_0'
2026-02-23 13:41:19.436876 (104019) session_ INFO    Analysis session 'session_0' disconnected.
2026-02-23 13:41:19.437019 (104019) lic__man INFO    Unclaim everything for 'session_0'.
2026-02-23 13:41:19.437693 (104019) session_ INFO    Process for analysis session 'session_0' has exited with exit status '1'.
2026-02-23 13:41:21.468306 (104019) lic_core INFO    (2) checkin jasper_fao
2026-02-23 13:41:21.470065 (104019) main____ INFO    Exiting with status 1.
