2026-02-23 13:41:45.664273 (1476667) main____ INFO    ----------------------------------------
2026-02-23 13:41:45.664356 (1476667) main____ INFO    JasperGold version info
2026-02-23 13:41:45.664378 (1476667) main____ INFO      tool      : JasperGold 2021.03
2026-02-23 13:41:45.664389 (1476667) main____ INFO      version   : 2021.03 FCS 64 bits
2026-02-23 13:41:45.664397 (1476667) main____ INFO      build date: 2021.03.23 02:50:43 UTC
2026-02-23 13:41:45.664402 (1476667) main____ INFO    ----------------------------------------
2026-02-23 13:41:45.664408 (1476667) main____ INFO    Runtime info:
2026-02-23 13:41:45.664413 (1476667) main____ INFO      platform  : Linux 5.14.0-570.84.1.el9_6.x86_64 x86_64
2026-02-23 13:41:45.664419 (1476667) main____ INFO      hostname  : della-h14n5
2026-02-23 13:41:45.664425 (1476667) main____ INFO      pid       : 1476667
2026-02-23 13:41:45.664438 (1476667) main____ INFO      arguments : '-style' 'windows' '-batch' '-proj' './verification_results/01201/jgproject' '-tcl' './jasper_verif_check.tcl'
2026-02-23 13:41:45.664447 (1476667) main____ INFO      locale    : UTF-8
2026-02-23 13:41:45.664453 (1476667) main____ INFO    ----------------------------------------
2026-02-23 13:41:45.664459 (1476667) main____ INFO    System resource limits info:
2026-02-23 13:41:45.664464 (1476667) main____ INFO      virtual memory: unlimited
2026-02-23 13:41:45.664469 (1476667) main____ INFO      cpu time      : unlimited
2026-02-23 13:41:45.664474 (1476667) main____ INFO      stack size    : unlimited
2026-02-23 13:41:45.664479 (1476667) main____ INFO      core file size: unlimited
2026-02-23 13:41:45.664487 (1476667) main____ INFO      open files    : 131072
2026-02-23 13:41:45.664493 (1476667) main____ INFO      file size     : unlimited
2026-02-23 13:41:45.664499 (1476667) main____ INFO    ----------------------------------------
2026-02-23 13:41:45.664505 (1476667) main____ INFO    Memory statistics:
2026-02-23 13:41:45.664511 (1476667) main____ INFO      total physical memory  : 1584164368 kB
2026-02-23 13:41:45.664516 (1476667) main____ INFO      free physical memory   : 700708144 kB
2026-02-23 13:41:45.664521 (1476667) main____ INFO      committed address space: 534422864 kB
2026-02-23 13:41:45.664526 (1476667) main____ INFO    ----------------------------------------
2026-02-23 13:41:45.665065 (1476667) main____ INFO    Important environment variables:
2026-02-23 13:41:45.665078 (1476667) main____ INFO      JASPER_HOME       : '/usr/licensed/cadence-20210126/jasper_2021.03'
2026-02-23 13:41:45.665084 (1476667) main____ INFO      JASPER_INSTALL_DIR: '/scratch/gpfs/LICENSED/x86_64/cadence-20210126/jasper_2021.03'
2026-02-23 13:41:45.665090 (1476667) main____ INFO      LANG              : 'en_US.UTF-8'
2026-02-23 13:41:45.665096 (1476667) main____ INFO      LM_LICENSE_FILE   : '5280@license.rc.princeton.edu'
2026-02-23 13:41:45.665101 (1476667) main____ INFO      TMPDIR            : '/tmp/ab2113/jg_5018827_16'
2026-02-23 13:41:45.665107 (1476667) main____ INFO    ----------------------------------------
2026-02-23 13:41:45.665640 (1476667) lic_core INFO    Initializing license system ...
2026-02-23 13:41:45.666180 (1476667) lic_core INFO    ... license system initialized.
2026-02-23 13:41:45.666948 (1476667) lic__man INFO    Claim 'fpv' for <ui>.
2026-02-23 13:41:45.666980 (1476667) lic_core INFO    (1) checking out 'jasper_fpv' ...
2026-02-23 13:41:45.673084 (1476667) lic_core INFO    ... (1) checkout failed (error: -5) ("FLEXnet ERROR(-5, 0, 0): No such feature exists.")
2026-02-23 13:41:45.673118 (1476667) lic_core INFO    (2) checking out 'jasper_fao' ...
2026-02-23 13:41:45.681886 (1476667) lic_core INFO    ... (2) checkout succeeded
2026-02-23 13:41:45.693392 (1476667) session_ INFO    Starting analysis session with session id 'session_0' (launcher: <local>) ...
2026-02-23 13:41:45.696464 (1476667) session_ INFO    Analysis session with session id 'session_0' started (pid: 1476676)
2026-02-23 13:41:46.253188 (1476667) session_ INFO    Analysis session 'session_0' connected to the console (host: 127.0.0.1:37196)
2026-02-23 13:41:47.026485 (1476667) lic__man INFO    Unclaim everything for 'session_0'.
2026-02-23 13:41:47.061194 (1476667) lic__man INFO    Claim 'fpv' for 'session_0'.
2026-02-23 13:41:47.061233 (1476667) lic__man INFO    Claim 'fpv' for 'session_0/prove-0'.
2026-02-23 13:41:47.220414 (1476667) lic__man INFO    Unclaim everything for 'session_0/prove-0'.
2026-02-23 13:41:47.274502 (1476667) main____ INFO    About to exit: request to exit with status 0 received from analysis session 'session_0'
2026-02-23 13:41:47.345831 (1476667) session_ INFO    Analysis session 'session_0' disconnected.
2026-02-23 13:41:47.345973 (1476667) lic__man INFO    Unclaim everything for 'session_0'.
2026-02-23 13:41:47.346707 (1476667) session_ INFO    Process for analysis session 'session_0' has exited with exit status '0'.
2026-02-23 13:41:49.180807 (1476667) lic_core INFO    (2) checkin jasper_fao
2026-02-23 13:41:49.182221 (1476667) main____ INFO    Exiting with status 0.
