2026-02-23 13:47:21.835690 (927361) main____ INFO    ----------------------------------------
2026-02-23 13:47:21.835775 (927361) main____ INFO    JasperGold version info
2026-02-23 13:47:21.835789 (927361) main____ INFO      tool      : JasperGold 2021.03
2026-02-23 13:47:21.835797 (927361) main____ INFO      version   : 2021.03 FCS 64 bits
2026-02-23 13:47:21.835803 (927361) main____ INFO      build date: 2021.03.23 02:50:43 UTC
2026-02-23 13:47:21.835808 (927361) main____ INFO    ----------------------------------------
2026-02-23 13:47:21.835814 (927361) main____ INFO    Runtime info:
2026-02-23 13:47:21.835819 (927361) main____ INFO      platform  : Linux 5.14.0-570.84.1.el9_6.x86_64 x86_64
2026-02-23 13:47:21.835826 (927361) main____ INFO      hostname  : della-h14n16
2026-02-23 13:47:21.835831 (927361) main____ INFO      pid       : 927361
2026-02-23 13:47:21.835836 (927361) main____ INFO      arguments : '-style' 'windows' '-batch' '-proj' './verification_results/02304/jgproject' '-tcl' './jasper_verif_check.tcl'
2026-02-23 13:47:21.835845 (927361) main____ INFO      locale    : UTF-8
2026-02-23 13:47:21.835850 (927361) main____ INFO    ----------------------------------------
2026-02-23 13:47:21.835854 (927361) main____ INFO    System resource limits info:
2026-02-23 13:47:21.835860 (927361) main____ INFO      virtual memory: unlimited
2026-02-23 13:47:21.835865 (927361) main____ INFO      cpu time      : unlimited
2026-02-23 13:47:21.835871 (927361) main____ INFO      stack size    : unlimited
2026-02-23 13:47:21.835876 (927361) main____ INFO      core file size: unlimited
2026-02-23 13:47:21.835885 (927361) main____ INFO      open files    : 131072
2026-02-23 13:47:21.835891 (927361) main____ INFO      file size     : unlimited
2026-02-23 13:47:21.835896 (927361) main____ INFO    ----------------------------------------
2026-02-23 13:47:21.835901 (927361) main____ INFO    Memory statistics:
2026-02-23 13:47:21.835906 (927361) main____ INFO      total physical memory  : 1584164324 kB
2026-02-23 13:47:21.835911 (927361) main____ INFO      free physical memory   : 931391744 kB
2026-02-23 13:47:21.835915 (927361) main____ INFO      committed address space: 445142948 kB
2026-02-23 13:47:21.835920 (927361) main____ INFO    ----------------------------------------
2026-02-23 13:47:21.836447 (927361) main____ INFO    Important environment variables:
2026-02-23 13:47:21.836462 (927361) main____ INFO      JASPER_HOME       : '/usr/licensed/cadence-20210126/jasper_2021.03'
2026-02-23 13:47:21.836469 (927361) main____ INFO      JASPER_INSTALL_DIR: '/scratch/gpfs/LICENSED/x86_64/cadence-20210126/jasper_2021.03'
2026-02-23 13:47:21.836475 (927361) main____ INFO      LANG              : 'en_US.UTF-8'
2026-02-23 13:47:21.836481 (927361) main____ INFO      LM_LICENSE_FILE   : '5280@license.rc.princeton.edu'
2026-02-23 13:47:21.836486 (927361) main____ INFO      TMPDIR            : '/tmp/ab2113/jg_5018903_38'
2026-02-23 13:47:21.836491 (927361) main____ INFO    ----------------------------------------
2026-02-23 13:47:21.836992 (927361) lic_core INFO    Initializing license system ...
2026-02-23 13:47:21.837564 (927361) lic_core INFO    ... license system initialized.
2026-02-23 13:47:21.838385 (927361) lic__man INFO    Claim 'fpv' for <ui>.
2026-02-23 13:47:21.838422 (927361) lic_core INFO    (1) checking out 'jasper_fpv' ...
2026-02-23 13:47:21.844768 (927361) lic_core INFO    ... (1) checkout failed (error: -5) ("FLEXnet ERROR(-5, 0, 0): No such feature exists.")
2026-02-23 13:47:21.844796 (927361) lic_core INFO    (2) checking out 'jasper_fao' ...
2026-02-23 13:47:21.853647 (927361) lic_core INFO    ... (2) checkout succeeded
2026-02-23 13:47:21.864758 (927361) session_ INFO    Starting analysis session with session id 'session_0' (launcher: <local>) ...
2026-02-23 13:47:21.867806 (927361) session_ INFO    Analysis session with session id 'session_0' started (pid: 927369)
2026-02-23 13:47:22.512721 (927361) session_ INFO    Analysis session 'session_0' connected to the console (host: 127.0.0.1:57042)
2026-02-23 13:47:23.555746 (927361) lic__man INFO    Unclaim everything for 'session_0'.
2026-02-23 13:47:23.609641 (927361) lic__man INFO    Claim 'fpv' for 'session_0'.
2026-02-23 13:47:23.609684 (927361) lic__man INFO    Claim 'fpv' for 'session_0/prove-0'.
2026-02-23 13:47:24.492708 (927361) lic__man INFO    Unclaim everything for 'session_0/prove-0'.
2026-02-23 13:47:24.559990 (927361) main____ INFO    About to exit: request to exit with status 0 received from analysis session 'session_0'
2026-02-23 13:47:24.654356 (927361) session_ INFO    Analysis session 'session_0' disconnected.
2026-02-23 13:47:24.654522 (927361) lic__man INFO    Unclaim everything for 'session_0'.
2026-02-23 13:47:24.655478 (927361) session_ INFO    Process for analysis session 'session_0' has exited with exit status '0'.
2026-02-23 13:47:26.590310 (927361) lic_core INFO    (2) checkin jasper_fao
2026-02-23 13:47:26.591890 (927361) main____ INFO    Exiting with status 0.
