2026-02-23 13:51:00.345447 (1731960) main____ INFO    ----------------------------------------
2026-02-23 13:51:00.345512 (1731960) main____ INFO    JasperGold version info
2026-02-23 13:51:00.345527 (1731960) main____ INFO      tool      : JasperGold 2021.03
2026-02-23 13:51:00.345535 (1731960) main____ INFO      version   : 2021.03 FCS 64 bits
2026-02-23 13:51:00.345540 (1731960) main____ INFO      build date: 2021.03.23 02:50:43 UTC
2026-02-23 13:51:00.345545 (1731960) main____ INFO    ----------------------------------------
2026-02-23 13:51:00.345550 (1731960) main____ INFO    Runtime info:
2026-02-23 13:51:00.345555 (1731960) main____ INFO      platform  : Linux 5.14.0-570.84.1.el9_6.x86_64 x86_64
2026-02-23 13:51:00.345561 (1731960) main____ INFO      hostname  : della-h14n7
2026-02-23 13:51:00.345566 (1731960) main____ INFO      pid       : 1731960
2026-02-23 13:51:00.345571 (1731960) main____ INFO      arguments : '-style' 'windows' '-batch' '-proj' './verification_results/03123/jgproject' '-tcl' './jasper_verif_check.tcl'
2026-02-23 13:51:00.345578 (1731960) main____ INFO      locale    : UTF-8
2026-02-23 13:51:00.345583 (1731960) main____ INFO    ----------------------------------------
2026-02-23 13:51:00.345588 (1731960) main____ INFO    System resource limits info:
2026-02-23 13:51:00.345593 (1731960) main____ INFO      virtual memory: unlimited
2026-02-23 13:51:00.345597 (1731960) main____ INFO      cpu time      : unlimited
2026-02-23 13:51:00.345602 (1731960) main____ INFO      stack size    : unlimited
2026-02-23 13:51:00.345607 (1731960) main____ INFO      core file size: unlimited
2026-02-23 13:51:00.345613 (1731960) main____ INFO      open files    : 131072
2026-02-23 13:51:00.345618 (1731960) main____ INFO      file size     : unlimited
2026-02-23 13:51:00.345623 (1731960) main____ INFO    ----------------------------------------
2026-02-23 13:51:00.345628 (1731960) main____ INFO    Memory statistics:
2026-02-23 13:51:00.345632 (1731960) main____ INFO      total physical memory  : 1584164356 kB
2026-02-23 13:51:00.345637 (1731960) main____ INFO      free physical memory   : 809477140 kB
2026-02-23 13:51:00.345642 (1731960) main____ INFO      committed address space: 601074724 kB
2026-02-23 13:51:00.345646 (1731960) main____ INFO    ----------------------------------------
2026-02-23 13:51:00.346154 (1731960) main____ INFO    Important environment variables:
2026-02-23 13:51:00.346166 (1731960) main____ INFO      JASPER_HOME       : '/usr/licensed/cadence-20210126/jasper_2021.03'
2026-02-23 13:51:00.346172 (1731960) main____ INFO      JASPER_INSTALL_DIR: '/scratch/gpfs/LICENSED/x86_64/cadence-20210126/jasper_2021.03'
2026-02-23 13:51:00.346177 (1731960) main____ INFO      LANG              : 'en_US.UTF-8'
2026-02-23 13:51:00.346182 (1731960) main____ INFO      LM_LICENSE_FILE   : '5280@license.rc.princeton.edu'
2026-02-23 13:51:00.346188 (1731960) main____ INFO      TMPDIR            : '/tmp/ab2113/jg_5018982_55'
2026-02-23 13:51:00.346192 (1731960) main____ INFO    ----------------------------------------
2026-02-23 13:51:00.346628 (1731960) lic_core INFO    Initializing license system ...
2026-02-23 13:51:00.347115 (1731960) lic_core INFO    ... license system initialized.
2026-02-23 13:51:00.347862 (1731960) lic__man INFO    Claim 'fpv' for <ui>.
2026-02-23 13:51:00.347892 (1731960) lic_core INFO    (1) checking out 'jasper_fpv' ...
2026-02-23 13:51:00.353441 (1731960) lic_core INFO    ... (1) checkout failed (error: -5) ("FLEXnet ERROR(-5, 0, 0): No such feature exists.")
2026-02-23 13:51:00.353465 (1731960) lic_core INFO    (2) checking out 'jasper_fao' ...
2026-02-23 13:51:00.362106 (1731960) lic_core INFO    ... (2) checkout succeeded
2026-02-23 13:51:00.372103 (1731960) session_ INFO    Starting analysis session with session id 'session_0' (launcher: <local>) ...
2026-02-23 13:51:00.375088 (1731960) session_ INFO    Analysis session with session id 'session_0' started (pid: 1731982)
2026-02-23 13:51:00.871348 (1731960) session_ INFO    Analysis session 'session_0' connected to the console (host: 127.0.0.1:60004)
2026-02-23 13:51:01.604735 (1731960) lic__man INFO    Unclaim everything for 'session_0'.
2026-02-23 13:51:01.659321 (1731960) main____ INFO    About to exit: request to exit with status 3 received from analysis session 'session_0'
2026-02-23 13:51:01.704307 (1731960) session_ INFO    Analysis session 'session_0' disconnected.
2026-02-23 13:51:01.704418 (1731960) lic__man INFO    Unclaim everything for 'session_0'.
2026-02-23 13:51:01.705080 (1731960) session_ INFO    Process for analysis session 'session_0' has exited with exit status '3'.
2026-02-23 13:51:03.576590 (1731960) lic_core INFO    (2) checkin jasper_fao
2026-02-23 13:51:03.578070 (1731960) main____ INFO    Exiting with status 3.
