2026-02-23 15:01:55.220106 (2961526) main____ INFO    ----------------------------------------
2026-02-23 15:01:55.220208 (2961526) main____ INFO    JasperGold version info
2026-02-23 15:01:55.220228 (2961526) main____ INFO      tool      : JasperGold 2021.03
2026-02-23 15:01:55.220239 (2961526) main____ INFO      version   : 2021.03 FCS 64 bits
2026-02-23 15:01:55.220244 (2961526) main____ INFO      build date: 2021.03.23 02:50:43 UTC
2026-02-23 15:01:55.220248 (2961526) main____ INFO    ----------------------------------------
2026-02-23 15:01:55.220252 (2961526) main____ INFO    Runtime info:
2026-02-23 15:01:55.220256 (2961526) main____ INFO      platform  : Linux 5.14.0-570.84.1.el9_6.x86_64 x86_64
2026-02-23 15:01:55.220262 (2961526) main____ INFO      hostname  : della-h12n18
2026-02-23 15:01:55.220266 (2961526) main____ INFO      pid       : 2961526
2026-02-23 15:01:55.220270 (2961526) main____ INFO      arguments : '-style' 'windows' '-batch' '-proj' './verification_results/04759/jgproject' '-tcl' './jasper_verif_check.tcl'
2026-02-23 15:01:55.220278 (2961526) main____ INFO      locale    : UTF-8
2026-02-23 15:01:55.220281 (2961526) main____ INFO    ----------------------------------------
2026-02-23 15:01:55.220285 (2961526) main____ INFO    System resource limits info:
2026-02-23 15:01:55.220289 (2961526) main____ INFO      virtual memory: unlimited
2026-02-23 15:01:55.220292 (2961526) main____ INFO      cpu time      : unlimited
2026-02-23 15:01:55.220296 (2961526) main____ INFO      stack size    : unlimited
2026-02-23 15:01:55.220299 (2961526) main____ INFO      core file size: unlimited
2026-02-23 15:01:55.220305 (2961526) main____ INFO      open files    : 131072
2026-02-23 15:01:55.220309 (2961526) main____ INFO      file size     : unlimited
2026-02-23 15:01:55.220312 (2961526) main____ INFO    ----------------------------------------
2026-02-23 15:01:55.220315 (2961526) main____ INFO    Memory statistics:
2026-02-23 15:01:55.220319 (2961526) main____ INFO      total physical memory  : 1055795796 kB
2026-02-23 15:01:55.220323 (2961526) main____ INFO      free physical memory   : 274916172 kB
2026-02-23 15:01:55.220326 (2961526) main____ INFO      committed address space: 470026152 kB
2026-02-23 15:01:55.220330 (2961526) main____ INFO    ----------------------------------------
2026-02-23 15:01:55.221104 (2961526) main____ INFO    Important environment variables:
2026-02-23 15:01:55.221118 (2961526) main____ INFO      JASPER_HOME       : '/usr/licensed/cadence-20210126/jasper_2021.03'
2026-02-23 15:01:55.221123 (2961526) main____ INFO      JASPER_INSTALL_DIR: '/scratch/gpfs/LICENSED/x86_64/cadence-20210126/jasper_2021.03'
2026-02-23 15:01:55.221129 (2961526) main____ INFO      LANG              : 'en_US.UTF-8'
2026-02-23 15:01:55.221133 (2961526) main____ INFO      LM_LICENSE_FILE   : '5280@license.rc.princeton.edu'
2026-02-23 15:01:55.221138 (2961526) main____ INFO      TMPDIR            : '/tmp/ab2113/jg_5019198_87'
2026-02-23 15:01:55.221141 (2961526) main____ INFO    ----------------------------------------
2026-02-23 15:01:55.221881 (2961526) lic_core INFO    Initializing license system ...
2026-02-23 15:01:55.222590 (2961526) lic_core INFO    ... license system initialized.
2026-02-23 15:01:55.223499 (2961526) lic__man INFO    Claim 'fpv' for <ui>.
2026-02-23 15:01:55.223534 (2961526) lic_core INFO    (1) checking out 'jasper_fpv' ...
2026-02-23 15:01:55.229764 (2961526) lic_core INFO    ... (1) checkout failed (error: -5) ("FLEXnet ERROR(-5, 0, 0): No such feature exists.")
2026-02-23 15:01:55.229820 (2961526) lic_core INFO    (2) checking out 'jasper_fao' ...
2026-02-23 15:01:55.241480 (2961526) lic_core INFO    ... (2) checkout succeeded
2026-02-23 15:01:55.255109 (2961526) session_ INFO    Starting analysis session with session id 'session_0' (launcher: <local>) ...
2026-02-23 15:01:55.257761 (2961526) session_ INFO    Analysis session with session id 'session_0' started (pid: 2961534)
2026-02-23 15:01:55.883880 (2961526) session_ INFO    Analysis session 'session_0' connected to the console (host: 127.0.0.1:33332)
2026-02-23 15:01:56.736503 (2961526) main____ INFO    About to exit: request to exit with status 1 received from analysis session 'session_0'
2026-02-23 15:01:56.797409 (2961526) session_ INFO    Analysis session 'session_0' disconnected.
2026-02-23 15:01:56.797545 (2961526) lic__man INFO    Unclaim everything for 'session_0'.
2026-02-23 15:01:56.798315 (2961526) session_ INFO    Process for analysis session 'session_0' has exited with exit status '1'.
2026-02-23 15:01:58.643369 (2961526) lic_core INFO    (2) checkin jasper_fao
2026-02-23 15:01:58.645037 (2961526) main____ INFO    Exiting with status 1.
