2026-02-23 13:58:00.689567 (4156430) main____ INFO    ----------------------------------------
2026-02-23 13:58:00.689676 (4156430) main____ INFO    JasperGold version info
2026-02-23 13:58:00.689694 (4156430) main____ INFO      tool      : JasperGold 2021.03
2026-02-23 13:58:00.689703 (4156430) main____ INFO      version   : 2021.03 FCS 64 bits
2026-02-23 13:58:00.689708 (4156430) main____ INFO      build date: 2021.03.23 02:50:43 UTC
2026-02-23 13:58:00.689712 (4156430) main____ INFO    ----------------------------------------
2026-02-23 13:58:00.689716 (4156430) main____ INFO    Runtime info:
2026-02-23 13:58:00.689721 (4156430) main____ INFO      platform  : Linux 5.14.0-570.84.1.el9_6.x86_64 x86_64
2026-02-23 13:58:00.689728 (4156430) main____ INFO      hostname  : della-r3c2n12
2026-02-23 13:58:00.689732 (4156430) main____ INFO      pid       : 4156430
2026-02-23 13:58:00.689737 (4156430) main____ INFO      arguments : '-style' 'windows' '-batch' '-proj' './verification_results/04564/jgproject' '-tcl' './jasper_verif_check.tcl'
2026-02-23 13:58:00.689745 (4156430) main____ INFO      locale    : UTF-8
2026-02-23 13:58:00.689750 (4156430) main____ INFO    ----------------------------------------
2026-02-23 13:58:00.689754 (4156430) main____ INFO    System resource limits info:
2026-02-23 13:58:00.689758 (4156430) main____ INFO      virtual memory: unlimited
2026-02-23 13:58:00.689762 (4156430) main____ INFO      cpu time      : unlimited
2026-02-23 13:58:00.689766 (4156430) main____ INFO      stack size    : unlimited
2026-02-23 13:58:00.689771 (4156430) main____ INFO      core file size: unlimited
2026-02-23 13:58:00.689779 (4156430) main____ INFO      open files    : 131072
2026-02-23 13:58:00.689784 (4156430) main____ INFO      file size     : unlimited
2026-02-23 13:58:00.689788 (4156430) main____ INFO    ----------------------------------------
2026-02-23 13:58:00.689792 (4156430) main____ INFO    Memory statistics:
2026-02-23 13:58:00.689796 (4156430) main____ INFO      total physical memory  : 195972072 kB
2026-02-23 13:58:00.689801 (4156430) main____ INFO      free physical memory   : 133386184 kB
2026-02-23 13:58:00.689805 (4156430) main____ INFO      committed address space: 40582448 kB
2026-02-23 13:58:00.689809 (4156430) main____ INFO    ----------------------------------------
2026-02-23 13:58:00.690805 (4156430) main____ INFO    Important environment variables:
2026-02-23 13:58:00.690828 (4156430) main____ INFO      JASPER_HOME       : '/usr/licensed/cadence-20210126/jasper_2021.03'
2026-02-23 13:58:00.690834 (4156430) main____ INFO      JASPER_INSTALL_DIR: '/scratch/gpfs/LICENSED/x86_64/cadence-20210126/jasper_2021.03'
2026-02-23 13:58:00.690839 (4156430) main____ INFO      LANG              : 'en_US.UTF-8'
2026-02-23 13:58:00.690844 (4156430) main____ INFO      LM_LICENSE_FILE   : '5280@license.rc.princeton.edu'
2026-02-23 13:58:00.690850 (4156430) main____ INFO      TMPDIR            : '/tmp/ab2113/jg_5019171_84'
2026-02-23 13:58:00.690854 (4156430) main____ INFO    ----------------------------------------
2026-02-23 13:58:00.691719 (4156430) lic_core INFO    Initializing license system ...
2026-02-23 13:58:00.692554 (4156430) lic_core INFO    ... license system initialized.
2026-02-23 13:58:00.693343 (4156430) lic__man INFO    Claim 'fpv' for <ui>.
2026-02-23 13:58:00.693387 (4156430) lic_core INFO    (1) checking out 'jasper_fpv' ...
2026-02-23 13:58:00.699941 (4156430) lic_core INFO    ... (1) checkout failed (error: -5) ("FLEXnet ERROR(-5, 0, 0): No such feature exists.")
2026-02-23 13:58:00.699993 (4156430) lic_core INFO    (2) checking out 'jasper_fao' ...
2026-02-23 13:58:00.710663 (4156430) lic_core INFO    ... (2) checkout succeeded
2026-02-23 13:58:00.726007 (4156430) session_ INFO    Starting analysis session with session id 'session_0' (launcher: <local>) ...
2026-02-23 13:58:00.729272 (4156430) session_ INFO    Analysis session with session id 'session_0' started (pid: 4156445)
2026-02-23 13:58:01.428084 (4156430) session_ INFO    Analysis session 'session_0' connected to the console (host: 127.0.0.1:44678)
2026-02-23 13:58:01.990069 (4156430) main____ INFO    About to exit: request to exit with status 1 received from analysis session 'session_0'
2026-02-23 13:58:02.063643 (4156430) session_ INFO    Analysis session 'session_0' disconnected.
2026-02-23 13:58:02.063767 (4156430) lic__man INFO    Unclaim everything for 'session_0'.
2026-02-23 13:58:02.064390 (4156430) session_ INFO    Process for analysis session 'session_0' has exited with exit status '1'.
2026-02-23 13:58:04.096441 (4156430) lic_core INFO    (2) checkin jasper_fao
2026-02-23 13:58:04.097735 (4156430) main____ INFO    Exiting with status 1.
