2026-02-20 17:39:10.860978 (2541477) main____ INFO    ----------------------------------------
2026-02-20 17:39:10.861089 (2541477) main____ INFO    JasperGold version info
2026-02-20 17:39:10.861109 (2541477) main____ INFO      tool      : JasperGold 2021.03
2026-02-20 17:39:10.861119 (2541477) main____ INFO      version   : 2021.03 FCS 64 bits
2026-02-20 17:39:10.861124 (2541477) main____ INFO      build date: 2021.03.23 02:50:43 UTC
2026-02-20 17:39:10.861128 (2541477) main____ INFO    ----------------------------------------
2026-02-20 17:39:10.861132 (2541477) main____ INFO    Runtime info:
2026-02-20 17:39:10.861137 (2541477) main____ INFO      platform  : Linux 5.14.0-570.84.1.el9_6.x86_64 x86_64
2026-02-20 17:39:10.861143 (2541477) main____ INFO      hostname  : della-i13n22
2026-02-20 17:39:10.861148 (2541477) main____ INFO      pid       : 2541477
2026-02-20 17:39:10.861152 (2541477) main____ INFO      arguments : '-style' 'windows' '-batch' '-proj' 'verification_results/00325/jgproject' '-tcl' './jasper_verif_check.tcl'
2026-02-20 17:39:10.861160 (2541477) main____ INFO      locale    : UTF-8
2026-02-20 17:39:10.861165 (2541477) main____ INFO    ----------------------------------------
2026-02-20 17:39:10.861168 (2541477) main____ INFO    System resource limits info:
2026-02-20 17:39:10.861173 (2541477) main____ INFO      virtual memory: unlimited
2026-02-20 17:39:10.861177 (2541477) main____ INFO      cpu time      : unlimited
2026-02-20 17:39:10.861181 (2541477) main____ INFO      stack size    : unlimited
2026-02-20 17:39:10.861185 (2541477) main____ INFO      core file size: unlimited
2026-02-20 17:39:10.861193 (2541477) main____ INFO      open files    : 131072
2026-02-20 17:39:10.861198 (2541477) main____ INFO      file size     : unlimited
2026-02-20 17:39:10.861201 (2541477) main____ INFO    ----------------------------------------
2026-02-20 17:39:10.861205 (2541477) main____ INFO    Memory statistics:
2026-02-20 17:39:10.861209 (2541477) main____ INFO      total physical memory  : 394157548 kB
2026-02-20 17:39:10.861213 (2541477) main____ INFO      free physical memory   : 192341228 kB
2026-02-20 17:39:10.861217 (2541477) main____ INFO      committed address space: 166534620 kB
2026-02-20 17:39:10.861221 (2541477) main____ INFO    ----------------------------------------
2026-02-20 17:39:10.862108 (2541477) main____ INFO    Important environment variables:
2026-02-20 17:39:10.862125 (2541477) main____ INFO      JASPER_HOME       : '/usr/licensed/cadence-20210126/jasper_2021.03'
2026-02-20 17:39:10.862131 (2541477) main____ INFO      JASPER_INSTALL_DIR: '/scratch/gpfs/LICENSED/x86_64/cadence-20210126/jasper_2021.03'
2026-02-20 17:39:10.862136 (2541477) main____ INFO      LANG              : 'en_US.UTF-8'
2026-02-20 17:39:10.862141 (2541477) main____ INFO      LM_LICENSE_FILE   : '5280@license.rc.princeton.edu'
2026-02-20 17:39:10.862146 (2541477) main____ INFO      TMPDIR            : '/tmp'
2026-02-20 17:39:10.862150 (2541477) main____ INFO    ----------------------------------------
2026-02-20 17:39:10.863065 (2541477) lic_core INFO    Initializing license system ...
2026-02-20 17:39:10.863957 (2541477) lic_core INFO    ... license system initialized.
2026-02-20 17:39:10.864758 (2541477) lic__man INFO    Claim 'fpv' for <ui>.
2026-02-20 17:39:10.864802 (2541477) lic_core INFO    (1) checking out 'jasper_fpv' ...
2026-02-20 17:39:10.870822 (2541477) lic_core INFO    ... (1) checkout failed (error: -5) ("FLEXnet ERROR(-5, 0, 0): No such feature exists.")
2026-02-20 17:39:10.870889 (2541477) lic_core INFO    (2) checking out 'jasper_fao' ...
2026-02-20 17:39:10.881218 (2541477) lic_core INFO    ... (2) checkout succeeded
2026-02-20 17:39:10.896295 (2541477) session_ INFO    Starting analysis session with session id 'session_0' (launcher: <local>) ...
2026-02-20 17:39:10.899670 (2541477) session_ INFO    Analysis session with session id 'session_0' started (pid: 2541485)
2026-02-20 17:39:11.657680 (2541477) session_ INFO    Analysis session 'session_0' connected to the console (host: 127.0.0.1:39320)
2026-02-20 17:39:12.502547 (2541477) lic__man INFO    Unclaim everything for 'session_0'.
2026-02-20 17:39:12.547709 (2541477) lic__man INFO    Claim 'fpv' for 'session_0'.
2026-02-20 17:39:12.547764 (2541477) lic__man INFO    Claim 'fpv' for 'session_0/prove-0'.
2026-02-20 17:39:12.685674 (2541477) lic__man INFO    Unclaim everything for 'session_0/prove-0'.
2026-02-20 17:39:12.744501 (2541477) main____ INFO    About to exit: request to exit with status 0 received from analysis session 'session_0'
2026-02-20 17:39:12.838033 (2541477) session_ INFO    Analysis session 'session_0' disconnected.
2026-02-20 17:39:12.838177 (2541477) lic__man INFO    Unclaim everything for 'session_0'.
2026-02-20 17:39:12.838822 (2541477) session_ INFO    Process for analysis session 'session_0' has exited with exit status '0'.
2026-02-20 17:39:14.653481 (2541477) lic_core INFO    (2) checkin jasper_fao
2026-02-20 17:39:14.655183 (2541477) main____ INFO    Exiting with status 0.
