2026-02-23 13:58:46.846511 (3187318) main____ INFO    ----------------------------------------
2026-02-23 13:58:46.846580 (3187318) main____ INFO    JasperGold version info
2026-02-23 13:58:46.846594 (3187318) main____ INFO      tool      : JasperGold 2021.03
2026-02-23 13:58:46.846603 (3187318) main____ INFO      version   : 2021.03 FCS 64 bits
2026-02-23 13:58:46.846610 (3187318) main____ INFO      build date: 2021.03.23 02:50:43 UTC
2026-02-23 13:58:46.846615 (3187318) main____ INFO    ----------------------------------------
2026-02-23 13:58:46.846620 (3187318) main____ INFO    Runtime info:
2026-02-23 13:58:46.846625 (3187318) main____ INFO      platform  : Linux 5.14.0-570.84.1.el9_6.x86_64 x86_64
2026-02-23 13:58:46.846632 (3187318) main____ INFO      hostname  : della-r3c3n1
2026-02-23 13:58:46.846637 (3187318) main____ INFO      pid       : 3187318
2026-02-23 13:58:46.846643 (3187318) main____ INFO      arguments : '-style' 'windows' '-batch' '-proj' './verification_results/04626/jgproject' '-tcl' './jasper_verif_check.tcl'
2026-02-23 13:58:46.846652 (3187318) main____ INFO      locale    : UTF-8
2026-02-23 13:58:46.846656 (3187318) main____ INFO    ----------------------------------------
2026-02-23 13:58:46.846661 (3187318) main____ INFO    System resource limits info:
2026-02-23 13:58:46.846668 (3187318) main____ INFO      virtual memory: unlimited
2026-02-23 13:58:46.846673 (3187318) main____ INFO      cpu time      : unlimited
2026-02-23 13:58:46.846678 (3187318) main____ INFO      stack size    : unlimited
2026-02-23 13:58:46.846683 (3187318) main____ INFO      core file size: unlimited
2026-02-23 13:58:46.846691 (3187318) main____ INFO      open files    : 131072
2026-02-23 13:58:46.846696 (3187318) main____ INFO      file size     : unlimited
2026-02-23 13:58:46.846701 (3187318) main____ INFO    ----------------------------------------
2026-02-23 13:58:46.846706 (3187318) main____ INFO    Memory statistics:
2026-02-23 13:58:46.846711 (3187318) main____ INFO      total physical memory  : 195972176 kB
2026-02-23 13:58:46.846717 (3187318) main____ INFO      free physical memory   : 119113784 kB
2026-02-23 13:58:46.846723 (3187318) main____ INFO      committed address space: 22692848 kB
2026-02-23 13:58:46.846727 (3187318) main____ INFO    ----------------------------------------
2026-02-23 13:58:46.847681 (3187318) main____ INFO    Important environment variables:
2026-02-23 13:58:46.847696 (3187318) main____ INFO      JASPER_HOME       : '/usr/licensed/cadence-20210126/jasper_2021.03'
2026-02-23 13:58:46.847704 (3187318) main____ INFO      JASPER_INSTALL_DIR: '/scratch/gpfs/LICENSED/x86_64/cadence-20210126/jasper_2021.03'
2026-02-23 13:58:46.847710 (3187318) main____ INFO      LANG              : 'en_US.UTF-8'
2026-02-23 13:58:46.847717 (3187318) main____ INFO      LM_LICENSE_FILE   : '5280@license.rc.princeton.edu'
2026-02-23 13:58:46.847722 (3187318) main____ INFO      TMPDIR            : '/tmp/ab2113/jg_5019172_85'
2026-02-23 13:58:46.847727 (3187318) main____ INFO    ----------------------------------------
2026-02-23 13:58:46.848115 (3187318) lic_core INFO    Initializing license system ...
2026-02-23 13:58:46.848877 (3187318) lic_core INFO    ... license system initialized.
2026-02-23 13:58:46.849582 (3187318) lic__man INFO    Claim 'fpv' for <ui>.
2026-02-23 13:58:46.849619 (3187318) lic_core INFO    (1) checking out 'jasper_fpv' ...
2026-02-23 13:58:46.855159 (3187318) lic_core INFO    ... (1) checkout failed (error: -5) ("FLEXnet ERROR(-5, 0, 0): No such feature exists.")
2026-02-23 13:58:46.855188 (3187318) lic_core INFO    (2) checking out 'jasper_fao' ...
2026-02-23 13:58:46.865278 (3187318) lic_core INFO    ... (2) checkout succeeded
2026-02-23 13:58:46.879222 (3187318) session_ INFO    Starting analysis session with session id 'session_0' (launcher: <local>) ...
2026-02-23 13:58:46.881812 (3187318) session_ INFO    Analysis session with session id 'session_0' started (pid: 3187326)
2026-02-23 13:58:47.547387 (3187318) session_ INFO    Analysis session 'session_0' connected to the console (host: 127.0.0.1:58468)
2026-02-23 13:58:48.404905 (3187318) lic__man INFO    Unclaim everything for 'session_0'.
2026-02-23 13:58:48.448371 (3187318) lic__man INFO    Claim 'fpv' for 'session_0'.
2026-02-23 13:58:48.448415 (3187318) lic__man INFO    Claim 'fpv' for 'session_0/prove-0'.
2026-02-23 13:58:48.582832 (3187318) lic__man INFO    Unclaim everything for 'session_0/prove-0'.
2026-02-23 13:58:48.638428 (3187318) main____ INFO    About to exit: request to exit with status 0 received from analysis session 'session_0'
2026-02-23 13:58:48.715824 (3187318) session_ INFO    Analysis session 'session_0' disconnected.
2026-02-23 13:58:48.715942 (3187318) lic__man INFO    Unclaim everything for 'session_0'.
2026-02-23 13:58:48.716652 (3187318) session_ INFO    Process for analysis session 'session_0' has exited with exit status '0'.
2026-02-23 13:58:50.611993 (3187318) lic_core INFO    (2) checkin jasper_fao
2026-02-23 13:58:50.613528 (3187318) main____ INFO    Exiting with status 0.
