2026-02-23 13:43:04.333047 (4143561) main____ INFO    ----------------------------------------
2026-02-23 13:43:04.333130 (4143561) main____ INFO    JasperGold version info
2026-02-23 13:43:04.333146 (4143561) main____ INFO      tool      : JasperGold 2021.03
2026-02-23 13:43:04.333153 (4143561) main____ INFO      version   : 2021.03 FCS 64 bits
2026-02-23 13:43:04.333159 (4143561) main____ INFO      build date: 2021.03.23 02:50:43 UTC
2026-02-23 13:43:04.333163 (4143561) main____ INFO    ----------------------------------------
2026-02-23 13:43:04.333167 (4143561) main____ INFO    Runtime info:
2026-02-23 13:43:04.333172 (4143561) main____ INFO      platform  : Linux 5.14.0-570.84.1.el9_6.x86_64 x86_64
2026-02-23 13:43:04.333179 (4143561) main____ INFO      hostname  : della-r3c2n12
2026-02-23 13:43:04.333183 (4143561) main____ INFO      pid       : 4143561
2026-02-23 13:43:04.333188 (4143561) main____ INFO      arguments : '-style' 'windows' '-batch' '-proj' './verification_results/01768/jgproject' '-tcl' './jasper_verif_check.tcl'
2026-02-23 13:43:04.333195 (4143561) main____ INFO      locale    : UTF-8
2026-02-23 13:43:04.333199 (4143561) main____ INFO    ----------------------------------------
2026-02-23 13:43:04.333204 (4143561) main____ INFO    System resource limits info:
2026-02-23 13:43:04.333208 (4143561) main____ INFO      virtual memory: unlimited
2026-02-23 13:43:04.333213 (4143561) main____ INFO      cpu time      : unlimited
2026-02-23 13:43:04.333217 (4143561) main____ INFO      stack size    : unlimited
2026-02-23 13:43:04.333221 (4143561) main____ INFO      core file size: unlimited
2026-02-23 13:43:04.333228 (4143561) main____ INFO      open files    : 131072
2026-02-23 13:43:04.333233 (4143561) main____ INFO      file size     : unlimited
2026-02-23 13:43:04.333237 (4143561) main____ INFO    ----------------------------------------
2026-02-23 13:43:04.333240 (4143561) main____ INFO    Memory statistics:
2026-02-23 13:43:04.333245 (4143561) main____ INFO      total physical memory  : 195972072 kB
2026-02-23 13:43:04.333249 (4143561) main____ INFO      free physical memory   : 133294820 kB
2026-02-23 13:43:04.333253 (4143561) main____ INFO      committed address space: 38246244 kB
2026-02-23 13:43:04.333257 (4143561) main____ INFO    ----------------------------------------
2026-02-23 13:43:04.334208 (4143561) main____ INFO    Important environment variables:
2026-02-23 13:43:04.334222 (4143561) main____ INFO      JASPER_HOME       : '/usr/licensed/cadence-20210126/jasper_2021.03'
2026-02-23 13:43:04.334228 (4143561) main____ INFO      JASPER_INSTALL_DIR: '/scratch/gpfs/LICENSED/x86_64/cadence-20210126/jasper_2021.03'
2026-02-23 13:43:04.334233 (4143561) main____ INFO      LANG              : 'en_US.UTF-8'
2026-02-23 13:43:04.334238 (4143561) main____ INFO      LM_LICENSE_FILE   : '5280@license.rc.princeton.edu'
2026-02-23 13:43:04.334243 (4143561) main____ INFO      TMPDIR            : '/tmp/ab2113/jg_5018860_28'
2026-02-23 13:43:04.334248 (4143561) main____ INFO    ----------------------------------------
2026-02-23 13:43:04.335056 (4143561) lic_core INFO    Initializing license system ...
2026-02-23 13:43:04.335840 (4143561) lic_core INFO    ... license system initialized.
2026-02-23 13:43:04.336587 (4143561) lic__man INFO    Claim 'fpv' for <ui>.
2026-02-23 13:43:04.336623 (4143561) lic_core INFO    (1) checking out 'jasper_fpv' ...
2026-02-23 13:43:04.342227 (4143561) lic_core INFO    ... (1) checkout failed (error: -5) ("FLEXnet ERROR(-5, 0, 0): No such feature exists.")
2026-02-23 13:43:04.342253 (4143561) lic_core INFO    (2) checking out 'jasper_fao' ...
2026-02-23 13:43:04.352223 (4143561) lic_core INFO    ... (2) checkout succeeded
2026-02-23 13:43:04.366788 (4143561) session_ INFO    Starting analysis session with session id 'session_0' (launcher: <local>) ...
2026-02-23 13:43:04.369962 (4143561) session_ INFO    Analysis session with session id 'session_0' started (pid: 4143569)
2026-02-23 13:43:05.075529 (4143561) session_ INFO    Analysis session 'session_0' connected to the console (host: 127.0.0.1:45148)
2026-02-23 13:43:05.665087 (4143561) main____ INFO    About to exit: request to exit with status 1 received from analysis session 'session_0'
2026-02-23 13:43:05.745593 (4143561) session_ INFO    Analysis session 'session_0' disconnected.
2026-02-23 13:43:05.745716 (4143561) lic__man INFO    Unclaim everything for 'session_0'.
2026-02-23 13:43:05.746938 (4143561) session_ INFO    Process for analysis session 'session_0' has exited with exit status '1'.
2026-02-23 13:43:07.625762 (4143561) lic_core INFO    (2) checkin jasper_fao
2026-02-23 13:43:07.627336 (4143561) main____ INFO    Exiting with status 1.
