2026-02-23 14:43:15.156996 (1799985) main____ INFO    ----------------------------------------
2026-02-23 14:43:15.157066 (1799985) main____ INFO    JasperGold version info
2026-02-23 14:43:15.157082 (1799985) main____ INFO      tool      : JasperGold 2021.03
2026-02-23 14:43:15.157090 (1799985) main____ INFO      version   : 2021.03 FCS 64 bits
2026-02-23 14:43:15.157096 (1799985) main____ INFO      build date: 2021.03.23 02:50:43 UTC
2026-02-23 14:43:15.157101 (1799985) main____ INFO    ----------------------------------------
2026-02-23 14:43:15.157105 (1799985) main____ INFO    Runtime info:
2026-02-23 14:43:15.157111 (1799985) main____ INFO      platform  : Linux 5.14.0-570.84.1.el9_6.x86_64 x86_64
2026-02-23 14:43:15.157116 (1799985) main____ INFO      hostname  : della-h14n12
2026-02-23 14:43:15.157122 (1799985) main____ INFO      pid       : 1799985
2026-02-23 14:43:15.157127 (1799985) main____ INFO      arguments : '-style' 'windows' '-batch' '-proj' './verification_results/01646/jgproject' '-tcl' './jasper_verif_check.tcl'
2026-02-23 14:43:15.157134 (1799985) main____ INFO      locale    : UTF-8
2026-02-23 14:43:15.157139 (1799985) main____ INFO    ----------------------------------------
2026-02-23 14:43:15.157144 (1799985) main____ INFO    System resource limits info:
2026-02-23 14:43:15.157148 (1799985) main____ INFO      virtual memory: unlimited
2026-02-23 14:43:15.157153 (1799985) main____ INFO      cpu time      : unlimited
2026-02-23 14:43:15.157158 (1799985) main____ INFO      stack size    : unlimited
2026-02-23 14:43:15.157163 (1799985) main____ INFO      core file size: unlimited
2026-02-23 14:43:15.157170 (1799985) main____ INFO      open files    : 131072
2026-02-23 14:43:15.157174 (1799985) main____ INFO      file size     : unlimited
2026-02-23 14:43:15.157179 (1799985) main____ INFO    ----------------------------------------
2026-02-23 14:43:15.157184 (1799985) main____ INFO    Memory statistics:
2026-02-23 14:43:15.157189 (1799985) main____ INFO      total physical memory  : 1584164368 kB
2026-02-23 14:43:15.157194 (1799985) main____ INFO      free physical memory   : 597012568 kB
2026-02-23 14:43:15.157199 (1799985) main____ INFO      committed address space: 588447740 kB
2026-02-23 14:43:15.157203 (1799985) main____ INFO    ----------------------------------------
2026-02-23 14:43:15.157710 (1799985) main____ INFO    Important environment variables:
2026-02-23 14:43:15.157722 (1799985) main____ INFO      JASPER_HOME       : '/usr/licensed/cadence-20210126/jasper_2021.03'
2026-02-23 14:43:15.157728 (1799985) main____ INFO      JASPER_INSTALL_DIR: '/scratch/gpfs/LICENSED/x86_64/cadence-20210126/jasper_2021.03'
2026-02-23 14:43:15.157733 (1799985) main____ INFO      LANG              : 'en_US.UTF-8'
2026-02-23 14:43:15.157739 (1799985) main____ INFO      LM_LICENSE_FILE   : '5280@license.rc.princeton.edu'
2026-02-23 14:43:15.157744 (1799985) main____ INFO      TMPDIR            : '/tmp/ab2113/jg_5018846_25'
2026-02-23 14:43:15.157749 (1799985) main____ INFO    ----------------------------------------
2026-02-23 14:43:15.158210 (1799985) lic_core INFO    Initializing license system ...
2026-02-23 14:43:15.158689 (1799985) lic_core INFO    ... license system initialized.
2026-02-23 14:43:15.159430 (1799985) lic__man INFO    Claim 'fpv' for <ui>.
2026-02-23 14:43:15.159461 (1799985) lic_core INFO    (1) checking out 'jasper_fpv' ...
2026-02-23 14:43:15.165697 (1799985) lic_core INFO    ... (1) checkout failed (error: -5) ("FLEXnet ERROR(-5, 0, 0): No such feature exists.")
2026-02-23 14:43:15.165724 (1799985) lic_core INFO    (2) checking out 'jasper_fao' ...
2026-02-23 14:43:15.174482 (1799985) lic_core INFO    ... (2) checkout succeeded
2026-02-23 14:43:15.185406 (1799985) session_ INFO    Starting analysis session with session id 'session_0' (launcher: <local>) ...
2026-02-23 14:43:15.187948 (1799985) session_ INFO    Analysis session with session id 'session_0' started (pid: 1799993)
2026-02-23 14:43:15.728301 (1799985) session_ INFO    Analysis session 'session_0' connected to the console (host: 127.0.0.1:33242)
2026-02-23 14:43:16.214016 (1799985) main____ INFO    About to exit: request to exit with status 1 received from analysis session 'session_0'
2026-02-23 14:43:16.265471 (1799985) session_ INFO    Analysis session 'session_0' disconnected.
2026-02-23 14:43:16.265594 (1799985) lic__man INFO    Unclaim everything for 'session_0'.
2026-02-23 14:43:16.266407 (1799985) session_ INFO    Process for analysis session 'session_0' has exited with exit status '1'.
2026-02-23 14:43:18.121345 (1799985) lic_core INFO    (2) checkin jasper_fao
2026-02-23 14:43:18.122864 (1799985) main____ INFO    Exiting with status 1.
