2026-02-23 13:56:03.623309 (2688616) main____ INFO    ----------------------------------------
2026-02-23 13:56:03.623424 (2688616) main____ INFO    JasperGold version info
2026-02-23 13:56:03.623444 (2688616) main____ INFO      tool      : JasperGold 2021.03
2026-02-23 13:56:03.623454 (2688616) main____ INFO      version   : 2021.03 FCS 64 bits
2026-02-23 13:56:03.623460 (2688616) main____ INFO      build date: 2021.03.23 02:50:43 UTC
2026-02-23 13:56:03.623464 (2688616) main____ INFO    ----------------------------------------
2026-02-23 13:56:03.623468 (2688616) main____ INFO    Runtime info:
2026-02-23 13:56:03.623473 (2688616) main____ INFO      platform  : Linux 5.14.0-570.84.1.el9_6.x86_64 x86_64
2026-02-23 13:56:03.623479 (2688616) main____ INFO      hostname  : della-r3c3n12
2026-02-23 13:56:03.623484 (2688616) main____ INFO      pid       : 2688616
2026-02-23 13:56:03.623489 (2688616) main____ INFO      arguments : '-style' 'windows' '-batch' '-proj' './verification_results/04136/jgproject' '-tcl' './jasper_verif_check.tcl'
2026-02-23 13:56:03.623497 (2688616) main____ INFO      locale    : UTF-8
2026-02-23 13:56:03.623502 (2688616) main____ INFO    ----------------------------------------
2026-02-23 13:56:03.623506 (2688616) main____ INFO    System resource limits info:
2026-02-23 13:56:03.623510 (2688616) main____ INFO      virtual memory: unlimited
2026-02-23 13:56:03.623515 (2688616) main____ INFO      cpu time      : unlimited
2026-02-23 13:56:03.623519 (2688616) main____ INFO      stack size    : unlimited
2026-02-23 13:56:03.623524 (2688616) main____ INFO      core file size: unlimited
2026-02-23 13:56:03.623531 (2688616) main____ INFO      open files    : 131072
2026-02-23 13:56:03.623536 (2688616) main____ INFO      file size     : unlimited
2026-02-23 13:56:03.623540 (2688616) main____ INFO    ----------------------------------------
2026-02-23 13:56:03.623544 (2688616) main____ INFO    Memory statistics:
2026-02-23 13:56:03.623550 (2688616) main____ INFO      total physical memory  : 195972156 kB
2026-02-23 13:56:03.623554 (2688616) main____ INFO      free physical memory   : 108799228 kB
2026-02-23 13:56:03.623558 (2688616) main____ INFO      committed address space: 60468432 kB
2026-02-23 13:56:03.623562 (2688616) main____ INFO    ----------------------------------------
2026-02-23 13:56:03.624549 (2688616) main____ INFO    Important environment variables:
2026-02-23 13:56:03.624574 (2688616) main____ INFO      JASPER_HOME       : '/usr/licensed/cadence-20210126/jasper_2021.03'
2026-02-23 13:56:03.624580 (2688616) main____ INFO      JASPER_INSTALL_DIR: '/scratch/gpfs/LICENSED/x86_64/cadence-20210126/jasper_2021.03'
2026-02-23 13:56:03.624586 (2688616) main____ INFO      LANG              : 'en_US.UTF-8'
2026-02-23 13:56:03.624591 (2688616) main____ INFO      LM_LICENSE_FILE   : '5280@license.rc.princeton.edu'
2026-02-23 13:56:03.624596 (2688616) main____ INFO      TMPDIR            : '/tmp/ab2113/jg_5019110_75'
2026-02-23 13:56:03.624601 (2688616) main____ INFO    ----------------------------------------
2026-02-23 13:56:03.625531 (2688616) lic_core INFO    Initializing license system ...
2026-02-23 13:56:03.626456 (2688616) lic_core INFO    ... license system initialized.
2026-02-23 13:56:03.627277 (2688616) lic__man INFO    Claim 'fpv' for <ui>.
2026-02-23 13:56:03.627331 (2688616) lic_core INFO    (1) checking out 'jasper_fpv' ...
2026-02-23 13:56:03.632874 (2688616) lic_core INFO    ... (1) checkout failed (error: -5) ("FLEXnet ERROR(-5, 0, 0): No such feature exists.")
2026-02-23 13:56:03.632937 (2688616) lic_core INFO    (2) checking out 'jasper_fao' ...
2026-02-23 13:56:03.644026 (2688616) lic_core INFO    ... (2) checkout succeeded
2026-02-23 13:56:03.664446 (2688616) session_ INFO    Starting analysis session with session id 'session_0' (launcher: <local>) ...
2026-02-23 13:56:03.667699 (2688616) session_ INFO    Analysis session with session id 'session_0' started (pid: 2688624)
2026-02-23 13:56:04.445116 (2688616) session_ INFO    Analysis session 'session_0' connected to the console (host: 127.0.0.1:38870)
2026-02-23 13:56:05.101434 (2688616) main____ INFO    About to exit: request to exit with status 1 received from analysis session 'session_0'
2026-02-23 13:56:05.265340 (2688616) session_ INFO    Analysis session 'session_0' disconnected.
2026-02-23 13:56:05.265493 (2688616) lic__man INFO    Unclaim everything for 'session_0'.
2026-02-23 13:56:05.266196 (2688616) session_ INFO    Process for analysis session 'session_0' has exited with exit status '1'.
2026-02-23 13:56:07.008363 (2688616) lic_core INFO    (2) checkin jasper_fao
2026-02-23 13:56:07.010017 (2688616) main____ INFO    Exiting with status 1.
