2026-02-23 13:41:16.429199 (1471527) main____ INFO    ----------------------------------------
2026-02-23 13:41:16.429284 (1471527) main____ INFO    JasperGold version info
2026-02-23 13:41:16.429303 (1471527) main____ INFO      tool      : JasperGold 2021.03
2026-02-23 13:41:16.429312 (1471527) main____ INFO      version   : 2021.03 FCS 64 bits
2026-02-23 13:41:16.429319 (1471527) main____ INFO      build date: 2021.03.23 02:50:43 UTC
2026-02-23 13:41:16.429325 (1471527) main____ INFO    ----------------------------------------
2026-02-23 13:41:16.429330 (1471527) main____ INFO    Runtime info:
2026-02-23 13:41:16.429336 (1471527) main____ INFO      platform  : Linux 5.14.0-570.84.1.el9_6.x86_64 x86_64
2026-02-23 13:41:16.429344 (1471527) main____ INFO      hostname  : della-h14n5
2026-02-23 13:41:16.429350 (1471527) main____ INFO      pid       : 1471527
2026-02-23 13:41:16.429355 (1471527) main____ INFO      arguments : '-style' 'windows' '-batch' '-proj' './verification_results/01051/jgproject' '-tcl' './jasper_verif_check.tcl'
2026-02-23 13:41:16.429364 (1471527) main____ INFO      locale    : UTF-8
2026-02-23 13:41:16.429371 (1471527) main____ INFO    ----------------------------------------
2026-02-23 13:41:16.429377 (1471527) main____ INFO    System resource limits info:
2026-02-23 13:41:16.429383 (1471527) main____ INFO      virtual memory: unlimited
2026-02-23 13:41:16.429388 (1471527) main____ INFO      cpu time      : unlimited
2026-02-23 13:41:16.429394 (1471527) main____ INFO      stack size    : unlimited
2026-02-23 13:41:16.429400 (1471527) main____ INFO      core file size: unlimited
2026-02-23 13:41:16.429408 (1471527) main____ INFO      open files    : 131072
2026-02-23 13:41:16.429413 (1471527) main____ INFO      file size     : unlimited
2026-02-23 13:41:16.429418 (1471527) main____ INFO    ----------------------------------------
2026-02-23 13:41:16.429423 (1471527) main____ INFO    Memory statistics:
2026-02-23 13:41:16.429436 (1471527) main____ INFO      total physical memory  : 1584164368 kB
2026-02-23 13:41:16.429442 (1471527) main____ INFO      free physical memory   : 701234600 kB
2026-02-23 13:41:16.429447 (1471527) main____ INFO      committed address space: 538673348 kB
2026-02-23 13:41:16.429452 (1471527) main____ INFO    ----------------------------------------
2026-02-23 13:41:16.430002 (1471527) main____ INFO    Important environment variables:
2026-02-23 13:41:16.430017 (1471527) main____ INFO      JASPER_HOME       : '/usr/licensed/cadence-20210126/jasper_2021.03'
2026-02-23 13:41:16.430024 (1471527) main____ INFO      JASPER_INSTALL_DIR: '/scratch/gpfs/LICENSED/x86_64/cadence-20210126/jasper_2021.03'
2026-02-23 13:41:16.430030 (1471527) main____ INFO      LANG              : 'en_US.UTF-8'
2026-02-23 13:41:16.430037 (1471527) main____ INFO      LM_LICENSE_FILE   : '5280@license.rc.princeton.edu'
2026-02-23 13:41:16.430043 (1471527) main____ INFO      TMPDIR            : '/tmp/ab2113/jg_5018816_13'
2026-02-23 13:41:16.430048 (1471527) main____ INFO    ----------------------------------------
2026-02-23 13:41:16.430514 (1471527) lic_core INFO    Initializing license system ...
2026-02-23 13:41:16.431100 (1471527) lic_core INFO    ... license system initialized.
2026-02-23 13:41:16.431950 (1471527) lic__man INFO    Claim 'fpv' for <ui>.
2026-02-23 13:41:16.431987 (1471527) lic_core INFO    (1) checking out 'jasper_fpv' ...
2026-02-23 13:41:16.437561 (1471527) lic_core INFO    ... (1) checkout failed (error: -5) ("FLEXnet ERROR(-5, 0, 0): No such feature exists.")
2026-02-23 13:41:16.437591 (1471527) lic_core INFO    (2) checking out 'jasper_fao' ...
2026-02-23 13:41:16.446373 (1471527) lic_core INFO    ... (2) checkout succeeded
2026-02-23 13:41:16.458311 (1471527) session_ INFO    Starting analysis session with session id 'session_0' (launcher: <local>) ...
2026-02-23 13:41:16.461567 (1471527) session_ INFO    Analysis session with session id 'session_0' started (pid: 1471543)
2026-02-23 13:41:17.035866 (1471527) session_ INFO    Analysis session 'session_0' connected to the console (host: 127.0.0.1:52702)
2026-02-23 13:41:17.808465 (1471527) lic__man INFO    Unclaim everything for 'session_0'.
2026-02-23 13:41:17.867524 (1471527) main____ INFO    About to exit: request to exit with status 3 received from analysis session 'session_0'
2026-02-23 13:41:17.923153 (1471527) session_ INFO    Analysis session 'session_0' disconnected.
2026-02-23 13:41:17.923304 (1471527) lic__man INFO    Unclaim everything for 'session_0'.
2026-02-23 13:41:17.923831 (1471527) session_ INFO    Process for analysis session 'session_0' has exited with exit status '3'.
2026-02-23 13:41:19.972697 (1471527) lic_core INFO    (2) checkin jasper_fao
2026-02-23 13:41:19.974220 (1471527) main____ INFO    Exiting with status 3.
