2026-02-23 13:43:09.901394 (1141581) main____ INFO    ----------------------------------------
2026-02-23 13:43:09.901503 (1141581) main____ INFO    JasperGold version info
2026-02-23 13:43:09.901522 (1141581) main____ INFO      tool      : JasperGold 2021.03
2026-02-23 13:43:09.901531 (1141581) main____ INFO      version   : 2021.03 FCS 64 bits
2026-02-23 13:43:09.901535 (1141581) main____ INFO      build date: 2021.03.23 02:50:43 UTC
2026-02-23 13:43:09.901539 (1141581) main____ INFO    ----------------------------------------
2026-02-23 13:43:09.901543 (1141581) main____ INFO    Runtime info:
2026-02-23 13:43:09.901547 (1141581) main____ INFO      platform  : Linux 5.14.0-570.84.1.el9_6.x86_64 x86_64
2026-02-23 13:43:09.901553 (1141581) main____ INFO      hostname  : della-i13n20
2026-02-23 13:43:09.901558 (1141581) main____ INFO      pid       : 1141581
2026-02-23 13:43:09.901562 (1141581) main____ INFO      arguments : '-style' 'windows' '-batch' '-proj' './verification_results/01461/jgproject' '-tcl' './jasper_verif_check.tcl'
2026-02-23 13:43:09.901569 (1141581) main____ INFO      locale    : UTF-8
2026-02-23 13:43:09.901573 (1141581) main____ INFO    ----------------------------------------
2026-02-23 13:43:09.901577 (1141581) main____ INFO    System resource limits info:
2026-02-23 13:43:09.901581 (1141581) main____ INFO      virtual memory: unlimited
2026-02-23 13:43:09.901585 (1141581) main____ INFO      cpu time      : unlimited
2026-02-23 13:43:09.901588 (1141581) main____ INFO      stack size    : unlimited
2026-02-23 13:43:09.901592 (1141581) main____ INFO      core file size: unlimited
2026-02-23 13:43:09.901599 (1141581) main____ INFO      open files    : 131072
2026-02-23 13:43:09.901603 (1141581) main____ INFO      file size     : unlimited
2026-02-23 13:43:09.901607 (1141581) main____ INFO    ----------------------------------------
2026-02-23 13:43:09.901610 (1141581) main____ INFO    Memory statistics:
2026-02-23 13:43:09.901614 (1141581) main____ INFO      total physical memory  : 394157552 kB
2026-02-23 13:43:09.901618 (1141581) main____ INFO      free physical memory   : 175859064 kB
2026-02-23 13:43:09.901622 (1141581) main____ INFO      committed address space: 146823712 kB
2026-02-23 13:43:09.901625 (1141581) main____ INFO    ----------------------------------------
2026-02-23 13:43:09.902547 (1141581) main____ INFO    Important environment variables:
2026-02-23 13:43:09.902570 (1141581) main____ INFO      JASPER_HOME       : '/usr/licensed/cadence-20210126/jasper_2021.03'
2026-02-23 13:43:09.902576 (1141581) main____ INFO      JASPER_INSTALL_DIR: '/scratch/gpfs/LICENSED/x86_64/cadence-20210126/jasper_2021.03'
2026-02-23 13:43:09.902581 (1141581) main____ INFO      LANG              : 'en_US.UTF-8'
2026-02-23 13:43:09.902586 (1141581) main____ INFO      LM_LICENSE_FILE   : '5280@license.rc.princeton.edu'
2026-02-23 13:43:09.902591 (1141581) main____ INFO      TMPDIR            : '/tmp/ab2113/jg_5018835_21'
2026-02-23 13:43:09.902595 (1141581) main____ INFO    ----------------------------------------
2026-02-23 13:43:09.903098 (1141581) lic_core INFO    Initializing license system ...
2026-02-23 13:43:09.903597 (1141581) lic_core INFO    ... license system initialized.
2026-02-23 13:43:09.904352 (1141581) lic__man INFO    Claim 'fpv' for <ui>.
2026-02-23 13:43:09.904394 (1141581) lic_core INFO    (1) checking out 'jasper_fpv' ...
2026-02-23 13:43:09.909966 (1141581) lic_core INFO    ... (1) checkout failed (error: -5) ("FLEXnet ERROR(-5, 0, 0): No such feature exists.")
2026-02-23 13:43:09.910022 (1141581) lic_core INFO    (2) checking out 'jasper_fao' ...
2026-02-23 13:43:09.920480 (1141581) lic_core INFO    ... (2) checkout succeeded
2026-02-23 13:43:09.934835 (1141581) session_ INFO    Starting analysis session with session id 'session_0' (launcher: <local>) ...
2026-02-23 13:43:09.938039 (1141581) session_ INFO    Analysis session with session id 'session_0' started (pid: 1141589)
2026-02-23 13:43:10.661201 (1141581) session_ INFO    Analysis session 'session_0' connected to the console (host: 127.0.0.1:38402)
2026-02-23 13:43:11.247250 (1141581) main____ INFO    About to exit: request to exit with status 1 received from analysis session 'session_0'
2026-02-23 13:43:11.331244 (1141581) session_ INFO    Analysis session 'session_0' disconnected.
2026-02-23 13:43:11.331389 (1141581) lic__man INFO    Unclaim everything for 'session_0'.
2026-02-23 13:43:11.331924 (1141581) session_ INFO    Process for analysis session 'session_0' has exited with exit status '1'.
2026-02-23 13:43:13.152894 (1141581) lic_core INFO    (2) checkin jasper_fao
2026-02-23 13:43:13.154577 (1141581) main____ INFO    Exiting with status 1.
