2026-02-20 17:25:28.329508 (2522827) main____ INFO    ----------------------------------------
2026-02-20 17:25:28.329628 (2522827) main____ INFO    JasperGold version info
2026-02-20 17:25:28.329649 (2522827) main____ INFO      tool      : JasperGold 2021.03
2026-02-20 17:25:28.329659 (2522827) main____ INFO      version   : 2021.03 FCS 64 bits
2026-02-20 17:25:28.329664 (2522827) main____ INFO      build date: 2021.03.23 02:50:43 UTC
2026-02-20 17:25:28.329668 (2522827) main____ INFO    ----------------------------------------
2026-02-20 17:25:28.329672 (2522827) main____ INFO    Runtime info:
2026-02-20 17:25:28.329677 (2522827) main____ INFO      platform  : Linux 5.14.0-570.84.1.el9_6.x86_64 x86_64
2026-02-20 17:25:28.329683 (2522827) main____ INFO      hostname  : della-i13n22
2026-02-20 17:25:28.329687 (2522827) main____ INFO      pid       : 2522827
2026-02-20 17:25:28.329692 (2522827) main____ INFO      arguments : '-style' 'windows' '-batch' '-proj' 'verification_results/00145/jgproject' '-tcl' './jasper_verif_check.tcl'
2026-02-20 17:25:28.329701 (2522827) main____ INFO      locale    : UTF-8
2026-02-20 17:25:28.329705 (2522827) main____ INFO    ----------------------------------------
2026-02-20 17:25:28.329709 (2522827) main____ INFO    System resource limits info:
2026-02-20 17:25:28.329713 (2522827) main____ INFO      virtual memory: unlimited
2026-02-20 17:25:28.329718 (2522827) main____ INFO      cpu time      : unlimited
2026-02-20 17:25:28.329722 (2522827) main____ INFO      stack size    : unlimited
2026-02-20 17:25:28.329726 (2522827) main____ INFO      core file size: unlimited
2026-02-20 17:25:28.329735 (2522827) main____ INFO      open files    : 131072
2026-02-20 17:25:28.329739 (2522827) main____ INFO      file size     : unlimited
2026-02-20 17:25:28.329743 (2522827) main____ INFO    ----------------------------------------
2026-02-20 17:25:28.329746 (2522827) main____ INFO    Memory statistics:
2026-02-20 17:25:28.329751 (2522827) main____ INFO      total physical memory  : 394157548 kB
2026-02-20 17:25:28.329754 (2522827) main____ INFO      free physical memory   : 211264596 kB
2026-02-20 17:25:28.329758 (2522827) main____ INFO      committed address space: 147495680 kB
2026-02-20 17:25:28.329762 (2522827) main____ INFO    ----------------------------------------
2026-02-20 17:25:28.330681 (2522827) main____ INFO    Important environment variables:
2026-02-20 17:25:28.330707 (2522827) main____ INFO      JASPER_HOME       : '/usr/licensed/cadence-20210126/jasper_2021.03'
2026-02-20 17:25:28.330713 (2522827) main____ INFO      JASPER_INSTALL_DIR: '/scratch/gpfs/LICENSED/x86_64/cadence-20210126/jasper_2021.03'
2026-02-20 17:25:28.330719 (2522827) main____ INFO      LANG              : 'en_US.UTF-8'
2026-02-20 17:25:28.330724 (2522827) main____ INFO      LM_LICENSE_FILE   : '5280@license.rc.princeton.edu'
2026-02-20 17:25:28.330729 (2522827) main____ INFO      TMPDIR            : '/tmp'
2026-02-20 17:25:28.330733 (2522827) main____ INFO    ----------------------------------------
2026-02-20 17:25:28.331763 (2522827) lic_core INFO    Initializing license system ...
2026-02-20 17:25:28.332769 (2522827) lic_core INFO    ... license system initialized.
2026-02-20 17:25:28.333640 (2522827) lic__man INFO    Claim 'fpv' for <ui>.
2026-02-20 17:25:28.333694 (2522827) lic_core INFO    (1) checking out 'jasper_fpv' ...
2026-02-20 17:25:28.339840 (2522827) lic_core INFO    ... (1) checkout failed (error: -5) ("FLEXnet ERROR(-5, 0, 0): No such feature exists.")
2026-02-20 17:25:28.339905 (2522827) lic_core INFO    (2) checking out 'jasper_fao' ...
2026-02-20 17:25:28.350097 (2522827) lic_core INFO    ... (2) checkout succeeded
2026-02-20 17:25:28.365558 (2522827) session_ INFO    Starting analysis session with session id 'session_0' (launcher: <local>) ...
2026-02-20 17:25:28.369149 (2522827) session_ INFO    Analysis session with session id 'session_0' started (pid: 2522835)
2026-02-20 17:25:29.176718 (2522827) session_ INFO    Analysis session 'session_0' connected to the console (host: 127.0.0.1:56412)
2026-02-20 17:25:29.757490 (2522827) main____ INFO    About to exit: request to exit with status 1 received from analysis session 'session_0'
2026-02-20 17:25:29.854098 (2522827) session_ INFO    Analysis session 'session_0' disconnected.
2026-02-20 17:25:29.854240 (2522827) lic__man INFO    Unclaim everything for 'session_0'.
2026-02-20 17:25:29.855075 (2522827) session_ INFO    Process for analysis session 'session_0' has exited with exit status '1'.
2026-02-20 17:25:31.662877 (2522827) lic_core INFO    (2) checkin jasper_fao
2026-02-20 17:25:31.664159 (2522827) main____ INFO    Exiting with status 1.
