2026-02-20 17:45:06.840195 (2549749) main____ INFO    ----------------------------------------
2026-02-20 17:45:06.840304 (2549749) main____ INFO    JasperGold version info
2026-02-20 17:45:06.840326 (2549749) main____ INFO      tool      : JasperGold 2021.03
2026-02-20 17:45:06.840335 (2549749) main____ INFO      version   : 2021.03 FCS 64 bits
2026-02-20 17:45:06.840340 (2549749) main____ INFO      build date: 2021.03.23 02:50:43 UTC
2026-02-20 17:45:06.840344 (2549749) main____ INFO    ----------------------------------------
2026-02-20 17:45:06.840348 (2549749) main____ INFO    Runtime info:
2026-02-20 17:45:06.840352 (2549749) main____ INFO      platform  : Linux 5.14.0-570.84.1.el9_6.x86_64 x86_64
2026-02-20 17:45:06.840357 (2549749) main____ INFO      hostname  : della-i13n22
2026-02-20 17:45:06.840362 (2549749) main____ INFO      pid       : 2549749
2026-02-20 17:45:06.840366 (2549749) main____ INFO      arguments : '-style' 'windows' '-batch' '-proj' 'verification_results/00413/jgproject' '-tcl' './jasper_verif_check.tcl'
2026-02-20 17:45:06.840374 (2549749) main____ INFO      locale    : UTF-8
2026-02-20 17:45:06.840378 (2549749) main____ INFO    ----------------------------------------
2026-02-20 17:45:06.840381 (2549749) main____ INFO    System resource limits info:
2026-02-20 17:45:06.840391 (2549749) main____ INFO      virtual memory: unlimited
2026-02-20 17:45:06.840395 (2549749) main____ INFO      cpu time      : unlimited
2026-02-20 17:45:06.840399 (2549749) main____ INFO      stack size    : unlimited
2026-02-20 17:45:06.840403 (2549749) main____ INFO      core file size: unlimited
2026-02-20 17:45:06.840410 (2549749) main____ INFO      open files    : 131072
2026-02-20 17:45:06.840414 (2549749) main____ INFO      file size     : unlimited
2026-02-20 17:45:06.840418 (2549749) main____ INFO    ----------------------------------------
2026-02-20 17:45:06.840422 (2549749) main____ INFO    Memory statistics:
2026-02-20 17:45:06.840426 (2549749) main____ INFO      total physical memory  : 394157548 kB
2026-02-20 17:45:06.840430 (2549749) main____ INFO      free physical memory   : 190399596 kB
2026-02-20 17:45:06.840433 (2549749) main____ INFO      committed address space: 168615376 kB
2026-02-20 17:45:06.840437 (2549749) main____ INFO    ----------------------------------------
2026-02-20 17:45:06.841314 (2549749) main____ INFO    Important environment variables:
2026-02-20 17:45:06.841332 (2549749) main____ INFO      JASPER_HOME       : '/usr/licensed/cadence-20210126/jasper_2021.03'
2026-02-20 17:45:06.841338 (2549749) main____ INFO      JASPER_INSTALL_DIR: '/scratch/gpfs/LICENSED/x86_64/cadence-20210126/jasper_2021.03'
2026-02-20 17:45:06.841343 (2549749) main____ INFO      LANG              : 'en_US.UTF-8'
2026-02-20 17:45:06.841348 (2549749) main____ INFO      LM_LICENSE_FILE   : '5280@license.rc.princeton.edu'
2026-02-20 17:45:06.841352 (2549749) main____ INFO      TMPDIR            : '/tmp'
2026-02-20 17:45:06.841356 (2549749) main____ INFO    ----------------------------------------
2026-02-20 17:45:06.842299 (2549749) lic_core INFO    Initializing license system ...
2026-02-20 17:45:06.843241 (2549749) lic_core INFO    ... license system initialized.
2026-02-20 17:45:06.844056 (2549749) lic__man INFO    Claim 'fpv' for <ui>.
2026-02-20 17:45:06.844101 (2549749) lic_core INFO    (1) checking out 'jasper_fpv' ...
2026-02-20 17:45:06.850778 (2549749) lic_core INFO    ... (1) checkout failed (error: -5) ("FLEXnet ERROR(-5, 0, 0): No such feature exists.")
2026-02-20 17:45:06.850837 (2549749) lic_core INFO    (2) checking out 'jasper_fao' ...
2026-02-20 17:45:06.861338 (2549749) lic_core INFO    ... (2) checkout succeeded
2026-02-20 17:45:06.875354 (2549749) session_ INFO    Starting analysis session with session id 'session_0' (launcher: <local>) ...
2026-02-20 17:45:06.878477 (2549749) session_ INFO    Analysis session with session id 'session_0' started (pid: 2549757)
2026-02-20 17:45:07.629092 (2549749) session_ INFO    Analysis session 'session_0' connected to the console (host: 127.0.0.1:47686)
2026-02-20 17:45:08.457844 (2549749) lic__man INFO    Unclaim everything for 'session_0'.
2026-02-20 17:45:08.520499 (2549749) main____ INFO    About to exit: request to exit with status 3 received from analysis session 'session_0'
2026-02-20 17:45:08.615244 (2549749) session_ INFO    Analysis session 'session_0' disconnected.
2026-02-20 17:45:08.615409 (2549749) lic__man INFO    Unclaim everything for 'session_0'.
2026-02-20 17:45:08.616044 (2549749) session_ INFO    Process for analysis session 'session_0' has exited with exit status '3'.
2026-02-20 17:45:10.538478 (2549749) lic_core INFO    (2) checkin jasper_fao
2026-02-20 17:45:10.540057 (2549749) main____ INFO    Exiting with status 3.
