2026-02-20 17:36:41.888152 (2536827) main____ INFO    ----------------------------------------
2026-02-20 17:36:41.888266 (2536827) main____ INFO    JasperGold version info
2026-02-20 17:36:41.888288 (2536827) main____ INFO      tool      : JasperGold 2021.03
2026-02-20 17:36:41.888297 (2536827) main____ INFO      version   : 2021.03 FCS 64 bits
2026-02-20 17:36:41.888302 (2536827) main____ INFO      build date: 2021.03.23 02:50:43 UTC
2026-02-20 17:36:41.888306 (2536827) main____ INFO    ----------------------------------------
2026-02-20 17:36:41.888310 (2536827) main____ INFO    Runtime info:
2026-02-20 17:36:41.888314 (2536827) main____ INFO      platform  : Linux 5.14.0-570.84.1.el9_6.x86_64 x86_64
2026-02-20 17:36:41.888320 (2536827) main____ INFO      hostname  : della-i13n22
2026-02-20 17:36:41.888324 (2536827) main____ INFO      pid       : 2536827
2026-02-20 17:36:41.888328 (2536827) main____ INFO      arguments : '-style' 'windows' '-batch' '-proj' 'verification_results/00287/jgproject' '-tcl' './jasper_verif_check.tcl'
2026-02-20 17:36:41.888336 (2536827) main____ INFO      locale    : UTF-8
2026-02-20 17:36:41.888340 (2536827) main____ INFO    ----------------------------------------
2026-02-20 17:36:41.888344 (2536827) main____ INFO    System resource limits info:
2026-02-20 17:36:41.888349 (2536827) main____ INFO      virtual memory: unlimited
2026-02-20 17:36:41.888353 (2536827) main____ INFO      cpu time      : unlimited
2026-02-20 17:36:41.888357 (2536827) main____ INFO      stack size    : unlimited
2026-02-20 17:36:41.888361 (2536827) main____ INFO      core file size: unlimited
2026-02-20 17:36:41.888368 (2536827) main____ INFO      open files    : 131072
2026-02-20 17:36:41.888372 (2536827) main____ INFO      file size     : unlimited
2026-02-20 17:36:41.888376 (2536827) main____ INFO    ----------------------------------------
2026-02-20 17:36:41.888380 (2536827) main____ INFO    Memory statistics:
2026-02-20 17:36:41.888393 (2536827) main____ INFO      total physical memory  : 394157548 kB
2026-02-20 17:36:41.888397 (2536827) main____ INFO      free physical memory   : 191972800 kB
2026-02-20 17:36:41.888400 (2536827) main____ INFO      committed address space: 166667112 kB
2026-02-20 17:36:41.888404 (2536827) main____ INFO    ----------------------------------------
2026-02-20 17:36:41.889285 (2536827) main____ INFO    Important environment variables:
2026-02-20 17:36:41.889305 (2536827) main____ INFO      JASPER_HOME       : '/usr/licensed/cadence-20210126/jasper_2021.03'
2026-02-20 17:36:41.889311 (2536827) main____ INFO      JASPER_INSTALL_DIR: '/scratch/gpfs/LICENSED/x86_64/cadence-20210126/jasper_2021.03'
2026-02-20 17:36:41.889316 (2536827) main____ INFO      LANG              : 'en_US.UTF-8'
2026-02-20 17:36:41.889321 (2536827) main____ INFO      LM_LICENSE_FILE   : '5280@license.rc.princeton.edu'
2026-02-20 17:36:41.889326 (2536827) main____ INFO      TMPDIR            : '/tmp'
2026-02-20 17:36:41.889330 (2536827) main____ INFO    ----------------------------------------
2026-02-20 17:36:41.889895 (2536827) lic_core INFO    Initializing license system ...
2026-02-20 17:36:41.890449 (2536827) lic_core INFO    ... license system initialized.
2026-02-20 17:36:41.891288 (2536827) lic__man INFO    Claim 'fpv' for <ui>.
2026-02-20 17:36:41.891339 (2536827) lic_core INFO    (1) checking out 'jasper_fpv' ...
2026-02-20 17:36:41.897691 (2536827) lic_core INFO    ... (1) checkout failed (error: -5) ("FLEXnet ERROR(-5, 0, 0): No such feature exists.")
2026-02-20 17:36:41.897760 (2536827) lic_core INFO    (2) checking out 'jasper_fao' ...
2026-02-20 17:36:41.908544 (2536827) lic_core INFO    ... (2) checkout succeeded
2026-02-20 17:36:41.923322 (2536827) session_ INFO    Starting analysis session with session id 'session_0' (launcher: <local>) ...
2026-02-20 17:36:41.926562 (2536827) session_ INFO    Analysis session with session id 'session_0' started (pid: 2536835)
2026-02-20 17:36:42.684781 (2536827) session_ INFO    Analysis session 'session_0' connected to the console (host: 127.0.0.1:42724)
2026-02-20 17:36:43.533695 (2536827) lic__man INFO    Unclaim everything for 'session_0'.
2026-02-20 17:36:43.581222 (2536827) lic__man INFO    Claim 'fpv' for 'session_0'.
2026-02-20 17:36:43.581278 (2536827) lic__man INFO    Claim 'fpv' for 'session_0/prove-0'.
2026-02-20 17:36:43.735636 (2536827) lic__man INFO    Unclaim everything for 'session_0/prove-0'.
2026-02-20 17:36:43.795515 (2536827) main____ INFO    About to exit: request to exit with status 0 received from analysis session 'session_0'
2026-02-20 17:36:43.893128 (2536827) session_ INFO    Analysis session 'session_0' disconnected.
2026-02-20 17:36:43.893282 (2536827) lic__man INFO    Unclaim everything for 'session_0'.
2026-02-20 17:36:43.893917 (2536827) session_ INFO    Process for analysis session 'session_0' has exited with exit status '0'.
2026-02-20 17:36:45.904696 (2536827) lic_core INFO    (2) checkin jasper_fao
2026-02-20 17:36:45.906259 (2536827) main____ INFO    Exiting with status 0.
