2026-02-23 12:25:01.563711 (2687464) main____ INFO    ----------------------------------------
2026-02-23 12:25:01.563787 (2687464) main____ INFO    JasperGold version info
2026-02-23 12:25:01.563802 (2687464) main____ INFO      tool      : JasperGold 2021.03
2026-02-23 12:25:01.563811 (2687464) main____ INFO      version   : 2021.03 FCS 64 bits
2026-02-23 12:25:01.563816 (2687464) main____ INFO      build date: 2021.03.23 02:50:43 UTC
2026-02-23 12:25:01.563821 (2687464) main____ INFO    ----------------------------------------
2026-02-23 12:25:01.563826 (2687464) main____ INFO    Runtime info:
2026-02-23 12:25:01.563831 (2687464) main____ INFO      platform  : Linux 5.14.0-570.84.1.el9_6.x86_64 x86_64
2026-02-23 12:25:01.563838 (2687464) main____ INFO      hostname  : della-h16n5
2026-02-23 12:25:01.563843 (2687464) main____ INFO      pid       : 2687464
2026-02-23 12:25:01.563848 (2687464) main____ INFO      arguments : '-style' 'windows' '-batch' '-proj' './verification_results/00126/jgproject' '-tcl' './jasper_verif_check.tcl'
2026-02-23 12:25:01.563856 (2687464) main____ INFO      locale    : UTF-8
2026-02-23 12:25:01.563861 (2687464) main____ INFO    ----------------------------------------
2026-02-23 12:25:01.563866 (2687464) main____ INFO    System resource limits info:
2026-02-23 12:25:01.563871 (2687464) main____ INFO      virtual memory: unlimited
2026-02-23 12:25:01.563876 (2687464) main____ INFO      cpu time      : unlimited
2026-02-23 12:25:01.563881 (2687464) main____ INFO      stack size    : unlimited
2026-02-23 12:25:01.563886 (2687464) main____ INFO      core file size: unlimited
2026-02-23 12:25:01.563892 (2687464) main____ INFO      open files    : 131072
2026-02-23 12:25:01.563897 (2687464) main____ INFO      file size     : unlimited
2026-02-23 12:25:01.563902 (2687464) main____ INFO    ----------------------------------------
2026-02-23 12:25:01.563907 (2687464) main____ INFO    Memory statistics:
2026-02-23 12:25:01.563912 (2687464) main____ INFO      total physical memory  : 1584164364 kB
2026-02-23 12:25:01.563916 (2687464) main____ INFO      free physical memory   : 851414896 kB
2026-02-23 12:25:01.563921 (2687464) main____ INFO      committed address space: 449572256 kB
2026-02-23 12:25:01.563926 (2687464) main____ INFO    ----------------------------------------
2026-02-23 12:25:01.564435 (2687464) main____ INFO    Important environment variables:
2026-02-23 12:25:01.564447 (2687464) main____ INFO      JASPER_HOME       : '/usr/licensed/cadence-20210126/jasper_2021.03'
2026-02-23 12:25:01.564454 (2687464) main____ INFO      JASPER_INSTALL_DIR: '/scratch/gpfs/LICENSED/x86_64/cadence-20210126/jasper_2021.03'
2026-02-23 12:25:01.564459 (2687464) main____ INFO      LANG              : 'en_US.UTF-8'
2026-02-23 12:25:01.564465 (2687464) main____ INFO      LM_LICENSE_FILE   : '5280@license.rc.princeton.edu'
2026-02-23 12:25:01.564470 (2687464) main____ INFO      TMPDIR            : '/tmp/ab2113/jg_5016487_5'
2026-02-23 12:25:01.564475 (2687464) main____ INFO    ----------------------------------------
2026-02-23 12:25:01.564919 (2687464) lic_core INFO    Initializing license system ...
2026-02-23 12:25:01.565426 (2687464) lic_core INFO    ... license system initialized.
2026-02-23 12:25:01.566153 (2687464) lic__man INFO    Claim 'fpv' for <ui>.
2026-02-23 12:25:01.566185 (2687464) lic_core INFO    (1) checking out 'jasper_fpv' ...
2026-02-23 12:25:01.572515 (2687464) lic_core INFO    ... (1) checkout failed (error: -5) ("FLEXnet ERROR(-5, 0, 0): No such feature exists.")
2026-02-23 12:25:01.572541 (2687464) lic_core INFO    (2) checking out 'jasper_fao' ...
2026-02-23 12:25:01.581815 (2687464) lic_core INFO    ... (2) checkout succeeded
2026-02-23 12:25:01.592648 (2687464) session_ INFO    Starting analysis session with session id 'session_0' (launcher: <local>) ...
2026-02-23 12:25:01.595168 (2687464) session_ INFO    Analysis session with session id 'session_0' started (pid: 2687472)
2026-02-23 12:25:02.167360 (2687464) session_ INFO    Analysis session 'session_0' connected to the console (host: 127.0.0.1:57912)
2026-02-23 12:25:03.018131 (2687464) main____ INFO    About to exit: request to exit with status 1 received from analysis session 'session_0'
2026-02-23 12:25:03.064257 (2687464) session_ INFO    Analysis session 'session_0' disconnected.
2026-02-23 12:25:03.064370 (2687464) lic__man INFO    Unclaim everything for 'session_0'.
2026-02-23 12:25:03.065265 (2687464) session_ INFO    Process for analysis session 'session_0' has exited with exit status '1'.
2026-02-23 12:25:05.123526 (2687464) lic_core INFO    (2) checkin jasper_fao
2026-02-23 12:25:05.124928 (2687464) main____ INFO    Exiting with status 1.
