2026-02-23 13:48:00.200424 (936707) main____ INFO    ----------------------------------------
2026-02-23 13:48:00.200517 (936707) main____ INFO    JasperGold version info
2026-02-23 13:48:00.200533 (936707) main____ INFO      tool      : JasperGold 2021.03
2026-02-23 13:48:00.200541 (936707) main____ INFO      version   : 2021.03 FCS 64 bits
2026-02-23 13:48:00.200546 (936707) main____ INFO      build date: 2021.03.23 02:50:43 UTC
2026-02-23 13:48:00.200550 (936707) main____ INFO    ----------------------------------------
2026-02-23 13:48:00.200553 (936707) main____ INFO    Runtime info:
2026-02-23 13:48:00.200557 (936707) main____ INFO      platform  : Linux 5.14.0-570.84.1.el9_6.x86_64 x86_64
2026-02-23 13:48:00.200563 (936707) main____ INFO      hostname  : della-i13n12
2026-02-23 13:48:00.200567 (936707) main____ INFO      pid       : 936707
2026-02-23 13:48:00.200571 (936707) main____ INFO      arguments : '-style' 'windows' '-batch' '-proj' './verification_results/02873/jgproject' '-tcl' './jasper_verif_check.tcl'
2026-02-23 13:48:00.200579 (936707) main____ INFO      locale    : UTF-8
2026-02-23 13:48:00.200583 (936707) main____ INFO    ----------------------------------------
2026-02-23 13:48:00.200586 (936707) main____ INFO    System resource limits info:
2026-02-23 13:48:00.200590 (936707) main____ INFO      virtual memory: unlimited
2026-02-23 13:48:00.200594 (936707) main____ INFO      cpu time      : unlimited
2026-02-23 13:48:00.200598 (936707) main____ INFO      stack size    : unlimited
2026-02-23 13:48:00.200602 (936707) main____ INFO      core file size: unlimited
2026-02-23 13:48:00.200608 (936707) main____ INFO      open files    : 131072
2026-02-23 13:48:00.200612 (936707) main____ INFO      file size     : unlimited
2026-02-23 13:48:00.200616 (936707) main____ INFO    ----------------------------------------
2026-02-23 13:48:00.200619 (936707) main____ INFO    Memory statistics:
2026-02-23 13:48:00.200624 (936707) main____ INFO      total physical memory  : 394157548 kB
2026-02-23 13:48:00.200627 (936707) main____ INFO      free physical memory   : 227784804 kB
2026-02-23 13:48:00.200631 (936707) main____ INFO      committed address space: 109416744 kB
2026-02-23 13:48:00.200635 (936707) main____ INFO    ----------------------------------------
2026-02-23 13:48:00.201516 (936707) main____ INFO    Important environment variables:
2026-02-23 13:48:00.201534 (936707) main____ INFO      JASPER_HOME       : '/usr/licensed/cadence-20210126/jasper_2021.03'
2026-02-23 13:48:00.201539 (936707) main____ INFO      JASPER_INSTALL_DIR: '/scratch/gpfs/LICENSED/x86_64/cadence-20210126/jasper_2021.03'
2026-02-23 13:48:00.201544 (936707) main____ INFO      LANG              : 'en_US.UTF-8'
2026-02-23 13:48:00.201548 (936707) main____ INFO      LM_LICENSE_FILE   : '5280@license.rc.princeton.edu'
2026-02-23 13:48:00.201553 (936707) main____ INFO      TMPDIR            : '/tmp/ab2113/jg_5018960_50'
2026-02-23 13:48:00.201557 (936707) main____ INFO    ----------------------------------------
2026-02-23 13:48:00.201969 (936707) lic_core INFO    Initializing license system ...
2026-02-23 13:48:00.202725 (936707) lic_core INFO    ... license system initialized.
2026-02-23 13:48:00.203404 (936707) lic__man INFO    Claim 'fpv' for <ui>.
2026-02-23 13:48:00.203439 (936707) lic_core INFO    (1) checking out 'jasper_fpv' ...
2026-02-23 13:48:00.209252 (936707) lic_core INFO    ... (1) checkout failed (error: -5) ("FLEXnet ERROR(-5, 0, 0): No such feature exists.")
2026-02-23 13:48:00.209290 (936707) lic_core INFO    (2) checking out 'jasper_fao' ...
2026-02-23 13:48:00.219141 (936707) lic_core INFO    ... (2) checkout succeeded
2026-02-23 13:48:00.232255 (936707) session_ INFO    Starting analysis session with session id 'session_0' (launcher: <local>) ...
2026-02-23 13:48:00.234847 (936707) session_ INFO    Analysis session with session id 'session_0' started (pid: 936715)
2026-02-23 13:48:00.849438 (936707) session_ INFO    Analysis session 'session_0' connected to the console (host: 127.0.0.1:53902)
2026-02-23 13:48:01.755173 (936707) main____ INFO    About to exit: request to exit with status 1 received from analysis session 'session_0'
2026-02-23 13:48:01.821261 (936707) session_ INFO    Analysis session 'session_0' disconnected.
2026-02-23 13:48:01.821381 (936707) lic__man INFO    Unclaim everything for 'session_0'.
2026-02-23 13:48:01.821898 (936707) session_ INFO    Process for analysis session 'session_0' has exited with exit status '1'.
2026-02-23 13:48:03.862369 (936707) lic_core INFO    (2) checkin jasper_fao
2026-02-23 13:48:03.863833 (936707) main____ INFO    Exiting with status 1.
