2026-02-23 13:41:32.305985 (1138893) main____ INFO    ----------------------------------------
2026-02-23 13:41:32.306095 (1138893) main____ INFO    JasperGold version info
2026-02-23 13:41:32.306114 (1138893) main____ INFO      tool      : JasperGold 2021.03
2026-02-23 13:41:32.306123 (1138893) main____ INFO      version   : 2021.03 FCS 64 bits
2026-02-23 13:41:32.306137 (1138893) main____ INFO      build date: 2021.03.23 02:50:43 UTC
2026-02-23 13:41:32.306141 (1138893) main____ INFO    ----------------------------------------
2026-02-23 13:41:32.306145 (1138893) main____ INFO    Runtime info:
2026-02-23 13:41:32.306149 (1138893) main____ INFO      platform  : Linux 5.14.0-570.84.1.el9_6.x86_64 x86_64
2026-02-23 13:41:32.306155 (1138893) main____ INFO      hostname  : della-i13n20
2026-02-23 13:41:32.306159 (1138893) main____ INFO      pid       : 1138893
2026-02-23 13:41:32.306163 (1138893) main____ INFO      arguments : '-style' 'windows' '-batch' '-proj' './verification_results/01435/jgproject' '-tcl' './jasper_verif_check.tcl'
2026-02-23 13:41:32.306172 (1138893) main____ INFO      locale    : UTF-8
2026-02-23 13:41:32.306176 (1138893) main____ INFO    ----------------------------------------
2026-02-23 13:41:32.306180 (1138893) main____ INFO    System resource limits info:
2026-02-23 13:41:32.306183 (1138893) main____ INFO      virtual memory: unlimited
2026-02-23 13:41:32.306187 (1138893) main____ INFO      cpu time      : unlimited
2026-02-23 13:41:32.306191 (1138893) main____ INFO      stack size    : unlimited
2026-02-23 13:41:32.306195 (1138893) main____ INFO      core file size: unlimited
2026-02-23 13:41:32.306202 (1138893) main____ INFO      open files    : 131072
2026-02-23 13:41:32.306206 (1138893) main____ INFO      file size     : unlimited
2026-02-23 13:41:32.306210 (1138893) main____ INFO    ----------------------------------------
2026-02-23 13:41:32.306214 (1138893) main____ INFO    Memory statistics:
2026-02-23 13:41:32.306218 (1138893) main____ INFO      total physical memory  : 394157552 kB
2026-02-23 13:41:32.306221 (1138893) main____ INFO      free physical memory   : 168775904 kB
2026-02-23 13:41:32.306225 (1138893) main____ INFO      committed address space: 145487748 kB
2026-02-23 13:41:32.306229 (1138893) main____ INFO    ----------------------------------------
2026-02-23 13:41:32.307143 (1138893) main____ INFO    Important environment variables:
2026-02-23 13:41:32.307163 (1138893) main____ INFO      JASPER_HOME       : '/usr/licensed/cadence-20210126/jasper_2021.03'
2026-02-23 13:41:32.307169 (1138893) main____ INFO      JASPER_INSTALL_DIR: '/scratch/gpfs/LICENSED/x86_64/cadence-20210126/jasper_2021.03'
2026-02-23 13:41:32.307175 (1138893) main____ INFO      LANG              : 'en_US.UTF-8'
2026-02-23 13:41:32.307179 (1138893) main____ INFO      LM_LICENSE_FILE   : '5280@license.rc.princeton.edu'
2026-02-23 13:41:32.307184 (1138893) main____ INFO      TMPDIR            : '/tmp/ab2113/jg_5018835_21'
2026-02-23 13:41:32.307187 (1138893) main____ INFO    ----------------------------------------
2026-02-23 13:41:32.307692 (1138893) lic_core INFO    Initializing license system ...
2026-02-23 13:41:32.308175 (1138893) lic_core INFO    ... license system initialized.
2026-02-23 13:41:32.308911 (1138893) lic__man INFO    Claim 'fpv' for <ui>.
2026-02-23 13:41:32.308952 (1138893) lic_core INFO    (1) checking out 'jasper_fpv' ...
2026-02-23 13:41:32.315114 (1138893) lic_core INFO    ... (1) checkout failed (error: -5) ("FLEXnet ERROR(-5, 0, 0): No such feature exists.")
2026-02-23 13:41:32.315180 (1138893) lic_core INFO    (2) checking out 'jasper_fao' ...
2026-02-23 13:41:32.325282 (1138893) lic_core INFO    ... (2) checkout succeeded
2026-02-23 13:41:32.339166 (1138893) session_ INFO    Starting analysis session with session id 'session_0' (launcher: <local>) ...
2026-02-23 13:41:32.342504 (1138893) session_ INFO    Analysis session with session id 'session_0' started (pid: 1138901)
2026-02-23 13:41:33.065666 (1138893) session_ INFO    Analysis session 'session_0' connected to the console (host: 127.0.0.1:45824)
2026-02-23 13:41:33.636232 (1138893) main____ INFO    About to exit: request to exit with status 1 received from analysis session 'session_0'
2026-02-23 13:41:33.721747 (1138893) session_ INFO    Analysis session 'session_0' disconnected.
2026-02-23 13:41:33.721880 (1138893) lic__man INFO    Unclaim everything for 'session_0'.
2026-02-23 13:41:33.722489 (1138893) session_ INFO    Process for analysis session 'session_0' has exited with exit status '1'.
2026-02-23 13:41:35.546607 (1138893) lic_core INFO    (2) checkin jasper_fao
2026-02-23 13:41:35.548318 (1138893) main____ INFO    Exiting with status 1.
