2026-02-23 13:41:16.928144 (1471583) main____ INFO    ----------------------------------------
2026-02-23 13:41:16.928216 (1471583) main____ INFO    JasperGold version info
2026-02-23 13:41:16.928235 (1471583) main____ INFO      tool      : JasperGold 2021.03
2026-02-23 13:41:16.928245 (1471583) main____ INFO      version   : 2021.03 FCS 64 bits
2026-02-23 13:41:16.928253 (1471583) main____ INFO      build date: 2021.03.23 02:50:43 UTC
2026-02-23 13:41:16.928258 (1471583) main____ INFO    ----------------------------------------
2026-02-23 13:41:16.928263 (1471583) main____ INFO    Runtime info:
2026-02-23 13:41:16.928269 (1471583) main____ INFO      platform  : Linux 5.14.0-570.84.1.el9_6.x86_64 x86_64
2026-02-23 13:41:16.928277 (1471583) main____ INFO      hostname  : della-h14n5
2026-02-23 13:41:16.928283 (1471583) main____ INFO      pid       : 1471583
2026-02-23 13:41:16.928289 (1471583) main____ INFO      arguments : '-style' 'windows' '-batch' '-proj' './verification_results/01010/jgproject' '-tcl' './jasper_verif_check.tcl'
2026-02-23 13:41:16.928297 (1471583) main____ INFO      locale    : UTF-8
2026-02-23 13:41:16.928302 (1471583) main____ INFO    ----------------------------------------
2026-02-23 13:41:16.928307 (1471583) main____ INFO    System resource limits info:
2026-02-23 13:41:16.928312 (1471583) main____ INFO      virtual memory: unlimited
2026-02-23 13:41:16.928318 (1471583) main____ INFO      cpu time      : unlimited
2026-02-23 13:41:16.928323 (1471583) main____ INFO      stack size    : unlimited
2026-02-23 13:41:16.928328 (1471583) main____ INFO      core file size: unlimited
2026-02-23 13:41:16.928336 (1471583) main____ INFO      open files    : 131072
2026-02-23 13:41:16.928342 (1471583) main____ INFO      file size     : unlimited
2026-02-23 13:41:16.928347 (1471583) main____ INFO    ----------------------------------------
2026-02-23 13:41:16.928352 (1471583) main____ INFO    Memory statistics:
2026-02-23 13:41:16.928359 (1471583) main____ INFO      total physical memory  : 1584164368 kB
2026-02-23 13:41:16.928365 (1471583) main____ INFO      free physical memory   : 701192988 kB
2026-02-23 13:41:16.928371 (1471583) main____ INFO      committed address space: 538800424 kB
2026-02-23 13:41:16.928376 (1471583) main____ INFO    ----------------------------------------
2026-02-23 13:41:16.928896 (1471583) main____ INFO    Important environment variables:
2026-02-23 13:41:16.928911 (1471583) main____ INFO      JASPER_HOME       : '/usr/licensed/cadence-20210126/jasper_2021.03'
2026-02-23 13:41:16.928919 (1471583) main____ INFO      JASPER_INSTALL_DIR: '/scratch/gpfs/LICENSED/x86_64/cadence-20210126/jasper_2021.03'
2026-02-23 13:41:16.928924 (1471583) main____ INFO      LANG              : 'en_US.UTF-8'
2026-02-23 13:41:16.928930 (1471583) main____ INFO      LM_LICENSE_FILE   : '5280@license.rc.princeton.edu'
2026-02-23 13:41:16.928935 (1471583) main____ INFO      TMPDIR            : '/tmp/ab2113/jg_5018806_12'
2026-02-23 13:41:16.928942 (1471583) main____ INFO    ----------------------------------------
2026-02-23 13:41:16.929330 (1471583) lic_core INFO    Initializing license system ...
2026-02-23 13:41:16.929877 (1471583) lic_core INFO    ... license system initialized.
2026-02-23 13:41:16.930612 (1471583) lic__man INFO    Claim 'fpv' for <ui>.
2026-02-23 13:41:16.930643 (1471583) lic_core INFO    (1) checking out 'jasper_fpv' ...
2026-02-23 13:41:16.936492 (1471583) lic_core INFO    ... (1) checkout failed (error: -5) ("FLEXnet ERROR(-5, 0, 0): No such feature exists.")
2026-02-23 13:41:16.936521 (1471583) lic_core INFO    (2) checking out 'jasper_fao' ...
2026-02-23 13:41:16.945612 (1471583) lic_core INFO    ... (2) checkout succeeded
2026-02-23 13:41:16.956838 (1471583) session_ INFO    Starting analysis session with session id 'session_0' (launcher: <local>) ...
2026-02-23 13:41:16.960098 (1471583) session_ INFO    Analysis session with session id 'session_0' started (pid: 1471737)
2026-02-23 13:41:17.531510 (1471583) session_ INFO    Analysis session 'session_0' connected to the console (host: 127.0.0.1:58330)
2026-02-23 13:41:18.062504 (1471583) main____ INFO    About to exit: request to exit with status 1 received from analysis session 'session_0'
2026-02-23 13:41:18.118785 (1471583) session_ INFO    Analysis session 'session_0' disconnected.
2026-02-23 13:41:18.118929 (1471583) lic__man INFO    Unclaim everything for 'session_0'.
2026-02-23 13:41:18.119859 (1471583) session_ INFO    Process for analysis session 'session_0' has exited with exit status '1'.
2026-02-23 13:41:20.086816 (1471583) lic_core INFO    (2) checkin jasper_fao
2026-02-23 13:41:20.088157 (1471583) main____ INFO    Exiting with status 1.
