2026-02-23 13:51:02.767968 (147858) main____ INFO    ----------------------------------------
2026-02-23 13:51:02.768051 (147858) main____ INFO    JasperGold version info
2026-02-23 13:51:02.768069 (147858) main____ INFO      tool      : JasperGold 2021.03
2026-02-23 13:51:02.768079 (147858) main____ INFO      version   : 2021.03 FCS 64 bits
2026-02-23 13:51:02.768085 (147858) main____ INFO      build date: 2021.03.23 02:50:43 UTC
2026-02-23 13:51:02.768091 (147858) main____ INFO    ----------------------------------------
2026-02-23 13:51:02.768097 (147858) main____ INFO    Runtime info:
2026-02-23 13:51:02.768103 (147858) main____ INFO      platform  : Linux 5.14.0-570.84.1.el9_6.x86_64 x86_64
2026-02-23 13:51:02.768110 (147858) main____ INFO      hostname  : della-h14n2
2026-02-23 13:51:02.768115 (147858) main____ INFO      pid       : 147858
2026-02-23 13:51:02.768121 (147858) main____ INFO      arguments : '-style' 'windows' '-batch' '-proj' './verification_results/03241/jgproject' '-tcl' './jasper_verif_check.tcl'
2026-02-23 13:51:02.768129 (147858) main____ INFO      locale    : UTF-8
2026-02-23 13:51:02.768134 (147858) main____ INFO    ----------------------------------------
2026-02-23 13:51:02.768139 (147858) main____ INFO    System resource limits info:
2026-02-23 13:51:02.768144 (147858) main____ INFO      virtual memory: unlimited
2026-02-23 13:51:02.768150 (147858) main____ INFO      cpu time      : unlimited
2026-02-23 13:51:02.768155 (147858) main____ INFO      stack size    : unlimited
2026-02-23 13:51:02.768160 (147858) main____ INFO      core file size: unlimited
2026-02-23 13:51:02.768168 (147858) main____ INFO      open files    : 131072
2026-02-23 13:51:02.768174 (147858) main____ INFO      file size     : unlimited
2026-02-23 13:51:02.768180 (147858) main____ INFO    ----------------------------------------
2026-02-23 13:51:02.768184 (147858) main____ INFO    Memory statistics:
2026-02-23 13:51:02.768190 (147858) main____ INFO      total physical memory  : 1584164328 kB
2026-02-23 13:51:02.768196 (147858) main____ INFO      free physical memory   : 737247296 kB
2026-02-23 13:51:02.768201 (147858) main____ INFO      committed address space: 687191396 kB
2026-02-23 13:51:02.768205 (147858) main____ INFO    ----------------------------------------
2026-02-23 13:51:02.768742 (147858) main____ INFO    Important environment variables:
2026-02-23 13:51:02.768757 (147858) main____ INFO      JASPER_HOME       : '/usr/licensed/cadence-20210126/jasper_2021.03'
2026-02-23 13:51:02.768764 (147858) main____ INFO      JASPER_INSTALL_DIR: '/scratch/gpfs/LICENSED/x86_64/cadence-20210126/jasper_2021.03'
2026-02-23 13:51:02.768770 (147858) main____ INFO      LANG              : 'en_US.UTF-8'
2026-02-23 13:51:02.768776 (147858) main____ INFO      LM_LICENSE_FILE   : '5280@license.rc.princeton.edu'
2026-02-23 13:51:02.768782 (147858) main____ INFO      TMPDIR            : '/tmp/ab2113/jg_5018997_57'
2026-02-23 13:51:02.768787 (147858) main____ INFO    ----------------------------------------
2026-02-23 13:51:02.769311 (147858) lic_core INFO    Initializing license system ...
2026-02-23 13:51:02.769906 (147858) lic_core INFO    ... license system initialized.
2026-02-23 13:51:02.770671 (147858) lic__man INFO    Claim 'fpv' for <ui>.
2026-02-23 13:51:02.770707 (147858) lic_core INFO    (1) checking out 'jasper_fpv' ...
2026-02-23 13:51:02.776138 (147858) lic_core INFO    ... (1) checkout failed (error: -5) ("FLEXnet ERROR(-5, 0, 0): No such feature exists.")
2026-02-23 13:51:02.776203 (147858) lic_core INFO    (2) checking out 'jasper_fao' ...
2026-02-23 13:51:02.786054 (147858) lic_core INFO    ... (2) checkout succeeded
2026-02-23 13:51:02.798887 (147858) session_ INFO    Starting analysis session with session id 'session_0' (launcher: <local>) ...
2026-02-23 13:51:02.801928 (147858) session_ INFO    Analysis session with session id 'session_0' started (pid: 147866)
2026-02-23 13:51:03.502682 (147858) session_ INFO    Analysis session 'session_0' connected to the console (host: 127.0.0.1:33298)
2026-02-23 13:51:04.353896 (147858) main____ INFO    About to exit: request to exit with status 1 received from analysis session 'session_0'
2026-02-23 13:51:04.411528 (147858) session_ INFO    Analysis session 'session_0' disconnected.
2026-02-23 13:51:04.411655 (147858) lic__man INFO    Unclaim everything for 'session_0'.
2026-02-23 13:51:04.412330 (147858) session_ INFO    Process for analysis session 'session_0' has exited with exit status '1'.
2026-02-23 13:51:06.463235 (147858) lic_core INFO    (2) checkin jasper_fao
2026-02-23 13:51:06.464960 (147858) main____ INFO    Exiting with status 1.
