2026-02-20 17:35:21.348277 (2534453) main____ INFO    ----------------------------------------
2026-02-20 17:35:21.348391 (2534453) main____ INFO    JasperGold version info
2026-02-20 17:35:21.348411 (2534453) main____ INFO      tool      : JasperGold 2021.03
2026-02-20 17:35:21.348420 (2534453) main____ INFO      version   : 2021.03 FCS 64 bits
2026-02-20 17:35:21.348425 (2534453) main____ INFO      build date: 2021.03.23 02:50:43 UTC
2026-02-20 17:35:21.348430 (2534453) main____ INFO    ----------------------------------------
2026-02-20 17:35:21.348434 (2534453) main____ INFO    Runtime info:
2026-02-20 17:35:21.348438 (2534453) main____ INFO      platform  : Linux 5.14.0-570.84.1.el9_6.x86_64 x86_64
2026-02-20 17:35:21.348444 (2534453) main____ INFO      hostname  : della-i13n22
2026-02-20 17:35:21.348449 (2534453) main____ INFO      pid       : 2534453
2026-02-20 17:35:21.348453 (2534453) main____ INFO      arguments : '-style' 'windows' '-batch' '-proj' 'verification_results/00268/jgproject' '-tcl' './jasper_verif_check.tcl'
2026-02-20 17:35:21.348461 (2534453) main____ INFO      locale    : UTF-8
2026-02-20 17:35:21.348464 (2534453) main____ INFO    ----------------------------------------
2026-02-20 17:35:21.348468 (2534453) main____ INFO    System resource limits info:
2026-02-20 17:35:21.348472 (2534453) main____ INFO      virtual memory: unlimited
2026-02-20 17:35:21.348476 (2534453) main____ INFO      cpu time      : unlimited
2026-02-20 17:35:21.348480 (2534453) main____ INFO      stack size    : unlimited
2026-02-20 17:35:21.348484 (2534453) main____ INFO      core file size: unlimited
2026-02-20 17:35:21.348491 (2534453) main____ INFO      open files    : 131072
2026-02-20 17:35:21.348495 (2534453) main____ INFO      file size     : unlimited
2026-02-20 17:35:21.348498 (2534453) main____ INFO    ----------------------------------------
2026-02-20 17:35:21.348502 (2534453) main____ INFO    Memory statistics:
2026-02-20 17:35:21.348506 (2534453) main____ INFO      total physical memory  : 394157548 kB
2026-02-20 17:35:21.348510 (2534453) main____ INFO      free physical memory   : 193538572 kB
2026-02-20 17:35:21.348513 (2534453) main____ INFO      committed address space: 165613828 kB
2026-02-20 17:35:21.348517 (2534453) main____ INFO    ----------------------------------------
2026-02-20 17:35:21.349389 (2534453) main____ INFO    Important environment variables:
2026-02-20 17:35:21.349407 (2534453) main____ INFO      JASPER_HOME       : '/usr/licensed/cadence-20210126/jasper_2021.03'
2026-02-20 17:35:21.349413 (2534453) main____ INFO      JASPER_INSTALL_DIR: '/scratch/gpfs/LICENSED/x86_64/cadence-20210126/jasper_2021.03'
2026-02-20 17:35:21.349419 (2534453) main____ INFO      LANG              : 'en_US.UTF-8'
2026-02-20 17:35:21.349423 (2534453) main____ INFO      LM_LICENSE_FILE   : '5280@license.rc.princeton.edu'
2026-02-20 17:35:21.349428 (2534453) main____ INFO      TMPDIR            : '/tmp'
2026-02-20 17:35:21.349432 (2534453) main____ INFO    ----------------------------------------
2026-02-20 17:35:21.350376 (2534453) lic_core INFO    Initializing license system ...
2026-02-20 17:35:21.351300 (2534453) lic_core INFO    ... license system initialized.
2026-02-20 17:35:21.352108 (2534453) lic__man INFO    Claim 'fpv' for <ui>.
2026-02-20 17:35:21.352153 (2534453) lic_core INFO    (1) checking out 'jasper_fpv' ...
2026-02-20 17:35:21.362255 (2534453) lic_core INFO    ... (1) checkout failed (error: -5) ("FLEXnet ERROR(-5, 0, 0): No such feature exists.")
2026-02-20 17:35:21.362322 (2534453) lic_core INFO    (2) checking out 'jasper_fao' ...
2026-02-20 17:35:21.372703 (2534453) lic_core INFO    ... (2) checkout succeeded
2026-02-20 17:35:21.386722 (2534453) session_ INFO    Starting analysis session with session id 'session_0' (launcher: <local>) ...
2026-02-20 17:35:21.389716 (2534453) session_ INFO    Analysis session with session id 'session_0' started (pid: 2534461)
2026-02-20 17:35:22.146750 (2534453) session_ INFO    Analysis session 'session_0' connected to the console (host: 127.0.0.1:35958)
2026-02-20 17:35:22.990879 (2534453) lic__man INFO    Unclaim everything for 'session_0'.
2026-02-20 17:35:23.037398 (2534453) lic__man INFO    Claim 'fpv' for 'session_0'.
2026-02-20 17:35:23.037455 (2534453) lic__man INFO    Claim 'fpv' for 'session_0/prove-0'.
2026-02-20 17:35:23.181669 (2534453) lic__man INFO    Unclaim everything for 'session_0/prove-0'.
2026-02-20 17:35:23.239527 (2534453) main____ INFO    About to exit: request to exit with status 0 received from analysis session 'session_0'
2026-02-20 17:35:23.353203 (2534453) session_ INFO    Analysis session 'session_0' disconnected.
2026-02-20 17:35:23.353352 (2534453) lic__man INFO    Unclaim everything for 'session_0'.
2026-02-20 17:35:23.353986 (2534453) session_ INFO    Process for analysis session 'session_0' has exited with exit status '0'.
2026-02-20 17:35:25.147044 (2534453) lic_core INFO    (2) checkin jasper_fao
2026-02-20 17:35:25.148653 (2534453) main____ INFO    Exiting with status 0.
