2026-02-23 13:47:29.655898 (4164859) main____ INFO    ----------------------------------------
2026-02-23 13:47:29.655983 (4164859) main____ INFO    JasperGold version info
2026-02-23 13:47:29.655997 (4164859) main____ INFO      tool      : JasperGold 2021.03
2026-02-23 13:47:29.656006 (4164859) main____ INFO      version   : 2021.03 FCS 64 bits
2026-02-23 13:47:29.656012 (4164859) main____ INFO      build date: 2021.03.23 02:50:43 UTC
2026-02-23 13:47:29.656017 (4164859) main____ INFO    ----------------------------------------
2026-02-23 13:47:29.656022 (4164859) main____ INFO    Runtime info:
2026-02-23 13:47:29.656027 (4164859) main____ INFO      platform  : Linux 5.14.0-570.84.1.el9_6.x86_64 x86_64
2026-02-23 13:47:29.656035 (4164859) main____ INFO      hostname  : della-h14n1
2026-02-23 13:47:29.656040 (4164859) main____ INFO      pid       : 4164859
2026-02-23 13:47:29.656046 (4164859) main____ INFO      arguments : '-style' 'windows' '-batch' '-proj' './verification_results/02536/jgproject' '-tcl' './jasper_verif_check.tcl'
2026-02-23 13:47:29.656054 (4164859) main____ INFO      locale    : UTF-8
2026-02-23 13:47:29.656059 (4164859) main____ INFO    ----------------------------------------
2026-02-23 13:47:29.656064 (4164859) main____ INFO    System resource limits info:
2026-02-23 13:47:29.656070 (4164859) main____ INFO      virtual memory: unlimited
2026-02-23 13:47:29.656075 (4164859) main____ INFO      cpu time      : unlimited
2026-02-23 13:47:29.656081 (4164859) main____ INFO      stack size    : unlimited
2026-02-23 13:47:29.656086 (4164859) main____ INFO      core file size: unlimited
2026-02-23 13:47:29.656095 (4164859) main____ INFO      open files    : 131072
2026-02-23 13:47:29.656100 (4164859) main____ INFO      file size     : unlimited
2026-02-23 13:47:29.656105 (4164859) main____ INFO    ----------------------------------------
2026-02-23 13:47:29.656110 (4164859) main____ INFO    Memory statistics:
2026-02-23 13:47:29.656116 (4164859) main____ INFO      total physical memory  : 1584164324 kB
2026-02-23 13:47:29.656121 (4164859) main____ INFO      free physical memory   : 721973468 kB
2026-02-23 13:47:29.656126 (4164859) main____ INFO      committed address space: 570495040 kB
2026-02-23 13:47:29.656131 (4164859) main____ INFO    ----------------------------------------
2026-02-23 13:47:29.656674 (4164859) main____ INFO    Important environment variables:
2026-02-23 13:47:29.656690 (4164859) main____ INFO      JASPER_HOME       : '/usr/licensed/cadence-20210126/jasper_2021.03'
2026-02-23 13:47:29.656696 (4164859) main____ INFO      JASPER_INSTALL_DIR: '/scratch/gpfs/LICENSED/x86_64/cadence-20210126/jasper_2021.03'
2026-02-23 13:47:29.656702 (4164859) main____ INFO      LANG              : 'en_US.UTF-8'
2026-02-23 13:47:29.656707 (4164859) main____ INFO      LM_LICENSE_FILE   : '5280@license.rc.princeton.edu'
2026-02-23 13:47:29.656713 (4164859) main____ INFO      TMPDIR            : '/tmp/ab2113/jg_5018921_43'
2026-02-23 13:47:29.656718 (4164859) main____ INFO    ----------------------------------------
2026-02-23 13:47:29.657171 (4164859) lic_core INFO    Initializing license system ...
2026-02-23 13:47:29.657762 (4164859) lic_core INFO    ... license system initialized.
2026-02-23 13:47:29.658599 (4164859) lic__man INFO    Claim 'fpv' for <ui>.
2026-02-23 13:47:29.658636 (4164859) lic_core INFO    (1) checking out 'jasper_fpv' ...
2026-02-23 13:47:29.665630 (4164859) lic_core INFO    ... (1) checkout failed (error: -5) ("FLEXnet ERROR(-5, 0, 0): No such feature exists.")
2026-02-23 13:47:29.665671 (4164859) lic_core INFO    (2) checking out 'jasper_fao' ...
2026-02-23 13:47:29.674730 (4164859) lic_core INFO    ... (2) checkout succeeded
2026-02-23 13:47:29.688365 (4164859) session_ INFO    Starting analysis session with session id 'session_0' (launcher: <local>) ...
2026-02-23 13:47:29.692278 (4164859) session_ INFO    Analysis session with session id 'session_0' started (pid: 4164876)
2026-02-23 13:47:30.488961 (4164859) session_ INFO    Analysis session 'session_0' connected to the console (host: 127.0.0.1:54526)
2026-02-23 13:47:31.331190 (4164859) lic__man INFO    Unclaim everything for 'session_0'.
2026-02-23 13:47:31.379036 (4164859) lic__man INFO    Claim 'fpv' for 'session_0'.
2026-02-23 13:47:31.379100 (4164859) lic__man INFO    Claim 'fpv' for 'session_0/prove-0'.
2026-02-23 14:13:21.879838 (4164859) lic__man INFO    Unclaim everything for 'session_0/prove-0'.
2026-02-23 14:13:21.943809 (4164859) main____ INFO    About to exit: request to exit with status 0 received from analysis session 'session_0'
2026-02-23 14:13:22.034436 (4164859) session_ INFO    Analysis session 'session_0' disconnected.
2026-02-23 14:13:22.034627 (4164859) lic__man INFO    Unclaim everything for 'session_0'.
2026-02-23 14:13:22.035319 (4164859) session_ INFO    Process for analysis session 'session_0' has exited with exit status '0'.
2026-02-23 14:13:24.038793 (4164859) lic_core INFO    (2) checkin jasper_fao
2026-02-23 14:13:24.040627 (4164859) main____ INFO    Exiting with status 0.
