2026-02-23 13:57:35.798861 (113660) main____ INFO    ----------------------------------------
2026-02-23 13:57:35.798944 (113660) main____ INFO    JasperGold version info
2026-02-23 13:57:35.798960 (113660) main____ INFO      tool      : JasperGold 2021.03
2026-02-23 13:57:35.798968 (113660) main____ INFO      version   : 2021.03 FCS 64 bits
2026-02-23 13:57:35.798973 (113660) main____ INFO      build date: 2021.03.23 02:50:43 UTC
2026-02-23 13:57:35.798977 (113660) main____ INFO    ----------------------------------------
2026-02-23 13:57:35.798981 (113660) main____ INFO    Runtime info:
2026-02-23 13:57:35.798985 (113660) main____ INFO      platform  : Linux 5.14.0-570.84.1.el9_6.x86_64 x86_64
2026-02-23 13:57:35.798990 (113660) main____ INFO      hostname  : della-i13n16
2026-02-23 13:57:35.798995 (113660) main____ INFO      pid       : 113660
2026-02-23 13:57:35.798999 (113660) main____ INFO      arguments : '-style' 'windows' '-batch' '-proj' './verification_results/00285/jgproject' '-tcl' './jasper_verif_check.tcl'
2026-02-23 13:57:35.799006 (113660) main____ INFO      locale    : UTF-8
2026-02-23 13:57:35.799010 (113660) main____ INFO    ----------------------------------------
2026-02-23 13:57:35.799014 (113660) main____ INFO    System resource limits info:
2026-02-23 13:57:35.799018 (113660) main____ INFO      virtual memory: unlimited
2026-02-23 13:57:35.799022 (113660) main____ INFO      cpu time      : unlimited
2026-02-23 13:57:35.799026 (113660) main____ INFO      stack size    : unlimited
2026-02-23 13:57:35.799030 (113660) main____ INFO      core file size: unlimited
2026-02-23 13:57:35.799036 (113660) main____ INFO      open files    : 131072
2026-02-23 13:57:35.799040 (113660) main____ INFO      file size     : unlimited
2026-02-23 13:57:35.799044 (113660) main____ INFO    ----------------------------------------
2026-02-23 13:57:35.799048 (113660) main____ INFO    Memory statistics:
2026-02-23 13:57:35.799052 (113660) main____ INFO      total physical memory  : 394157548 kB
2026-02-23 13:57:35.799056 (113660) main____ INFO      free physical memory   : 142240048 kB
2026-02-23 13:57:35.799060 (113660) main____ INFO      committed address space: 192586684 kB
2026-02-23 13:57:35.799064 (113660) main____ INFO    ----------------------------------------
2026-02-23 13:57:35.799946 (113660) main____ INFO    Important environment variables:
2026-02-23 13:57:35.799963 (113660) main____ INFO      JASPER_HOME       : '/usr/licensed/cadence-20210126/jasper_2021.03'
2026-02-23 13:57:35.799969 (113660) main____ INFO      JASPER_INSTALL_DIR: '/scratch/gpfs/LICENSED/x86_64/cadence-20210126/jasper_2021.03'
2026-02-23 13:57:35.799974 (113660) main____ INFO      LANG              : 'en_US.UTF-8'
2026-02-23 13:57:35.799979 (113660) main____ INFO      LM_LICENSE_FILE   : '5280@license.rc.princeton.edu'
2026-02-23 13:57:35.799983 (113660) main____ INFO      TMPDIR            : '/tmp/ab2113/jg_5018697_1'
2026-02-23 13:57:35.799987 (113660) main____ INFO    ----------------------------------------
2026-02-23 13:57:35.800856 (113660) lic_core INFO    Initializing license system ...
2026-02-23 13:57:35.801718 (113660) lic_core INFO    ... license system initialized.
2026-02-23 13:57:35.802484 (113660) lic__man INFO    Claim 'fpv' for <ui>.
2026-02-23 13:57:35.802524 (113660) lic_core INFO    (1) checking out 'jasper_fpv' ...
2026-02-23 13:57:35.807937 (113660) lic_core INFO    ... (1) checkout failed (error: -5) ("FLEXnet ERROR(-5, 0, 0): No such feature exists.")
2026-02-23 13:57:35.807982 (113660) lic_core INFO    (2) checking out 'jasper_fao' ...
2026-02-23 13:57:35.818334 (113660) lic_core INFO    ... (2) checkout succeeded
2026-02-23 13:57:35.832259 (113660) session_ INFO    Starting analysis session with session id 'session_0' (launcher: <local>) ...
2026-02-23 13:57:35.835134 (113660) session_ INFO    Analysis session with session id 'session_0' started (pid: 113668)
2026-02-23 13:57:36.498074 (113660) session_ INFO    Analysis session 'session_0' connected to the console (host: 127.0.0.1:46310)
2026-02-23 13:57:37.304467 (113660) lic__man INFO    Unclaim everything for 'session_0'.
2026-02-23 13:57:37.344767 (113660) lic__man INFO    Claim 'fpv' for 'session_0'.
2026-02-23 13:57:37.344803 (113660) lic__man INFO    Claim 'fpv' for 'session_0/prove-0'.
2026-02-23 13:57:37.749119 (113660) lic__man INFO    Unclaim everything for 'session_0/prove-0'.
2026-02-23 13:57:37.804294 (113660) main____ INFO    About to exit: request to exit with status 0 received from analysis session 'session_0'
2026-02-23 13:57:37.890069 (113660) session_ INFO    Analysis session 'session_0' disconnected.
2026-02-23 13:57:37.890179 (113660) lic__man INFO    Unclaim everything for 'session_0'.
2026-02-23 13:57:37.890748 (113660) session_ INFO    Process for analysis session 'session_0' has exited with exit status '0'.
2026-02-23 13:57:39.912476 (113660) lic_core INFO    (2) checkin jasper_fao
2026-02-23 13:57:39.913937 (113660) main____ INFO    Exiting with status 0.
