2026-02-23 13:54:33.839929 (3182565) main____ INFO    ----------------------------------------
2026-02-23 13:54:33.840005 (3182565) main____ INFO    JasperGold version info
2026-02-23 13:54:33.840022 (3182565) main____ INFO      tool      : JasperGold 2021.03
2026-02-23 13:54:33.840030 (3182565) main____ INFO      version   : 2021.03 FCS 64 bits
2026-02-23 13:54:33.840035 (3182565) main____ INFO      build date: 2021.03.23 02:50:43 UTC
2026-02-23 13:54:33.840040 (3182565) main____ INFO    ----------------------------------------
2026-02-23 13:54:33.840044 (3182565) main____ INFO    Runtime info:
2026-02-23 13:54:33.840048 (3182565) main____ INFO      platform  : Linux 5.14.0-570.84.1.el9_6.x86_64 x86_64
2026-02-23 13:54:33.840054 (3182565) main____ INFO      hostname  : della-r3c3n1
2026-02-23 13:54:33.840059 (3182565) main____ INFO      pid       : 3182565
2026-02-23 13:54:33.840063 (3182565) main____ INFO      arguments : '-style' 'windows' '-batch' '-proj' './verification_results/03974/jgproject' '-tcl' './jasper_verif_check.tcl'
2026-02-23 13:54:33.840070 (3182565) main____ INFO      locale    : UTF-8
2026-02-23 13:54:33.840074 (3182565) main____ INFO    ----------------------------------------
2026-02-23 13:54:33.840078 (3182565) main____ INFO    System resource limits info:
2026-02-23 13:54:33.840083 (3182565) main____ INFO      virtual memory: unlimited
2026-02-23 13:54:33.840087 (3182565) main____ INFO      cpu time      : unlimited
2026-02-23 13:54:33.840091 (3182565) main____ INFO      stack size    : unlimited
2026-02-23 13:54:33.840096 (3182565) main____ INFO      core file size: unlimited
2026-02-23 13:54:33.840102 (3182565) main____ INFO      open files    : 131072
2026-02-23 13:54:33.840106 (3182565) main____ INFO      file size     : unlimited
2026-02-23 13:54:33.840110 (3182565) main____ INFO    ----------------------------------------
2026-02-23 13:54:33.840115 (3182565) main____ INFO    Memory statistics:
2026-02-23 13:54:33.840119 (3182565) main____ INFO      total physical memory  : 195972176 kB
2026-02-23 13:54:33.840123 (3182565) main____ INFO      free physical memory   : 119104628 kB
2026-02-23 13:54:33.840127 (3182565) main____ INFO      committed address space: 22671440 kB
2026-02-23 13:54:33.840131 (3182565) main____ INFO    ----------------------------------------
2026-02-23 13:54:33.841075 (3182565) main____ INFO    Important environment variables:
2026-02-23 13:54:33.841089 (3182565) main____ INFO      JASPER_HOME       : '/usr/licensed/cadence-20210126/jasper_2021.03'
2026-02-23 13:54:33.841095 (3182565) main____ INFO      JASPER_INSTALL_DIR: '/scratch/gpfs/LICENSED/x86_64/cadence-20210126/jasper_2021.03'
2026-02-23 13:54:33.841101 (3182565) main____ INFO      LANG              : 'en_US.UTF-8'
2026-02-23 13:54:33.841106 (3182565) main____ INFO      LM_LICENSE_FILE   : '5280@license.rc.princeton.edu'
2026-02-23 13:54:33.841110 (3182565) main____ INFO      TMPDIR            : '/tmp/ab2113/jg_5019091_72'
2026-02-23 13:54:33.841115 (3182565) main____ INFO    ----------------------------------------
2026-02-23 13:54:33.841508 (3182565) lic_core INFO    Initializing license system ...
2026-02-23 13:54:33.842238 (3182565) lic_core INFO    ... license system initialized.
2026-02-23 13:54:33.842909 (3182565) lic__man INFO    Claim 'fpv' for <ui>.
2026-02-23 13:54:33.842942 (3182565) lic_core INFO    (1) checking out 'jasper_fpv' ...
2026-02-23 13:54:33.848372 (3182565) lic_core INFO    ... (1) checkout failed (error: -5) ("FLEXnet ERROR(-5, 0, 0): No such feature exists.")
2026-02-23 13:54:33.848409 (3182565) lic_core INFO    (2) checking out 'jasper_fao' ...
2026-02-23 13:54:33.858646 (3182565) lic_core INFO    ... (2) checkout succeeded
2026-02-23 13:54:33.872632 (3182565) session_ INFO    Starting analysis session with session id 'session_0' (launcher: <local>) ...
2026-02-23 13:54:33.875127 (3182565) session_ INFO    Analysis session with session id 'session_0' started (pid: 3182573)
2026-02-23 13:54:34.620310 (3182565) session_ INFO    Analysis session 'session_0' connected to the console (host: 127.0.0.1:49728)
2026-02-23 13:54:35.255424 (3182565) main____ INFO    About to exit: request to exit with status 1 received from analysis session 'session_0'
2026-02-23 13:54:35.322658 (3182565) session_ INFO    Analysis session 'session_0' disconnected.
2026-02-23 13:54:35.322769 (3182565) lic__man INFO    Unclaim everything for 'session_0'.
2026-02-23 13:54:35.323452 (3182565) session_ INFO    Process for analysis session 'session_0' has exited with exit status '1'.
2026-02-23 13:54:37.161057 (3182565) lic_core INFO    (2) checkin jasper_fao
2026-02-23 13:54:37.162634 (3182565) main____ INFO    Exiting with status 1.
