2026-02-23 13:57:31.802552 (113539) main____ INFO    ----------------------------------------
2026-02-23 13:57:31.802634 (113539) main____ INFO    JasperGold version info
2026-02-23 13:57:31.802649 (113539) main____ INFO      tool      : JasperGold 2021.03
2026-02-23 13:57:31.802657 (113539) main____ INFO      version   : 2021.03 FCS 64 bits
2026-02-23 13:57:31.802661 (113539) main____ INFO      build date: 2021.03.23 02:50:43 UTC
2026-02-23 13:57:31.802665 (113539) main____ INFO    ----------------------------------------
2026-02-23 13:57:31.802669 (113539) main____ INFO    Runtime info:
2026-02-23 13:57:31.802674 (113539) main____ INFO      platform  : Linux 5.14.0-570.84.1.el9_6.x86_64 x86_64
2026-02-23 13:57:31.802679 (113539) main____ INFO      hostname  : della-i13n16
2026-02-23 13:57:31.802683 (113539) main____ INFO      pid       : 113539
2026-02-23 13:57:31.802687 (113539) main____ INFO      arguments : '-style' 'windows' '-batch' '-proj' './verification_results/00281/jgproject' '-tcl' './jasper_verif_check.tcl'
2026-02-23 13:57:31.802694 (113539) main____ INFO      locale    : UTF-8
2026-02-23 13:57:31.802699 (113539) main____ INFO    ----------------------------------------
2026-02-23 13:57:31.802702 (113539) main____ INFO    System resource limits info:
2026-02-23 13:57:31.802707 (113539) main____ INFO      virtual memory: unlimited
2026-02-23 13:57:31.802711 (113539) main____ INFO      cpu time      : unlimited
2026-02-23 13:57:31.802715 (113539) main____ INFO      stack size    : unlimited
2026-02-23 13:57:31.802719 (113539) main____ INFO      core file size: unlimited
2026-02-23 13:57:31.802725 (113539) main____ INFO      open files    : 131072
2026-02-23 13:57:31.802729 (113539) main____ INFO      file size     : unlimited
2026-02-23 13:57:31.802733 (113539) main____ INFO    ----------------------------------------
2026-02-23 13:57:31.802737 (113539) main____ INFO    Memory statistics:
2026-02-23 13:57:31.802741 (113539) main____ INFO      total physical memory  : 394157548 kB
2026-02-23 13:57:31.802745 (113539) main____ INFO      free physical memory   : 141483280 kB
2026-02-23 13:57:31.802749 (113539) main____ INFO      committed address space: 193462364 kB
2026-02-23 13:57:31.802753 (113539) main____ INFO    ----------------------------------------
2026-02-23 13:57:31.803639 (113539) main____ INFO    Important environment variables:
2026-02-23 13:57:31.803655 (113539) main____ INFO      JASPER_HOME       : '/usr/licensed/cadence-20210126/jasper_2021.03'
2026-02-23 13:57:31.803661 (113539) main____ INFO      JASPER_INSTALL_DIR: '/scratch/gpfs/LICENSED/x86_64/cadence-20210126/jasper_2021.03'
2026-02-23 13:57:31.803666 (113539) main____ INFO      LANG              : 'en_US.UTF-8'
2026-02-23 13:57:31.803671 (113539) main____ INFO      LM_LICENSE_FILE   : '5280@license.rc.princeton.edu'
2026-02-23 13:57:31.803675 (113539) main____ INFO      TMPDIR            : '/tmp/ab2113/jg_5018697_1'
2026-02-23 13:57:31.803679 (113539) main____ INFO    ----------------------------------------
2026-02-23 13:57:31.804472 (113539) lic_core INFO    Initializing license system ...
2026-02-23 13:57:31.805248 (113539) lic_core INFO    ... license system initialized.
2026-02-23 13:57:31.805928 (113539) lic__man INFO    Claim 'fpv' for <ui>.
2026-02-23 13:57:31.805961 (113539) lic_core INFO    (1) checking out 'jasper_fpv' ...
2026-02-23 13:57:31.811739 (113539) lic_core INFO    ... (1) checkout failed (error: -5) ("FLEXnet ERROR(-5, 0, 0): No such feature exists.")
2026-02-23 13:57:31.811776 (113539) lic_core INFO    (2) checking out 'jasper_fao' ...
2026-02-23 13:57:31.821879 (113539) lic_core INFO    ... (2) checkout succeeded
2026-02-23 13:57:31.835431 (113539) session_ INFO    Starting analysis session with session id 'session_0' (launcher: <local>) ...
2026-02-23 13:57:31.838264 (113539) session_ INFO    Analysis session with session id 'session_0' started (pid: 113547)
2026-02-23 13:57:32.501388 (113539) session_ INFO    Analysis session 'session_0' connected to the console (host: 127.0.0.1:38814)
2026-02-23 13:57:33.306428 (113539) lic__man INFO    Unclaim everything for 'session_0'.
2026-02-23 13:57:33.346018 (113539) lic__man INFO    Claim 'fpv' for 'session_0'.
2026-02-23 13:57:33.346060 (113539) lic__man INFO    Claim 'fpv' for 'session_0/prove-0'.
2026-02-23 13:57:33.456507 (113539) lic__man INFO    Unclaim everything for 'session_0/prove-0'.
2026-02-23 13:57:33.512308 (113539) main____ INFO    About to exit: request to exit with status 0 received from analysis session 'session_0'
2026-02-23 13:57:33.593907 (113539) session_ INFO    Analysis session 'session_0' disconnected.
2026-02-23 13:57:33.594028 (113539) lic__man INFO    Unclaim everything for 'session_0'.
2026-02-23 13:57:33.594531 (113539) session_ INFO    Process for analysis session 'session_0' has exited with exit status '0'.
2026-02-23 13:57:35.556917 (113539) lic_core INFO    (2) checkin jasper_fao
2026-02-23 13:57:35.558125 (113539) main____ INFO    Exiting with status 0.
