2026-02-23 13:00:48.152652 (3609535) main____ INFO    ----------------------------------------
2026-02-23 13:00:48.152749 (3609535) main____ INFO    JasperGold version info
2026-02-23 13:00:48.152766 (3609535) main____ INFO      tool      : JasperGold 2021.03
2026-02-23 13:00:48.152775 (3609535) main____ INFO      version   : 2021.03 FCS 64 bits
2026-02-23 13:00:48.152780 (3609535) main____ INFO      build date: 2021.03.23 02:50:43 UTC
2026-02-23 13:00:48.152784 (3609535) main____ INFO    ----------------------------------------
2026-02-23 13:00:48.152789 (3609535) main____ INFO    Runtime info:
2026-02-23 13:00:48.152793 (3609535) main____ INFO      platform  : Linux 5.14.0-570.84.1.el9_6.x86_64 x86_64
2026-02-23 13:00:48.152799 (3609535) main____ INFO      hostname  : della-r3c3n4
2026-02-23 13:00:48.152804 (3609535) main____ INFO      pid       : 3609535
2026-02-23 13:00:48.152809 (3609535) main____ INFO      arguments : '-style' 'windows' '-batch' '-proj' './verification_results/00333/jgproject' '-tcl' './jasper_verif_check.tcl'
2026-02-23 13:00:48.152817 (3609535) main____ INFO      locale    : UTF-8
2026-02-23 13:00:48.152822 (3609535) main____ INFO    ----------------------------------------
2026-02-23 13:00:48.152826 (3609535) main____ INFO    System resource limits info:
2026-02-23 13:00:48.152830 (3609535) main____ INFO      virtual memory: unlimited
2026-02-23 13:00:48.152835 (3609535) main____ INFO      cpu time      : unlimited
2026-02-23 13:00:48.152839 (3609535) main____ INFO      stack size    : unlimited
2026-02-23 13:00:48.152843 (3609535) main____ INFO      core file size: unlimited
2026-02-23 13:00:48.152850 (3609535) main____ INFO      open files    : 131072
2026-02-23 13:00:48.152854 (3609535) main____ INFO      file size     : unlimited
2026-02-23 13:00:48.152858 (3609535) main____ INFO    ----------------------------------------
2026-02-23 13:00:48.152862 (3609535) main____ INFO    Memory statistics:
2026-02-23 13:00:48.152867 (3609535) main____ INFO      total physical memory  : 195972172 kB
2026-02-23 13:00:48.152872 (3609535) main____ INFO      free physical memory   : 116881728 kB
2026-02-23 13:00:48.152876 (3609535) main____ INFO      committed address space: 36518112 kB
2026-02-23 13:00:48.152880 (3609535) main____ INFO    ----------------------------------------
2026-02-23 13:00:48.153853 (3609535) main____ INFO    Important environment variables:
2026-02-23 13:00:48.153874 (3609535) main____ INFO      JASPER_HOME       : '/usr/licensed/cadence-20210126/jasper_2021.03'
2026-02-23 13:00:48.153880 (3609535) main____ INFO      JASPER_INSTALL_DIR: '/scratch/gpfs/LICENSED/x86_64/cadence-20210126/jasper_2021.03'
2026-02-23 13:00:48.153886 (3609535) main____ INFO      LANG              : 'en_US.UTF-8'
2026-02-23 13:00:48.153891 (3609535) main____ INFO      LM_LICENSE_FILE   : '5280@license.rc.princeton.edu'
2026-02-23 13:00:48.153896 (3609535) main____ INFO      TMPDIR            : '/tmp/ab2113/jg_5017635_157'
2026-02-23 13:00:48.153900 (3609535) main____ INFO    ----------------------------------------
2026-02-23 13:00:48.156781 (3609535) lic_core INFO    Initializing license system ...
2026-02-23 13:00:48.159295 (3609535) lic_core INFO    ... license system initialized.
2026-02-23 13:00:48.160401 (3609535) lic__man INFO    Claim 'fpv' for <ui>.
2026-02-23 13:00:48.160466 (3609535) lic_core INFO    (1) checking out 'jasper_fpv' ...
2026-02-23 13:00:48.166798 (3609535) lic_core INFO    ... (1) checkout failed (error: -5) ("FLEXnet ERROR(-5, 0, 0): No such feature exists.")
2026-02-23 13:00:48.166862 (3609535) lic_core INFO    (2) checking out 'jasper_fao' ...
2026-02-23 13:00:48.177815 (3609535) lic_core INFO    ... (2) checkout succeeded
2026-02-23 13:00:48.199849 (3609535) session_ INFO    Starting analysis session with session id 'session_0' (launcher: <local>) ...
2026-02-23 13:00:48.202738 (3609535) session_ INFO    Analysis session with session id 'session_0' started (pid: 3609543)
2026-02-23 13:00:49.090115 (3609535) session_ INFO    Analysis session 'session_0' connected to the console (host: 127.0.0.1:47720)
2026-02-23 13:00:49.783193 (3609535) main____ INFO    About to exit: request to exit with status 1 received from analysis session 'session_0'
2026-02-23 13:00:49.864158 (3609535) session_ INFO    Analysis session 'session_0' disconnected.
2026-02-23 13:00:49.864331 (3609535) lic__man INFO    Unclaim everything for 'session_0'.
2026-02-23 13:00:49.866066 (3609535) session_ INFO    Process for analysis session 'session_0' has exited with exit status '1'.
2026-02-23 13:00:51.690709 (3609535) lic_core INFO    (2) checkin jasper_fao
2026-02-23 13:00:51.692249 (3609535) main____ INFO    Exiting with status 1.
