2026-02-23 13:41:23.745646 (1472829) main____ INFO    ----------------------------------------
2026-02-23 13:41:23.745723 (1472829) main____ INFO    JasperGold version info
2026-02-23 13:41:23.745744 (1472829) main____ INFO      tool      : JasperGold 2021.03
2026-02-23 13:41:23.745755 (1472829) main____ INFO      version   : 2021.03 FCS 64 bits
2026-02-23 13:41:23.745761 (1472829) main____ INFO      build date: 2021.03.23 02:50:43 UTC
2026-02-23 13:41:23.745768 (1472829) main____ INFO    ----------------------------------------
2026-02-23 13:41:23.745775 (1472829) main____ INFO    Runtime info:
2026-02-23 13:41:23.745780 (1472829) main____ INFO      platform  : Linux 5.14.0-570.84.1.el9_6.x86_64 x86_64
2026-02-23 13:41:23.745787 (1472829) main____ INFO      hostname  : della-h14n5
2026-02-23 13:41:23.745793 (1472829) main____ INFO      pid       : 1472829
2026-02-23 13:41:23.745799 (1472829) main____ INFO      arguments : '-style' 'windows' '-batch' '-proj' './verification_results/01012/jgproject' '-tcl' './jasper_verif_check.tcl'
2026-02-23 13:41:23.745808 (1472829) main____ INFO      locale    : UTF-8
2026-02-23 13:41:23.745817 (1472829) main____ INFO    ----------------------------------------
2026-02-23 13:41:23.745823 (1472829) main____ INFO    System resource limits info:
2026-02-23 13:41:23.745830 (1472829) main____ INFO      virtual memory: unlimited
2026-02-23 13:41:23.745836 (1472829) main____ INFO      cpu time      : unlimited
2026-02-23 13:41:23.745841 (1472829) main____ INFO      stack size    : unlimited
2026-02-23 13:41:23.745847 (1472829) main____ INFO      core file size: unlimited
2026-02-23 13:41:23.745854 (1472829) main____ INFO      open files    : 131072
2026-02-23 13:41:23.745859 (1472829) main____ INFO      file size     : unlimited
2026-02-23 13:41:23.745864 (1472829) main____ INFO    ----------------------------------------
2026-02-23 13:41:23.745870 (1472829) main____ INFO    Memory statistics:
2026-02-23 13:41:23.745876 (1472829) main____ INFO      total physical memory  : 1584164368 kB
2026-02-23 13:41:23.745882 (1472829) main____ INFO      free physical memory   : 700460600 kB
2026-02-23 13:41:23.745888 (1472829) main____ INFO      committed address space: 535031464 kB
2026-02-23 13:41:23.745893 (1472829) main____ INFO    ----------------------------------------
2026-02-23 13:41:23.746451 (1472829) main____ INFO    Important environment variables:
2026-02-23 13:41:23.746466 (1472829) main____ INFO      JASPER_HOME       : '/usr/licensed/cadence-20210126/jasper_2021.03'
2026-02-23 13:41:23.746473 (1472829) main____ INFO      JASPER_INSTALL_DIR: '/scratch/gpfs/LICENSED/x86_64/cadence-20210126/jasper_2021.03'
2026-02-23 13:41:23.746479 (1472829) main____ INFO      LANG              : 'en_US.UTF-8'
2026-02-23 13:41:23.746486 (1472829) main____ INFO      LM_LICENSE_FILE   : '5280@license.rc.princeton.edu'
2026-02-23 13:41:23.746492 (1472829) main____ INFO      TMPDIR            : '/tmp/ab2113/jg_5018806_12'
2026-02-23 13:41:23.746497 (1472829) main____ INFO    ----------------------------------------
2026-02-23 13:41:23.746969 (1472829) lic_core INFO    Initializing license system ...
2026-02-23 13:41:23.747545 (1472829) lic_core INFO    ... license system initialized.
2026-02-23 13:41:23.748314 (1472829) lic__man INFO    Claim 'fpv' for <ui>.
2026-02-23 13:41:23.748347 (1472829) lic_core INFO    (1) checking out 'jasper_fpv' ...
2026-02-23 13:41:23.754168 (1472829) lic_core INFO    ... (1) checkout failed (error: -5) ("FLEXnet ERROR(-5, 0, 0): No such feature exists.")
2026-02-23 13:41:23.754197 (1472829) lic_core INFO    (2) checking out 'jasper_fao' ...
2026-02-23 13:41:23.762930 (1472829) lic_core INFO    ... (2) checkout succeeded
2026-02-23 13:41:23.774239 (1472829) session_ INFO    Starting analysis session with session id 'session_0' (launcher: <local>) ...
2026-02-23 13:41:23.777583 (1472829) session_ INFO    Analysis session with session id 'session_0' started (pid: 1472974)
2026-02-23 13:41:24.353321 (1472829) session_ INFO    Analysis session 'session_0' connected to the console (host: 127.0.0.1:55484)
2026-02-23 13:41:25.135218 (1472829) lic__man INFO    Unclaim everything for 'session_0'.
2026-02-23 13:41:25.174051 (1472829) lic__man INFO    Claim 'fpv' for 'session_0'.
2026-02-23 13:41:25.174094 (1472829) lic__man INFO    Claim 'fpv' for 'session_0/prove-0'.
2026-02-23 13:41:25.366102 (1472829) lic__man INFO    Unclaim everything for 'session_0/prove-0'.
2026-02-23 13:41:25.420503 (1472829) main____ INFO    About to exit: request to exit with status 0 received from analysis session 'session_0'
2026-02-23 13:41:25.494412 (1472829) session_ INFO    Analysis session 'session_0' disconnected.
2026-02-23 13:41:25.494525 (1472829) lic__man INFO    Unclaim everything for 'session_0'.
2026-02-23 13:41:25.495999 (1472829) session_ INFO    Process for analysis session 'session_0' has exited with exit status '0'.
2026-02-23 13:41:27.529158 (1472829) lic_core INFO    (2) checkin jasper_fao
2026-02-23 13:41:27.530982 (1472829) main____ INFO    Exiting with status 0.
