2026-02-23 14:16:02.477975 (7458) main____ INFO    ----------------------------------------
2026-02-23 14:16:02.478079 (7458) main____ INFO    JasperGold version info
2026-02-23 14:16:02.478099 (7458) main____ INFO      tool      : JasperGold 2021.03
2026-02-23 14:16:02.478109 (7458) main____ INFO      version   : 2021.03 FCS 64 bits
2026-02-23 14:16:02.478114 (7458) main____ INFO      build date: 2021.03.23 02:50:43 UTC
2026-02-23 14:16:02.478119 (7458) main____ INFO    ----------------------------------------
2026-02-23 14:16:02.478123 (7458) main____ INFO    Runtime info:
2026-02-23 14:16:02.478128 (7458) main____ INFO      platform  : Linux 5.14.0-570.84.1.el9_6.x86_64 x86_64
2026-02-23 14:16:02.478134 (7458) main____ INFO      hostname  : della-r3c2n6
2026-02-23 14:16:02.478139 (7458) main____ INFO      pid       : 7458
2026-02-23 14:16:02.478143 (7458) main____ INFO      arguments : '-style' 'windows' '-batch' '-proj' './verification_results/04058/jgproject' '-tcl' './jasper_verif_check.tcl'
2026-02-23 14:16:02.478152 (7458) main____ INFO      locale    : UTF-8
2026-02-23 14:16:02.478156 (7458) main____ INFO    ----------------------------------------
2026-02-23 14:16:02.478160 (7458) main____ INFO    System resource limits info:
2026-02-23 14:16:02.478164 (7458) main____ INFO      virtual memory: unlimited
2026-02-23 14:16:02.478169 (7458) main____ INFO      cpu time      : unlimited
2026-02-23 14:16:02.478173 (7458) main____ INFO      stack size    : unlimited
2026-02-23 14:16:02.478177 (7458) main____ INFO      core file size: unlimited
2026-02-23 14:16:02.478186 (7458) main____ INFO      open files    : 131072
2026-02-23 14:16:02.478190 (7458) main____ INFO      file size     : unlimited
2026-02-23 14:16:02.478194 (7458) main____ INFO    ----------------------------------------
2026-02-23 14:16:02.478205 (7458) main____ INFO    Memory statistics:
2026-02-23 14:16:02.478210 (7458) main____ INFO      total physical memory  : 195972160 kB
2026-02-23 14:16:02.478214 (7458) main____ INFO      free physical memory   : 151788092 kB
2026-02-23 14:16:02.478218 (7458) main____ INFO      committed address space: 53203640 kB
2026-02-23 14:16:02.478222 (7458) main____ INFO    ----------------------------------------
2026-02-23 14:16:02.479223 (7458) main____ INFO    Important environment variables:
2026-02-23 14:16:02.479254 (7458) main____ INFO      JASPER_HOME       : '/usr/licensed/cadence-20210126/jasper_2021.03'
2026-02-23 14:16:02.479260 (7458) main____ INFO      JASPER_INSTALL_DIR: '/scratch/gpfs/LICENSED/x86_64/cadence-20210126/jasper_2021.03'
2026-02-23 14:16:02.479266 (7458) main____ INFO      LANG              : 'en_US.UTF-8'
2026-02-23 14:16:02.479271 (7458) main____ INFO      LM_LICENSE_FILE   : '5280@license.rc.princeton.edu'
2026-02-23 14:16:02.479276 (7458) main____ INFO      TMPDIR            : '/tmp/ab2113/jg_5019092_73'
2026-02-23 14:16:02.479280 (7458) main____ INFO    ----------------------------------------
2026-02-23 14:16:02.480151 (7458) lic_core INFO    Initializing license system ...
2026-02-23 14:16:02.481028 (7458) lic_core INFO    ... license system initialized.
2026-02-23 14:16:02.481844 (7458) lic__man INFO    Claim 'fpv' for <ui>.
2026-02-23 14:16:02.481889 (7458) lic_core INFO    (1) checking out 'jasper_fpv' ...
2026-02-23 14:16:02.487403 (7458) lic_core INFO    ... (1) checkout failed (error: -5) ("FLEXnet ERROR(-5, 0, 0): No such feature exists.")
2026-02-23 14:16:02.487466 (7458) lic_core INFO    (2) checking out 'jasper_fao' ...
2026-02-23 14:16:02.497955 (7458) lic_core INFO    ... (2) checkout succeeded
2026-02-23 14:16:02.512686 (7458) session_ INFO    Starting analysis session with session id 'session_0' (launcher: <local>) ...
2026-02-23 14:16:02.515922 (7458) session_ INFO    Analysis session with session id 'session_0' started (pid: 7466)
2026-02-23 14:16:03.243035 (7458) session_ INFO    Analysis session 'session_0' connected to the console (host: 127.0.0.1:36524)
2026-02-23 14:16:03.845318 (7458) main____ INFO    About to exit: request to exit with status 1 received from analysis session 'session_0'
2026-02-23 14:16:03.924642 (7458) session_ INFO    Analysis session 'session_0' disconnected.
2026-02-23 14:16:03.924789 (7458) lic__man INFO    Unclaim everything for 'session_0'.
2026-02-23 14:16:03.925173 (7458) session_ INFO    Process for analysis session 'session_0' has exited with exit status '1'.
2026-02-23 14:16:05.750616 (7458) lic_core INFO    (2) checkin jasper_fao
2026-02-23 14:16:05.752147 (7458) main____ INFO    Exiting with status 1.
