2026-02-23 13:48:34.337096 (2382553) main____ INFO    ----------------------------------------
2026-02-23 13:48:34.337174 (2382553) main____ INFO    JasperGold version info
2026-02-23 13:48:34.337190 (2382553) main____ INFO      tool      : JasperGold 2021.03
2026-02-23 13:48:34.337199 (2382553) main____ INFO      version   : 2021.03 FCS 64 bits
2026-02-23 13:48:34.337205 (2382553) main____ INFO      build date: 2021.03.23 02:50:43 UTC
2026-02-23 13:48:34.337209 (2382553) main____ INFO    ----------------------------------------
2026-02-23 13:48:34.337214 (2382553) main____ INFO    Runtime info:
2026-02-23 13:48:34.337219 (2382553) main____ INFO      platform  : Linux 5.14.0-570.84.1.el9_6.x86_64 x86_64
2026-02-23 13:48:34.337226 (2382553) main____ INFO      hostname  : della-h14n8
2026-02-23 13:48:34.337231 (2382553) main____ INFO      pid       : 2382553
2026-02-23 13:48:34.337236 (2382553) main____ INFO      arguments : '-style' 'windows' '-batch' '-proj' './verification_results/02974/jgproject' '-tcl' './jasper_verif_check.tcl'
2026-02-23 13:48:34.337245 (2382553) main____ INFO      locale    : UTF-8
2026-02-23 13:48:34.337250 (2382553) main____ INFO    ----------------------------------------
2026-02-23 13:48:34.337254 (2382553) main____ INFO    System resource limits info:
2026-02-23 13:48:34.337259 (2382553) main____ INFO      virtual memory: unlimited
2026-02-23 13:48:34.337264 (2382553) main____ INFO      cpu time      : unlimited
2026-02-23 13:48:34.337269 (2382553) main____ INFO      stack size    : unlimited
2026-02-23 13:48:34.337274 (2382553) main____ INFO      core file size: unlimited
2026-02-23 13:48:34.337281 (2382553) main____ INFO      open files    : 131072
2026-02-23 13:48:34.337286 (2382553) main____ INFO      file size     : unlimited
2026-02-23 13:48:34.337291 (2382553) main____ INFO    ----------------------------------------
2026-02-23 13:48:34.337296 (2382553) main____ INFO    Memory statistics:
2026-02-23 13:48:34.337301 (2382553) main____ INFO      total physical memory  : 1584164340 kB
2026-02-23 13:48:34.337306 (2382553) main____ INFO      free physical memory   : 763055144 kB
2026-02-23 13:48:34.337311 (2382553) main____ INFO      committed address space: 528407864 kB
2026-02-23 13:48:34.337316 (2382553) main____ INFO    ----------------------------------------
2026-02-23 13:48:34.337851 (2382553) main____ INFO    Important environment variables:
2026-02-23 13:48:34.337865 (2382553) main____ INFO      JASPER_HOME       : '/usr/licensed/cadence-20210126/jasper_2021.03'
2026-02-23 13:48:34.337871 (2382553) main____ INFO      JASPER_INSTALL_DIR: '/scratch/gpfs/LICENSED/x86_64/cadence-20210126/jasper_2021.03'
2026-02-23 13:48:34.337877 (2382553) main____ INFO      LANG              : 'en_US.UTF-8'
2026-02-23 13:48:34.337883 (2382553) main____ INFO      LM_LICENSE_FILE   : '5280@license.rc.princeton.edu'
2026-02-23 13:48:34.337888 (2382553) main____ INFO      TMPDIR            : '/tmp/ab2113/jg_5018966_52'
2026-02-23 13:48:34.337893 (2382553) main____ INFO    ----------------------------------------
2026-02-23 13:48:34.338504 (2382553) lic_core INFO    Initializing license system ...
2026-02-23 13:48:34.339103 (2382553) lic_core INFO    ... license system initialized.
2026-02-23 13:48:34.339978 (2382553) lic__man INFO    Claim 'fpv' for <ui>.
2026-02-23 13:48:34.340018 (2382553) lic_core INFO    (1) checking out 'jasper_fpv' ...
2026-02-23 13:48:34.346007 (2382553) lic_core INFO    ... (1) checkout failed (error: -5) ("FLEXnet ERROR(-5, 0, 0): No such feature exists.")
2026-02-23 13:48:34.346036 (2382553) lic_core INFO    (2) checking out 'jasper_fao' ...
2026-02-23 13:48:34.355110 (2382553) lic_core INFO    ... (2) checkout succeeded
2026-02-23 13:48:34.366101 (2382553) session_ INFO    Starting analysis session with session id 'session_0' (launcher: <local>) ...
2026-02-23 13:48:34.369268 (2382553) session_ INFO    Analysis session with session id 'session_0' started (pid: 2382573)
2026-02-23 13:48:34.918696 (2382553) session_ INFO    Analysis session 'session_0' connected to the console (host: 127.0.0.1:54426)
2026-02-23 13:48:35.683002 (2382553) lic__man INFO    Unclaim everything for 'session_0'.
2026-02-23 13:48:35.717412 (2382553) lic__man INFO    Claim 'fpv' for 'session_0'.
2026-02-23 13:48:35.717459 (2382553) lic__man INFO    Claim 'fpv' for 'session_0/prove-0'.
2026-02-23 13:48:35.920186 (2382553) lic__man INFO    Unclaim everything for 'session_0/prove-0'.
2026-02-23 13:48:35.974838 (2382553) main____ INFO    About to exit: request to exit with status 0 received from analysis session 'session_0'
2026-02-23 13:48:36.038230 (2382553) session_ INFO    Analysis session 'session_0' disconnected.
2026-02-23 13:48:36.038403 (2382553) lic__man INFO    Unclaim everything for 'session_0'.
2026-02-23 13:48:36.039580 (2382553) session_ INFO    Process for analysis session 'session_0' has exited with exit status '0'.
2026-02-23 13:48:38.080624 (2382553) lic_core INFO    (2) checkin jasper_fao
2026-02-23 13:48:38.082069 (2382553) main____ INFO    Exiting with status 0.
