2026-02-23 14:03:07.355060 (538624) main____ INFO    ----------------------------------------
2026-02-23 14:03:07.355128 (538624) main____ INFO    JasperGold version info
2026-02-23 14:03:07.355143 (538624) main____ INFO      tool      : JasperGold 2021.03
2026-02-23 14:03:07.355152 (538624) main____ INFO      version   : 2021.03 FCS 64 bits
2026-02-23 14:03:07.355157 (538624) main____ INFO      build date: 2021.03.23 02:50:43 UTC
2026-02-23 14:03:07.355161 (538624) main____ INFO    ----------------------------------------
2026-02-23 14:03:07.355165 (538624) main____ INFO    Runtime info:
2026-02-23 14:03:07.355170 (538624) main____ INFO      platform  : Linux 5.14.0-570.84.1.el9_6.x86_64 x86_64
2026-02-23 14:03:07.355175 (538624) main____ INFO      hostname  : della-r3c2n9
2026-02-23 14:03:07.355180 (538624) main____ INFO      pid       : 538624
2026-02-23 14:03:07.355184 (538624) main____ INFO      arguments : '-style' 'windows' '-batch' '-proj' './verification_results/04104/jgproject' '-tcl' './jasper_verif_check.tcl'
2026-02-23 14:03:07.355191 (538624) main____ INFO      locale    : UTF-8
2026-02-23 14:03:07.355195 (538624) main____ INFO    ----------------------------------------
2026-02-23 14:03:07.355199 (538624) main____ INFO    System resource limits info:
2026-02-23 14:03:07.355203 (538624) main____ INFO      virtual memory: unlimited
2026-02-23 14:03:07.355207 (538624) main____ INFO      cpu time      : unlimited
2026-02-23 14:03:07.355211 (538624) main____ INFO      stack size    : unlimited
2026-02-23 14:03:07.355215 (538624) main____ INFO      core file size: unlimited
2026-02-23 14:03:07.355221 (538624) main____ INFO      open files    : 131072
2026-02-23 14:03:07.355225 (538624) main____ INFO      file size     : unlimited
2026-02-23 14:03:07.355229 (538624) main____ INFO    ----------------------------------------
2026-02-23 14:03:07.355233 (538624) main____ INFO    Memory statistics:
2026-02-23 14:03:07.355237 (538624) main____ INFO      total physical memory  : 195972072 kB
2026-02-23 14:03:07.355241 (538624) main____ INFO      free physical memory   : 70231352 kB
2026-02-23 14:03:07.355245 (538624) main____ INFO      committed address space: 59403828 kB
2026-02-23 14:03:07.355249 (538624) main____ INFO    ----------------------------------------
2026-02-23 14:03:07.356196 (538624) main____ INFO    Important environment variables:
2026-02-23 14:03:07.356210 (538624) main____ INFO      JASPER_HOME       : '/usr/licensed/cadence-20210126/jasper_2021.03'
2026-02-23 14:03:07.356216 (538624) main____ INFO      JASPER_INSTALL_DIR: '/scratch/gpfs/LICENSED/x86_64/cadence-20210126/jasper_2021.03'
2026-02-23 14:03:07.356221 (538624) main____ INFO      LANG              : 'en_US.UTF-8'
2026-02-23 14:03:07.356226 (538624) main____ INFO      LM_LICENSE_FILE   : '5280@license.rc.princeton.edu'
2026-02-23 14:03:07.356231 (538624) main____ INFO      TMPDIR            : '/tmp/ab2113/jg_5019093_74'
2026-02-23 14:03:07.356235 (538624) main____ INFO    ----------------------------------------
2026-02-23 14:03:07.356958 (538624) lic_core INFO    Initializing license system ...
2026-02-23 14:03:07.357352 (538624) lic_core INFO    ... license system initialized.
2026-02-23 14:03:07.358042 (538624) lic__man INFO    Claim 'fpv' for <ui>.
2026-02-23 14:03:07.358077 (538624) lic_core INFO    (1) checking out 'jasper_fpv' ...
2026-02-23 14:03:07.363384 (538624) lic_core INFO    ... (1) checkout failed (error: -5) ("FLEXnet ERROR(-5, 0, 0): No such feature exists.")
2026-02-23 14:03:07.363410 (538624) lic_core INFO    (2) checking out 'jasper_fao' ...
2026-02-23 14:03:07.373974 (538624) lic_core INFO    ... (2) checkout succeeded
2026-02-23 14:03:07.387794 (538624) session_ INFO    Starting analysis session with session id 'session_0' (launcher: <local>) ...
2026-02-23 14:03:07.390329 (538624) session_ INFO    Analysis session with session id 'session_0' started (pid: 538632)
2026-02-23 14:03:08.007425 (538624) session_ INFO    Analysis session 'session_0' connected to the console (host: 127.0.0.1:39936)
2026-02-23 14:03:08.830742 (538624) lic__man INFO    Unclaim everything for 'session_0'.
2026-02-23 14:03:08.870238 (538624) lic__man INFO    Claim 'fpv' for 'session_0'.
2026-02-23 14:03:08.870272 (538624) lic__man INFO    Claim 'fpv' for 'session_0/prove-0'.
2026-02-23 14:03:08.997532 (538624) lic__man INFO    Unclaim everything for 'session_0/prove-0'.
2026-02-23 14:03:09.052873 (538624) main____ INFO    About to exit: request to exit with status 0 received from analysis session 'session_0'
2026-02-23 14:03:09.132045 (538624) session_ INFO    Analysis session 'session_0' disconnected.
2026-02-23 14:03:09.132154 (538624) lic__man INFO    Unclaim everything for 'session_0'.
2026-02-23 14:03:09.132730 (538624) session_ INFO    Process for analysis session 'session_0' has exited with exit status '0'.
2026-02-23 14:03:11.126541 (538624) lic_core INFO    (2) checkin jasper_fao
2026-02-23 14:03:11.128205 (538624) main____ INFO    Exiting with status 0.
