2026-02-23 13:55:44.493025 (2926910) main____ INFO    ----------------------------------------
2026-02-23 13:55:44.493139 (2926910) main____ INFO    JasperGold version info
2026-02-23 13:55:44.493157 (2926910) main____ INFO      tool      : JasperGold 2021.03
2026-02-23 13:55:44.493166 (2926910) main____ INFO      version   : 2021.03 FCS 64 bits
2026-02-23 13:55:44.493170 (2926910) main____ INFO      build date: 2021.03.23 02:50:43 UTC
2026-02-23 13:55:44.493174 (2926910) main____ INFO    ----------------------------------------
2026-02-23 13:55:44.493177 (2926910) main____ INFO    Runtime info:
2026-02-23 13:55:44.493181 (2926910) main____ INFO      platform  : Linux 5.14.0-570.84.1.el9_6.x86_64 x86_64
2026-02-23 13:55:44.493186 (2926910) main____ INFO      hostname  : della-h12n18
2026-02-23 13:55:44.493190 (2926910) main____ INFO      pid       : 2926910
2026-02-23 13:55:44.493194 (2926910) main____ INFO      arguments : '-style' 'windows' '-batch' '-proj' './verification_results/04214/jgproject' '-tcl' './jasper_verif_check.tcl'
2026-02-23 13:55:44.493202 (2926910) main____ INFO      locale    : UTF-8
2026-02-23 13:55:44.493205 (2926910) main____ INFO    ----------------------------------------
2026-02-23 13:55:44.493208 (2926910) main____ INFO    System resource limits info:
2026-02-23 13:55:44.493212 (2926910) main____ INFO      virtual memory: unlimited
2026-02-23 13:55:44.493216 (2926910) main____ INFO      cpu time      : unlimited
2026-02-23 13:55:44.493219 (2926910) main____ INFO      stack size    : unlimited
2026-02-23 13:55:44.493223 (2926910) main____ INFO      core file size: unlimited
2026-02-23 13:55:44.493229 (2926910) main____ INFO      open files    : 131072
2026-02-23 13:55:44.493233 (2926910) main____ INFO      file size     : unlimited
2026-02-23 13:55:44.493236 (2926910) main____ INFO    ----------------------------------------
2026-02-23 13:55:44.493240 (2926910) main____ INFO    Memory statistics:
2026-02-23 13:55:44.493244 (2926910) main____ INFO      total physical memory  : 1055795796 kB
2026-02-23 13:55:44.493247 (2926910) main____ INFO      free physical memory   : 291422476 kB
2026-02-23 13:55:44.493251 (2926910) main____ INFO      committed address space: 427227960 kB
2026-02-23 13:55:44.493254 (2926910) main____ INFO    ----------------------------------------
2026-02-23 13:55:44.494071 (2926910) main____ INFO    Important environment variables:
2026-02-23 13:55:44.494093 (2926910) main____ INFO      JASPER_HOME       : '/usr/licensed/cadence-20210126/jasper_2021.03'
2026-02-23 13:55:44.494099 (2926910) main____ INFO      JASPER_INSTALL_DIR: '/scratch/gpfs/LICENSED/x86_64/cadence-20210126/jasper_2021.03'
2026-02-23 13:55:44.494104 (2926910) main____ INFO      LANG              : 'en_US.UTF-8'
2026-02-23 13:55:44.494108 (2926910) main____ INFO      LM_LICENSE_FILE   : '5280@license.rc.princeton.edu'
2026-02-23 13:55:44.494112 (2926910) main____ INFO      TMPDIR            : '/tmp/ab2113/jg_5019134_77'
2026-02-23 13:55:44.494116 (2926910) main____ INFO    ----------------------------------------
2026-02-23 13:55:44.496799 (2926910) lic_core INFO    Initializing license system ...
2026-02-23 13:55:44.499178 (2926910) lic_core INFO    ... license system initialized.
2026-02-23 13:55:44.500428 (2926910) lic__man INFO    Claim 'fpv' for <ui>.
2026-02-23 13:55:44.500491 (2926910) lic_core INFO    (1) checking out 'jasper_fpv' ...
2026-02-23 13:55:44.506935 (2926910) lic_core INFO    ... (1) checkout failed (error: -5) ("FLEXnet ERROR(-5, 0, 0): No such feature exists.")
2026-02-23 13:55:44.507003 (2926910) lic_core INFO    (2) checking out 'jasper_fao' ...
2026-02-23 13:55:44.518793 (2926910) lic_core INFO    ... (2) checkout succeeded
2026-02-23 13:55:44.538849 (2926910) session_ INFO    Starting analysis session with session id 'session_0' (launcher: <local>) ...
2026-02-23 13:55:44.541651 (2926910) session_ INFO    Analysis session with session id 'session_0' started (pid: 2926976)
2026-02-23 13:55:45.417897 (2926910) session_ INFO    Analysis session 'session_0' connected to the console (host: 127.0.0.1:35874)
2026-02-23 13:55:46.071501 (2926910) main____ INFO    About to exit: request to exit with status 1 received from analysis session 'session_0'
2026-02-23 13:55:46.154235 (2926910) session_ INFO    Analysis session 'session_0' disconnected.
2026-02-23 13:55:46.158209 (2926910) lic__man INFO    Unclaim everything for 'session_0'.
2026-02-23 13:55:46.158764 (2926910) session_ INFO    Process for analysis session 'session_0' has exited with exit status '1'.
2026-02-23 13:55:48.018479 (2926910) lic_core INFO    (2) checkin jasper_fao
2026-02-23 13:55:48.019779 (2926910) main____ INFO    Exiting with status 1.
