2026-02-23 13:40:46.809210 (1137551) main____ INFO    ----------------------------------------
2026-02-23 13:40:46.809312 (1137551) main____ INFO    JasperGold version info
2026-02-23 13:40:46.809329 (1137551) main____ INFO      tool      : JasperGold 2021.03
2026-02-23 13:40:46.809339 (1137551) main____ INFO      version   : 2021.03 FCS 64 bits
2026-02-23 13:40:46.809343 (1137551) main____ INFO      build date: 2021.03.23 02:50:43 UTC
2026-02-23 13:40:46.809348 (1137551) main____ INFO    ----------------------------------------
2026-02-23 13:40:46.809351 (1137551) main____ INFO    Runtime info:
2026-02-23 13:40:46.809356 (1137551) main____ INFO      platform  : Linux 5.14.0-570.84.1.el9_6.x86_64 x86_64
2026-02-23 13:40:46.809361 (1137551) main____ INFO      hostname  : della-i13n20
2026-02-23 13:40:46.809366 (1137551) main____ INFO      pid       : 1137551
2026-02-23 13:40:46.809370 (1137551) main____ INFO      arguments : '-style' 'windows' '-batch' '-proj' './verification_results/01423/jgproject' '-tcl' './jasper_verif_check.tcl'
2026-02-23 13:40:46.809377 (1137551) main____ INFO      locale    : UTF-8
2026-02-23 13:40:46.809381 (1137551) main____ INFO    ----------------------------------------
2026-02-23 13:40:46.809385 (1137551) main____ INFO    System resource limits info:
2026-02-23 13:40:46.809389 (1137551) main____ INFO      virtual memory: unlimited
2026-02-23 13:40:46.809393 (1137551) main____ INFO      cpu time      : unlimited
2026-02-23 13:40:46.809397 (1137551) main____ INFO      stack size    : unlimited
2026-02-23 13:40:46.809402 (1137551) main____ INFO      core file size: unlimited
2026-02-23 13:40:46.809409 (1137551) main____ INFO      open files    : 131072
2026-02-23 13:40:46.809413 (1137551) main____ INFO      file size     : unlimited
2026-02-23 13:40:46.809417 (1137551) main____ INFO    ----------------------------------------
2026-02-23 13:40:46.809421 (1137551) main____ INFO    Memory statistics:
2026-02-23 13:40:46.809424 (1137551) main____ INFO      total physical memory  : 394157552 kB
2026-02-23 13:40:46.809428 (1137551) main____ INFO      free physical memory   : 167105168 kB
2026-02-23 13:40:46.809432 (1137551) main____ INFO      committed address space: 145978100 kB
2026-02-23 13:40:46.809436 (1137551) main____ INFO    ----------------------------------------
2026-02-23 13:40:46.810342 (1137551) main____ INFO    Important environment variables:
2026-02-23 13:40:46.810361 (1137551) main____ INFO      JASPER_HOME       : '/usr/licensed/cadence-20210126/jasper_2021.03'
2026-02-23 13:40:46.810367 (1137551) main____ INFO      JASPER_INSTALL_DIR: '/scratch/gpfs/LICENSED/x86_64/cadence-20210126/jasper_2021.03'
2026-02-23 13:40:46.810372 (1137551) main____ INFO      LANG              : 'en_US.UTF-8'
2026-02-23 13:40:46.810377 (1137551) main____ INFO      LM_LICENSE_FILE   : '5280@license.rc.princeton.edu'
2026-02-23 13:40:46.810382 (1137551) main____ INFO      TMPDIR            : '/tmp/ab2113/jg_5018835_21'
2026-02-23 13:40:46.810386 (1137551) main____ INFO    ----------------------------------------
2026-02-23 13:40:46.811273 (1137551) lic_core INFO    Initializing license system ...
2026-02-23 13:40:46.812135 (1137551) lic_core INFO    ... license system initialized.
2026-02-23 13:40:46.812885 (1137551) lic__man INFO    Claim 'fpv' for <ui>.
2026-02-23 13:40:46.812925 (1137551) lic_core INFO    (1) checking out 'jasper_fpv' ...
2026-02-23 13:40:46.818337 (1137551) lic_core INFO    ... (1) checkout failed (error: -5) ("FLEXnet ERROR(-5, 0, 0): No such feature exists.")
2026-02-23 13:40:46.818392 (1137551) lic_core INFO    (2) checking out 'jasper_fao' ...
2026-02-23 13:40:46.828758 (1137551) lic_core INFO    ... (2) checkout succeeded
2026-02-23 13:40:46.842231 (1137551) session_ INFO    Starting analysis session with session id 'session_0' (launcher: <local>) ...
2026-02-23 13:40:46.845282 (1137551) session_ INFO    Analysis session with session id 'session_0' started (pid: 1137559)
2026-02-23 13:40:47.590292 (1137551) session_ INFO    Analysis session 'session_0' connected to the console (host: 127.0.0.1:59516)
2026-02-23 13:40:48.429429 (1137551) lic__man INFO    Unclaim everything for 'session_0'.
2026-02-23 13:40:48.502949 (1137551) lic__man INFO    Claim 'fpv' for 'session_0'.
2026-02-23 13:40:48.503000 (1137551) lic__man INFO    Claim 'fpv' for 'session_0/prove-0'.
2026-02-23 13:40:48.631370 (1137551) lic__man INFO    Unclaim everything for 'session_0/prove-0'.
2026-02-23 13:40:48.689257 (1137551) main____ INFO    About to exit: request to exit with status 0 received from analysis session 'session_0'
2026-02-23 13:40:48.793403 (1137551) session_ INFO    Analysis session 'session_0' disconnected.
2026-02-23 13:40:48.793540 (1137551) lic__man INFO    Unclaim everything for 'session_0'.
2026-02-23 13:40:48.794125 (1137551) session_ INFO    Process for analysis session 'session_0' has exited with exit status '0'.
2026-02-23 13:40:50.596481 (1137551) lic_core INFO    (2) checkin jasper_fao
2026-02-23 13:40:50.597911 (1137551) main____ INFO    Exiting with status 0.
