2026-02-23 13:49:57.661701 (939742) main____ INFO    ----------------------------------------
2026-02-23 13:49:57.661782 (939742) main____ INFO    JasperGold version info
2026-02-23 13:49:57.661798 (939742) main____ INFO      tool      : JasperGold 2021.03
2026-02-23 13:49:57.661806 (939742) main____ INFO      version   : 2021.03 FCS 64 bits
2026-02-23 13:49:57.661810 (939742) main____ INFO      build date: 2021.03.23 02:50:43 UTC
2026-02-23 13:49:57.661814 (939742) main____ INFO    ----------------------------------------
2026-02-23 13:49:57.661818 (939742) main____ INFO    Runtime info:
2026-02-23 13:49:57.661822 (939742) main____ INFO      platform  : Linux 5.14.0-570.84.1.el9_6.x86_64 x86_64
2026-02-23 13:49:57.661828 (939742) main____ INFO      hostname  : della-i13n12
2026-02-23 13:49:57.661832 (939742) main____ INFO      pid       : 939742
2026-02-23 13:49:57.661836 (939742) main____ INFO      arguments : '-style' 'windows' '-batch' '-proj' './verification_results/02905/jgproject' '-tcl' './jasper_verif_check.tcl'
2026-02-23 13:49:57.661844 (939742) main____ INFO      locale    : UTF-8
2026-02-23 13:49:57.661848 (939742) main____ INFO    ----------------------------------------
2026-02-23 13:49:57.661852 (939742) main____ INFO    System resource limits info:
2026-02-23 13:49:57.661856 (939742) main____ INFO      virtual memory: unlimited
2026-02-23 13:49:57.661860 (939742) main____ INFO      cpu time      : unlimited
2026-02-23 13:49:57.661864 (939742) main____ INFO      stack size    : unlimited
2026-02-23 13:49:57.661868 (939742) main____ INFO      core file size: unlimited
2026-02-23 13:49:57.661874 (939742) main____ INFO      open files    : 131072
2026-02-23 13:49:57.661878 (939742) main____ INFO      file size     : unlimited
2026-02-23 13:49:57.661882 (939742) main____ INFO    ----------------------------------------
2026-02-23 13:49:57.661886 (939742) main____ INFO    Memory statistics:
2026-02-23 13:49:57.661890 (939742) main____ INFO      total physical memory  : 394157548 kB
2026-02-23 13:49:57.661893 (939742) main____ INFO      free physical memory   : 231141880 kB
2026-02-23 13:49:57.661897 (939742) main____ INFO      committed address space: 109710400 kB
2026-02-23 13:49:57.661901 (939742) main____ INFO    ----------------------------------------
2026-02-23 13:49:57.662794 (939742) main____ INFO    Important environment variables:
2026-02-23 13:49:57.662809 (939742) main____ INFO      JASPER_HOME       : '/usr/licensed/cadence-20210126/jasper_2021.03'
2026-02-23 13:49:57.662814 (939742) main____ INFO      JASPER_INSTALL_DIR: '/scratch/gpfs/LICENSED/x86_64/cadence-20210126/jasper_2021.03'
2026-02-23 13:49:57.662819 (939742) main____ INFO      LANG              : 'en_US.UTF-8'
2026-02-23 13:49:57.662824 (939742) main____ INFO      LM_LICENSE_FILE   : '5280@license.rc.princeton.edu'
2026-02-23 13:49:57.662828 (939742) main____ INFO      TMPDIR            : '/tmp/ab2113/jg_5018960_50'
2026-02-23 13:49:57.662832 (939742) main____ INFO    ----------------------------------------
2026-02-23 13:49:57.663603 (939742) lic_core INFO    Initializing license system ...
2026-02-23 13:49:57.664377 (939742) lic_core INFO    ... license system initialized.
2026-02-23 13:49:57.665053 (939742) lic__man INFO    Claim 'fpv' for <ui>.
2026-02-23 13:49:57.665097 (939742) lic_core INFO    (1) checking out 'jasper_fpv' ...
2026-02-23 13:49:57.670638 (939742) lic_core INFO    ... (1) checkout failed (error: -5) ("FLEXnet ERROR(-5, 0, 0): No such feature exists.")
2026-02-23 13:49:57.670667 (939742) lic_core INFO    (2) checking out 'jasper_fao' ...
2026-02-23 13:49:57.681185 (939742) lic_core INFO    ... (2) checkout succeeded
2026-02-23 13:49:57.694427 (939742) session_ INFO    Starting analysis session with session id 'session_0' (launcher: <local>) ...
2026-02-23 13:49:57.697009 (939742) session_ INFO    Analysis session with session id 'session_0' started (pid: 939750)
2026-02-23 13:49:58.311252 (939742) session_ INFO    Analysis session 'session_0' connected to the console (host: 127.0.0.1:46500)
2026-02-23 13:49:58.946197 (939742) main____ INFO    About to exit: request to exit with status 1 received from analysis session 'session_0'
2026-02-23 13:49:59.013442 (939742) session_ INFO    Analysis session 'session_0' disconnected.
2026-02-23 13:49:59.013567 (939742) lic__man INFO    Unclaim everything for 'session_0'.
2026-02-23 13:49:59.014106 (939742) session_ INFO    Process for analysis session 'session_0' has exited with exit status '1'.
2026-02-23 13:50:00.991609 (939742) lic_core INFO    (2) checkin jasper_fao
2026-02-23 13:50:00.993138 (939742) main____ INFO    Exiting with status 1.
