2026-02-23 13:45:22.713706 (116190) main____ INFO    ----------------------------------------
2026-02-23 13:45:22.713798 (116190) main____ INFO    JasperGold version info
2026-02-23 13:45:22.713824 (116190) main____ INFO      tool      : JasperGold 2021.03
2026-02-23 13:45:22.713834 (116190) main____ INFO      version   : 2021.03 FCS 64 bits
2026-02-23 13:45:22.713840 (116190) main____ INFO      build date: 2021.03.23 02:50:43 UTC
2026-02-23 13:45:22.713845 (116190) main____ INFO    ----------------------------------------
2026-02-23 13:45:22.713851 (116190) main____ INFO    Runtime info:
2026-02-23 13:45:22.713856 (116190) main____ INFO      platform  : Linux 5.14.0-570.84.1.el9_6.x86_64 x86_64
2026-02-23 13:45:22.713864 (116190) main____ INFO      hostname  : della-h14n2
2026-02-23 13:45:22.713871 (116190) main____ INFO      pid       : 116190
2026-02-23 13:45:22.713876 (116190) main____ INFO      arguments : '-style' 'windows' '-batch' '-proj' './verification_results/00761/jgproject' '-tcl' './jasper_verif_check.tcl'
2026-02-23 13:45:22.713885 (116190) main____ INFO      locale    : UTF-8
2026-02-23 13:45:22.713890 (116190) main____ INFO    ----------------------------------------
2026-02-23 13:45:22.713896 (116190) main____ INFO    System resource limits info:
2026-02-23 13:45:22.713902 (116190) main____ INFO      virtual memory: unlimited
2026-02-23 13:45:22.713907 (116190) main____ INFO      cpu time      : unlimited
2026-02-23 13:45:22.713913 (116190) main____ INFO      stack size    : unlimited
2026-02-23 13:45:22.713919 (116190) main____ INFO      core file size: unlimited
2026-02-23 13:45:22.713926 (116190) main____ INFO      open files    : 131072
2026-02-23 13:45:22.713930 (116190) main____ INFO      file size     : unlimited
2026-02-23 13:45:22.713935 (116190) main____ INFO    ----------------------------------------
2026-02-23 13:45:22.713940 (116190) main____ INFO    Memory statistics:
2026-02-23 13:45:22.713946 (116190) main____ INFO      total physical memory  : 1584164328 kB
2026-02-23 13:45:22.713951 (116190) main____ INFO      free physical memory   : 753706888 kB
2026-02-23 13:45:22.713956 (116190) main____ INFO      committed address space: 665948484 kB
2026-02-23 13:45:22.713961 (116190) main____ INFO    ----------------------------------------
2026-02-23 13:45:22.714510 (116190) main____ INFO    Important environment variables:
2026-02-23 13:45:22.714525 (116190) main____ INFO      JASPER_HOME       : '/usr/licensed/cadence-20210126/jasper_2021.03'
2026-02-23 13:45:22.714532 (116190) main____ INFO      JASPER_INSTALL_DIR: '/scratch/gpfs/LICENSED/x86_64/cadence-20210126/jasper_2021.03'
2026-02-23 13:45:22.714538 (116190) main____ INFO      LANG              : 'en_US.UTF-8'
2026-02-23 13:45:22.714544 (116190) main____ INFO      LM_LICENSE_FILE   : '5280@license.rc.princeton.edu'
2026-02-23 13:45:22.714549 (116190) main____ INFO      TMPDIR            : '/tmp/ab2113/jg_5018796_7'
2026-02-23 13:45:22.714555 (116190) main____ INFO    ----------------------------------------
2026-02-23 13:45:22.715118 (116190) lic_core INFO    Initializing license system ...
2026-02-23 13:45:22.715694 (116190) lic_core INFO    ... license system initialized.
2026-02-23 13:45:22.716489 (116190) lic__man INFO    Claim 'fpv' for <ui>.
2026-02-23 13:45:22.716528 (116190) lic_core INFO    (1) checking out 'jasper_fpv' ...
2026-02-23 13:45:22.721833 (116190) lic_core INFO    ... (1) checkout failed (error: -5) ("FLEXnet ERROR(-5, 0, 0): No such feature exists.")
2026-02-23 13:45:22.721895 (116190) lic_core INFO    (2) checking out 'jasper_fao' ...
2026-02-23 13:45:22.730645 (116190) lic_core INFO    ... (2) checkout succeeded
2026-02-23 13:45:22.743590 (116190) session_ INFO    Starting analysis session with session id 'session_0' (launcher: <local>) ...
2026-02-23 13:45:22.746485 (116190) session_ INFO    Analysis session with session id 'session_0' started (pid: 116198)
2026-02-23 13:45:23.381315 (116190) session_ INFO    Analysis session 'session_0' connected to the console (host: 127.0.0.1:49412)
2026-02-23 13:45:23.894910 (116190) main____ INFO    About to exit: request to exit with status 1 received from analysis session 'session_0'
2026-02-23 13:45:23.956551 (116190) session_ INFO    Analysis session 'session_0' disconnected.
2026-02-23 13:45:23.956693 (116190) lic__man INFO    Unclaim everything for 'session_0'.
2026-02-23 13:45:23.957494 (116190) session_ INFO    Process for analysis session 'session_0' has exited with exit status '1'.
2026-02-23 13:45:25.966506 (116190) lic_core INFO    (2) checkin jasper_fao
2026-02-23 13:45:25.967954 (116190) main____ INFO    Exiting with status 1.
