2026-02-23 13:52:16.554164 (155046) main____ INFO    ----------------------------------------
2026-02-23 13:52:16.554251 (155046) main____ INFO    JasperGold version info
2026-02-23 13:52:16.554269 (155046) main____ INFO      tool      : JasperGold 2021.03
2026-02-23 13:52:16.554278 (155046) main____ INFO      version   : 2021.03 FCS 64 bits
2026-02-23 13:52:16.554284 (155046) main____ INFO      build date: 2021.03.23 02:50:43 UTC
2026-02-23 13:52:16.554289 (155046) main____ INFO    ----------------------------------------
2026-02-23 13:52:16.554294 (155046) main____ INFO    Runtime info:
2026-02-23 13:52:16.554300 (155046) main____ INFO      platform  : Linux 5.14.0-570.84.1.el9_6.x86_64 x86_64
2026-02-23 13:52:16.554306 (155046) main____ INFO      hostname  : della-h14n2
2026-02-23 13:52:16.554311 (155046) main____ INFO      pid       : 155046
2026-02-23 13:52:16.554317 (155046) main____ INFO      arguments : '-style' 'windows' '-batch' '-proj' './verification_results/03261/jgproject' '-tcl' './jasper_verif_check.tcl'
2026-02-23 13:52:16.554327 (155046) main____ INFO      locale    : UTF-8
2026-02-23 13:52:16.554332 (155046) main____ INFO    ----------------------------------------
2026-02-23 13:52:16.554336 (155046) main____ INFO    System resource limits info:
2026-02-23 13:52:16.554342 (155046) main____ INFO      virtual memory: unlimited
2026-02-23 13:52:16.554347 (155046) main____ INFO      cpu time      : unlimited
2026-02-23 13:52:16.554351 (155046) main____ INFO      stack size    : unlimited
2026-02-23 13:52:16.554356 (155046) main____ INFO      core file size: unlimited
2026-02-23 13:52:16.554365 (155046) main____ INFO      open files    : 131072
2026-02-23 13:52:16.554370 (155046) main____ INFO      file size     : unlimited
2026-02-23 13:52:16.554375 (155046) main____ INFO    ----------------------------------------
2026-02-23 13:52:16.554381 (155046) main____ INFO    Memory statistics:
2026-02-23 13:52:16.554386 (155046) main____ INFO      total physical memory  : 1584164328 kB
2026-02-23 13:52:16.554391 (155046) main____ INFO      free physical memory   : 761566940 kB
2026-02-23 13:52:16.554396 (155046) main____ INFO      committed address space: 663672372 kB
2026-02-23 13:52:16.554400 (155046) main____ INFO    ----------------------------------------
2026-02-23 13:52:16.554938 (155046) main____ INFO    Important environment variables:
2026-02-23 13:52:16.554954 (155046) main____ INFO      JASPER_HOME       : '/usr/licensed/cadence-20210126/jasper_2021.03'
2026-02-23 13:52:16.554960 (155046) main____ INFO      JASPER_INSTALL_DIR: '/scratch/gpfs/LICENSED/x86_64/cadence-20210126/jasper_2021.03'
2026-02-23 13:52:16.554966 (155046) main____ INFO      LANG              : 'en_US.UTF-8'
2026-02-23 13:52:16.554971 (155046) main____ INFO      LM_LICENSE_FILE   : '5280@license.rc.princeton.edu'
2026-02-23 13:52:16.554976 (155046) main____ INFO      TMPDIR            : '/tmp/ab2113/jg_5018997_57'
2026-02-23 13:52:16.554982 (155046) main____ INFO    ----------------------------------------
2026-02-23 13:52:16.555483 (155046) lic_core INFO    Initializing license system ...
2026-02-23 13:52:16.556093 (155046) lic_core INFO    ... license system initialized.
2026-02-23 13:52:16.556939 (155046) lic__man INFO    Claim 'fpv' for <ui>.
2026-02-23 13:52:16.556975 (155046) lic_core INFO    (1) checking out 'jasper_fpv' ...
2026-02-23 13:52:16.563125 (155046) lic_core INFO    ... (1) checkout failed (error: -5) ("FLEXnet ERROR(-5, 0, 0): No such feature exists.")
2026-02-23 13:52:16.563159 (155046) lic_core INFO    (2) checking out 'jasper_fao' ...
2026-02-23 13:52:16.572357 (155046) lic_core INFO    ... (2) checkout succeeded
2026-02-23 13:52:16.584183 (155046) session_ INFO    Starting analysis session with session id 'session_0' (launcher: <local>) ...
2026-02-23 13:52:16.588128 (155046) session_ INFO    Analysis session with session id 'session_0' started (pid: 155054)
2026-02-23 13:52:17.176841 (155046) session_ INFO    Analysis session 'session_0' connected to the console (host: 127.0.0.1:45500)
2026-02-23 13:52:17.972239 (155046) lic__man INFO    Unclaim everything for 'session_0'.
2026-02-23 13:52:18.010934 (155046) lic__man INFO    Claim 'fpv' for 'session_0'.
2026-02-23 13:52:18.010979 (155046) lic__man INFO    Claim 'fpv' for 'session_0/prove-0'.
2026-02-23 13:52:18.167071 (155046) lic__man INFO    Unclaim everything for 'session_0/prove-0'.
2026-02-23 13:52:18.223907 (155046) main____ INFO    About to exit: request to exit with status 0 received from analysis session 'session_0'
2026-02-23 13:52:18.292926 (155046) session_ INFO    Analysis session 'session_0' disconnected.
2026-02-23 13:52:18.293105 (155046) lic__man INFO    Unclaim everything for 'session_0'.
2026-02-23 13:52:18.293696 (155046) session_ INFO    Process for analysis session 'session_0' has exited with exit status '0'.
2026-02-23 13:52:20.332414 (155046) lic_core INFO    (2) checkin jasper_fao
2026-02-23 13:52:20.333995 (155046) main____ INFO    Exiting with status 0.
