2026-02-23 14:01:23.620299 (351089) main____ INFO    ----------------------------------------
2026-02-23 14:01:23.620367 (351089) main____ INFO    JasperGold version info
2026-02-23 14:01:23.620385 (351089) main____ INFO      tool      : JasperGold 2021.03
2026-02-23 14:01:23.620394 (351089) main____ INFO      version   : 2021.03 FCS 64 bits
2026-02-23 14:01:23.620399 (351089) main____ INFO      build date: 2021.03.23 02:50:43 UTC
2026-02-23 14:01:23.620404 (351089) main____ INFO    ----------------------------------------
2026-02-23 14:01:23.620409 (351089) main____ INFO    Runtime info:
2026-02-23 14:01:23.620414 (351089) main____ INFO      platform  : Linux 5.14.0-570.84.1.el9_6.x86_64 x86_64
2026-02-23 14:01:23.620420 (351089) main____ INFO      hostname  : della-h16n10
2026-02-23 14:01:23.620425 (351089) main____ INFO      pid       : 351089
2026-02-23 14:01:23.620430 (351089) main____ INFO      arguments : '-style' 'windows' '-batch' '-proj' './verification_results/01759/jgproject' '-tcl' './jasper_verif_check.tcl'
2026-02-23 14:01:23.620436 (351089) main____ INFO      locale    : UTF-8
2026-02-23 14:01:23.620441 (351089) main____ INFO    ----------------------------------------
2026-02-23 14:01:23.620446 (351089) main____ INFO    System resource limits info:
2026-02-23 14:01:23.620451 (351089) main____ INFO      virtual memory: unlimited
2026-02-23 14:01:23.620456 (351089) main____ INFO      cpu time      : unlimited
2026-02-23 14:01:23.620461 (351089) main____ INFO      stack size    : unlimited
2026-02-23 14:01:23.620467 (351089) main____ INFO      core file size: unlimited
2026-02-23 14:01:23.620473 (351089) main____ INFO      open files    : 131072
2026-02-23 14:01:23.620478 (351089) main____ INFO      file size     : unlimited
2026-02-23 14:01:23.620483 (351089) main____ INFO    ----------------------------------------
2026-02-23 14:01:23.620488 (351089) main____ INFO    Memory statistics:
2026-02-23 14:01:23.620493 (351089) main____ INFO      total physical memory  : 1584164356 kB
2026-02-23 14:01:23.620497 (351089) main____ INFO      free physical memory   : 975746544 kB
2026-02-23 14:01:23.620502 (351089) main____ INFO      committed address space: 601104860 kB
2026-02-23 14:01:23.620507 (351089) main____ INFO    ----------------------------------------
2026-02-23 14:01:23.621011 (351089) main____ INFO    Important environment variables:
2026-02-23 14:01:23.621023 (351089) main____ INFO      JASPER_HOME       : '/usr/licensed/cadence-20210126/jasper_2021.03'
2026-02-23 14:01:23.621029 (351089) main____ INFO      JASPER_INSTALL_DIR: '/scratch/gpfs/LICENSED/x86_64/cadence-20210126/jasper_2021.03'
2026-02-23 14:01:23.621034 (351089) main____ INFO      LANG              : 'en_US.UTF-8'
2026-02-23 14:01:23.621039 (351089) main____ INFO      LM_LICENSE_FILE   : '5280@license.rc.princeton.edu'
2026-02-23 14:01:23.621045 (351089) main____ INFO      TMPDIR            : '/tmp/ab2113/jg_5018848_27'
2026-02-23 14:01:23.621050 (351089) main____ INFO    ----------------------------------------
2026-02-23 14:01:23.621489 (351089) lic_core INFO    Initializing license system ...
2026-02-23 14:01:23.621999 (351089) lic_core INFO    ... license system initialized.
2026-02-23 14:01:23.622710 (351089) lic__man INFO    Claim 'fpv' for <ui>.
2026-02-23 14:01:23.622741 (351089) lic_core INFO    (1) checking out 'jasper_fpv' ...
2026-02-23 14:01:23.628607 (351089) lic_core INFO    ... (1) checkout failed (error: -5) ("FLEXnet ERROR(-5, 0, 0): No such feature exists.")
2026-02-23 14:01:23.628633 (351089) lic_core INFO    (2) checking out 'jasper_fao' ...
2026-02-23 14:01:23.637006 (351089) lic_core INFO    ... (2) checkout succeeded
2026-02-23 14:01:23.647113 (351089) session_ INFO    Starting analysis session with session id 'session_0' (launcher: <local>) ...
2026-02-23 14:01:23.649467 (351089) session_ INFO    Analysis session with session id 'session_0' started (pid: 351097)
2026-02-23 14:01:24.203074 (351089) session_ INFO    Analysis session 'session_0' connected to the console (host: 127.0.0.1:41986)
2026-02-23 14:01:24.960931 (351089) lic__man INFO    Unclaim everything for 'session_0'.
2026-02-23 14:01:24.994819 (351089) lic__man INFO    Claim 'fpv' for 'session_0'.
2026-02-23 14:01:24.994850 (351089) lic__man INFO    Claim 'fpv' for 'session_0/prove-0'.
2026-02-23 14:01:25.339213 (351089) lic__man INFO    Unclaim everything for 'session_0/prove-0'.
2026-02-23 14:01:25.392171 (351089) main____ INFO    About to exit: request to exit with status 0 received from analysis session 'session_0'
2026-02-23 14:01:25.447406 (351089) session_ INFO    Analysis session 'session_0' disconnected.
2026-02-23 14:01:25.447527 (351089) lic__man INFO    Unclaim everything for 'session_0'.
2026-02-23 14:01:25.449231 (351089) session_ INFO    Process for analysis session 'session_0' has exited with exit status '0'.
2026-02-23 14:01:27.499776 (351089) lic_core INFO    (2) checkin jasper_fao
2026-02-23 14:01:27.501478 (351089) main____ INFO    Exiting with status 0.
