2026-02-23 13:47:10.348519 (926842) main____ INFO    ----------------------------------------
2026-02-23 13:47:10.348611 (926842) main____ INFO    JasperGold version info
2026-02-23 13:47:10.348626 (926842) main____ INFO      tool      : JasperGold 2021.03
2026-02-23 13:47:10.348635 (926842) main____ INFO      version   : 2021.03 FCS 64 bits
2026-02-23 13:47:10.348641 (926842) main____ INFO      build date: 2021.03.23 02:50:43 UTC
2026-02-23 13:47:10.348646 (926842) main____ INFO    ----------------------------------------
2026-02-23 13:47:10.348652 (926842) main____ INFO    Runtime info:
2026-02-23 13:47:10.348658 (926842) main____ INFO      platform  : Linux 5.14.0-570.84.1.el9_6.x86_64 x86_64
2026-02-23 13:47:10.348665 (926842) main____ INFO      hostname  : della-h14n16
2026-02-23 13:47:10.348671 (926842) main____ INFO      pid       : 926842
2026-02-23 13:47:10.348678 (926842) main____ INFO      arguments : '-style' 'windows' '-batch' '-proj' './verification_results/02301/jgproject' '-tcl' './jasper_verif_check.tcl'
2026-02-23 13:47:10.348689 (926842) main____ INFO      locale    : UTF-8
2026-02-23 13:47:10.348695 (926842) main____ INFO    ----------------------------------------
2026-02-23 13:47:10.348701 (926842) main____ INFO    System resource limits info:
2026-02-23 13:47:10.348707 (926842) main____ INFO      virtual memory: unlimited
2026-02-23 13:47:10.348713 (926842) main____ INFO      cpu time      : unlimited
2026-02-23 13:47:10.348718 (926842) main____ INFO      stack size    : unlimited
2026-02-23 13:47:10.348724 (926842) main____ INFO      core file size: unlimited
2026-02-23 13:47:10.348732 (926842) main____ INFO      open files    : 131072
2026-02-23 13:47:10.348738 (926842) main____ INFO      file size     : unlimited
2026-02-23 13:47:10.348744 (926842) main____ INFO    ----------------------------------------
2026-02-23 13:47:10.348749 (926842) main____ INFO    Memory statistics:
2026-02-23 13:47:10.348756 (926842) main____ INFO      total physical memory  : 1584164324 kB
2026-02-23 13:47:10.348761 (926842) main____ INFO      free physical memory   : 930351160 kB
2026-02-23 13:47:10.348767 (926842) main____ INFO      committed address space: 444984692 kB
2026-02-23 13:47:10.348772 (926842) main____ INFO    ----------------------------------------
2026-02-23 13:47:10.349297 (926842) main____ INFO    Important environment variables:
2026-02-23 13:47:10.349311 (926842) main____ INFO      JASPER_HOME       : '/usr/licensed/cadence-20210126/jasper_2021.03'
2026-02-23 13:47:10.349319 (926842) main____ INFO      JASPER_INSTALL_DIR: '/scratch/gpfs/LICENSED/x86_64/cadence-20210126/jasper_2021.03'
2026-02-23 13:47:10.349325 (926842) main____ INFO      LANG              : 'en_US.UTF-8'
2026-02-23 13:47:10.349332 (926842) main____ INFO      LM_LICENSE_FILE   : '5280@license.rc.princeton.edu'
2026-02-23 13:47:10.349338 (926842) main____ INFO      TMPDIR            : '/tmp/ab2113/jg_5018903_38'
2026-02-23 13:47:10.349343 (926842) main____ INFO    ----------------------------------------
2026-02-23 13:47:10.349847 (926842) lic_core INFO    Initializing license system ...
2026-02-23 13:47:10.350427 (926842) lic_core INFO    ... license system initialized.
2026-02-23 13:47:10.351258 (926842) lic__man INFO    Claim 'fpv' for <ui>.
2026-02-23 13:47:10.351295 (926842) lic_core INFO    (1) checking out 'jasper_fpv' ...
2026-02-23 13:47:10.357767 (926842) lic_core INFO    ... (1) checkout failed (error: -5) ("FLEXnet ERROR(-5, 0, 0): No such feature exists.")
2026-02-23 13:47:10.357797 (926842) lic_core INFO    (2) checking out 'jasper_fao' ...
2026-02-23 13:47:10.367618 (926842) lic_core INFO    ... (2) checkout succeeded
2026-02-23 13:47:10.378937 (926842) session_ INFO    Starting analysis session with session id 'session_0' (launcher: <local>) ...
2026-02-23 13:47:10.382092 (926842) session_ INFO    Analysis session with session id 'session_0' started (pid: 926850)
2026-02-23 13:47:11.341513 (926842) session_ INFO    Analysis session 'session_0' connected to the console (host: 127.0.0.1:55234)
2026-02-23 13:47:11.866791 (926842) main____ INFO    About to exit: request to exit with status 1 received from analysis session 'session_0'
2026-02-23 13:47:11.950350 (926842) session_ INFO    Analysis session 'session_0' disconnected.
2026-02-23 13:47:11.950842 (926842) lic__man INFO    Unclaim everything for 'session_0'.
2026-02-23 13:47:11.954037 (926842) session_ INFO    Process for analysis session 'session_0' has exited with exit status '1'.
2026-02-23 13:47:13.980001 (926842) lic_core INFO    (2) checkin jasper_fao
2026-02-23 13:47:13.981918 (926842) main____ INFO    Exiting with status 1.
