2026-02-23 13:41:09.692283 (926955) main____ INFO    ----------------------------------------
2026-02-23 13:41:09.692352 (926955) main____ INFO    JasperGold version info
2026-02-23 13:41:09.692368 (926955) main____ INFO      tool      : JasperGold 2021.03
2026-02-23 13:41:09.692375 (926955) main____ INFO      version   : 2021.03 FCS 64 bits
2026-02-23 13:41:09.692380 (926955) main____ INFO      build date: 2021.03.23 02:50:43 UTC
2026-02-23 13:41:09.692384 (926955) main____ INFO    ----------------------------------------
2026-02-23 13:41:09.692387 (926955) main____ INFO    Runtime info:
2026-02-23 13:41:09.692391 (926955) main____ INFO      platform  : Linux 5.14.0-570.84.1.el9_6.x86_64 x86_64
2026-02-23 13:41:09.692397 (926955) main____ INFO      hostname  : della-i13n12
2026-02-23 13:41:09.692401 (926955) main____ INFO      pid       : 926955
2026-02-23 13:41:09.692405 (926955) main____ INFO      arguments : '-style' 'windows' '-batch' '-proj' './verification_results/01471/jgproject' '-tcl' './jasper_verif_check.tcl'
2026-02-23 13:41:09.692412 (926955) main____ INFO      locale    : UTF-8
2026-02-23 13:41:09.692416 (926955) main____ INFO    ----------------------------------------
2026-02-23 13:41:09.692419 (926955) main____ INFO    System resource limits info:
2026-02-23 13:41:09.692423 (926955) main____ INFO      virtual memory: unlimited
2026-02-23 13:41:09.692427 (926955) main____ INFO      cpu time      : unlimited
2026-02-23 13:41:09.692431 (926955) main____ INFO      stack size    : unlimited
2026-02-23 13:41:09.692435 (926955) main____ INFO      core file size: unlimited
2026-02-23 13:41:09.692440 (926955) main____ INFO      open files    : 131072
2026-02-23 13:41:09.692444 (926955) main____ INFO      file size     : unlimited
2026-02-23 13:41:09.692448 (926955) main____ INFO    ----------------------------------------
2026-02-23 13:41:09.692452 (926955) main____ INFO    Memory statistics:
2026-02-23 13:41:09.692456 (926955) main____ INFO      total physical memory  : 394157548 kB
2026-02-23 13:41:09.692459 (926955) main____ INFO      free physical memory   : 224135684 kB
2026-02-23 13:41:09.692463 (926955) main____ INFO      committed address space: 109469128 kB
2026-02-23 13:41:09.692466 (926955) main____ INFO    ----------------------------------------
2026-02-23 13:41:09.693338 (926955) main____ INFO    Important environment variables:
2026-02-23 13:41:09.693351 (926955) main____ INFO      JASPER_HOME       : '/usr/licensed/cadence-20210126/jasper_2021.03'
2026-02-23 13:41:09.693357 (926955) main____ INFO      JASPER_INSTALL_DIR: '/scratch/gpfs/LICENSED/x86_64/cadence-20210126/jasper_2021.03'
2026-02-23 13:41:09.693362 (926955) main____ INFO      LANG              : 'en_US.UTF-8'
2026-02-23 13:41:09.693366 (926955) main____ INFO      LM_LICENSE_FILE   : '5280@license.rc.princeton.edu'
2026-02-23 13:41:09.693371 (926955) main____ INFO      TMPDIR            : '/tmp/ab2113/jg_5018840_22'
2026-02-23 13:41:09.693375 (926955) main____ INFO    ----------------------------------------
2026-02-23 13:41:09.694136 (926955) lic_core INFO    Initializing license system ...
2026-02-23 13:41:09.694880 (926955) lic_core INFO    ... license system initialized.
2026-02-23 13:41:09.695546 (926955) lic__man INFO    Claim 'fpv' for <ui>.
2026-02-23 13:41:09.695578 (926955) lic_core INFO    (1) checking out 'jasper_fpv' ...
2026-02-23 13:41:09.700876 (926955) lic_core INFO    ... (1) checkout failed (error: -5) ("FLEXnet ERROR(-5, 0, 0): No such feature exists.")
2026-02-23 13:41:09.700906 (926955) lic_core INFO    (2) checking out 'jasper_fao' ...
2026-02-23 13:41:09.710860 (926955) lic_core INFO    ... (2) checkout succeeded
2026-02-23 13:41:09.723845 (926955) session_ INFO    Starting analysis session with session id 'session_0' (launcher: <local>) ...
2026-02-23 13:41:09.726511 (926955) session_ INFO    Analysis session with session id 'session_0' started (pid: 926963)
2026-02-23 13:41:10.339936 (926955) session_ INFO    Analysis session 'session_0' connected to the console (host: 127.0.0.1:57138)
2026-02-23 13:41:11.394704 (926955) lic__man INFO    Unclaim everything for 'session_0'.
2026-02-23 13:41:11.452763 (926955) lic__man INFO    Claim 'fpv' for 'session_0'.
2026-02-23 13:41:11.452797 (926955) lic__man INFO    Claim 'fpv' for 'session_0/prove-0'.
2026-02-23 13:41:17.763710 (926955) lic__man INFO    Unclaim everything for 'session_0/prove-0'.
2026-02-23 13:41:17.819162 (926955) main____ INFO    About to exit: request to exit with status 0 received from analysis session 'session_0'
2026-02-23 13:41:17.896134 (926955) session_ INFO    Analysis session 'session_0' disconnected.
2026-02-23 13:41:17.896249 (926955) lic__man INFO    Unclaim everything for 'session_0'.
2026-02-23 13:41:17.896748 (926955) session_ INFO    Process for analysis session 'session_0' has exited with exit status '0'.
2026-02-23 13:41:19.924575 (926955) lic_core INFO    (2) checkin jasper_fao
2026-02-23 13:41:19.926411 (926955) main____ INFO    Exiting with status 0.
