2026-02-23 13:42:41.703140 (929266) main____ INFO    ----------------------------------------
2026-02-23 13:42:41.703212 (929266) main____ INFO    JasperGold version info
2026-02-23 13:42:41.703229 (929266) main____ INFO      tool      : JasperGold 2021.03
2026-02-23 13:42:41.703237 (929266) main____ INFO      version   : 2021.03 FCS 64 bits
2026-02-23 13:42:41.703242 (929266) main____ INFO      build date: 2021.03.23 02:50:43 UTC
2026-02-23 13:42:41.703246 (929266) main____ INFO    ----------------------------------------
2026-02-23 13:42:41.703250 (929266) main____ INFO    Runtime info:
2026-02-23 13:42:41.703254 (929266) main____ INFO      platform  : Linux 5.14.0-570.84.1.el9_6.x86_64 x86_64
2026-02-23 13:42:41.703259 (929266) main____ INFO      hostname  : della-i13n12
2026-02-23 13:42:41.703263 (929266) main____ INFO      pid       : 929266
2026-02-23 13:42:41.703268 (929266) main____ INFO      arguments : '-style' 'windows' '-batch' '-proj' './verification_results/01494/jgproject' '-tcl' './jasper_verif_check.tcl'
2026-02-23 13:42:41.703275 (929266) main____ INFO      locale    : UTF-8
2026-02-23 13:42:41.703279 (929266) main____ INFO    ----------------------------------------
2026-02-23 13:42:41.703282 (929266) main____ INFO    System resource limits info:
2026-02-23 13:42:41.703286 (929266) main____ INFO      virtual memory: unlimited
2026-02-23 13:42:41.703290 (929266) main____ INFO      cpu time      : unlimited
2026-02-23 13:42:41.703294 (929266) main____ INFO      stack size    : unlimited
2026-02-23 13:42:41.703298 (929266) main____ INFO      core file size: unlimited
2026-02-23 13:42:41.703304 (929266) main____ INFO      open files    : 131072
2026-02-23 13:42:41.703308 (929266) main____ INFO      file size     : unlimited
2026-02-23 13:42:41.703312 (929266) main____ INFO    ----------------------------------------
2026-02-23 13:42:41.703316 (929266) main____ INFO    Memory statistics:
2026-02-23 13:42:41.703320 (929266) main____ INFO      total physical memory  : 394157548 kB
2026-02-23 13:42:41.703324 (929266) main____ INFO      free physical memory   : 223905264 kB
2026-02-23 13:42:41.703328 (929266) main____ INFO      committed address space: 109660424 kB
2026-02-23 13:42:41.703332 (929266) main____ INFO    ----------------------------------------
2026-02-23 13:42:41.704225 (929266) main____ INFO    Important environment variables:
2026-02-23 13:42:41.704239 (929266) main____ INFO      JASPER_HOME       : '/usr/licensed/cadence-20210126/jasper_2021.03'
2026-02-23 13:42:41.704245 (929266) main____ INFO      JASPER_INSTALL_DIR: '/scratch/gpfs/LICENSED/x86_64/cadence-20210126/jasper_2021.03'
2026-02-23 13:42:41.704250 (929266) main____ INFO      LANG              : 'en_US.UTF-8'
2026-02-23 13:42:41.704254 (929266) main____ INFO      LM_LICENSE_FILE   : '5280@license.rc.princeton.edu'
2026-02-23 13:42:41.704259 (929266) main____ INFO      TMPDIR            : '/tmp/ab2113/jg_5018840_22'
2026-02-23 13:42:41.704263 (929266) main____ INFO    ----------------------------------------
2026-02-23 13:42:41.705044 (929266) lic_core INFO    Initializing license system ...
2026-02-23 13:42:41.705794 (929266) lic_core INFO    ... license system initialized.
2026-02-23 13:42:41.706468 (929266) lic__man INFO    Claim 'fpv' for <ui>.
2026-02-23 13:42:41.706500 (929266) lic_core INFO    (1) checking out 'jasper_fpv' ...
2026-02-23 13:42:41.711839 (929266) lic_core INFO    ... (1) checkout failed (error: -5) ("FLEXnet ERROR(-5, 0, 0): No such feature exists.")
2026-02-23 13:42:41.711882 (929266) lic_core INFO    (2) checking out 'jasper_fao' ...
2026-02-23 13:42:41.722048 (929266) lic_core INFO    ... (2) checkout succeeded
2026-02-23 13:42:41.735431 (929266) session_ INFO    Starting analysis session with session id 'session_0' (launcher: <local>) ...
2026-02-23 13:42:41.738002 (929266) session_ INFO    Analysis session with session id 'session_0' started (pid: 929274)
2026-02-23 13:42:42.347482 (929266) session_ INFO    Analysis session 'session_0' connected to the console (host: 127.0.0.1:43668)
2026-02-23 13:42:42.882180 (929266) main____ INFO    About to exit: request to exit with status 1 received from analysis session 'session_0'
2026-02-23 13:42:42.949605 (929266) session_ INFO    Analysis session 'session_0' disconnected.
2026-02-23 13:42:42.949728 (929266) lic__man INFO    Unclaim everything for 'session_0'.
2026-02-23 13:42:42.950228 (929266) session_ INFO    Process for analysis session 'session_0' has exited with exit status '1'.
2026-02-23 13:42:44.988280 (929266) lic_core INFO    (2) checkin jasper_fao
2026-02-23 13:42:44.989847 (929266) main____ INFO    Exiting with status 1.
