2026-02-20 17:27:28.262975 (2525730) main____ INFO    ----------------------------------------
2026-02-20 17:27:28.263092 (2525730) main____ INFO    JasperGold version info
2026-02-20 17:27:28.263113 (2525730) main____ INFO      tool      : JasperGold 2021.03
2026-02-20 17:27:28.263122 (2525730) main____ INFO      version   : 2021.03 FCS 64 bits
2026-02-20 17:27:28.263127 (2525730) main____ INFO      build date: 2021.03.23 02:50:43 UTC
2026-02-20 17:27:28.263131 (2525730) main____ INFO    ----------------------------------------
2026-02-20 17:27:28.263135 (2525730) main____ INFO    Runtime info:
2026-02-20 17:27:28.263139 (2525730) main____ INFO      platform  : Linux 5.14.0-570.84.1.el9_6.x86_64 x86_64
2026-02-20 17:27:28.263146 (2525730) main____ INFO      hostname  : della-i13n22
2026-02-20 17:27:28.263150 (2525730) main____ INFO      pid       : 2525730
2026-02-20 17:27:28.263154 (2525730) main____ INFO      arguments : '-style' 'windows' '-batch' '-proj' 'verification_results/00175/jgproject' '-tcl' './jasper_verif_check.tcl'
2026-02-20 17:27:28.263162 (2525730) main____ INFO      locale    : UTF-8
2026-02-20 17:27:28.263166 (2525730) main____ INFO    ----------------------------------------
2026-02-20 17:27:28.263169 (2525730) main____ INFO    System resource limits info:
2026-02-20 17:27:28.263173 (2525730) main____ INFO      virtual memory: unlimited
2026-02-20 17:27:28.263177 (2525730) main____ INFO      cpu time      : unlimited
2026-02-20 17:27:28.263181 (2525730) main____ INFO      stack size    : unlimited
2026-02-20 17:27:28.263185 (2525730) main____ INFO      core file size: unlimited
2026-02-20 17:27:28.263193 (2525730) main____ INFO      open files    : 131072
2026-02-20 17:27:28.263198 (2525730) main____ INFO      file size     : unlimited
2026-02-20 17:27:28.263202 (2525730) main____ INFO    ----------------------------------------
2026-02-20 17:27:28.263206 (2525730) main____ INFO    Memory statistics:
2026-02-20 17:27:28.263210 (2525730) main____ INFO      total physical memory  : 394157548 kB
2026-02-20 17:27:28.263214 (2525730) main____ INFO      free physical memory   : 197595148 kB
2026-02-20 17:27:28.263217 (2525730) main____ INFO      committed address space: 161622512 kB
2026-02-20 17:27:28.263221 (2525730) main____ INFO    ----------------------------------------
2026-02-20 17:27:28.264109 (2525730) main____ INFO    Important environment variables:
2026-02-20 17:27:28.264128 (2525730) main____ INFO      JASPER_HOME       : '/usr/licensed/cadence-20210126/jasper_2021.03'
2026-02-20 17:27:28.264135 (2525730) main____ INFO      JASPER_INSTALL_DIR: '/scratch/gpfs/LICENSED/x86_64/cadence-20210126/jasper_2021.03'
2026-02-20 17:27:28.264141 (2525730) main____ INFO      LANG              : 'en_US.UTF-8'
2026-02-20 17:27:28.264145 (2525730) main____ INFO      LM_LICENSE_FILE   : '5280@license.rc.princeton.edu'
2026-02-20 17:27:28.264150 (2525730) main____ INFO      TMPDIR            : '/tmp'
2026-02-20 17:27:28.264154 (2525730) main____ INFO    ----------------------------------------
2026-02-20 17:27:28.265146 (2525730) lic_core INFO    Initializing license system ...
2026-02-20 17:27:28.266065 (2525730) lic_core INFO    ... license system initialized.
2026-02-20 17:27:28.266921 (2525730) lic__man INFO    Claim 'fpv' for <ui>.
2026-02-20 17:27:28.266974 (2525730) lic_core INFO    (1) checking out 'jasper_fpv' ...
2026-02-20 17:27:28.273360 (2525730) lic_core INFO    ... (1) checkout failed (error: -5) ("FLEXnet ERROR(-5, 0, 0): No such feature exists.")
2026-02-20 17:27:28.273436 (2525730) lic_core INFO    (2) checking out 'jasper_fao' ...
2026-02-20 17:27:28.285396 (2525730) lic_core INFO    ... (2) checkout succeeded
2026-02-20 17:27:28.300003 (2525730) session_ INFO    Starting analysis session with session id 'session_0' (launcher: <local>) ...
2026-02-20 17:27:28.303312 (2525730) session_ INFO    Analysis session with session id 'session_0' started (pid: 2525738)
2026-02-20 17:27:29.061995 (2525730) session_ INFO    Analysis session 'session_0' connected to the console (host: 127.0.0.1:54486)
2026-02-20 17:27:29.905339 (2525730) lic__man INFO    Unclaim everything for 'session_0'.
2026-02-20 17:27:29.952732 (2525730) lic__man INFO    Claim 'fpv' for 'session_0'.
2026-02-20 17:27:29.952789 (2525730) lic__man INFO    Claim 'fpv' for 'session_0/prove-0'.
2026-02-20 17:27:30.086863 (2525730) lic__man INFO    Unclaim everything for 'session_0/prove-0'.
2026-02-20 17:27:30.145513 (2525730) main____ INFO    About to exit: request to exit with status 0 received from analysis session 'session_0'
2026-02-20 17:27:30.242840 (2525730) session_ INFO    Analysis session 'session_0' disconnected.
2026-02-20 17:27:30.242976 (2525730) lic__man INFO    Unclaim everything for 'session_0'.
2026-02-20 17:27:30.243594 (2525730) session_ INFO    Process for analysis session 'session_0' has exited with exit status '0'.
2026-02-20 17:27:32.054537 (2525730) lic_core INFO    (2) checkin jasper_fao
2026-02-20 17:27:32.055897 (2525730) main____ INFO    Exiting with status 0.
