2026-02-23 13:53:16.308399 (3917677) main____ INFO    ----------------------------------------
2026-02-23 13:53:16.308502 (3917677) main____ INFO    JasperGold version info
2026-02-23 13:53:16.308520 (3917677) main____ INFO      tool      : JasperGold 2021.03
2026-02-23 13:53:16.308529 (3917677) main____ INFO      version   : 2021.03 FCS 64 bits
2026-02-23 13:53:16.308534 (3917677) main____ INFO      build date: 2021.03.23 02:50:43 UTC
2026-02-23 13:53:16.308538 (3917677) main____ INFO    ----------------------------------------
2026-02-23 13:53:16.308542 (3917677) main____ INFO    Runtime info:
2026-02-23 13:53:16.308547 (3917677) main____ INFO      platform  : Linux 5.14.0-570.84.1.el9_6.x86_64 x86_64
2026-02-23 13:53:16.308553 (3917677) main____ INFO      hostname  : della-r3c3n11
2026-02-23 13:53:16.308557 (3917677) main____ INFO      pid       : 3917677
2026-02-23 13:53:16.308562 (3917677) main____ INFO      arguments : '-style' 'windows' '-batch' '-proj' './verification_results/03771/jgproject' '-tcl' './jasper_verif_check.tcl'
2026-02-23 13:53:16.308570 (3917677) main____ INFO      locale    : UTF-8
2026-02-23 13:53:16.308574 (3917677) main____ INFO    ----------------------------------------
2026-02-23 13:53:16.308578 (3917677) main____ INFO    System resource limits info:
2026-02-23 13:53:16.308582 (3917677) main____ INFO      virtual memory: unlimited
2026-02-23 13:53:16.308587 (3917677) main____ INFO      cpu time      : unlimited
2026-02-23 13:53:16.308591 (3917677) main____ INFO      stack size    : unlimited
2026-02-23 13:53:16.308595 (3917677) main____ INFO      core file size: unlimited
2026-02-23 13:53:16.308602 (3917677) main____ INFO      open files    : 131072
2026-02-23 13:53:16.308606 (3917677) main____ INFO      file size     : unlimited
2026-02-23 13:53:16.308610 (3917677) main____ INFO    ----------------------------------------
2026-02-23 13:53:16.308614 (3917677) main____ INFO    Memory statistics:
2026-02-23 13:53:16.308618 (3917677) main____ INFO      total physical memory  : 195972156 kB
2026-02-23 13:53:16.308622 (3917677) main____ INFO      free physical memory   : 84918240 kB
2026-02-23 13:53:16.308626 (3917677) main____ INFO      committed address space: 61847228 kB
2026-02-23 13:53:16.308630 (3917677) main____ INFO    ----------------------------------------
2026-02-23 13:53:16.309590 (3917677) main____ INFO    Important environment variables:
2026-02-23 13:53:16.309607 (3917677) main____ INFO      JASPER_HOME       : '/usr/licensed/cadence-20210126/jasper_2021.03'
2026-02-23 13:53:16.309613 (3917677) main____ INFO      JASPER_INSTALL_DIR: '/scratch/gpfs/LICENSED/x86_64/cadence-20210126/jasper_2021.03'
2026-02-23 13:53:16.309618 (3917677) main____ INFO      LANG              : 'en_US.UTF-8'
2026-02-23 13:53:16.309623 (3917677) main____ INFO      LM_LICENSE_FILE   : '5280@license.rc.princeton.edu'
2026-02-23 13:53:16.309627 (3917677) main____ INFO      TMPDIR            : '/tmp/ab2113/jg_5019070_68'
2026-02-23 13:53:16.309632 (3917677) main____ INFO    ----------------------------------------
2026-02-23 13:53:16.310097 (3917677) lic_core INFO    Initializing license system ...
2026-02-23 13:53:16.310903 (3917677) lic_core INFO    ... license system initialized.
2026-02-23 13:53:16.311652 (3917677) lic__man INFO    Claim 'fpv' for <ui>.
2026-02-23 13:53:16.311687 (3917677) lic_core INFO    (1) checking out 'jasper_fpv' ...
2026-02-23 13:53:16.316871 (3917677) lic_core INFO    ... (1) checkout failed (error: -5) ("FLEXnet ERROR(-5, 0, 0): No such feature exists.")
2026-02-23 13:53:16.316906 (3917677) lic_core INFO    (2) checking out 'jasper_fao' ...
2026-02-23 13:53:16.327408 (3917677) lic_core INFO    ... (2) checkout succeeded
2026-02-23 13:53:16.341781 (3917677) session_ INFO    Starting analysis session with session id 'session_0' (launcher: <local>) ...
2026-02-23 13:53:16.344570 (3917677) session_ INFO    Analysis session with session id 'session_0' started (pid: 3917685)
2026-02-23 13:53:17.045338 (3917677) session_ INFO    Analysis session 'session_0' connected to the console (host: 127.0.0.1:58152)
2026-02-23 13:53:17.642276 (3917677) main____ INFO    About to exit: request to exit with status 1 received from analysis session 'session_0'
2026-02-23 13:53:17.717834 (3917677) session_ INFO    Analysis session 'session_0' disconnected.
2026-02-23 13:53:17.717965 (3917677) lic__man INFO    Unclaim everything for 'session_0'.
2026-02-23 13:53:17.718607 (3917677) session_ INFO    Process for analysis session 'session_0' has exited with exit status '1'.
2026-02-23 13:53:19.546543 (3917677) lic_core INFO    (2) checkin jasper_fao
2026-02-23 13:53:19.548309 (3917677) main____ INFO    Exiting with status 1.
