2026-02-23 13:38:35.805997 (1672098) main____ INFO    ----------------------------------------
2026-02-23 13:38:35.806072 (1672098) main____ INFO    JasperGold version info
2026-02-23 13:38:35.806089 (1672098) main____ INFO      tool      : JasperGold 2021.03
2026-02-23 13:38:35.806096 (1672098) main____ INFO      version   : 2021.03 FCS 64 bits
2026-02-23 13:38:35.806102 (1672098) main____ INFO      build date: 2021.03.23 02:50:43 UTC
2026-02-23 13:38:35.806107 (1672098) main____ INFO    ----------------------------------------
2026-02-23 13:38:35.806112 (1672098) main____ INFO    Runtime info:
2026-02-23 13:38:35.806117 (1672098) main____ INFO      platform  : Linux 5.14.0-570.84.1.el9_6.x86_64 x86_64
2026-02-23 13:38:35.806124 (1672098) main____ INFO      hostname  : della-h14n7
2026-02-23 13:38:35.806129 (1672098) main____ INFO      pid       : 1672098
2026-02-23 13:38:35.806134 (1672098) main____ INFO      arguments : '-style' 'windows' '-batch' '-proj' './verification_results/00642/jgproject' '-tcl' './jasper_verif_check.tcl'
2026-02-23 13:38:35.806142 (1672098) main____ INFO      locale    : UTF-8
2026-02-23 13:38:35.806147 (1672098) main____ INFO    ----------------------------------------
2026-02-23 13:38:35.806152 (1672098) main____ INFO    System resource limits info:
2026-02-23 13:38:35.806157 (1672098) main____ INFO      virtual memory: unlimited
2026-02-23 13:38:35.806162 (1672098) main____ INFO      cpu time      : unlimited
2026-02-23 13:38:35.806167 (1672098) main____ INFO      stack size    : unlimited
2026-02-23 13:38:35.806172 (1672098) main____ INFO      core file size: unlimited
2026-02-23 13:38:35.806178 (1672098) main____ INFO      open files    : 131072
2026-02-23 13:38:35.806183 (1672098) main____ INFO      file size     : unlimited
2026-02-23 13:38:35.806188 (1672098) main____ INFO    ----------------------------------------
2026-02-23 13:38:35.806193 (1672098) main____ INFO    Memory statistics:
2026-02-23 13:38:35.806198 (1672098) main____ INFO      total physical memory  : 1584164356 kB
2026-02-23 13:38:35.806203 (1672098) main____ INFO      free physical memory   : 817636224 kB
2026-02-23 13:38:35.806208 (1672098) main____ INFO      committed address space: 594208000 kB
2026-02-23 13:38:35.806212 (1672098) main____ INFO    ----------------------------------------
2026-02-23 13:38:35.806729 (1672098) main____ INFO    Important environment variables:
2026-02-23 13:38:35.806743 (1672098) main____ INFO      JASPER_HOME       : '/usr/licensed/cadence-20210126/jasper_2021.03'
2026-02-23 13:38:35.806749 (1672098) main____ INFO      JASPER_INSTALL_DIR: '/scratch/gpfs/LICENSED/x86_64/cadence-20210126/jasper_2021.03'
2026-02-23 13:38:35.806755 (1672098) main____ INFO      LANG              : 'en_US.UTF-8'
2026-02-23 13:38:35.806760 (1672098) main____ INFO      LM_LICENSE_FILE   : '5280@license.rc.princeton.edu'
2026-02-23 13:38:35.806766 (1672098) main____ INFO      TMPDIR            : '/tmp/ab2113/jg_5018707_5'
2026-02-23 13:38:35.806771 (1672098) main____ INFO    ----------------------------------------
2026-02-23 13:38:35.807207 (1672098) lic_core INFO    Initializing license system ...
2026-02-23 13:38:35.807706 (1672098) lic_core INFO    ... license system initialized.
2026-02-23 13:38:35.808450 (1672098) lic__man INFO    Claim 'fpv' for <ui>.
2026-02-23 13:38:35.808480 (1672098) lic_core INFO    (1) checking out 'jasper_fpv' ...
2026-02-23 13:38:35.813803 (1672098) lic_core INFO    ... (1) checkout failed (error: -5) ("FLEXnet ERROR(-5, 0, 0): No such feature exists.")
2026-02-23 13:38:35.813827 (1672098) lic_core INFO    (2) checking out 'jasper_fao' ...
2026-02-23 13:38:35.823805 (1672098) lic_core INFO    ... (2) checkout succeeded
2026-02-23 13:38:35.833818 (1672098) session_ INFO    Starting analysis session with session id 'session_0' (launcher: <local>) ...
2026-02-23 13:38:35.836276 (1672098) session_ INFO    Analysis session with session id 'session_0' started (pid: 1672120)
2026-02-23 13:38:36.346177 (1672098) session_ INFO    Analysis session 'session_0' connected to the console (host: 127.0.0.1:50078)
2026-02-23 13:38:36.826311 (1672098) main____ INFO    About to exit: request to exit with status 1 received from analysis session 'session_0'
2026-02-23 13:38:36.873684 (1672098) session_ INFO    Analysis session 'session_0' disconnected.
2026-02-23 13:38:36.873801 (1672098) lic__man INFO    Unclaim everything for 'session_0'.
2026-02-23 13:38:36.874543 (1672098) session_ INFO    Process for analysis session 'session_0' has exited with exit status '1'.
2026-02-23 13:38:38.930980 (1672098) lic_core INFO    (2) checkin jasper_fao
2026-02-23 13:38:38.932184 (1672098) main____ INFO    Exiting with status 1.
