2026-02-23 13:42:11.438562 (2075665) main____ INFO    ----------------------------------------
2026-02-23 13:42:11.438656 (2075665) main____ INFO    JasperGold version info
2026-02-23 13:42:11.438674 (2075665) main____ INFO      tool      : JasperGold 2021.03
2026-02-23 13:42:11.438682 (2075665) main____ INFO      version   : 2021.03 FCS 64 bits
2026-02-23 13:42:11.438687 (2075665) main____ INFO      build date: 2021.03.23 02:50:43 UTC
2026-02-23 13:42:11.438692 (2075665) main____ INFO    ----------------------------------------
2026-02-23 13:42:11.438697 (2075665) main____ INFO    Runtime info:
2026-02-23 13:42:11.438702 (2075665) main____ INFO      platform  : Linux 5.14.0-570.84.1.el9_6.x86_64 x86_64
2026-02-23 13:42:11.438708 (2075665) main____ INFO      hostname  : della-r3c1n15
2026-02-23 13:42:11.438713 (2075665) main____ INFO      pid       : 2075665
2026-02-23 13:42:11.438718 (2075665) main____ INFO      arguments : '-style' 'windows' '-batch' '-proj' './verification_results/01394/jgproject' '-tcl' './jasper_verif_check.tcl'
2026-02-23 13:42:11.438727 (2075665) main____ INFO      locale    : UTF-8
2026-02-23 13:42:11.438731 (2075665) main____ INFO    ----------------------------------------
2026-02-23 13:42:11.438736 (2075665) main____ INFO    System resource limits info:
2026-02-23 13:42:11.438740 (2075665) main____ INFO      virtual memory: unlimited
2026-02-23 13:42:11.438745 (2075665) main____ INFO      cpu time      : unlimited
2026-02-23 13:42:11.438750 (2075665) main____ INFO      stack size    : unlimited
2026-02-23 13:42:11.438754 (2075665) main____ INFO      core file size: unlimited
2026-02-23 13:42:11.438762 (2075665) main____ INFO      open files    : 131072
2026-02-23 13:42:11.438767 (2075665) main____ INFO      file size     : unlimited
2026-02-23 13:42:11.438771 (2075665) main____ INFO    ----------------------------------------
2026-02-23 13:42:11.438775 (2075665) main____ INFO    Memory statistics:
2026-02-23 13:42:11.438780 (2075665) main____ INFO      total physical memory  : 195972072 kB
2026-02-23 13:42:11.438785 (2075665) main____ INFO      free physical memory   : 106903116 kB
2026-02-23 13:42:11.438789 (2075665) main____ INFO      committed address space: 17052424 kB
2026-02-23 13:42:11.438793 (2075665) main____ INFO    ----------------------------------------
2026-02-23 13:42:11.439841 (2075665) main____ INFO    Important environment variables:
2026-02-23 13:42:11.439859 (2075665) main____ INFO      JASPER_HOME       : '/usr/licensed/cadence-20210126/jasper_2021.03'
2026-02-23 13:42:11.439865 (2075665) main____ INFO      JASPER_INSTALL_DIR: '/scratch/gpfs/LICENSED/x86_64/cadence-20210126/jasper_2021.03'
2026-02-23 13:42:11.439871 (2075665) main____ INFO      LANG              : 'en_US.UTF-8'
2026-02-23 13:42:11.439877 (2075665) main____ INFO      LM_LICENSE_FILE   : '5280@license.rc.princeton.edu'
2026-02-23 13:42:11.439882 (2075665) main____ INFO      TMPDIR            : '/tmp/ab2113/jg_5018834_20'
2026-02-23 13:42:11.439887 (2075665) main____ INFO    ----------------------------------------
2026-02-23 13:42:11.440384 (2075665) lic_core INFO    Initializing license system ...
2026-02-23 13:42:11.441263 (2075665) lic_core INFO    ... license system initialized.
2026-02-23 13:42:11.442087 (2075665) lic__man INFO    Claim 'fpv' for <ui>.
2026-02-23 13:42:11.442127 (2075665) lic_core INFO    (1) checking out 'jasper_fpv' ...
2026-02-23 13:42:11.447469 (2075665) lic_core INFO    ... (1) checkout failed (error: -5) ("FLEXnet ERROR(-5, 0, 0): No such feature exists.")
2026-02-23 13:42:11.447503 (2075665) lic_core INFO    (2) checking out 'jasper_fao' ...
2026-02-23 13:42:11.458852 (2075665) lic_core INFO    ... (2) checkout succeeded
2026-02-23 13:42:11.475231 (2075665) session_ INFO    Starting analysis session with session id 'session_0' (launcher: <local>) ...
2026-02-23 13:42:11.478646 (2075665) session_ INFO    Analysis session with session id 'session_0' started (pid: 2075673)
2026-02-23 13:42:12.200908 (2075665) session_ INFO    Analysis session 'session_0' connected to the console (host: 127.0.0.1:43096)
2026-02-23 13:42:13.034009 (2075665) lic__man INFO    Unclaim everything for 'session_0'.
2026-02-23 13:42:13.097207 (2075665) lic__man INFO    Claim 'fpv' for 'session_0'.
2026-02-23 13:42:13.097260 (2075665) lic__man INFO    Claim 'fpv' for 'session_0/prove-0'.
2026-02-23 13:42:13.231990 (2075665) lic__man INFO    Unclaim everything for 'session_0/prove-0'.
2026-02-23 13:42:13.290327 (2075665) main____ INFO    About to exit: request to exit with status 0 received from analysis session 'session_0'
2026-02-23 13:42:13.398050 (2075665) session_ INFO    Analysis session 'session_0' disconnected.
2026-02-23 13:42:13.398178 (2075665) lic__man INFO    Unclaim everything for 'session_0'.
2026-02-23 13:42:13.399360 (2075665) session_ INFO    Process for analysis session 'session_0' has exited with exit status '0'.
2026-02-23 13:42:15.306852 (2075665) lic_core INFO    (2) checkin jasper_fao
2026-02-23 13:42:15.308091 (2075665) main____ INFO    Exiting with status 0.
