2026-02-23 13:45:50.880607 (922912) main____ INFO    ----------------------------------------
2026-02-23 13:45:50.880691 (922912) main____ INFO    JasperGold version info
2026-02-23 13:45:50.880705 (922912) main____ INFO      tool      : JasperGold 2021.03
2026-02-23 13:45:50.880714 (922912) main____ INFO      version   : 2021.03 FCS 64 bits
2026-02-23 13:45:50.880721 (922912) main____ INFO      build date: 2021.03.23 02:50:43 UTC
2026-02-23 13:45:50.880727 (922912) main____ INFO    ----------------------------------------
2026-02-23 13:45:50.880732 (922912) main____ INFO    Runtime info:
2026-02-23 13:45:50.880738 (922912) main____ INFO      platform  : Linux 5.14.0-570.84.1.el9_6.x86_64 x86_64
2026-02-23 13:45:50.880744 (922912) main____ INFO      hostname  : della-h14n16
2026-02-23 13:45:50.880749 (922912) main____ INFO      pid       : 922912
2026-02-23 13:45:50.880755 (922912) main____ INFO      arguments : '-style' 'windows' '-batch' '-proj' './verification_results/02280/jgproject' '-tcl' './jasper_verif_check.tcl'
2026-02-23 13:45:50.880763 (922912) main____ INFO      locale    : UTF-8
2026-02-23 13:45:50.880768 (922912) main____ INFO    ----------------------------------------
2026-02-23 13:45:50.880773 (922912) main____ INFO    System resource limits info:
2026-02-23 13:45:50.880778 (922912) main____ INFO      virtual memory: unlimited
2026-02-23 13:45:50.880783 (922912) main____ INFO      cpu time      : unlimited
2026-02-23 13:45:50.880788 (922912) main____ INFO      stack size    : unlimited
2026-02-23 13:45:50.880793 (922912) main____ INFO      core file size: unlimited
2026-02-23 13:45:50.880801 (922912) main____ INFO      open files    : 131072
2026-02-23 13:45:50.880807 (922912) main____ INFO      file size     : unlimited
2026-02-23 13:45:50.880812 (922912) main____ INFO    ----------------------------------------
2026-02-23 13:45:50.880817 (922912) main____ INFO    Memory statistics:
2026-02-23 13:45:50.880823 (922912) main____ INFO      total physical memory  : 1584164324 kB
2026-02-23 13:45:50.880828 (922912) main____ INFO      free physical memory   : 931947844 kB
2026-02-23 13:45:50.880834 (922912) main____ INFO      committed address space: 438615708 kB
2026-02-23 13:45:50.880839 (922912) main____ INFO    ----------------------------------------
2026-02-23 13:45:50.881365 (922912) main____ INFO    Important environment variables:
2026-02-23 13:45:50.881378 (922912) main____ INFO      JASPER_HOME       : '/usr/licensed/cadence-20210126/jasper_2021.03'
2026-02-23 13:45:50.881384 (922912) main____ INFO      JASPER_INSTALL_DIR: '/scratch/gpfs/LICENSED/x86_64/cadence-20210126/jasper_2021.03'
2026-02-23 13:45:50.881390 (922912) main____ INFO      LANG              : 'en_US.UTF-8'
2026-02-23 13:45:50.881397 (922912) main____ INFO      LM_LICENSE_FILE   : '5280@license.rc.princeton.edu'
2026-02-23 13:45:50.881403 (922912) main____ INFO      TMPDIR            : '/tmp/ab2113/jg_5018903_38'
2026-02-23 13:45:50.881408 (922912) main____ INFO    ----------------------------------------
2026-02-23 13:45:50.881914 (922912) lic_core INFO    Initializing license system ...
2026-02-23 13:45:50.882532 (922912) lic_core INFO    ... license system initialized.
2026-02-23 13:45:50.883419 (922912) lic__man INFO    Claim 'fpv' for <ui>.
2026-02-23 13:45:50.883456 (922912) lic_core INFO    (1) checking out 'jasper_fpv' ...
2026-02-23 13:45:50.889486 (922912) lic_core INFO    ... (1) checkout failed (error: -5) ("FLEXnet ERROR(-5, 0, 0): No such feature exists.")
2026-02-23 13:45:50.889517 (922912) lic_core INFO    (2) checking out 'jasper_fao' ...
2026-02-23 13:45:50.898877 (922912) lic_core INFO    ... (2) checkout succeeded
2026-02-23 13:45:50.910522 (922912) session_ INFO    Starting analysis session with session id 'session_0' (launcher: <local>) ...
2026-02-23 13:45:50.913750 (922912) session_ INFO    Analysis session with session id 'session_0' started (pid: 922920)
2026-02-23 13:45:51.526969 (922912) session_ INFO    Analysis session 'session_0' connected to the console (host: 127.0.0.1:59910)
2026-02-23 13:45:52.332424 (922912) lic__man INFO    Unclaim everything for 'session_0'.
2026-02-23 13:45:52.390704 (922912) main____ INFO    About to exit: request to exit with status 3 received from analysis session 'session_0'
2026-02-23 13:45:52.442821 (922912) session_ INFO    Analysis session 'session_0' disconnected.
2026-02-23 13:45:52.443007 (922912) lic__man INFO    Unclaim everything for 'session_0'.
2026-02-23 13:45:52.444076 (922912) session_ INFO    Process for analysis session 'session_0' has exited with exit status '3'.
2026-02-23 13:45:54.497885 (922912) lic_core INFO    (2) checkin jasper_fao
2026-02-23 13:45:54.499752 (922912) main____ INFO    Exiting with status 3.
