2026-02-23 13:51:13.693522 (4188424) main____ INFO    ----------------------------------------
2026-02-23 13:51:13.693613 (4188424) main____ INFO    JasperGold version info
2026-02-23 13:51:13.693631 (4188424) main____ INFO      tool      : JasperGold 2021.03
2026-02-23 13:51:13.693640 (4188424) main____ INFO      version   : 2021.03 FCS 64 bits
2026-02-23 13:51:13.693645 (4188424) main____ INFO      build date: 2021.03.23 02:50:43 UTC
2026-02-23 13:51:13.693649 (4188424) main____ INFO    ----------------------------------------
2026-02-23 13:51:13.693653 (4188424) main____ INFO    Runtime info:
2026-02-23 13:51:13.693658 (4188424) main____ INFO      platform  : Linux 5.14.0-570.84.1.el9_6.x86_64 x86_64
2026-02-23 13:51:13.693663 (4188424) main____ INFO      hostname  : della-r3c2n6
2026-02-23 13:51:13.693668 (4188424) main____ INFO      pid       : 4188424
2026-02-23 13:51:13.693672 (4188424) main____ INFO      arguments : '-style' 'windows' '-batch' '-proj' './verification_results/03378/jgproject' '-tcl' './jasper_verif_check.tcl'
2026-02-23 13:51:13.693680 (4188424) main____ INFO      locale    : UTF-8
2026-02-23 13:51:13.693684 (4188424) main____ INFO    ----------------------------------------
2026-02-23 13:51:13.693688 (4188424) main____ INFO    System resource limits info:
2026-02-23 13:51:13.693693 (4188424) main____ INFO      virtual memory: unlimited
2026-02-23 13:51:13.693697 (4188424) main____ INFO      cpu time      : unlimited
2026-02-23 13:51:13.693701 (4188424) main____ INFO      stack size    : unlimited
2026-02-23 13:51:13.693705 (4188424) main____ INFO      core file size: unlimited
2026-02-23 13:51:13.693712 (4188424) main____ INFO      open files    : 131072
2026-02-23 13:51:13.693717 (4188424) main____ INFO      file size     : unlimited
2026-02-23 13:51:13.693721 (4188424) main____ INFO    ----------------------------------------
2026-02-23 13:51:13.693725 (4188424) main____ INFO    Memory statistics:
2026-02-23 13:51:13.693729 (4188424) main____ INFO      total physical memory  : 195972160 kB
2026-02-23 13:51:13.693735 (4188424) main____ INFO      free physical memory   : 144469136 kB
2026-02-23 13:51:13.693739 (4188424) main____ INFO      committed address space: 39258304 kB
2026-02-23 13:51:13.693742 (4188424) main____ INFO    ----------------------------------------
2026-02-23 13:51:13.694723 (4188424) main____ INFO    Important environment variables:
2026-02-23 13:51:13.694742 (4188424) main____ INFO      JASPER_HOME       : '/usr/licensed/cadence-20210126/jasper_2021.03'
2026-02-23 13:51:13.694748 (4188424) main____ INFO      JASPER_INSTALL_DIR: '/scratch/gpfs/LICENSED/x86_64/cadence-20210126/jasper_2021.03'
2026-02-23 13:51:13.694754 (4188424) main____ INFO      LANG              : 'en_US.UTF-8'
2026-02-23 13:51:13.694759 (4188424) main____ INFO      LM_LICENSE_FILE   : '5280@license.rc.princeton.edu'
2026-02-23 13:51:13.694764 (4188424) main____ INFO      TMPDIR            : '/tmp/ab2113/jg_5019007_60'
2026-02-23 13:51:13.694768 (4188424) main____ INFO    ----------------------------------------
2026-02-23 13:51:13.695611 (4188424) lic_core INFO    Initializing license system ...
2026-02-23 13:51:13.696434 (4188424) lic_core INFO    ... license system initialized.
2026-02-23 13:51:13.697188 (4188424) lic__man INFO    Claim 'fpv' for <ui>.
2026-02-23 13:51:13.697241 (4188424) lic_core INFO    (1) checking out 'jasper_fpv' ...
2026-02-23 13:51:13.703259 (4188424) lic_core INFO    ... (1) checkout failed (error: -5) ("FLEXnet ERROR(-5, 0, 0): No such feature exists.")
2026-02-23 13:51:13.703309 (4188424) lic_core INFO    (2) checking out 'jasper_fao' ...
2026-02-23 13:51:13.714059 (4188424) lic_core INFO    ... (2) checkout succeeded
2026-02-23 13:51:13.728760 (4188424) session_ INFO    Starting analysis session with session id 'session_0' (launcher: <local>) ...
2026-02-23 13:51:13.731639 (4188424) session_ INFO    Analysis session with session id 'session_0' started (pid: 4188435)
2026-02-23 13:51:14.458005 (4188424) session_ INFO    Analysis session 'session_0' connected to the console (host: 127.0.0.1:56448)
2026-02-23 13:51:15.080302 (4188424) main____ INFO    About to exit: request to exit with status 1 received from analysis session 'session_0'
2026-02-23 13:51:15.153709 (4188424) session_ INFO    Analysis session 'session_0' disconnected.
2026-02-23 13:51:15.153836 (4188424) lic__man INFO    Unclaim everything for 'session_0'.
2026-02-23 13:51:15.154247 (4188424) session_ INFO    Process for analysis session 'session_0' has exited with exit status '1'.
2026-02-23 13:51:17.186280 (4188424) lic_core INFO    (2) checkin jasper_fao
2026-02-23 13:51:17.187935 (4188424) main____ INFO    Exiting with status 1.
