2026-02-23 13:48:57.946898 (4151827) main____ INFO    ----------------------------------------
2026-02-23 13:48:57.946992 (4151827) main____ INFO    JasperGold version info
2026-02-23 13:48:57.947008 (4151827) main____ INFO      tool      : JasperGold 2021.03
2026-02-23 13:48:57.947017 (4151827) main____ INFO      version   : 2021.03 FCS 64 bits
2026-02-23 13:48:57.947023 (4151827) main____ INFO      build date: 2021.03.23 02:50:43 UTC
2026-02-23 13:48:57.947027 (4151827) main____ INFO    ----------------------------------------
2026-02-23 13:48:57.947031 (4151827) main____ INFO    Runtime info:
2026-02-23 13:48:57.947036 (4151827) main____ INFO      platform  : Linux 5.14.0-570.84.1.el9_6.x86_64 x86_64
2026-02-23 13:48:57.947041 (4151827) main____ INFO      hostname  : della-r3c2n12
2026-02-23 13:48:57.947046 (4151827) main____ INFO      pid       : 4151827
2026-02-23 13:48:57.947051 (4151827) main____ INFO      arguments : '-style' 'windows' '-batch' '-proj' './verification_results/02697/jgproject' '-tcl' './jasper_verif_check.tcl'
2026-02-23 13:48:57.947059 (4151827) main____ INFO      locale    : UTF-8
2026-02-23 13:48:57.947063 (4151827) main____ INFO    ----------------------------------------
2026-02-23 13:48:57.947067 (4151827) main____ INFO    System resource limits info:
2026-02-23 13:48:57.947071 (4151827) main____ INFO      virtual memory: unlimited
2026-02-23 13:48:57.947076 (4151827) main____ INFO      cpu time      : unlimited
2026-02-23 13:48:57.947080 (4151827) main____ INFO      stack size    : unlimited
2026-02-23 13:48:57.947085 (4151827) main____ INFO      core file size: unlimited
2026-02-23 13:48:57.947093 (4151827) main____ INFO      open files    : 131072
2026-02-23 13:48:57.947098 (4151827) main____ INFO      file size     : unlimited
2026-02-23 13:48:57.947102 (4151827) main____ INFO    ----------------------------------------
2026-02-23 13:48:57.947106 (4151827) main____ INFO    Memory statistics:
2026-02-23 13:48:57.947110 (4151827) main____ INFO      total physical memory  : 195972072 kB
2026-02-23 13:48:57.947114 (4151827) main____ INFO      free physical memory   : 127800044 kB
2026-02-23 13:48:57.947118 (4151827) main____ INFO      committed address space: 44560964 kB
2026-02-23 13:48:57.947122 (4151827) main____ INFO    ----------------------------------------
2026-02-23 13:48:57.948078 (4151827) main____ INFO    Important environment variables:
2026-02-23 13:48:57.948097 (4151827) main____ INFO      JASPER_HOME       : '/usr/licensed/cadence-20210126/jasper_2021.03'
2026-02-23 13:48:57.948103 (4151827) main____ INFO      JASPER_INSTALL_DIR: '/scratch/gpfs/LICENSED/x86_64/cadence-20210126/jasper_2021.03'
2026-02-23 13:48:57.948109 (4151827) main____ INFO      LANG              : 'en_US.UTF-8'
2026-02-23 13:48:57.948114 (4151827) main____ INFO      LM_LICENSE_FILE   : '5280@license.rc.princeton.edu'
2026-02-23 13:48:57.948119 (4151827) main____ INFO      TMPDIR            : '/tmp/ab2113/jg_5018946_46'
2026-02-23 13:48:57.948124 (4151827) main____ INFO    ----------------------------------------
2026-02-23 13:48:57.948885 (4151827) lic_core INFO    Initializing license system ...
2026-02-23 13:48:57.949712 (4151827) lic_core INFO    ... license system initialized.
2026-02-23 13:48:57.950690 (4151827) lic__man INFO    Claim 'fpv' for <ui>.
2026-02-23 13:48:57.950758 (4151827) lic_core INFO    (1) checking out 'jasper_fpv' ...
2026-02-23 13:48:57.957669 (4151827) lic_core INFO    ... (1) checkout failed (error: -5) ("FLEXnet ERROR(-5, 0, 0): No such feature exists.")
2026-02-23 13:48:57.957721 (4151827) lic_core INFO    (2) checking out 'jasper_fao' ...
2026-02-23 13:48:57.968257 (4151827) lic_core INFO    ... (2) checkout succeeded
2026-02-23 13:48:57.983071 (4151827) session_ INFO    Starting analysis session with session id 'session_0' (launcher: <local>) ...
2026-02-23 13:48:57.986580 (4151827) session_ INFO    Analysis session with session id 'session_0' started (pid: 4151835)
2026-02-23 13:48:58.682844 (4151827) session_ INFO    Analysis session 'session_0' connected to the console (host: 127.0.0.1:52116)
2026-02-23 13:48:59.525136 (4151827) lic__man INFO    Unclaim everything for 'session_0'.
2026-02-23 13:48:59.570154 (4151827) lic__man INFO    Claim 'fpv' for 'session_0'.
2026-02-23 13:48:59.570204 (4151827) lic__man INFO    Claim 'fpv' for 'session_0/prove-0'.
2026-02-23 13:48:59.762485 (4151827) lic__man INFO    Unclaim everything for 'session_0/prove-0'.
2026-02-23 13:48:59.820075 (4151827) main____ INFO    About to exit: request to exit with status 0 received from analysis session 'session_0'
2026-02-23 13:48:59.906995 (4151827) session_ INFO    Analysis session 'session_0' disconnected.
2026-02-23 13:48:59.907124 (4151827) lic__man INFO    Unclaim everything for 'session_0'.
2026-02-23 13:48:59.907734 (4151827) session_ INFO    Process for analysis session 'session_0' has exited with exit status '0'.
2026-02-23 13:49:01.727194 (4151827) lic_core INFO    (2) checkin jasper_fao
2026-02-23 13:49:01.728560 (4151827) main____ INFO    Exiting with status 0.
