2026-02-23 12:01:04.885570 (4127738) main____ INFO    ----------------------------------------
2026-02-23 12:01:04.885644 (4127738) main____ INFO    JasperGold version info
2026-02-23 12:01:04.885672 (4127738) main____ INFO      tool      : JasperGold 2021.03
2026-02-23 12:01:04.885681 (4127738) main____ INFO      version   : 2021.03 FCS 64 bits
2026-02-23 12:01:04.885687 (4127738) main____ INFO      build date: 2021.03.23 02:50:43 UTC
2026-02-23 12:01:04.885692 (4127738) main____ INFO    ----------------------------------------
2026-02-23 12:01:04.885697 (4127738) main____ INFO    Runtime info:
2026-02-23 12:01:04.885703 (4127738) main____ INFO      platform  : Linux 5.14.0-570.84.1.el9_6.x86_64 x86_64
2026-02-23 12:01:04.885709 (4127738) main____ INFO      hostname  : della-h14n1
2026-02-23 12:01:04.885715 (4127738) main____ INFO      pid       : 4127738
2026-02-23 12:01:04.885720 (4127738) main____ INFO      arguments : '-style' 'windows' '-batch' '-proj' './verification_results/00065/jgproject' '-tcl' './jasper_verif_check.tcl'
2026-02-23 12:01:04.885727 (4127738) main____ INFO      locale    : UTF-8
2026-02-23 12:01:04.885732 (4127738) main____ INFO    ----------------------------------------
2026-02-23 12:01:04.885737 (4127738) main____ INFO    System resource limits info:
2026-02-23 12:01:04.885742 (4127738) main____ INFO      virtual memory: unlimited
2026-02-23 12:01:04.885747 (4127738) main____ INFO      cpu time      : unlimited
2026-02-23 12:01:04.885752 (4127738) main____ INFO      stack size    : unlimited
2026-02-23 12:01:04.885757 (4127738) main____ INFO      core file size: unlimited
2026-02-23 12:01:04.885764 (4127738) main____ INFO      open files    : 131072
2026-02-23 12:01:04.885769 (4127738) main____ INFO      file size     : unlimited
2026-02-23 12:01:04.885774 (4127738) main____ INFO    ----------------------------------------
2026-02-23 12:01:04.885781 (4127738) main____ INFO    Memory statistics:
2026-02-23 12:01:04.885787 (4127738) main____ INFO      total physical memory  : 1584164324 kB
2026-02-23 12:01:04.885792 (4127738) main____ INFO      free physical memory   : 655619296 kB
2026-02-23 12:01:04.885798 (4127738) main____ INFO      committed address space: 628741840 kB
2026-02-23 12:01:04.885803 (4127738) main____ INFO    ----------------------------------------
2026-02-23 12:01:04.886356 (4127738) main____ INFO    Important environment variables:
2026-02-23 12:01:04.886371 (4127738) main____ INFO      JASPER_HOME       : '/usr/licensed/cadence-20210126/jasper_2021.03'
2026-02-23 12:01:04.886378 (4127738) main____ INFO      JASPER_INSTALL_DIR: '/scratch/gpfs/LICENSED/x86_64/cadence-20210126/jasper_2021.03'
2026-02-23 12:01:04.886384 (4127738) main____ INFO      LANG              : 'en_US.UTF-8'
2026-02-23 12:01:04.886390 (4127738) main____ INFO      LM_LICENSE_FILE   : '5280@license.rc.princeton.edu'
2026-02-23 12:01:04.886397 (4127738) main____ INFO      TMPDIR            : '/tmp/ab2113/jg_5015819_66'
2026-02-23 12:01:04.886403 (4127738) main____ INFO    ----------------------------------------
2026-02-23 12:01:04.886853 (4127738) lic_core INFO    Initializing license system ...
2026-02-23 12:01:04.887486 (4127738) lic_core INFO    ... license system initialized.
2026-02-23 12:01:04.888307 (4127738) lic__man INFO    Claim 'fpv' for <ui>.
2026-02-23 12:01:04.888342 (4127738) lic_core INFO    (1) checking out 'jasper_fpv' ...
2026-02-23 12:01:04.894818 (4127738) lic_core INFO    ... (1) checkout failed (error: -5) ("FLEXnet ERROR(-5, 0, 0): No such feature exists.")
2026-02-23 12:01:04.894841 (4127738) lic_core INFO    (2) checking out 'jasper_fao' ...
2026-02-23 12:01:04.903487 (4127738) lic_core INFO    ... (2) checkout succeeded
2026-02-23 12:01:04.914656 (4127738) session_ INFO    Starting analysis session with session id 'session_0' (launcher: <local>) ...
2026-02-23 12:01:04.917652 (4127738) session_ INFO    Analysis session with session id 'session_0' started (pid: 4127754)
2026-02-23 12:01:05.538325 (4127738) session_ INFO    Analysis session 'session_0' connected to the console (host: 127.0.0.1:33862)
2026-02-23 12:01:06.054729 (4127738) main____ INFO    About to exit: request to exit with status 1 received from analysis session 'session_0'
2026-02-23 12:01:06.106432 (4127738) session_ INFO    Analysis session 'session_0' disconnected.
2026-02-23 12:01:06.106563 (4127738) lic__man INFO    Unclaim everything for 'session_0'.
2026-02-23 12:01:06.107677 (4127738) session_ INFO    Process for analysis session 'session_0' has exited with exit status '1'.
2026-02-23 12:01:08.040351 (4127738) lic_core INFO    (2) checkin jasper_fao
2026-02-23 12:01:08.041691 (4127738) main____ INFO    Exiting with status 1.
