2026-02-23 13:37:09.796378 (1662018) main____ INFO    ----------------------------------------
2026-02-23 13:37:09.796449 (1662018) main____ INFO    JasperGold version info
2026-02-23 13:37:09.796462 (1662018) main____ INFO      tool      : JasperGold 2021.03
2026-02-23 13:37:09.796470 (1662018) main____ INFO      version   : 2021.03 FCS 64 bits
2026-02-23 13:37:09.796475 (1662018) main____ INFO      build date: 2021.03.23 02:50:43 UTC
2026-02-23 13:37:09.796481 (1662018) main____ INFO    ----------------------------------------
2026-02-23 13:37:09.796485 (1662018) main____ INFO    Runtime info:
2026-02-23 13:37:09.796491 (1662018) main____ INFO      platform  : Linux 5.14.0-570.84.1.el9_6.x86_64 x86_64
2026-02-23 13:37:09.796497 (1662018) main____ INFO      hostname  : della-h14n7
2026-02-23 13:37:09.796502 (1662018) main____ INFO      pid       : 1662018
2026-02-23 13:37:09.796507 (1662018) main____ INFO      arguments : '-style' 'windows' '-batch' '-proj' './verification_results/00621/jgproject' '-tcl' './jasper_verif_check.tcl'
2026-02-23 13:37:09.796514 (1662018) main____ INFO      locale    : UTF-8
2026-02-23 13:37:09.796519 (1662018) main____ INFO    ----------------------------------------
2026-02-23 13:37:09.796524 (1662018) main____ INFO    System resource limits info:
2026-02-23 13:37:09.796529 (1662018) main____ INFO      virtual memory: unlimited
2026-02-23 13:37:09.796534 (1662018) main____ INFO      cpu time      : unlimited
2026-02-23 13:37:09.796538 (1662018) main____ INFO      stack size    : unlimited
2026-02-23 13:37:09.796543 (1662018) main____ INFO      core file size: unlimited
2026-02-23 13:37:09.796550 (1662018) main____ INFO      open files    : 131072
2026-02-23 13:37:09.796555 (1662018) main____ INFO      file size     : unlimited
2026-02-23 13:37:09.796560 (1662018) main____ INFO    ----------------------------------------
2026-02-23 13:37:09.796564 (1662018) main____ INFO    Memory statistics:
2026-02-23 13:37:09.796569 (1662018) main____ INFO      total physical memory  : 1584164356 kB
2026-02-23 13:37:09.796574 (1662018) main____ INFO      free physical memory   : 825511508 kB
2026-02-23 13:37:09.796579 (1662018) main____ INFO      committed address space: 584966524 kB
2026-02-23 13:37:09.796584 (1662018) main____ INFO    ----------------------------------------
2026-02-23 13:37:09.797095 (1662018) main____ INFO    Important environment variables:
2026-02-23 13:37:09.797108 (1662018) main____ INFO      JASPER_HOME       : '/usr/licensed/cadence-20210126/jasper_2021.03'
2026-02-23 13:37:09.797114 (1662018) main____ INFO      JASPER_INSTALL_DIR: '/scratch/gpfs/LICENSED/x86_64/cadence-20210126/jasper_2021.03'
2026-02-23 13:37:09.797120 (1662018) main____ INFO      LANG              : 'en_US.UTF-8'
2026-02-23 13:37:09.797125 (1662018) main____ INFO      LM_LICENSE_FILE   : '5280@license.rc.princeton.edu'
2026-02-23 13:37:09.797131 (1662018) main____ INFO      TMPDIR            : '/tmp/ab2113/jg_5018707_5'
2026-02-23 13:37:09.797136 (1662018) main____ INFO    ----------------------------------------
2026-02-23 13:37:09.797598 (1662018) lic_core INFO    Initializing license system ...
2026-02-23 13:37:09.798090 (1662018) lic_core INFO    ... license system initialized.
2026-02-23 13:37:09.798834 (1662018) lic__man INFO    Claim 'fpv' for <ui>.
2026-02-23 13:37:09.798866 (1662018) lic_core INFO    (1) checking out 'jasper_fpv' ...
2026-02-23 13:37:09.804739 (1662018) lic_core INFO    ... (1) checkout failed (error: -5) ("FLEXnet ERROR(-5, 0, 0): No such feature exists.")
2026-02-23 13:37:09.804763 (1662018) lic_core INFO    (2) checking out 'jasper_fao' ...
2026-02-23 13:37:09.813475 (1662018) lic_core INFO    ... (2) checkout succeeded
2026-02-23 13:37:09.823619 (1662018) session_ INFO    Starting analysis session with session id 'session_0' (launcher: <local>) ...
2026-02-23 13:37:09.826000 (1662018) session_ INFO    Analysis session with session id 'session_0' started (pid: 1662040)
2026-02-23 13:37:10.363116 (1662018) session_ INFO    Analysis session 'session_0' connected to the console (host: 127.0.0.1:42234)
2026-02-23 13:37:10.866316 (1662018) main____ INFO    About to exit: request to exit with status 1 received from analysis session 'session_0'
2026-02-23 13:37:10.914995 (1662018) session_ INFO    Analysis session 'session_0' disconnected.
2026-02-23 13:37:10.915105 (1662018) lic__man INFO    Unclaim everything for 'session_0'.
2026-02-23 13:37:10.915973 (1662018) session_ INFO    Process for analysis session 'session_0' has exited with exit status '1'.
2026-02-23 13:37:12.971573 (1662018) lic_core INFO    (2) checkin jasper_fao
2026-02-23 13:37:12.972728 (1662018) main____ INFO    Exiting with status 1.
