2026-02-23 13:57:44.352891 (530884) main____ INFO    ----------------------------------------
2026-02-23 13:57:44.352967 (530884) main____ INFO    JasperGold version info
2026-02-23 13:57:44.352984 (530884) main____ INFO      tool      : JasperGold 2021.03
2026-02-23 13:57:44.352992 (530884) main____ INFO      version   : 2021.03 FCS 64 bits
2026-02-23 13:57:44.352997 (530884) main____ INFO      build date: 2021.03.23 02:50:43 UTC
2026-02-23 13:57:44.353002 (530884) main____ INFO    ----------------------------------------
2026-02-23 13:57:44.353006 (530884) main____ INFO    Runtime info:
2026-02-23 13:57:44.353010 (530884) main____ INFO      platform  : Linux 5.14.0-570.84.1.el9_6.x86_64 x86_64
2026-02-23 13:57:44.353016 (530884) main____ INFO      hostname  : della-r3c2n9
2026-02-23 13:57:44.353020 (530884) main____ INFO      pid       : 530884
2026-02-23 13:57:44.353024 (530884) main____ INFO      arguments : '-style' 'windows' '-batch' '-proj' './verification_results/04296/jgproject' '-tcl' './jasper_verif_check.tcl'
2026-02-23 13:57:44.353033 (530884) main____ INFO      locale    : UTF-8
2026-02-23 13:57:44.353038 (530884) main____ INFO    ----------------------------------------
2026-02-23 13:57:44.353042 (530884) main____ INFO    System resource limits info:
2026-02-23 13:57:44.353046 (530884) main____ INFO      virtual memory: unlimited
2026-02-23 13:57:44.353050 (530884) main____ INFO      cpu time      : unlimited
2026-02-23 13:57:44.353054 (530884) main____ INFO      stack size    : unlimited
2026-02-23 13:57:44.353059 (530884) main____ INFO      core file size: unlimited
2026-02-23 13:57:44.353065 (530884) main____ INFO      open files    : 131072
2026-02-23 13:57:44.353070 (530884) main____ INFO      file size     : unlimited
2026-02-23 13:57:44.353074 (530884) main____ INFO    ----------------------------------------
2026-02-23 13:57:44.353078 (530884) main____ INFO    Memory statistics:
2026-02-23 13:57:44.353083 (530884) main____ INFO      total physical memory  : 195972072 kB
2026-02-23 13:57:44.353087 (530884) main____ INFO      free physical memory   : 68425196 kB
2026-02-23 13:57:44.353091 (530884) main____ INFO      committed address space: 62483128 kB
2026-02-23 13:57:44.353094 (530884) main____ INFO    ----------------------------------------
2026-02-23 13:57:44.354050 (530884) main____ INFO    Important environment variables:
2026-02-23 13:57:44.354069 (530884) main____ INFO      JASPER_HOME       : '/usr/licensed/cadence-20210126/jasper_2021.03'
2026-02-23 13:57:44.354075 (530884) main____ INFO      JASPER_INSTALL_DIR: '/scratch/gpfs/LICENSED/x86_64/cadence-20210126/jasper_2021.03'
2026-02-23 13:57:44.354080 (530884) main____ INFO      LANG              : 'en_US.UTF-8'
2026-02-23 13:57:44.354085 (530884) main____ INFO      LM_LICENSE_FILE   : '5280@license.rc.princeton.edu'
2026-02-23 13:57:44.354090 (530884) main____ INFO      TMPDIR            : '/tmp/ab2113/jg_5019135_78'
2026-02-23 13:57:44.354094 (530884) main____ INFO    ----------------------------------------
2026-02-23 13:57:44.354873 (530884) lic_core INFO    Initializing license system ...
2026-02-23 13:57:44.355666 (530884) lic_core INFO    ... license system initialized.
2026-02-23 13:57:44.356394 (530884) lic__man INFO    Claim 'fpv' for <ui>.
2026-02-23 13:57:44.356433 (530884) lic_core INFO    (1) checking out 'jasper_fpv' ...
2026-02-23 13:57:44.362084 (530884) lic_core INFO    ... (1) checkout failed (error: -5) ("FLEXnet ERROR(-5, 0, 0): No such feature exists.")
2026-02-23 13:57:44.362127 (530884) lic_core INFO    (2) checking out 'jasper_fao' ...
2026-02-23 13:57:44.372482 (530884) lic_core INFO    ... (2) checkout succeeded
2026-02-23 13:57:44.386701 (530884) session_ INFO    Starting analysis session with session id 'session_0' (launcher: <local>) ...
2026-02-23 13:57:44.389549 (530884) session_ INFO    Analysis session with session id 'session_0' started (pid: 530892)
2026-02-23 13:57:45.054184 (530884) session_ INFO    Analysis session 'session_0' connected to the console (host: 127.0.0.1:54422)
2026-02-23 13:57:45.943616 (530884) lic__man INFO    Unclaim everything for 'session_0'.
2026-02-23 13:57:45.988815 (530884) lic__man INFO    Claim 'fpv' for 'session_0'.
2026-02-23 13:57:45.988860 (530884) lic__man INFO    Claim 'fpv' for 'session_0/prove-0'.
2026-02-23 13:57:46.178652 (530884) lic__man INFO    Unclaim everything for 'session_0/prove-0'.
2026-02-23 13:57:46.234920 (530884) main____ INFO    About to exit: request to exit with status 0 received from analysis session 'session_0'
2026-02-23 13:57:46.313693 (530884) session_ INFO    Analysis session 'session_0' disconnected.
2026-02-23 13:57:46.313795 (530884) lic__man INFO    Unclaim everything for 'session_0'.
2026-02-23 13:57:46.314160 (530884) session_ INFO    Process for analysis session 'session_0' has exited with exit status '0'.
2026-02-23 13:57:48.143073 (530884) lic_core INFO    (2) checkin jasper_fao
2026-02-23 13:57:48.144409 (530884) main____ INFO    Exiting with status 0.
