2026-02-23 13:46:18.171699 (3730313) main____ INFO    ----------------------------------------
2026-02-23 13:46:18.171773 (3730313) main____ INFO    JasperGold version info
2026-02-23 13:46:18.171787 (3730313) main____ INFO      tool      : JasperGold 2021.03
2026-02-23 13:46:18.171797 (3730313) main____ INFO      version   : 2021.03 FCS 64 bits
2026-02-23 13:46:18.171803 (3730313) main____ INFO      build date: 2021.03.23 02:50:43 UTC
2026-02-23 13:46:18.171808 (3730313) main____ INFO    ----------------------------------------
2026-02-23 13:46:18.171813 (3730313) main____ INFO    Runtime info:
2026-02-23 13:46:18.171818 (3730313) main____ INFO      platform  : Linux 5.14.0-570.84.1.el9_6.x86_64 x86_64
2026-02-23 13:46:18.171824 (3730313) main____ INFO      hostname  : della-h14n18
2026-02-23 13:46:18.171829 (3730313) main____ INFO      pid       : 3730313
2026-02-23 13:46:18.171834 (3730313) main____ INFO      arguments : '-style' 'windows' '-batch' '-proj' './verification_results/02339/jgproject' '-tcl' './jasper_verif_check.tcl'
2026-02-23 13:46:18.171842 (3730313) main____ INFO      locale    : UTF-8
2026-02-23 13:46:18.171848 (3730313) main____ INFO    ----------------------------------------
2026-02-23 13:46:18.171852 (3730313) main____ INFO    System resource limits info:
2026-02-23 13:46:18.171857 (3730313) main____ INFO      virtual memory: unlimited
2026-02-23 13:46:18.171862 (3730313) main____ INFO      cpu time      : unlimited
2026-02-23 13:46:18.171867 (3730313) main____ INFO      stack size    : unlimited
2026-02-23 13:46:18.171872 (3730313) main____ INFO      core file size: unlimited
2026-02-23 13:46:18.171878 (3730313) main____ INFO      open files    : 131072
2026-02-23 13:46:18.171884 (3730313) main____ INFO      file size     : unlimited
2026-02-23 13:46:18.171889 (3730313) main____ INFO    ----------------------------------------
2026-02-23 13:46:18.171893 (3730313) main____ INFO    Memory statistics:
2026-02-23 13:46:18.171899 (3730313) main____ INFO      total physical memory  : 1584164348 kB
2026-02-23 13:46:18.171903 (3730313) main____ INFO      free physical memory   : 647932732 kB
2026-02-23 13:46:18.171908 (3730313) main____ INFO      committed address space: 628111924 kB
2026-02-23 13:46:18.171913 (3730313) main____ INFO    ----------------------------------------
2026-02-23 13:46:18.172439 (3730313) main____ INFO    Important environment variables:
2026-02-23 13:46:18.172453 (3730313) main____ INFO      JASPER_HOME       : '/usr/licensed/cadence-20210126/jasper_2021.03'
2026-02-23 13:46:18.172459 (3730313) main____ INFO      JASPER_INSTALL_DIR: '/scratch/gpfs/LICENSED/x86_64/cadence-20210126/jasper_2021.03'
2026-02-23 13:46:18.172464 (3730313) main____ INFO      LANG              : 'en_US.UTF-8'
2026-02-23 13:46:18.172470 (3730313) main____ INFO      LM_LICENSE_FILE   : '5280@license.rc.princeton.edu'
2026-02-23 13:46:18.172475 (3730313) main____ INFO      TMPDIR            : '/tmp/ab2113/jg_5018904_39'
2026-02-23 13:46:18.172481 (3730313) main____ INFO    ----------------------------------------
2026-02-23 13:46:18.172938 (3730313) lic_core INFO    Initializing license system ...
2026-02-23 13:46:18.173446 (3730313) lic_core INFO    ... license system initialized.
2026-02-23 13:46:18.174183 (3730313) lic__man INFO    Claim 'fpv' for <ui>.
2026-02-23 13:46:18.174213 (3730313) lic_core INFO    (1) checking out 'jasper_fpv' ...
2026-02-23 13:46:18.180307 (3730313) lic_core INFO    ... (1) checkout failed (error: -5) ("FLEXnet ERROR(-5, 0, 0): No such feature exists.")
2026-02-23 13:46:18.180334 (3730313) lic_core INFO    (2) checking out 'jasper_fao' ...
2026-02-23 13:46:18.188735 (3730313) lic_core INFO    ... (2) checkout succeeded
2026-02-23 13:46:18.199885 (3730313) session_ INFO    Starting analysis session with session id 'session_0' (launcher: <local>) ...
2026-02-23 13:46:18.202422 (3730313) session_ INFO    Analysis session with session id 'session_0' started (pid: 3730321)
2026-02-23 13:46:18.757042 (3730313) session_ INFO    Analysis session 'session_0' connected to the console (host: 127.0.0.1:36834)
2026-02-23 13:46:19.516784 (3730313) lic__man INFO    Unclaim everything for 'session_0'.
2026-02-23 13:46:19.549652 (3730313) lic__man INFO    Claim 'fpv' for 'session_0'.
2026-02-23 13:46:19.549686 (3730313) lic__man INFO    Claim 'fpv' for 'session_0/prove-0'.
2026-02-23 13:46:19.720560 (3730313) lic__man INFO    Unclaim everything for 'session_0/prove-0'.
2026-02-23 13:46:19.773233 (3730313) main____ INFO    About to exit: request to exit with status 0 received from analysis session 'session_0'
2026-02-23 13:46:19.844753 (3730313) session_ INFO    Analysis session 'session_0' disconnected.
2026-02-23 13:46:19.844926 (3730313) lic__man INFO    Unclaim everything for 'session_0'.
2026-02-23 13:46:19.845700 (3730313) session_ INFO    Process for analysis session 'session_0' has exited with exit status '0'.
2026-02-23 13:46:21.681392 (3730313) lic_core INFO    (2) checkin jasper_fao
2026-02-23 13:46:21.682984 (3730313) main____ INFO    Exiting with status 0.
