2026-02-23 13:42:01.409088 (2878851) main____ INFO    ----------------------------------------
2026-02-23 13:42:01.409175 (2878851) main____ INFO    JasperGold version info
2026-02-23 13:42:01.409194 (2878851) main____ INFO      tool      : JasperGold 2021.03
2026-02-23 13:42:01.409205 (2878851) main____ INFO      version   : 2021.03 FCS 64 bits
2026-02-23 13:42:01.409210 (2878851) main____ INFO      build date: 2021.03.23 02:50:43 UTC
2026-02-23 13:42:01.409216 (2878851) main____ INFO    ----------------------------------------
2026-02-23 13:42:01.409221 (2878851) main____ INFO    Runtime info:
2026-02-23 13:42:01.409227 (2878851) main____ INFO      platform  : Linux 5.14.0-570.84.1.el9_6.x86_64 x86_64
2026-02-23 13:42:01.409233 (2878851) main____ INFO      hostname  : della-h16n9
2026-02-23 13:42:01.409239 (2878851) main____ INFO      pid       : 2878851
2026-02-23 13:42:01.409244 (2878851) main____ INFO      arguments : '-style' 'windows' '-batch' '-proj' './verification_results/01255/jgproject' '-tcl' './jasper_verif_check.tcl'
2026-02-23 13:42:01.409253 (2878851) main____ INFO      locale    : UTF-8
2026-02-23 13:42:01.409260 (2878851) main____ INFO    ----------------------------------------
2026-02-23 13:42:01.409265 (2878851) main____ INFO    System resource limits info:
2026-02-23 13:42:01.409270 (2878851) main____ INFO      virtual memory: unlimited
2026-02-23 13:42:01.409277 (2878851) main____ INFO      cpu time      : unlimited
2026-02-23 13:42:01.409283 (2878851) main____ INFO      stack size    : unlimited
2026-02-23 13:42:01.409289 (2878851) main____ INFO      core file size: unlimited
2026-02-23 13:42:01.409296 (2878851) main____ INFO      open files    : 131072
2026-02-23 13:42:01.409302 (2878851) main____ INFO      file size     : unlimited
2026-02-23 13:42:01.409307 (2878851) main____ INFO    ----------------------------------------
2026-02-23 13:42:01.409312 (2878851) main____ INFO    Memory statistics:
2026-02-23 13:42:01.409317 (2878851) main____ INFO      total physical memory  : 1584164368 kB
2026-02-23 13:42:01.409323 (2878851) main____ INFO      free physical memory   : 832546788 kB
2026-02-23 13:42:01.409328 (2878851) main____ INFO      committed address space: 654799592 kB
2026-02-23 13:42:01.409333 (2878851) main____ INFO    ----------------------------------------
2026-02-23 13:42:01.409876 (2878851) main____ INFO    Important environment variables:
2026-02-23 13:42:01.409902 (2878851) main____ INFO      JASPER_HOME       : '/usr/licensed/cadence-20210126/jasper_2021.03'
2026-02-23 13:42:01.409911 (2878851) main____ INFO      JASPER_INSTALL_DIR: '/scratch/gpfs/LICENSED/x86_64/cadence-20210126/jasper_2021.03'
2026-02-23 13:42:01.409919 (2878851) main____ INFO      LANG              : 'en_US.UTF-8'
2026-02-23 13:42:01.409925 (2878851) main____ INFO      LM_LICENSE_FILE   : '5280@license.rc.princeton.edu'
2026-02-23 13:42:01.409931 (2878851) main____ INFO      TMPDIR            : '/tmp/ab2113/jg_5018828_17'
2026-02-23 13:42:01.409937 (2878851) main____ INFO    ----------------------------------------
2026-02-23 13:42:01.410481 (2878851) lic_core INFO    Initializing license system ...
2026-02-23 13:42:01.411044 (2878851) lic_core INFO    ... license system initialized.
2026-02-23 13:42:01.411826 (2878851) lic__man INFO    Claim 'fpv' for <ui>.
2026-02-23 13:42:01.411861 (2878851) lic_core INFO    (1) checking out 'jasper_fpv' ...
2026-02-23 13:42:01.417694 (2878851) lic_core INFO    ... (1) checkout failed (error: -5) ("FLEXnet ERROR(-5, 0, 0): No such feature exists.")
2026-02-23 13:42:01.417724 (2878851) lic_core INFO    (2) checking out 'jasper_fao' ...
2026-02-23 13:42:01.427014 (2878851) lic_core INFO    ... (2) checkout succeeded
2026-02-23 13:42:01.438424 (2878851) session_ INFO    Starting analysis session with session id 'session_0' (launcher: <local>) ...
2026-02-23 13:42:01.441297 (2878851) session_ INFO    Analysis session with session id 'session_0' started (pid: 2878859)
2026-02-23 13:42:02.051809 (2878851) session_ INFO    Analysis session 'session_0' connected to the console (host: 127.0.0.1:58184)
2026-02-23 13:42:02.853708 (2878851) lic__man INFO    Unclaim everything for 'session_0'.
2026-02-23 13:42:02.889457 (2878851) lic__man INFO    Claim 'fpv' for 'session_0'.
2026-02-23 13:42:02.889502 (2878851) lic__man INFO    Claim 'fpv' for 'session_0/prove-0'.
2026-02-23 13:42:03.063023 (2878851) lic__man INFO    Unclaim everything for 'session_0/prove-0'.
2026-02-23 13:42:03.117976 (2878851) main____ INFO    About to exit: request to exit with status 0 received from analysis session 'session_0'
2026-02-23 13:42:03.183118 (2878851) session_ INFO    Analysis session 'session_0' disconnected.
2026-02-23 13:42:03.183258 (2878851) lic__man INFO    Unclaim everything for 'session_0'.
2026-02-23 13:42:03.184347 (2878851) session_ INFO    Process for analysis session 'session_0' has exited with exit status '0'.
2026-02-23 13:42:05.161961 (2878851) lic_core INFO    (2) checkin jasper_fao
2026-02-23 13:42:05.163344 (2878851) main____ INFO    Exiting with status 0.
