2026-02-23 13:39:08.509680 (4138982) main____ INFO    ----------------------------------------
2026-02-23 13:39:08.509785 (4138982) main____ INFO    JasperGold version info
2026-02-23 13:39:08.509803 (4138982) main____ INFO      tool      : JasperGold 2021.03
2026-02-23 13:39:08.509813 (4138982) main____ INFO      version   : 2021.03 FCS 64 bits
2026-02-23 13:39:08.509818 (4138982) main____ INFO      build date: 2021.03.23 02:50:43 UTC
2026-02-23 13:39:08.509822 (4138982) main____ INFO    ----------------------------------------
2026-02-23 13:39:08.509827 (4138982) main____ INFO    Runtime info:
2026-02-23 13:39:08.509831 (4138982) main____ INFO      platform  : Linux 5.14.0-570.84.1.el9_6.x86_64 x86_64
2026-02-23 13:39:08.509837 (4138982) main____ INFO      hostname  : della-r3c2n12
2026-02-23 13:39:08.509842 (4138982) main____ INFO      pid       : 4138982
2026-02-23 13:39:08.509846 (4138982) main____ INFO      arguments : '-style' 'windows' '-batch' '-proj' './verification_results/00875/jgproject' '-tcl' './jasper_verif_check.tcl'
2026-02-23 13:39:08.509854 (4138982) main____ INFO      locale    : UTF-8
2026-02-23 13:39:08.509858 (4138982) main____ INFO    ----------------------------------------
2026-02-23 13:39:08.509863 (4138982) main____ INFO    System resource limits info:
2026-02-23 13:39:08.509867 (4138982) main____ INFO      virtual memory: unlimited
2026-02-23 13:39:08.509872 (4138982) main____ INFO      cpu time      : unlimited
2026-02-23 13:39:08.509876 (4138982) main____ INFO      stack size    : unlimited
2026-02-23 13:39:08.509880 (4138982) main____ INFO      core file size: unlimited
2026-02-23 13:39:08.509887 (4138982) main____ INFO      open files    : 131072
2026-02-23 13:39:08.509893 (4138982) main____ INFO      file size     : unlimited
2026-02-23 13:39:08.509898 (4138982) main____ INFO    ----------------------------------------
2026-02-23 13:39:08.509902 (4138982) main____ INFO    Memory statistics:
2026-02-23 13:39:08.509906 (4138982) main____ INFO      total physical memory  : 195972072 kB
2026-02-23 13:39:08.509911 (4138982) main____ INFO      free physical memory   : 134054056 kB
2026-02-23 13:39:08.509915 (4138982) main____ INFO      committed address space: 38129540 kB
2026-02-23 13:39:08.509919 (4138982) main____ INFO    ----------------------------------------
2026-02-23 13:39:08.510899 (4138982) main____ INFO    Important environment variables:
2026-02-23 13:39:08.510919 (4138982) main____ INFO      JASPER_HOME       : '/usr/licensed/cadence-20210126/jasper_2021.03'
2026-02-23 13:39:08.510926 (4138982) main____ INFO      JASPER_INSTALL_DIR: '/scratch/gpfs/LICENSED/x86_64/cadence-20210126/jasper_2021.03'
2026-02-23 13:39:08.510932 (4138982) main____ INFO      LANG              : 'en_US.UTF-8'
2026-02-23 13:39:08.510938 (4138982) main____ INFO      LM_LICENSE_FILE   : '5280@license.rc.princeton.edu'
2026-02-23 13:39:08.510943 (4138982) main____ INFO      TMPDIR            : '/tmp/ab2113/jg_5018804_10'
2026-02-23 13:39:08.510947 (4138982) main____ INFO    ----------------------------------------
2026-02-23 13:39:08.511368 (4138982) lic_core INFO    Initializing license system ...
2026-02-23 13:39:08.512197 (4138982) lic_core INFO    ... license system initialized.
2026-02-23 13:39:08.512939 (4138982) lic__man INFO    Claim 'fpv' for <ui>.
2026-02-23 13:39:08.512987 (4138982) lic_core INFO    (1) checking out 'jasper_fpv' ...
2026-02-23 13:39:08.518017 (4138982) lic_core INFO    ... (1) checkout failed (error: -5) ("FLEXnet ERROR(-5, 0, 0): No such feature exists.")
2026-02-23 13:39:08.518075 (4138982) lic_core INFO    (2) checking out 'jasper_fao' ...
2026-02-23 13:39:08.528231 (4138982) lic_core INFO    ... (2) checkout succeeded
2026-02-23 13:39:08.542503 (4138982) session_ INFO    Starting analysis session with session id 'session_0' (launcher: <local>) ...
2026-02-23 13:39:08.545388 (4138982) session_ INFO    Analysis session with session id 'session_0' started (pid: 4139051)
2026-02-23 13:39:09.243535 (4138982) session_ INFO    Analysis session 'session_0' connected to the console (host: 127.0.0.1:46326)
2026-02-23 13:39:09.851075 (4138982) main____ INFO    About to exit: request to exit with status 1 received from analysis session 'session_0'
2026-02-23 13:39:09.930359 (4138982) session_ INFO    Analysis session 'session_0' disconnected.
2026-02-23 13:39:09.930498 (4138982) lic__man INFO    Unclaim everything for 'session_0'.
2026-02-23 13:39:09.931157 (4138982) session_ INFO    Process for analysis session 'session_0' has exited with exit status '1'.
2026-02-23 13:39:11.755981 (4138982) lic_core INFO    (2) checkin jasper_fao
2026-02-23 13:39:11.757571 (4138982) main____ INFO    Exiting with status 1.
