2026-02-23 13:48:21.191007 (1492324) main____ INFO    ----------------------------------------
2026-02-23 13:48:21.191086 (1492324) main____ INFO    JasperGold version info
2026-02-23 13:48:21.191106 (1492324) main____ INFO      tool      : JasperGold 2021.03
2026-02-23 13:48:21.191116 (1492324) main____ INFO      version   : 2021.03 FCS 64 bits
2026-02-23 13:48:21.191123 (1492324) main____ INFO      build date: 2021.03.23 02:50:43 UTC
2026-02-23 13:48:21.191130 (1492324) main____ INFO    ----------------------------------------
2026-02-23 13:48:21.191135 (1492324) main____ INFO    Runtime info:
2026-02-23 13:48:21.191142 (1492324) main____ INFO      platform  : Linux 5.14.0-570.84.1.el9_6.x86_64 x86_64
2026-02-23 13:48:21.191150 (1492324) main____ INFO      hostname  : della-h14n5
2026-02-23 13:48:21.191157 (1492324) main____ INFO      pid       : 1492324
2026-02-23 13:48:21.191163 (1492324) main____ INFO      arguments : '-style' 'windows' '-batch' '-proj' './verification_results/02654/jgproject' '-tcl' './jasper_verif_check.tcl'
2026-02-23 13:48:21.191171 (1492324) main____ INFO      locale    : UTF-8
2026-02-23 13:48:21.191176 (1492324) main____ INFO    ----------------------------------------
2026-02-23 13:48:21.191181 (1492324) main____ INFO    System resource limits info:
2026-02-23 13:48:21.191186 (1492324) main____ INFO      virtual memory: unlimited
2026-02-23 13:48:21.191191 (1492324) main____ INFO      cpu time      : unlimited
2026-02-23 13:48:21.191197 (1492324) main____ INFO      stack size    : unlimited
2026-02-23 13:48:21.191202 (1492324) main____ INFO      core file size: unlimited
2026-02-23 13:48:21.191209 (1492324) main____ INFO      open files    : 131072
2026-02-23 13:48:21.191214 (1492324) main____ INFO      file size     : unlimited
2026-02-23 13:48:21.191221 (1492324) main____ INFO    ----------------------------------------
2026-02-23 13:48:21.191226 (1492324) main____ INFO    Memory statistics:
2026-02-23 13:48:21.191231 (1492324) main____ INFO      total physical memory  : 1584164368 kB
2026-02-23 13:48:21.191236 (1492324) main____ INFO      free physical memory   : 696873308 kB
2026-02-23 13:48:21.191241 (1492324) main____ INFO      committed address space: 544706136 kB
2026-02-23 13:48:21.191246 (1492324) main____ INFO    ----------------------------------------
2026-02-23 13:48:21.191797 (1492324) main____ INFO    Important environment variables:
2026-02-23 13:48:21.191811 (1492324) main____ INFO      JASPER_HOME       : '/usr/licensed/cadence-20210126/jasper_2021.03'
2026-02-23 13:48:21.191817 (1492324) main____ INFO      JASPER_INSTALL_DIR: '/scratch/gpfs/LICENSED/x86_64/cadence-20210126/jasper_2021.03'
2026-02-23 13:48:21.191824 (1492324) main____ INFO      LANG              : 'en_US.UTF-8'
2026-02-23 13:48:21.191831 (1492324) main____ INFO      LM_LICENSE_FILE   : '5280@license.rc.princeton.edu'
2026-02-23 13:48:21.191836 (1492324) main____ INFO      TMPDIR            : '/tmp/ab2113/jg_5018923_45'
2026-02-23 13:48:21.191841 (1492324) main____ INFO    ----------------------------------------
2026-02-23 13:48:21.192331 (1492324) lic_core INFO    Initializing license system ...
2026-02-23 13:48:21.192882 (1492324) lic_core INFO    ... license system initialized.
2026-02-23 13:48:21.193660 (1492324) lic__man INFO    Claim 'fpv' for <ui>.
2026-02-23 13:48:21.193694 (1492324) lic_core INFO    (1) checking out 'jasper_fpv' ...
2026-02-23 13:48:21.199109 (1492324) lic_core INFO    ... (1) checkout failed (error: -5) ("FLEXnet ERROR(-5, 0, 0): No such feature exists.")
2026-02-23 13:48:21.199139 (1492324) lic_core INFO    (2) checking out 'jasper_fao' ...
2026-02-23 13:48:21.207999 (1492324) lic_core INFO    ... (2) checkout succeeded
2026-02-23 13:48:21.219599 (1492324) session_ INFO    Starting analysis session with session id 'session_0' (launcher: <local>) ...
2026-02-23 13:48:21.222595 (1492324) session_ INFO    Analysis session with session id 'session_0' started (pid: 1492332)
2026-02-23 13:48:21.816772 (1492324) session_ INFO    Analysis session 'session_0' connected to the console (host: 127.0.0.1:41894)
2026-02-23 13:48:22.572401 (1492324) lic__man INFO    Unclaim everything for 'session_0'.
2026-02-23 13:48:22.628522 (1492324) main____ INFO    About to exit: request to exit with status 3 received from analysis session 'session_0'
2026-02-23 13:48:22.677955 (1492324) session_ INFO    Analysis session 'session_0' disconnected.
2026-02-23 13:48:22.678084 (1492324) lic__man INFO    Unclaim everything for 'session_0'.
2026-02-23 13:48:22.678715 (1492324) session_ INFO    Process for analysis session 'session_0' has exited with exit status '3'.
2026-02-23 13:48:24.584078 (1492324) lic_core INFO    (2) checkin jasper_fao
2026-02-23 13:48:24.585627 (1492324) main____ INFO    Exiting with status 3.
