2026-02-23 13:58:34.351130 (533419) main____ INFO    ----------------------------------------
2026-02-23 13:58:34.351206 (533419) main____ INFO    JasperGold version info
2026-02-23 13:58:34.351220 (533419) main____ INFO      tool      : JasperGold 2021.03
2026-02-23 13:58:34.351227 (533419) main____ INFO      version   : 2021.03 FCS 64 bits
2026-02-23 13:58:34.351232 (533419) main____ INFO      build date: 2021.03.23 02:50:43 UTC
2026-02-23 13:58:34.351237 (533419) main____ INFO    ----------------------------------------
2026-02-23 13:58:34.351242 (533419) main____ INFO    Runtime info:
2026-02-23 13:58:34.351248 (533419) main____ INFO      platform  : Linux 5.14.0-570.84.1.el9_6.x86_64 x86_64
2026-02-23 13:58:34.351254 (533419) main____ INFO      hostname  : della-r3c2n9
2026-02-23 13:58:34.351259 (533419) main____ INFO      pid       : 533419
2026-02-23 13:58:34.351264 (533419) main____ INFO      arguments : '-style' 'windows' '-batch' '-proj' './verification_results/04309/jgproject' '-tcl' './jasper_verif_check.tcl'
2026-02-23 13:58:34.351273 (533419) main____ INFO      locale    : UTF-8
2026-02-23 13:58:34.351278 (533419) main____ INFO    ----------------------------------------
2026-02-23 13:58:34.351283 (533419) main____ INFO    System resource limits info:
2026-02-23 13:58:34.351287 (533419) main____ INFO      virtual memory: unlimited
2026-02-23 13:58:34.351292 (533419) main____ INFO      cpu time      : unlimited
2026-02-23 13:58:34.351297 (533419) main____ INFO      stack size    : unlimited
2026-02-23 13:58:34.351303 (533419) main____ INFO      core file size: unlimited
2026-02-23 13:58:34.351310 (533419) main____ INFO      open files    : 131072
2026-02-23 13:58:34.351316 (533419) main____ INFO      file size     : unlimited
2026-02-23 13:58:34.351320 (533419) main____ INFO    ----------------------------------------
2026-02-23 13:58:34.351324 (533419) main____ INFO    Memory statistics:
2026-02-23 13:58:34.351328 (533419) main____ INFO      total physical memory  : 195972072 kB
2026-02-23 13:58:34.351333 (533419) main____ INFO      free physical memory   : 68185444 kB
2026-02-23 13:58:34.351338 (533419) main____ INFO      committed address space: 64813112 kB
2026-02-23 13:58:34.351342 (533419) main____ INFO    ----------------------------------------
2026-02-23 13:58:34.352298 (533419) main____ INFO    Important environment variables:
2026-02-23 13:58:34.352318 (533419) main____ INFO      JASPER_HOME       : '/usr/licensed/cadence-20210126/jasper_2021.03'
2026-02-23 13:58:34.352324 (533419) main____ INFO      JASPER_INSTALL_DIR: '/scratch/gpfs/LICENSED/x86_64/cadence-20210126/jasper_2021.03'
2026-02-23 13:58:34.352330 (533419) main____ INFO      LANG              : 'en_US.UTF-8'
2026-02-23 13:58:34.352336 (533419) main____ INFO      LM_LICENSE_FILE   : '5280@license.rc.princeton.edu'
2026-02-23 13:58:34.352341 (533419) main____ INFO      TMPDIR            : '/tmp/ab2113/jg_5019135_78'
2026-02-23 13:58:34.352345 (533419) main____ INFO    ----------------------------------------
2026-02-23 13:58:34.352780 (533419) lic_core INFO    Initializing license system ...
2026-02-23 13:58:34.353215 (533419) lic_core INFO    ... license system initialized.
2026-02-23 13:58:34.353939 (533419) lic__man INFO    Claim 'fpv' for <ui>.
2026-02-23 13:58:34.353975 (533419) lic_core INFO    (1) checking out 'jasper_fpv' ...
2026-02-23 13:58:34.359111 (533419) lic_core INFO    ... (1) checkout failed (error: -5) ("FLEXnet ERROR(-5, 0, 0): No such feature exists.")
2026-02-23 13:58:34.359144 (533419) lic_core INFO    (2) checking out 'jasper_fao' ...
2026-02-23 13:58:34.369277 (533419) lic_core INFO    ... (2) checkout succeeded
2026-02-23 13:58:34.383694 (533419) session_ INFO    Starting analysis session with session id 'session_0' (launcher: <local>) ...
2026-02-23 13:58:34.386607 (533419) session_ INFO    Analysis session with session id 'session_0' started (pid: 533429)
2026-02-23 13:58:35.051390 (533419) session_ INFO    Analysis session 'session_0' connected to the console (host: 127.0.0.1:56250)
2026-02-23 13:58:35.614935 (533419) main____ INFO    About to exit: request to exit with status 1 received from analysis session 'session_0'
2026-02-23 13:58:35.684943 (533419) session_ INFO    Analysis session 'session_0' disconnected.
2026-02-23 13:58:35.685065 (533419) lic__man INFO    Unclaim everything for 'session_0'.
2026-02-23 13:58:35.685442 (533419) session_ INFO    Process for analysis session 'session_0' has exited with exit status '1'.
2026-02-23 13:58:37.623717 (533419) lic_core INFO    (2) checkin jasper_fao
2026-02-23 13:58:37.625392 (533419) main____ INFO    Exiting with status 1.
