2026-02-23 13:55:04.289296 (4181659) main____ INFO    ----------------------------------------
2026-02-23 13:55:04.289399 (4181659) main____ INFO    JasperGold version info
2026-02-23 13:55:04.289416 (4181659) main____ INFO      tool      : JasperGold 2021.03
2026-02-23 13:55:04.289425 (4181659) main____ INFO      version   : 2021.03 FCS 64 bits
2026-02-23 13:55:04.289430 (4181659) main____ INFO      build date: 2021.03.23 02:50:43 UTC
2026-02-23 13:55:04.289435 (4181659) main____ INFO    ----------------------------------------
2026-02-23 13:55:04.289440 (4181659) main____ INFO    Runtime info:
2026-02-23 13:55:04.289445 (4181659) main____ INFO      platform  : Linux 5.14.0-570.84.1.el9_6.x86_64 x86_64
2026-02-23 13:55:04.289451 (4181659) main____ INFO      hostname  : della-h14n1
2026-02-23 13:55:04.289456 (4181659) main____ INFO      pid       : 4181659
2026-02-23 13:55:04.289461 (4181659) main____ INFO      arguments : '-style' 'windows' '-batch' '-proj' './verification_results/03640/jgproject' '-tcl' './jasper_verif_check.tcl'
2026-02-23 13:55:04.289470 (4181659) main____ INFO      locale    : UTF-8
2026-02-23 13:55:04.289475 (4181659) main____ INFO    ----------------------------------------
2026-02-23 13:55:04.289480 (4181659) main____ INFO    System resource limits info:
2026-02-23 13:55:04.289485 (4181659) main____ INFO      virtual memory: unlimited
2026-02-23 13:55:04.289490 (4181659) main____ INFO      cpu time      : unlimited
2026-02-23 13:55:04.289494 (4181659) main____ INFO      stack size    : unlimited
2026-02-23 13:55:04.289499 (4181659) main____ INFO      core file size: unlimited
2026-02-23 13:55:04.289507 (4181659) main____ INFO      open files    : 131072
2026-02-23 13:55:04.289512 (4181659) main____ INFO      file size     : unlimited
2026-02-23 13:55:04.289517 (4181659) main____ INFO    ----------------------------------------
2026-02-23 13:55:04.289521 (4181659) main____ INFO    Memory statistics:
2026-02-23 13:55:04.289527 (4181659) main____ INFO      total physical memory  : 1584164324 kB
2026-02-23 13:55:04.289531 (4181659) main____ INFO      free physical memory   : 716052948 kB
2026-02-23 13:55:04.289536 (4181659) main____ INFO      committed address space: 576728884 kB
2026-02-23 13:55:04.289541 (4181659) main____ INFO    ----------------------------------------
2026-02-23 13:55:04.290084 (4181659) main____ INFO    Important environment variables:
2026-02-23 13:55:04.290100 (4181659) main____ INFO      JASPER_HOME       : '/usr/licensed/cadence-20210126/jasper_2021.03'
2026-02-23 13:55:04.290106 (4181659) main____ INFO      JASPER_INSTALL_DIR: '/scratch/gpfs/LICENSED/x86_64/cadence-20210126/jasper_2021.03'
2026-02-23 13:55:04.290112 (4181659) main____ INFO      LANG              : 'en_US.UTF-8'
2026-02-23 13:55:04.290117 (4181659) main____ INFO      LM_LICENSE_FILE   : '5280@license.rc.princeton.edu'
2026-02-23 13:55:04.290122 (4181659) main____ INFO      TMPDIR            : '/tmp/ab2113/jg_5019052_65'
2026-02-23 13:55:04.290127 (4181659) main____ INFO    ----------------------------------------
2026-02-23 13:55:04.290777 (4181659) lic_core INFO    Initializing license system ...
2026-02-23 13:55:04.291332 (4181659) lic_core INFO    ... license system initialized.
2026-02-23 13:55:04.292256 (4181659) lic__man INFO    Claim 'fpv' for <ui>.
2026-02-23 13:55:04.292297 (4181659) lic_core INFO    (1) checking out 'jasper_fpv' ...
2026-02-23 13:55:04.298558 (4181659) lic_core INFO    ... (1) checkout failed (error: -5) ("FLEXnet ERROR(-5, 0, 0): No such feature exists.")
2026-02-23 13:55:04.298588 (4181659) lic_core INFO    (2) checking out 'jasper_fao' ...
2026-02-23 13:55:04.307632 (4181659) lic_core INFO    ... (2) checkout succeeded
2026-02-23 13:55:04.320650 (4181659) session_ INFO    Starting analysis session with session id 'session_0' (launcher: <local>) ...
2026-02-23 13:55:04.324499 (4181659) session_ INFO    Analysis session with session id 'session_0' started (pid: 4181667)
2026-02-23 13:55:04.896251 (4181659) session_ INFO    Analysis session 'session_0' connected to the console (host: 127.0.0.1:44164)
2026-02-23 13:55:05.729074 (4181659) lic__man INFO    Unclaim everything for 'session_0'.
2026-02-23 13:55:05.779683 (4181659) lic__man INFO    Claim 'fpv' for 'session_0'.
2026-02-23 13:55:05.779744 (4181659) lic__man INFO    Claim 'fpv' for 'session_0/prove-0'.
2026-02-23 13:55:05.967411 (4181659) lic__man INFO    Unclaim everything for 'session_0/prove-0'.
2026-02-23 13:55:06.025772 (4181659) main____ INFO    About to exit: request to exit with status 0 received from analysis session 'session_0'
2026-02-23 13:55:06.105342 (4181659) session_ INFO    Analysis session 'session_0' disconnected.
2026-02-23 13:55:06.105541 (4181659) lic__man INFO    Unclaim everything for 'session_0'.
2026-02-23 13:55:06.106126 (4181659) session_ INFO    Process for analysis session 'session_0' has exited with exit status '0'.
2026-02-23 13:55:08.039832 (4181659) lic_core INFO    (2) checkin jasper_fao
2026-02-23 13:55:08.041474 (4181659) main____ INFO    Exiting with status 0.
