2026-02-23 13:41:49.400636 (1477243) main____ INFO    ----------------------------------------
2026-02-23 13:41:49.400725 (1477243) main____ INFO    JasperGold version info
2026-02-23 13:41:49.400751 (1477243) main____ INFO      tool      : JasperGold 2021.03
2026-02-23 13:41:49.400761 (1477243) main____ INFO      version   : 2021.03 FCS 64 bits
2026-02-23 13:41:49.400768 (1477243) main____ INFO      build date: 2021.03.23 02:50:43 UTC
2026-02-23 13:41:49.400773 (1477243) main____ INFO    ----------------------------------------
2026-02-23 13:41:49.400780 (1477243) main____ INFO    Runtime info:
2026-02-23 13:41:49.400786 (1477243) main____ INFO      platform  : Linux 5.14.0-570.84.1.el9_6.x86_64 x86_64
2026-02-23 13:41:49.400792 (1477243) main____ INFO      hostname  : della-h14n5
2026-02-23 13:41:49.400798 (1477243) main____ INFO      pid       : 1477243
2026-02-23 13:41:49.400804 (1477243) main____ INFO      arguments : '-style' 'windows' '-batch' '-proj' './verification_results/01202/jgproject' '-tcl' './jasper_verif_check.tcl'
2026-02-23 13:41:49.400813 (1477243) main____ INFO      locale    : UTF-8
2026-02-23 13:41:49.400818 (1477243) main____ INFO    ----------------------------------------
2026-02-23 13:41:49.400823 (1477243) main____ INFO    System resource limits info:
2026-02-23 13:41:49.400829 (1477243) main____ INFO      virtual memory: unlimited
2026-02-23 13:41:49.400836 (1477243) main____ INFO      cpu time      : unlimited
2026-02-23 13:41:49.400842 (1477243) main____ INFO      stack size    : unlimited
2026-02-23 13:41:49.400848 (1477243) main____ INFO      core file size: unlimited
2026-02-23 13:41:49.400856 (1477243) main____ INFO      open files    : 131072
2026-02-23 13:41:49.400861 (1477243) main____ INFO      file size     : unlimited
2026-02-23 13:41:49.400866 (1477243) main____ INFO    ----------------------------------------
2026-02-23 13:41:49.400873 (1477243) main____ INFO    Memory statistics:
2026-02-23 13:41:49.400879 (1477243) main____ INFO      total physical memory  : 1584164368 kB
2026-02-23 13:41:49.400884 (1477243) main____ INFO      free physical memory   : 700033480 kB
2026-02-23 13:41:49.400889 (1477243) main____ INFO      committed address space: 537699956 kB
2026-02-23 13:41:49.400894 (1477243) main____ INFO    ----------------------------------------
2026-02-23 13:41:49.401445 (1477243) main____ INFO    Important environment variables:
2026-02-23 13:41:49.401462 (1477243) main____ INFO      JASPER_HOME       : '/usr/licensed/cadence-20210126/jasper_2021.03'
2026-02-23 13:41:49.401470 (1477243) main____ INFO      JASPER_INSTALL_DIR: '/scratch/gpfs/LICENSED/x86_64/cadence-20210126/jasper_2021.03'
2026-02-23 13:41:49.401476 (1477243) main____ INFO      LANG              : 'en_US.UTF-8'
2026-02-23 13:41:49.401481 (1477243) main____ INFO      LM_LICENSE_FILE   : '5280@license.rc.princeton.edu'
2026-02-23 13:41:49.401487 (1477243) main____ INFO      TMPDIR            : '/tmp/ab2113/jg_5018827_16'
2026-02-23 13:41:49.401493 (1477243) main____ INFO    ----------------------------------------
2026-02-23 13:41:49.401999 (1477243) lic_core INFO    Initializing license system ...
2026-02-23 13:41:49.402572 (1477243) lic_core INFO    ... license system initialized.
2026-02-23 13:41:49.403350 (1477243) lic__man INFO    Claim 'fpv' for <ui>.
2026-02-23 13:41:49.403384 (1477243) lic_core INFO    (1) checking out 'jasper_fpv' ...
2026-02-23 13:41:49.409327 (1477243) lic_core INFO    ... (1) checkout failed (error: -5) ("FLEXnet ERROR(-5, 0, 0): No such feature exists.")
2026-02-23 13:41:49.409358 (1477243) lic_core INFO    (2) checking out 'jasper_fao' ...
2026-02-23 13:41:49.418256 (1477243) lic_core INFO    ... (2) checkout succeeded
2026-02-23 13:41:49.428994 (1477243) session_ INFO    Starting analysis session with session id 'session_0' (launcher: <local>) ...
2026-02-23 13:41:49.433414 (1477243) session_ INFO    Analysis session with session id 'session_0' started (pid: 1477400)
2026-02-23 13:41:49.989374 (1477243) session_ INFO    Analysis session 'session_0' connected to the console (host: 127.0.0.1:46240)
2026-02-23 13:41:50.497520 (1477243) main____ INFO    About to exit: request to exit with status 1 received from analysis session 'session_0'
2026-02-23 13:41:50.548845 (1477243) session_ INFO    Analysis session 'session_0' disconnected.
2026-02-23 13:41:50.548987 (1477243) lic__man INFO    Unclaim everything for 'session_0'.
2026-02-23 13:41:50.549422 (1477243) session_ INFO    Process for analysis session 'session_0' has exited with exit status '1'.
2026-02-23 13:41:52.581941 (1477243) lic_core INFO    (2) checkin jasper_fao
2026-02-23 13:41:52.583476 (1477243) main____ INFO    Exiting with status 1.
