2026-02-23 14:59:20.294404 (4176084) main____ INFO    ----------------------------------------
2026-02-23 14:59:20.294503 (4176084) main____ INFO    JasperGold version info
2026-02-23 14:59:20.294521 (4176084) main____ INFO      tool      : JasperGold 2021.03
2026-02-23 14:59:20.294530 (4176084) main____ INFO      version   : 2021.03 FCS 64 bits
2026-02-23 14:59:20.294535 (4176084) main____ INFO      build date: 2021.03.23 02:50:43 UTC
2026-02-23 14:59:20.294540 (4176084) main____ INFO    ----------------------------------------
2026-02-23 14:59:20.294544 (4176084) main____ INFO    Runtime info:
2026-02-23 14:59:20.294548 (4176084) main____ INFO      platform  : Linux 5.14.0-570.84.1.el9_6.x86_64 x86_64
2026-02-23 14:59:20.294554 (4176084) main____ INFO      hostname  : della-r3c2n12
2026-02-23 14:59:20.294559 (4176084) main____ INFO      pid       : 4176084
2026-02-23 14:59:20.294564 (4176084) main____ INFO      arguments : '-style' 'windows' '-batch' '-proj' './verification_results/04450/jgproject' '-tcl' './jasper_verif_check.tcl'
2026-02-23 14:59:20.294571 (4176084) main____ INFO      locale    : UTF-8
2026-02-23 14:59:20.294576 (4176084) main____ INFO    ----------------------------------------
2026-02-23 14:59:20.294580 (4176084) main____ INFO    System resource limits info:
2026-02-23 14:59:20.294584 (4176084) main____ INFO      virtual memory: unlimited
2026-02-23 14:59:20.294588 (4176084) main____ INFO      cpu time      : unlimited
2026-02-23 14:59:20.294593 (4176084) main____ INFO      stack size    : unlimited
2026-02-23 14:59:20.294597 (4176084) main____ INFO      core file size: unlimited
2026-02-23 14:59:20.294604 (4176084) main____ INFO      open files    : 131072
2026-02-23 14:59:20.294609 (4176084) main____ INFO      file size     : unlimited
2026-02-23 14:59:20.294613 (4176084) main____ INFO    ----------------------------------------
2026-02-23 14:59:20.294617 (4176084) main____ INFO    Memory statistics:
2026-02-23 14:59:20.294621 (4176084) main____ INFO      total physical memory  : 195972072 kB
2026-02-23 14:59:20.294625 (4176084) main____ INFO      free physical memory   : 142035140 kB
2026-02-23 14:59:20.294629 (4176084) main____ INFO      committed address space: 37407876 kB
2026-02-23 14:59:20.294633 (4176084) main____ INFO    ----------------------------------------
2026-02-23 14:59:20.295612 (4176084) main____ INFO    Important environment variables:
2026-02-23 14:59:20.295633 (4176084) main____ INFO      JASPER_HOME       : '/usr/licensed/cadence-20210126/jasper_2021.03'
2026-02-23 14:59:20.295639 (4176084) main____ INFO      JASPER_INSTALL_DIR: '/scratch/gpfs/LICENSED/x86_64/cadence-20210126/jasper_2021.03'
2026-02-23 14:59:20.295645 (4176084) main____ INFO      LANG              : 'en_US.UTF-8'
2026-02-23 14:59:20.295650 (4176084) main____ INFO      LM_LICENSE_FILE   : '5280@license.rc.princeton.edu'
2026-02-23 14:59:20.295655 (4176084) main____ INFO      TMPDIR            : '/tmp/ab2113/jg_5019149_81'
2026-02-23 14:59:20.295659 (4176084) main____ INFO    ----------------------------------------
2026-02-23 14:59:20.296473 (4176084) lic_core INFO    Initializing license system ...
2026-02-23 14:59:20.296941 (4176084) lic_core INFO    ... license system initialized.
2026-02-23 14:59:20.297694 (4176084) lic__man INFO    Claim 'fpv' for <ui>.
2026-02-23 14:59:20.297732 (4176084) lic_core INFO    (1) checking out 'jasper_fpv' ...
2026-02-23 14:59:20.303062 (4176084) lic_core INFO    ... (1) checkout failed (error: -5) ("FLEXnet ERROR(-5, 0, 0): No such feature exists.")
2026-02-23 14:59:20.303113 (4176084) lic_core INFO    (2) checking out 'jasper_fao' ...
2026-02-23 14:59:20.313609 (4176084) lic_core INFO    ... (2) checkout succeeded
2026-02-23 14:59:20.328757 (4176084) session_ INFO    Starting analysis session with session id 'session_0' (launcher: <local>) ...
2026-02-23 14:59:20.331518 (4176084) session_ INFO    Analysis session with session id 'session_0' started (pid: 4176092)
2026-02-23 14:59:21.018994 (4176084) session_ INFO    Analysis session 'session_0' connected to the console (host: 127.0.0.1:58030)
2026-02-23 14:59:21.590103 (4176084) main____ INFO    About to exit: request to exit with status 1 received from analysis session 'session_0'
2026-02-23 14:59:21.662145 (4176084) session_ INFO    Analysis session 'session_0' disconnected.
2026-02-23 14:59:21.662292 (4176084) lic__man INFO    Unclaim everything for 'session_0'.
2026-02-23 14:59:21.663044 (4176084) session_ INFO    Process for analysis session 'session_0' has exited with exit status '1'.
2026-02-23 14:59:23.624989 (4176084) lic_core INFO    (2) checkin jasper_fao
2026-02-23 14:59:23.626639 (4176084) main____ INFO    Exiting with status 1.
