2026-02-23 13:41:38.232708 (1475514) main____ INFO    ----------------------------------------
2026-02-23 13:41:38.232778 (1475514) main____ INFO    JasperGold version info
2026-02-23 13:41:38.232794 (1475514) main____ INFO      tool      : JasperGold 2021.03
2026-02-23 13:41:38.232804 (1475514) main____ INFO      version   : 2021.03 FCS 64 bits
2026-02-23 13:41:38.232811 (1475514) main____ INFO      build date: 2021.03.23 02:50:43 UTC
2026-02-23 13:41:38.232818 (1475514) main____ INFO    ----------------------------------------
2026-02-23 13:41:38.232823 (1475514) main____ INFO    Runtime info:
2026-02-23 13:41:38.232828 (1475514) main____ INFO      platform  : Linux 5.14.0-570.84.1.el9_6.x86_64 x86_64
2026-02-23 13:41:38.232836 (1475514) main____ INFO      hostname  : della-h14n5
2026-02-23 13:41:38.232842 (1475514) main____ INFO      pid       : 1475514
2026-02-23 13:41:38.232847 (1475514) main____ INFO      arguments : '-style' 'windows' '-batch' '-proj' './verification_results/01199/jgproject' '-tcl' './jasper_verif_check.tcl'
2026-02-23 13:41:38.232857 (1475514) main____ INFO      locale    : UTF-8
2026-02-23 13:41:38.232862 (1475514) main____ INFO    ----------------------------------------
2026-02-23 13:41:38.232867 (1475514) main____ INFO    System resource limits info:
2026-02-23 13:41:38.232873 (1475514) main____ INFO      virtual memory: unlimited
2026-02-23 13:41:38.232878 (1475514) main____ INFO      cpu time      : unlimited
2026-02-23 13:41:38.232885 (1475514) main____ INFO      stack size    : unlimited
2026-02-23 13:41:38.232890 (1475514) main____ INFO      core file size: unlimited
2026-02-23 13:41:38.232898 (1475514) main____ INFO      open files    : 131072
2026-02-23 13:41:38.232903 (1475514) main____ INFO      file size     : unlimited
2026-02-23 13:41:38.232910 (1475514) main____ INFO    ----------------------------------------
2026-02-23 13:41:38.232916 (1475514) main____ INFO    Memory statistics:
2026-02-23 13:41:38.232922 (1475514) main____ INFO      total physical memory  : 1584164368 kB
2026-02-23 13:41:38.232928 (1475514) main____ INFO      free physical memory   : 700673916 kB
2026-02-23 13:41:38.232934 (1475514) main____ INFO      committed address space: 534427912 kB
2026-02-23 13:41:38.232939 (1475514) main____ INFO    ----------------------------------------
2026-02-23 13:41:38.233484 (1475514) main____ INFO    Important environment variables:
2026-02-23 13:41:38.233499 (1475514) main____ INFO      JASPER_HOME       : '/usr/licensed/cadence-20210126/jasper_2021.03'
2026-02-23 13:41:38.233507 (1475514) main____ INFO      JASPER_INSTALL_DIR: '/scratch/gpfs/LICENSED/x86_64/cadence-20210126/jasper_2021.03'
2026-02-23 13:41:38.233514 (1475514) main____ INFO      LANG              : 'en_US.UTF-8'
2026-02-23 13:41:38.233519 (1475514) main____ INFO      LM_LICENSE_FILE   : '5280@license.rc.princeton.edu'
2026-02-23 13:41:38.233526 (1475514) main____ INFO      TMPDIR            : '/tmp/ab2113/jg_5018827_16'
2026-02-23 13:41:38.233531 (1475514) main____ INFO    ----------------------------------------
2026-02-23 13:41:38.234042 (1475514) lic_core INFO    Initializing license system ...
2026-02-23 13:41:38.234608 (1475514) lic_core INFO    ... license system initialized.
2026-02-23 13:41:38.235392 (1475514) lic__man INFO    Claim 'fpv' for <ui>.
2026-02-23 13:41:38.235425 (1475514) lic_core INFO    (1) checking out 'jasper_fpv' ...
2026-02-23 13:41:38.241379 (1475514) lic_core INFO    ... (1) checkout failed (error: -5) ("FLEXnet ERROR(-5, 0, 0): No such feature exists.")
2026-02-23 13:41:38.241410 (1475514) lic_core INFO    (2) checking out 'jasper_fao' ...
2026-02-23 13:41:38.250389 (1475514) lic_core INFO    ... (2) checkout succeeded
2026-02-23 13:41:38.261583 (1475514) session_ INFO    Starting analysis session with session id 'session_0' (launcher: <local>) ...
2026-02-23 13:41:38.264922 (1475514) session_ INFO    Analysis session with session id 'session_0' started (pid: 1475552)
2026-02-23 13:41:38.861593 (1475514) session_ INFO    Analysis session 'session_0' connected to the console (host: 127.0.0.1:60654)
2026-02-23 13:41:39.635003 (1475514) lic__man INFO    Unclaim everything for 'session_0'.
2026-02-23 13:41:39.667219 (1475514) lic__man INFO    Claim 'fpv' for 'session_0'.
2026-02-23 13:41:39.667257 (1475514) lic__man INFO    Claim 'fpv' for 'session_0/prove-0'.
2026-02-23 13:41:39.816308 (1475514) lic__man INFO    Unclaim everything for 'session_0/prove-0'.
2026-02-23 13:41:39.870519 (1475514) main____ INFO    About to exit: request to exit with status 0 received from analysis session 'session_0'
2026-02-23 13:41:39.920927 (1475514) session_ INFO    Analysis session 'session_0' disconnected.
2026-02-23 13:41:39.921057 (1475514) lic__man INFO    Unclaim everything for 'session_0'.
2026-02-23 13:41:39.921688 (1475514) session_ INFO    Process for analysis session 'session_0' has exited with exit status '0'.
2026-02-23 13:41:41.978458 (1475514) lic_core INFO    (2) checkin jasper_fao
2026-02-23 13:41:41.980120 (1475514) main____ INFO    Exiting with status 0.
