2026-02-23 13:48:06.770805 (999726) main____ INFO    ----------------------------------------
2026-02-23 13:48:06.770892 (999726) main____ INFO    JasperGold version info
2026-02-23 13:48:06.770912 (999726) main____ INFO      tool      : JasperGold 2021.03
2026-02-23 13:48:06.770921 (999726) main____ INFO      version   : 2021.03 FCS 64 bits
2026-02-23 13:48:06.770926 (999726) main____ INFO      build date: 2021.03.23 02:50:43 UTC
2026-02-23 13:48:06.770931 (999726) main____ INFO    ----------------------------------------
2026-02-23 13:48:06.770936 (999726) main____ INFO    Runtime info:
2026-02-23 13:48:06.770941 (999726) main____ INFO      platform  : Linux 5.14.0-570.84.1.el9_6.x86_64 x86_64
2026-02-23 13:48:06.770947 (999726) main____ INFO      hostname  : della-h16n4
2026-02-23 13:48:06.770952 (999726) main____ INFO      pid       : 999726
2026-02-23 13:48:06.770958 (999726) main____ INFO      arguments : '-style' 'windows' '-batch' '-proj' './verification_results/02507/jgproject' '-tcl' './jasper_verif_check.tcl'
2026-02-23 13:48:06.770967 (999726) main____ INFO      locale    : UTF-8
2026-02-23 13:48:06.770972 (999726) main____ INFO    ----------------------------------------
2026-02-23 13:48:06.770976 (999726) main____ INFO    System resource limits info:
2026-02-23 13:48:06.770981 (999726) main____ INFO      virtual memory: unlimited
2026-02-23 13:48:06.770986 (999726) main____ INFO      cpu time      : unlimited
2026-02-23 13:48:06.770991 (999726) main____ INFO      stack size    : unlimited
2026-02-23 13:48:06.770996 (999726) main____ INFO      core file size: unlimited
2026-02-23 13:48:06.771004 (999726) main____ INFO      open files    : 131072
2026-02-23 13:48:06.771008 (999726) main____ INFO      file size     : unlimited
2026-02-23 13:48:06.771013 (999726) main____ INFO    ----------------------------------------
2026-02-23 13:48:06.771018 (999726) main____ INFO    Memory statistics:
2026-02-23 13:48:06.771023 (999726) main____ INFO      total physical memory  : 1584164328 kB
2026-02-23 13:48:06.771028 (999726) main____ INFO      free physical memory   : 767825576 kB
2026-02-23 13:48:06.771033 (999726) main____ INFO      committed address space: 712848528 kB
2026-02-23 13:48:06.771037 (999726) main____ INFO    ----------------------------------------
2026-02-23 13:48:06.771555 (999726) main____ INFO    Important environment variables:
2026-02-23 13:48:06.771567 (999726) main____ INFO      JASPER_HOME       : '/usr/licensed/cadence-20210126/jasper_2021.03'
2026-02-23 13:48:06.771573 (999726) main____ INFO      JASPER_INSTALL_DIR: '/scratch/gpfs/LICENSED/x86_64/cadence-20210126/jasper_2021.03'
2026-02-23 13:48:06.771579 (999726) main____ INFO      LANG              : 'en_US.UTF-8'
2026-02-23 13:48:06.771584 (999726) main____ INFO      LM_LICENSE_FILE   : '5280@license.rc.princeton.edu'
2026-02-23 13:48:06.771589 (999726) main____ INFO      TMPDIR            : '/tmp/ab2113/jg_5018914_42'
2026-02-23 13:48:06.771594 (999726) main____ INFO    ----------------------------------------
2026-02-23 13:48:06.772101 (999726) lic_core INFO    Initializing license system ...
2026-02-23 13:48:06.772752 (999726) lic_core INFO    ... license system initialized.
2026-02-23 13:48:06.773572 (999726) lic__man INFO    Claim 'fpv' for <ui>.
2026-02-23 13:48:06.773607 (999726) lic_core INFO    (1) checking out 'jasper_fpv' ...
2026-02-23 13:48:06.779365 (999726) lic_core INFO    ... (1) checkout failed (error: -5) ("FLEXnet ERROR(-5, 0, 0): No such feature exists.")
2026-02-23 13:48:06.779397 (999726) lic_core INFO    (2) checking out 'jasper_fao' ...
2026-02-23 13:48:06.788517 (999726) lic_core INFO    ... (2) checkout succeeded
2026-02-23 13:48:06.800300 (999726) session_ INFO    Starting analysis session with session id 'session_0' (launcher: <local>) ...
2026-02-23 13:48:06.804455 (999726) session_ INFO    Analysis session with session id 'session_0' started (pid: 999734)
2026-02-23 13:48:07.469783 (999726) session_ INFO    Analysis session 'session_0' connected to the console (host: 127.0.0.1:40210)
2026-02-23 13:48:08.029914 (999726) main____ INFO    About to exit: request to exit with status 1 received from analysis session 'session_0'
2026-02-23 13:48:08.098828 (999726) session_ INFO    Analysis session 'session_0' disconnected.
2026-02-23 13:48:08.099010 (999726) lic__man INFO    Unclaim everything for 'session_0'.
2026-02-23 13:48:08.099725 (999726) session_ INFO    Process for analysis session 'session_0' has exited with exit status '1'.
2026-02-23 13:48:10.127977 (999726) lic_core INFO    (2) checkin jasper_fao
2026-02-23 13:48:10.129758 (999726) main____ INFO    Exiting with status 1.
