2026-02-23 13:58:28.226599 (2934836) main____ INFO    ----------------------------------------
2026-02-23 13:58:28.226693 (2934836) main____ INFO    JasperGold version info
2026-02-23 13:58:28.226712 (2934836) main____ INFO      tool      : JasperGold 2021.03
2026-02-23 13:58:28.226722 (2934836) main____ INFO      version   : 2021.03 FCS 64 bits
2026-02-23 13:58:28.226726 (2934836) main____ INFO      build date: 2021.03.23 02:50:43 UTC
2026-02-23 13:58:28.226729 (2934836) main____ INFO    ----------------------------------------
2026-02-23 13:58:28.226733 (2934836) main____ INFO    Runtime info:
2026-02-23 13:58:28.226737 (2934836) main____ INFO      platform  : Linux 5.14.0-570.84.1.el9_6.x86_64 x86_64
2026-02-23 13:58:28.226741 (2934836) main____ INFO      hostname  : della-h12n18
2026-02-23 13:58:28.226745 (2934836) main____ INFO      pid       : 2934836
2026-02-23 13:58:28.226749 (2934836) main____ INFO      arguments : '-style' 'windows' '-batch' '-proj' './verification_results/04257/jgproject' '-tcl' './jasper_verif_check.tcl'
2026-02-23 13:58:28.226756 (2934836) main____ INFO      locale    : UTF-8
2026-02-23 13:58:28.226760 (2934836) main____ INFO    ----------------------------------------
2026-02-23 13:58:28.226763 (2934836) main____ INFO    System resource limits info:
2026-02-23 13:58:28.226766 (2934836) main____ INFO      virtual memory: unlimited
2026-02-23 13:58:28.226770 (2934836) main____ INFO      cpu time      : unlimited
2026-02-23 13:58:28.226773 (2934836) main____ INFO      stack size    : unlimited
2026-02-23 13:58:28.226778 (2934836) main____ INFO      core file size: unlimited
2026-02-23 13:58:28.226784 (2934836) main____ INFO      open files    : 131072
2026-02-23 13:58:28.226788 (2934836) main____ INFO      file size     : unlimited
2026-02-23 13:58:28.226791 (2934836) main____ INFO    ----------------------------------------
2026-02-23 13:58:28.226794 (2934836) main____ INFO    Memory statistics:
2026-02-23 13:58:28.226798 (2934836) main____ INFO      total physical memory  : 1055795796 kB
2026-02-23 13:58:28.226802 (2934836) main____ INFO      free physical memory   : 291265148 kB
2026-02-23 13:58:28.226805 (2934836) main____ INFO      committed address space: 426622176 kB
2026-02-23 13:58:28.226808 (2934836) main____ INFO    ----------------------------------------
2026-02-23 13:58:28.227592 (2934836) main____ INFO    Important environment variables:
2026-02-23 13:58:28.227610 (2934836) main____ INFO      JASPER_HOME       : '/usr/licensed/cadence-20210126/jasper_2021.03'
2026-02-23 13:58:28.227616 (2934836) main____ INFO      JASPER_INSTALL_DIR: '/scratch/gpfs/LICENSED/x86_64/cadence-20210126/jasper_2021.03'
2026-02-23 13:58:28.227620 (2934836) main____ INFO      LANG              : 'en_US.UTF-8'
2026-02-23 13:58:28.227625 (2934836) main____ INFO      LM_LICENSE_FILE   : '5280@license.rc.princeton.edu'
2026-02-23 13:58:28.227629 (2934836) main____ INFO      TMPDIR            : '/tmp/ab2113/jg_5019134_77'
2026-02-23 13:58:28.227632 (2934836) main____ INFO    ----------------------------------------
2026-02-23 13:58:28.228411 (2934836) lic_core INFO    Initializing license system ...
2026-02-23 13:58:28.229110 (2934836) lic_core INFO    ... license system initialized.
2026-02-23 13:58:28.230042 (2934836) lic__man INFO    Claim 'fpv' for <ui>.
2026-02-23 13:58:28.230079 (2934836) lic_core INFO    (1) checking out 'jasper_fpv' ...
2026-02-23 13:58:28.235882 (2934836) lic_core INFO    ... (1) checkout failed (error: -5) ("FLEXnet ERROR(-5, 0, 0): No such feature exists.")
2026-02-23 13:58:28.235934 (2934836) lic_core INFO    (2) checking out 'jasper_fao' ...
2026-02-23 13:58:28.246956 (2934836) lic_core INFO    ... (2) checkout succeeded
2026-02-23 13:58:28.260720 (2934836) session_ INFO    Starting analysis session with session id 'session_0' (launcher: <local>) ...
2026-02-23 13:58:28.263256 (2934836) session_ INFO    Analysis session with session id 'session_0' started (pid: 2934844)
2026-02-23 13:58:28.878072 (2934836) session_ INFO    Analysis session 'session_0' connected to the console (host: 127.0.0.1:32784)
2026-02-23 13:58:29.678670 (2934836) lic__man INFO    Unclaim everything for 'session_0'.
2026-02-23 13:58:29.718086 (2934836) lic__man INFO    Claim 'fpv' for 'session_0'.
2026-02-23 13:58:29.718126 (2934836) lic__man INFO    Claim 'fpv' for 'session_0/prove-0'.
2026-02-23 13:58:29.851017 (2934836) lic__man INFO    Unclaim everything for 'session_0/prove-0'.
2026-02-23 13:58:29.907493 (2934836) main____ INFO    About to exit: request to exit with status 0 received from analysis session 'session_0'
2026-02-23 13:58:29.978600 (2934836) session_ INFO    Analysis session 'session_0' disconnected.
2026-02-23 13:58:29.978722 (2934836) lic__man INFO    Unclaim everything for 'session_0'.
2026-02-23 13:58:29.979720 (2934836) session_ INFO    Process for analysis session 'session_0' has exited with exit status '0'.
2026-02-23 13:58:32.010252 (2934836) lic_core INFO    (2) checkin jasper_fao
2026-02-23 13:58:32.012001 (2934836) main____ INFO    Exiting with status 0.
