2026-02-23 13:37:30.695557 (1132067) main____ INFO    ----------------------------------------
2026-02-23 13:37:30.695659 (1132067) main____ INFO    JasperGold version info
2026-02-23 13:37:30.695677 (1132067) main____ INFO      tool      : JasperGold 2021.03
2026-02-23 13:37:30.695686 (1132067) main____ INFO      version   : 2021.03 FCS 64 bits
2026-02-23 13:37:30.695690 (1132067) main____ INFO      build date: 2021.03.23 02:50:43 UTC
2026-02-23 13:37:30.695694 (1132067) main____ INFO    ----------------------------------------
2026-02-23 13:37:30.695698 (1132067) main____ INFO    Runtime info:
2026-02-23 13:37:30.695702 (1132067) main____ INFO      platform  : Linux 5.14.0-570.84.1.el9_6.x86_64 x86_64
2026-02-23 13:37:30.695708 (1132067) main____ INFO      hostname  : della-i13n20
2026-02-23 13:37:30.695712 (1132067) main____ INFO      pid       : 1132067
2026-02-23 13:37:30.695716 (1132067) main____ INFO      arguments : '-style' 'windows' '-batch' '-proj' './verification_results/00384/jgproject' '-tcl' './jasper_verif_check.tcl'
2026-02-23 13:37:30.695725 (1132067) main____ INFO      locale    : UTF-8
2026-02-23 13:37:30.695728 (1132067) main____ INFO    ----------------------------------------
2026-02-23 13:37:30.695732 (1132067) main____ INFO    System resource limits info:
2026-02-23 13:37:30.695736 (1132067) main____ INFO      virtual memory: unlimited
2026-02-23 13:37:30.695740 (1132067) main____ INFO      cpu time      : unlimited
2026-02-23 13:37:30.695744 (1132067) main____ INFO      stack size    : unlimited
2026-02-23 13:37:30.695748 (1132067) main____ INFO      core file size: unlimited
2026-02-23 13:37:30.695755 (1132067) main____ INFO      open files    : 131072
2026-02-23 13:37:30.695759 (1132067) main____ INFO      file size     : unlimited
2026-02-23 13:37:30.695763 (1132067) main____ INFO    ----------------------------------------
2026-02-23 13:37:30.695766 (1132067) main____ INFO    Memory statistics:
2026-02-23 13:37:30.695770 (1132067) main____ INFO      total physical memory  : 394157552 kB
2026-02-23 13:37:30.695774 (1132067) main____ INFO      free physical memory   : 163064104 kB
2026-02-23 13:37:30.695777 (1132067) main____ INFO      committed address space: 144355556 kB
2026-02-23 13:37:30.695781 (1132067) main____ INFO    ----------------------------------------
2026-02-23 13:37:30.696692 (1132067) main____ INFO    Important environment variables:
2026-02-23 13:37:30.696708 (1132067) main____ INFO      JASPER_HOME       : '/usr/licensed/cadence-20210126/jasper_2021.03'
2026-02-23 13:37:30.696714 (1132067) main____ INFO      JASPER_INSTALL_DIR: '/scratch/gpfs/LICENSED/x86_64/cadence-20210126/jasper_2021.03'
2026-02-23 13:37:30.696719 (1132067) main____ INFO      LANG              : 'en_US.UTF-8'
2026-02-23 13:37:30.696724 (1132067) main____ INFO      LM_LICENSE_FILE   : '5280@license.rc.princeton.edu'
2026-02-23 13:37:30.696729 (1132067) main____ INFO      TMPDIR            : '/tmp/ab2113/jg_5018698_2'
2026-02-23 13:37:30.696733 (1132067) main____ INFO    ----------------------------------------
2026-02-23 13:37:30.697665 (1132067) lic_core INFO    Initializing license system ...
2026-02-23 13:37:30.698577 (1132067) lic_core INFO    ... license system initialized.
2026-02-23 13:37:30.699472 (1132067) lic__man INFO    Claim 'fpv' for <ui>.
2026-02-23 13:37:30.699516 (1132067) lic_core INFO    (1) checking out 'jasper_fpv' ...
2026-02-23 13:37:30.705344 (1132067) lic_core INFO    ... (1) checkout failed (error: -5) ("FLEXnet ERROR(-5, 0, 0): No such feature exists.")
2026-02-23 13:37:30.705401 (1132067) lic_core INFO    (2) checking out 'jasper_fao' ...
2026-02-23 13:37:30.715342 (1132067) lic_core INFO    ... (2) checkout succeeded
2026-02-23 13:37:30.729883 (1132067) session_ INFO    Starting analysis session with session id 'session_0' (launcher: <local>) ...
2026-02-23 13:37:30.733485 (1132067) session_ INFO    Analysis session with session id 'session_0' started (pid: 1132103)
2026-02-23 13:37:31.458788 (1132067) session_ INFO    Analysis session 'session_0' connected to the console (host: 127.0.0.1:57848)
2026-02-23 13:37:32.290373 (1132067) lic__man INFO    Unclaim everything for 'session_0'.
2026-02-23 13:37:32.357994 (1132067) lic__man INFO    Claim 'fpv' for 'session_0'.
2026-02-23 13:37:32.358038 (1132067) lic__man INFO    Claim 'fpv' for 'session_0/prove-0'.
2026-02-23 13:37:32.480149 (1132067) lic__man INFO    Unclaim everything for 'session_0/prove-0'.
2026-02-23 13:37:32.537237 (1132067) main____ INFO    About to exit: request to exit with status 0 received from analysis session 'session_0'
2026-02-23 13:37:32.635895 (1132067) session_ INFO    Analysis session 'session_0' disconnected.
2026-02-23 13:37:32.636008 (1132067) lic__man INFO    Unclaim everything for 'session_0'.
2026-02-23 13:37:32.636677 (1132067) session_ INFO    Process for analysis session 'session_0' has exited with exit status '0'.
2026-02-23 13:37:34.550596 (1132067) lic_core INFO    (2) checkin jasper_fao
2026-02-23 13:37:34.552049 (1132067) main____ INFO    Exiting with status 0.
