2026-02-23 13:46:57.346479 (1382635) main____ INFO    ----------------------------------------
2026-02-23 13:46:57.346599 (1382635) main____ INFO    JasperGold version info
2026-02-23 13:46:57.346620 (1382635) main____ INFO      tool      : JasperGold 2021.03
2026-02-23 13:46:57.346631 (1382635) main____ INFO      version   : 2021.03 FCS 64 bits
2026-02-23 13:46:57.346637 (1382635) main____ INFO      build date: 2021.03.23 02:50:43 UTC
2026-02-23 13:46:57.346642 (1382635) main____ INFO    ----------------------------------------
2026-02-23 13:46:57.346646 (1382635) main____ INFO    Runtime info:
2026-02-23 13:46:57.346651 (1382635) main____ INFO      platform  : Linux 5.14.0-570.84.1.el9_6.x86_64 x86_64
2026-02-23 13:46:57.346657 (1382635) main____ INFO      hostname  : della-r3c3n3
2026-02-23 13:46:57.346662 (1382635) main____ INFO      pid       : 1382635
2026-02-23 13:46:57.346667 (1382635) main____ INFO      arguments : '-style' 'windows' '-batch' '-proj' './verification_results/02247/jgproject' '-tcl' './jasper_verif_check.tcl'
2026-02-23 13:46:57.346677 (1382635) main____ INFO      locale    : UTF-8
2026-02-23 13:46:57.346681 (1382635) main____ INFO    ----------------------------------------
2026-02-23 13:46:57.346685 (1382635) main____ INFO    System resource limits info:
2026-02-23 13:46:57.346690 (1382635) main____ INFO      virtual memory: unlimited
2026-02-23 13:46:57.346695 (1382635) main____ INFO      cpu time      : unlimited
2026-02-23 13:46:57.346699 (1382635) main____ INFO      stack size    : unlimited
2026-02-23 13:46:57.346703 (1382635) main____ INFO      core file size: unlimited
2026-02-23 13:46:57.346711 (1382635) main____ INFO      open files    : 131072
2026-02-23 13:46:57.346716 (1382635) main____ INFO      file size     : unlimited
2026-02-23 13:46:57.346721 (1382635) main____ INFO    ----------------------------------------
2026-02-23 13:46:57.346725 (1382635) main____ INFO    Memory statistics:
2026-02-23 13:46:57.346729 (1382635) main____ INFO      total physical memory  : 195972168 kB
2026-02-23 13:46:57.346734 (1382635) main____ INFO      free physical memory   : 110041288 kB
2026-02-23 13:46:57.346738 (1382635) main____ INFO      committed address space: 57458300 kB
2026-02-23 13:46:57.346742 (1382635) main____ INFO    ----------------------------------------
2026-02-23 13:46:57.347756 (1382635) main____ INFO    Important environment variables:
2026-02-23 13:46:57.347793 (1382635) main____ INFO      JASPER_HOME       : '/usr/licensed/cadence-20210126/jasper_2021.03'
2026-02-23 13:46:57.347801 (1382635) main____ INFO      JASPER_INSTALL_DIR: '/scratch/gpfs/LICENSED/x86_64/cadence-20210126/jasper_2021.03'
2026-02-23 13:46:57.347807 (1382635) main____ INFO      LANG              : 'en_US.UTF-8'
2026-02-23 13:46:57.347813 (1382635) main____ INFO      LM_LICENSE_FILE   : '5280@license.rc.princeton.edu'
2026-02-23 13:46:57.347819 (1382635) main____ INFO      TMPDIR            : '/tmp/ab2113/jg_5018902_37'
2026-02-23 13:46:57.347824 (1382635) main____ INFO    ----------------------------------------
2026-02-23 13:46:57.348766 (1382635) lic_core INFO    Initializing license system ...
2026-02-23 13:46:57.349688 (1382635) lic_core INFO    ... license system initialized.
2026-02-23 13:46:57.350571 (1382635) lic__man INFO    Claim 'fpv' for <ui>.
2026-02-23 13:46:57.350626 (1382635) lic_core INFO    (1) checking out 'jasper_fpv' ...
2026-02-23 13:46:57.356250 (1382635) lic_core INFO    ... (1) checkout failed (error: -5) ("FLEXnet ERROR(-5, 0, 0): No such feature exists.")
2026-02-23 13:46:57.356316 (1382635) lic_core INFO    (2) checking out 'jasper_fao' ...
2026-02-23 13:46:57.367139 (1382635) lic_core INFO    ... (2) checkout succeeded
2026-02-23 13:46:57.382709 (1382635) session_ INFO    Starting analysis session with session id 'session_0' (launcher: <local>) ...
2026-02-23 13:46:57.386083 (1382635) session_ INFO    Analysis session with session id 'session_0' started (pid: 1382659)
2026-02-23 13:46:58.243439 (1382635) session_ INFO    Analysis session 'session_0' connected to the console (host: 127.0.0.1:54996)
2026-02-23 13:46:59.124333 (1382635) lic__man INFO    Unclaim everything for 'session_0'.
2026-02-23 13:46:59.177402 (1382635) lic__man INFO    Claim 'fpv' for 'session_0'.
2026-02-23 13:46:59.177476 (1382635) lic__man INFO    Claim 'fpv' for 'session_0/prove-0'.
2026-02-23 13:46:59.354882 (1382635) lic__man INFO    Unclaim everything for 'session_0/prove-0'.
2026-02-23 13:46:59.411514 (1382635) main____ INFO    About to exit: request to exit with status 0 received from analysis session 'session_0'
2026-02-23 13:46:59.507392 (1382635) session_ INFO    Analysis session 'session_0' disconnected.
2026-02-23 13:46:59.507535 (1382635) lic__man INFO    Unclaim everything for 'session_0'.
2026-02-23 13:46:59.508135 (1382635) session_ INFO    Process for analysis session 'session_0' has exited with exit status '0'.
2026-02-23 13:47:01.520653 (1382635) lic_core INFO    (2) checkin jasper_fao
2026-02-23 13:47:01.522049 (1382635) main____ INFO    Exiting with status 0.
