2026-02-23 14:43:05.226652 (1799116) main____ INFO    ----------------------------------------
2026-02-23 14:43:05.226720 (1799116) main____ INFO    JasperGold version info
2026-02-23 14:43:05.226735 (1799116) main____ INFO      tool      : JasperGold 2021.03
2026-02-23 14:43:05.226743 (1799116) main____ INFO      version   : 2021.03 FCS 64 bits
2026-02-23 14:43:05.226749 (1799116) main____ INFO      build date: 2021.03.23 02:50:43 UTC
2026-02-23 14:43:05.226754 (1799116) main____ INFO    ----------------------------------------
2026-02-23 14:43:05.226759 (1799116) main____ INFO    Runtime info:
2026-02-23 14:43:05.226764 (1799116) main____ INFO      platform  : Linux 5.14.0-570.84.1.el9_6.x86_64 x86_64
2026-02-23 14:43:05.226770 (1799116) main____ INFO      hostname  : della-h14n12
2026-02-23 14:43:05.226775 (1799116) main____ INFO      pid       : 1799116
2026-02-23 14:43:05.226781 (1799116) main____ INFO      arguments : '-style' 'windows' '-batch' '-proj' './verification_results/01643/jgproject' '-tcl' './jasper_verif_check.tcl'
2026-02-23 14:43:05.226789 (1799116) main____ INFO      locale    : UTF-8
2026-02-23 14:43:05.226794 (1799116) main____ INFO    ----------------------------------------
2026-02-23 14:43:05.226799 (1799116) main____ INFO    System resource limits info:
2026-02-23 14:43:05.226804 (1799116) main____ INFO      virtual memory: unlimited
2026-02-23 14:43:05.226809 (1799116) main____ INFO      cpu time      : unlimited
2026-02-23 14:43:05.226814 (1799116) main____ INFO      stack size    : unlimited
2026-02-23 14:43:05.226819 (1799116) main____ INFO      core file size: unlimited
2026-02-23 14:43:05.226826 (1799116) main____ INFO      open files    : 131072
2026-02-23 14:43:05.226831 (1799116) main____ INFO      file size     : unlimited
2026-02-23 14:43:05.226836 (1799116) main____ INFO    ----------------------------------------
2026-02-23 14:43:05.226841 (1799116) main____ INFO    Memory statistics:
2026-02-23 14:43:05.226846 (1799116) main____ INFO      total physical memory  : 1584164368 kB
2026-02-23 14:43:05.226851 (1799116) main____ INFO      free physical memory   : 603507440 kB
2026-02-23 14:43:05.226856 (1799116) main____ INFO      committed address space: 577425892 kB
2026-02-23 14:43:05.226860 (1799116) main____ INFO    ----------------------------------------
2026-02-23 14:43:05.227376 (1799116) main____ INFO    Important environment variables:
2026-02-23 14:43:05.227390 (1799116) main____ INFO      JASPER_HOME       : '/usr/licensed/cadence-20210126/jasper_2021.03'
2026-02-23 14:43:05.227396 (1799116) main____ INFO      JASPER_INSTALL_DIR: '/scratch/gpfs/LICENSED/x86_64/cadence-20210126/jasper_2021.03'
2026-02-23 14:43:05.227401 (1799116) main____ INFO      LANG              : 'en_US.UTF-8'
2026-02-23 14:43:05.227407 (1799116) main____ INFO      LM_LICENSE_FILE   : '5280@license.rc.princeton.edu'
2026-02-23 14:43:05.227412 (1799116) main____ INFO      TMPDIR            : '/tmp/ab2113/jg_5018846_25'
2026-02-23 14:43:05.227417 (1799116) main____ INFO    ----------------------------------------
2026-02-23 14:43:05.227878 (1799116) lic_core INFO    Initializing license system ...
2026-02-23 14:43:05.228384 (1799116) lic_core INFO    ... license system initialized.
2026-02-23 14:43:05.229116 (1799116) lic__man INFO    Claim 'fpv' for <ui>.
2026-02-23 14:43:05.229147 (1799116) lic_core INFO    (1) checking out 'jasper_fpv' ...
2026-02-23 14:43:05.235124 (1799116) lic_core INFO    ... (1) checkout failed (error: -5) ("FLEXnet ERROR(-5, 0, 0): No such feature exists.")
2026-02-23 14:43:05.235151 (1799116) lic_core INFO    (2) checking out 'jasper_fao' ...
2026-02-23 14:43:05.244075 (1799116) lic_core INFO    ... (2) checkout succeeded
2026-02-23 14:43:05.254305 (1799116) session_ INFO    Starting analysis session with session id 'session_0' (launcher: <local>) ...
2026-02-23 14:43:05.256876 (1799116) session_ INFO    Analysis session with session id 'session_0' started (pid: 1799124)
2026-02-23 14:43:05.790350 (1799116) session_ INFO    Analysis session 'session_0' connected to the console (host: 127.0.0.1:43388)
2026-02-23 14:43:06.278009 (1799116) main____ INFO    About to exit: request to exit with status 1 received from analysis session 'session_0'
2026-02-23 14:43:06.327477 (1799116) session_ INFO    Analysis session 'session_0' disconnected.
2026-02-23 14:43:06.327593 (1799116) lic__man INFO    Unclaim everything for 'session_0'.
2026-02-23 14:43:06.328252 (1799116) session_ INFO    Process for analysis session 'session_0' has exited with exit status '1'.
2026-02-23 14:43:08.181482 (1799116) lic_core INFO    (2) checkin jasper_fao
2026-02-23 14:43:08.183178 (1799116) main____ INFO    Exiting with status 1.
