2026-02-23 13:45:43.401655 (992746) main____ INFO    ----------------------------------------
2026-02-23 13:45:43.401767 (992746) main____ INFO    JasperGold version info
2026-02-23 13:45:43.401788 (992746) main____ INFO      tool      : JasperGold 2021.03
2026-02-23 13:45:43.401807 (992746) main____ INFO      version   : 2021.03 FCS 64 bits
2026-02-23 13:45:43.401812 (992746) main____ INFO      build date: 2021.03.23 02:50:43 UTC
2026-02-23 13:45:43.401817 (992746) main____ INFO    ----------------------------------------
2026-02-23 13:45:43.401823 (992746) main____ INFO    Runtime info:
2026-02-23 13:45:43.401828 (992746) main____ INFO      platform  : Linux 5.14.0-570.84.1.el9_6.x86_64 x86_64
2026-02-23 13:45:43.401834 (992746) main____ INFO      hostname  : della-h16n4
2026-02-23 13:45:43.401840 (992746) main____ INFO      pid       : 992746
2026-02-23 13:45:43.401845 (992746) main____ INFO      arguments : '-style' 'windows' '-batch' '-proj' './verification_results/02469/jgproject' '-tcl' './jasper_verif_check.tcl'
2026-02-23 13:45:43.401856 (992746) main____ INFO      locale    : UTF-8
2026-02-23 13:45:43.401861 (992746) main____ INFO    ----------------------------------------
2026-02-23 13:45:43.401865 (992746) main____ INFO    System resource limits info:
2026-02-23 13:45:43.401871 (992746) main____ INFO      virtual memory: unlimited
2026-02-23 13:45:43.401877 (992746) main____ INFO      cpu time      : unlimited
2026-02-23 13:45:43.401882 (992746) main____ INFO      stack size    : unlimited
2026-02-23 13:45:43.401887 (992746) main____ INFO      core file size: unlimited
2026-02-23 13:45:43.401895 (992746) main____ INFO      open files    : 131072
2026-02-23 13:45:43.401900 (992746) main____ INFO      file size     : unlimited
2026-02-23 13:45:43.401905 (992746) main____ INFO    ----------------------------------------
2026-02-23 13:45:43.401910 (992746) main____ INFO    Memory statistics:
2026-02-23 13:45:43.401915 (992746) main____ INFO      total physical memory  : 1584164328 kB
2026-02-23 13:45:43.401920 (992746) main____ INFO      free physical memory   : 747551328 kB
2026-02-23 13:45:43.401925 (992746) main____ INFO      committed address space: 731714664 kB
2026-02-23 13:45:43.401930 (992746) main____ INFO    ----------------------------------------
2026-02-23 13:45:43.402481 (992746) main____ INFO    Important environment variables:
2026-02-23 13:45:43.402496 (992746) main____ INFO      JASPER_HOME       : '/usr/licensed/cadence-20210126/jasper_2021.03'
2026-02-23 13:45:43.402502 (992746) main____ INFO      JASPER_INSTALL_DIR: '/scratch/gpfs/LICENSED/x86_64/cadence-20210126/jasper_2021.03'
2026-02-23 13:45:43.402508 (992746) main____ INFO      LANG              : 'en_US.UTF-8'
2026-02-23 13:45:43.402513 (992746) main____ INFO      LM_LICENSE_FILE   : '5280@license.rc.princeton.edu'
2026-02-23 13:45:43.402519 (992746) main____ INFO      TMPDIR            : '/tmp/ab2113/jg_5018914_42'
2026-02-23 13:45:43.402523 (992746) main____ INFO    ----------------------------------------
2026-02-23 13:45:43.403226 (992746) lic_core INFO    Initializing license system ...
2026-02-23 13:45:43.404008 (992746) lic_core INFO    ... license system initialized.
2026-02-23 13:45:43.404999 (992746) lic__man INFO    Claim 'fpv' for <ui>.
2026-02-23 13:45:43.405048 (992746) lic_core INFO    (1) checking out 'jasper_fpv' ...
2026-02-23 13:45:43.411459 (992746) lic_core INFO    ... (1) checkout failed (error: -5) ("FLEXnet ERROR(-5, 0, 0): No such feature exists.")
2026-02-23 13:45:43.411513 (992746) lic_core INFO    (2) checking out 'jasper_fao' ...
2026-02-23 13:45:43.420604 (992746) lic_core INFO    ... (2) checkout succeeded
2026-02-23 13:45:43.433032 (992746) session_ INFO    Starting analysis session with session id 'session_0' (launcher: <local>) ...
2026-02-23 13:45:43.437486 (992746) session_ INFO    Analysis session with session id 'session_0' started (pid: 992754)
2026-02-23 13:45:44.157262 (992746) session_ INFO    Analysis session 'session_0' connected to the console (host: 127.0.0.1:40238)
2026-02-23 13:45:45.032903 (992746) main____ INFO    About to exit: request to exit with status 1 received from analysis session 'session_0'
2026-02-23 13:45:45.105812 (992746) session_ INFO    Analysis session 'session_0' disconnected.
2026-02-23 13:45:45.105964 (992746) lic__man INFO    Unclaim everything for 'session_0'.
2026-02-23 13:45:45.106712 (992746) session_ INFO    Process for analysis session 'session_0' has exited with exit status '1'.
2026-02-23 13:45:47.128618 (992746) lic_core INFO    (2) checkin jasper_fao
2026-02-23 13:45:47.130514 (992746) main____ INFO    Exiting with status 1.
