2026-02-20 18:13:33.833292 (2579788) main____ INFO    ----------------------------------------
2026-02-20 18:13:33.833416 (2579788) main____ INFO    JasperGold version info
2026-02-20 18:13:33.833437 (2579788) main____ INFO      tool      : JasperGold 2021.03
2026-02-20 18:13:33.833447 (2579788) main____ INFO      version   : 2021.03 FCS 64 bits
2026-02-20 18:13:33.833452 (2579788) main____ INFO      build date: 2021.03.23 02:50:43 UTC
2026-02-20 18:13:33.833456 (2579788) main____ INFO    ----------------------------------------
2026-02-20 18:13:33.833461 (2579788) main____ INFO    Runtime info:
2026-02-20 18:13:33.833465 (2579788) main____ INFO      platform  : Linux 5.14.0-570.84.1.el9_6.x86_64 x86_64
2026-02-20 18:13:33.833471 (2579788) main____ INFO      hostname  : della-i13n22
2026-02-20 18:13:33.833476 (2579788) main____ INFO      pid       : 2579788
2026-02-20 18:13:33.833480 (2579788) main____ INFO      arguments : '-style' 'windows' '-batch' '-proj' 'verification_results/00730/jgproject' '-tcl' './jasper_verif_check.tcl'
2026-02-20 18:13:33.833489 (2579788) main____ INFO      locale    : UTF-8
2026-02-20 18:13:33.833493 (2579788) main____ INFO    ----------------------------------------
2026-02-20 18:13:33.833496 (2579788) main____ INFO    System resource limits info:
2026-02-20 18:13:33.833500 (2579788) main____ INFO      virtual memory: unlimited
2026-02-20 18:13:33.833504 (2579788) main____ INFO      cpu time      : unlimited
2026-02-20 18:13:33.833508 (2579788) main____ INFO      stack size    : unlimited
2026-02-20 18:13:33.833512 (2579788) main____ INFO      core file size: unlimited
2026-02-20 18:13:33.833519 (2579788) main____ INFO      open files    : 131072
2026-02-20 18:13:33.833524 (2579788) main____ INFO      file size     : unlimited
2026-02-20 18:13:33.833527 (2579788) main____ INFO    ----------------------------------------
2026-02-20 18:13:33.833531 (2579788) main____ INFO    Memory statistics:
2026-02-20 18:13:33.833535 (2579788) main____ INFO      total physical memory  : 394157548 kB
2026-02-20 18:13:33.833539 (2579788) main____ INFO      free physical memory   : 179123692 kB
2026-02-20 18:13:33.833542 (2579788) main____ INFO      committed address space: 179861772 kB
2026-02-20 18:13:33.833546 (2579788) main____ INFO    ----------------------------------------
2026-02-20 18:13:33.834435 (2579788) main____ INFO    Important environment variables:
2026-02-20 18:13:33.834463 (2579788) main____ INFO      JASPER_HOME       : '/usr/licensed/cadence-20210126/jasper_2021.03'
2026-02-20 18:13:33.834469 (2579788) main____ INFO      JASPER_INSTALL_DIR: '/scratch/gpfs/LICENSED/x86_64/cadence-20210126/jasper_2021.03'
2026-02-20 18:13:33.834475 (2579788) main____ INFO      LANG              : 'en_US.UTF-8'
2026-02-20 18:13:33.834480 (2579788) main____ INFO      LM_LICENSE_FILE   : '5280@license.rc.princeton.edu'
2026-02-20 18:13:33.834486 (2579788) main____ INFO      TMPDIR            : '/tmp'
2026-02-20 18:13:33.834490 (2579788) main____ INFO    ----------------------------------------
2026-02-20 18:13:33.835476 (2579788) lic_core INFO    Initializing license system ...
2026-02-20 18:13:33.836425 (2579788) lic_core INFO    ... license system initialized.
2026-02-20 18:13:33.837277 (2579788) lic__man INFO    Claim 'fpv' for <ui>.
2026-02-20 18:13:33.837324 (2579788) lic_core INFO    (1) checking out 'jasper_fpv' ...
2026-02-20 18:13:33.843399 (2579788) lic_core INFO    ... (1) checkout failed (error: -5) ("FLEXnet ERROR(-5, 0, 0): No such feature exists.")
2026-02-20 18:13:33.843463 (2579788) lic_core INFO    (2) checking out 'jasper_fao' ...
2026-02-20 18:13:33.853828 (2579788) lic_core INFO    ... (2) checkout succeeded
2026-02-20 18:13:33.869090 (2579788) session_ INFO    Starting analysis session with session id 'session_0' (launcher: <local>) ...
2026-02-20 18:13:33.872597 (2579788) session_ INFO    Analysis session with session id 'session_0' started (pid: 2579796)
2026-02-20 18:13:34.623175 (2579788) session_ INFO    Analysis session 'session_0' connected to the console (host: 127.0.0.1:46620)
2026-02-20 18:13:35.206506 (2579788) main____ INFO    About to exit: request to exit with status 1 received from analysis session 'session_0'
2026-02-20 18:13:35.303452 (2579788) session_ INFO    Analysis session 'session_0' disconnected.
2026-02-20 18:13:35.303605 (2579788) lic__man INFO    Unclaim everything for 'session_0'.
2026-02-20 18:13:35.304343 (2579788) session_ INFO    Process for analysis session 'session_0' has exited with exit status '1'.
2026-02-20 18:13:37.111479 (2579788) lic_core INFO    (2) checkin jasper_fao
2026-02-20 18:13:37.113156 (2579788) main____ INFO    Exiting with status 1.
