2026-02-23 13:53:42.342502 (1954235) main____ INFO    ----------------------------------------
2026-02-23 13:53:42.342599 (1954235) main____ INFO    JasperGold version info
2026-02-23 13:53:42.342616 (1954235) main____ INFO      tool      : JasperGold 2021.03
2026-02-23 13:53:42.342624 (1954235) main____ INFO      version   : 2021.03 FCS 64 bits
2026-02-23 13:53:42.342629 (1954235) main____ INFO      build date: 2021.03.23 02:50:43 UTC
2026-02-23 13:53:42.342634 (1954235) main____ INFO    ----------------------------------------
2026-02-23 13:53:42.342638 (1954235) main____ INFO    Runtime info:
2026-02-23 13:53:42.342642 (1954235) main____ INFO      platform  : Linux 5.14.0-570.84.1.el9_6.x86_64 x86_64
2026-02-23 13:53:42.342647 (1954235) main____ INFO      hostname  : della-r3c1n5
2026-02-23 13:53:42.342652 (1954235) main____ INFO      pid       : 1954235
2026-02-23 13:53:42.342656 (1954235) main____ INFO      arguments : '-style' 'windows' '-batch' '-proj' './verification_results/03919/jgproject' '-tcl' './jasper_verif_check.tcl'
2026-02-23 13:53:42.342664 (1954235) main____ INFO      locale    : UTF-8
2026-02-23 13:53:42.342669 (1954235) main____ INFO    ----------------------------------------
2026-02-23 13:53:42.342672 (1954235) main____ INFO    System resource limits info:
2026-02-23 13:53:42.342677 (1954235) main____ INFO      virtual memory: unlimited
2026-02-23 13:53:42.342681 (1954235) main____ INFO      cpu time      : unlimited
2026-02-23 13:53:42.342685 (1954235) main____ INFO      stack size    : unlimited
2026-02-23 13:53:42.342690 (1954235) main____ INFO      core file size: unlimited
2026-02-23 13:53:42.342696 (1954235) main____ INFO      open files    : 131072
2026-02-23 13:53:42.342700 (1954235) main____ INFO      file size     : unlimited
2026-02-23 13:53:42.342704 (1954235) main____ INFO    ----------------------------------------
2026-02-23 13:53:42.342708 (1954235) main____ INFO    Memory statistics:
2026-02-23 13:53:42.342713 (1954235) main____ INFO      total physical memory  : 195972056 kB
2026-02-23 13:53:42.342717 (1954235) main____ INFO      free physical memory   : 134019016 kB
2026-02-23 13:53:42.342721 (1954235) main____ INFO      committed address space: 56819676 kB
2026-02-23 13:53:42.342725 (1954235) main____ INFO    ----------------------------------------
2026-02-23 13:53:42.343716 (1954235) main____ INFO    Important environment variables:
2026-02-23 13:53:42.343733 (1954235) main____ INFO      JASPER_HOME       : '/usr/licensed/cadence-20210126/jasper_2021.03'
2026-02-23 13:53:42.343739 (1954235) main____ INFO      JASPER_INSTALL_DIR: '/scratch/gpfs/LICENSED/x86_64/cadence-20210126/jasper_2021.03'
2026-02-23 13:53:42.343744 (1954235) main____ INFO      LANG              : 'en_US.UTF-8'
2026-02-23 13:53:42.343749 (1954235) main____ INFO      LM_LICENSE_FILE   : '5280@license.rc.princeton.edu'
2026-02-23 13:53:42.343754 (1954235) main____ INFO      TMPDIR            : '/tmp/ab2113/jg_5019080_71'
2026-02-23 13:53:42.343758 (1954235) main____ INFO    ----------------------------------------
2026-02-23 13:53:42.344635 (1954235) lic_core INFO    Initializing license system ...
2026-02-23 13:53:42.345476 (1954235) lic_core INFO    ... license system initialized.
2026-02-23 13:53:42.346246 (1954235) lic__man INFO    Claim 'fpv' for <ui>.
2026-02-23 13:53:42.346285 (1954235) lic_core INFO    (1) checking out 'jasper_fpv' ...
2026-02-23 13:53:42.354476 (1954235) lic_core INFO    ... (1) checkout failed (error: -5) ("FLEXnet ERROR(-5, 0, 0): No such feature exists.")
2026-02-23 13:53:42.354527 (1954235) lic_core INFO    (2) checking out 'jasper_fao' ...
2026-02-23 13:53:42.365291 (1954235) lic_core INFO    ... (2) checkout succeeded
2026-02-23 13:53:42.380244 (1954235) session_ INFO    Starting analysis session with session id 'session_0' (launcher: <local>) ...
2026-02-23 13:53:42.383548 (1954235) session_ INFO    Analysis session with session id 'session_0' started (pid: 1954243)
2026-02-23 13:53:43.088182 (1954235) session_ INFO    Analysis session 'session_0' connected to the console (host: 127.0.0.1:34824)
2026-02-23 13:53:43.671231 (1954235) main____ INFO    About to exit: request to exit with status 1 received from analysis session 'session_0'
2026-02-23 13:53:43.748956 (1954235) session_ INFO    Analysis session 'session_0' disconnected.
2026-02-23 13:53:43.749095 (1954235) lic__man INFO    Unclaim everything for 'session_0'.
2026-02-23 13:53:43.749501 (1954235) session_ INFO    Process for analysis session 'session_0' has exited with exit status '1'.
2026-02-23 13:53:45.594083 (1954235) lic_core INFO    (2) checkin jasper_fao
2026-02-23 13:53:45.595564 (1954235) main____ INFO    Exiting with status 1.
