2026-02-23 13:58:30.845172 (3186866) main____ INFO    ----------------------------------------
2026-02-23 13:58:30.845245 (3186866) main____ INFO    JasperGold version info
2026-02-23 13:58:30.845259 (3186866) main____ INFO      tool      : JasperGold 2021.03
2026-02-23 13:58:30.845268 (3186866) main____ INFO      version   : 2021.03 FCS 64 bits
2026-02-23 13:58:30.845273 (3186866) main____ INFO      build date: 2021.03.23 02:50:43 UTC
2026-02-23 13:58:30.845280 (3186866) main____ INFO    ----------------------------------------
2026-02-23 13:58:30.845285 (3186866) main____ INFO    Runtime info:
2026-02-23 13:58:30.845289 (3186866) main____ INFO      platform  : Linux 5.14.0-570.84.1.el9_6.x86_64 x86_64
2026-02-23 13:58:30.845295 (3186866) main____ INFO      hostname  : della-r3c3n1
2026-02-23 13:58:30.845301 (3186866) main____ INFO      pid       : 3186866
2026-02-23 13:58:30.845306 (3186866) main____ INFO      arguments : '-style' 'windows' '-batch' '-proj' './verification_results/04622/jgproject' '-tcl' './jasper_verif_check.tcl'
2026-02-23 13:58:30.845314 (3186866) main____ INFO      locale    : UTF-8
2026-02-23 13:58:30.845321 (3186866) main____ INFO    ----------------------------------------
2026-02-23 13:58:30.845325 (3186866) main____ INFO    System resource limits info:
2026-02-23 13:58:30.845329 (3186866) main____ INFO      virtual memory: unlimited
2026-02-23 13:58:30.845334 (3186866) main____ INFO      cpu time      : unlimited
2026-02-23 13:58:30.845340 (3186866) main____ INFO      stack size    : unlimited
2026-02-23 13:58:30.845345 (3186866) main____ INFO      core file size: unlimited
2026-02-23 13:58:30.845351 (3186866) main____ INFO      open files    : 131072
2026-02-23 13:58:30.845357 (3186866) main____ INFO      file size     : unlimited
2026-02-23 13:58:30.845362 (3186866) main____ INFO    ----------------------------------------
2026-02-23 13:58:30.845366 (3186866) main____ INFO    Memory statistics:
2026-02-23 13:58:30.845370 (3186866) main____ INFO      total physical memory  : 195972176 kB
2026-02-23 13:58:30.845376 (3186866) main____ INFO      free physical memory   : 119150516 kB
2026-02-23 13:58:30.845386 (3186866) main____ INFO      committed address space: 22689148 kB
2026-02-23 13:58:30.845390 (3186866) main____ INFO    ----------------------------------------
2026-02-23 13:58:30.846334 (3186866) main____ INFO    Important environment variables:
2026-02-23 13:58:30.846347 (3186866) main____ INFO      JASPER_HOME       : '/usr/licensed/cadence-20210126/jasper_2021.03'
2026-02-23 13:58:30.846355 (3186866) main____ INFO      JASPER_INSTALL_DIR: '/scratch/gpfs/LICENSED/x86_64/cadence-20210126/jasper_2021.03'
2026-02-23 13:58:30.846361 (3186866) main____ INFO      LANG              : 'en_US.UTF-8'
2026-02-23 13:58:30.846367 (3186866) main____ INFO      LM_LICENSE_FILE   : '5280@license.rc.princeton.edu'
2026-02-23 13:58:30.846372 (3186866) main____ INFO      TMPDIR            : '/tmp/ab2113/jg_5019172_85'
2026-02-23 13:58:30.846377 (3186866) main____ INFO    ----------------------------------------
2026-02-23 13:58:30.847134 (3186866) lic_core INFO    Initializing license system ...
2026-02-23 13:58:30.847553 (3186866) lic_core INFO    ... license system initialized.
2026-02-23 13:58:30.848255 (3186866) lic__man INFO    Claim 'fpv' for <ui>.
2026-02-23 13:58:30.848289 (3186866) lic_core INFO    (1) checking out 'jasper_fpv' ...
2026-02-23 13:58:30.853555 (3186866) lic_core INFO    ... (1) checkout failed (error: -5) ("FLEXnet ERROR(-5, 0, 0): No such feature exists.")
2026-02-23 13:58:30.853583 (3186866) lic_core INFO    (2) checking out 'jasper_fao' ...
2026-02-23 13:58:30.863797 (3186866) lic_core INFO    ... (2) checkout succeeded
2026-02-23 13:58:30.878044 (3186866) session_ INFO    Starting analysis session with session id 'session_0' (launcher: <local>) ...
2026-02-23 13:58:30.880624 (3186866) session_ INFO    Analysis session with session id 'session_0' started (pid: 3186874)
2026-02-23 13:58:31.553631 (3186866) session_ INFO    Analysis session 'session_0' connected to the console (host: 127.0.0.1:48028)
2026-02-23 13:58:32.454457 (3186866) main____ INFO    About to exit: request to exit with status 1 received from analysis session 'session_0'
2026-02-23 13:58:32.523990 (3186866) session_ INFO    Analysis session 'session_0' disconnected.
2026-02-23 13:58:32.524105 (3186866) lic__man INFO    Unclaim everything for 'session_0'.
2026-02-23 13:58:32.524799 (3186866) session_ INFO    Process for analysis session 'session_0' has exited with exit status '1'.
2026-02-23 13:58:34.561730 (3186866) lic_core INFO    (2) checkin jasper_fao
2026-02-23 13:58:34.563073 (3186866) main____ INFO    Exiting with status 1.
