2026-02-23 13:39:50.290408 (1454732) main____ INFO    ----------------------------------------
2026-02-23 13:39:50.290487 (1454732) main____ INFO    JasperGold version info
2026-02-23 13:39:50.290511 (1454732) main____ INFO      tool      : JasperGold 2021.03
2026-02-23 13:39:50.290521 (1454732) main____ INFO      version   : 2021.03 FCS 64 bits
2026-02-23 13:39:50.290526 (1454732) main____ INFO      build date: 2021.03.23 02:50:43 UTC
2026-02-23 13:39:50.290532 (1454732) main____ INFO    ----------------------------------------
2026-02-23 13:39:50.290536 (1454732) main____ INFO    Runtime info:
2026-02-23 13:39:50.290542 (1454732) main____ INFO      platform  : Linux 5.14.0-570.84.1.el9_6.x86_64 x86_64
2026-02-23 13:39:50.290547 (1454732) main____ INFO      hostname  : della-h14n5
2026-02-23 13:39:50.290554 (1454732) main____ INFO      pid       : 1454732
2026-02-23 13:39:50.290560 (1454732) main____ INFO      arguments : '-style' 'windows' '-batch' '-proj' './verification_results/00987/jgproject' '-tcl' './jasper_verif_check.tcl'
2026-02-23 13:39:50.290568 (1454732) main____ INFO      locale    : UTF-8
2026-02-23 13:39:50.290573 (1454732) main____ INFO    ----------------------------------------
2026-02-23 13:39:50.290578 (1454732) main____ INFO    System resource limits info:
2026-02-23 13:39:50.290583 (1454732) main____ INFO      virtual memory: unlimited
2026-02-23 13:39:50.290590 (1454732) main____ INFO      cpu time      : unlimited
2026-02-23 13:39:50.290595 (1454732) main____ INFO      stack size    : unlimited
2026-02-23 13:39:50.290600 (1454732) main____ INFO      core file size: unlimited
2026-02-23 13:39:50.290607 (1454732) main____ INFO      open files    : 131072
2026-02-23 13:39:50.290612 (1454732) main____ INFO      file size     : unlimited
2026-02-23 13:39:50.290619 (1454732) main____ INFO    ----------------------------------------
2026-02-23 13:39:50.290624 (1454732) main____ INFO    Memory statistics:
2026-02-23 13:39:50.290630 (1454732) main____ INFO      total physical memory  : 1584164368 kB
2026-02-23 13:39:50.290636 (1454732) main____ INFO      free physical memory   : 701466656 kB
2026-02-23 13:39:50.290642 (1454732) main____ INFO      committed address space: 536385408 kB
2026-02-23 13:39:50.290647 (1454732) main____ INFO    ----------------------------------------
2026-02-23 13:39:50.291152 (1454732) main____ INFO    Important environment variables:
2026-02-23 13:39:50.291165 (1454732) main____ INFO      JASPER_HOME       : '/usr/licensed/cadence-20210126/jasper_2021.03'
2026-02-23 13:39:50.291172 (1454732) main____ INFO      JASPER_INSTALL_DIR: '/scratch/gpfs/LICENSED/x86_64/cadence-20210126/jasper_2021.03'
2026-02-23 13:39:50.291179 (1454732) main____ INFO      LANG              : 'en_US.UTF-8'
2026-02-23 13:39:50.291184 (1454732) main____ INFO      LM_LICENSE_FILE   : '5280@license.rc.princeton.edu'
2026-02-23 13:39:50.291190 (1454732) main____ INFO      TMPDIR            : '/tmp/ab2113/jg_5018806_12'
2026-02-23 13:39:50.291194 (1454732) main____ INFO    ----------------------------------------
2026-02-23 13:39:50.291659 (1454732) lic_core INFO    Initializing license system ...
2026-02-23 13:39:50.292194 (1454732) lic_core INFO    ... license system initialized.
2026-02-23 13:39:50.292935 (1454732) lic__man INFO    Claim 'fpv' for <ui>.
2026-02-23 13:39:50.292968 (1454732) lic_core INFO    (1) checking out 'jasper_fpv' ...
2026-02-23 13:39:50.298407 (1454732) lic_core INFO    ... (1) checkout failed (error: -5) ("FLEXnet ERROR(-5, 0, 0): No such feature exists.")
2026-02-23 13:39:50.298444 (1454732) lic_core INFO    (2) checking out 'jasper_fao' ...
2026-02-23 13:39:50.307956 (1454732) lic_core INFO    ... (2) checkout succeeded
2026-02-23 13:39:50.319412 (1454732) session_ INFO    Starting analysis session with session id 'session_0' (launcher: <local>) ...
2026-02-23 13:39:50.323745 (1454732) session_ INFO    Analysis session with session id 'session_0' started (pid: 1454887)
2026-02-23 13:39:50.902692 (1454732) session_ INFO    Analysis session 'session_0' connected to the console (host: 127.0.0.1:33542)
2026-02-23 13:39:51.758611 (1454732) lic__man INFO    Unclaim everything for 'session_0'.
2026-02-23 13:39:51.808458 (1454732) lic__man INFO    Claim 'fpv' for 'session_0'.
2026-02-23 13:39:51.808498 (1454732) lic__man INFO    Claim 'fpv' for 'session_0/prove-0'.
2026-02-23 13:39:52.115950 (1454732) lic__man INFO    Unclaim everything for 'session_0/prove-0'.
2026-02-23 13:39:52.170530 (1454732) main____ INFO    About to exit: request to exit with status 0 received from analysis session 'session_0'
2026-02-23 13:39:52.240716 (1454732) session_ INFO    Analysis session 'session_0' disconnected.
2026-02-23 13:39:52.240859 (1454732) lic__man INFO    Unclaim everything for 'session_0'.
2026-02-23 13:39:52.241704 (1454732) session_ INFO    Process for analysis session 'session_0' has exited with exit status '0'.
2026-02-23 13:39:54.086466 (1454732) lic_core INFO    (2) checkin jasper_fao
2026-02-23 13:39:54.088058 (1454732) main____ INFO    Exiting with status 0.
