2026-02-23 13:49:12.857059 (2384968) main____ INFO    ----------------------------------------
2026-02-23 13:49:12.857127 (2384968) main____ INFO    JasperGold version info
2026-02-23 13:49:12.857143 (2384968) main____ INFO      tool      : JasperGold 2021.03
2026-02-23 13:49:12.857151 (2384968) main____ INFO      version   : 2021.03 FCS 64 bits
2026-02-23 13:49:12.857157 (2384968) main____ INFO      build date: 2021.03.23 02:50:43 UTC
2026-02-23 13:49:12.857162 (2384968) main____ INFO    ----------------------------------------
2026-02-23 13:49:12.857166 (2384968) main____ INFO    Runtime info:
2026-02-23 13:49:12.857172 (2384968) main____ INFO      platform  : Linux 5.14.0-570.84.1.el9_6.x86_64 x86_64
2026-02-23 13:49:12.857178 (2384968) main____ INFO      hostname  : della-h14n8
2026-02-23 13:49:12.857183 (2384968) main____ INFO      pid       : 2384968
2026-02-23 13:49:12.857188 (2384968) main____ INFO      arguments : '-style' 'windows' '-batch' '-proj' './verification_results/02985/jgproject' '-tcl' './jasper_verif_check.tcl'
2026-02-23 13:49:12.857195 (2384968) main____ INFO      locale    : UTF-8
2026-02-23 13:49:12.857200 (2384968) main____ INFO    ----------------------------------------
2026-02-23 13:49:12.857204 (2384968) main____ INFO    System resource limits info:
2026-02-23 13:49:12.857209 (2384968) main____ INFO      virtual memory: unlimited
2026-02-23 13:49:12.857214 (2384968) main____ INFO      cpu time      : unlimited
2026-02-23 13:49:12.857218 (2384968) main____ INFO      stack size    : unlimited
2026-02-23 13:49:12.857223 (2384968) main____ INFO      core file size: unlimited
2026-02-23 13:49:12.857230 (2384968) main____ INFO      open files    : 131072
2026-02-23 13:49:12.857235 (2384968) main____ INFO      file size     : unlimited
2026-02-23 13:49:12.857239 (2384968) main____ INFO    ----------------------------------------
2026-02-23 13:49:12.857244 (2384968) main____ INFO    Memory statistics:
2026-02-23 13:49:12.857250 (2384968) main____ INFO      total physical memory  : 1584164340 kB
2026-02-23 13:49:12.857254 (2384968) main____ INFO      free physical memory   : 762109308 kB
2026-02-23 13:49:12.857259 (2384968) main____ INFO      committed address space: 530486572 kB
2026-02-23 13:49:12.857263 (2384968) main____ INFO    ----------------------------------------
2026-02-23 13:49:12.857810 (2384968) main____ INFO    Important environment variables:
2026-02-23 13:49:12.857827 (2384968) main____ INFO      JASPER_HOME       : '/usr/licensed/cadence-20210126/jasper_2021.03'
2026-02-23 13:49:12.857833 (2384968) main____ INFO      JASPER_INSTALL_DIR: '/scratch/gpfs/LICENSED/x86_64/cadence-20210126/jasper_2021.03'
2026-02-23 13:49:12.857838 (2384968) main____ INFO      LANG              : 'en_US.UTF-8'
2026-02-23 13:49:12.857843 (2384968) main____ INFO      LM_LICENSE_FILE   : '5280@license.rc.princeton.edu'
2026-02-23 13:49:12.857849 (2384968) main____ INFO      TMPDIR            : '/tmp/ab2113/jg_5018966_52'
2026-02-23 13:49:12.857853 (2384968) main____ INFO    ----------------------------------------
2026-02-23 13:49:12.858318 (2384968) lic_core INFO    Initializing license system ...
2026-02-23 13:49:12.858895 (2384968) lic_core INFO    ... license system initialized.
2026-02-23 13:49:12.860040 (2384968) lic__man INFO    Claim 'fpv' for <ui>.
2026-02-23 13:49:12.860133 (2384968) lic_core INFO    (1) checking out 'jasper_fpv' ...
2026-02-23 13:49:12.866306 (2384968) lic_core INFO    ... (1) checkout failed (error: -5) ("FLEXnet ERROR(-5, 0, 0): No such feature exists.")
2026-02-23 13:49:12.866355 (2384968) lic_core INFO    (2) checking out 'jasper_fao' ...
2026-02-23 13:49:12.875756 (2384968) lic_core INFO    ... (2) checkout succeeded
2026-02-23 13:49:12.888624 (2384968) session_ INFO    Starting analysis session with session id 'session_0' (launcher: <local>) ...
2026-02-23 13:49:12.891839 (2384968) session_ INFO    Analysis session with session id 'session_0' started (pid: 2384976)
2026-02-23 13:49:13.432788 (2384968) session_ INFO    Analysis session 'session_0' connected to the console (host: 127.0.0.1:58608)
2026-02-23 13:49:14.005839 (2384968) main____ INFO    About to exit: request to exit with status 1 received from analysis session 'session_0'
2026-02-23 13:49:14.059935 (2384968) session_ INFO    Analysis session 'session_0' disconnected.
2026-02-23 13:49:14.060104 (2384968) lic__man INFO    Unclaim everything for 'session_0'.
2026-02-23 13:49:14.061290 (2384968) session_ INFO    Process for analysis session 'session_0' has exited with exit status '1'.
2026-02-23 13:49:16.078833 (2384968) lic_core INFO    (2) checkin jasper_fao
2026-02-23 13:49:16.080200 (2384968) main____ INFO    Exiting with status 1.
