2026-02-23 13:54:11.455263 (4193078) main____ INFO    ----------------------------------------
2026-02-23 13:54:11.455365 (4193078) main____ INFO    JasperGold version info
2026-02-23 13:54:11.455384 (4193078) main____ INFO      tool      : JasperGold 2021.03
2026-02-23 13:54:11.455394 (4193078) main____ INFO      version   : 2021.03 FCS 64 bits
2026-02-23 13:54:11.455399 (4193078) main____ INFO      build date: 2021.03.23 02:50:43 UTC
2026-02-23 13:54:11.455403 (4193078) main____ INFO    ----------------------------------------
2026-02-23 13:54:11.455407 (4193078) main____ INFO    Runtime info:
2026-02-23 13:54:11.455412 (4193078) main____ INFO      platform  : Linux 5.14.0-570.84.1.el9_6.x86_64 x86_64
2026-02-23 13:54:11.455418 (4193078) main____ INFO      hostname  : della-r3c2n6
2026-02-23 13:54:11.455423 (4193078) main____ INFO      pid       : 4193078
2026-02-23 13:54:11.455427 (4193078) main____ INFO      arguments : '-style' 'windows' '-batch' '-proj' './verification_results/04018/jgproject' '-tcl' './jasper_verif_check.tcl'
2026-02-23 13:54:11.455436 (4193078) main____ INFO      locale    : UTF-8
2026-02-23 13:54:11.455440 (4193078) main____ INFO    ----------------------------------------
2026-02-23 13:54:11.455444 (4193078) main____ INFO    System resource limits info:
2026-02-23 13:54:11.455448 (4193078) main____ INFO      virtual memory: unlimited
2026-02-23 13:54:11.455453 (4193078) main____ INFO      cpu time      : unlimited
2026-02-23 13:54:11.455457 (4193078) main____ INFO      stack size    : unlimited
2026-02-23 13:54:11.455461 (4193078) main____ INFO      core file size: unlimited
2026-02-23 13:54:11.455469 (4193078) main____ INFO      open files    : 131072
2026-02-23 13:54:11.455473 (4193078) main____ INFO      file size     : unlimited
2026-02-23 13:54:11.455477 (4193078) main____ INFO    ----------------------------------------
2026-02-23 13:54:11.455481 (4193078) main____ INFO    Memory statistics:
2026-02-23 13:54:11.455486 (4193078) main____ INFO      total physical memory  : 195972160 kB
2026-02-23 13:54:11.455490 (4193078) main____ INFO      free physical memory   : 137778628 kB
2026-02-23 13:54:11.455494 (4193078) main____ INFO      committed address space: 47461980 kB
2026-02-23 13:54:11.455498 (4193078) main____ INFO    ----------------------------------------
2026-02-23 13:54:11.456493 (4193078) main____ INFO    Important environment variables:
2026-02-23 13:54:11.456516 (4193078) main____ INFO      JASPER_HOME       : '/usr/licensed/cadence-20210126/jasper_2021.03'
2026-02-23 13:54:11.456522 (4193078) main____ INFO      JASPER_INSTALL_DIR: '/scratch/gpfs/LICENSED/x86_64/cadence-20210126/jasper_2021.03'
2026-02-23 13:54:11.456527 (4193078) main____ INFO      LANG              : 'en_US.UTF-8'
2026-02-23 13:54:11.456532 (4193078) main____ INFO      LM_LICENSE_FILE   : '5280@license.rc.princeton.edu'
2026-02-23 13:54:11.456538 (4193078) main____ INFO      TMPDIR            : '/tmp/ab2113/jg_5019092_73'
2026-02-23 13:54:11.456542 (4193078) main____ INFO    ----------------------------------------
2026-02-23 13:54:11.457017 (4193078) lic_core INFO    Initializing license system ...
2026-02-23 13:54:11.457882 (4193078) lic_core INFO    ... license system initialized.
2026-02-23 13:54:11.458652 (4193078) lic__man INFO    Claim 'fpv' for <ui>.
2026-02-23 13:54:11.458692 (4193078) lic_core INFO    (1) checking out 'jasper_fpv' ...
2026-02-23 13:54:11.464591 (4193078) lic_core INFO    ... (1) checkout failed (error: -5) ("FLEXnet ERROR(-5, 0, 0): No such feature exists.")
2026-02-23 13:54:11.464651 (4193078) lic_core INFO    (2) checking out 'jasper_fao' ...
2026-02-23 13:54:11.475401 (4193078) lic_core INFO    ... (2) checkout succeeded
2026-02-23 13:54:11.489852 (4193078) session_ INFO    Starting analysis session with session id 'session_0' (launcher: <local>) ...
2026-02-23 13:54:11.492781 (4193078) session_ INFO    Analysis session with session id 'session_0' started (pid: 4193086)
2026-02-23 13:54:12.198337 (4193078) session_ INFO    Analysis session 'session_0' connected to the console (host: 127.0.0.1:46002)
2026-02-23 13:54:13.039397 (4193078) lic__man INFO    Unclaim everything for 'session_0'.
2026-02-23 13:54:13.080711 (4193078) lic__man INFO    Claim 'fpv' for 'session_0'.
2026-02-23 13:54:13.080763 (4193078) lic__man INFO    Claim 'fpv' for 'session_0/prove-0'.
2026-02-23 13:54:13.207086 (4193078) lic__man INFO    Unclaim everything for 'session_0/prove-0'.
2026-02-23 13:54:13.263302 (4193078) main____ INFO    About to exit: request to exit with status 0 received from analysis session 'session_0'
2026-02-23 13:54:13.344390 (4193078) session_ INFO    Analysis session 'session_0' disconnected.
2026-02-23 13:54:13.344516 (4193078) lic__man INFO    Unclaim everything for 'session_0'.
2026-02-23 13:54:13.344882 (4193078) session_ INFO    Process for analysis session 'session_0' has exited with exit status '0'.
2026-02-23 13:54:15.216551 (4193078) lic_core INFO    (2) checkin jasper_fao
2026-02-23 13:54:15.217861 (4193078) main____ INFO    Exiting with status 0.
