2026-02-23 15:01:29.724027 (2960490) main____ INFO    ----------------------------------------
2026-02-23 15:01:29.724129 (2960490) main____ INFO    JasperGold version info
2026-02-23 15:01:29.724150 (2960490) main____ INFO      tool      : JasperGold 2021.03
2026-02-23 15:01:29.724160 (2960490) main____ INFO      version   : 2021.03 FCS 64 bits
2026-02-23 15:01:29.724164 (2960490) main____ INFO      build date: 2021.03.23 02:50:43 UTC
2026-02-23 15:01:29.724168 (2960490) main____ INFO    ----------------------------------------
2026-02-23 15:01:29.724171 (2960490) main____ INFO    Runtime info:
2026-02-23 15:01:29.724175 (2960490) main____ INFO      platform  : Linux 5.14.0-570.84.1.el9_6.x86_64 x86_64
2026-02-23 15:01:29.724180 (2960490) main____ INFO      hostname  : della-h12n18
2026-02-23 15:01:29.724183 (2960490) main____ INFO      pid       : 2960490
2026-02-23 15:01:29.724187 (2960490) main____ INFO      arguments : '-style' 'windows' '-batch' '-proj' './verification_results/04752/jgproject' '-tcl' './jasper_verif_check.tcl'
2026-02-23 15:01:29.724196 (2960490) main____ INFO      locale    : UTF-8
2026-02-23 15:01:29.724200 (2960490) main____ INFO    ----------------------------------------
2026-02-23 15:01:29.724203 (2960490) main____ INFO    System resource limits info:
2026-02-23 15:01:29.724207 (2960490) main____ INFO      virtual memory: unlimited
2026-02-23 15:01:29.724210 (2960490) main____ INFO      cpu time      : unlimited
2026-02-23 15:01:29.724214 (2960490) main____ INFO      stack size    : unlimited
2026-02-23 15:01:29.724217 (2960490) main____ INFO      core file size: unlimited
2026-02-23 15:01:29.724223 (2960490) main____ INFO      open files    : 131072
2026-02-23 15:01:29.724227 (2960490) main____ INFO      file size     : unlimited
2026-02-23 15:01:29.724230 (2960490) main____ INFO    ----------------------------------------
2026-02-23 15:01:29.724233 (2960490) main____ INFO    Memory statistics:
2026-02-23 15:01:29.724237 (2960490) main____ INFO      total physical memory  : 1055795796 kB
2026-02-23 15:01:29.724241 (2960490) main____ INFO      free physical memory   : 275214956 kB
2026-02-23 15:01:29.724244 (2960490) main____ INFO      committed address space: 469736612 kB
2026-02-23 15:01:29.724247 (2960490) main____ INFO    ----------------------------------------
2026-02-23 15:01:29.725022 (2960490) main____ INFO    Important environment variables:
2026-02-23 15:01:29.725040 (2960490) main____ INFO      JASPER_HOME       : '/usr/licensed/cadence-20210126/jasper_2021.03'
2026-02-23 15:01:29.725045 (2960490) main____ INFO      JASPER_INSTALL_DIR: '/scratch/gpfs/LICENSED/x86_64/cadence-20210126/jasper_2021.03'
2026-02-23 15:01:29.725049 (2960490) main____ INFO      LANG              : 'en_US.UTF-8'
2026-02-23 15:01:29.725054 (2960490) main____ INFO      LM_LICENSE_FILE   : '5280@license.rc.princeton.edu'
2026-02-23 15:01:29.725058 (2960490) main____ INFO      TMPDIR            : '/tmp/ab2113/jg_5019198_87'
2026-02-23 15:01:29.725062 (2960490) main____ INFO    ----------------------------------------
2026-02-23 15:01:29.725833 (2960490) lic_core INFO    Initializing license system ...
2026-02-23 15:01:29.726606 (2960490) lic_core INFO    ... license system initialized.
2026-02-23 15:01:29.727573 (2960490) lic__man INFO    Claim 'fpv' for <ui>.
2026-02-23 15:01:29.727610 (2960490) lic_core INFO    (1) checking out 'jasper_fpv' ...
2026-02-23 15:01:29.733520 (2960490) lic_core INFO    ... (1) checkout failed (error: -5) ("FLEXnet ERROR(-5, 0, 0): No such feature exists.")
2026-02-23 15:01:29.733576 (2960490) lic_core INFO    (2) checking out 'jasper_fao' ...
2026-02-23 15:01:29.745015 (2960490) lic_core INFO    ... (2) checkout succeeded
2026-02-23 15:01:29.758671 (2960490) session_ INFO    Starting analysis session with session id 'session_0' (launcher: <local>) ...
2026-02-23 15:01:29.761388 (2960490) session_ INFO    Analysis session with session id 'session_0' started (pid: 2960498)
2026-02-23 15:01:30.384309 (2960490) session_ INFO    Analysis session 'session_0' connected to the console (host: 127.0.0.1:36386)
2026-02-23 15:01:30.926487 (2960490) main____ INFO    About to exit: request to exit with status 1 received from analysis session 'session_0'
2026-02-23 15:01:30.991830 (2960490) session_ INFO    Analysis session 'session_0' disconnected.
2026-02-23 15:01:30.991958 (2960490) lic__man INFO    Unclaim everything for 'session_0'.
2026-02-23 15:01:30.993337 (2960490) session_ INFO    Process for analysis session 'session_0' has exited with exit status '1'.
2026-02-23 15:01:33.007745 (2960490) lic_core INFO    (2) checkin jasper_fao
2026-02-23 15:01:33.009477 (2960490) main____ INFO    Exiting with status 1.
