2026-02-23 14:00:48.365843 (4162048) main____ INFO    ----------------------------------------
2026-02-23 14:00:48.365928 (4162048) main____ INFO    JasperGold version info
2026-02-23 14:00:48.365943 (4162048) main____ INFO      tool      : JasperGold 2021.03
2026-02-23 14:00:48.365951 (4162048) main____ INFO      version   : 2021.03 FCS 64 bits
2026-02-23 14:00:48.365960 (4162048) main____ INFO      build date: 2021.03.23 02:50:43 UTC
2026-02-23 14:00:48.365965 (4162048) main____ INFO    ----------------------------------------
2026-02-23 14:00:48.365969 (4162048) main____ INFO    Runtime info:
2026-02-23 14:00:48.365974 (4162048) main____ INFO      platform  : Linux 5.14.0-570.84.1.el9_6.x86_64 x86_64
2026-02-23 14:00:48.365980 (4162048) main____ INFO      hostname  : della-r3c2n12
2026-02-23 14:00:48.365985 (4162048) main____ INFO      pid       : 4162048
2026-02-23 14:00:48.365989 (4162048) main____ INFO      arguments : '-style' 'windows' '-batch' '-proj' './verification_results/04609/jgproject' '-tcl' './jasper_verif_check.tcl'
2026-02-23 14:00:48.365997 (4162048) main____ INFO      locale    : UTF-8
2026-02-23 14:00:48.366002 (4162048) main____ INFO    ----------------------------------------
2026-02-23 14:00:48.366006 (4162048) main____ INFO    System resource limits info:
2026-02-23 14:00:48.366010 (4162048) main____ INFO      virtual memory: unlimited
2026-02-23 14:00:48.366014 (4162048) main____ INFO      cpu time      : unlimited
2026-02-23 14:00:48.366018 (4162048) main____ INFO      stack size    : unlimited
2026-02-23 14:00:48.366023 (4162048) main____ INFO      core file size: unlimited
2026-02-23 14:00:48.366030 (4162048) main____ INFO      open files    : 131072
2026-02-23 14:00:48.366034 (4162048) main____ INFO      file size     : unlimited
2026-02-23 14:00:48.366039 (4162048) main____ INFO    ----------------------------------------
2026-02-23 14:00:48.366043 (4162048) main____ INFO    Memory statistics:
2026-02-23 14:00:48.366047 (4162048) main____ INFO      total physical memory  : 195972072 kB
2026-02-23 14:00:48.366051 (4162048) main____ INFO      free physical memory   : 133576600 kB
2026-02-23 14:00:48.366055 (4162048) main____ INFO      committed address space: 41162404 kB
2026-02-23 14:00:48.366059 (4162048) main____ INFO    ----------------------------------------
2026-02-23 14:00:48.367021 (4162048) main____ INFO    Important environment variables:
2026-02-23 14:00:48.367039 (4162048) main____ INFO      JASPER_HOME       : '/usr/licensed/cadence-20210126/jasper_2021.03'
2026-02-23 14:00:48.367046 (4162048) main____ INFO      JASPER_INSTALL_DIR: '/scratch/gpfs/LICENSED/x86_64/cadence-20210126/jasper_2021.03'
2026-02-23 14:00:48.367051 (4162048) main____ INFO      LANG              : 'en_US.UTF-8'
2026-02-23 14:00:48.367056 (4162048) main____ INFO      LM_LICENSE_FILE   : '5280@license.rc.princeton.edu'
2026-02-23 14:00:48.367061 (4162048) main____ INFO      TMPDIR            : '/tmp/ab2113/jg_5019171_84'
2026-02-23 14:00:48.367065 (4162048) main____ INFO    ----------------------------------------
2026-02-23 14:00:48.367529 (4162048) lic_core INFO    Initializing license system ...
2026-02-23 14:00:48.368342 (4162048) lic_core INFO    ... license system initialized.
2026-02-23 14:00:48.369129 (4162048) lic__man INFO    Claim 'fpv' for <ui>.
2026-02-23 14:00:48.369167 (4162048) lic_core INFO    (1) checking out 'jasper_fpv' ...
2026-02-23 14:00:48.375002 (4162048) lic_core INFO    ... (1) checkout failed (error: -5) ("FLEXnet ERROR(-5, 0, 0): No such feature exists.")
2026-02-23 14:00:48.375047 (4162048) lic_core INFO    (2) checking out 'jasper_fao' ...
2026-02-23 14:00:48.385482 (4162048) lic_core INFO    ... (2) checkout succeeded
2026-02-23 14:00:48.401304 (4162048) session_ INFO    Starting analysis session with session id 'session_0' (launcher: <local>) ...
2026-02-23 14:00:48.404573 (4162048) session_ INFO    Analysis session with session id 'session_0' started (pid: 4162056)
2026-02-23 14:00:49.114910 (4162048) session_ INFO    Analysis session 'session_0' connected to the console (host: 127.0.0.1:48618)
2026-02-23 14:00:49.688096 (4162048) main____ INFO    About to exit: request to exit with status 1 received from analysis session 'session_0'
2026-02-23 14:00:49.762188 (4162048) session_ INFO    Analysis session 'session_0' disconnected.
2026-02-23 14:00:49.762322 (4162048) lic__man INFO    Unclaim everything for 'session_0'.
2026-02-23 14:00:49.762683 (4162048) session_ INFO    Process for analysis session 'session_0' has exited with exit status '1'.
2026-02-23 14:00:51.624691 (4162048) lic_core INFO    (2) checkin jasper_fao
2026-02-23 14:00:51.626163 (4162048) main____ INFO    Exiting with status 1.
