2026-02-23 13:43:04.159198 (1375482) main____ INFO    ----------------------------------------
2026-02-23 13:43:04.159312 (1375482) main____ INFO    JasperGold version info
2026-02-23 13:43:04.159330 (1375482) main____ INFO      tool      : JasperGold 2021.03
2026-02-23 13:43:04.159339 (1375482) main____ INFO      version   : 2021.03 FCS 64 bits
2026-02-23 13:43:04.159344 (1375482) main____ INFO      build date: 2021.03.23 02:50:43 UTC
2026-02-23 13:43:04.159349 (1375482) main____ INFO    ----------------------------------------
2026-02-23 13:43:04.159354 (1375482) main____ INFO    Runtime info:
2026-02-23 13:43:04.159359 (1375482) main____ INFO      platform  : Linux 5.14.0-570.84.1.el9_6.x86_64 x86_64
2026-02-23 13:43:04.159365 (1375482) main____ INFO      hostname  : della-r3c3n3
2026-02-23 13:43:04.159370 (1375482) main____ INFO      pid       : 1375482
2026-02-23 13:43:04.159375 (1375482) main____ INFO      arguments : '-style' 'windows' '-batch' '-proj' './verification_results/01818/jgproject' '-tcl' './jasper_verif_check.tcl'
2026-02-23 13:43:04.159384 (1375482) main____ INFO      locale    : UTF-8
2026-02-23 13:43:04.159388 (1375482) main____ INFO    ----------------------------------------
2026-02-23 13:43:04.159393 (1375482) main____ INFO    System resource limits info:
2026-02-23 13:43:04.159398 (1375482) main____ INFO      virtual memory: unlimited
2026-02-23 13:43:04.159402 (1375482) main____ INFO      cpu time      : unlimited
2026-02-23 13:43:04.159407 (1375482) main____ INFO      stack size    : unlimited
2026-02-23 13:43:04.159411 (1375482) main____ INFO      core file size: unlimited
2026-02-23 13:43:04.159425 (1375482) main____ INFO      open files    : 131072
2026-02-23 13:43:04.159429 (1375482) main____ INFO      file size     : unlimited
2026-02-23 13:43:04.159434 (1375482) main____ INFO    ----------------------------------------
2026-02-23 13:43:04.159438 (1375482) main____ INFO    Memory statistics:
2026-02-23 13:43:04.159443 (1375482) main____ INFO      total physical memory  : 195972168 kB
2026-02-23 13:43:04.159448 (1375482) main____ INFO      free physical memory   : 107471464 kB
2026-02-23 13:43:04.159452 (1375482) main____ INFO      committed address space: 57130740 kB
2026-02-23 13:43:04.159457 (1375482) main____ INFO    ----------------------------------------
2026-02-23 13:43:04.160493 (1375482) main____ INFO    Important environment variables:
2026-02-23 13:43:04.160515 (1375482) main____ INFO      JASPER_HOME       : '/usr/licensed/cadence-20210126/jasper_2021.03'
2026-02-23 13:43:04.160521 (1375482) main____ INFO      JASPER_INSTALL_DIR: '/scratch/gpfs/LICENSED/x86_64/cadence-20210126/jasper_2021.03'
2026-02-23 13:43:04.160527 (1375482) main____ INFO      LANG              : 'en_US.UTF-8'
2026-02-23 13:43:04.160533 (1375482) main____ INFO      LM_LICENSE_FILE   : '5280@license.rc.princeton.edu'
2026-02-23 13:43:04.160538 (1375482) main____ INFO      TMPDIR            : '/tmp/ab2113/jg_5018861_29'
2026-02-23 13:43:04.160543 (1375482) main____ INFO    ----------------------------------------
2026-02-23 13:43:04.161551 (1375482) lic_core INFO    Initializing license system ...
2026-02-23 13:43:04.162075 (1375482) lic_core INFO    ... license system initialized.
2026-02-23 13:43:04.162948 (1375482) lic__man INFO    Claim 'fpv' for <ui>.
2026-02-23 13:43:04.162990 (1375482) lic_core INFO    (1) checking out 'jasper_fpv' ...
2026-02-23 13:43:04.169154 (1375482) lic_core INFO    ... (1) checkout failed (error: -5) ("FLEXnet ERROR(-5, 0, 0): No such feature exists.")
2026-02-23 13:43:04.169210 (1375482) lic_core INFO    (2) checking out 'jasper_fao' ...
2026-02-23 13:43:04.179984 (1375482) lic_core INFO    ... (2) checkout succeeded
2026-02-23 13:43:04.196150 (1375482) session_ INFO    Starting analysis session with session id 'session_0' (launcher: <local>) ...
2026-02-23 13:43:04.199186 (1375482) session_ INFO    Analysis session with session id 'session_0' started (pid: 1375491)
2026-02-23 13:43:05.016061 (1375482) session_ INFO    Analysis session 'session_0' connected to the console (host: 127.0.0.1:43790)
2026-02-23 13:43:05.615523 (1375482) main____ INFO    About to exit: request to exit with status 1 received from analysis session 'session_0'
2026-02-23 13:43:05.729216 (1375482) session_ INFO    Analysis session 'session_0' disconnected.
2026-02-23 13:43:05.729374 (1375482) lic__man INFO    Unclaim everything for 'session_0'.
2026-02-23 13:43:05.730205 (1375482) session_ INFO    Process for analysis session 'session_0' has exited with exit status '1'.
2026-02-23 13:43:07.538234 (1375482) lic_core INFO    (2) checkin jasper_fao
2026-02-23 13:43:07.539742 (1375482) main____ INFO    Exiting with status 1.
