2026-02-23 13:40:08.852671 (472185) main____ INFO    ----------------------------------------
2026-02-23 13:40:08.852762 (472185) main____ INFO    JasperGold version info
2026-02-23 13:40:08.852778 (472185) main____ INFO      tool      : JasperGold 2021.03
2026-02-23 13:40:08.852786 (472185) main____ INFO      version   : 2021.03 FCS 64 bits
2026-02-23 13:40:08.852791 (472185) main____ INFO      build date: 2021.03.23 02:50:43 UTC
2026-02-23 13:40:08.852796 (472185) main____ INFO    ----------------------------------------
2026-02-23 13:40:08.852801 (472185) main____ INFO    Runtime info:
2026-02-23 13:40:08.852806 (472185) main____ INFO      platform  : Linux 5.14.0-570.84.1.el9_6.x86_64 x86_64
2026-02-23 13:40:08.852812 (472185) main____ INFO      hostname  : della-h16n3
2026-02-23 13:40:08.852817 (472185) main____ INFO      pid       : 472185
2026-02-23 13:40:08.852822 (472185) main____ INFO      arguments : '-style' 'windows' '-batch' '-proj' './verification_results/01133/jgproject' '-tcl' './jasper_verif_check.tcl'
2026-02-23 13:40:08.852830 (472185) main____ INFO      locale    : UTF-8
2026-02-23 13:40:08.852835 (472185) main____ INFO    ----------------------------------------
2026-02-23 13:40:08.852839 (472185) main____ INFO    System resource limits info:
2026-02-23 13:40:08.852852 (472185) main____ INFO      virtual memory: unlimited
2026-02-23 13:40:08.852857 (472185) main____ INFO      cpu time      : unlimited
2026-02-23 13:40:08.852862 (472185) main____ INFO      stack size    : unlimited
2026-02-23 13:40:08.852867 (472185) main____ INFO      core file size: unlimited
2026-02-23 13:40:08.852875 (472185) main____ INFO      open files    : 131072
2026-02-23 13:40:08.852880 (472185) main____ INFO      file size     : unlimited
2026-02-23 13:40:08.852885 (472185) main____ INFO    ----------------------------------------
2026-02-23 13:40:08.852889 (472185) main____ INFO    Memory statistics:
2026-02-23 13:40:08.852895 (472185) main____ INFO      total physical memory  : 1584164344 kB
2026-02-23 13:40:08.852899 (472185) main____ INFO      free physical memory   : 949281636 kB
2026-02-23 13:40:08.852904 (472185) main____ INFO      committed address space: 589983392 kB
2026-02-23 13:40:08.852908 (472185) main____ INFO    ----------------------------------------
2026-02-23 13:40:08.853419 (472185) main____ INFO    Important environment variables:
2026-02-23 13:40:08.853432 (472185) main____ INFO      JASPER_HOME       : '/usr/licensed/cadence-20210126/jasper_2021.03'
2026-02-23 13:40:08.853438 (472185) main____ INFO      JASPER_INSTALL_DIR: '/scratch/gpfs/LICENSED/x86_64/cadence-20210126/jasper_2021.03'
2026-02-23 13:40:08.853443 (472185) main____ INFO      LANG              : 'en_US.UTF-8'
2026-02-23 13:40:08.853449 (472185) main____ INFO      LM_LICENSE_FILE   : '5280@license.rc.princeton.edu'
2026-02-23 13:40:08.853454 (472185) main____ INFO      TMPDIR            : '/tmp/ab2113/jg_5018818_15'
2026-02-23 13:40:08.853459 (472185) main____ INFO    ----------------------------------------
2026-02-23 13:40:08.853884 (472185) lic_core INFO    Initializing license system ...
2026-02-23 13:40:08.854419 (472185) lic_core INFO    ... license system initialized.
2026-02-23 13:40:08.855169 (472185) lic__man INFO    Claim 'fpv' for <ui>.
2026-02-23 13:40:08.855199 (472185) lic_core INFO    (1) checking out 'jasper_fpv' ...
2026-02-23 13:40:08.860731 (472185) lic_core INFO    ... (1) checkout failed (error: -5) ("FLEXnet ERROR(-5, 0, 0): No such feature exists.")
2026-02-23 13:40:08.860756 (472185) lic_core INFO    (2) checking out 'jasper_fao' ...
2026-02-23 13:40:08.869790 (472185) lic_core INFO    ... (2) checkout succeeded
2026-02-23 13:40:08.881894 (472185) session_ INFO    Starting analysis session with session id 'session_0' (launcher: <local>) ...
2026-02-23 13:40:08.884371 (472185) session_ INFO    Analysis session with session id 'session_0' started (pid: 472229)
2026-02-23 13:40:09.418793 (472185) session_ INFO    Analysis session 'session_0' connected to the console (host: 127.0.0.1:41216)
2026-02-23 13:40:09.916948 (472185) main____ INFO    About to exit: request to exit with status 1 received from analysis session 'session_0'
2026-02-23 13:40:09.968984 (472185) session_ INFO    Analysis session 'session_0' disconnected.
2026-02-23 13:40:09.969137 (472185) lic__man INFO    Unclaim everything for 'session_0'.
2026-02-23 13:40:09.970399 (472185) session_ INFO    Process for analysis session 'session_0' has exited with exit status '1'.
2026-02-23 13:40:11.820317 (472185) lic_core INFO    (2) checkin jasper_fao
2026-02-23 13:40:11.821687 (472185) main____ INFO    Exiting with status 1.
