2026-02-23 13:53:56.131806 (521739) main____ INFO    ----------------------------------------
2026-02-23 13:53:56.131883 (521739) main____ INFO    JasperGold version info
2026-02-23 13:53:56.131896 (521739) main____ INFO      tool      : JasperGold 2021.03
2026-02-23 13:53:56.131904 (521739) main____ INFO      version   : 2021.03 FCS 64 bits
2026-02-23 13:53:56.131910 (521739) main____ INFO      build date: 2021.03.23 02:50:43 UTC
2026-02-23 13:53:56.131914 (521739) main____ INFO    ----------------------------------------
2026-02-23 13:53:56.131918 (521739) main____ INFO    Runtime info:
2026-02-23 13:53:56.131922 (521739) main____ INFO      platform  : Linux 5.14.0-570.84.1.el9_6.x86_64 x86_64
2026-02-23 13:53:56.131928 (521739) main____ INFO      hostname  : della-r3c2n9
2026-02-23 13:53:56.131934 (521739) main____ INFO      pid       : 521739
2026-02-23 13:53:56.131938 (521739) main____ INFO      arguments : '-style' 'windows' '-batch' '-proj' './verification_results/04064/jgproject' '-tcl' './jasper_verif_check.tcl'
2026-02-23 13:53:56.131946 (521739) main____ INFO      locale    : UTF-8
2026-02-23 13:53:56.131950 (521739) main____ INFO    ----------------------------------------
2026-02-23 13:53:56.131954 (521739) main____ INFO    System resource limits info:
2026-02-23 13:53:56.131958 (521739) main____ INFO      virtual memory: unlimited
2026-02-23 13:53:56.131963 (521739) main____ INFO      cpu time      : unlimited
2026-02-23 13:53:56.131967 (521739) main____ INFO      stack size    : unlimited
2026-02-23 13:53:56.131971 (521739) main____ INFO      core file size: unlimited
2026-02-23 13:53:56.131978 (521739) main____ INFO      open files    : 131072
2026-02-23 13:53:56.131983 (521739) main____ INFO      file size     : unlimited
2026-02-23 13:53:56.131987 (521739) main____ INFO    ----------------------------------------
2026-02-23 13:53:56.131991 (521739) main____ INFO    Memory statistics:
2026-02-23 13:53:56.131996 (521739) main____ INFO      total physical memory  : 195972072 kB
2026-02-23 13:53:56.132000 (521739) main____ INFO      free physical memory   : 68900384 kB
2026-02-23 13:53:56.132004 (521739) main____ INFO      committed address space: 58629508 kB
2026-02-23 13:53:56.132008 (521739) main____ INFO    ----------------------------------------
2026-02-23 13:53:56.132954 (521739) main____ INFO    Important environment variables:
2026-02-23 13:53:56.132967 (521739) main____ INFO      JASPER_HOME       : '/usr/licensed/cadence-20210126/jasper_2021.03'
2026-02-23 13:53:56.132973 (521739) main____ INFO      JASPER_INSTALL_DIR: '/scratch/gpfs/LICENSED/x86_64/cadence-20210126/jasper_2021.03'
2026-02-23 13:53:56.132978 (521739) main____ INFO      LANG              : 'en_US.UTF-8'
2026-02-23 13:53:56.132983 (521739) main____ INFO      LM_LICENSE_FILE   : '5280@license.rc.princeton.edu'
2026-02-23 13:53:56.132988 (521739) main____ INFO      TMPDIR            : '/tmp/ab2113/jg_5019093_74'
2026-02-23 13:53:56.132992 (521739) main____ INFO    ----------------------------------------
2026-02-23 13:53:56.133366 (521739) lic_core INFO    Initializing license system ...
2026-02-23 13:53:56.134121 (521739) lic_core INFO    ... license system initialized.
2026-02-23 13:53:56.134803 (521739) lic__man INFO    Claim 'fpv' for <ui>.
2026-02-23 13:53:56.134847 (521739) lic_core INFO    (1) checking out 'jasper_fpv' ...
2026-02-23 13:53:56.140224 (521739) lic_core INFO    ... (1) checkout failed (error: -5) ("FLEXnet ERROR(-5, 0, 0): No such feature exists.")
2026-02-23 13:53:56.140252 (521739) lic_core INFO    (2) checking out 'jasper_fao' ...
2026-02-23 13:53:56.150987 (521739) lic_core INFO    ... (2) checkout succeeded
2026-02-23 13:53:56.165762 (521739) session_ INFO    Starting analysis session with session id 'session_0' (launcher: <local>) ...
2026-02-23 13:53:56.168401 (521739) session_ INFO    Analysis session with session id 'session_0' started (pid: 521747)
2026-02-23 13:53:56.853285 (521739) session_ INFO    Analysis session 'session_0' connected to the console (host: 127.0.0.1:60348)
2026-02-23 13:53:57.330898 (521739) main____ INFO    About to exit: request to exit with status 1 received from analysis session 'session_0'
2026-02-23 13:53:57.402352 (521739) session_ INFO    Analysis session 'session_0' disconnected.
2026-02-23 13:53:57.402468 (521739) lic__man INFO    Unclaim everything for 'session_0'.
2026-02-23 13:53:57.403153 (521739) session_ INFO    Process for analysis session 'session_0' has exited with exit status '1'.
2026-02-23 13:53:59.234811 (521739) lic_core INFO    (2) checkin jasper_fao
2026-02-23 13:53:59.236283 (521739) main____ INFO    Exiting with status 1.
