2026-02-23 13:42:22.729949 (107329) main____ INFO    ----------------------------------------
2026-02-23 13:42:22.730019 (107329) main____ INFO    JasperGold version info
2026-02-23 13:42:22.730034 (107329) main____ INFO      tool      : JasperGold 2021.03
2026-02-23 13:42:22.730043 (107329) main____ INFO      version   : 2021.03 FCS 64 bits
2026-02-23 13:42:22.730049 (107329) main____ INFO      build date: 2021.03.23 02:50:43 UTC
2026-02-23 13:42:22.730053 (107329) main____ INFO    ----------------------------------------
2026-02-23 13:42:22.730058 (107329) main____ INFO    Runtime info:
2026-02-23 13:42:22.730065 (107329) main____ INFO      platform  : Linux 5.14.0-570.84.1.el9_6.x86_64 x86_64
2026-02-23 13:42:22.730072 (107329) main____ INFO      hostname  : della-h14n2
2026-02-23 13:42:22.730077 (107329) main____ INFO      pid       : 107329
2026-02-23 13:42:22.730083 (107329) main____ INFO      arguments : '-style' 'windows' '-batch' '-proj' './verification_results/01541/jgproject' '-tcl' './jasper_verif_check.tcl'
2026-02-23 13:42:22.730093 (107329) main____ INFO      locale    : UTF-8
2026-02-23 13:42:22.730099 (107329) main____ INFO    ----------------------------------------
2026-02-23 13:42:22.730104 (107329) main____ INFO    System resource limits info:
2026-02-23 13:42:22.730110 (107329) main____ INFO      virtual memory: unlimited
2026-02-23 13:42:22.730115 (107329) main____ INFO      cpu time      : unlimited
2026-02-23 13:42:22.730121 (107329) main____ INFO      stack size    : unlimited
2026-02-23 13:42:22.730126 (107329) main____ INFO      core file size: unlimited
2026-02-23 13:42:22.730133 (107329) main____ INFO      open files    : 131072
2026-02-23 13:42:22.730138 (107329) main____ INFO      file size     : unlimited
2026-02-23 13:42:22.730144 (107329) main____ INFO    ----------------------------------------
2026-02-23 13:42:22.730149 (107329) main____ INFO    Memory statistics:
2026-02-23 13:42:22.730156 (107329) main____ INFO      total physical memory  : 1584164328 kB
2026-02-23 13:42:22.730162 (107329) main____ INFO      free physical memory   : 722946480 kB
2026-02-23 13:42:22.730167 (107329) main____ INFO      committed address space: 696700744 kB
2026-02-23 13:42:22.730172 (107329) main____ INFO    ----------------------------------------
2026-02-23 13:42:22.730691 (107329) main____ INFO    Important environment variables:
2026-02-23 13:42:22.730705 (107329) main____ INFO      JASPER_HOME       : '/usr/licensed/cadence-20210126/jasper_2021.03'
2026-02-23 13:42:22.730712 (107329) main____ INFO      JASPER_INSTALL_DIR: '/scratch/gpfs/LICENSED/x86_64/cadence-20210126/jasper_2021.03'
2026-02-23 13:42:22.730718 (107329) main____ INFO      LANG              : 'en_US.UTF-8'
2026-02-23 13:42:22.730724 (107329) main____ INFO      LM_LICENSE_FILE   : '5280@license.rc.princeton.edu'
2026-02-23 13:42:22.730730 (107329) main____ INFO      TMPDIR            : '/tmp/ab2113/jg_5018841_23'
2026-02-23 13:42:22.730735 (107329) main____ INFO    ----------------------------------------
2026-02-23 13:42:22.731268 (107329) lic_core INFO    Initializing license system ...
2026-02-23 13:42:22.731802 (107329) lic_core INFO    ... license system initialized.
2026-02-23 13:42:22.732552 (107329) lic__man INFO    Claim 'fpv' for <ui>.
2026-02-23 13:42:22.732586 (107329) lic_core INFO    (1) checking out 'jasper_fpv' ...
2026-02-23 13:42:22.738400 (107329) lic_core INFO    ... (1) checkout failed (error: -5) ("FLEXnet ERROR(-5, 0, 0): No such feature exists.")
2026-02-23 13:42:22.738444 (107329) lic_core INFO    (2) checking out 'jasper_fao' ...
2026-02-23 13:42:22.747103 (107329) lic_core INFO    ... (2) checkout succeeded
2026-02-23 13:42:22.757933 (107329) session_ INFO    Starting analysis session with session id 'session_0' (launcher: <local>) ...
2026-02-23 13:42:22.760985 (107329) session_ INFO    Analysis session with session id 'session_0' started (pid: 107337)
2026-02-23 13:42:23.345994 (107329) session_ INFO    Analysis session 'session_0' connected to the console (host: 127.0.0.1:46124)
2026-02-23 13:42:24.135638 (107329) lic__man INFO    Unclaim everything for 'session_0'.
2026-02-23 13:42:24.168302 (107329) lic__man INFO    Claim 'fpv' for 'session_0'.
2026-02-23 13:42:24.168342 (107329) lic__man INFO    Claim 'fpv' for 'session_0/prove-0'.
2026-02-23 13:42:24.343893 (107329) lic__man INFO    Unclaim everything for 'session_0/prove-0'.
2026-02-23 13:42:24.397892 (107329) main____ INFO    About to exit: request to exit with status 0 received from analysis session 'session_0'
2026-02-23 13:42:24.454426 (107329) session_ INFO    Analysis session 'session_0' disconnected.
2026-02-23 13:42:24.454546 (107329) lic__man INFO    Unclaim everything for 'session_0'.
2026-02-23 13:42:24.455432 (107329) session_ INFO    Process for analysis session 'session_0' has exited with exit status '0'.
2026-02-23 13:42:26.469584 (107329) lic_core INFO    (2) checkin jasper_fao
2026-02-23 13:42:26.470994 (107329) main____ INFO    Exiting with status 0.
