2026-02-23 13:50:15.144375 (4174158) main____ INFO    ----------------------------------------
2026-02-23 13:50:15.144452 (4174158) main____ INFO    JasperGold version info
2026-02-23 13:50:15.144471 (4174158) main____ INFO      tool      : JasperGold 2021.03
2026-02-23 13:50:15.144480 (4174158) main____ INFO      version   : 2021.03 FCS 64 bits
2026-02-23 13:50:15.144485 (4174158) main____ INFO      build date: 2021.03.23 02:50:43 UTC
2026-02-23 13:50:15.144490 (4174158) main____ INFO    ----------------------------------------
2026-02-23 13:50:15.144495 (4174158) main____ INFO    Runtime info:
2026-02-23 13:50:15.144501 (4174158) main____ INFO      platform  : Linux 5.14.0-570.84.1.el9_6.x86_64 x86_64
2026-02-23 13:50:15.144506 (4174158) main____ INFO      hostname  : della-h14n1
2026-02-23 13:50:15.144512 (4174158) main____ INFO      pid       : 4174158
2026-02-23 13:50:15.144517 (4174158) main____ INFO      arguments : '-style' 'windows' '-batch' '-proj' './verification_results/02959/jgproject' '-tcl' './jasper_verif_check.tcl'
2026-02-23 13:50:15.144524 (4174158) main____ INFO      locale    : UTF-8
2026-02-23 13:50:15.144528 (4174158) main____ INFO    ----------------------------------------
2026-02-23 13:50:15.144533 (4174158) main____ INFO    System resource limits info:
2026-02-23 13:50:15.144539 (4174158) main____ INFO      virtual memory: unlimited
2026-02-23 13:50:15.144544 (4174158) main____ INFO      cpu time      : unlimited
2026-02-23 13:50:15.144549 (4174158) main____ INFO      stack size    : unlimited
2026-02-23 13:50:15.144554 (4174158) main____ INFO      core file size: unlimited
2026-02-23 13:50:15.144560 (4174158) main____ INFO      open files    : 131072
2026-02-23 13:50:15.144565 (4174158) main____ INFO      file size     : unlimited
2026-02-23 13:50:15.144570 (4174158) main____ INFO    ----------------------------------------
2026-02-23 13:50:15.144574 (4174158) main____ INFO    Memory statistics:
2026-02-23 13:50:15.144580 (4174158) main____ INFO      total physical memory  : 1584164324 kB
2026-02-23 13:50:15.144586 (4174158) main____ INFO      free physical memory   : 718861024 kB
2026-02-23 13:50:15.144591 (4174158) main____ INFO      committed address space: 573962724 kB
2026-02-23 13:50:15.144596 (4174158) main____ INFO    ----------------------------------------
2026-02-23 13:50:15.145129 (4174158) main____ INFO    Important environment variables:
2026-02-23 13:50:15.145144 (4174158) main____ INFO      JASPER_HOME       : '/usr/licensed/cadence-20210126/jasper_2021.03'
2026-02-23 13:50:15.145151 (4174158) main____ INFO      JASPER_INSTALL_DIR: '/scratch/gpfs/LICENSED/x86_64/cadence-20210126/jasper_2021.03'
2026-02-23 13:50:15.145157 (4174158) main____ INFO      LANG              : 'en_US.UTF-8'
2026-02-23 13:50:15.145162 (4174158) main____ INFO      LM_LICENSE_FILE   : '5280@license.rc.princeton.edu'
2026-02-23 13:50:15.145169 (4174158) main____ INFO      TMPDIR            : '/tmp/ab2113/jg_5018961_51'
2026-02-23 13:50:15.145174 (4174158) main____ INFO    ----------------------------------------
2026-02-23 13:50:15.145579 (4174158) lic_core INFO    Initializing license system ...
2026-02-23 13:50:15.146087 (4174158) lic_core INFO    ... license system initialized.
2026-02-23 13:50:15.146814 (4174158) lic__man INFO    Claim 'fpv' for <ui>.
2026-02-23 13:50:15.146845 (4174158) lic_core INFO    (1) checking out 'jasper_fpv' ...
2026-02-23 13:50:15.152482 (4174158) lic_core INFO    ... (1) checkout failed (error: -5) ("FLEXnet ERROR(-5, 0, 0): No such feature exists.")
2026-02-23 13:50:15.152508 (4174158) lic_core INFO    (2) checking out 'jasper_fao' ...
2026-02-23 13:50:15.161026 (4174158) lic_core INFO    ... (2) checkout succeeded
2026-02-23 13:50:15.172054 (4174158) session_ INFO    Starting analysis session with session id 'session_0' (launcher: <local>) ...
2026-02-23 13:50:15.174883 (4174158) session_ INFO    Analysis session with session id 'session_0' started (pid: 4174167)
2026-02-23 13:50:15.735762 (4174158) session_ INFO    Analysis session 'session_0' connected to the console (host: 127.0.0.1:56674)
2026-02-23 13:50:16.259795 (4174158) main____ INFO    About to exit: request to exit with status 1 received from analysis session 'session_0'
2026-02-23 13:50:16.319708 (4174158) session_ INFO    Analysis session 'session_0' disconnected.
2026-02-23 13:50:16.319893 (4174158) lic__man INFO    Unclaim everything for 'session_0'.
2026-02-23 13:50:16.320978 (4174158) session_ INFO    Process for analysis session 'session_0' has exited with exit status '1'.
2026-02-23 13:50:18.165141 (4174158) lic_core INFO    (2) checkin jasper_fao
2026-02-23 13:50:18.167295 (4174158) main____ INFO    Exiting with status 1.
