2026-02-23 13:40:15.858513 (473894) main____ INFO    ----------------------------------------
2026-02-23 13:40:15.858589 (473894) main____ INFO    JasperGold version info
2026-02-23 13:40:15.858605 (473894) main____ INFO      tool      : JasperGold 2021.03
2026-02-23 13:40:15.858613 (473894) main____ INFO      version   : 2021.03 FCS 64 bits
2026-02-23 13:40:15.858619 (473894) main____ INFO      build date: 2021.03.23 02:50:43 UTC
2026-02-23 13:40:15.858624 (473894) main____ INFO    ----------------------------------------
2026-02-23 13:40:15.858628 (473894) main____ INFO    Runtime info:
2026-02-23 13:40:15.858634 (473894) main____ INFO      platform  : Linux 5.14.0-570.84.1.el9_6.x86_64 x86_64
2026-02-23 13:40:15.858640 (473894) main____ INFO      hostname  : della-h16n3
2026-02-23 13:40:15.858645 (473894) main____ INFO      pid       : 473894
2026-02-23 13:40:15.858650 (473894) main____ INFO      arguments : '-style' 'windows' '-batch' '-proj' './verification_results/01135/jgproject' '-tcl' './jasper_verif_check.tcl'
2026-02-23 13:40:15.858658 (473894) main____ INFO      locale    : UTF-8
2026-02-23 13:40:15.858663 (473894) main____ INFO    ----------------------------------------
2026-02-23 13:40:15.858667 (473894) main____ INFO    System resource limits info:
2026-02-23 13:40:15.858673 (473894) main____ INFO      virtual memory: unlimited
2026-02-23 13:40:15.858677 (473894) main____ INFO      cpu time      : unlimited
2026-02-23 13:40:15.858682 (473894) main____ INFO      stack size    : unlimited
2026-02-23 13:40:15.858687 (473894) main____ INFO      core file size: unlimited
2026-02-23 13:40:15.858694 (473894) main____ INFO      open files    : 131072
2026-02-23 13:40:15.858699 (473894) main____ INFO      file size     : unlimited
2026-02-23 13:40:15.858703 (473894) main____ INFO    ----------------------------------------
2026-02-23 13:40:15.858708 (473894) main____ INFO    Memory statistics:
2026-02-23 13:40:15.858713 (473894) main____ INFO      total physical memory  : 1584164344 kB
2026-02-23 13:40:15.858718 (473894) main____ INFO      free physical memory   : 949588172 kB
2026-02-23 13:40:15.858722 (473894) main____ INFO      committed address space: 587125156 kB
2026-02-23 13:40:15.858727 (473894) main____ INFO    ----------------------------------------
2026-02-23 13:40:15.859246 (473894) main____ INFO    Important environment variables:
2026-02-23 13:40:15.859259 (473894) main____ INFO      JASPER_HOME       : '/usr/licensed/cadence-20210126/jasper_2021.03'
2026-02-23 13:40:15.859265 (473894) main____ INFO      JASPER_INSTALL_DIR: '/scratch/gpfs/LICENSED/x86_64/cadence-20210126/jasper_2021.03'
2026-02-23 13:40:15.859271 (473894) main____ INFO      LANG              : 'en_US.UTF-8'
2026-02-23 13:40:15.859276 (473894) main____ INFO      LM_LICENSE_FILE   : '5280@license.rc.princeton.edu'
2026-02-23 13:40:15.859282 (473894) main____ INFO      TMPDIR            : '/tmp/ab2113/jg_5018818_15'
2026-02-23 13:40:15.859286 (473894) main____ INFO    ----------------------------------------
2026-02-23 13:40:15.859708 (473894) lic_core INFO    Initializing license system ...
2026-02-23 13:40:15.860243 (473894) lic_core INFO    ... license system initialized.
2026-02-23 13:40:15.861000 (473894) lic__man INFO    Claim 'fpv' for <ui>.
2026-02-23 13:40:15.861030 (473894) lic_core INFO    (1) checking out 'jasper_fpv' ...
2026-02-23 13:40:15.867072 (473894) lic_core INFO    ... (1) checkout failed (error: -5) ("FLEXnet ERROR(-5, 0, 0): No such feature exists.")
2026-02-23 13:40:15.867097 (473894) lic_core INFO    (2) checking out 'jasper_fao' ...
2026-02-23 13:40:15.876728 (473894) lic_core INFO    ... (2) checkout succeeded
2026-02-23 13:40:15.887105 (473894) session_ INFO    Starting analysis session with session id 'session_0' (launcher: <local>) ...
2026-02-23 13:40:15.889905 (473894) session_ INFO    Analysis session with session id 'session_0' started (pid: 473930)
2026-02-23 13:40:16.455190 (473894) session_ INFO    Analysis session 'session_0' connected to the console (host: 127.0.0.1:48302)
2026-02-23 13:40:17.234104 (473894) lic__man INFO    Unclaim everything for 'session_0'.
2026-02-23 13:40:17.291336 (473894) lic__man INFO    Claim 'fpv' for 'session_0'.
2026-02-23 13:40:17.291379 (473894) lic__man INFO    Claim 'fpv' for 'session_0/prove-0'.
2026-02-23 13:40:17.450960 (473894) lic__man INFO    Unclaim everything for 'session_0/prove-0'.
2026-02-23 13:40:17.503934 (473894) main____ INFO    About to exit: request to exit with status 0 received from analysis session 'session_0'
2026-02-23 13:40:17.565714 (473894) session_ INFO    Analysis session 'session_0' disconnected.
2026-02-23 13:40:17.565880 (473894) lic__man INFO    Unclaim everything for 'session_0'.
2026-02-23 13:40:17.566357 (473894) session_ INFO    Process for analysis session 'session_0' has exited with exit status '0'.
2026-02-23 13:40:19.410451 (473894) lic_core INFO    (2) checkin jasper_fao
2026-02-23 13:40:19.411726 (473894) main____ INFO    Exiting with status 0.
