2026-02-23 13:47:16.334275 (1148003) main____ INFO    ----------------------------------------
2026-02-23 13:47:16.334380 (1148003) main____ INFO    JasperGold version info
2026-02-23 13:47:16.334399 (1148003) main____ INFO      tool      : JasperGold 2021.03
2026-02-23 13:47:16.334408 (1148003) main____ INFO      version   : 2021.03 FCS 64 bits
2026-02-23 13:47:16.334412 (1148003) main____ INFO      build date: 2021.03.23 02:50:43 UTC
2026-02-23 13:47:16.334416 (1148003) main____ INFO    ----------------------------------------
2026-02-23 13:47:16.334420 (1148003) main____ INFO    Runtime info:
2026-02-23 13:47:16.334424 (1148003) main____ INFO      platform  : Linux 5.14.0-570.84.1.el9_6.x86_64 x86_64
2026-02-23 13:47:16.334429 (1148003) main____ INFO      hostname  : della-i13n20
2026-02-23 13:47:16.334434 (1148003) main____ INFO      pid       : 1148003
2026-02-23 13:47:16.334438 (1148003) main____ INFO      arguments : '-style' 'windows' '-batch' '-proj' './verification_results/02770/jgproject' '-tcl' './jasper_verif_check.tcl'
2026-02-23 13:47:16.334446 (1148003) main____ INFO      locale    : UTF-8
2026-02-23 13:47:16.334450 (1148003) main____ INFO    ----------------------------------------
2026-02-23 13:47:16.334454 (1148003) main____ INFO    System resource limits info:
2026-02-23 13:47:16.334458 (1148003) main____ INFO      virtual memory: unlimited
2026-02-23 13:47:16.334462 (1148003) main____ INFO      cpu time      : unlimited
2026-02-23 13:47:16.334466 (1148003) main____ INFO      stack size    : unlimited
2026-02-23 13:47:16.334470 (1148003) main____ INFO      core file size: unlimited
2026-02-23 13:47:16.334476 (1148003) main____ INFO      open files    : 131072
2026-02-23 13:47:16.334480 (1148003) main____ INFO      file size     : unlimited
2026-02-23 13:47:16.334484 (1148003) main____ INFO    ----------------------------------------
2026-02-23 13:47:16.334487 (1148003) main____ INFO    Memory statistics:
2026-02-23 13:47:16.334491 (1148003) main____ INFO      total physical memory  : 394157552 kB
2026-02-23 13:47:16.334495 (1148003) main____ INFO      free physical memory   : 195684296 kB
2026-02-23 13:47:16.334499 (1148003) main____ INFO      committed address space: 147124996 kB
2026-02-23 13:47:16.334502 (1148003) main____ INFO    ----------------------------------------
2026-02-23 13:47:16.335418 (1148003) main____ INFO    Important environment variables:
2026-02-23 13:47:16.335435 (1148003) main____ INFO      JASPER_HOME       : '/usr/licensed/cadence-20210126/jasper_2021.03'
2026-02-23 13:47:16.335441 (1148003) main____ INFO      JASPER_INSTALL_DIR: '/scratch/gpfs/LICENSED/x86_64/cadence-20210126/jasper_2021.03'
2026-02-23 13:47:16.335446 (1148003) main____ INFO      LANG              : 'en_US.UTF-8'
2026-02-23 13:47:16.335451 (1148003) main____ INFO      LM_LICENSE_FILE   : '5280@license.rc.princeton.edu'
2026-02-23 13:47:16.335456 (1148003) main____ INFO      TMPDIR            : '/tmp/ab2113/jg_5018948_48'
2026-02-23 13:47:16.335460 (1148003) main____ INFO    ----------------------------------------
2026-02-23 13:47:16.335964 (1148003) lic_core INFO    Initializing license system ...
2026-02-23 13:47:16.336463 (1148003) lic_core INFO    ... license system initialized.
2026-02-23 13:47:16.337219 (1148003) lic__man INFO    Claim 'fpv' for <ui>.
2026-02-23 13:47:16.337259 (1148003) lic_core INFO    (1) checking out 'jasper_fpv' ...
2026-02-23 13:47:16.343124 (1148003) lic_core INFO    ... (1) checkout failed (error: -5) ("FLEXnet ERROR(-5, 0, 0): No such feature exists.")
2026-02-23 13:47:16.343184 (1148003) lic_core INFO    (2) checking out 'jasper_fao' ...
2026-02-23 13:47:16.353610 (1148003) lic_core INFO    ... (2) checkout succeeded
2026-02-23 13:47:16.367501 (1148003) session_ INFO    Starting analysis session with session id 'session_0' (launcher: <local>) ...
2026-02-23 13:47:16.370570 (1148003) session_ INFO    Analysis session with session id 'session_0' started (pid: 1148014)
2026-02-23 13:47:17.103963 (1148003) session_ INFO    Analysis session 'session_0' connected to the console (host: 127.0.0.1:45688)
2026-02-23 13:47:17.943178 (1148003) lic__man INFO    Unclaim everything for 'session_0'.
2026-02-23 13:47:17.985940 (1148003) lic__man INFO    Claim 'fpv' for 'session_0'.
2026-02-23 13:47:17.985991 (1148003) lic__man INFO    Claim 'fpv' for 'session_0/prove-0'.
2026-02-23 13:47:18.112296 (1148003) lic__man INFO    Unclaim everything for 'session_0/prove-0'.
2026-02-23 13:47:18.166234 (1148003) main____ INFO    About to exit: request to exit with status 0 received from analysis session 'session_0'
2026-02-23 13:47:18.273583 (1148003) session_ INFO    Analysis session 'session_0' disconnected.
2026-02-23 13:47:18.273722 (1148003) lic__man INFO    Unclaim everything for 'session_0'.
2026-02-23 13:47:18.274286 (1148003) session_ INFO    Process for analysis session 'session_0' has exited with exit status '0'.
2026-02-23 13:47:20.074616 (1148003) lic_core INFO    (2) checkin jasper_fao
2026-02-23 13:47:20.076377 (1148003) main____ INFO    Exiting with status 0.
