2026-02-23 13:56:09.311701 (3184273) main____ INFO    ----------------------------------------
2026-02-23 13:56:09.311782 (3184273) main____ INFO    JasperGold version info
2026-02-23 13:56:09.311797 (3184273) main____ INFO      tool      : JasperGold 2021.03
2026-02-23 13:56:09.311806 (3184273) main____ INFO      version   : 2021.03 FCS 64 bits
2026-02-23 13:56:09.311812 (3184273) main____ INFO      build date: 2021.03.23 02:50:43 UTC
2026-02-23 13:56:09.311818 (3184273) main____ INFO    ----------------------------------------
2026-02-23 13:56:09.311822 (3184273) main____ INFO    Runtime info:
2026-02-23 13:56:09.311827 (3184273) main____ INFO      platform  : Linux 5.14.0-570.84.1.el9_6.x86_64 x86_64
2026-02-23 13:56:09.311833 (3184273) main____ INFO      hostname  : della-r3c3n1
2026-02-23 13:56:09.311839 (3184273) main____ INFO      pid       : 3184273
2026-02-23 13:56:09.311844 (3184273) main____ INFO      arguments : '-style' 'windows' '-batch' '-proj' './verification_results/03994/jgproject' '-tcl' './jasper_verif_check.tcl'
2026-02-23 13:56:09.311851 (3184273) main____ INFO      locale    : UTF-8
2026-02-23 13:56:09.311857 (3184273) main____ INFO    ----------------------------------------
2026-02-23 13:56:09.311861 (3184273) main____ INFO    System resource limits info:
2026-02-23 13:56:09.311866 (3184273) main____ INFO      virtual memory: unlimited
2026-02-23 13:56:09.311871 (3184273) main____ INFO      cpu time      : unlimited
2026-02-23 13:56:09.311876 (3184273) main____ INFO      stack size    : unlimited
2026-02-23 13:56:09.311881 (3184273) main____ INFO      core file size: unlimited
2026-02-23 13:56:09.311888 (3184273) main____ INFO      open files    : 131072
2026-02-23 13:56:09.311893 (3184273) main____ INFO      file size     : unlimited
2026-02-23 13:56:09.311899 (3184273) main____ INFO    ----------------------------------------
2026-02-23 13:56:09.311903 (3184273) main____ INFO    Memory statistics:
2026-02-23 13:56:09.311908 (3184273) main____ INFO      total physical memory  : 195972176 kB
2026-02-23 13:56:09.311912 (3184273) main____ INFO      free physical memory   : 119103024 kB
2026-02-23 13:56:09.311917 (3184273) main____ INFO      committed address space: 22679468 kB
2026-02-23 13:56:09.311922 (3184273) main____ INFO    ----------------------------------------
2026-02-23 13:56:09.312876 (3184273) main____ INFO    Important environment variables:
2026-02-23 13:56:09.312891 (3184273) main____ INFO      JASPER_HOME       : '/usr/licensed/cadence-20210126/jasper_2021.03'
2026-02-23 13:56:09.312898 (3184273) main____ INFO      JASPER_INSTALL_DIR: '/scratch/gpfs/LICENSED/x86_64/cadence-20210126/jasper_2021.03'
2026-02-23 13:56:09.312904 (3184273) main____ INFO      LANG              : 'en_US.UTF-8'
2026-02-23 13:56:09.312909 (3184273) main____ INFO      LM_LICENSE_FILE   : '5280@license.rc.princeton.edu'
2026-02-23 13:56:09.312915 (3184273) main____ INFO      TMPDIR            : '/tmp/ab2113/jg_5019091_72'
2026-02-23 13:56:09.312920 (3184273) main____ INFO    ----------------------------------------
2026-02-23 13:56:09.313320 (3184273) lic_core INFO    Initializing license system ...
2026-02-23 13:56:09.314073 (3184273) lic_core INFO    ... license system initialized.
2026-02-23 13:56:09.314756 (3184273) lic__man INFO    Claim 'fpv' for <ui>.
2026-02-23 13:56:09.314792 (3184273) lic_core INFO    (1) checking out 'jasper_fpv' ...
2026-02-23 13:56:09.319986 (3184273) lic_core INFO    ... (1) checkout failed (error: -5) ("FLEXnet ERROR(-5, 0, 0): No such feature exists.")
2026-02-23 13:56:09.320014 (3184273) lic_core INFO    (2) checking out 'jasper_fao' ...
2026-02-23 13:56:09.330447 (3184273) lic_core INFO    ... (2) checkout succeeded
2026-02-23 13:56:09.344853 (3184273) session_ INFO    Starting analysis session with session id 'session_0' (launcher: <local>) ...
2026-02-23 13:56:09.347406 (3184273) session_ INFO    Analysis session with session id 'session_0' started (pid: 3184281)
2026-02-23 13:56:10.031563 (3184273) session_ INFO    Analysis session 'session_0' connected to the console (host: 127.0.0.1:51088)
2026-02-23 13:56:10.850715 (3184273) lic__man INFO    Unclaim everything for 'session_0'.
2026-02-23 13:56:10.911455 (3184273) main____ INFO    About to exit: request to exit with status 3 received from analysis session 'session_0'
2026-02-23 13:56:10.980739 (3184273) session_ INFO    Analysis session 'session_0' disconnected.
2026-02-23 13:56:10.980928 (3184273) lic__man INFO    Unclaim everything for 'session_0'.
2026-02-23 13:56:10.981581 (3184273) session_ INFO    Process for analysis session 'session_0' has exited with exit status '3'.
2026-02-23 13:56:13.019207 (3184273) lic_core INFO    (2) checkin jasper_fao
2026-02-23 13:56:13.020698 (3184273) main____ INFO    Exiting with status 3.
