2026-02-20 17:31:16.418381 (2528490) main____ INFO    ----------------------------------------
2026-02-20 17:31:16.418501 (2528490) main____ INFO    JasperGold version info
2026-02-20 17:31:16.418521 (2528490) main____ INFO      tool      : JasperGold 2021.03
2026-02-20 17:31:16.418530 (2528490) main____ INFO      version   : 2021.03 FCS 64 bits
2026-02-20 17:31:16.418535 (2528490) main____ INFO      build date: 2021.03.23 02:50:43 UTC
2026-02-20 17:31:16.418539 (2528490) main____ INFO    ----------------------------------------
2026-02-20 17:31:16.418543 (2528490) main____ INFO    Runtime info:
2026-02-20 17:31:16.418547 (2528490) main____ INFO      platform  : Linux 5.14.0-570.84.1.el9_6.x86_64 x86_64
2026-02-20 17:31:16.418553 (2528490) main____ INFO      hostname  : della-i13n22
2026-02-20 17:31:16.418558 (2528490) main____ INFO      pid       : 2528490
2026-02-20 17:31:16.418562 (2528490) main____ INFO      arguments : '-style' 'windows' '-batch' '-proj' 'verification_results/00204/jgproject' '-tcl' './jasper_verif_check.tcl'
2026-02-20 17:31:16.418571 (2528490) main____ INFO      locale    : UTF-8
2026-02-20 17:31:16.418575 (2528490) main____ INFO    ----------------------------------------
2026-02-20 17:31:16.418579 (2528490) main____ INFO    System resource limits info:
2026-02-20 17:31:16.418583 (2528490) main____ INFO      virtual memory: unlimited
2026-02-20 17:31:16.418587 (2528490) main____ INFO      cpu time      : unlimited
2026-02-20 17:31:16.418591 (2528490) main____ INFO      stack size    : unlimited
2026-02-20 17:31:16.418595 (2528490) main____ INFO      core file size: unlimited
2026-02-20 17:31:16.418603 (2528490) main____ INFO      open files    : 131072
2026-02-20 17:31:16.418607 (2528490) main____ INFO      file size     : unlimited
2026-02-20 17:31:16.418611 (2528490) main____ INFO    ----------------------------------------
2026-02-20 17:31:16.418615 (2528490) main____ INFO    Memory statistics:
2026-02-20 17:31:16.418619 (2528490) main____ INFO      total physical memory  : 394157548 kB
2026-02-20 17:31:16.418623 (2528490) main____ INFO      free physical memory   : 196143724 kB
2026-02-20 17:31:16.418627 (2528490) main____ INFO      committed address space: 162842624 kB
2026-02-20 17:31:16.418631 (2528490) main____ INFO    ----------------------------------------
2026-02-20 17:31:16.419546 (2528490) main____ INFO    Important environment variables:
2026-02-20 17:31:16.419564 (2528490) main____ INFO      JASPER_HOME       : '/usr/licensed/cadence-20210126/jasper_2021.03'
2026-02-20 17:31:16.419571 (2528490) main____ INFO      JASPER_INSTALL_DIR: '/scratch/gpfs/LICENSED/x86_64/cadence-20210126/jasper_2021.03'
2026-02-20 17:31:16.419576 (2528490) main____ INFO      LANG              : 'en_US.UTF-8'
2026-02-20 17:31:16.419581 (2528490) main____ INFO      LM_LICENSE_FILE   : '5280@license.rc.princeton.edu'
2026-02-20 17:31:16.419586 (2528490) main____ INFO      TMPDIR            : '/tmp'
2026-02-20 17:31:16.419590 (2528490) main____ INFO    ----------------------------------------
2026-02-20 17:31:16.420497 (2528490) lic_core INFO    Initializing license system ...
2026-02-20 17:31:16.421412 (2528490) lic_core INFO    ... license system initialized.
2026-02-20 17:31:16.422219 (2528490) lic__man INFO    Claim 'fpv' for <ui>.
2026-02-20 17:31:16.422265 (2528490) lic_core INFO    (1) checking out 'jasper_fpv' ...
2026-02-20 17:31:16.429305 (2528490) lic_core INFO    ... (1) checkout failed (error: -5) ("FLEXnet ERROR(-5, 0, 0): No such feature exists.")
2026-02-20 17:31:16.429376 (2528490) lic_core INFO    (2) checking out 'jasper_fao' ...
2026-02-20 17:31:16.439769 (2528490) lic_core INFO    ... (2) checkout succeeded
2026-02-20 17:31:16.454486 (2528490) session_ INFO    Starting analysis session with session id 'session_0' (launcher: <local>) ...
2026-02-20 17:31:16.457841 (2528490) session_ INFO    Analysis session with session id 'session_0' started (pid: 2528498)
2026-02-20 17:31:17.214907 (2528490) session_ INFO    Analysis session 'session_0' connected to the console (host: 127.0.0.1:53658)
2026-02-20 17:31:18.058910 (2528490) lic__man INFO    Unclaim everything for 'session_0'.
2026-02-20 17:31:18.101792 (2528490) lic__man INFO    Claim 'fpv' for 'session_0'.
2026-02-20 17:31:18.101843 (2528490) lic__man INFO    Claim 'fpv' for 'session_0/prove-0'.
2026-02-20 17:31:18.236709 (2528490) lic__man INFO    Unclaim everything for 'session_0/prove-0'.
2026-02-20 17:31:18.296511 (2528490) main____ INFO    About to exit: request to exit with status 0 received from analysis session 'session_0'
2026-02-20 17:31:18.400074 (2528490) session_ INFO    Analysis session 'session_0' disconnected.
2026-02-20 17:31:18.400210 (2528490) lic__man INFO    Unclaim everything for 'session_0'.
2026-02-20 17:31:18.400891 (2528490) session_ INFO    Process for analysis session 'session_0' has exited with exit status '0'.
2026-02-20 17:31:20.405045 (2528490) lic_core INFO    (2) checkin jasper_fao
2026-02-20 17:31:20.406669 (2528490) main____ INFO    Exiting with status 0.
