2026-02-23 13:44:52.839131 (1945793) main____ INFO    ----------------------------------------
2026-02-23 13:44:52.839213 (1945793) main____ INFO    JasperGold version info
2026-02-23 13:44:52.839230 (1945793) main____ INFO      tool      : JasperGold 2021.03
2026-02-23 13:44:52.839238 (1945793) main____ INFO      version   : 2021.03 FCS 64 bits
2026-02-23 13:44:52.839243 (1945793) main____ INFO      build date: 2021.03.23 02:50:43 UTC
2026-02-23 13:44:52.839247 (1945793) main____ INFO    ----------------------------------------
2026-02-23 13:44:52.839252 (1945793) main____ INFO    Runtime info:
2026-02-23 13:44:52.839256 (1945793) main____ INFO      platform  : Linux 5.14.0-570.84.1.el9_6.x86_64 x86_64
2026-02-23 13:44:52.839262 (1945793) main____ INFO      hostname  : della-r3c1n5
2026-02-23 13:44:52.839267 (1945793) main____ INFO      pid       : 1945793
2026-02-23 13:44:52.839272 (1945793) main____ INFO      arguments : '-style' 'windows' '-batch' '-proj' './verification_results/01931/jgproject' '-tcl' './jasper_verif_check.tcl'
2026-02-23 13:44:52.839280 (1945793) main____ INFO      locale    : UTF-8
2026-02-23 13:44:52.839284 (1945793) main____ INFO    ----------------------------------------
2026-02-23 13:44:52.839288 (1945793) main____ INFO    System resource limits info:
2026-02-23 13:44:52.839293 (1945793) main____ INFO      virtual memory: unlimited
2026-02-23 13:44:52.839298 (1945793) main____ INFO      cpu time      : unlimited
2026-02-23 13:44:52.839302 (1945793) main____ INFO      stack size    : unlimited
2026-02-23 13:44:52.839307 (1945793) main____ INFO      core file size: unlimited
2026-02-23 13:44:52.839313 (1945793) main____ INFO      open files    : 131072
2026-02-23 13:44:52.839318 (1945793) main____ INFO      file size     : unlimited
2026-02-23 13:44:52.839322 (1945793) main____ INFO    ----------------------------------------
2026-02-23 13:44:52.839326 (1945793) main____ INFO    Memory statistics:
2026-02-23 13:44:52.839331 (1945793) main____ INFO      total physical memory  : 195972056 kB
2026-02-23 13:44:52.839335 (1945793) main____ INFO      free physical memory   : 110892516 kB
2026-02-23 13:44:52.839339 (1945793) main____ INFO      committed address space: 55089368 kB
2026-02-23 13:44:52.839343 (1945793) main____ INFO    ----------------------------------------
2026-02-23 13:44:52.840322 (1945793) main____ INFO    Important environment variables:
2026-02-23 13:44:52.840337 (1945793) main____ INFO      JASPER_HOME       : '/usr/licensed/cadence-20210126/jasper_2021.03'
2026-02-23 13:44:52.840343 (1945793) main____ INFO      JASPER_INSTALL_DIR: '/scratch/gpfs/LICENSED/x86_64/cadence-20210126/jasper_2021.03'
2026-02-23 13:44:52.840349 (1945793) main____ INFO      LANG              : 'en_US.UTF-8'
2026-02-23 13:44:52.840354 (1945793) main____ INFO      LM_LICENSE_FILE   : '5280@license.rc.princeton.edu'
2026-02-23 13:44:52.840359 (1945793) main____ INFO      TMPDIR            : '/tmp/ab2113/jg_5018879_31'
2026-02-23 13:44:52.840364 (1945793) main____ INFO    ----------------------------------------
2026-02-23 13:44:52.841215 (1945793) lic_core INFO    Initializing license system ...
2026-02-23 13:44:52.842028 (1945793) lic_core INFO    ... license system initialized.
2026-02-23 13:44:52.842770 (1945793) lic__man INFO    Claim 'fpv' for <ui>.
2026-02-23 13:44:52.842807 (1945793) lic_core INFO    (1) checking out 'jasper_fpv' ...
2026-02-23 13:44:52.848181 (1945793) lic_core INFO    ... (1) checkout failed (error: -5) ("FLEXnet ERROR(-5, 0, 0): No such feature exists.")
2026-02-23 13:44:52.848210 (1945793) lic_core INFO    (2) checking out 'jasper_fao' ...
2026-02-23 13:44:52.858071 (1945793) lic_core INFO    ... (2) checkout succeeded
2026-02-23 13:44:52.872363 (1945793) session_ INFO    Starting analysis session with session id 'session_0' (launcher: <local>) ...
2026-02-23 13:44:52.875457 (1945793) session_ INFO    Analysis session with session id 'session_0' started (pid: 1945801)
2026-02-23 13:44:53.580325 (1945793) session_ INFO    Analysis session 'session_0' connected to the console (host: 127.0.0.1:39774)
2026-02-23 13:44:54.163240 (1945793) main____ INFO    About to exit: request to exit with status 1 received from analysis session 'session_0'
2026-02-23 13:44:54.238872 (1945793) session_ INFO    Analysis session 'session_0' disconnected.
2026-02-23 13:44:54.239000 (1945793) lic__man INFO    Unclaim everything for 'session_0'.
2026-02-23 13:44:54.239398 (1945793) session_ INFO    Process for analysis session 'session_0' has exited with exit status '1'.
2026-02-23 13:44:56.094205 (1945793) lic_core INFO    (2) checkin jasper_fao
2026-02-23 13:44:56.095402 (1945793) main____ INFO    Exiting with status 1.
