2026-02-23 13:42:19.093392 (2075854) main____ INFO    ----------------------------------------
2026-02-23 13:42:19.093491 (2075854) main____ INFO    JasperGold version info
2026-02-23 13:42:19.093509 (2075854) main____ INFO      tool      : JasperGold 2021.03
2026-02-23 13:42:19.093518 (2075854) main____ INFO      version   : 2021.03 FCS 64 bits
2026-02-23 13:42:19.093523 (2075854) main____ INFO      build date: 2021.03.23 02:50:43 UTC
2026-02-23 13:42:19.093527 (2075854) main____ INFO    ----------------------------------------
2026-02-23 13:42:19.093531 (2075854) main____ INFO    Runtime info:
2026-02-23 13:42:19.093536 (2075854) main____ INFO      platform  : Linux 5.14.0-570.84.1.el9_6.x86_64 x86_64
2026-02-23 13:42:19.093542 (2075854) main____ INFO      hostname  : della-r3c1n15
2026-02-23 13:42:19.093546 (2075854) main____ INFO      pid       : 2075854
2026-02-23 13:42:19.093551 (2075854) main____ INFO      arguments : '-style' 'windows' '-batch' '-proj' './verification_results/01396/jgproject' '-tcl' './jasper_verif_check.tcl'
2026-02-23 13:42:19.093559 (2075854) main____ INFO      locale    : UTF-8
2026-02-23 13:42:19.093563 (2075854) main____ INFO    ----------------------------------------
2026-02-23 13:42:19.093567 (2075854) main____ INFO    System resource limits info:
2026-02-23 13:42:19.093572 (2075854) main____ INFO      virtual memory: unlimited
2026-02-23 13:42:19.093576 (2075854) main____ INFO      cpu time      : unlimited
2026-02-23 13:42:19.093581 (2075854) main____ INFO      stack size    : unlimited
2026-02-23 13:42:19.093585 (2075854) main____ INFO      core file size: unlimited
2026-02-23 13:42:19.093592 (2075854) main____ INFO      open files    : 131072
2026-02-23 13:42:19.093596 (2075854) main____ INFO      file size     : unlimited
2026-02-23 13:42:19.093601 (2075854) main____ INFO    ----------------------------------------
2026-02-23 13:42:19.093605 (2075854) main____ INFO    Memory statistics:
2026-02-23 13:42:19.093609 (2075854) main____ INFO      total physical memory  : 195972072 kB
2026-02-23 13:42:19.093614 (2075854) main____ INFO      free physical memory   : 106856520 kB
2026-02-23 13:42:19.093618 (2075854) main____ INFO      committed address space: 17052424 kB
2026-02-23 13:42:19.093622 (2075854) main____ INFO    ----------------------------------------
2026-02-23 13:42:19.094575 (2075854) main____ INFO    Important environment variables:
2026-02-23 13:42:19.094590 (2075854) main____ INFO      JASPER_HOME       : '/usr/licensed/cadence-20210126/jasper_2021.03'
2026-02-23 13:42:19.094596 (2075854) main____ INFO      JASPER_INSTALL_DIR: '/scratch/gpfs/LICENSED/x86_64/cadence-20210126/jasper_2021.03'
2026-02-23 13:42:19.094601 (2075854) main____ INFO      LANG              : 'en_US.UTF-8'
2026-02-23 13:42:19.094606 (2075854) main____ INFO      LM_LICENSE_FILE   : '5280@license.rc.princeton.edu'
2026-02-23 13:42:19.094612 (2075854) main____ INFO      TMPDIR            : '/tmp/ab2113/jg_5018834_20'
2026-02-23 13:42:19.094616 (2075854) main____ INFO    ----------------------------------------
2026-02-23 13:42:19.095445 (2075854) lic_core INFO    Initializing license system ...
2026-02-23 13:42:19.096246 (2075854) lic_core INFO    ... license system initialized.
2026-02-23 13:42:19.096963 (2075854) lic__man INFO    Claim 'fpv' for <ui>.
2026-02-23 13:42:19.096998 (2075854) lic_core INFO    (1) checking out 'jasper_fpv' ...
2026-02-23 13:42:19.103050 (2075854) lic_core INFO    ... (1) checkout failed (error: -5) ("FLEXnet ERROR(-5, 0, 0): No such feature exists.")
2026-02-23 13:42:19.103078 (2075854) lic_core INFO    (2) checking out 'jasper_fao' ...
2026-02-23 13:42:19.113003 (2075854) lic_core INFO    ... (2) checkout succeeded
2026-02-23 13:42:19.127718 (2075854) session_ INFO    Starting analysis session with session id 'session_0' (launcher: <local>) ...
2026-02-23 13:42:19.130574 (2075854) session_ INFO    Analysis session with session id 'session_0' started (pid: 2075862)
2026-02-23 13:42:19.884158 (2075854) session_ INFO    Analysis session 'session_0' connected to the console (host: 127.0.0.1:34774)
2026-02-23 13:42:20.861364 (2075854) main____ INFO    About to exit: request to exit with status 1 received from analysis session 'session_0'
2026-02-23 13:42:20.943655 (2075854) session_ INFO    Analysis session 'session_0' disconnected.
2026-02-23 13:42:20.943815 (2075854) lic__man INFO    Unclaim everything for 'session_0'.
2026-02-23 13:42:20.944825 (2075854) session_ INFO    Process for analysis session 'session_0' has exited with exit status '1'.
2026-02-23 13:42:22.804528 (2075854) lic_core INFO    (2) checkin jasper_fao
2026-02-23 13:42:22.806284 (2075854) main____ INFO    Exiting with status 1.
