2026-02-23 13:44:17.304723 (1143271) main____ INFO    ----------------------------------------
2026-02-23 13:44:17.304821 (1143271) main____ INFO    JasperGold version info
2026-02-23 13:44:17.304840 (1143271) main____ INFO      tool      : JasperGold 2021.03
2026-02-23 13:44:17.304849 (1143271) main____ INFO      version   : 2021.03 FCS 64 bits
2026-02-23 13:44:17.304854 (1143271) main____ INFO      build date: 2021.03.23 02:50:43 UTC
2026-02-23 13:44:17.304858 (1143271) main____ INFO    ----------------------------------------
2026-02-23 13:44:17.304862 (1143271) main____ INFO    Runtime info:
2026-02-23 13:44:17.304867 (1143271) main____ INFO      platform  : Linux 5.14.0-570.84.1.el9_6.x86_64 x86_64
2026-02-23 13:44:17.304872 (1143271) main____ INFO      hostname  : della-i13n20
2026-02-23 13:44:17.304877 (1143271) main____ INFO      pid       : 1143271
2026-02-23 13:44:17.304881 (1143271) main____ INFO      arguments : '-style' 'windows' '-batch' '-proj' './verification_results/01976/jgproject' '-tcl' './jasper_verif_check.tcl'
2026-02-23 13:44:17.304888 (1143271) main____ INFO      locale    : UTF-8
2026-02-23 13:44:17.304892 (1143271) main____ INFO    ----------------------------------------
2026-02-23 13:44:17.304896 (1143271) main____ INFO    System resource limits info:
2026-02-23 13:44:17.304900 (1143271) main____ INFO      virtual memory: unlimited
2026-02-23 13:44:17.304904 (1143271) main____ INFO      cpu time      : unlimited
2026-02-23 13:44:17.304908 (1143271) main____ INFO      stack size    : unlimited
2026-02-23 13:44:17.304913 (1143271) main____ INFO      core file size: unlimited
2026-02-23 13:44:17.304920 (1143271) main____ INFO      open files    : 131072
2026-02-23 13:44:17.304924 (1143271) main____ INFO      file size     : unlimited
2026-02-23 13:44:17.304928 (1143271) main____ INFO    ----------------------------------------
2026-02-23 13:44:17.304932 (1143271) main____ INFO    Memory statistics:
2026-02-23 13:44:17.304936 (1143271) main____ INFO      total physical memory  : 394157552 kB
2026-02-23 13:44:17.304940 (1143271) main____ INFO      free physical memory   : 176438636 kB
2026-02-23 13:44:17.304944 (1143271) main____ INFO      committed address space: 146373704 kB
2026-02-23 13:44:17.304948 (1143271) main____ INFO    ----------------------------------------
2026-02-23 13:44:17.305853 (1143271) main____ INFO    Important environment variables:
2026-02-23 13:44:17.305870 (1143271) main____ INFO      JASPER_HOME       : '/usr/licensed/cadence-20210126/jasper_2021.03'
2026-02-23 13:44:17.305876 (1143271) main____ INFO      JASPER_INSTALL_DIR: '/scratch/gpfs/LICENSED/x86_64/cadence-20210126/jasper_2021.03'
2026-02-23 13:44:17.305881 (1143271) main____ INFO      LANG              : 'en_US.UTF-8'
2026-02-23 13:44:17.305886 (1143271) main____ INFO      LM_LICENSE_FILE   : '5280@license.rc.princeton.edu'
2026-02-23 13:44:17.305891 (1143271) main____ INFO      TMPDIR            : '/tmp/ab2113/jg_5018880_32'
2026-02-23 13:44:17.305895 (1143271) main____ INFO    ----------------------------------------
2026-02-23 13:44:17.306786 (1143271) lic_core INFO    Initializing license system ...
2026-02-23 13:44:17.307656 (1143271) lic_core INFO    ... license system initialized.
2026-02-23 13:44:17.308459 (1143271) lic__man INFO    Claim 'fpv' for <ui>.
2026-02-23 13:44:17.308500 (1143271) lic_core INFO    (1) checking out 'jasper_fpv' ...
2026-02-23 13:44:17.314916 (1143271) lic_core INFO    ... (1) checkout failed (error: -5) ("FLEXnet ERROR(-5, 0, 0): No such feature exists.")
2026-02-23 13:44:17.314973 (1143271) lic_core INFO    (2) checking out 'jasper_fao' ...
2026-02-23 13:44:17.325064 (1143271) lic_core INFO    ... (2) checkout succeeded
2026-02-23 13:44:17.339101 (1143271) session_ INFO    Starting analysis session with session id 'session_0' (launcher: <local>) ...
2026-02-23 13:44:17.342467 (1143271) session_ INFO    Analysis session with session id 'session_0' started (pid: 1143279)
2026-02-23 13:44:18.074938 (1143271) session_ INFO    Analysis session 'session_0' connected to the console (host: 127.0.0.1:54778)
2026-02-23 13:44:18.684232 (1143271) main____ INFO    About to exit: request to exit with status 1 received from analysis session 'session_0'
2026-02-23 13:44:18.771507 (1143271) session_ INFO    Analysis session 'session_0' disconnected.
2026-02-23 13:44:18.771646 (1143271) lic__man INFO    Unclaim everything for 'session_0'.
2026-02-23 13:44:18.772225 (1143271) session_ INFO    Process for analysis session 'session_0' has exited with exit status '1'.
2026-02-23 13:44:20.589267 (1143271) lic_core INFO    (2) checkin jasper_fao
2026-02-23 13:44:20.590809 (1143271) main____ INFO    Exiting with status 1.
