2026-02-23 13:57:09.504568 (2622025) main____ INFO    ----------------------------------------
2026-02-23 13:57:09.504659 (2622025) main____ INFO    JasperGold version info
2026-02-23 13:57:09.504677 (2622025) main____ INFO      tool      : JasperGold 2021.03
2026-02-23 13:57:09.504685 (2622025) main____ INFO      version   : 2021.03 FCS 64 bits
2026-02-23 13:57:09.504690 (2622025) main____ INFO      build date: 2021.03.23 02:50:43 UTC
2026-02-23 13:57:09.504695 (2622025) main____ INFO    ----------------------------------------
2026-02-23 13:57:09.504699 (2622025) main____ INFO    Runtime info:
2026-02-23 13:57:09.504704 (2622025) main____ INFO      platform  : Linux 5.14.0-570.84.1.el9_6.x86_64 x86_64
2026-02-23 13:57:09.504710 (2622025) main____ INFO      hostname  : della-r3c1n7
2026-02-23 13:57:09.504715 (2622025) main____ INFO      pid       : 2622025
2026-02-23 13:57:09.504719 (2622025) main____ INFO      arguments : '-style' 'windows' '-batch' '-proj' './verification_results/04204/jgproject' '-tcl' './jasper_verif_check.tcl'
2026-02-23 13:57:09.504727 (2622025) main____ INFO      locale    : UTF-8
2026-02-23 13:57:09.504731 (2622025) main____ INFO    ----------------------------------------
2026-02-23 13:57:09.504735 (2622025) main____ INFO    System resource limits info:
2026-02-23 13:57:09.504740 (2622025) main____ INFO      virtual memory: unlimited
2026-02-23 13:57:09.504744 (2622025) main____ INFO      cpu time      : unlimited
2026-02-23 13:57:09.504748 (2622025) main____ INFO      stack size    : unlimited
2026-02-23 13:57:09.504753 (2622025) main____ INFO      core file size: unlimited
2026-02-23 13:57:09.504760 (2622025) main____ INFO      open files    : 131072
2026-02-23 13:57:09.504764 (2622025) main____ INFO      file size     : unlimited
2026-02-23 13:57:09.504769 (2622025) main____ INFO    ----------------------------------------
2026-02-23 13:57:09.504773 (2622025) main____ INFO    Memory statistics:
2026-02-23 13:57:09.504778 (2622025) main____ INFO      total physical memory  : 195972072 kB
2026-02-23 13:57:09.504782 (2622025) main____ INFO      free physical memory   : 154473184 kB
2026-02-23 13:57:09.504786 (2622025) main____ INFO      committed address space: 43985304 kB
2026-02-23 13:57:09.504790 (2622025) main____ INFO    ----------------------------------------
2026-02-23 13:57:09.505745 (2622025) main____ INFO    Important environment variables:
2026-02-23 13:57:09.505762 (2622025) main____ INFO      JASPER_HOME       : '/usr/licensed/cadence-20210126/jasper_2021.03'
2026-02-23 13:57:09.505768 (2622025) main____ INFO      JASPER_INSTALL_DIR: '/scratch/gpfs/LICENSED/x86_64/cadence-20210126/jasper_2021.03'
2026-02-23 13:57:09.505774 (2622025) main____ INFO      LANG              : 'en_US.UTF-8'
2026-02-23 13:57:09.505779 (2622025) main____ INFO      LM_LICENSE_FILE   : '5280@license.rc.princeton.edu'
2026-02-23 13:57:09.505784 (2622025) main____ INFO      TMPDIR            : '/tmp/ab2113/jg_5019111_76'
2026-02-23 13:57:09.505788 (2622025) main____ INFO    ----------------------------------------
2026-02-23 13:57:09.506239 (2622025) lic_core INFO    Initializing license system ...
2026-02-23 13:57:09.507022 (2622025) lic_core INFO    ... license system initialized.
2026-02-23 13:57:09.507747 (2622025) lic__man INFO    Claim 'fpv' for <ui>.
2026-02-23 13:57:09.507785 (2622025) lic_core INFO    (1) checking out 'jasper_fpv' ...
2026-02-23 13:57:09.514457 (2622025) lic_core INFO    ... (1) checkout failed (error: -5) ("FLEXnet ERROR(-5, 0, 0): No such feature exists.")
2026-02-23 13:57:09.514506 (2622025) lic_core INFO    (2) checking out 'jasper_fao' ...
2026-02-23 13:57:09.524912 (2622025) lic_core INFO    ... (2) checkout succeeded
2026-02-23 13:57:09.540686 (2622025) session_ INFO    Starting analysis session with session id 'session_0' (launcher: <local>) ...
2026-02-23 13:57:09.543360 (2622025) session_ INFO    Analysis session with session id 'session_0' started (pid: 2622033)
2026-02-23 13:57:10.205980 (2622025) session_ INFO    Analysis session 'session_0' connected to the console (host: 127.0.0.1:59666)
2026-02-23 13:57:10.767238 (2622025) main____ INFO    About to exit: request to exit with status 1 received from analysis session 'session_0'
2026-02-23 13:57:10.836006 (2622025) session_ INFO    Analysis session 'session_0' disconnected.
2026-02-23 13:57:10.836131 (2622025) lic__man INFO    Unclaim everything for 'session_0'.
2026-02-23 13:57:10.836663 (2622025) session_ INFO    Process for analysis session 'session_0' has exited with exit status '1'.
2026-02-23 13:57:12.847503 (2622025) lic_core INFO    (2) checkin jasper_fao
2026-02-23 13:57:12.848975 (2622025) main____ INFO    Exiting with status 1.
