2026-02-20 16:47:14.868720 (2490885) main____ INFO    ----------------------------------------
2026-02-20 16:47:14.868855 (2490885) main____ INFO    JasperGold version info
2026-02-20 16:47:14.868883 (2490885) main____ INFO      tool      : JasperGold 2021.03
2026-02-20 16:47:14.868893 (2490885) main____ INFO      version   : 2021.03 FCS 64 bits
2026-02-20 16:47:14.868899 (2490885) main____ INFO      build date: 2021.03.23 02:50:43 UTC
2026-02-20 16:47:14.868903 (2490885) main____ INFO    ----------------------------------------
2026-02-20 16:47:14.868907 (2490885) main____ INFO    Runtime info:
2026-02-20 16:47:14.868912 (2490885) main____ INFO      platform  : Linux 5.14.0-570.84.1.el9_6.x86_64 x86_64
2026-02-20 16:47:14.868918 (2490885) main____ INFO      hostname  : della-i13n22
2026-02-20 16:47:14.868924 (2490885) main____ INFO      pid       : 2490885
2026-02-20 16:47:14.868928 (2490885) main____ INFO      arguments : '-style' 'windows' '-batch' '-proj' 'verification_results/00031/jgproject' '-tcl' './jasper_verif_check.tcl'
2026-02-20 16:47:14.868937 (2490885) main____ INFO      locale    : UTF-8
2026-02-20 16:47:14.868941 (2490885) main____ INFO    ----------------------------------------
2026-02-20 16:47:14.868945 (2490885) main____ INFO    System resource limits info:
2026-02-20 16:47:14.868949 (2490885) main____ INFO      virtual memory: unlimited
2026-02-20 16:47:14.868953 (2490885) main____ INFO      cpu time      : unlimited
2026-02-20 16:47:14.868957 (2490885) main____ INFO      stack size    : unlimited
2026-02-20 16:47:14.868961 (2490885) main____ INFO      core file size: unlimited
2026-02-20 16:47:14.868969 (2490885) main____ INFO      open files    : 131072
2026-02-20 16:47:14.868973 (2490885) main____ INFO      file size     : unlimited
2026-02-20 16:47:14.868976 (2490885) main____ INFO    ----------------------------------------
2026-02-20 16:47:14.868980 (2490885) main____ INFO    Memory statistics:
2026-02-20 16:47:14.868984 (2490885) main____ INFO      total physical memory  : 394157548 kB
2026-02-20 16:47:14.868988 (2490885) main____ INFO      free physical memory   : 209288492 kB
2026-02-20 16:47:14.868992 (2490885) main____ INFO      committed address space: 149759556 kB
2026-02-20 16:47:14.868995 (2490885) main____ INFO    ----------------------------------------
2026-02-20 16:47:14.869930 (2490885) main____ INFO    Important environment variables:
2026-02-20 16:47:14.869951 (2490885) main____ INFO      JASPER_HOME       : '/usr/licensed/cadence-20210126/jasper_2021.03'
2026-02-20 16:47:14.869957 (2490885) main____ INFO      JASPER_INSTALL_DIR: '/scratch/gpfs/LICENSED/x86_64/cadence-20210126/jasper_2021.03'
2026-02-20 16:47:14.869963 (2490885) main____ INFO      LANG              : 'en_US.UTF-8'
2026-02-20 16:47:14.869968 (2490885) main____ INFO      LM_LICENSE_FILE   : '5280@license.rc.princeton.edu'
2026-02-20 16:47:14.869973 (2490885) main____ INFO      TMPDIR            : '/tmp'
2026-02-20 16:47:14.869977 (2490885) main____ INFO    ----------------------------------------
2026-02-20 16:47:14.870917 (2490885) lic_core INFO    Initializing license system ...
2026-02-20 16:47:14.871827 (2490885) lic_core INFO    ... license system initialized.
2026-02-20 16:47:14.872657 (2490885) lic__man INFO    Claim 'fpv' for <ui>.
2026-02-20 16:47:14.872704 (2490885) lic_core INFO    (1) checking out 'jasper_fpv' ...
2026-02-20 16:47:14.878171 (2490885) lic_core INFO    ... (1) checkout failed (error: -5) ("FLEXnet ERROR(-5, 0, 0): No such feature exists.")
2026-02-20 16:47:14.878241 (2490885) lic_core INFO    (2) checking out 'jasper_fao' ...
2026-02-20 16:47:14.889014 (2490885) lic_core INFO    ... (2) checkout succeeded
2026-02-20 16:47:14.904226 (2490885) session_ INFO    Starting analysis session with session id 'session_0' (launcher: <local>) ...
2026-02-20 16:47:14.907560 (2490885) session_ INFO    Analysis session with session id 'session_0' started (pid: 2490893)
2026-02-20 16:47:15.634881 (2490885) session_ INFO    Analysis session 'session_0' connected to the console (host: 127.0.0.1:36070)
2026-02-20 16:47:16.470736 (2490885) lic__man INFO    Unclaim everything for 'session_0'.
2026-02-20 16:47:16.524612 (2490885) lic__man INFO    Claim 'fpv' for 'session_0'.
2026-02-20 16:47:16.524672 (2490885) lic__man INFO    Claim 'fpv' for 'session_0/prove-0'.
2026-02-20 16:47:16.690270 (2490885) lic__man INFO    Unclaim everything for 'session_0/prove-0'.
2026-02-20 16:47:16.747480 (2490885) main____ INFO    About to exit: request to exit with status 0 received from analysis session 'session_0'
2026-02-20 16:47:16.846649 (2490885) session_ INFO    Analysis session 'session_0' disconnected.
2026-02-20 16:47:16.846780 (2490885) lic__man INFO    Unclaim everything for 'session_0'.
2026-02-20 16:47:16.847443 (2490885) session_ INFO    Process for analysis session 'session_0' has exited with exit status '0'.
2026-02-20 16:47:18.655211 (2490885) lic_core INFO    (2) checkin jasper_fao
2026-02-20 16:47:18.656645 (2490885) main____ INFO    Exiting with status 0.
