2026-02-23 13:01:18.324112 (3609697) main____ INFO    ----------------------------------------
2026-02-23 13:01:18.324196 (3609697) main____ INFO    JasperGold version info
2026-02-23 13:01:18.324214 (3609697) main____ INFO      tool      : JasperGold 2021.03
2026-02-23 13:01:18.324222 (3609697) main____ INFO      version   : 2021.03 FCS 64 bits
2026-02-23 13:01:18.324227 (3609697) main____ INFO      build date: 2021.03.23 02:50:43 UTC
2026-02-23 13:01:18.324231 (3609697) main____ INFO    ----------------------------------------
2026-02-23 13:01:18.324235 (3609697) main____ INFO    Runtime info:
2026-02-23 13:01:18.324240 (3609697) main____ INFO      platform  : Linux 5.14.0-570.84.1.el9_6.x86_64 x86_64
2026-02-23 13:01:18.324245 (3609697) main____ INFO      hostname  : della-r3c3n4
2026-02-23 13:01:18.324250 (3609697) main____ INFO      pid       : 3609697
2026-02-23 13:01:18.324255 (3609697) main____ INFO      arguments : '-style' 'windows' '-batch' '-proj' './verification_results/00337/jgproject' '-tcl' './jasper_verif_check.tcl'
2026-02-23 13:01:18.324262 (3609697) main____ INFO      locale    : UTF-8
2026-02-23 13:01:18.324268 (3609697) main____ INFO    ----------------------------------------
2026-02-23 13:01:18.324273 (3609697) main____ INFO    System resource limits info:
2026-02-23 13:01:18.324277 (3609697) main____ INFO      virtual memory: unlimited
2026-02-23 13:01:18.324282 (3609697) main____ INFO      cpu time      : unlimited
2026-02-23 13:01:18.324286 (3609697) main____ INFO      stack size    : unlimited
2026-02-23 13:01:18.324291 (3609697) main____ INFO      core file size: unlimited
2026-02-23 13:01:18.324297 (3609697) main____ INFO      open files    : 131072
2026-02-23 13:01:18.324302 (3609697) main____ INFO      file size     : unlimited
2026-02-23 13:01:18.324306 (3609697) main____ INFO    ----------------------------------------
2026-02-23 13:01:18.324310 (3609697) main____ INFO    Memory statistics:
2026-02-23 13:01:18.324314 (3609697) main____ INFO      total physical memory  : 195972172 kB
2026-02-23 13:01:18.324319 (3609697) main____ INFO      free physical memory   : 116517500 kB
2026-02-23 13:01:18.324323 (3609697) main____ INFO      committed address space: 36760296 kB
2026-02-23 13:01:18.324327 (3609697) main____ INFO    ----------------------------------------
2026-02-23 13:01:18.325269 (3609697) main____ INFO    Important environment variables:
2026-02-23 13:01:18.325284 (3609697) main____ INFO      JASPER_HOME       : '/usr/licensed/cadence-20210126/jasper_2021.03'
2026-02-23 13:01:18.325291 (3609697) main____ INFO      JASPER_INSTALL_DIR: '/scratch/gpfs/LICENSED/x86_64/cadence-20210126/jasper_2021.03'
2026-02-23 13:01:18.325296 (3609697) main____ INFO      LANG              : 'en_US.UTF-8'
2026-02-23 13:01:18.325301 (3609697) main____ INFO      LM_LICENSE_FILE   : '5280@license.rc.princeton.edu'
2026-02-23 13:01:18.325306 (3609697) main____ INFO      TMPDIR            : '/tmp/ab2113/jg_5017697_161'
2026-02-23 13:01:18.325311 (3609697) main____ INFO    ----------------------------------------
2026-02-23 13:01:18.326091 (3609697) lic_core INFO    Initializing license system ...
2026-02-23 13:01:18.326846 (3609697) lic_core INFO    ... license system initialized.
2026-02-23 13:01:18.327554 (3609697) lic__man INFO    Claim 'fpv' for <ui>.
2026-02-23 13:01:18.327592 (3609697) lic_core INFO    (1) checking out 'jasper_fpv' ...
2026-02-23 13:01:18.332826 (3609697) lic_core INFO    ... (1) checkout failed (error: -5) ("FLEXnet ERROR(-5, 0, 0): No such feature exists.")
2026-02-23 13:01:18.332853 (3609697) lic_core INFO    (2) checking out 'jasper_fao' ...
2026-02-23 13:01:18.342877 (3609697) lic_core INFO    ... (2) checkout succeeded
2026-02-23 13:01:18.357190 (3609697) session_ INFO    Starting analysis session with session id 'session_0' (launcher: <local>) ...
2026-02-23 13:01:18.359760 (3609697) session_ INFO    Analysis session with session id 'session_0' started (pid: 3609705)
2026-02-23 13:01:19.084075 (3609697) session_ INFO    Analysis session 'session_0' connected to the console (host: 127.0.0.1:33266)
2026-02-23 13:01:19.663180 (3609697) main____ INFO    About to exit: request to exit with status 1 received from analysis session 'session_0'
2026-02-23 13:01:19.733586 (3609697) session_ INFO    Analysis session 'session_0' disconnected.
2026-02-23 13:01:19.733707 (3609697) lic__man INFO    Unclaim everything for 'session_0'.
2026-02-23 13:01:19.735434 (3609697) session_ INFO    Process for analysis session 'session_0' has exited with exit status '1'.
2026-02-23 13:01:21.649274 (3609697) lic_core INFO    (2) checkin jasper_fao
2026-02-23 13:01:21.650818 (3609697) main____ INFO    Exiting with status 1.
