2026-02-23 13:59:58.599525 (2567438) main____ INFO    ----------------------------------------
2026-02-23 13:59:58.599664 (2567438) main____ INFO    JasperGold version info
2026-02-23 13:59:58.599685 (2567438) main____ INFO      tool      : JasperGold 2021.03
2026-02-23 13:59:58.599694 (2567438) main____ INFO      version   : 2021.03 FCS 64 bits
2026-02-23 13:59:58.599700 (2567438) main____ INFO      build date: 2021.03.23 02:50:43 UTC
2026-02-23 13:59:58.599704 (2567438) main____ INFO    ----------------------------------------
2026-02-23 13:59:58.599708 (2567438) main____ INFO    Runtime info:
2026-02-23 13:59:58.599712 (2567438) main____ INFO      platform  : Linux 5.14.0-570.84.1.el9_6.x86_64 x86_64
2026-02-23 13:59:58.599719 (2567438) main____ INFO      hostname  : della-i13n7
2026-02-23 13:59:58.599723 (2567438) main____ INFO      pid       : 2567438
2026-02-23 13:59:58.599727 (2567438) main____ INFO      arguments : '-style' 'windows' '-batch' '-proj' './verification_results/04512/jgproject' '-tcl' './jasper_verif_check.tcl'
2026-02-23 13:59:58.599737 (2567438) main____ INFO      locale    : UTF-8
2026-02-23 13:59:58.599741 (2567438) main____ INFO    ----------------------------------------
2026-02-23 13:59:58.599745 (2567438) main____ INFO    System resource limits info:
2026-02-23 13:59:58.599749 (2567438) main____ INFO      virtual memory: unlimited
2026-02-23 13:59:58.599753 (2567438) main____ INFO      cpu time      : unlimited
2026-02-23 13:59:58.599757 (2567438) main____ INFO      stack size    : unlimited
2026-02-23 13:59:58.599761 (2567438) main____ INFO      core file size: unlimited
2026-02-23 13:59:58.599770 (2567438) main____ INFO      open files    : 131072
2026-02-23 13:59:58.599774 (2567438) main____ INFO      file size     : unlimited
2026-02-23 13:59:58.599777 (2567438) main____ INFO    ----------------------------------------
2026-02-23 13:59:58.599781 (2567438) main____ INFO    Memory statistics:
2026-02-23 13:59:58.599786 (2567438) main____ INFO      total physical memory  : 394157548 kB
2026-02-23 13:59:58.599790 (2567438) main____ INFO      free physical memory   : 120397588 kB
2026-02-23 13:59:58.599793 (2567438) main____ INFO      committed address space: 104013240 kB
2026-02-23 13:59:58.599797 (2567438) main____ INFO    ----------------------------------------
2026-02-23 13:59:58.600837 (2567438) main____ INFO    Important environment variables:
2026-02-23 13:59:58.600863 (2567438) main____ INFO      JASPER_HOME       : '/usr/licensed/cadence-20210126/jasper_2021.03'
2026-02-23 13:59:58.600870 (2567438) main____ INFO      JASPER_INSTALL_DIR: '/scratch/gpfs/LICENSED/x86_64/cadence-20210126/jasper_2021.03'
2026-02-23 13:59:58.600875 (2567438) main____ INFO      LANG              : 'en_US.UTF-8'
2026-02-23 13:59:58.600880 (2567438) main____ INFO      LM_LICENSE_FILE   : '5280@license.rc.princeton.edu'
2026-02-23 13:59:58.600886 (2567438) main____ INFO      TMPDIR            : '/tmp/ab2113/jg_5019150_82'
2026-02-23 13:59:58.600890 (2567438) main____ INFO    ----------------------------------------
2026-02-23 13:59:58.601768 (2567438) lic_core INFO    Initializing license system ...
2026-02-23 13:59:58.602741 (2567438) lic_core INFO    ... license system initialized.
2026-02-23 13:59:58.603561 (2567438) lic__man INFO    Claim 'fpv' for <ui>.
2026-02-23 13:59:58.603604 (2567438) lic_core INFO    (1) checking out 'jasper_fpv' ...
2026-02-23 13:59:58.609349 (2567438) lic_core INFO    ... (1) checkout failed (error: -5) ("FLEXnet ERROR(-5, 0, 0): No such feature exists.")
2026-02-23 13:59:58.609410 (2567438) lic_core INFO    (2) checking out 'jasper_fao' ...
2026-02-23 13:59:58.620496 (2567438) lic_core INFO    ... (2) checkout succeeded
2026-02-23 13:59:58.636166 (2567438) session_ INFO    Starting analysis session with session id 'session_0' (launcher: <local>) ...
2026-02-23 13:59:58.640170 (2567438) session_ INFO    Analysis session with session id 'session_0' started (pid: 2567446)
2026-02-23 13:59:59.447179 (2567438) session_ INFO    Analysis session 'session_0' connected to the console (host: 127.0.0.1:46924)
2026-02-23 14:00:00.030161 (2567438) main____ INFO    About to exit: request to exit with status 1 received from analysis session 'session_0'
2026-02-23 14:00:00.115132 (2567438) session_ INFO    Analysis session 'session_0' disconnected.
2026-02-23 14:00:00.115270 (2567438) lic__man INFO    Unclaim everything for 'session_0'.
2026-02-23 14:00:00.116014 (2567438) session_ INFO    Process for analysis session 'session_0' has exited with exit status '1'.
2026-02-23 14:00:01.936237 (2567438) lic_core INFO    (2) checkin jasper_fao
2026-02-23 14:00:01.938150 (2567438) main____ INFO    Exiting with status 1.
