2026-02-23 13:56:48.749043 (1958355) main____ INFO    ----------------------------------------
2026-02-23 13:56:48.749114 (1958355) main____ INFO    JasperGold version info
2026-02-23 13:56:48.749136 (1958355) main____ INFO      tool      : JasperGold 2021.03
2026-02-23 13:56:48.749144 (1958355) main____ INFO      version   : 2021.03 FCS 64 bits
2026-02-23 13:56:48.749149 (1958355) main____ INFO      build date: 2021.03.23 02:50:43 UTC
2026-02-23 13:56:48.749154 (1958355) main____ INFO    ----------------------------------------
2026-02-23 13:56:48.749158 (1958355) main____ INFO    Runtime info:
2026-02-23 13:56:48.749162 (1958355) main____ INFO      platform  : Linux 5.14.0-570.84.1.el9_6.x86_64 x86_64
2026-02-23 13:56:48.749168 (1958355) main____ INFO      hostname  : della-r3c1n5
2026-02-23 13:56:48.749173 (1958355) main____ INFO      pid       : 1958355
2026-02-23 13:56:48.749178 (1958355) main____ INFO      arguments : '-style' 'windows' '-batch' '-proj' './verification_results/04365/jgproject' '-tcl' './jasper_verif_check.tcl'
2026-02-23 13:56:48.749186 (1958355) main____ INFO      locale    : UTF-8
2026-02-23 13:56:48.749190 (1958355) main____ INFO    ----------------------------------------
2026-02-23 13:56:48.749194 (1958355) main____ INFO    System resource limits info:
2026-02-23 13:56:48.749199 (1958355) main____ INFO      virtual memory: unlimited
2026-02-23 13:56:48.749203 (1958355) main____ INFO      cpu time      : unlimited
2026-02-23 13:56:48.749207 (1958355) main____ INFO      stack size    : unlimited
2026-02-23 13:56:48.749212 (1958355) main____ INFO      core file size: unlimited
2026-02-23 13:56:48.749219 (1958355) main____ INFO      open files    : 131072
2026-02-23 13:56:48.749223 (1958355) main____ INFO      file size     : unlimited
2026-02-23 13:56:48.749228 (1958355) main____ INFO    ----------------------------------------
2026-02-23 13:56:48.749232 (1958355) main____ INFO    Memory statistics:
2026-02-23 13:56:48.749236 (1958355) main____ INFO      total physical memory  : 195972056 kB
2026-02-23 13:56:48.749240 (1958355) main____ INFO      free physical memory   : 137225752 kB
2026-02-23 13:56:48.749245 (1958355) main____ INFO      committed address space: 57213596 kB
2026-02-23 13:56:48.749249 (1958355) main____ INFO    ----------------------------------------
2026-02-23 13:56:48.750223 (1958355) main____ INFO    Important environment variables:
2026-02-23 13:56:48.750238 (1958355) main____ INFO      JASPER_HOME       : '/usr/licensed/cadence-20210126/jasper_2021.03'
2026-02-23 13:56:48.750244 (1958355) main____ INFO      JASPER_INSTALL_DIR: '/scratch/gpfs/LICENSED/x86_64/cadence-20210126/jasper_2021.03'
2026-02-23 13:56:48.750249 (1958355) main____ INFO      LANG              : 'en_US.UTF-8'
2026-02-23 13:56:48.750255 (1958355) main____ INFO      LM_LICENSE_FILE   : '5280@license.rc.princeton.edu'
2026-02-23 13:56:48.750260 (1958355) main____ INFO      TMPDIR            : '/tmp/ab2113/jg_5019148_80'
2026-02-23 13:56:48.750264 (1958355) main____ INFO    ----------------------------------------
2026-02-23 13:56:48.750713 (1958355) lic_core INFO    Initializing license system ...
2026-02-23 13:56:48.751518 (1958355) lic_core INFO    ... license system initialized.
2026-02-23 13:56:48.752255 (1958355) lic__man INFO    Claim 'fpv' for <ui>.
2026-02-23 13:56:48.752292 (1958355) lic_core INFO    (1) checking out 'jasper_fpv' ...
2026-02-23 13:56:48.758025 (1958355) lic_core INFO    ... (1) checkout failed (error: -5) ("FLEXnet ERROR(-5, 0, 0): No such feature exists.")
2026-02-23 13:56:48.758056 (1958355) lic_core INFO    (2) checking out 'jasper_fao' ...
2026-02-23 13:56:48.768405 (1958355) lic_core INFO    ... (2) checkout succeeded
2026-02-23 13:56:48.782746 (1958355) session_ INFO    Starting analysis session with session id 'session_0' (launcher: <local>) ...
2026-02-23 13:56:48.785871 (1958355) session_ INFO    Analysis session with session id 'session_0' started (pid: 1958363)
2026-02-23 13:56:49.490138 (1958355) session_ INFO    Analysis session 'session_0' connected to the console (host: 127.0.0.1:46708)
2026-02-23 13:56:50.074219 (1958355) main____ INFO    About to exit: request to exit with status 1 received from analysis session 'session_0'
2026-02-23 13:56:50.148232 (1958355) session_ INFO    Analysis session 'session_0' disconnected.
2026-02-23 13:56:50.148370 (1958355) lic__man INFO    Unclaim everything for 'session_0'.
2026-02-23 13:56:50.148699 (1958355) session_ INFO    Process for analysis session 'session_0' has exited with exit status '1'.
2026-02-23 13:56:52.095336 (1958355) lic_core INFO    (2) checkin jasper_fao
2026-02-23 13:56:52.096898 (1958355) main____ INFO    Exiting with status 1.
