2026-02-23 13:50:32.663118 (145245) main____ INFO    ----------------------------------------
2026-02-23 13:50:32.663198 (145245) main____ INFO    JasperGold version info
2026-02-23 13:50:32.663217 (145245) main____ INFO      tool      : JasperGold 2021.03
2026-02-23 13:50:32.663226 (145245) main____ INFO      version   : 2021.03 FCS 64 bits
2026-02-23 13:50:32.663233 (145245) main____ INFO      build date: 2021.03.23 02:50:43 UTC
2026-02-23 13:50:32.663239 (145245) main____ INFO    ----------------------------------------
2026-02-23 13:50:32.663244 (145245) main____ INFO    Runtime info:
2026-02-23 13:50:32.663251 (145245) main____ INFO      platform  : Linux 5.14.0-570.84.1.el9_6.x86_64 x86_64
2026-02-23 13:50:32.663257 (145245) main____ INFO      hostname  : della-h14n2
2026-02-23 13:50:32.663262 (145245) main____ INFO      pid       : 145245
2026-02-23 13:50:32.663267 (145245) main____ INFO      arguments : '-style' 'windows' '-batch' '-proj' './verification_results/03233/jgproject' '-tcl' './jasper_verif_check.tcl'
2026-02-23 13:50:32.663277 (145245) main____ INFO      locale    : UTF-8
2026-02-23 13:50:32.663283 (145245) main____ INFO    ----------------------------------------
2026-02-23 13:50:32.663287 (145245) main____ INFO    System resource limits info:
2026-02-23 13:50:32.663293 (145245) main____ INFO      virtual memory: unlimited
2026-02-23 13:50:32.663299 (145245) main____ INFO      cpu time      : unlimited
2026-02-23 13:50:32.663305 (145245) main____ INFO      stack size    : unlimited
2026-02-23 13:50:32.663310 (145245) main____ INFO      core file size: unlimited
2026-02-23 13:50:32.663317 (145245) main____ INFO      open files    : 131072
2026-02-23 13:50:32.663323 (145245) main____ INFO      file size     : unlimited
2026-02-23 13:50:32.663329 (145245) main____ INFO    ----------------------------------------
2026-02-23 13:50:32.663334 (145245) main____ INFO    Memory statistics:
2026-02-23 13:50:32.663340 (145245) main____ INFO      total physical memory  : 1584164328 kB
2026-02-23 13:50:32.663345 (145245) main____ INFO      free physical memory   : 737525668 kB
2026-02-23 13:50:32.663351 (145245) main____ INFO      committed address space: 688713536 kB
2026-02-23 13:50:32.663355 (145245) main____ INFO    ----------------------------------------
2026-02-23 13:50:32.663888 (145245) main____ INFO    Important environment variables:
2026-02-23 13:50:32.663903 (145245) main____ INFO      JASPER_HOME       : '/usr/licensed/cadence-20210126/jasper_2021.03'
2026-02-23 13:50:32.663909 (145245) main____ INFO      JASPER_INSTALL_DIR: '/scratch/gpfs/LICENSED/x86_64/cadence-20210126/jasper_2021.03'
2026-02-23 13:50:32.663915 (145245) main____ INFO      LANG              : 'en_US.UTF-8'
2026-02-23 13:50:32.663921 (145245) main____ INFO      LM_LICENSE_FILE   : '5280@license.rc.princeton.edu'
2026-02-23 13:50:32.663927 (145245) main____ INFO      TMPDIR            : '/tmp/ab2113/jg_5018997_57'
2026-02-23 13:50:32.663933 (145245) main____ INFO    ----------------------------------------
2026-02-23 13:50:32.664452 (145245) lic_core INFO    Initializing license system ...
2026-02-23 13:50:32.665015 (145245) lic_core INFO    ... license system initialized.
2026-02-23 13:50:32.665827 (145245) lic__man INFO    Claim 'fpv' for <ui>.
2026-02-23 13:50:32.665862 (145245) lic_core INFO    (1) checking out 'jasper_fpv' ...
2026-02-23 13:50:32.671243 (145245) lic_core INFO    ... (1) checkout failed (error: -5) ("FLEXnet ERROR(-5, 0, 0): No such feature exists.")
2026-02-23 13:50:32.671274 (145245) lic_core INFO    (2) checking out 'jasper_fao' ...
2026-02-23 13:50:32.680885 (145245) lic_core INFO    ... (2) checkout succeeded
2026-02-23 13:50:32.692317 (145245) session_ INFO    Starting analysis session with session id 'session_0' (launcher: <local>) ...
2026-02-23 13:50:32.695413 (145245) session_ INFO    Analysis session with session id 'session_0' started (pid: 145257)
2026-02-23 13:50:33.355826 (145245) session_ INFO    Analysis session 'session_0' connected to the console (host: 127.0.0.1:44182)
2026-02-23 13:50:34.155073 (145245) lic__man INFO    Unclaim everything for 'session_0'.
2026-02-23 13:50:34.219438 (145245) lic__man INFO    Claim 'fpv' for 'session_0'.
2026-02-23 13:50:34.219482 (145245) lic__man INFO    Claim 'fpv' for 'session_0/prove-0'.
2026-02-23 13:50:34.382361 (145245) lic__man INFO    Unclaim everything for 'session_0/prove-0'.
2026-02-23 13:50:34.440904 (145245) main____ INFO    About to exit: request to exit with status 0 received from analysis session 'session_0'
2026-02-23 13:50:34.510715 (145245) session_ INFO    Analysis session 'session_0' disconnected.
2026-02-23 13:50:34.510862 (145245) lic__man INFO    Unclaim everything for 'session_0'.
2026-02-23 13:50:34.511498 (145245) session_ INFO    Process for analysis session 'session_0' has exited with exit status '0'.
2026-02-23 13:50:36.476624 (145245) lic_core INFO    (2) checkin jasper_fao
2026-02-23 13:50:36.478224 (145245) main____ INFO    Exiting with status 0.
