2026-02-23 13:47:46.423111 (1148779) main____ INFO    ----------------------------------------
2026-02-23 13:47:46.423221 (1148779) main____ INFO    JasperGold version info
2026-02-23 13:47:46.423240 (1148779) main____ INFO      tool      : JasperGold 2021.03
2026-02-23 13:47:46.423249 (1148779) main____ INFO      version   : 2021.03 FCS 64 bits
2026-02-23 13:47:46.423254 (1148779) main____ INFO      build date: 2021.03.23 02:50:43 UTC
2026-02-23 13:47:46.423258 (1148779) main____ INFO    ----------------------------------------
2026-02-23 13:47:46.423261 (1148779) main____ INFO    Runtime info:
2026-02-23 13:47:46.423266 (1148779) main____ INFO      platform  : Linux 5.14.0-570.84.1.el9_6.x86_64 x86_64
2026-02-23 13:47:46.423272 (1148779) main____ INFO      hostname  : della-i13n20
2026-02-23 13:47:46.423276 (1148779) main____ INFO      pid       : 1148779
2026-02-23 13:47:46.423281 (1148779) main____ INFO      arguments : '-style' 'windows' '-batch' '-proj' './verification_results/02778/jgproject' '-tcl' './jasper_verif_check.tcl'
2026-02-23 13:47:46.423289 (1148779) main____ INFO      locale    : UTF-8
2026-02-23 13:47:46.423293 (1148779) main____ INFO    ----------------------------------------
2026-02-23 13:47:46.423297 (1148779) main____ INFO    System resource limits info:
2026-02-23 13:47:46.423301 (1148779) main____ INFO      virtual memory: unlimited
2026-02-23 13:47:46.423305 (1148779) main____ INFO      cpu time      : unlimited
2026-02-23 13:47:46.423309 (1148779) main____ INFO      stack size    : unlimited
2026-02-23 13:47:46.423313 (1148779) main____ INFO      core file size: unlimited
2026-02-23 13:47:46.423320 (1148779) main____ INFO      open files    : 131072
2026-02-23 13:47:46.423325 (1148779) main____ INFO      file size     : unlimited
2026-02-23 13:47:46.423329 (1148779) main____ INFO    ----------------------------------------
2026-02-23 13:47:46.423332 (1148779) main____ INFO    Memory statistics:
2026-02-23 13:47:46.423336 (1148779) main____ INFO      total physical memory  : 394157552 kB
2026-02-23 13:47:46.423340 (1148779) main____ INFO      free physical memory   : 196066596 kB
2026-02-23 13:47:46.423344 (1148779) main____ INFO      committed address space: 147230120 kB
2026-02-23 13:47:46.423348 (1148779) main____ INFO    ----------------------------------------
2026-02-23 13:47:46.424262 (1148779) main____ INFO    Important environment variables:
2026-02-23 13:47:46.424283 (1148779) main____ INFO      JASPER_HOME       : '/usr/licensed/cadence-20210126/jasper_2021.03'
2026-02-23 13:47:46.424289 (1148779) main____ INFO      JASPER_INSTALL_DIR: '/scratch/gpfs/LICENSED/x86_64/cadence-20210126/jasper_2021.03'
2026-02-23 13:47:46.424294 (1148779) main____ INFO      LANG              : 'en_US.UTF-8'
2026-02-23 13:47:46.424299 (1148779) main____ INFO      LM_LICENSE_FILE   : '5280@license.rc.princeton.edu'
2026-02-23 13:47:46.424303 (1148779) main____ INFO      TMPDIR            : '/tmp/ab2113/jg_5018948_48'
2026-02-23 13:47:46.424307 (1148779) main____ INFO    ----------------------------------------
2026-02-23 13:47:46.425190 (1148779) lic_core INFO    Initializing license system ...
2026-02-23 13:47:46.425685 (1148779) lic_core INFO    ... license system initialized.
2026-02-23 13:47:46.426465 (1148779) lic__man INFO    Claim 'fpv' for <ui>.
2026-02-23 13:47:46.426509 (1148779) lic_core INFO    (1) checking out 'jasper_fpv' ...
2026-02-23 13:47:46.432124 (1148779) lic_core INFO    ... (1) checkout failed (error: -5) ("FLEXnet ERROR(-5, 0, 0): No such feature exists.")
2026-02-23 13:47:46.432188 (1148779) lic_core INFO    (2) checking out 'jasper_fao' ...
2026-02-23 13:47:46.442139 (1148779) lic_core INFO    ... (2) checkout succeeded
2026-02-23 13:47:46.456054 (1148779) session_ INFO    Starting analysis session with session id 'session_0' (launcher: <local>) ...
2026-02-23 13:47:46.458897 (1148779) session_ INFO    Analysis session with session id 'session_0' started (pid: 1148787)
2026-02-23 13:47:47.180724 (1148779) session_ INFO    Analysis session 'session_0' connected to the console (host: 127.0.0.1:45994)
2026-02-23 13:47:48.112241 (1148779) main____ INFO    About to exit: request to exit with status 1 received from analysis session 'session_0'
2026-02-23 13:47:48.192886 (1148779) session_ INFO    Analysis session 'session_0' disconnected.
2026-02-23 13:47:48.193013 (1148779) lic__man INFO    Unclaim everything for 'session_0'.
2026-02-23 13:47:48.193545 (1148779) session_ INFO    Process for analysis session 'session_0' has exited with exit status '1'.
2026-02-23 13:47:50.048659 (1148779) lic_core INFO    (2) checkin jasper_fao
2026-02-23 13:47:50.050282 (1148779) main____ INFO    Exiting with status 1.
