2026-02-23 13:48:23.326193 (2381868) main____ INFO    ----------------------------------------
2026-02-23 13:48:23.326263 (2381868) main____ INFO    JasperGold version info
2026-02-23 13:48:23.326276 (2381868) main____ INFO      tool      : JasperGold 2021.03
2026-02-23 13:48:23.326285 (2381868) main____ INFO      version   : 2021.03 FCS 64 bits
2026-02-23 13:48:23.326290 (2381868) main____ INFO      build date: 2021.03.23 02:50:43 UTC
2026-02-23 13:48:23.326295 (2381868) main____ INFO    ----------------------------------------
2026-02-23 13:48:23.326300 (2381868) main____ INFO    Runtime info:
2026-02-23 13:48:23.326305 (2381868) main____ INFO      platform  : Linux 5.14.0-570.84.1.el9_6.x86_64 x86_64
2026-02-23 13:48:23.326311 (2381868) main____ INFO      hostname  : della-h14n8
2026-02-23 13:48:23.326316 (2381868) main____ INFO      pid       : 2381868
2026-02-23 13:48:23.326321 (2381868) main____ INFO      arguments : '-style' 'windows' '-batch' '-proj' './verification_results/02971/jgproject' '-tcl' './jasper_verif_check.tcl'
2026-02-23 13:48:23.326329 (2381868) main____ INFO      locale    : UTF-8
2026-02-23 13:48:23.326334 (2381868) main____ INFO    ----------------------------------------
2026-02-23 13:48:23.326339 (2381868) main____ INFO    System resource limits info:
2026-02-23 13:48:23.326344 (2381868) main____ INFO      virtual memory: unlimited
2026-02-23 13:48:23.326349 (2381868) main____ INFO      cpu time      : unlimited
2026-02-23 13:48:23.326354 (2381868) main____ INFO      stack size    : unlimited
2026-02-23 13:48:23.326359 (2381868) main____ INFO      core file size: unlimited
2026-02-23 13:48:23.326366 (2381868) main____ INFO      open files    : 131072
2026-02-23 13:48:23.326371 (2381868) main____ INFO      file size     : unlimited
2026-02-23 13:48:23.326376 (2381868) main____ INFO    ----------------------------------------
2026-02-23 13:48:23.326381 (2381868) main____ INFO    Memory statistics:
2026-02-23 13:48:23.326386 (2381868) main____ INFO      total physical memory  : 1584164340 kB
2026-02-23 13:48:23.326391 (2381868) main____ INFO      free physical memory   : 762456904 kB
2026-02-23 13:48:23.326396 (2381868) main____ INFO      committed address space: 528427960 kB
2026-02-23 13:48:23.326400 (2381868) main____ INFO    ----------------------------------------
2026-02-23 13:48:23.326941 (2381868) main____ INFO    Important environment variables:
2026-02-23 13:48:23.326955 (2381868) main____ INFO      JASPER_HOME       : '/usr/licensed/cadence-20210126/jasper_2021.03'
2026-02-23 13:48:23.326961 (2381868) main____ INFO      JASPER_INSTALL_DIR: '/scratch/gpfs/LICENSED/x86_64/cadence-20210126/jasper_2021.03'
2026-02-23 13:48:23.326967 (2381868) main____ INFO      LANG              : 'en_US.UTF-8'
2026-02-23 13:48:23.326972 (2381868) main____ INFO      LM_LICENSE_FILE   : '5280@license.rc.princeton.edu'
2026-02-23 13:48:23.326978 (2381868) main____ INFO      TMPDIR            : '/tmp/ab2113/jg_5018966_52'
2026-02-23 13:48:23.326983 (2381868) main____ INFO    ----------------------------------------
2026-02-23 13:48:23.327553 (2381868) lic_core INFO    Initializing license system ...
2026-02-23 13:48:23.328164 (2381868) lic_core INFO    ... license system initialized.
2026-02-23 13:48:23.329124 (2381868) lic__man INFO    Claim 'fpv' for <ui>.
2026-02-23 13:48:23.329165 (2381868) lic_core INFO    (1) checking out 'jasper_fpv' ...
2026-02-23 13:48:23.335033 (2381868) lic_core INFO    ... (1) checkout failed (error: -5) ("FLEXnet ERROR(-5, 0, 0): No such feature exists.")
2026-02-23 13:48:23.335062 (2381868) lic_core INFO    (2) checking out 'jasper_fao' ...
2026-02-23 13:48:23.344541 (2381868) lic_core INFO    ... (2) checkout succeeded
2026-02-23 13:48:23.356138 (2381868) session_ INFO    Starting analysis session with session id 'session_0' (launcher: <local>) ...
2026-02-23 13:48:23.359498 (2381868) session_ INFO    Analysis session with session id 'session_0' started (pid: 2381876)
2026-02-23 13:48:24.000241 (2381868) session_ INFO    Analysis session 'session_0' connected to the console (host: 127.0.0.1:36848)
2026-02-23 13:48:24.525842 (2381868) main____ INFO    About to exit: request to exit with status 1 received from analysis session 'session_0'
2026-02-23 13:48:24.578802 (2381868) session_ INFO    Analysis session 'session_0' disconnected.
2026-02-23 13:48:24.578955 (2381868) lic__man INFO    Unclaim everything for 'session_0'.
2026-02-23 13:48:24.579908 (2381868) session_ INFO    Process for analysis session 'session_0' has exited with exit status '1'.
2026-02-23 13:48:26.577475 (2381868) lic_core INFO    (2) checkin jasper_fao
2026-02-23 13:48:26.578918 (2381868) main____ INFO    Exiting with status 1.
