2026-02-23 13:54:52.279590 (3919925) main____ INFO    ----------------------------------------
2026-02-23 13:54:52.279692 (3919925) main____ INFO    JasperGold version info
2026-02-23 13:54:52.279712 (3919925) main____ INFO      tool      : JasperGold 2021.03
2026-02-23 13:54:52.279721 (3919925) main____ INFO      version   : 2021.03 FCS 64 bits
2026-02-23 13:54:52.279726 (3919925) main____ INFO      build date: 2021.03.23 02:50:43 UTC
2026-02-23 13:54:52.279731 (3919925) main____ INFO    ----------------------------------------
2026-02-23 13:54:52.279735 (3919925) main____ INFO    Runtime info:
2026-02-23 13:54:52.279740 (3919925) main____ INFO      platform  : Linux 5.14.0-570.84.1.el9_6.x86_64 x86_64
2026-02-23 13:54:52.279746 (3919925) main____ INFO      hostname  : della-r3c3n11
2026-02-23 13:54:52.279751 (3919925) main____ INFO      pid       : 3919925
2026-02-23 13:54:52.279756 (3919925) main____ INFO      arguments : '-style' 'windows' '-batch' '-proj' './verification_results/03797/jgproject' '-tcl' './jasper_verif_check.tcl'
2026-02-23 13:54:52.279764 (3919925) main____ INFO      locale    : UTF-8
2026-02-23 13:54:52.279768 (3919925) main____ INFO    ----------------------------------------
2026-02-23 13:54:52.279772 (3919925) main____ INFO    System resource limits info:
2026-02-23 13:54:52.279777 (3919925) main____ INFO      virtual memory: unlimited
2026-02-23 13:54:52.279781 (3919925) main____ INFO      cpu time      : unlimited
2026-02-23 13:54:52.279786 (3919925) main____ INFO      stack size    : unlimited
2026-02-23 13:54:52.279790 (3919925) main____ INFO      core file size: unlimited
2026-02-23 13:54:52.279797 (3919925) main____ INFO      open files    : 131072
2026-02-23 13:54:52.279802 (3919925) main____ INFO      file size     : unlimited
2026-02-23 13:54:52.279806 (3919925) main____ INFO    ----------------------------------------
2026-02-23 13:54:52.279810 (3919925) main____ INFO    Memory statistics:
2026-02-23 13:54:52.279815 (3919925) main____ INFO      total physical memory  : 195972156 kB
2026-02-23 13:54:52.279819 (3919925) main____ INFO      free physical memory   : 89481592 kB
2026-02-23 13:54:52.279823 (3919925) main____ INFO      committed address space: 61196308 kB
2026-02-23 13:54:52.279826 (3919925) main____ INFO    ----------------------------------------
2026-02-23 13:54:52.280801 (3919925) main____ INFO    Important environment variables:
2026-02-23 13:54:52.280825 (3919925) main____ INFO      JASPER_HOME       : '/usr/licensed/cadence-20210126/jasper_2021.03'
2026-02-23 13:54:52.280832 (3919925) main____ INFO      JASPER_INSTALL_DIR: '/scratch/gpfs/LICENSED/x86_64/cadence-20210126/jasper_2021.03'
2026-02-23 13:54:52.280837 (3919925) main____ INFO      LANG              : 'en_US.UTF-8'
2026-02-23 13:54:52.280842 (3919925) main____ INFO      LM_LICENSE_FILE   : '5280@license.rc.princeton.edu'
2026-02-23 13:54:52.280847 (3919925) main____ INFO      TMPDIR            : '/tmp/ab2113/jg_5019070_68'
2026-02-23 13:54:52.280852 (3919925) main____ INFO    ----------------------------------------
2026-02-23 13:54:52.281716 (3919925) lic_core INFO    Initializing license system ...
2026-02-23 13:54:52.282562 (3919925) lic_core INFO    ... license system initialized.
2026-02-23 13:54:52.283386 (3919925) lic__man INFO    Claim 'fpv' for <ui>.
2026-02-23 13:54:52.283429 (3919925) lic_core INFO    (1) checking out 'jasper_fpv' ...
2026-02-23 13:54:52.288390 (3919925) lic_core INFO    ... (1) checkout failed (error: -5) ("FLEXnet ERROR(-5, 0, 0): No such feature exists.")
2026-02-23 13:54:52.288449 (3919925) lic_core INFO    (2) checking out 'jasper_fao' ...
2026-02-23 13:54:52.298947 (3919925) lic_core INFO    ... (2) checkout succeeded
2026-02-23 13:54:52.313806 (3919925) session_ INFO    Starting analysis session with session id 'session_0' (launcher: <local>) ...
2026-02-23 13:54:52.316710 (3919925) session_ INFO    Analysis session with session id 'session_0' started (pid: 3919933)
2026-02-23 13:54:53.013604 (3919925) session_ INFO    Analysis session 'session_0' connected to the console (host: 127.0.0.1:53598)
2026-02-23 13:54:53.627279 (3919925) main____ INFO    About to exit: request to exit with status 1 received from analysis session 'session_0'
2026-02-23 13:54:53.696820 (3919925) session_ INFO    Analysis session 'session_0' disconnected.
2026-02-23 13:54:53.696942 (3919925) lic__man INFO    Unclaim everything for 'session_0'.
2026-02-23 13:54:53.697554 (3919925) session_ INFO    Process for analysis session 'session_0' has exited with exit status '1'.
2026-02-23 13:54:55.535626 (3919925) lic_core INFO    (2) checkin jasper_fao
2026-02-23 13:54:55.537229 (3919925) main____ INFO    Exiting with status 1.
