2026-02-23 12:04:08.260683 (4130383) main____ INFO    ----------------------------------------
2026-02-23 12:04:08.260753 (4130383) main____ INFO    JasperGold version info
2026-02-23 12:04:08.260766 (4130383) main____ INFO      tool      : JasperGold 2021.03
2026-02-23 12:04:08.260773 (4130383) main____ INFO      version   : 2021.03 FCS 64 bits
2026-02-23 12:04:08.260779 (4130383) main____ INFO      build date: 2021.03.23 02:50:43 UTC
2026-02-23 12:04:08.260784 (4130383) main____ INFO    ----------------------------------------
2026-02-23 12:04:08.260790 (4130383) main____ INFO    Runtime info:
2026-02-23 12:04:08.260795 (4130383) main____ INFO      platform  : Linux 5.14.0-570.84.1.el9_6.x86_64 x86_64
2026-02-23 12:04:08.260801 (4130383) main____ INFO      hostname  : della-h14n1
2026-02-23 12:04:08.260806 (4130383) main____ INFO      pid       : 4130383
2026-02-23 12:04:08.260811 (4130383) main____ INFO      arguments : '-style' 'windows' '-batch' '-proj' './verification_results/00076/jgproject' '-tcl' './jasper_verif_check.tcl'
2026-02-23 12:04:08.260819 (4130383) main____ INFO      locale    : UTF-8
2026-02-23 12:04:08.260824 (4130383) main____ INFO    ----------------------------------------
2026-02-23 12:04:08.260829 (4130383) main____ INFO    System resource limits info:
2026-02-23 12:04:08.260835 (4130383) main____ INFO      virtual memory: unlimited
2026-02-23 12:04:08.260840 (4130383) main____ INFO      cpu time      : unlimited
2026-02-23 12:04:08.260846 (4130383) main____ INFO      stack size    : unlimited
2026-02-23 12:04:08.260851 (4130383) main____ INFO      core file size: unlimited
2026-02-23 12:04:08.260858 (4130383) main____ INFO      open files    : 131072
2026-02-23 12:04:08.260864 (4130383) main____ INFO      file size     : unlimited
2026-02-23 12:04:08.260869 (4130383) main____ INFO    ----------------------------------------
2026-02-23 12:04:08.260874 (4130383) main____ INFO    Memory statistics:
2026-02-23 12:04:08.260878 (4130383) main____ INFO      total physical memory  : 1584164324 kB
2026-02-23 12:04:08.260883 (4130383) main____ INFO      free physical memory   : 653101024 kB
2026-02-23 12:04:08.260888 (4130383) main____ INFO      committed address space: 630795288 kB
2026-02-23 12:04:08.260894 (4130383) main____ INFO    ----------------------------------------
2026-02-23 12:04:08.261411 (4130383) main____ INFO    Important environment variables:
2026-02-23 12:04:08.261426 (4130383) main____ INFO      JASPER_HOME       : '/usr/licensed/cadence-20210126/jasper_2021.03'
2026-02-23 12:04:08.261433 (4130383) main____ INFO      JASPER_INSTALL_DIR: '/scratch/gpfs/LICENSED/x86_64/cadence-20210126/jasper_2021.03'
2026-02-23 12:04:08.261439 (4130383) main____ INFO      LANG              : 'en_US.UTF-8'
2026-02-23 12:04:08.261445 (4130383) main____ INFO      LM_LICENSE_FILE   : '5280@license.rc.princeton.edu'
2026-02-23 12:04:08.261450 (4130383) main____ INFO      TMPDIR            : '/tmp/ab2113/jg_5016053_77'
2026-02-23 12:04:08.261455 (4130383) main____ INFO    ----------------------------------------
2026-02-23 12:04:08.261831 (4130383) lic_core INFO    Initializing license system ...
2026-02-23 12:04:08.262292 (4130383) lic_core INFO    ... license system initialized.
2026-02-23 12:04:08.262985 (4130383) lic__man INFO    Claim 'fpv' for <ui>.
2026-02-23 12:04:08.263016 (4130383) lic_core INFO    (1) checking out 'jasper_fpv' ...
2026-02-23 12:04:08.269690 (4130383) lic_core INFO    ... (1) checkout failed (error: -5) ("FLEXnet ERROR(-5, 0, 0): No such feature exists.")
2026-02-23 12:04:08.269716 (4130383) lic_core INFO    (2) checking out 'jasper_fao' ...
2026-02-23 12:04:08.278536 (4130383) lic_core INFO    ... (2) checkout succeeded
2026-02-23 12:04:08.290281 (4130383) session_ INFO    Starting analysis session with session id 'session_0' (launcher: <local>) ...
2026-02-23 12:04:08.293087 (4130383) session_ INFO    Analysis session with session id 'session_0' started (pid: 4130399)
2026-02-23 12:04:08.866360 (4130383) session_ INFO    Analysis session 'session_0' connected to the console (host: 127.0.0.1:44586)
2026-02-23 12:04:09.362780 (4130383) main____ INFO    About to exit: request to exit with status 1 received from analysis session 'session_0'
2026-02-23 12:04:09.412948 (4130383) session_ INFO    Analysis session 'session_0' disconnected.
2026-02-23 12:04:09.413095 (4130383) lic__man INFO    Unclaim everything for 'session_0'.
2026-02-23 12:04:09.413923 (4130383) session_ INFO    Process for analysis session 'session_0' has exited with exit status '1'.
2026-02-23 12:04:11.467692 (4130383) lic_core INFO    (2) checkin jasper_fao
2026-02-23 12:04:11.468913 (4130383) main____ INFO    Exiting with status 1.
