2026-02-20 17:45:25.872637 (2550145) main____ INFO    ----------------------------------------
2026-02-20 17:45:25.872761 (2550145) main____ INFO    JasperGold version info
2026-02-20 17:45:25.872782 (2550145) main____ INFO      tool      : JasperGold 2021.03
2026-02-20 17:45:25.872790 (2550145) main____ INFO      version   : 2021.03 FCS 64 bits
2026-02-20 17:45:25.872796 (2550145) main____ INFO      build date: 2021.03.23 02:50:43 UTC
2026-02-20 17:45:25.872800 (2550145) main____ INFO    ----------------------------------------
2026-02-20 17:45:25.872804 (2550145) main____ INFO    Runtime info:
2026-02-20 17:45:25.872808 (2550145) main____ INFO      platform  : Linux 5.14.0-570.84.1.el9_6.x86_64 x86_64
2026-02-20 17:45:25.872814 (2550145) main____ INFO      hostname  : della-i13n22
2026-02-20 17:45:25.872819 (2550145) main____ INFO      pid       : 2550145
2026-02-20 17:45:25.872823 (2550145) main____ INFO      arguments : '-style' 'windows' '-batch' '-proj' 'verification_results/00418/jgproject' '-tcl' './jasper_verif_check.tcl'
2026-02-20 17:45:25.872832 (2550145) main____ INFO      locale    : UTF-8
2026-02-20 17:45:25.872835 (2550145) main____ INFO    ----------------------------------------
2026-02-20 17:45:25.872839 (2550145) main____ INFO    System resource limits info:
2026-02-20 17:45:25.872844 (2550145) main____ INFO      virtual memory: unlimited
2026-02-20 17:45:25.872848 (2550145) main____ INFO      cpu time      : unlimited
2026-02-20 17:45:25.872851 (2550145) main____ INFO      stack size    : unlimited
2026-02-20 17:45:25.872855 (2550145) main____ INFO      core file size: unlimited
2026-02-20 17:45:25.872863 (2550145) main____ INFO      open files    : 131072
2026-02-20 17:45:25.872868 (2550145) main____ INFO      file size     : unlimited
2026-02-20 17:45:25.872871 (2550145) main____ INFO    ----------------------------------------
2026-02-20 17:45:25.872875 (2550145) main____ INFO    Memory statistics:
2026-02-20 17:45:25.872879 (2550145) main____ INFO      total physical memory  : 394157548 kB
2026-02-20 17:45:25.872883 (2550145) main____ INFO      free physical memory   : 191447244 kB
2026-02-20 17:45:25.872887 (2550145) main____ INFO      committed address space: 167366600 kB
2026-02-20 17:45:25.872890 (2550145) main____ INFO    ----------------------------------------
2026-02-20 17:45:25.873793 (2550145) main____ INFO    Important environment variables:
2026-02-20 17:45:25.873811 (2550145) main____ INFO      JASPER_HOME       : '/usr/licensed/cadence-20210126/jasper_2021.03'
2026-02-20 17:45:25.873817 (2550145) main____ INFO      JASPER_INSTALL_DIR: '/scratch/gpfs/LICENSED/x86_64/cadence-20210126/jasper_2021.03'
2026-02-20 17:45:25.873822 (2550145) main____ INFO      LANG              : 'en_US.UTF-8'
2026-02-20 17:45:25.873827 (2550145) main____ INFO      LM_LICENSE_FILE   : '5280@license.rc.princeton.edu'
2026-02-20 17:45:25.873832 (2550145) main____ INFO      TMPDIR            : '/tmp'
2026-02-20 17:45:25.873836 (2550145) main____ INFO    ----------------------------------------
2026-02-20 17:45:25.874801 (2550145) lic_core INFO    Initializing license system ...
2026-02-20 17:45:25.875324 (2550145) lic_core INFO    ... license system initialized.
2026-02-20 17:45:25.876141 (2550145) lic__man INFO    Claim 'fpv' for <ui>.
2026-02-20 17:45:25.876188 (2550145) lic_core INFO    (1) checking out 'jasper_fpv' ...
2026-02-20 17:45:25.882759 (2550145) lic_core INFO    ... (1) checkout failed (error: -5) ("FLEXnet ERROR(-5, 0, 0): No such feature exists.")
2026-02-20 17:45:25.882828 (2550145) lic_core INFO    (2) checking out 'jasper_fao' ...
2026-02-20 17:45:25.893251 (2550145) lic_core INFO    ... (2) checkout succeeded
2026-02-20 17:45:25.908166 (2550145) session_ INFO    Starting analysis session with session id 'session_0' (launcher: <local>) ...
2026-02-20 17:45:25.911791 (2550145) session_ INFO    Analysis session with session id 'session_0' started (pid: 2550153)
2026-02-20 17:45:26.668090 (2550145) session_ INFO    Analysis session 'session_0' connected to the console (host: 127.0.0.1:53780)
2026-02-20 17:45:27.252531 (2550145) main____ INFO    About to exit: request to exit with status 1 received from analysis session 'session_0'
2026-02-20 17:45:27.353410 (2550145) session_ INFO    Analysis session 'session_0' disconnected.
2026-02-20 17:45:27.353547 (2550145) lic__man INFO    Unclaim everything for 'session_0'.
2026-02-20 17:45:27.354212 (2550145) session_ INFO    Process for analysis session 'session_0' has exited with exit status '1'.
2026-02-20 17:45:29.157966 (2550145) lic_core INFO    (2) checkin jasper_fao
2026-02-20 17:45:29.159249 (2550145) main____ INFO    Exiting with status 1.
