2026-02-23 13:59:30.340126 (3188299) main____ INFO    ----------------------------------------
2026-02-23 13:59:30.340195 (3188299) main____ INFO    JasperGold version info
2026-02-23 13:59:30.340212 (3188299) main____ INFO      tool      : JasperGold 2021.03
2026-02-23 13:59:30.340221 (3188299) main____ INFO      version   : 2021.03 FCS 64 bits
2026-02-23 13:59:30.340228 (3188299) main____ INFO      build date: 2021.03.23 02:50:43 UTC
2026-02-23 13:59:30.340233 (3188299) main____ INFO    ----------------------------------------
2026-02-23 13:59:30.340237 (3188299) main____ INFO    Runtime info:
2026-02-23 13:59:30.340242 (3188299) main____ INFO      platform  : Linux 5.14.0-570.84.1.el9_6.x86_64 x86_64
2026-02-23 13:59:30.340249 (3188299) main____ INFO      hostname  : della-r3c3n1
2026-02-23 13:59:30.340254 (3188299) main____ INFO      pid       : 3188299
2026-02-23 13:59:30.340259 (3188299) main____ INFO      arguments : '-style' 'windows' '-batch' '-proj' './verification_results/04638/jgproject' '-tcl' './jasper_verif_check.tcl'
2026-02-23 13:59:30.340269 (3188299) main____ INFO      locale    : UTF-8
2026-02-23 13:59:30.340273 (3188299) main____ INFO    ----------------------------------------
2026-02-23 13:59:30.340278 (3188299) main____ INFO    System resource limits info:
2026-02-23 13:59:30.340284 (3188299) main____ INFO      virtual memory: unlimited
2026-02-23 13:59:30.340289 (3188299) main____ INFO      cpu time      : unlimited
2026-02-23 13:59:30.340294 (3188299) main____ INFO      stack size    : unlimited
2026-02-23 13:59:30.340299 (3188299) main____ INFO      core file size: unlimited
2026-02-23 13:59:30.340307 (3188299) main____ INFO      open files    : 131072
2026-02-23 13:59:30.340312 (3188299) main____ INFO      file size     : unlimited
2026-02-23 13:59:30.340317 (3188299) main____ INFO    ----------------------------------------
2026-02-23 13:59:30.340323 (3188299) main____ INFO    Memory statistics:
2026-02-23 13:59:30.340328 (3188299) main____ INFO      total physical memory  : 195972176 kB
2026-02-23 13:59:30.340333 (3188299) main____ INFO      free physical memory   : 119061144 kB
2026-02-23 13:59:30.340337 (3188299) main____ INFO      committed address space: 22695480 kB
2026-02-23 13:59:30.340342 (3188299) main____ INFO    ----------------------------------------
2026-02-23 13:59:30.341292 (3188299) main____ INFO    Important environment variables:
2026-02-23 13:59:30.341307 (3188299) main____ INFO      JASPER_HOME       : '/usr/licensed/cadence-20210126/jasper_2021.03'
2026-02-23 13:59:30.341314 (3188299) main____ INFO      JASPER_INSTALL_DIR: '/scratch/gpfs/LICENSED/x86_64/cadence-20210126/jasper_2021.03'
2026-02-23 13:59:30.341320 (3188299) main____ INFO      LANG              : 'en_US.UTF-8'
2026-02-23 13:59:30.341326 (3188299) main____ INFO      LM_LICENSE_FILE   : '5280@license.rc.princeton.edu'
2026-02-23 13:59:30.341332 (3188299) main____ INFO      TMPDIR            : '/tmp/ab2113/jg_5019172_85'
2026-02-23 13:59:30.341337 (3188299) main____ INFO    ----------------------------------------
2026-02-23 13:59:30.342084 (3188299) lic_core INFO    Initializing license system ...
2026-02-23 13:59:30.342852 (3188299) lic_core INFO    ... license system initialized.
2026-02-23 13:59:30.343540 (3188299) lic__man INFO    Claim 'fpv' for <ui>.
2026-02-23 13:59:30.343575 (3188299) lic_core INFO    (1) checking out 'jasper_fpv' ...
2026-02-23 13:59:30.349055 (3188299) lic_core INFO    ... (1) checkout failed (error: -5) ("FLEXnet ERROR(-5, 0, 0): No such feature exists.")
2026-02-23 13:59:30.349082 (3188299) lic_core INFO    (2) checking out 'jasper_fao' ...
2026-02-23 13:59:30.359197 (3188299) lic_core INFO    ... (2) checkout succeeded
2026-02-23 13:59:30.372900 (3188299) session_ INFO    Starting analysis session with session id 'session_0' (launcher: <local>) ...
2026-02-23 13:59:30.375503 (3188299) session_ INFO    Analysis session with session id 'session_0' started (pid: 3188307)
2026-02-23 13:59:31.057869 (3188299) session_ INFO    Analysis session 'session_0' connected to the console (host: 127.0.0.1:60004)
2026-02-23 13:59:31.881876 (3188299) lic__man INFO    Unclaim everything for 'session_0'.
2026-02-23 13:59:31.919191 (3188299) lic__man INFO    Claim 'fpv' for 'session_0'.
2026-02-23 13:59:31.919228 (3188299) lic__man INFO    Claim 'fpv' for 'session_0/prove-0'.
2026-02-23 13:59:32.036236 (3188299) lic__man INFO    Unclaim everything for 'session_0/prove-0'.
2026-02-23 13:59:32.093446 (3188299) main____ INFO    About to exit: request to exit with status 0 received from analysis session 'session_0'
2026-02-23 13:59:32.169294 (3188299) session_ INFO    Analysis session 'session_0' disconnected.
2026-02-23 13:59:32.169464 (3188299) lic__man INFO    Unclaim everything for 'session_0'.
2026-02-23 13:59:32.170067 (3188299) session_ INFO    Process for analysis session 'session_0' has exited with exit status '0'.
2026-02-23 13:59:34.111521 (3188299) lic_core INFO    (2) checkin jasper_fao
2026-02-23 13:59:34.112751 (3188299) main____ INFO    Exiting with status 0.
