2026-02-23 15:00:57.227158 (2959255) main____ INFO    ----------------------------------------
2026-02-23 15:00:57.227255 (2959255) main____ INFO    JasperGold version info
2026-02-23 15:00:57.227275 (2959255) main____ INFO      tool      : JasperGold 2021.03
2026-02-23 15:00:57.227284 (2959255) main____ INFO      version   : 2021.03 FCS 64 bits
2026-02-23 15:00:57.227289 (2959255) main____ INFO      build date: 2021.03.23 02:50:43 UTC
2026-02-23 15:00:57.227293 (2959255) main____ INFO    ----------------------------------------
2026-02-23 15:00:57.227296 (2959255) main____ INFO    Runtime info:
2026-02-23 15:00:57.227300 (2959255) main____ INFO      platform  : Linux 5.14.0-570.84.1.el9_6.x86_64 x86_64
2026-02-23 15:00:57.227305 (2959255) main____ INFO      hostname  : della-h12n18
2026-02-23 15:00:57.227310 (2959255) main____ INFO      pid       : 2959255
2026-02-23 15:00:57.227314 (2959255) main____ INFO      arguments : '-style' 'windows' '-batch' '-proj' './verification_results/04743/jgproject' '-tcl' './jasper_verif_check.tcl'
2026-02-23 15:00:57.227322 (2959255) main____ INFO      locale    : UTF-8
2026-02-23 15:00:57.227325 (2959255) main____ INFO    ----------------------------------------
2026-02-23 15:00:57.227329 (2959255) main____ INFO    System resource limits info:
2026-02-23 15:00:57.227332 (2959255) main____ INFO      virtual memory: unlimited
2026-02-23 15:00:57.227336 (2959255) main____ INFO      cpu time      : unlimited
2026-02-23 15:00:57.227339 (2959255) main____ INFO      stack size    : unlimited
2026-02-23 15:00:57.227343 (2959255) main____ INFO      core file size: unlimited
2026-02-23 15:00:57.227349 (2959255) main____ INFO      open files    : 131072
2026-02-23 15:00:57.227352 (2959255) main____ INFO      file size     : unlimited
2026-02-23 15:00:57.227356 (2959255) main____ INFO    ----------------------------------------
2026-02-23 15:00:57.227359 (2959255) main____ INFO    Memory statistics:
2026-02-23 15:00:57.227363 (2959255) main____ INFO      total physical memory  : 1055795796 kB
2026-02-23 15:00:57.227366 (2959255) main____ INFO      free physical memory   : 275408000 kB
2026-02-23 15:00:57.227370 (2959255) main____ INFO      committed address space: 469248984 kB
2026-02-23 15:00:57.227373 (2959255) main____ INFO    ----------------------------------------
2026-02-23 15:00:57.228170 (2959255) main____ INFO    Important environment variables:
2026-02-23 15:00:57.228185 (2959255) main____ INFO      JASPER_HOME       : '/usr/licensed/cadence-20210126/jasper_2021.03'
2026-02-23 15:00:57.228190 (2959255) main____ INFO      JASPER_INSTALL_DIR: '/scratch/gpfs/LICENSED/x86_64/cadence-20210126/jasper_2021.03'
2026-02-23 15:00:57.228195 (2959255) main____ INFO      LANG              : 'en_US.UTF-8'
2026-02-23 15:00:57.228199 (2959255) main____ INFO      LM_LICENSE_FILE   : '5280@license.rc.princeton.edu'
2026-02-23 15:00:57.228203 (2959255) main____ INFO      TMPDIR            : '/tmp/ab2113/jg_5019198_87'
2026-02-23 15:00:57.228207 (2959255) main____ INFO    ----------------------------------------
2026-02-23 15:00:57.228958 (2959255) lic_core INFO    Initializing license system ...
2026-02-23 15:00:57.229442 (2959255) lic_core INFO    ... license system initialized.
2026-02-23 15:00:57.230374 (2959255) lic__man INFO    Claim 'fpv' for <ui>.
2026-02-23 15:00:57.230416 (2959255) lic_core INFO    (1) checking out 'jasper_fpv' ...
2026-02-23 15:00:57.236889 (2959255) lic_core INFO    ... (1) checkout failed (error: -5) ("FLEXnet ERROR(-5, 0, 0): No such feature exists.")
2026-02-23 15:00:57.236945 (2959255) lic_core INFO    (2) checking out 'jasper_fao' ...
2026-02-23 15:00:57.247973 (2959255) lic_core INFO    ... (2) checkout succeeded
2026-02-23 15:00:57.261538 (2959255) session_ INFO    Starting analysis session with session id 'session_0' (launcher: <local>) ...
2026-02-23 15:00:57.264157 (2959255) session_ INFO    Analysis session with session id 'session_0' started (pid: 2959263)
2026-02-23 15:00:57.888371 (2959255) session_ INFO    Analysis session 'session_0' connected to the console (host: 127.0.0.1:46610)
2026-02-23 15:00:58.469533 (2959255) main____ INFO    About to exit: request to exit with status 1 received from analysis session 'session_0'
2026-02-23 15:00:58.532991 (2959255) session_ INFO    Analysis session 'session_0' disconnected.
2026-02-23 15:00:58.533114 (2959255) lic__man INFO    Unclaim everything for 'session_0'.
2026-02-23 15:00:58.533962 (2959255) session_ INFO    Process for analysis session 'session_0' has exited with exit status '1'.
2026-02-23 15:01:00.507752 (2959255) lic_core INFO    (2) checkin jasper_fao
2026-02-23 15:01:00.509556 (2959255) main____ INFO    Exiting with status 1.
