2026-02-23 13:38:50.324098 (1370852) main____ INFO    ----------------------------------------
2026-02-23 13:38:50.324212 (1370852) main____ INFO    JasperGold version info
2026-02-23 13:38:50.324232 (1370852) main____ INFO      tool      : JasperGold 2021.03
2026-02-23 13:38:50.324241 (1370852) main____ INFO      version   : 2021.03 FCS 64 bits
2026-02-23 13:38:50.324247 (1370852) main____ INFO      build date: 2021.03.23 02:50:43 UTC
2026-02-23 13:38:50.324252 (1370852) main____ INFO    ----------------------------------------
2026-02-23 13:38:50.324256 (1370852) main____ INFO    Runtime info:
2026-02-23 13:38:50.324261 (1370852) main____ INFO      platform  : Linux 5.14.0-570.84.1.el9_6.x86_64 x86_64
2026-02-23 13:38:50.324267 (1370852) main____ INFO      hostname  : della-r3c3n3
2026-02-23 13:38:50.324272 (1370852) main____ INFO      pid       : 1370852
2026-02-23 13:38:50.324277 (1370852) main____ INFO      arguments : '-style' 'windows' '-batch' '-proj' './verification_results/00920/jgproject' '-tcl' './jasper_verif_check.tcl'
2026-02-23 13:38:50.324286 (1370852) main____ INFO      locale    : UTF-8
2026-02-23 13:38:50.324291 (1370852) main____ INFO    ----------------------------------------
2026-02-23 13:38:50.324295 (1370852) main____ INFO    System resource limits info:
2026-02-23 13:38:50.324299 (1370852) main____ INFO      virtual memory: unlimited
2026-02-23 13:38:50.324304 (1370852) main____ INFO      cpu time      : unlimited
2026-02-23 13:38:50.324308 (1370852) main____ INFO      stack size    : unlimited
2026-02-23 13:38:50.324313 (1370852) main____ INFO      core file size: unlimited
2026-02-23 13:38:50.324320 (1370852) main____ INFO      open files    : 131072
2026-02-23 13:38:50.324325 (1370852) main____ INFO      file size     : unlimited
2026-02-23 13:38:50.324329 (1370852) main____ INFO    ----------------------------------------
2026-02-23 13:38:50.324333 (1370852) main____ INFO    Memory statistics:
2026-02-23 13:38:50.324338 (1370852) main____ INFO      total physical memory  : 195972168 kB
2026-02-23 13:38:50.324342 (1370852) main____ INFO      free physical memory   : 92178668 kB
2026-02-23 13:38:50.324347 (1370852) main____ INFO      committed address space: 57206884 kB
2026-02-23 13:38:50.324351 (1370852) main____ INFO    ----------------------------------------
2026-02-23 13:38:50.325431 (1370852) main____ INFO    Important environment variables:
2026-02-23 13:38:50.325451 (1370852) main____ INFO      JASPER_HOME       : '/usr/licensed/cadence-20210126/jasper_2021.03'
2026-02-23 13:38:50.325458 (1370852) main____ INFO      JASPER_INSTALL_DIR: '/scratch/gpfs/LICENSED/x86_64/cadence-20210126/jasper_2021.03'
2026-02-23 13:38:50.325464 (1370852) main____ INFO      LANG              : 'en_US.UTF-8'
2026-02-23 13:38:50.325469 (1370852) main____ INFO      LM_LICENSE_FILE   : '5280@license.rc.princeton.edu'
2026-02-23 13:38:50.325475 (1370852) main____ INFO      TMPDIR            : '/tmp/ab2113/jg_5018805_11'
2026-02-23 13:38:50.325480 (1370852) main____ INFO    ----------------------------------------
2026-02-23 13:38:50.326443 (1370852) lic_core INFO    Initializing license system ...
2026-02-23 13:38:50.327364 (1370852) lic_core INFO    ... license system initialized.
2026-02-23 13:38:50.328458 (1370852) lic__man INFO    Claim 'fpv' for <ui>.
2026-02-23 13:38:50.328540 (1370852) lic_core INFO    (1) checking out 'jasper_fpv' ...
2026-02-23 13:38:50.334389 (1370852) lic_core INFO    ... (1) checkout failed (error: -5) ("FLEXnet ERROR(-5, 0, 0): No such feature exists.")
2026-02-23 13:38:50.334465 (1370852) lic_core INFO    (2) checking out 'jasper_fao' ...
2026-02-23 13:38:50.345354 (1370852) lic_core INFO    ... (2) checkout succeeded
2026-02-23 13:38:50.360942 (1370852) session_ INFO    Starting analysis session with session id 'session_0' (launcher: <local>) ...
2026-02-23 13:38:50.364503 (1370852) session_ INFO    Analysis session with session id 'session_0' started (pid: 1370860)
2026-02-23 13:38:51.166782 (1370852) session_ INFO    Analysis session 'session_0' connected to the console (host: 127.0.0.1:59874)
2026-02-23 13:38:52.050568 (1370852) lic__man INFO    Unclaim everything for 'session_0'.
2026-02-23 13:38:52.116532 (1370852) main____ INFO    About to exit: request to exit with status 3 received from analysis session 'session_0'
2026-02-23 13:38:52.289093 (1370852) session_ INFO    Analysis session 'session_0' disconnected.
2026-02-23 13:38:52.289244 (1370852) lic__man INFO    Unclaim everything for 'session_0'.
2026-02-23 13:38:52.289921 (1370852) session_ INFO    Process for analysis session 'session_0' has exited with exit status '3'.
2026-02-23 13:38:54.038149 (1370852) lic_core INFO    (2) checkin jasper_fao
2026-02-23 13:38:54.039816 (1370852) main____ INFO    Exiting with status 3.
