2026-02-23 13:45:08.856619 (920782) main____ INFO    ----------------------------------------
2026-02-23 13:45:08.856705 (920782) main____ INFO    JasperGold version info
2026-02-23 13:45:08.856719 (920782) main____ INFO      tool      : JasperGold 2021.03
2026-02-23 13:45:08.856727 (920782) main____ INFO      version   : 2021.03 FCS 64 bits
2026-02-23 13:45:08.856733 (920782) main____ INFO      build date: 2021.03.23 02:50:43 UTC
2026-02-23 13:45:08.856739 (920782) main____ INFO    ----------------------------------------
2026-02-23 13:45:08.856743 (920782) main____ INFO    Runtime info:
2026-02-23 13:45:08.856750 (920782) main____ INFO      platform  : Linux 5.14.0-570.84.1.el9_6.x86_64 x86_64
2026-02-23 13:45:08.856757 (920782) main____ INFO      hostname  : della-h14n16
2026-02-23 13:45:08.856762 (920782) main____ INFO      pid       : 920782
2026-02-23 13:45:08.856768 (920782) main____ INFO      arguments : '-style' 'windows' '-batch' '-proj' './verification_results/02269/jgproject' '-tcl' './jasper_verif_check.tcl'
2026-02-23 13:45:08.856776 (920782) main____ INFO      locale    : UTF-8
2026-02-23 13:45:08.856781 (920782) main____ INFO    ----------------------------------------
2026-02-23 13:45:08.856786 (920782) main____ INFO    System resource limits info:
2026-02-23 13:45:08.856792 (920782) main____ INFO      virtual memory: unlimited
2026-02-23 13:45:08.856796 (920782) main____ INFO      cpu time      : unlimited
2026-02-23 13:45:08.856802 (920782) main____ INFO      stack size    : unlimited
2026-02-23 13:45:08.856807 (920782) main____ INFO      core file size: unlimited
2026-02-23 13:45:08.856816 (920782) main____ INFO      open files    : 131072
2026-02-23 13:45:08.856821 (920782) main____ INFO      file size     : unlimited
2026-02-23 13:45:08.856826 (920782) main____ INFO    ----------------------------------------
2026-02-23 13:45:08.856832 (920782) main____ INFO    Memory statistics:
2026-02-23 13:45:08.856838 (920782) main____ INFO      total physical memory  : 1584164324 kB
2026-02-23 13:45:08.856843 (920782) main____ INFO      free physical memory   : 934172444 kB
2026-02-23 13:45:08.856848 (920782) main____ INFO      committed address space: 437620176 kB
2026-02-23 13:45:08.856853 (920782) main____ INFO    ----------------------------------------
2026-02-23 13:45:08.857382 (920782) main____ INFO    Important environment variables:
2026-02-23 13:45:08.857396 (920782) main____ INFO      JASPER_HOME       : '/usr/licensed/cadence-20210126/jasper_2021.03'
2026-02-23 13:45:08.857403 (920782) main____ INFO      JASPER_INSTALL_DIR: '/scratch/gpfs/LICENSED/x86_64/cadence-20210126/jasper_2021.03'
2026-02-23 13:45:08.857409 (920782) main____ INFO      LANG              : 'en_US.UTF-8'
2026-02-23 13:45:08.857415 (920782) main____ INFO      LM_LICENSE_FILE   : '5280@license.rc.princeton.edu'
2026-02-23 13:45:08.857421 (920782) main____ INFO      TMPDIR            : '/tmp/ab2113/jg_5018903_38'
2026-02-23 13:45:08.857426 (920782) main____ INFO    ----------------------------------------
2026-02-23 13:45:08.857923 (920782) lic_core INFO    Initializing license system ...
2026-02-23 13:45:08.858491 (920782) lic_core INFO    ... license system initialized.
2026-02-23 13:45:08.859290 (920782) lic__man INFO    Claim 'fpv' for <ui>.
2026-02-23 13:45:08.859326 (920782) lic_core INFO    (1) checking out 'jasper_fpv' ...
2026-02-23 13:45:08.864939 (920782) lic_core INFO    ... (1) checkout failed (error: -5) ("FLEXnet ERROR(-5, 0, 0): No such feature exists.")
2026-02-23 13:45:08.864967 (920782) lic_core INFO    (2) checking out 'jasper_fao' ...
2026-02-23 13:45:08.873480 (920782) lic_core INFO    ... (2) checkout succeeded
2026-02-23 13:45:08.885367 (920782) session_ INFO    Starting analysis session with session id 'session_0' (launcher: <local>) ...
2026-02-23 13:45:08.888440 (920782) session_ INFO    Analysis session with session id 'session_0' started (pid: 920792)
2026-02-23 13:45:09.561407 (920782) session_ INFO    Analysis session 'session_0' connected to the console (host: 127.0.0.1:39092)
2026-02-23 13:45:10.452050 (920782) lic__man INFO    Unclaim everything for 'session_0'.
2026-02-23 13:45:10.490634 (920782) lic__man INFO    Claim 'fpv' for 'session_0'.
2026-02-23 13:45:10.490690 (920782) lic__man INFO    Claim 'fpv' for 'session_0/prove-0'.
2026-02-23 13:45:10.715024 (920782) lic__man INFO    Unclaim everything for 'session_0/prove-0'.
2026-02-23 13:45:10.769895 (920782) main____ INFO    About to exit: request to exit with status 0 received from analysis session 'session_0'
2026-02-23 13:45:10.882349 (920782) session_ INFO    Analysis session 'session_0' disconnected.
2026-02-23 13:45:10.882527 (920782) lic__man INFO    Unclaim everything for 'session_0'.
2026-02-23 13:45:10.884209 (920782) session_ INFO    Process for analysis session 'session_0' has exited with exit status '0'.
2026-02-23 13:45:12.676966 (920782) lic_core INFO    (2) checkin jasper_fao
2026-02-23 13:45:12.679160 (920782) main____ INFO    Exiting with status 0.
