2026-02-23 13:45:22.399539 (1705041) main____ INFO    ----------------------------------------
2026-02-23 13:45:22.399618 (1705041) main____ INFO    JasperGold version info
2026-02-23 13:45:22.399635 (1705041) main____ INFO      tool      : JasperGold 2021.03
2026-02-23 13:45:22.399643 (1705041) main____ INFO      version   : 2021.03 FCS 64 bits
2026-02-23 13:45:22.399649 (1705041) main____ INFO      build date: 2021.03.23 02:50:43 UTC
2026-02-23 13:45:22.399654 (1705041) main____ INFO    ----------------------------------------
2026-02-23 13:45:22.399658 (1705041) main____ INFO    Runtime info:
2026-02-23 13:45:22.399664 (1705041) main____ INFO      platform  : Linux 5.14.0-570.84.1.el9_6.x86_64 x86_64
2026-02-23 13:45:22.399670 (1705041) main____ INFO      hostname  : della-h14n7
2026-02-23 13:45:22.399675 (1705041) main____ INFO      pid       : 1705041
2026-02-23 13:45:22.399680 (1705041) main____ INFO      arguments : '-style' 'windows' '-batch' '-proj' './verification_results/02046/jgproject' '-tcl' './jasper_verif_check.tcl'
2026-02-23 13:45:22.399688 (1705041) main____ INFO      locale    : UTF-8
2026-02-23 13:45:22.399693 (1705041) main____ INFO    ----------------------------------------
2026-02-23 13:45:22.399698 (1705041) main____ INFO    System resource limits info:
2026-02-23 13:45:22.399702 (1705041) main____ INFO      virtual memory: unlimited
2026-02-23 13:45:22.399707 (1705041) main____ INFO      cpu time      : unlimited
2026-02-23 13:45:22.399712 (1705041) main____ INFO      stack size    : unlimited
2026-02-23 13:45:22.399717 (1705041) main____ INFO      core file size: unlimited
2026-02-23 13:45:22.399724 (1705041) main____ INFO      open files    : 131072
2026-02-23 13:45:22.399729 (1705041) main____ INFO      file size     : unlimited
2026-02-23 13:45:22.399733 (1705041) main____ INFO    ----------------------------------------
2026-02-23 13:45:22.399738 (1705041) main____ INFO    Memory statistics:
2026-02-23 13:45:22.399743 (1705041) main____ INFO      total physical memory  : 1584164356 kB
2026-02-23 13:45:22.399748 (1705041) main____ INFO      free physical memory   : 804528380 kB
2026-02-23 13:45:22.399753 (1705041) main____ INFO      committed address space: 608172796 kB
2026-02-23 13:45:22.399757 (1705041) main____ INFO    ----------------------------------------
2026-02-23 13:45:22.400270 (1705041) main____ INFO    Important environment variables:
2026-02-23 13:45:22.400283 (1705041) main____ INFO      JASPER_HOME       : '/usr/licensed/cadence-20210126/jasper_2021.03'
2026-02-23 13:45:22.400289 (1705041) main____ INFO      JASPER_INSTALL_DIR: '/scratch/gpfs/LICENSED/x86_64/cadence-20210126/jasper_2021.03'
2026-02-23 13:45:22.400295 (1705041) main____ INFO      LANG              : 'en_US.UTF-8'
2026-02-23 13:45:22.400300 (1705041) main____ INFO      LM_LICENSE_FILE   : '5280@license.rc.princeton.edu'
2026-02-23 13:45:22.400305 (1705041) main____ INFO      TMPDIR            : '/tmp/ab2113/jg_5018881_33'
2026-02-23 13:45:22.400310 (1705041) main____ INFO    ----------------------------------------
2026-02-23 13:45:22.400740 (1705041) lic_core INFO    Initializing license system ...
2026-02-23 13:45:22.401264 (1705041) lic_core INFO    ... license system initialized.
2026-02-23 13:45:22.402006 (1705041) lic__man INFO    Claim 'fpv' for <ui>.
2026-02-23 13:45:22.402038 (1705041) lic_core INFO    (1) checking out 'jasper_fpv' ...
2026-02-23 13:45:22.407247 (1705041) lic_core INFO    ... (1) checkout failed (error: -5) ("FLEXnet ERROR(-5, 0, 0): No such feature exists.")
2026-02-23 13:45:22.407273 (1705041) lic_core INFO    (2) checking out 'jasper_fao' ...
2026-02-23 13:45:22.416351 (1705041) lic_core INFO    ... (2) checkout succeeded
2026-02-23 13:45:22.427324 (1705041) session_ INFO    Starting analysis session with session id 'session_0' (launcher: <local>) ...
2026-02-23 13:45:22.429808 (1705041) session_ INFO    Analysis session with session id 'session_0' started (pid: 1705049)
2026-02-23 13:45:22.944377 (1705041) session_ INFO    Analysis session 'session_0' connected to the console (host: 127.0.0.1:57678)
2026-02-23 13:45:23.456306 (1705041) main____ INFO    About to exit: request to exit with status 1 received from analysis session 'session_0'
2026-02-23 13:45:23.504754 (1705041) session_ INFO    Analysis session 'session_0' disconnected.
2026-02-23 13:45:23.504877 (1705041) lic__man INFO    Unclaim everything for 'session_0'.
2026-02-23 13:45:23.505586 (1705041) session_ INFO    Process for analysis session 'session_0' has exited with exit status '1'.
2026-02-23 13:45:25.559980 (1705041) lic_core INFO    (2) checkin jasper_fao
2026-02-23 13:45:25.582804 (1705041) main____ INFO    Exiting with status 1.
