2026-02-23 13:56:07.289845 (2688689) main____ INFO    ----------------------------------------
2026-02-23 13:56:07.289972 (2688689) main____ INFO    JasperGold version info
2026-02-23 13:56:07.289993 (2688689) main____ INFO      tool      : JasperGold 2021.03
2026-02-23 13:56:07.290004 (2688689) main____ INFO      version   : 2021.03 FCS 64 bits
2026-02-23 13:56:07.290010 (2688689) main____ INFO      build date: 2021.03.23 02:50:43 UTC
2026-02-23 13:56:07.290015 (2688689) main____ INFO    ----------------------------------------
2026-02-23 13:56:07.290019 (2688689) main____ INFO    Runtime info:
2026-02-23 13:56:07.290024 (2688689) main____ INFO      platform  : Linux 5.14.0-570.84.1.el9_6.x86_64 x86_64
2026-02-23 13:56:07.290031 (2688689) main____ INFO      hostname  : della-r3c3n12
2026-02-23 13:56:07.290037 (2688689) main____ INFO      pid       : 2688689
2026-02-23 13:56:07.290042 (2688689) main____ INFO      arguments : '-style' 'windows' '-batch' '-proj' './verification_results/04137/jgproject' '-tcl' './jasper_verif_check.tcl'
2026-02-23 13:56:07.290051 (2688689) main____ INFO      locale    : UTF-8
2026-02-23 13:56:07.290055 (2688689) main____ INFO    ----------------------------------------
2026-02-23 13:56:07.290060 (2688689) main____ INFO    System resource limits info:
2026-02-23 13:56:07.290064 (2688689) main____ INFO      virtual memory: unlimited
2026-02-23 13:56:07.290069 (2688689) main____ INFO      cpu time      : unlimited
2026-02-23 13:56:07.290073 (2688689) main____ INFO      stack size    : unlimited
2026-02-23 13:56:07.290078 (2688689) main____ INFO      core file size: unlimited
2026-02-23 13:56:07.290087 (2688689) main____ INFO      open files    : 131072
2026-02-23 13:56:07.290092 (2688689) main____ INFO      file size     : unlimited
2026-02-23 13:56:07.290097 (2688689) main____ INFO    ----------------------------------------
2026-02-23 13:56:07.290101 (2688689) main____ INFO    Memory statistics:
2026-02-23 13:56:07.290106 (2688689) main____ INFO      total physical memory  : 195972156 kB
2026-02-23 13:56:07.290110 (2688689) main____ INFO      free physical memory   : 109515712 kB
2026-02-23 13:56:07.290115 (2688689) main____ INFO      committed address space: 59411640 kB
2026-02-23 13:56:07.290119 (2688689) main____ INFO    ----------------------------------------
2026-02-23 13:56:07.291123 (2688689) main____ INFO    Important environment variables:
2026-02-23 13:56:07.291148 (2688689) main____ INFO      JASPER_HOME       : '/usr/licensed/cadence-20210126/jasper_2021.03'
2026-02-23 13:56:07.291155 (2688689) main____ INFO      JASPER_INSTALL_DIR: '/scratch/gpfs/LICENSED/x86_64/cadence-20210126/jasper_2021.03'
2026-02-23 13:56:07.291160 (2688689) main____ INFO      LANG              : 'en_US.UTF-8'
2026-02-23 13:56:07.291166 (2688689) main____ INFO      LM_LICENSE_FILE   : '5280@license.rc.princeton.edu'
2026-02-23 13:56:07.291171 (2688689) main____ INFO      TMPDIR            : '/tmp/ab2113/jg_5019110_75'
2026-02-23 13:56:07.291176 (2688689) main____ INFO    ----------------------------------------
2026-02-23 13:56:07.292191 (2688689) lic_core INFO    Initializing license system ...
2026-02-23 13:56:07.293163 (2688689) lic_core INFO    ... license system initialized.
2026-02-23 13:56:07.294060 (2688689) lic__man INFO    Claim 'fpv' for <ui>.
2026-02-23 13:56:07.294114 (2688689) lic_core INFO    (1) checking out 'jasper_fpv' ...
2026-02-23 13:56:07.300462 (2688689) lic_core INFO    ... (1) checkout failed (error: -5) ("FLEXnet ERROR(-5, 0, 0): No such feature exists.")
2026-02-23 13:56:07.300526 (2688689) lic_core INFO    (2) checking out 'jasper_fao' ...
2026-02-23 13:56:07.311529 (2688689) lic_core INFO    ... (2) checkout succeeded
2026-02-23 13:56:07.329470 (2688689) session_ INFO    Starting analysis session with session id 'session_0' (launcher: <local>) ...
2026-02-23 13:56:07.332888 (2688689) session_ INFO    Analysis session with session id 'session_0' started (pid: 2688697)
2026-02-23 13:56:08.107570 (2688689) session_ INFO    Analysis session 'session_0' connected to the console (host: 127.0.0.1:34598)
2026-02-23 13:56:08.674880 (2688689) main____ INFO    About to exit: request to exit with status 1 received from analysis session 'session_0'
2026-02-23 13:56:08.775256 (2688689) session_ INFO    Analysis session 'session_0' disconnected.
2026-02-23 13:56:08.775408 (2688689) lic__man INFO    Unclaim everything for 'session_0'.
2026-02-23 13:56:08.776010 (2688689) session_ INFO    Process for analysis session 'session_0' has exited with exit status '1'.
2026-02-23 13:56:10.780237 (2688689) lic_core INFO    (2) checkin jasper_fao
2026-02-23 13:56:10.781505 (2688689) main____ INFO    Exiting with status 1.
