2026-02-23 13:49:50.317823 (1719075) main____ INFO    ----------------------------------------
2026-02-23 13:49:50.317890 (1719075) main____ INFO    JasperGold version info
2026-02-23 13:49:50.317906 (1719075) main____ INFO      tool      : JasperGold 2021.03
2026-02-23 13:49:50.317914 (1719075) main____ INFO      version   : 2021.03 FCS 64 bits
2026-02-23 13:49:50.317919 (1719075) main____ INFO      build date: 2021.03.23 02:50:43 UTC
2026-02-23 13:49:50.317924 (1719075) main____ INFO    ----------------------------------------
2026-02-23 13:49:50.317929 (1719075) main____ INFO    Runtime info:
2026-02-23 13:49:50.317934 (1719075) main____ INFO      platform  : Linux 5.14.0-570.84.1.el9_6.x86_64 x86_64
2026-02-23 13:49:50.317940 (1719075) main____ INFO      hostname  : della-h14n7
2026-02-23 13:49:50.317945 (1719075) main____ INFO      pid       : 1719075
2026-02-23 13:49:50.317950 (1719075) main____ INFO      arguments : '-style' 'windows' '-batch' '-proj' './verification_results/03081/jgproject' '-tcl' './jasper_verif_check.tcl'
2026-02-23 13:49:50.317958 (1719075) main____ INFO      locale    : UTF-8
2026-02-23 13:49:50.317963 (1719075) main____ INFO    ----------------------------------------
2026-02-23 13:49:50.317968 (1719075) main____ INFO    System resource limits info:
2026-02-23 13:49:50.317973 (1719075) main____ INFO      virtual memory: unlimited
2026-02-23 13:49:50.317978 (1719075) main____ INFO      cpu time      : unlimited
2026-02-23 13:49:50.317983 (1719075) main____ INFO      stack size    : unlimited
2026-02-23 13:49:50.317987 (1719075) main____ INFO      core file size: unlimited
2026-02-23 13:49:50.317995 (1719075) main____ INFO      open files    : 131072
2026-02-23 13:49:50.318000 (1719075) main____ INFO      file size     : unlimited
2026-02-23 13:49:50.318004 (1719075) main____ INFO    ----------------------------------------
2026-02-23 13:49:50.318009 (1719075) main____ INFO    Memory statistics:
2026-02-23 13:49:50.318014 (1719075) main____ INFO      total physical memory  : 1584164356 kB
2026-02-23 13:49:50.318019 (1719075) main____ INFO      free physical memory   : 799038980 kB
2026-02-23 13:49:50.318024 (1719075) main____ INFO      committed address space: 614437572 kB
2026-02-23 13:49:50.318028 (1719075) main____ INFO    ----------------------------------------
2026-02-23 13:49:50.318552 (1719075) main____ INFO    Important environment variables:
2026-02-23 13:49:50.318566 (1719075) main____ INFO      JASPER_HOME       : '/usr/licensed/cadence-20210126/jasper_2021.03'
2026-02-23 13:49:50.318572 (1719075) main____ INFO      JASPER_INSTALL_DIR: '/scratch/gpfs/LICENSED/x86_64/cadence-20210126/jasper_2021.03'
2026-02-23 13:49:50.318577 (1719075) main____ INFO      LANG              : 'en_US.UTF-8'
2026-02-23 13:49:50.318583 (1719075) main____ INFO      LM_LICENSE_FILE   : '5280@license.rc.princeton.edu'
2026-02-23 13:49:50.318588 (1719075) main____ INFO      TMPDIR            : '/tmp/ab2113/jg_5018981_54'
2026-02-23 13:49:50.318593 (1719075) main____ INFO    ----------------------------------------
2026-02-23 13:49:50.319032 (1719075) lic_core INFO    Initializing license system ...
2026-02-23 13:49:50.319580 (1719075) lic_core INFO    ... license system initialized.
2026-02-23 13:49:50.320315 (1719075) lic__man INFO    Claim 'fpv' for <ui>.
2026-02-23 13:49:50.320347 (1719075) lic_core INFO    (1) checking out 'jasper_fpv' ...
2026-02-23 13:49:50.325984 (1719075) lic_core INFO    ... (1) checkout failed (error: -5) ("FLEXnet ERROR(-5, 0, 0): No such feature exists.")
2026-02-23 13:49:50.326020 (1719075) lic_core INFO    (2) checking out 'jasper_fao' ...
2026-02-23 13:49:50.335139 (1719075) lic_core INFO    ... (2) checkout succeeded
2026-02-23 13:49:50.346143 (1719075) session_ INFO    Starting analysis session with session id 'session_0' (launcher: <local>) ...
2026-02-23 13:49:50.348669 (1719075) session_ INFO    Analysis session with session id 'session_0' started (pid: 1719097)
2026-02-23 13:49:50.895718 (1719075) session_ INFO    Analysis session 'session_0' connected to the console (host: 127.0.0.1:34412)
2026-02-23 13:49:51.400302 (1719075) main____ INFO    About to exit: request to exit with status 1 received from analysis session 'session_0'
2026-02-23 13:49:51.452084 (1719075) session_ INFO    Analysis session 'session_0' disconnected.
2026-02-23 13:49:51.452221 (1719075) lic__man INFO    Unclaim everything for 'session_0'.
2026-02-23 13:49:51.453564 (1719075) session_ INFO    Process for analysis session 'session_0' has exited with exit status '1'.
2026-02-23 13:49:53.505726 (1719075) lic_core INFO    (2) checkin jasper_fao
2026-02-23 13:49:53.507436 (1719075) main____ INFO    Exiting with status 1.
