2026-02-23 13:46:37.191085 (925170) main____ INFO    ----------------------------------------
2026-02-23 13:46:37.191170 (925170) main____ INFO    JasperGold version info
2026-02-23 13:46:37.191188 (925170) main____ INFO      tool      : JasperGold 2021.03
2026-02-23 13:46:37.191197 (925170) main____ INFO      version   : 2021.03 FCS 64 bits
2026-02-23 13:46:37.191203 (925170) main____ INFO      build date: 2021.03.23 02:50:43 UTC
2026-02-23 13:46:37.191208 (925170) main____ INFO    ----------------------------------------
2026-02-23 13:46:37.191214 (925170) main____ INFO    Runtime info:
2026-02-23 13:46:37.191222 (925170) main____ INFO      platform  : Linux 5.14.0-570.84.1.el9_6.x86_64 x86_64
2026-02-23 13:46:37.191228 (925170) main____ INFO      hostname  : della-h14n16
2026-02-23 13:46:37.191234 (925170) main____ INFO      pid       : 925170
2026-02-23 13:46:37.191240 (925170) main____ INFO      arguments : '-style' 'windows' '-batch' '-proj' './verification_results/02292/jgproject' '-tcl' './jasper_verif_check.tcl'
2026-02-23 13:46:37.191248 (925170) main____ INFO      locale    : UTF-8
2026-02-23 13:46:37.191252 (925170) main____ INFO    ----------------------------------------
2026-02-23 13:46:37.191258 (925170) main____ INFO    System resource limits info:
2026-02-23 13:46:37.191263 (925170) main____ INFO      virtual memory: unlimited
2026-02-23 13:46:37.191269 (925170) main____ INFO      cpu time      : unlimited
2026-02-23 13:46:37.191274 (925170) main____ INFO      stack size    : unlimited
2026-02-23 13:46:37.191279 (925170) main____ INFO      core file size: unlimited
2026-02-23 13:46:37.191286 (925170) main____ INFO      open files    : 131072
2026-02-23 13:46:37.191291 (925170) main____ INFO      file size     : unlimited
2026-02-23 13:46:37.191297 (925170) main____ INFO    ----------------------------------------
2026-02-23 13:46:37.191302 (925170) main____ INFO    Memory statistics:
2026-02-23 13:46:37.191309 (925170) main____ INFO      total physical memory  : 1584164324 kB
2026-02-23 13:46:37.191314 (925170) main____ INFO      free physical memory   : 929410972 kB
2026-02-23 13:46:37.191320 (925170) main____ INFO      committed address space: 446052584 kB
2026-02-23 13:46:37.191326 (925170) main____ INFO    ----------------------------------------
2026-02-23 13:46:37.191871 (925170) main____ INFO    Important environment variables:
2026-02-23 13:46:37.191885 (925170) main____ INFO      JASPER_HOME       : '/usr/licensed/cadence-20210126/jasper_2021.03'
2026-02-23 13:46:37.191892 (925170) main____ INFO      JASPER_INSTALL_DIR: '/scratch/gpfs/LICENSED/x86_64/cadence-20210126/jasper_2021.03'
2026-02-23 13:46:37.191899 (925170) main____ INFO      LANG              : 'en_US.UTF-8'
2026-02-23 13:46:37.191904 (925170) main____ INFO      LM_LICENSE_FILE   : '5280@license.rc.princeton.edu'
2026-02-23 13:46:37.191909 (925170) main____ INFO      TMPDIR            : '/tmp/ab2113/jg_5018903_38'
2026-02-23 13:46:37.191915 (925170) main____ INFO    ----------------------------------------
2026-02-23 13:46:37.192344 (925170) lic_core INFO    Initializing license system ...
2026-02-23 13:46:37.192930 (925170) lic_core INFO    ... license system initialized.
2026-02-23 13:46:37.193949 (925170) lic__man INFO    Claim 'fpv' for <ui>.
2026-02-23 13:46:37.193983 (925170) lic_core INFO    (1) checking out 'jasper_fpv' ...
2026-02-23 13:46:37.200267 (925170) lic_core INFO    ... (1) checkout failed (error: -5) ("FLEXnet ERROR(-5, 0, 0): No such feature exists.")
2026-02-23 13:46:37.200297 (925170) lic_core INFO    (2) checking out 'jasper_fao' ...
2026-02-23 13:46:37.209762 (925170) lic_core INFO    ... (2) checkout succeeded
2026-02-23 13:46:37.222671 (925170) session_ INFO    Starting analysis session with session id 'session_0' (launcher: <local>) ...
2026-02-23 13:46:37.225790 (925170) session_ INFO    Analysis session with session id 'session_0' started (pid: 925178)
2026-02-23 13:46:37.892434 (925170) session_ INFO    Analysis session 'session_0' connected to the console (host: 127.0.0.1:44976)
2026-02-23 13:46:38.812052 (925170) lic__man INFO    Unclaim everything for 'session_0'.
2026-02-23 13:46:38.851851 (925170) lic__man INFO    Claim 'fpv' for 'session_0'.
2026-02-23 13:46:38.852004 (925170) lic__man INFO    Claim 'fpv' for 'session_0/prove-0'.
2026-02-23 13:46:39.067722 (925170) lic__man INFO    Unclaim everything for 'session_0/prove-0'.
2026-02-23 13:46:39.131724 (925170) main____ INFO    About to exit: request to exit with status 0 received from analysis session 'session_0'
2026-02-23 13:46:39.268055 (925170) session_ INFO    Analysis session 'session_0' disconnected.
2026-02-23 13:46:39.268205 (925170) lic__man INFO    Unclaim everything for 'session_0'.
2026-02-23 13:46:39.269326 (925170) session_ INFO    Process for analysis session 'session_0' has exited with exit status '0'.
2026-02-23 13:46:41.093258 (925170) lic_core INFO    (2) checkin jasper_fao
2026-02-23 13:46:41.095040 (925170) main____ INFO    Exiting with status 0.
