2026-02-23 14:14:32.841516 (1966246) main____ INFO    ----------------------------------------
2026-02-23 14:14:32.841608 (1966246) main____ INFO    JasperGold version info
2026-02-23 14:14:32.841625 (1966246) main____ INFO      tool      : JasperGold 2021.03
2026-02-23 14:14:32.841634 (1966246) main____ INFO      version   : 2021.03 FCS 64 bits
2026-02-23 14:14:32.841639 (1966246) main____ INFO      build date: 2021.03.23 02:50:43 UTC
2026-02-23 14:14:32.841644 (1966246) main____ INFO    ----------------------------------------
2026-02-23 14:14:32.841648 (1966246) main____ INFO    Runtime info:
2026-02-23 14:14:32.841652 (1966246) main____ INFO      platform  : Linux 5.14.0-570.84.1.el9_6.x86_64 x86_64
2026-02-23 14:14:32.841658 (1966246) main____ INFO      hostname  : della-r3c1n5
2026-02-23 14:14:32.841663 (1966246) main____ INFO      pid       : 1966246
2026-02-23 14:14:32.841667 (1966246) main____ INFO      arguments : '-style' 'windows' '-batch' '-proj' './verification_results/01892/jgproject' '-tcl' './jasper_verif_check.tcl'
2026-02-23 14:14:32.841675 (1966246) main____ INFO      locale    : UTF-8
2026-02-23 14:14:32.841679 (1966246) main____ INFO    ----------------------------------------
2026-02-23 14:14:32.841683 (1966246) main____ INFO    System resource limits info:
2026-02-23 14:14:32.841688 (1966246) main____ INFO      virtual memory: unlimited
2026-02-23 14:14:32.841692 (1966246) main____ INFO      cpu time      : unlimited
2026-02-23 14:14:32.841696 (1966246) main____ INFO      stack size    : unlimited
2026-02-23 14:14:32.841701 (1966246) main____ INFO      core file size: unlimited
2026-02-23 14:14:32.841708 (1966246) main____ INFO      open files    : 131072
2026-02-23 14:14:32.841712 (1966246) main____ INFO      file size     : unlimited
2026-02-23 14:14:32.841716 (1966246) main____ INFO    ----------------------------------------
2026-02-23 14:14:32.841720 (1966246) main____ INFO    Memory statistics:
2026-02-23 14:14:32.841725 (1966246) main____ INFO      total physical memory  : 195972056 kB
2026-02-23 14:14:32.841729 (1966246) main____ INFO      free physical memory   : 138928492 kB
2026-02-23 14:14:32.841733 (1966246) main____ INFO      committed address space: 53754744 kB
2026-02-23 14:14:32.841737 (1966246) main____ INFO    ----------------------------------------
2026-02-23 14:14:32.842717 (1966246) main____ INFO    Important environment variables:
2026-02-23 14:14:32.842735 (1966246) main____ INFO      JASPER_HOME       : '/usr/licensed/cadence-20210126/jasper_2021.03'
2026-02-23 14:14:32.842741 (1966246) main____ INFO      JASPER_INSTALL_DIR: '/scratch/gpfs/LICENSED/x86_64/cadence-20210126/jasper_2021.03'
2026-02-23 14:14:32.842746 (1966246) main____ INFO      LANG              : 'en_US.UTF-8'
2026-02-23 14:14:32.842751 (1966246) main____ INFO      LM_LICENSE_FILE   : '5280@license.rc.princeton.edu'
2026-02-23 14:14:32.842756 (1966246) main____ INFO      TMPDIR            : '/tmp/ab2113/jg_5018862_30'
2026-02-23 14:14:32.842760 (1966246) main____ INFO    ----------------------------------------
2026-02-23 14:14:32.843605 (1966246) lic_core INFO    Initializing license system ...
2026-02-23 14:14:32.844424 (1966246) lic_core INFO    ... license system initialized.
2026-02-23 14:14:32.845191 (1966246) lic__man INFO    Claim 'fpv' for <ui>.
2026-02-23 14:14:32.845231 (1966246) lic_core INFO    (1) checking out 'jasper_fpv' ...
2026-02-23 14:14:32.851513 (1966246) lic_core INFO    ... (1) checkout failed (error: -5) ("FLEXnet ERROR(-5, 0, 0): No such feature exists.")
2026-02-23 14:14:32.851576 (1966246) lic_core INFO    (2) checking out 'jasper_fao' ...
2026-02-23 14:14:32.862686 (1966246) lic_core INFO    ... (2) checkout succeeded
2026-02-23 14:14:32.877457 (1966246) session_ INFO    Starting analysis session with session id 'session_0' (launcher: <local>) ...
2026-02-23 14:14:32.880627 (1966246) session_ INFO    Analysis session with session id 'session_0' started (pid: 1966254)
2026-02-23 14:14:33.584261 (1966246) session_ INFO    Analysis session 'session_0' connected to the console (host: 127.0.0.1:41722)
2026-02-23 14:14:34.163239 (1966246) main____ INFO    About to exit: request to exit with status 1 received from analysis session 'session_0'
2026-02-23 14:14:34.237736 (1966246) session_ INFO    Analysis session 'session_0' disconnected.
2026-02-23 14:14:34.237879 (1966246) lic__man INFO    Unclaim everything for 'session_0'.
2026-02-23 14:14:34.239145 (1966246) session_ INFO    Process for analysis session 'session_0' has exited with exit status '1'.
2026-02-23 14:14:36.094042 (1966246) lic_core INFO    (2) checkin jasper_fao
2026-02-23 14:14:36.095604 (1966246) main____ INFO    Exiting with status 1.
