2026-02-23 13:43:25.569933 (110569) main____ INFO    ----------------------------------------
2026-02-23 13:43:25.570008 (110569) main____ INFO    JasperGold version info
2026-02-23 13:43:25.570023 (110569) main____ INFO      tool      : JasperGold 2021.03
2026-02-23 13:43:25.570033 (110569) main____ INFO      version   : 2021.03 FCS 64 bits
2026-02-23 13:43:25.570039 (110569) main____ INFO      build date: 2021.03.23 02:50:43 UTC
2026-02-23 13:43:25.570044 (110569) main____ INFO    ----------------------------------------
2026-02-23 13:43:25.570050 (110569) main____ INFO    Runtime info:
2026-02-23 13:43:25.570056 (110569) main____ INFO      platform  : Linux 5.14.0-570.84.1.el9_6.x86_64 x86_64
2026-02-23 13:43:25.570063 (110569) main____ INFO      hostname  : della-h14n2
2026-02-23 13:43:25.570069 (110569) main____ INFO      pid       : 110569
2026-02-23 13:43:25.570076 (110569) main____ INFO      arguments : '-style' 'windows' '-batch' '-proj' './verification_results/01558/jgproject' '-tcl' './jasper_verif_check.tcl'
2026-02-23 13:43:25.570084 (110569) main____ INFO      locale    : UTF-8
2026-02-23 13:43:25.570089 (110569) main____ INFO    ----------------------------------------
2026-02-23 13:43:25.570095 (110569) main____ INFO    System resource limits info:
2026-02-23 13:43:25.570100 (110569) main____ INFO      virtual memory: unlimited
2026-02-23 13:43:25.570105 (110569) main____ INFO      cpu time      : unlimited
2026-02-23 13:43:25.570110 (110569) main____ INFO      stack size    : unlimited
2026-02-23 13:43:25.570116 (110569) main____ INFO      core file size: unlimited
2026-02-23 13:43:25.570123 (110569) main____ INFO      open files    : 131072
2026-02-23 13:43:25.570129 (110569) main____ INFO      file size     : unlimited
2026-02-23 13:43:25.570134 (110569) main____ INFO    ----------------------------------------
2026-02-23 13:43:25.570139 (110569) main____ INFO    Memory statistics:
2026-02-23 13:43:25.570144 (110569) main____ INFO      total physical memory  : 1584164328 kB
2026-02-23 13:43:25.570149 (110569) main____ INFO      free physical memory   : 831873200 kB
2026-02-23 13:43:25.570153 (110569) main____ INFO      committed address space: 587061116 kB
2026-02-23 13:43:25.570159 (110569) main____ INFO    ----------------------------------------
2026-02-23 13:43:25.570685 (110569) main____ INFO    Important environment variables:
2026-02-23 13:43:25.570699 (110569) main____ INFO      JASPER_HOME       : '/usr/licensed/cadence-20210126/jasper_2021.03'
2026-02-23 13:43:25.570705 (110569) main____ INFO      JASPER_INSTALL_DIR: '/scratch/gpfs/LICENSED/x86_64/cadence-20210126/jasper_2021.03'
2026-02-23 13:43:25.570711 (110569) main____ INFO      LANG              : 'en_US.UTF-8'
2026-02-23 13:43:25.570717 (110569) main____ INFO      LM_LICENSE_FILE   : '5280@license.rc.princeton.edu'
2026-02-23 13:43:25.570724 (110569) main____ INFO      TMPDIR            : '/tmp/ab2113/jg_5018841_23'
2026-02-23 13:43:25.570730 (110569) main____ INFO    ----------------------------------------
2026-02-23 13:43:25.571169 (110569) lic_core INFO    Initializing license system ...
2026-02-23 13:43:25.571691 (110569) lic_core INFO    ... license system initialized.
2026-02-23 13:43:25.572440 (110569) lic__man INFO    Claim 'fpv' for <ui>.
2026-02-23 13:43:25.572472 (110569) lic_core INFO    (1) checking out 'jasper_fpv' ...
2026-02-23 13:43:25.595148 (110569) lic_core INFO    ... (1) checkout failed (error: -5) ("FLEXnet ERROR(-5, 0, 0): No such feature exists.")
2026-02-23 13:43:25.595177 (110569) lic_core INFO    (2) checking out 'jasper_fao' ...
2026-02-23 13:43:25.605504 (110569) lic_core INFO    ... (2) checkout succeeded
2026-02-23 13:43:25.616471 (110569) session_ INFO    Starting analysis session with session id 'session_0' (launcher: <local>) ...
2026-02-23 13:43:25.619615 (110569) session_ INFO    Analysis session with session id 'session_0' started (pid: 110577)
2026-02-23 13:43:26.255679 (110569) session_ INFO    Analysis session 'session_0' connected to the console (host: 127.0.0.1:59196)
2026-02-23 13:43:26.805883 (110569) main____ INFO    About to exit: request to exit with status 1 received from analysis session 'session_0'
2026-02-23 13:43:26.856649 (110569) session_ INFO    Analysis session 'session_0' disconnected.
2026-02-23 13:43:26.856768 (110569) lic__man INFO    Unclaim everything for 'session_0'.
2026-02-23 13:43:26.857342 (110569) session_ INFO    Process for analysis session 'session_0' has exited with exit status '1'.
2026-02-23 13:43:28.911150 (110569) lic_core INFO    (2) checkin jasper_fao
2026-02-23 13:43:28.912534 (110569) main____ INFO    Exiting with status 1.
