2026-02-23 13:40:37.715935 (1373138) main____ INFO    ----------------------------------------
2026-02-23 13:40:37.716064 (1373138) main____ INFO    JasperGold version info
2026-02-23 13:40:37.716087 (1373138) main____ INFO      tool      : JasperGold 2021.03
2026-02-23 13:40:37.716096 (1373138) main____ INFO      version   : 2021.03 FCS 64 bits
2026-02-23 13:40:37.716102 (1373138) main____ INFO      build date: 2021.03.23 02:50:43 UTC
2026-02-23 13:40:37.716107 (1373138) main____ INFO    ----------------------------------------
2026-02-23 13:40:37.716111 (1373138) main____ INFO    Runtime info:
2026-02-23 13:40:37.716117 (1373138) main____ INFO      platform  : Linux 5.14.0-570.84.1.el9_6.x86_64 x86_64
2026-02-23 13:40:37.716124 (1373138) main____ INFO      hostname  : della-r3c3n3
2026-02-23 13:40:37.716129 (1373138) main____ INFO      pid       : 1373138
2026-02-23 13:40:37.716133 (1373138) main____ INFO      arguments : '-style' 'windows' '-batch' '-proj' './verification_results/00946/jgproject' '-tcl' './jasper_verif_check.tcl'
2026-02-23 13:40:37.716143 (1373138) main____ INFO      locale    : UTF-8
2026-02-23 13:40:37.716147 (1373138) main____ INFO    ----------------------------------------
2026-02-23 13:40:37.716152 (1373138) main____ INFO    System resource limits info:
2026-02-23 13:40:37.716156 (1373138) main____ INFO      virtual memory: unlimited
2026-02-23 13:40:37.716161 (1373138) main____ INFO      cpu time      : unlimited
2026-02-23 13:40:37.716165 (1373138) main____ INFO      stack size    : unlimited
2026-02-23 13:40:37.716170 (1373138) main____ INFO      core file size: unlimited
2026-02-23 13:40:37.716178 (1373138) main____ INFO      open files    : 131072
2026-02-23 13:40:37.716183 (1373138) main____ INFO      file size     : unlimited
2026-02-23 13:40:37.716187 (1373138) main____ INFO    ----------------------------------------
2026-02-23 13:40:37.716192 (1373138) main____ INFO    Memory statistics:
2026-02-23 13:40:37.716196 (1373138) main____ INFO      total physical memory  : 195972168 kB
2026-02-23 13:40:37.716201 (1373138) main____ INFO      free physical memory   : 96553156 kB
2026-02-23 13:40:37.716205 (1373138) main____ INFO      committed address space: 56353716 kB
2026-02-23 13:40:37.716210 (1373138) main____ INFO    ----------------------------------------
2026-02-23 13:40:37.717268 (1373138) main____ INFO    Important environment variables:
2026-02-23 13:40:37.717290 (1373138) main____ INFO      JASPER_HOME       : '/usr/licensed/cadence-20210126/jasper_2021.03'
2026-02-23 13:40:37.717296 (1373138) main____ INFO      JASPER_INSTALL_DIR: '/scratch/gpfs/LICENSED/x86_64/cadence-20210126/jasper_2021.03'
2026-02-23 13:40:37.717302 (1373138) main____ INFO      LANG              : 'en_US.UTF-8'
2026-02-23 13:40:37.717308 (1373138) main____ INFO      LM_LICENSE_FILE   : '5280@license.rc.princeton.edu'
2026-02-23 13:40:37.717313 (1373138) main____ INFO      TMPDIR            : '/tmp/ab2113/jg_5018805_11'
2026-02-23 13:40:37.717318 (1373138) main____ INFO    ----------------------------------------
2026-02-23 13:40:37.718254 (1373138) lic_core INFO    Initializing license system ...
2026-02-23 13:40:37.719199 (1373138) lic_core INFO    ... license system initialized.
2026-02-23 13:40:37.720136 (1373138) lic__man INFO    Claim 'fpv' for <ui>.
2026-02-23 13:40:37.720183 (1373138) lic_core INFO    (1) checking out 'jasper_fpv' ...
2026-02-23 13:40:37.726273 (1373138) lic_core INFO    ... (1) checkout failed (error: -5) ("FLEXnet ERROR(-5, 0, 0): No such feature exists.")
2026-02-23 13:40:37.726333 (1373138) lic_core INFO    (2) checking out 'jasper_fao' ...
2026-02-23 13:40:37.737703 (1373138) lic_core INFO    ... (2) checkout succeeded
2026-02-23 13:40:37.754002 (1373138) session_ INFO    Starting analysis session with session id 'session_0' (launcher: <local>) ...
2026-02-23 13:40:37.757161 (1373138) session_ INFO    Analysis session with session id 'session_0' started (pid: 1373146)
2026-02-23 13:40:38.531718 (1373138) session_ INFO    Analysis session 'session_0' connected to the console (host: 127.0.0.1:33078)
2026-02-23 13:40:39.433535 (1373138) main____ INFO    About to exit: request to exit with status 1 received from analysis session 'session_0'
2026-02-23 13:40:39.522169 (1373138) session_ INFO    Analysis session 'session_0' disconnected.
2026-02-23 13:40:39.522332 (1373138) lic__man INFO    Unclaim everything for 'session_0'.
2026-02-23 13:40:39.523156 (1373138) session_ INFO    Process for analysis session 'session_0' has exited with exit status '1'.
2026-02-23 13:40:41.539686 (1373138) lic_core INFO    (2) checkin jasper_fao
2026-02-23 13:40:41.541488 (1373138) main____ INFO    Exiting with status 1.
