2026-02-23 13:53:03.582808 (2616415) main____ INFO    ----------------------------------------
2026-02-23 13:53:03.582882 (2616415) main____ INFO    JasperGold version info
2026-02-23 13:53:03.582899 (2616415) main____ INFO      tool      : JasperGold 2021.03
2026-02-23 13:53:03.582907 (2616415) main____ INFO      version   : 2021.03 FCS 64 bits
2026-02-23 13:53:03.582913 (2616415) main____ INFO      build date: 2021.03.23 02:50:43 UTC
2026-02-23 13:53:03.582917 (2616415) main____ INFO    ----------------------------------------
2026-02-23 13:53:03.582921 (2616415) main____ INFO    Runtime info:
2026-02-23 13:53:03.582926 (2616415) main____ INFO      platform  : Linux 5.14.0-570.84.1.el9_6.x86_64 x86_64
2026-02-23 13:53:03.582931 (2616415) main____ INFO      hostname  : della-r3c1n7
2026-02-23 13:53:03.582936 (2616415) main____ INFO      pid       : 2616415
2026-02-23 13:53:03.582941 (2616415) main____ INFO      arguments : '-style' 'windows' '-batch' '-proj' './verification_results/03491/jgproject' '-tcl' './jasper_verif_check.tcl'
2026-02-23 13:53:03.582948 (2616415) main____ INFO      locale    : UTF-8
2026-02-23 13:53:03.582952 (2616415) main____ INFO    ----------------------------------------
2026-02-23 13:53:03.582956 (2616415) main____ INFO    System resource limits info:
2026-02-23 13:53:03.582961 (2616415) main____ INFO      virtual memory: unlimited
2026-02-23 13:53:03.582965 (2616415) main____ INFO      cpu time      : unlimited
2026-02-23 13:53:03.582969 (2616415) main____ INFO      stack size    : unlimited
2026-02-23 13:53:03.582974 (2616415) main____ INFO      core file size: unlimited
2026-02-23 13:53:03.582980 (2616415) main____ INFO      open files    : 131072
2026-02-23 13:53:03.582985 (2616415) main____ INFO      file size     : unlimited
2026-02-23 13:53:03.582989 (2616415) main____ INFO    ----------------------------------------
2026-02-23 13:53:03.582993 (2616415) main____ INFO    Memory statistics:
2026-02-23 13:53:03.582997 (2616415) main____ INFO      total physical memory  : 195972072 kB
2026-02-23 13:53:03.583001 (2616415) main____ INFO      free physical memory   : 154197436 kB
2026-02-23 13:53:03.583005 (2616415) main____ INFO      committed address space: 44130984 kB
2026-02-23 13:53:03.583009 (2616415) main____ INFO    ----------------------------------------
2026-02-23 13:53:03.583959 (2616415) main____ INFO    Important environment variables:
2026-02-23 13:53:03.583973 (2616415) main____ INFO      JASPER_HOME       : '/usr/licensed/cadence-20210126/jasper_2021.03'
2026-02-23 13:53:03.583979 (2616415) main____ INFO      JASPER_INSTALL_DIR: '/scratch/gpfs/LICENSED/x86_64/cadence-20210126/jasper_2021.03'
2026-02-23 13:53:03.583984 (2616415) main____ INFO      LANG              : 'en_US.UTF-8'
2026-02-23 13:53:03.583989 (2616415) main____ INFO      LM_LICENSE_FILE   : '5280@license.rc.princeton.edu'
2026-02-23 13:53:03.583994 (2616415) main____ INFO      TMPDIR            : '/tmp/ab2113/jg_5019031_62'
2026-02-23 13:53:03.583998 (2616415) main____ INFO    ----------------------------------------
2026-02-23 13:53:03.584406 (2616415) lic_core INFO    Initializing license system ...
2026-02-23 13:53:03.585162 (2616415) lic_core INFO    ... license system initialized.
2026-02-23 13:53:03.585859 (2616415) lic__man INFO    Claim 'fpv' for <ui>.
2026-02-23 13:53:03.585893 (2616415) lic_core INFO    (1) checking out 'jasper_fpv' ...
2026-02-23 13:53:03.591020 (2616415) lic_core INFO    ... (1) checkout failed (error: -5) ("FLEXnet ERROR(-5, 0, 0): No such feature exists.")
2026-02-23 13:53:03.591049 (2616415) lic_core INFO    (2) checking out 'jasper_fao' ...
2026-02-23 13:53:03.601584 (2616415) lic_core INFO    ... (2) checkout succeeded
2026-02-23 13:53:03.616767 (2616415) session_ INFO    Starting analysis session with session id 'session_0' (launcher: <local>) ...
2026-02-23 13:53:03.619572 (2616415) session_ INFO    Analysis session with session id 'session_0' started (pid: 2616423)
2026-02-23 13:53:04.276489 (2616415) session_ INFO    Analysis session 'session_0' connected to the console (host: 127.0.0.1:39232)
2026-02-23 13:53:05.119667 (2616415) lic__man INFO    Unclaim everything for 'session_0'.
2026-02-23 13:53:05.160725 (2616415) lic__man INFO    Claim 'fpv' for 'session_0'.
2026-02-23 13:53:05.160765 (2616415) lic__man INFO    Claim 'fpv' for 'session_0/prove-0'.
2026-02-23 13:53:05.299957 (2616415) lic__man INFO    Unclaim everything for 'session_0/prove-0'.
2026-02-23 13:53:05.355235 (2616415) main____ INFO    About to exit: request to exit with status 0 received from analysis session 'session_0'
2026-02-23 13:53:05.437967 (2616415) session_ INFO    Analysis session 'session_0' disconnected.
2026-02-23 13:53:05.438085 (2616415) lic__man INFO    Unclaim everything for 'session_0'.
2026-02-23 13:53:05.438670 (2616415) session_ INFO    Process for analysis session 'session_0' has exited with exit status '0'.
2026-02-23 13:53:07.350120 (2616415) lic_core INFO    (2) checkin jasper_fao
2026-02-23 13:53:07.351831 (2616415) main____ INFO    Exiting with status 0.
