2026-02-23 13:41:58.181976 (928225) main____ INFO    ----------------------------------------
2026-02-23 13:41:58.182046 (928225) main____ INFO    JasperGold version info
2026-02-23 13:41:58.182063 (928225) main____ INFO      tool      : JasperGold 2021.03
2026-02-23 13:41:58.182071 (928225) main____ INFO      version   : 2021.03 FCS 64 bits
2026-02-23 13:41:58.182081 (928225) main____ INFO      build date: 2021.03.23 02:50:43 UTC
2026-02-23 13:41:58.182086 (928225) main____ INFO    ----------------------------------------
2026-02-23 13:41:58.182089 (928225) main____ INFO    Runtime info:
2026-02-23 13:41:58.182094 (928225) main____ INFO      platform  : Linux 5.14.0-570.84.1.el9_6.x86_64 x86_64
2026-02-23 13:41:58.182099 (928225) main____ INFO      hostname  : della-i13n12
2026-02-23 13:41:58.182103 (928225) main____ INFO      pid       : 928225
2026-02-23 13:41:58.182107 (928225) main____ INFO      arguments : '-style' 'windows' '-batch' '-proj' './verification_results/01482/jgproject' '-tcl' './jasper_verif_check.tcl'
2026-02-23 13:41:58.182114 (928225) main____ INFO      locale    : UTF-8
2026-02-23 13:41:58.182118 (928225) main____ INFO    ----------------------------------------
2026-02-23 13:41:58.182122 (928225) main____ INFO    System resource limits info:
2026-02-23 13:41:58.182126 (928225) main____ INFO      virtual memory: unlimited
2026-02-23 13:41:58.182130 (928225) main____ INFO      cpu time      : unlimited
2026-02-23 13:41:58.182134 (928225) main____ INFO      stack size    : unlimited
2026-02-23 13:41:58.182137 (928225) main____ INFO      core file size: unlimited
2026-02-23 13:41:58.182143 (928225) main____ INFO      open files    : 131072
2026-02-23 13:41:58.182147 (928225) main____ INFO      file size     : unlimited
2026-02-23 13:41:58.182151 (928225) main____ INFO    ----------------------------------------
2026-02-23 13:41:58.182155 (928225) main____ INFO    Memory statistics:
2026-02-23 13:41:58.182159 (928225) main____ INFO      total physical memory  : 394157548 kB
2026-02-23 13:41:58.182163 (928225) main____ INFO      free physical memory   : 224133984 kB
2026-02-23 13:41:58.182166 (928225) main____ INFO      committed address space: 109218568 kB
2026-02-23 13:41:58.182170 (928225) main____ INFO    ----------------------------------------
2026-02-23 13:41:58.183040 (928225) main____ INFO    Important environment variables:
2026-02-23 13:41:58.183052 (928225) main____ INFO      JASPER_HOME       : '/usr/licensed/cadence-20210126/jasper_2021.03'
2026-02-23 13:41:58.183058 (928225) main____ INFO      JASPER_INSTALL_DIR: '/scratch/gpfs/LICENSED/x86_64/cadence-20210126/jasper_2021.03'
2026-02-23 13:41:58.183063 (928225) main____ INFO      LANG              : 'en_US.UTF-8'
2026-02-23 13:41:58.183067 (928225) main____ INFO      LM_LICENSE_FILE   : '5280@license.rc.princeton.edu'
2026-02-23 13:41:58.183072 (928225) main____ INFO      TMPDIR            : '/tmp/ab2113/jg_5018840_22'
2026-02-23 13:41:58.183081 (928225) main____ INFO    ----------------------------------------
2026-02-23 13:41:58.183851 (928225) lic_core INFO    Initializing license system ...
2026-02-23 13:41:58.184604 (928225) lic_core INFO    ... license system initialized.
2026-02-23 13:41:58.185263 (928225) lic__man INFO    Claim 'fpv' for <ui>.
2026-02-23 13:41:58.185297 (928225) lic_core INFO    (1) checking out 'jasper_fpv' ...
2026-02-23 13:41:58.190807 (928225) lic_core INFO    ... (1) checkout failed (error: -5) ("FLEXnet ERROR(-5, 0, 0): No such feature exists.")
2026-02-23 13:41:58.190836 (928225) lic_core INFO    (2) checking out 'jasper_fao' ...
2026-02-23 13:41:58.201031 (928225) lic_core INFO    ... (2) checkout succeeded
2026-02-23 13:41:58.213865 (928225) session_ INFO    Starting analysis session with session id 'session_0' (launcher: <local>) ...
2026-02-23 13:41:58.216436 (928225) session_ INFO    Analysis session with session id 'session_0' started (pid: 928233)
2026-02-23 13:41:58.825503 (928225) session_ INFO    Analysis session 'session_0' connected to the console (host: 127.0.0.1:34290)
2026-02-23 13:41:59.660175 (928225) main____ INFO    About to exit: request to exit with status 1 received from analysis session 'session_0'
2026-02-23 13:41:59.724917 (928225) session_ INFO    Analysis session 'session_0' disconnected.
2026-02-23 13:41:59.725034 (928225) lic__man INFO    Unclaim everything for 'session_0'.
2026-02-23 13:41:59.725726 (928225) session_ INFO    Process for analysis session 'session_0' has exited with exit status '1'.
2026-02-23 13:42:01.566044 (928225) lic_core INFO    (2) checkin jasper_fao
2026-02-23 13:42:01.567623 (928225) main____ INFO    Exiting with status 1.
