2026-02-23 13:41:45.937848 (1476825) main____ INFO    ----------------------------------------
2026-02-23 13:41:45.937933 (1476825) main____ INFO    JasperGold version info
2026-02-23 13:41:45.937952 (1476825) main____ INFO      tool      : JasperGold 2021.03
2026-02-23 13:41:45.937962 (1476825) main____ INFO      version   : 2021.03 FCS 64 bits
2026-02-23 13:41:45.937969 (1476825) main____ INFO      build date: 2021.03.23 02:50:43 UTC
2026-02-23 13:41:45.937974 (1476825) main____ INFO    ----------------------------------------
2026-02-23 13:41:45.937980 (1476825) main____ INFO    Runtime info:
2026-02-23 13:41:45.937985 (1476825) main____ INFO      platform  : Linux 5.14.0-570.84.1.el9_6.x86_64 x86_64
2026-02-23 13:41:45.937991 (1476825) main____ INFO      hostname  : della-h14n5
2026-02-23 13:41:45.937998 (1476825) main____ INFO      pid       : 1476825
2026-02-23 13:41:45.938004 (1476825) main____ INFO      arguments : '-style' 'windows' '-batch' '-proj' './verification_results/01059/jgproject' '-tcl' './jasper_verif_check.tcl'
2026-02-23 13:41:45.938013 (1476825) main____ INFO      locale    : UTF-8
2026-02-23 13:41:45.938018 (1476825) main____ INFO    ----------------------------------------
2026-02-23 13:41:45.938024 (1476825) main____ INFO    System resource limits info:
2026-02-23 13:41:45.938030 (1476825) main____ INFO      virtual memory: unlimited
2026-02-23 13:41:45.938035 (1476825) main____ INFO      cpu time      : unlimited
2026-02-23 13:41:45.938040 (1476825) main____ INFO      stack size    : unlimited
2026-02-23 13:41:45.938045 (1476825) main____ INFO      core file size: unlimited
2026-02-23 13:41:45.938053 (1476825) main____ INFO      open files    : 131072
2026-02-23 13:41:45.938059 (1476825) main____ INFO      file size     : unlimited
2026-02-23 13:41:45.938065 (1476825) main____ INFO    ----------------------------------------
2026-02-23 13:41:45.938070 (1476825) main____ INFO    Memory statistics:
2026-02-23 13:41:45.938076 (1476825) main____ INFO      total physical memory  : 1584164368 kB
2026-02-23 13:41:45.938081 (1476825) main____ INFO      free physical memory   : 701022148 kB
2026-02-23 13:41:45.938087 (1476825) main____ INFO      committed address space: 539055940 kB
2026-02-23 13:41:45.938093 (1476825) main____ INFO    ----------------------------------------
2026-02-23 13:41:45.938656 (1476825) main____ INFO    Important environment variables:
2026-02-23 13:41:45.938671 (1476825) main____ INFO      JASPER_HOME       : '/usr/licensed/cadence-20210126/jasper_2021.03'
2026-02-23 13:41:45.938678 (1476825) main____ INFO      JASPER_INSTALL_DIR: '/scratch/gpfs/LICENSED/x86_64/cadence-20210126/jasper_2021.03'
2026-02-23 13:41:45.938684 (1476825) main____ INFO      LANG              : 'en_US.UTF-8'
2026-02-23 13:41:45.938691 (1476825) main____ INFO      LM_LICENSE_FILE   : '5280@license.rc.princeton.edu'
2026-02-23 13:41:45.938697 (1476825) main____ INFO      TMPDIR            : '/tmp/ab2113/jg_5018816_13'
2026-02-23 13:41:45.938702 (1476825) main____ INFO    ----------------------------------------
2026-02-23 13:41:45.939167 (1476825) lic_core INFO    Initializing license system ...
2026-02-23 13:41:45.939796 (1476825) lic_core INFO    ... license system initialized.
2026-02-23 13:41:45.940663 (1476825) lic__man INFO    Claim 'fpv' for <ui>.
2026-02-23 13:41:45.940701 (1476825) lic_core INFO    (1) checking out 'jasper_fpv' ...
2026-02-23 13:41:45.946924 (1476825) lic_core INFO    ... (1) checkout failed (error: -5) ("FLEXnet ERROR(-5, 0, 0): No such feature exists.")
2026-02-23 13:41:45.946955 (1476825) lic_core INFO    (2) checking out 'jasper_fao' ...
2026-02-23 13:41:45.956235 (1476825) lic_core INFO    ... (2) checkout succeeded
2026-02-23 13:41:45.968714 (1476825) session_ INFO    Starting analysis session with session id 'session_0' (launcher: <local>) ...
2026-02-23 13:41:45.972168 (1476825) session_ INFO    Analysis session with session id 'session_0' started (pid: 1476841)
2026-02-23 13:41:46.554771 (1476825) session_ INFO    Analysis session 'session_0' connected to the console (host: 127.0.0.1:40292)
2026-02-23 13:41:47.079537 (1476825) main____ INFO    About to exit: request to exit with status 1 received from analysis session 'session_0'
2026-02-23 13:41:47.133464 (1476825) session_ INFO    Analysis session 'session_0' disconnected.
2026-02-23 13:41:47.133621 (1476825) lic__man INFO    Unclaim everything for 'session_0'.
2026-02-23 13:41:47.134846 (1476825) session_ INFO    Process for analysis session 'session_0' has exited with exit status '1'.
2026-02-23 13:41:49.087252 (1476825) lic_core INFO    (2) checkin jasper_fao
2026-02-23 13:41:49.088524 (1476825) main____ INFO    Exiting with status 1.
