2026-02-23 13:57:07.746283 (529255) main____ INFO    ----------------------------------------
2026-02-23 13:57:07.746363 (529255) main____ INFO    JasperGold version info
2026-02-23 13:57:07.746379 (529255) main____ INFO      tool      : JasperGold 2021.03
2026-02-23 13:57:07.746387 (529255) main____ INFO      version   : 2021.03 FCS 64 bits
2026-02-23 13:57:07.746392 (529255) main____ INFO      build date: 2021.03.23 02:50:43 UTC
2026-02-23 13:57:07.746396 (529255) main____ INFO    ----------------------------------------
2026-02-23 13:57:07.746400 (529255) main____ INFO    Runtime info:
2026-02-23 13:57:07.746404 (529255) main____ INFO      platform  : Linux 5.14.0-570.84.1.el9_6.x86_64 x86_64
2026-02-23 13:57:07.746410 (529255) main____ INFO      hostname  : della-r3c2n9
2026-02-23 13:57:07.746414 (529255) main____ INFO      pid       : 529255
2026-02-23 13:57:07.746419 (529255) main____ INFO      arguments : '-style' 'windows' '-batch' '-proj' './verification_results/04286/jgproject' '-tcl' './jasper_verif_check.tcl'
2026-02-23 13:57:07.746427 (529255) main____ INFO      locale    : UTF-8
2026-02-23 13:57:07.746431 (529255) main____ INFO    ----------------------------------------
2026-02-23 13:57:07.746435 (529255) main____ INFO    System resource limits info:
2026-02-23 13:57:07.746439 (529255) main____ INFO      virtual memory: unlimited
2026-02-23 13:57:07.746443 (529255) main____ INFO      cpu time      : unlimited
2026-02-23 13:57:07.746448 (529255) main____ INFO      stack size    : unlimited
2026-02-23 13:57:07.746453 (529255) main____ INFO      core file size: unlimited
2026-02-23 13:57:07.746460 (529255) main____ INFO      open files    : 131072
2026-02-23 13:57:07.746464 (529255) main____ INFO      file size     : unlimited
2026-02-23 13:57:07.746469 (529255) main____ INFO    ----------------------------------------
2026-02-23 13:57:07.746472 (529255) main____ INFO    Memory statistics:
2026-02-23 13:57:07.746477 (529255) main____ INFO      total physical memory  : 195972072 kB
2026-02-23 13:57:07.746481 (529255) main____ INFO      free physical memory   : 68660096 kB
2026-02-23 13:57:07.746484 (529255) main____ INFO      committed address space: 62234004 kB
2026-02-23 13:57:07.746488 (529255) main____ INFO    ----------------------------------------
2026-02-23 13:57:07.747451 (529255) main____ INFO    Important environment variables:
2026-02-23 13:57:07.747468 (529255) main____ INFO      JASPER_HOME       : '/usr/licensed/cadence-20210126/jasper_2021.03'
2026-02-23 13:57:07.747475 (529255) main____ INFO      JASPER_INSTALL_DIR: '/scratch/gpfs/LICENSED/x86_64/cadence-20210126/jasper_2021.03'
2026-02-23 13:57:07.747480 (529255) main____ INFO      LANG              : 'en_US.UTF-8'
2026-02-23 13:57:07.747485 (529255) main____ INFO      LM_LICENSE_FILE   : '5280@license.rc.princeton.edu'
2026-02-23 13:57:07.747490 (529255) main____ INFO      TMPDIR            : '/tmp/ab2113/jg_5019135_78'
2026-02-23 13:57:07.747494 (529255) main____ INFO    ----------------------------------------
2026-02-23 13:57:07.748265 (529255) lic_core INFO    Initializing license system ...
2026-02-23 13:57:07.749046 (529255) lic_core INFO    ... license system initialized.
2026-02-23 13:57:07.749768 (529255) lic__man INFO    Claim 'fpv' for <ui>.
2026-02-23 13:57:07.749806 (529255) lic_core INFO    (1) checking out 'jasper_fpv' ...
2026-02-23 13:57:07.755275 (529255) lic_core INFO    ... (1) checkout failed (error: -5) ("FLEXnet ERROR(-5, 0, 0): No such feature exists.")
2026-02-23 13:57:07.755315 (529255) lic_core INFO    (2) checking out 'jasper_fao' ...
2026-02-23 13:57:07.765394 (529255) lic_core INFO    ... (2) checkout succeeded
2026-02-23 13:57:07.779537 (529255) session_ INFO    Starting analysis session with session id 'session_0' (launcher: <local>) ...
2026-02-23 13:57:07.782426 (529255) session_ INFO    Analysis session with session id 'session_0' started (pid: 529264)
2026-02-23 13:57:08.460825 (529255) session_ INFO    Analysis session 'session_0' connected to the console (host: 127.0.0.1:57350)
2026-02-23 13:57:09.272805 (529255) lic__man INFO    Unclaim everything for 'session_0'.
2026-02-23 13:57:09.332926 (529255) main____ INFO    About to exit: request to exit with status 3 received from analysis session 'session_0'
2026-02-23 13:57:09.400770 (529255) session_ INFO    Analysis session 'session_0' disconnected.
2026-02-23 13:57:09.400892 (529255) lic__man INFO    Unclaim everything for 'session_0'.
2026-02-23 13:57:09.401269 (529255) session_ INFO    Process for analysis session 'session_0' has exited with exit status '3'.
2026-02-23 13:57:11.240153 (529255) lic_core INFO    (2) checkin jasper_fao
2026-02-23 13:57:11.241372 (529255) main____ INFO    Exiting with status 3.
