2026-02-23 13:50:51.211279 (2390587) main____ INFO    ----------------------------------------
2026-02-23 13:50:51.211355 (2390587) main____ INFO    JasperGold version info
2026-02-23 13:50:51.211371 (2390587) main____ INFO      tool      : JasperGold 2021.03
2026-02-23 13:50:51.211379 (2390587) main____ INFO      version   : 2021.03 FCS 64 bits
2026-02-23 13:50:51.211385 (2390587) main____ INFO      build date: 2021.03.23 02:50:43 UTC
2026-02-23 13:50:51.211390 (2390587) main____ INFO    ----------------------------------------
2026-02-23 13:50:51.211395 (2390587) main____ INFO    Runtime info:
2026-02-23 13:50:51.211400 (2390587) main____ INFO      platform  : Linux 5.14.0-570.84.1.el9_6.x86_64 x86_64
2026-02-23 13:50:51.211406 (2390587) main____ INFO      hostname  : della-h14n8
2026-02-23 13:50:51.211412 (2390587) main____ INFO      pid       : 2390587
2026-02-23 13:50:51.211417 (2390587) main____ INFO      arguments : '-style' 'windows' '-batch' '-proj' './verification_results/03013/jgproject' '-tcl' './jasper_verif_check.tcl'
2026-02-23 13:50:51.211425 (2390587) main____ INFO      locale    : UTF-8
2026-02-23 13:50:51.211430 (2390587) main____ INFO    ----------------------------------------
2026-02-23 13:50:51.211434 (2390587) main____ INFO    System resource limits info:
2026-02-23 13:50:51.211440 (2390587) main____ INFO      virtual memory: unlimited
2026-02-23 13:50:51.211445 (2390587) main____ INFO      cpu time      : unlimited
2026-02-23 13:50:51.211449 (2390587) main____ INFO      stack size    : unlimited
2026-02-23 13:50:51.211454 (2390587) main____ INFO      core file size: unlimited
2026-02-23 13:50:51.211462 (2390587) main____ INFO      open files    : 131072
2026-02-23 13:50:51.211467 (2390587) main____ INFO      file size     : unlimited
2026-02-23 13:50:51.211471 (2390587) main____ INFO    ----------------------------------------
2026-02-23 13:50:51.211476 (2390587) main____ INFO    Memory statistics:
2026-02-23 13:50:51.211482 (2390587) main____ INFO      total physical memory  : 1584164340 kB
2026-02-23 13:50:51.211487 (2390587) main____ INFO      free physical memory   : 761205948 kB
2026-02-23 13:50:51.211492 (2390587) main____ INFO      committed address space: 531562656 kB
2026-02-23 13:50:51.211496 (2390587) main____ INFO    ----------------------------------------
2026-02-23 13:50:51.212048 (2390587) main____ INFO    Important environment variables:
2026-02-23 13:50:51.212064 (2390587) main____ INFO      JASPER_HOME       : '/usr/licensed/cadence-20210126/jasper_2021.03'
2026-02-23 13:50:51.212070 (2390587) main____ INFO      JASPER_INSTALL_DIR: '/scratch/gpfs/LICENSED/x86_64/cadence-20210126/jasper_2021.03'
2026-02-23 13:50:51.212076 (2390587) main____ INFO      LANG              : 'en_US.UTF-8'
2026-02-23 13:50:51.212081 (2390587) main____ INFO      LM_LICENSE_FILE   : '5280@license.rc.princeton.edu'
2026-02-23 13:50:51.212087 (2390587) main____ INFO      TMPDIR            : '/tmp/ab2113/jg_5018966_52'
2026-02-23 13:50:51.212091 (2390587) main____ INFO    ----------------------------------------
2026-02-23 13:50:51.212729 (2390587) lic_core INFO    Initializing license system ...
2026-02-23 13:50:51.213312 (2390587) lic_core INFO    ... license system initialized.
2026-02-23 13:50:51.214155 (2390587) lic__man INFO    Claim 'fpv' for <ui>.
2026-02-23 13:50:51.214193 (2390587) lic_core INFO    (1) checking out 'jasper_fpv' ...
2026-02-23 13:50:51.220465 (2390587) lic_core INFO    ... (1) checkout failed (error: -5) ("FLEXnet ERROR(-5, 0, 0): No such feature exists.")
2026-02-23 13:50:51.220494 (2390587) lic_core INFO    (2) checking out 'jasper_fao' ...
2026-02-23 13:50:51.232735 (2390587) lic_core INFO    ... (2) checkout succeeded
2026-02-23 13:50:51.243942 (2390587) session_ INFO    Starting analysis session with session id 'session_0' (launcher: <local>) ...
2026-02-23 13:50:51.247148 (2390587) session_ INFO    Analysis session with session id 'session_0' started (pid: 2390595)
2026-02-23 13:50:51.784043 (2390587) session_ INFO    Analysis session 'session_0' connected to the console (host: 127.0.0.1:48294)
2026-02-23 13:50:52.559780 (2390587) lic__man INFO    Unclaim everything for 'session_0'.
2026-02-23 13:50:52.597487 (2390587) lic__man INFO    Claim 'fpv' for 'session_0'.
2026-02-23 13:50:52.597533 (2390587) lic__man INFO    Claim 'fpv' for 'session_0/prove-0'.
2026-02-23 13:50:52.799553 (2390587) lic__man INFO    Unclaim everything for 'session_0/prove-0'.
2026-02-23 13:50:52.852828 (2390587) main____ INFO    About to exit: request to exit with status 0 received from analysis session 'session_0'
2026-02-23 13:50:52.917643 (2390587) session_ INFO    Analysis session 'session_0' disconnected.
2026-02-23 13:50:52.917821 (2390587) lic__man INFO    Unclaim everything for 'session_0'.
2026-02-23 13:50:52.918531 (2390587) session_ INFO    Process for analysis session 'session_0' has exited with exit status '0'.
2026-02-23 13:50:54.961281 (2390587) lic_core INFO    (2) checkin jasper_fao
2026-02-23 13:50:54.963123 (2390587) main____ INFO    Exiting with status 0.
