2026-02-23 13:52:34.230599 (4177740) main____ INFO    ----------------------------------------
2026-02-23 13:52:34.230700 (4177740) main____ INFO    JasperGold version info
2026-02-23 13:52:34.230723 (4177740) main____ INFO      tool      : JasperGold 2021.03
2026-02-23 13:52:34.230734 (4177740) main____ INFO      version   : 2021.03 FCS 64 bits
2026-02-23 13:52:34.230740 (4177740) main____ INFO      build date: 2021.03.23 02:50:43 UTC
2026-02-23 13:52:34.230746 (4177740) main____ INFO    ----------------------------------------
2026-02-23 13:52:34.230751 (4177740) main____ INFO    Runtime info:
2026-02-23 13:52:34.230756 (4177740) main____ INFO      platform  : Linux 5.14.0-570.84.1.el9_6.x86_64 x86_64
2026-02-23 13:52:34.230763 (4177740) main____ INFO      hostname  : della-h14n1
2026-02-23 13:52:34.230768 (4177740) main____ INFO      pid       : 4177740
2026-02-23 13:52:34.230774 (4177740) main____ INFO      arguments : '-style' 'windows' '-batch' '-proj' './verification_results/03624/jgproject' '-tcl' './jasper_verif_check.tcl'
2026-02-23 13:52:34.230782 (4177740) main____ INFO      locale    : UTF-8
2026-02-23 13:52:34.230787 (4177740) main____ INFO    ----------------------------------------
2026-02-23 13:52:34.230792 (4177740) main____ INFO    System resource limits info:
2026-02-23 13:52:34.230797 (4177740) main____ INFO      virtual memory: unlimited
2026-02-23 13:52:34.230802 (4177740) main____ INFO      cpu time      : unlimited
2026-02-23 13:52:34.230808 (4177740) main____ INFO      stack size    : unlimited
2026-02-23 13:52:34.230813 (4177740) main____ INFO      core file size: unlimited
2026-02-23 13:52:34.230820 (4177740) main____ INFO      open files    : 131072
2026-02-23 13:52:34.230825 (4177740) main____ INFO      file size     : unlimited
2026-02-23 13:52:34.230830 (4177740) main____ INFO    ----------------------------------------
2026-02-23 13:52:34.230835 (4177740) main____ INFO    Memory statistics:
2026-02-23 13:52:34.230841 (4177740) main____ INFO      total physical memory  : 1584164324 kB
2026-02-23 13:52:34.230846 (4177740) main____ INFO      free physical memory   : 717216940 kB
2026-02-23 13:52:34.230851 (4177740) main____ INFO      committed address space: 575211792 kB
2026-02-23 13:52:34.230856 (4177740) main____ INFO    ----------------------------------------
2026-02-23 13:52:34.231433 (4177740) main____ INFO    Important environment variables:
2026-02-23 13:52:34.231447 (4177740) main____ INFO      JASPER_HOME       : '/usr/licensed/cadence-20210126/jasper_2021.03'
2026-02-23 13:52:34.231454 (4177740) main____ INFO      JASPER_INSTALL_DIR: '/scratch/gpfs/LICENSED/x86_64/cadence-20210126/jasper_2021.03'
2026-02-23 13:52:34.231460 (4177740) main____ INFO      LANG              : 'en_US.UTF-8'
2026-02-23 13:52:34.231466 (4177740) main____ INFO      LM_LICENSE_FILE   : '5280@license.rc.princeton.edu'
2026-02-23 13:52:34.231471 (4177740) main____ INFO      TMPDIR            : '/tmp/ab2113/jg_5019052_65'
2026-02-23 13:52:34.231477 (4177740) main____ INFO    ----------------------------------------
2026-02-23 13:52:34.231960 (4177740) lic_core INFO    Initializing license system ...
2026-02-23 13:52:34.232508 (4177740) lic_core INFO    ... license system initialized.
2026-02-23 13:52:34.233376 (4177740) lic__man INFO    Claim 'fpv' for <ui>.
2026-02-23 13:52:34.233410 (4177740) lic_core INFO    (1) checking out 'jasper_fpv' ...
2026-02-23 13:52:34.239782 (4177740) lic_core INFO    ... (1) checkout failed (error: -5) ("FLEXnet ERROR(-5, 0, 0): No such feature exists.")
2026-02-23 13:52:34.239814 (4177740) lic_core INFO    (2) checking out 'jasper_fao' ...
2026-02-23 13:52:34.249491 (4177740) lic_core INFO    ... (2) checkout succeeded
2026-02-23 13:52:34.262111 (4177740) session_ INFO    Starting analysis session with session id 'session_0' (launcher: <local>) ...
2026-02-23 13:52:34.265255 (4177740) session_ INFO    Analysis session with session id 'session_0' started (pid: 4177749)
2026-02-23 13:52:34.836205 (4177740) session_ INFO    Analysis session 'session_0' connected to the console (host: 127.0.0.1:47792)
2026-02-23 13:52:35.700468 (4177740) lic__man INFO    Unclaim everything for 'session_0'.
2026-02-23 13:52:35.760782 (4177740) main____ INFO    About to exit: request to exit with status 3 received from analysis session 'session_0'
2026-02-23 13:52:35.820365 (4177740) session_ INFO    Analysis session 'session_0' disconnected.
2026-02-23 13:52:35.820512 (4177740) lic__man INFO    Unclaim everything for 'session_0'.
2026-02-23 13:52:35.821181 (4177740) session_ INFO    Process for analysis session 'session_0' has exited with exit status '3'.
2026-02-23 13:52:37.667202 (4177740) lic_core INFO    (2) checkin jasper_fao
2026-02-23 13:52:37.668812 (4177740) main____ INFO    Exiting with status 3.
