2026-02-23 13:53:34.229119 (1356162) main____ INFO    ----------------------------------------
2026-02-23 13:53:34.229207 (1356162) main____ INFO    JasperGold version info
2026-02-23 13:53:34.229222 (1356162) main____ INFO      tool      : JasperGold 2021.03
2026-02-23 13:53:34.229230 (1356162) main____ INFO      version   : 2021.03 FCS 64 bits
2026-02-23 13:53:34.229235 (1356162) main____ INFO      build date: 2021.03.23 02:50:43 UTC
2026-02-23 13:53:34.229239 (1356162) main____ INFO    ----------------------------------------
2026-02-23 13:53:34.229242 (1356162) main____ INFO    Runtime info:
2026-02-23 13:53:34.229246 (1356162) main____ INFO      platform  : Linux 5.14.0-570.84.1.el9_6.x86_64 x86_64
2026-02-23 13:53:34.229252 (1356162) main____ INFO      hostname  : della-i13n21
2026-02-23 13:53:34.229256 (1356162) main____ INFO      pid       : 1356162
2026-02-23 13:53:34.229260 (1356162) main____ INFO      arguments : '-style' 'windows' '-batch' '-proj' './verification_results/02195/jgproject' '-tcl' './jasper_verif_check.tcl'
2026-02-23 13:53:34.229267 (1356162) main____ INFO      locale    : UTF-8
2026-02-23 13:53:34.229271 (1356162) main____ INFO    ----------------------------------------
2026-02-23 13:53:34.229275 (1356162) main____ INFO    System resource limits info:
2026-02-23 13:53:34.229279 (1356162) main____ INFO      virtual memory: unlimited
2026-02-23 13:53:34.229282 (1356162) main____ INFO      cpu time      : unlimited
2026-02-23 13:53:34.229286 (1356162) main____ INFO      stack size    : unlimited
2026-02-23 13:53:34.229290 (1356162) main____ INFO      core file size: unlimited
2026-02-23 13:53:34.229296 (1356162) main____ INFO      open files    : 131072
2026-02-23 13:53:34.229300 (1356162) main____ INFO      file size     : unlimited
2026-02-23 13:53:34.229304 (1356162) main____ INFO    ----------------------------------------
2026-02-23 13:53:34.229308 (1356162) main____ INFO    Memory statistics:
2026-02-23 13:53:34.229312 (1356162) main____ INFO      total physical memory  : 394157548 kB
2026-02-23 13:53:34.229315 (1356162) main____ INFO      free physical memory   : 234897992 kB
2026-02-23 13:53:34.229319 (1356162) main____ INFO      committed address space: 109982292 kB
2026-02-23 13:53:34.229322 (1356162) main____ INFO    ----------------------------------------
2026-02-23 13:53:34.230215 (1356162) main____ INFO    Important environment variables:
2026-02-23 13:53:34.230234 (1356162) main____ INFO      JASPER_HOME       : '/usr/licensed/cadence-20210126/jasper_2021.03'
2026-02-23 13:53:34.230240 (1356162) main____ INFO      JASPER_INSTALL_DIR: '/scratch/gpfs/LICENSED/x86_64/cadence-20210126/jasper_2021.03'
2026-02-23 13:53:34.230246 (1356162) main____ INFO      LANG              : 'en_US.UTF-8'
2026-02-23 13:53:34.230251 (1356162) main____ INFO      LM_LICENSE_FILE   : '5280@license.rc.princeton.edu'
2026-02-23 13:53:34.230255 (1356162) main____ INFO      TMPDIR            : '/tmp/ab2113/jg_5018895_36'
2026-02-23 13:53:34.230259 (1356162) main____ INFO    ----------------------------------------
2026-02-23 13:53:34.231089 (1356162) lic_core INFO    Initializing license system ...
2026-02-23 13:53:34.231907 (1356162) lic_core INFO    ... license system initialized.
2026-02-23 13:53:34.232637 (1356162) lic__man INFO    Claim 'fpv' for <ui>.
2026-02-23 13:53:34.232677 (1356162) lic_core INFO    (1) checking out 'jasper_fpv' ...
2026-02-23 13:53:34.238647 (1356162) lic_core INFO    ... (1) checkout failed (error: -5) ("FLEXnet ERROR(-5, 0, 0): No such feature exists.")
2026-02-23 13:53:34.238698 (1356162) lic_core INFO    (2) checking out 'jasper_fao' ...
2026-02-23 13:53:34.249199 (1356162) lic_core INFO    ... (2) checkout succeeded
2026-02-23 13:53:34.262902 (1356162) session_ INFO    Starting analysis session with session id 'session_0' (launcher: <local>) ...
2026-02-23 13:53:34.265747 (1356162) session_ INFO    Analysis session with session id 'session_0' started (pid: 1356178)
2026-02-23 13:53:34.903072 (1356162) session_ INFO    Analysis session 'session_0' connected to the console (host: 127.0.0.1:43018)
2026-02-23 13:53:35.449213 (1356162) main____ INFO    About to exit: request to exit with status 1 received from analysis session 'session_0'
2026-02-23 13:53:35.521932 (1356162) session_ INFO    Analysis session 'session_0' disconnected.
2026-02-23 13:53:35.522049 (1356162) lic__man INFO    Unclaim everything for 'session_0'.
2026-02-23 13:53:35.522675 (1356162) session_ INFO    Process for analysis session 'session_0' has exited with exit status '1'.
2026-02-23 13:53:37.504456 (1356162) lic_core INFO    (2) checkin jasper_fao
2026-02-23 13:53:37.506122 (1356162) main____ INFO    Exiting with status 1.
