2026-02-23 13:45:50.764247 (119444) main____ INFO    ----------------------------------------
2026-02-23 13:45:50.764373 (119444) main____ INFO    JasperGold version info
2026-02-23 13:45:50.764401 (119444) main____ INFO      tool      : JasperGold 2021.03
2026-02-23 13:45:50.764412 (119444) main____ INFO      version   : 2021.03 FCS 64 bits
2026-02-23 13:45:50.764418 (119444) main____ INFO      build date: 2021.03.23 02:50:43 UTC
2026-02-23 13:45:50.764425 (119444) main____ INFO    ----------------------------------------
2026-02-23 13:45:50.764431 (119444) main____ INFO    Runtime info:
2026-02-23 13:45:50.764439 (119444) main____ INFO      platform  : Linux 5.14.0-570.84.1.el9_6.x86_64 x86_64
2026-02-23 13:45:50.764448 (119444) main____ INFO      hostname  : della-h14n2
2026-02-23 13:45:50.764456 (119444) main____ INFO      pid       : 119444
2026-02-23 13:45:50.764461 (119444) main____ INFO      arguments : '-style' 'windows' '-batch' '-proj' './verification_results/02421/jgproject' '-tcl' './jasper_verif_check.tcl'
2026-02-23 13:45:50.764472 (119444) main____ INFO      locale    : UTF-8
2026-02-23 13:45:50.764478 (119444) main____ INFO    ----------------------------------------
2026-02-23 13:45:50.764484 (119444) main____ INFO    System resource limits info:
2026-02-23 13:45:50.764490 (119444) main____ INFO      virtual memory: unlimited
2026-02-23 13:45:50.764495 (119444) main____ INFO      cpu time      : unlimited
2026-02-23 13:45:50.764500 (119444) main____ INFO      stack size    : unlimited
2026-02-23 13:45:50.764505 (119444) main____ INFO      core file size: unlimited
2026-02-23 13:45:50.764514 (119444) main____ INFO      open files    : 131072
2026-02-23 13:45:50.764519 (119444) main____ INFO      file size     : unlimited
2026-02-23 13:45:50.764527 (119444) main____ INFO    ----------------------------------------
2026-02-23 13:45:50.764532 (119444) main____ INFO    Memory statistics:
2026-02-23 13:45:50.764539 (119444) main____ INFO      total physical memory  : 1584164328 kB
2026-02-23 13:45:50.764546 (119444) main____ INFO      free physical memory   : 750941172 kB
2026-02-23 13:45:50.764552 (119444) main____ INFO      committed address space: 673036184 kB
2026-02-23 13:45:50.764557 (119444) main____ INFO    ----------------------------------------
2026-02-23 13:45:50.765114 (119444) main____ INFO    Important environment variables:
2026-02-23 13:45:50.765136 (119444) main____ INFO      JASPER_HOME       : '/usr/licensed/cadence-20210126/jasper_2021.03'
2026-02-23 13:45:50.765143 (119444) main____ INFO      JASPER_INSTALL_DIR: '/scratch/gpfs/LICENSED/x86_64/cadence-20210126/jasper_2021.03'
2026-02-23 13:45:50.765149 (119444) main____ INFO      LANG              : 'en_US.UTF-8'
2026-02-23 13:45:50.765156 (119444) main____ INFO      LM_LICENSE_FILE   : '5280@license.rc.princeton.edu'
2026-02-23 13:45:50.765162 (119444) main____ INFO      TMPDIR            : '/tmp/ab2113/jg_5018913_41'
2026-02-23 13:45:50.765169 (119444) main____ INFO    ----------------------------------------
2026-02-23 13:45:50.766088 (119444) lic_core INFO    Initializing license system ...
2026-02-23 13:45:50.767092 (119444) lic_core INFO    ... license system initialized.
2026-02-23 13:45:50.768188 (119444) lic__man INFO    Claim 'fpv' for <ui>.
2026-02-23 13:45:50.768252 (119444) lic_core INFO    (1) checking out 'jasper_fpv' ...
2026-02-23 13:45:50.775053 (119444) lic_core INFO    ... (1) checkout failed (error: -5) ("FLEXnet ERROR(-5, 0, 0): No such feature exists.")
2026-02-23 13:45:50.775088 (119444) lic_core INFO    (2) checking out 'jasper_fao' ...
2026-02-23 13:45:50.784199 (119444) lic_core INFO    ... (2) checkout succeeded
2026-02-23 13:45:50.797185 (119444) session_ INFO    Starting analysis session with session id 'session_0' (launcher: <local>) ...
2026-02-23 13:45:50.801010 (119444) session_ INFO    Analysis session with session id 'session_0' started (pid: 119589)
2026-02-23 13:45:51.404282 (119444) session_ INFO    Analysis session 'session_0' connected to the console (host: 127.0.0.1:46618)
2026-02-23 13:45:51.927898 (119444) main____ INFO    About to exit: request to exit with status 1 received from analysis session 'session_0'
2026-02-23 13:45:51.987003 (119444) session_ INFO    Analysis session 'session_0' disconnected.
2026-02-23 13:45:51.987150 (119444) lic__man INFO    Unclaim everything for 'session_0'.
2026-02-23 13:45:51.987910 (119444) session_ INFO    Process for analysis session 'session_0' has exited with exit status '1'.
2026-02-23 13:45:53.967058 (119444) lic_core INFO    (2) checkin jasper_fao
2026-02-23 13:45:53.968573 (119444) main____ INFO    Exiting with status 1.
