2026-02-20 17:34:34.843329 (2533327) main____ INFO    ----------------------------------------
2026-02-20 17:34:34.843459 (2533327) main____ INFO    JasperGold version info
2026-02-20 17:34:34.843482 (2533327) main____ INFO      tool      : JasperGold 2021.03
2026-02-20 17:34:34.843492 (2533327) main____ INFO      version   : 2021.03 FCS 64 bits
2026-02-20 17:34:34.843498 (2533327) main____ INFO      build date: 2021.03.23 02:50:43 UTC
2026-02-20 17:34:34.843502 (2533327) main____ INFO    ----------------------------------------
2026-02-20 17:34:34.843506 (2533327) main____ INFO    Runtime info:
2026-02-20 17:34:34.843510 (2533327) main____ INFO      platform  : Linux 5.14.0-570.84.1.el9_6.x86_64 x86_64
2026-02-20 17:34:34.843516 (2533327) main____ INFO      hostname  : della-i13n22
2026-02-20 17:34:34.843521 (2533327) main____ INFO      pid       : 2533327
2026-02-20 17:34:34.843525 (2533327) main____ INFO      arguments : '-style' 'windows' '-batch' '-proj' 'verification_results/00256/jgproject' '-tcl' './jasper_verif_check.tcl'
2026-02-20 17:34:34.843533 (2533327) main____ INFO      locale    : UTF-8
2026-02-20 17:34:34.843538 (2533327) main____ INFO    ----------------------------------------
2026-02-20 17:34:34.843541 (2533327) main____ INFO    System resource limits info:
2026-02-20 17:34:34.843545 (2533327) main____ INFO      virtual memory: unlimited
2026-02-20 17:34:34.843549 (2533327) main____ INFO      cpu time      : unlimited
2026-02-20 17:34:34.843553 (2533327) main____ INFO      stack size    : unlimited
2026-02-20 17:34:34.843557 (2533327) main____ INFO      core file size: unlimited
2026-02-20 17:34:34.843565 (2533327) main____ INFO      open files    : 131072
2026-02-20 17:34:34.843569 (2533327) main____ INFO      file size     : unlimited
2026-02-20 17:34:34.843573 (2533327) main____ INFO    ----------------------------------------
2026-02-20 17:34:34.843577 (2533327) main____ INFO    Memory statistics:
2026-02-20 17:34:34.843581 (2533327) main____ INFO      total physical memory  : 394157548 kB
2026-02-20 17:34:34.843585 (2533327) main____ INFO      free physical memory   : 194063416 kB
2026-02-20 17:34:34.843589 (2533327) main____ INFO      committed address space: 164884660 kB
2026-02-20 17:34:34.843592 (2533327) main____ INFO    ----------------------------------------
2026-02-20 17:34:34.844484 (2533327) main____ INFO    Important environment variables:
2026-02-20 17:34:34.844502 (2533327) main____ INFO      JASPER_HOME       : '/usr/licensed/cadence-20210126/jasper_2021.03'
2026-02-20 17:34:34.844509 (2533327) main____ INFO      JASPER_INSTALL_DIR: '/scratch/gpfs/LICENSED/x86_64/cadence-20210126/jasper_2021.03'
2026-02-20 17:34:34.844514 (2533327) main____ INFO      LANG              : 'en_US.UTF-8'
2026-02-20 17:34:34.844519 (2533327) main____ INFO      LM_LICENSE_FILE   : '5280@license.rc.princeton.edu'
2026-02-20 17:34:34.844523 (2533327) main____ INFO      TMPDIR            : '/tmp'
2026-02-20 17:34:34.844528 (2533327) main____ INFO    ----------------------------------------
2026-02-20 17:34:34.845519 (2533327) lic_core INFO    Initializing license system ...
2026-02-20 17:34:34.846045 (2533327) lic_core INFO    ... license system initialized.
2026-02-20 17:34:34.846874 (2533327) lic__man INFO    Claim 'fpv' for <ui>.
2026-02-20 17:34:34.846917 (2533327) lic_core INFO    (1) checking out 'jasper_fpv' ...
2026-02-20 17:34:34.853116 (2533327) lic_core INFO    ... (1) checkout failed (error: -5) ("FLEXnet ERROR(-5, 0, 0): No such feature exists.")
2026-02-20 17:34:34.853194 (2533327) lic_core INFO    (2) checking out 'jasper_fao' ...
2026-02-20 17:34:34.863553 (2533327) lic_core INFO    ... (2) checkout succeeded
2026-02-20 17:34:34.877823 (2533327) session_ INFO    Starting analysis session with session id 'session_0' (launcher: <local>) ...
2026-02-20 17:34:34.881021 (2533327) session_ INFO    Analysis session with session id 'session_0' started (pid: 2533335)
2026-02-20 17:34:35.639813 (2533327) session_ INFO    Analysis session 'session_0' connected to the console (host: 127.0.0.1:32800)
2026-02-20 17:34:36.223510 (2533327) main____ INFO    About to exit: request to exit with status 1 received from analysis session 'session_0'
2026-02-20 17:34:36.323147 (2533327) session_ INFO    Analysis session 'session_0' disconnected.
2026-02-20 17:34:36.323295 (2533327) lic__man INFO    Unclaim everything for 'session_0'.
2026-02-20 17:34:36.323980 (2533327) session_ INFO    Process for analysis session 'session_0' has exited with exit status '1'.
2026-02-20 17:34:38.128958 (2533327) lic_core INFO    (2) checkin jasper_fao
2026-02-20 17:34:38.130497 (2533327) main____ INFO    Exiting with status 1.
