2026-02-23 13:41:51.816336 (1779442) main____ INFO    ----------------------------------------
2026-02-23 13:41:51.816401 (1779442) main____ INFO    JasperGold version info
2026-02-23 13:41:51.816417 (1779442) main____ INFO      tool      : JasperGold 2021.03
2026-02-23 13:41:51.816425 (1779442) main____ INFO      version   : 2021.03 FCS 64 bits
2026-02-23 13:41:51.816431 (1779442) main____ INFO      build date: 2021.03.23 02:50:43 UTC
2026-02-23 13:41:51.816435 (1779442) main____ INFO    ----------------------------------------
2026-02-23 13:41:51.816441 (1779442) main____ INFO    Runtime info:
2026-02-23 13:41:51.816446 (1779442) main____ INFO      platform  : Linux 5.14.0-570.84.1.el9_6.x86_64 x86_64
2026-02-23 13:41:51.816452 (1779442) main____ INFO      hostname  : della-h14n12
2026-02-23 13:41:51.816457 (1779442) main____ INFO      pid       : 1779442
2026-02-23 13:41:51.816462 (1779442) main____ INFO      arguments : '-style' 'windows' '-batch' '-proj' './verification_results/01623/jgproject' '-tcl' './jasper_verif_check.tcl'
2026-02-23 13:41:51.816469 (1779442) main____ INFO      locale    : UTF-8
2026-02-23 13:41:51.816474 (1779442) main____ INFO    ----------------------------------------
2026-02-23 13:41:51.816478 (1779442) main____ INFO    System resource limits info:
2026-02-23 13:41:51.816483 (1779442) main____ INFO      virtual memory: unlimited
2026-02-23 13:41:51.816488 (1779442) main____ INFO      cpu time      : unlimited
2026-02-23 13:41:51.816493 (1779442) main____ INFO      stack size    : unlimited
2026-02-23 13:41:51.816498 (1779442) main____ INFO      core file size: unlimited
2026-02-23 13:41:51.816504 (1779442) main____ INFO      open files    : 131072
2026-02-23 13:41:51.816509 (1779442) main____ INFO      file size     : unlimited
2026-02-23 13:41:51.816514 (1779442) main____ INFO    ----------------------------------------
2026-02-23 13:41:51.816518 (1779442) main____ INFO    Memory statistics:
2026-02-23 13:41:51.816524 (1779442) main____ INFO      total physical memory  : 1584164368 kB
2026-02-23 13:41:51.816529 (1779442) main____ INFO      free physical memory   : 706564516 kB
2026-02-23 13:41:51.816533 (1779442) main____ INFO      committed address space: 491911924 kB
2026-02-23 13:41:51.816538 (1779442) main____ INFO    ----------------------------------------
2026-02-23 13:41:51.817068 (1779442) main____ INFO    Important environment variables:
2026-02-23 13:41:51.817081 (1779442) main____ INFO      JASPER_HOME       : '/usr/licensed/cadence-20210126/jasper_2021.03'
2026-02-23 13:41:51.817088 (1779442) main____ INFO      JASPER_INSTALL_DIR: '/scratch/gpfs/LICENSED/x86_64/cadence-20210126/jasper_2021.03'
2026-02-23 13:41:51.817093 (1779442) main____ INFO      LANG              : 'en_US.UTF-8'
2026-02-23 13:41:51.817098 (1779442) main____ INFO      LM_LICENSE_FILE   : '5280@license.rc.princeton.edu'
2026-02-23 13:41:51.817104 (1779442) main____ INFO      TMPDIR            : '/tmp/ab2113/jg_5018846_25'
2026-02-23 13:41:51.817108 (1779442) main____ INFO    ----------------------------------------
2026-02-23 13:41:51.817602 (1779442) lic_core INFO    Initializing license system ...
2026-02-23 13:41:51.818112 (1779442) lic_core INFO    ... license system initialized.
2026-02-23 13:41:51.818846 (1779442) lic__man INFO    Claim 'fpv' for <ui>.
2026-02-23 13:41:51.818877 (1779442) lic_core INFO    (1) checking out 'jasper_fpv' ...
2026-02-23 13:41:51.827815 (1779442) lic_core INFO    ... (1) checkout failed (error: -5) ("FLEXnet ERROR(-5, 0, 0): No such feature exists.")
2026-02-23 13:41:51.827845 (1779442) lic_core INFO    (2) checking out 'jasper_fao' ...
2026-02-23 13:41:51.836642 (1779442) lic_core INFO    ... (2) checkout succeeded
2026-02-23 13:41:51.846945 (1779442) session_ INFO    Starting analysis session with session id 'session_0' (launcher: <local>) ...
2026-02-23 13:41:51.849879 (1779442) session_ INFO    Analysis session with session id 'session_0' started (pid: 1779450)
2026-02-23 13:41:52.385809 (1779442) session_ INFO    Analysis session 'session_0' connected to the console (host: 127.0.0.1:46660)
2026-02-23 13:41:52.896010 (1779442) main____ INFO    About to exit: request to exit with status 1 received from analysis session 'session_0'
2026-02-23 13:41:52.949553 (1779442) session_ INFO    Analysis session 'session_0' disconnected.
2026-02-23 13:41:52.949688 (1779442) lic__man INFO    Unclaim everything for 'session_0'.
2026-02-23 13:41:52.950178 (1779442) session_ INFO    Process for analysis session 'session_0' has exited with exit status '1'.
2026-02-23 13:41:55.001238 (1779442) lic_core INFO    (2) checkin jasper_fao
2026-02-23 13:41:55.008398 (1779442) main____ INFO    Exiting with status 1.
