2026-02-23 14:21:05.652521 (1393960) main____ INFO    ----------------------------------------
2026-02-23 14:21:05.652625 (1393960) main____ INFO    JasperGold version info
2026-02-23 14:21:05.652645 (1393960) main____ INFO      tool      : JasperGold 2021.03
2026-02-23 14:21:05.652653 (1393960) main____ INFO      version   : 2021.03 FCS 64 bits
2026-02-23 14:21:05.652658 (1393960) main____ INFO      build date: 2021.03.23 02:50:43 UTC
2026-02-23 14:21:05.652662 (1393960) main____ INFO    ----------------------------------------
2026-02-23 14:21:05.652666 (1393960) main____ INFO    Runtime info:
2026-02-23 14:21:05.652671 (1393960) main____ INFO      platform  : Linux 5.14.0-570.84.1.el9_6.x86_64 x86_64
2026-02-23 14:21:05.652676 (1393960) main____ INFO      hostname  : della-r3c3n3
2026-02-23 14:21:05.652681 (1393960) main____ INFO      pid       : 1393960
2026-02-23 14:21:05.652686 (1393960) main____ INFO      arguments : '-style' 'windows' '-batch' '-proj' './verification_results/02752/jgproject' '-tcl' './jasper_verif_check.tcl'
2026-02-23 14:21:05.652694 (1393960) main____ INFO      locale    : UTF-8
2026-02-23 14:21:05.652698 (1393960) main____ INFO    ----------------------------------------
2026-02-23 14:21:05.652702 (1393960) main____ INFO    System resource limits info:
2026-02-23 14:21:05.652706 (1393960) main____ INFO      virtual memory: unlimited
2026-02-23 14:21:05.652711 (1393960) main____ INFO      cpu time      : unlimited
2026-02-23 14:21:05.652715 (1393960) main____ INFO      stack size    : unlimited
2026-02-23 14:21:05.652720 (1393960) main____ INFO      core file size: unlimited
2026-02-23 14:21:05.652726 (1393960) main____ INFO      open files    : 131072
2026-02-23 14:21:05.652730 (1393960) main____ INFO      file size     : unlimited
2026-02-23 14:21:05.652734 (1393960) main____ INFO    ----------------------------------------
2026-02-23 14:21:05.652738 (1393960) main____ INFO    Memory statistics:
2026-02-23 14:21:05.652743 (1393960) main____ INFO      total physical memory  : 195972168 kB
2026-02-23 14:21:05.652747 (1393960) main____ INFO      free physical memory   : 111696308 kB
2026-02-23 14:21:05.652750 (1393960) main____ INFO      committed address space: 58862660 kB
2026-02-23 14:21:05.652754 (1393960) main____ INFO    ----------------------------------------
2026-02-23 14:21:05.653733 (1393960) main____ INFO    Important environment variables:
2026-02-23 14:21:05.653750 (1393960) main____ INFO      JASPER_HOME       : '/usr/licensed/cadence-20210126/jasper_2021.03'
2026-02-23 14:21:05.653757 (1393960) main____ INFO      JASPER_INSTALL_DIR: '/scratch/gpfs/LICENSED/x86_64/cadence-20210126/jasper_2021.03'
2026-02-23 14:21:05.653762 (1393960) main____ INFO      LANG              : 'en_US.UTF-8'
2026-02-23 14:21:05.653768 (1393960) main____ INFO      LM_LICENSE_FILE   : '5280@license.rc.princeton.edu'
2026-02-23 14:21:05.653773 (1393960) main____ INFO      TMPDIR            : '/tmp/ab2113/jg_5018947_47'
2026-02-23 14:21:05.653777 (1393960) main____ INFO    ----------------------------------------
2026-02-23 14:21:05.654655 (1393960) lic_core INFO    Initializing license system ...
2026-02-23 14:21:05.655509 (1393960) lic_core INFO    ... license system initialized.
2026-02-23 14:21:05.656376 (1393960) lic__man INFO    Claim 'fpv' for <ui>.
2026-02-23 14:21:05.656425 (1393960) lic_core INFO    (1) checking out 'jasper_fpv' ...
2026-02-23 14:21:05.662453 (1393960) lic_core INFO    ... (1) checkout failed (error: -5) ("FLEXnet ERROR(-5, 0, 0): No such feature exists.")
2026-02-23 14:21:05.662509 (1393960) lic_core INFO    (2) checking out 'jasper_fao' ...
2026-02-23 14:21:05.673554 (1393960) lic_core INFO    ... (2) checkout succeeded
2026-02-23 14:21:05.688070 (1393960) session_ INFO    Starting analysis session with session id 'session_0' (launcher: <local>) ...
2026-02-23 14:21:05.691054 (1393960) session_ INFO    Analysis session with session id 'session_0' started (pid: 1393968)
2026-02-23 14:21:06.470491 (1393960) session_ INFO    Analysis session 'session_0' connected to the console (host: 127.0.0.1:47476)
2026-02-23 14:21:07.359141 (1393960) lic__man INFO    Unclaim everything for 'session_0'.
2026-02-23 14:21:07.456546 (1393960) main____ INFO    About to exit: request to exit with status 3 received from analysis session 'session_0'
2026-02-23 14:21:07.548871 (1393960) session_ INFO    Analysis session 'session_0' disconnected.
2026-02-23 14:21:07.549034 (1393960) lic__man INFO    Unclaim everything for 'session_0'.
2026-02-23 14:21:07.550621 (1393960) session_ INFO    Process for analysis session 'session_0' has exited with exit status '3'.
2026-02-23 14:21:09.541696 (1393960) lic_core INFO    (2) checkin jasper_fao
2026-02-23 14:21:09.543734 (1393960) main____ INFO    Exiting with status 3.
