2026-02-23 13:58:18.850577 (532669) main____ INFO    ----------------------------------------
2026-02-23 13:58:18.850655 (532669) main____ INFO    JasperGold version info
2026-02-23 13:58:18.850670 (532669) main____ INFO      tool      : JasperGold 2021.03
2026-02-23 13:58:18.850680 (532669) main____ INFO      version   : 2021.03 FCS 64 bits
2026-02-23 13:58:18.850686 (532669) main____ INFO      build date: 2021.03.23 02:50:43 UTC
2026-02-23 13:58:18.850690 (532669) main____ INFO    ----------------------------------------
2026-02-23 13:58:18.850694 (532669) main____ INFO    Runtime info:
2026-02-23 13:58:18.850699 (532669) main____ INFO      platform  : Linux 5.14.0-570.84.1.el9_6.x86_64 x86_64
2026-02-23 13:58:18.850704 (532669) main____ INFO      hostname  : della-r3c2n9
2026-02-23 13:58:18.850709 (532669) main____ INFO      pid       : 532669
2026-02-23 13:58:18.850713 (532669) main____ INFO      arguments : '-style' 'windows' '-batch' '-proj' './verification_results/04355/jgproject' '-tcl' './jasper_verif_check.tcl'
2026-02-23 13:58:18.850721 (532669) main____ INFO      locale    : UTF-8
2026-02-23 13:58:18.850725 (532669) main____ INFO    ----------------------------------------
2026-02-23 13:58:18.850729 (532669) main____ INFO    System resource limits info:
2026-02-23 13:58:18.850733 (532669) main____ INFO      virtual memory: unlimited
2026-02-23 13:58:18.850738 (532669) main____ INFO      cpu time      : unlimited
2026-02-23 13:58:18.850742 (532669) main____ INFO      stack size    : unlimited
2026-02-23 13:58:18.850746 (532669) main____ INFO      core file size: unlimited
2026-02-23 13:58:18.850752 (532669) main____ INFO      open files    : 131072
2026-02-23 13:58:18.850757 (532669) main____ INFO      file size     : unlimited
2026-02-23 13:58:18.850761 (532669) main____ INFO    ----------------------------------------
2026-02-23 13:58:18.850765 (532669) main____ INFO    Memory statistics:
2026-02-23 13:58:18.850769 (532669) main____ INFO      total physical memory  : 195972072 kB
2026-02-23 13:58:18.850773 (532669) main____ INFO      free physical memory   : 68033692 kB
2026-02-23 13:58:18.850777 (532669) main____ INFO      committed address space: 62798296 kB
2026-02-23 13:58:18.850781 (532669) main____ INFO    ----------------------------------------
2026-02-23 13:58:18.851738 (532669) main____ INFO    Important environment variables:
2026-02-23 13:58:18.851755 (532669) main____ INFO      JASPER_HOME       : '/usr/licensed/cadence-20210126/jasper_2021.03'
2026-02-23 13:58:18.851761 (532669) main____ INFO      JASPER_INSTALL_DIR: '/scratch/gpfs/LICENSED/x86_64/cadence-20210126/jasper_2021.03'
2026-02-23 13:58:18.851766 (532669) main____ INFO      LANG              : 'en_US.UTF-8'
2026-02-23 13:58:18.851773 (532669) main____ INFO      LM_LICENSE_FILE   : '5280@license.rc.princeton.edu'
2026-02-23 13:58:18.851779 (532669) main____ INFO      TMPDIR            : '/tmp/ab2113/jg_5019136_79'
2026-02-23 13:58:18.851783 (532669) main____ INFO    ----------------------------------------
2026-02-23 13:58:18.852569 (532669) lic_core INFO    Initializing license system ...
2026-02-23 13:58:18.853359 (532669) lic_core INFO    ... license system initialized.
2026-02-23 13:58:18.854087 (532669) lic__man INFO    Claim 'fpv' for <ui>.
2026-02-23 13:58:18.854124 (532669) lic_core INFO    (1) checking out 'jasper_fpv' ...
2026-02-23 13:58:18.859415 (532669) lic_core INFO    ... (1) checkout failed (error: -5) ("FLEXnet ERROR(-5, 0, 0): No such feature exists.")
2026-02-23 13:58:18.859454 (532669) lic_core INFO    (2) checking out 'jasper_fao' ...
2026-02-23 13:58:18.869491 (532669) lic_core INFO    ... (2) checkout succeeded
2026-02-23 13:58:18.883471 (532669) session_ INFO    Starting analysis session with session id 'session_0' (launcher: <local>) ...
2026-02-23 13:58:18.886300 (532669) session_ INFO    Analysis session with session id 'session_0' started (pid: 532677)
2026-02-23 13:58:19.559672 (532669) session_ INFO    Analysis session 'session_0' connected to the console (host: 127.0.0.1:40026)
2026-02-23 13:58:20.388490 (532669) lic__man INFO    Unclaim everything for 'session_0'.
2026-02-23 13:58:20.430180 (532669) lic__man INFO    Claim 'fpv' for 'session_0'.
2026-02-23 13:58:20.430218 (532669) lic__man INFO    Claim 'fpv' for 'session_0/prove-0'.
2026-02-23 13:58:20.551758 (532669) lic__man INFO    Unclaim everything for 'session_0/prove-0'.
2026-02-23 13:58:20.607920 (532669) main____ INFO    About to exit: request to exit with status 0 received from analysis session 'session_0'
2026-02-23 13:58:20.686788 (532669) session_ INFO    Analysis session 'session_0' disconnected.
2026-02-23 13:58:20.686910 (532669) lic__man INFO    Unclaim everything for 'session_0'.
2026-02-23 13:58:20.687265 (532669) session_ INFO    Process for analysis session 'session_0' has exited with exit status '0'.
2026-02-23 13:58:22.626240 (532669) lic_core INFO    (2) checkin jasper_fao
2026-02-23 13:58:22.627877 (532669) main____ INFO    Exiting with status 0.
