2026-02-23 13:49:54.122104 (939664) main____ INFO    ----------------------------------------
2026-02-23 13:49:54.122185 (939664) main____ INFO    JasperGold version info
2026-02-23 13:49:54.122201 (939664) main____ INFO      tool      : JasperGold 2021.03
2026-02-23 13:49:54.122210 (939664) main____ INFO      version   : 2021.03 FCS 64 bits
2026-02-23 13:49:54.122215 (939664) main____ INFO      build date: 2021.03.23 02:50:43 UTC
2026-02-23 13:49:54.122218 (939664) main____ INFO    ----------------------------------------
2026-02-23 13:49:54.122222 (939664) main____ INFO    Runtime info:
2026-02-23 13:49:54.122226 (939664) main____ INFO      platform  : Linux 5.14.0-570.84.1.el9_6.x86_64 x86_64
2026-02-23 13:49:54.122231 (939664) main____ INFO      hostname  : della-i13n12
2026-02-23 13:49:54.122236 (939664) main____ INFO      pid       : 939664
2026-02-23 13:49:54.122240 (939664) main____ INFO      arguments : '-style' 'windows' '-batch' '-proj' './verification_results/02904/jgproject' '-tcl' './jasper_verif_check.tcl'
2026-02-23 13:49:54.122247 (939664) main____ INFO      locale    : UTF-8
2026-02-23 13:49:54.122251 (939664) main____ INFO    ----------------------------------------
2026-02-23 13:49:54.122254 (939664) main____ INFO    System resource limits info:
2026-02-23 13:49:54.122258 (939664) main____ INFO      virtual memory: unlimited
2026-02-23 13:49:54.122262 (939664) main____ INFO      cpu time      : unlimited
2026-02-23 13:49:54.122266 (939664) main____ INFO      stack size    : unlimited
2026-02-23 13:49:54.122270 (939664) main____ INFO      core file size: unlimited
2026-02-23 13:49:54.122276 (939664) main____ INFO      open files    : 131072
2026-02-23 13:49:54.122280 (939664) main____ INFO      file size     : unlimited
2026-02-23 13:49:54.122284 (939664) main____ INFO    ----------------------------------------
2026-02-23 13:49:54.122287 (939664) main____ INFO    Memory statistics:
2026-02-23 13:49:54.122291 (939664) main____ INFO      total physical memory  : 394157548 kB
2026-02-23 13:49:54.122295 (939664) main____ INFO      free physical memory   : 231270328 kB
2026-02-23 13:49:54.122299 (939664) main____ INFO      committed address space: 109590456 kB
2026-02-23 13:49:54.122302 (939664) main____ INFO    ----------------------------------------
2026-02-23 13:49:54.123196 (939664) main____ INFO    Important environment variables:
2026-02-23 13:49:54.123209 (939664) main____ INFO      JASPER_HOME       : '/usr/licensed/cadence-20210126/jasper_2021.03'
2026-02-23 13:49:54.123215 (939664) main____ INFO      JASPER_INSTALL_DIR: '/scratch/gpfs/LICENSED/x86_64/cadence-20210126/jasper_2021.03'
2026-02-23 13:49:54.123220 (939664) main____ INFO      LANG              : 'en_US.UTF-8'
2026-02-23 13:49:54.123224 (939664) main____ INFO      LM_LICENSE_FILE   : '5280@license.rc.princeton.edu'
2026-02-23 13:49:54.123229 (939664) main____ INFO      TMPDIR            : '/tmp/ab2113/jg_5018960_50'
2026-02-23 13:49:54.123233 (939664) main____ INFO    ----------------------------------------
2026-02-23 13:49:54.124020 (939664) lic_core INFO    Initializing license system ...
2026-02-23 13:49:54.124819 (939664) lic_core INFO    ... license system initialized.
2026-02-23 13:49:54.125508 (939664) lic__man INFO    Claim 'fpv' for <ui>.
2026-02-23 13:49:54.125542 (939664) lic_core INFO    (1) checking out 'jasper_fpv' ...
2026-02-23 13:49:54.130378 (939664) lic_core INFO    ... (1) checkout failed (error: -5) ("FLEXnet ERROR(-5, 0, 0): No such feature exists.")
2026-02-23 13:49:54.130405 (939664) lic_core INFO    (2) checking out 'jasper_fao' ...
2026-02-23 13:49:54.140602 (939664) lic_core INFO    ... (2) checkout succeeded
2026-02-23 13:49:54.153585 (939664) session_ INFO    Starting analysis session with session id 'session_0' (launcher: <local>) ...
2026-02-23 13:49:54.156172 (939664) session_ INFO    Analysis session with session id 'session_0' started (pid: 939672)
2026-02-23 13:49:54.767510 (939664) session_ INFO    Analysis session 'session_0' connected to the console (host: 127.0.0.1:33124)
2026-02-23 13:49:55.345195 (939664) main____ INFO    About to exit: request to exit with status 1 received from analysis session 'session_0'
2026-02-23 13:49:55.411962 (939664) session_ INFO    Analysis session 'session_0' disconnected.
2026-02-23 13:49:55.412085 (939664) lic__man INFO    Unclaim everything for 'session_0'.
2026-02-23 13:49:55.412601 (939664) session_ INFO    Process for analysis session 'session_0' has exited with exit status '1'.
2026-02-23 13:49:57.451516 (939664) lic_core INFO    (2) checkin jasper_fao
2026-02-23 13:49:57.452928 (939664) main____ INFO    Exiting with status 1.
