2026-02-23 13:37:27.368292 (2369513) main____ INFO    ----------------------------------------
2026-02-23 13:37:27.368377 (2369513) main____ INFO    JasperGold version info
2026-02-23 13:37:27.368395 (2369513) main____ INFO      tool      : JasperGold 2021.03
2026-02-23 13:37:27.368406 (2369513) main____ INFO      version   : 2021.03 FCS 64 bits
2026-02-23 13:37:27.368411 (2369513) main____ INFO      build date: 2021.03.23 02:50:43 UTC
2026-02-23 13:37:27.368416 (2369513) main____ INFO    ----------------------------------------
2026-02-23 13:37:27.368421 (2369513) main____ INFO    Runtime info:
2026-02-23 13:37:27.368427 (2369513) main____ INFO      platform  : Linux 5.14.0-570.84.1.el9_6.x86_64 x86_64
2026-02-23 13:37:27.368433 (2369513) main____ INFO      hostname  : della-h14n8
2026-02-23 13:37:27.368440 (2369513) main____ INFO      pid       : 2369513
2026-02-23 13:37:27.368445 (2369513) main____ INFO      arguments : '-style' 'windows' '-batch' '-proj' './verification_results/00675/jgproject' '-tcl' './jasper_verif_check.tcl'
2026-02-23 13:37:27.368456 (2369513) main____ INFO      locale    : UTF-8
2026-02-23 13:37:27.368463 (2369513) main____ INFO    ----------------------------------------
2026-02-23 13:37:27.368471 (2369513) main____ INFO    System resource limits info:
2026-02-23 13:37:27.368477 (2369513) main____ INFO      virtual memory: unlimited
2026-02-23 13:37:27.368482 (2369513) main____ INFO      cpu time      : unlimited
2026-02-23 13:37:27.368487 (2369513) main____ INFO      stack size    : unlimited
2026-02-23 13:37:27.368492 (2369513) main____ INFO      core file size: unlimited
2026-02-23 13:37:27.368501 (2369513) main____ INFO      open files    : 131072
2026-02-23 13:37:27.368505 (2369513) main____ INFO      file size     : unlimited
2026-02-23 13:37:27.368510 (2369513) main____ INFO    ----------------------------------------
2026-02-23 13:37:27.368516 (2369513) main____ INFO    Memory statistics:
2026-02-23 13:37:27.368522 (2369513) main____ INFO      total physical memory  : 1584164340 kB
2026-02-23 13:37:27.368528 (2369513) main____ INFO      free physical memory   : 756828704 kB
2026-02-23 13:37:27.368533 (2369513) main____ INFO      committed address space: 502922336 kB
2026-02-23 13:37:27.368537 (2369513) main____ INFO    ----------------------------------------
2026-02-23 13:37:27.369070 (2369513) main____ INFO    Important environment variables:
2026-02-23 13:37:27.369089 (2369513) main____ INFO      JASPER_HOME       : '/usr/licensed/cadence-20210126/jasper_2021.03'
2026-02-23 13:37:27.369097 (2369513) main____ INFO      JASPER_INSTALL_DIR: '/scratch/gpfs/LICENSED/x86_64/cadence-20210126/jasper_2021.03'
2026-02-23 13:37:27.369104 (2369513) main____ INFO      LANG              : 'en_US.UTF-8'
2026-02-23 13:37:27.369111 (2369513) main____ INFO      LM_LICENSE_FILE   : '5280@license.rc.princeton.edu'
2026-02-23 13:37:27.369116 (2369513) main____ INFO      TMPDIR            : '/tmp/ab2113/jg_5018708_6'
2026-02-23 13:37:27.369124 (2369513) main____ INFO    ----------------------------------------
2026-02-23 13:37:27.369584 (2369513) lic_core INFO    Initializing license system ...
2026-02-23 13:37:27.370120 (2369513) lic_core INFO    ... license system initialized.
2026-02-23 13:37:27.370879 (2369513) lic__man INFO    Claim 'fpv' for <ui>.
2026-02-23 13:37:27.370911 (2369513) lic_core INFO    (1) checking out 'jasper_fpv' ...
2026-02-23 13:37:27.376682 (2369513) lic_core INFO    ... (1) checkout failed (error: -5) ("FLEXnet ERROR(-5, 0, 0): No such feature exists.")
2026-02-23 13:37:27.376709 (2369513) lic_core INFO    (2) checking out 'jasper_fao' ...
2026-02-23 13:37:27.385819 (2369513) lic_core INFO    ... (2) checkout succeeded
2026-02-23 13:37:27.397251 (2369513) session_ INFO    Starting analysis session with session id 'session_0' (launcher: <local>) ...
2026-02-23 13:37:27.400205 (2369513) session_ INFO    Analysis session with session id 'session_0' started (pid: 2369521)
2026-02-23 13:37:27.967035 (2369513) session_ INFO    Analysis session 'session_0' connected to the console (host: 127.0.0.1:42940)
2026-02-23 13:37:28.465820 (2369513) main____ INFO    About to exit: request to exit with status 1 received from analysis session 'session_0'
2026-02-23 13:37:28.518544 (2369513) session_ INFO    Analysis session 'session_0' disconnected.
2026-02-23 13:37:28.518702 (2369513) lic__man INFO    Unclaim everything for 'session_0'.
2026-02-23 13:37:28.520332 (2369513) session_ INFO    Process for analysis session 'session_0' has exited with exit status '1'.
2026-02-23 13:37:30.568888 (2369513) lic_core INFO    (2) checkin jasper_fao
2026-02-23 13:37:30.570346 (2369513) main____ INFO    Exiting with status 1.
