2026-02-23 13:41:47.977313 (1779225) main____ INFO    ----------------------------------------
2026-02-23 13:41:47.977402 (1779225) main____ INFO    JasperGold version info
2026-02-23 13:41:47.977420 (1779225) main____ INFO      tool      : JasperGold 2021.03
2026-02-23 13:41:47.977429 (1779225) main____ INFO      version   : 2021.03 FCS 64 bits
2026-02-23 13:41:47.977435 (1779225) main____ INFO      build date: 2021.03.23 02:50:43 UTC
2026-02-23 13:41:47.977440 (1779225) main____ INFO    ----------------------------------------
2026-02-23 13:41:47.977446 (1779225) main____ INFO    Runtime info:
2026-02-23 13:41:47.977451 (1779225) main____ INFO      platform  : Linux 5.14.0-570.84.1.el9_6.x86_64 x86_64
2026-02-23 13:41:47.977457 (1779225) main____ INFO      hostname  : della-h14n12
2026-02-23 13:41:47.977463 (1779225) main____ INFO      pid       : 1779225
2026-02-23 13:41:47.977468 (1779225) main____ INFO      arguments : '-style' 'windows' '-batch' '-proj' './verification_results/01622/jgproject' '-tcl' './jasper_verif_check.tcl'
2026-02-23 13:41:47.977477 (1779225) main____ INFO      locale    : UTF-8
2026-02-23 13:41:47.977482 (1779225) main____ INFO    ----------------------------------------
2026-02-23 13:41:47.977487 (1779225) main____ INFO    System resource limits info:
2026-02-23 13:41:47.977493 (1779225) main____ INFO      virtual memory: unlimited
2026-02-23 13:41:47.977498 (1779225) main____ INFO      cpu time      : unlimited
2026-02-23 13:41:47.977503 (1779225) main____ INFO      stack size    : unlimited
2026-02-23 13:41:47.977508 (1779225) main____ INFO      core file size: unlimited
2026-02-23 13:41:47.977516 (1779225) main____ INFO      open files    : 131072
2026-02-23 13:41:47.977521 (1779225) main____ INFO      file size     : unlimited
2026-02-23 13:41:47.977526 (1779225) main____ INFO    ----------------------------------------
2026-02-23 13:41:47.977531 (1779225) main____ INFO    Memory statistics:
2026-02-23 13:41:47.977537 (1779225) main____ INFO      total physical memory  : 1584164368 kB
2026-02-23 13:41:47.977543 (1779225) main____ INFO      free physical memory   : 707521644 kB
2026-02-23 13:41:47.977548 (1779225) main____ INFO      committed address space: 492376816 kB
2026-02-23 13:41:47.977553 (1779225) main____ INFO    ----------------------------------------
2026-02-23 13:41:47.978116 (1779225) main____ INFO    Important environment variables:
2026-02-23 13:41:47.978129 (1779225) main____ INFO      JASPER_HOME       : '/usr/licensed/cadence-20210126/jasper_2021.03'
2026-02-23 13:41:47.978136 (1779225) main____ INFO      JASPER_INSTALL_DIR: '/scratch/gpfs/LICENSED/x86_64/cadence-20210126/jasper_2021.03'
2026-02-23 13:41:47.978142 (1779225) main____ INFO      LANG              : 'en_US.UTF-8'
2026-02-23 13:41:47.978148 (1779225) main____ INFO      LM_LICENSE_FILE   : '5280@license.rc.princeton.edu'
2026-02-23 13:41:47.978154 (1779225) main____ INFO      TMPDIR            : '/tmp/ab2113/jg_5018846_25'
2026-02-23 13:41:47.978159 (1779225) main____ INFO    ----------------------------------------
2026-02-23 13:41:47.978703 (1779225) lic_core INFO    Initializing license system ...
2026-02-23 13:41:47.979254 (1779225) lic_core INFO    ... license system initialized.
2026-02-23 13:41:47.980062 (1779225) lic__man INFO    Claim 'fpv' for <ui>.
2026-02-23 13:41:47.980096 (1779225) lic_core INFO    (1) checking out 'jasper_fpv' ...
2026-02-23 13:41:47.989247 (1779225) lic_core INFO    ... (1) checkout failed (error: -5) ("FLEXnet ERROR(-5, 0, 0): No such feature exists.")
2026-02-23 13:41:47.989279 (1779225) lic_core INFO    (2) checking out 'jasper_fao' ...
2026-02-23 13:41:47.998111 (1779225) lic_core INFO    ... (2) checkout succeeded
2026-02-23 13:41:48.009602 (1779225) session_ INFO    Starting analysis session with session id 'session_0' (launcher: <local>) ...
2026-02-23 13:41:48.012618 (1779225) session_ INFO    Analysis session with session id 'session_0' started (pid: 1779233)
2026-02-23 13:41:48.604275 (1779225) session_ INFO    Analysis session 'session_0' connected to the console (host: 127.0.0.1:49180)
2026-02-23 13:41:49.375176 (1779225) lic__man INFO    Unclaim everything for 'session_0'.
2026-02-23 13:41:49.405908 (1779225) lic__man INFO    Claim 'fpv' for 'session_0'.
2026-02-23 13:41:49.405950 (1779225) lic__man INFO    Claim 'fpv' for 'session_0/prove-0'.
2026-02-23 13:41:49.554820 (1779225) lic__man INFO    Unclaim everything for 'session_0/prove-0'.
2026-02-23 13:41:49.607013 (1779225) main____ INFO    About to exit: request to exit with status 0 received from analysis session 'session_0'
2026-02-23 13:41:49.659031 (1779225) session_ INFO    Analysis session 'session_0' disconnected.
2026-02-23 13:41:49.659155 (1779225) lic__man INFO    Unclaim everything for 'session_0'.
2026-02-23 13:41:49.659786 (1779225) session_ INFO    Process for analysis session 'session_0' has exited with exit status '0'.
2026-02-23 13:41:51.619399 (1779225) lic_core INFO    (2) checkin jasper_fao
2026-02-23 13:41:51.621299 (1779225) main____ INFO    Exiting with status 0.
