2026-02-23 14:00:18.874084 (4161257) main____ INFO    ----------------------------------------
2026-02-23 14:00:18.874186 (4161257) main____ INFO    JasperGold version info
2026-02-23 14:00:18.874203 (4161257) main____ INFO      tool      : JasperGold 2021.03
2026-02-23 14:00:18.874211 (4161257) main____ INFO      version   : 2021.03 FCS 64 bits
2026-02-23 14:00:18.874216 (4161257) main____ INFO      build date: 2021.03.23 02:50:43 UTC
2026-02-23 14:00:18.874221 (4161257) main____ INFO    ----------------------------------------
2026-02-23 14:00:18.874225 (4161257) main____ INFO    Runtime info:
2026-02-23 14:00:18.874230 (4161257) main____ INFO      platform  : Linux 5.14.0-570.84.1.el9_6.x86_64 x86_64
2026-02-23 14:00:18.874236 (4161257) main____ INFO      hostname  : della-r3c2n12
2026-02-23 14:00:18.874241 (4161257) main____ INFO      pid       : 4161257
2026-02-23 14:00:18.874246 (4161257) main____ INFO      arguments : '-style' 'windows' '-batch' '-proj' './verification_results/04601/jgproject' '-tcl' './jasper_verif_check.tcl'
2026-02-23 14:00:18.874256 (4161257) main____ INFO      locale    : UTF-8
2026-02-23 14:00:18.874260 (4161257) main____ INFO    ----------------------------------------
2026-02-23 14:00:18.874264 (4161257) main____ INFO    System resource limits info:
2026-02-23 14:00:18.874269 (4161257) main____ INFO      virtual memory: unlimited
2026-02-23 14:00:18.874273 (4161257) main____ INFO      cpu time      : unlimited
2026-02-23 14:00:18.874278 (4161257) main____ INFO      stack size    : unlimited
2026-02-23 14:00:18.874283 (4161257) main____ INFO      core file size: unlimited
2026-02-23 14:00:18.874290 (4161257) main____ INFO      open files    : 131072
2026-02-23 14:00:18.874295 (4161257) main____ INFO      file size     : unlimited
2026-02-23 14:00:18.874299 (4161257) main____ INFO    ----------------------------------------
2026-02-23 14:00:18.874303 (4161257) main____ INFO    Memory statistics:
2026-02-23 14:00:18.874308 (4161257) main____ INFO      total physical memory  : 195972072 kB
2026-02-23 14:00:18.874312 (4161257) main____ INFO      free physical memory   : 133793220 kB
2026-02-23 14:00:18.874316 (4161257) main____ INFO      committed address space: 40955156 kB
2026-02-23 14:00:18.874320 (4161257) main____ INFO    ----------------------------------------
2026-02-23 14:00:18.875297 (4161257) main____ INFO    Important environment variables:
2026-02-23 14:00:18.875315 (4161257) main____ INFO      JASPER_HOME       : '/usr/licensed/cadence-20210126/jasper_2021.03'
2026-02-23 14:00:18.875322 (4161257) main____ INFO      JASPER_INSTALL_DIR: '/scratch/gpfs/LICENSED/x86_64/cadence-20210126/jasper_2021.03'
2026-02-23 14:00:18.875327 (4161257) main____ INFO      LANG              : 'en_US.UTF-8'
2026-02-23 14:00:18.875333 (4161257) main____ INFO      LM_LICENSE_FILE   : '5280@license.rc.princeton.edu'
2026-02-23 14:00:18.875338 (4161257) main____ INFO      TMPDIR            : '/tmp/ab2113/jg_5019171_84'
2026-02-23 14:00:18.875343 (4161257) main____ INFO    ----------------------------------------
2026-02-23 14:00:18.876181 (4161257) lic_core INFO    Initializing license system ...
2026-02-23 14:00:18.877002 (4161257) lic_core INFO    ... license system initialized.
2026-02-23 14:00:18.877787 (4161257) lic__man INFO    Claim 'fpv' for <ui>.
2026-02-23 14:00:18.877825 (4161257) lic_core INFO    (1) checking out 'jasper_fpv' ...
2026-02-23 14:00:18.883998 (4161257) lic_core INFO    ... (1) checkout failed (error: -5) ("FLEXnet ERROR(-5, 0, 0): No such feature exists.")
2026-02-23 14:00:18.884050 (4161257) lic_core INFO    (2) checking out 'jasper_fao' ...
2026-02-23 14:00:18.894372 (4161257) lic_core INFO    ... (2) checkout succeeded
2026-02-23 14:00:18.909940 (4161257) session_ INFO    Starting analysis session with session id 'session_0' (launcher: <local>) ...
2026-02-23 14:00:18.913232 (4161257) session_ INFO    Analysis session with session id 'session_0' started (pid: 4161265)
2026-02-23 14:00:19.627560 (4161257) session_ INFO    Analysis session 'session_0' connected to the console (host: 127.0.0.1:56358)
2026-02-23 14:00:20.544105 (4161257) main____ INFO    About to exit: request to exit with status 1 received from analysis session 'session_0'
2026-02-23 14:00:20.616405 (4161257) session_ INFO    Analysis session 'session_0' disconnected.
2026-02-23 14:00:20.616532 (4161257) lic__man INFO    Unclaim everything for 'session_0'.
2026-02-23 14:00:20.616911 (4161257) session_ INFO    Process for analysis session 'session_0' has exited with exit status '1'.
2026-02-23 14:00:22.626406 (4161257) lic_core INFO    (2) checkin jasper_fao
2026-02-23 14:00:22.627590 (4161257) main____ INFO    Exiting with status 1.
