2026-02-23 13:51:49.205323 (941462) main____ INFO    ----------------------------------------
2026-02-23 13:51:49.205402 (941462) main____ INFO    JasperGold version info
2026-02-23 13:51:49.205419 (941462) main____ INFO      tool      : JasperGold 2021.03
2026-02-23 13:51:49.205427 (941462) main____ INFO      version   : 2021.03 FCS 64 bits
2026-02-23 13:51:49.205431 (941462) main____ INFO      build date: 2021.03.23 02:50:43 UTC
2026-02-23 13:51:49.205435 (941462) main____ INFO    ----------------------------------------
2026-02-23 13:51:49.205439 (941462) main____ INFO    Runtime info:
2026-02-23 13:51:49.205443 (941462) main____ INFO      platform  : Linux 5.14.0-570.84.1.el9_6.x86_64 x86_64
2026-02-23 13:51:49.205448 (941462) main____ INFO      hostname  : della-i13n12
2026-02-23 13:51:49.205452 (941462) main____ INFO      pid       : 941462
2026-02-23 13:51:49.205456 (941462) main____ INFO      arguments : '-style' 'windows' '-batch' '-proj' './verification_results/03571/jgproject' '-tcl' './jasper_verif_check.tcl'
2026-02-23 13:51:49.205463 (941462) main____ INFO      locale    : UTF-8
2026-02-23 13:51:49.205467 (941462) main____ INFO    ----------------------------------------
2026-02-23 13:51:49.205470 (941462) main____ INFO    System resource limits info:
2026-02-23 13:51:49.205474 (941462) main____ INFO      virtual memory: unlimited
2026-02-23 13:51:49.205478 (941462) main____ INFO      cpu time      : unlimited
2026-02-23 13:51:49.205482 (941462) main____ INFO      stack size    : unlimited
2026-02-23 13:51:49.205486 (941462) main____ INFO      core file size: unlimited
2026-02-23 13:51:49.205492 (941462) main____ INFO      open files    : 131072
2026-02-23 13:51:49.205496 (941462) main____ INFO      file size     : unlimited
2026-02-23 13:51:49.205500 (941462) main____ INFO    ----------------------------------------
2026-02-23 13:51:49.205504 (941462) main____ INFO    Memory statistics:
2026-02-23 13:51:49.205508 (941462) main____ INFO      total physical memory  : 394157548 kB
2026-02-23 13:51:49.205511 (941462) main____ INFO      free physical memory   : 230852252 kB
2026-02-23 13:51:49.205515 (941462) main____ INFO      committed address space: 110239388 kB
2026-02-23 13:51:49.205518 (941462) main____ INFO    ----------------------------------------
2026-02-23 13:51:49.206397 (941462) main____ INFO    Important environment variables:
2026-02-23 13:51:49.206412 (941462) main____ INFO      JASPER_HOME       : '/usr/licensed/cadence-20210126/jasper_2021.03'
2026-02-23 13:51:49.206418 (941462) main____ INFO      JASPER_INSTALL_DIR: '/scratch/gpfs/LICENSED/x86_64/cadence-20210126/jasper_2021.03'
2026-02-23 13:51:49.206423 (941462) main____ INFO      LANG              : 'en_US.UTF-8'
2026-02-23 13:51:49.206428 (941462) main____ INFO      LM_LICENSE_FILE   : '5280@license.rc.princeton.edu'
2026-02-23 13:51:49.206432 (941462) main____ INFO      TMPDIR            : '/tmp/ab2113/jg_5019033_64'
2026-02-23 13:51:49.206436 (941462) main____ INFO    ----------------------------------------
2026-02-23 13:51:49.206830 (941462) lic_core INFO    Initializing license system ...
2026-02-23 13:51:49.207580 (941462) lic_core INFO    ... license system initialized.
2026-02-23 13:51:49.208252 (941462) lic__man INFO    Claim 'fpv' for <ui>.
2026-02-23 13:51:49.208285 (941462) lic_core INFO    (1) checking out 'jasper_fpv' ...
2026-02-23 13:51:49.214594 (941462) lic_core INFO    ... (1) checkout failed (error: -5) ("FLEXnet ERROR(-5, 0, 0): No such feature exists.")
2026-02-23 13:51:49.214639 (941462) lic_core INFO    (2) checking out 'jasper_fao' ...
2026-02-23 13:51:49.224629 (941462) lic_core INFO    ... (2) checkout succeeded
2026-02-23 13:51:49.237804 (941462) session_ INFO    Starting analysis session with session id 'session_0' (launcher: <local>) ...
2026-02-23 13:51:49.240417 (941462) session_ INFO    Analysis session with session id 'session_0' started (pid: 941470)
2026-02-23 13:51:49.851486 (941462) session_ INFO    Analysis session 'session_0' connected to the console (host: 127.0.0.1:36106)
2026-02-23 13:51:50.385181 (941462) main____ INFO    About to exit: request to exit with status 1 received from analysis session 'session_0'
2026-02-23 13:51:50.451540 (941462) session_ INFO    Analysis session 'session_0' disconnected.
2026-02-23 13:51:50.451658 (941462) lic__man INFO    Unclaim everything for 'session_0'.
2026-02-23 13:51:50.452192 (941462) session_ INFO    Process for analysis session 'session_0' has exited with exit status '1'.
2026-02-23 13:51:52.491241 (941462) lic_core INFO    (2) checkin jasper_fao
2026-02-23 13:51:52.493274 (941462) main____ INFO    Exiting with status 1.
