2026-02-23 13:42:12.953416 (2376979) main____ INFO    ----------------------------------------
2026-02-23 13:42:12.953538 (2376979) main____ INFO    JasperGold version info
2026-02-23 13:42:12.953565 (2376979) main____ INFO      tool      : JasperGold 2021.03
2026-02-23 13:42:12.953578 (2376979) main____ INFO      version   : 2021.03 FCS 64 bits
2026-02-23 13:42:12.953584 (2376979) main____ INFO      build date: 2021.03.23 02:50:43 UTC
2026-02-23 13:42:12.953589 (2376979) main____ INFO    ----------------------------------------
2026-02-23 13:42:12.953594 (2376979) main____ INFO    Runtime info:
2026-02-23 13:42:12.953602 (2376979) main____ INFO      platform  : Linux 5.14.0-570.84.1.el9_6.x86_64 x86_64
2026-02-23 13:42:12.953610 (2376979) main____ INFO      hostname  : della-h14n8
2026-02-23 13:42:12.953617 (2376979) main____ INFO      pid       : 2376979
2026-02-23 13:42:12.953624 (2376979) main____ INFO      arguments : '-style' 'windows' '-batch' '-proj' './verification_results/00707/jgproject' '-tcl' './jasper_verif_check.tcl'
2026-02-23 13:42:12.953636 (2376979) main____ INFO      locale    : UTF-8
2026-02-23 13:42:12.953642 (2376979) main____ INFO    ----------------------------------------
2026-02-23 13:42:12.953647 (2376979) main____ INFO    System resource limits info:
2026-02-23 13:42:12.953652 (2376979) main____ INFO      virtual memory: unlimited
2026-02-23 13:42:12.953657 (2376979) main____ INFO      cpu time      : unlimited
2026-02-23 13:42:12.953663 (2376979) main____ INFO      stack size    : unlimited
2026-02-23 13:42:12.953668 (2376979) main____ INFO      core file size: unlimited
2026-02-23 13:42:12.953677 (2376979) main____ INFO      open files    : 131072
2026-02-23 13:42:12.953683 (2376979) main____ INFO      file size     : unlimited
2026-02-23 13:42:12.953689 (2376979) main____ INFO    ----------------------------------------
2026-02-23 13:42:12.953694 (2376979) main____ INFO    Memory statistics:
2026-02-23 13:42:12.953700 (2376979) main____ INFO      total physical memory  : 1584164340 kB
2026-02-23 13:42:12.953706 (2376979) main____ INFO      free physical memory   : 757364248 kB
2026-02-23 13:42:12.953727 (2376979) main____ INFO      committed address space: 530256184 kB
2026-02-23 13:42:12.953734 (2376979) main____ INFO    ----------------------------------------
2026-02-23 13:42:12.954330 (2376979) main____ INFO    Important environment variables:
2026-02-23 13:42:12.954348 (2376979) main____ INFO      JASPER_HOME       : '/usr/licensed/cadence-20210126/jasper_2021.03'
2026-02-23 13:42:12.954356 (2376979) main____ INFO      JASPER_INSTALL_DIR: '/scratch/gpfs/LICENSED/x86_64/cadence-20210126/jasper_2021.03'
2026-02-23 13:42:12.954364 (2376979) main____ INFO      LANG              : 'en_US.UTF-8'
2026-02-23 13:42:12.954370 (2376979) main____ INFO      LM_LICENSE_FILE   : '5280@license.rc.princeton.edu'
2026-02-23 13:42:12.954377 (2376979) main____ INFO      TMPDIR            : '/tmp/ab2113/jg_5018708_6'
2026-02-23 13:42:12.954383 (2376979) main____ INFO    ----------------------------------------
2026-02-23 13:42:12.955002 (2376979) lic_core INFO    Initializing license system ...
2026-02-23 13:42:12.955667 (2376979) lic_core INFO    ... license system initialized.
2026-02-23 13:42:12.956502 (2376979) lic__man INFO    Claim 'fpv' for <ui>.
2026-02-23 13:42:12.956545 (2376979) lic_core INFO    (1) checking out 'jasper_fpv' ...
2026-02-23 13:42:12.962400 (2376979) lic_core INFO    ... (1) checkout failed (error: -5) ("FLEXnet ERROR(-5, 0, 0): No such feature exists.")
2026-02-23 13:42:12.962463 (2376979) lic_core INFO    (2) checking out 'jasper_fao' ...
2026-02-23 13:42:12.971336 (2376979) lic_core INFO    ... (2) checkout succeeded
2026-02-23 13:42:12.984522 (2376979) session_ INFO    Starting analysis session with session id 'session_0' (launcher: <local>) ...
2026-02-23 13:42:12.987928 (2376979) session_ INFO    Analysis session with session id 'session_0' started (pid: 2376987)
2026-02-23 13:42:13.651277 (2376979) session_ INFO    Analysis session 'session_0' connected to the console (host: 127.0.0.1:37714)
2026-02-23 13:42:14.195836 (2376979) main____ INFO    About to exit: request to exit with status 1 received from analysis session 'session_0'
2026-02-23 13:42:14.257501 (2376979) session_ INFO    Analysis session 'session_0' disconnected.
2026-02-23 13:42:14.257679 (2376979) lic__man INFO    Unclaim everything for 'session_0'.
2026-02-23 13:42:14.259450 (2376979) session_ INFO    Process for analysis session 'session_0' has exited with exit status '1'.
2026-02-23 13:42:16.099274 (2376979) lic_core INFO    (2) checkin jasper_fao
2026-02-23 13:42:16.100916 (2376979) main____ INFO    Exiting with status 1.
