2026-02-23 13:46:14.459766 (1381453) main____ INFO    ----------------------------------------
2026-02-23 13:46:14.459890 (1381453) main____ INFO    JasperGold version info
2026-02-23 13:46:14.459913 (1381453) main____ INFO      tool      : JasperGold 2021.03
2026-02-23 13:46:14.459923 (1381453) main____ INFO      version   : 2021.03 FCS 64 bits
2026-02-23 13:46:14.459928 (1381453) main____ INFO      build date: 2021.03.23 02:50:43 UTC
2026-02-23 13:46:14.459932 (1381453) main____ INFO    ----------------------------------------
2026-02-23 13:46:14.459936 (1381453) main____ INFO    Runtime info:
2026-02-23 13:46:14.459940 (1381453) main____ INFO      platform  : Linux 5.14.0-570.84.1.el9_6.x86_64 x86_64
2026-02-23 13:46:14.459947 (1381453) main____ INFO      hostname  : della-r3c3n3
2026-02-23 13:46:14.459951 (1381453) main____ INFO      pid       : 1381453
2026-02-23 13:46:14.459956 (1381453) main____ INFO      arguments : '-style' 'windows' '-batch' '-proj' './verification_results/02236/jgproject' '-tcl' './jasper_verif_check.tcl'
2026-02-23 13:46:14.459965 (1381453) main____ INFO      locale    : UTF-8
2026-02-23 13:46:14.459969 (1381453) main____ INFO    ----------------------------------------
2026-02-23 13:46:14.459973 (1381453) main____ INFO    System resource limits info:
2026-02-23 13:46:14.459978 (1381453) main____ INFO      virtual memory: unlimited
2026-02-23 13:46:14.459982 (1381453) main____ INFO      cpu time      : unlimited
2026-02-23 13:46:14.459986 (1381453) main____ INFO      stack size    : unlimited
2026-02-23 13:46:14.459990 (1381453) main____ INFO      core file size: unlimited
2026-02-23 13:46:14.459999 (1381453) main____ INFO      open files    : 131072
2026-02-23 13:46:14.460003 (1381453) main____ INFO      file size     : unlimited
2026-02-23 13:46:14.460007 (1381453) main____ INFO    ----------------------------------------
2026-02-23 13:46:14.460011 (1381453) main____ INFO    Memory statistics:
2026-02-23 13:46:14.460016 (1381453) main____ INFO      total physical memory  : 195972168 kB
2026-02-23 13:46:14.460020 (1381453) main____ INFO      free physical memory   : 109979740 kB
2026-02-23 13:46:14.460024 (1381453) main____ INFO      committed address space: 57199596 kB
2026-02-23 13:46:14.460028 (1381453) main____ INFO    ----------------------------------------
2026-02-23 13:46:14.461034 (1381453) main____ INFO    Important environment variables:
2026-02-23 13:46:14.461057 (1381453) main____ INFO      JASPER_HOME       : '/usr/licensed/cadence-20210126/jasper_2021.03'
2026-02-23 13:46:14.461063 (1381453) main____ INFO      JASPER_INSTALL_DIR: '/scratch/gpfs/LICENSED/x86_64/cadence-20210126/jasper_2021.03'
2026-02-23 13:46:14.461069 (1381453) main____ INFO      LANG              : 'en_US.UTF-8'
2026-02-23 13:46:14.461073 (1381453) main____ INFO      LM_LICENSE_FILE   : '5280@license.rc.princeton.edu'
2026-02-23 13:46:14.461078 (1381453) main____ INFO      TMPDIR            : '/tmp/ab2113/jg_5018902_37'
2026-02-23 13:46:14.461082 (1381453) main____ INFO    ----------------------------------------
2026-02-23 13:46:14.461979 (1381453) lic_core INFO    Initializing license system ...
2026-02-23 13:46:14.462894 (1381453) lic_core INFO    ... license system initialized.
2026-02-23 13:46:14.463748 (1381453) lic__man INFO    Claim 'fpv' for <ui>.
2026-02-23 13:46:14.463798 (1381453) lic_core INFO    (1) checking out 'jasper_fpv' ...
2026-02-23 13:46:14.469745 (1381453) lic_core INFO    ... (1) checkout failed (error: -5) ("FLEXnet ERROR(-5, 0, 0): No such feature exists.")
2026-02-23 13:46:14.469813 (1381453) lic_core INFO    (2) checking out 'jasper_fao' ...
2026-02-23 13:46:14.481178 (1381453) lic_core INFO    ... (2) checkout succeeded
2026-02-23 13:46:14.496166 (1381453) session_ INFO    Starting analysis session with session id 'session_0' (launcher: <local>) ...
2026-02-23 13:46:14.499465 (1381453) session_ INFO    Analysis session with session id 'session_0' started (pid: 1381461)
2026-02-23 13:46:15.253049 (1381453) session_ INFO    Analysis session 'session_0' connected to the console (host: 127.0.0.1:39464)
2026-02-23 13:46:15.850539 (1381453) main____ INFO    About to exit: request to exit with status 1 received from analysis session 'session_0'
2026-02-23 13:46:15.932301 (1381453) session_ INFO    Analysis session 'session_0' disconnected.
2026-02-23 13:46:15.932450 (1381453) lic__man INFO    Unclaim everything for 'session_0'.
2026-02-23 13:46:15.933008 (1381453) session_ INFO    Process for analysis session 'session_0' has exited with exit status '1'.
2026-02-23 13:46:17.956588 (1381453) lic_core INFO    (2) checkin jasper_fao
2026-02-23 13:46:17.957741 (1381453) main____ INFO    Exiting with status 1.
