2026-02-23 14:00:54.095205 (349426) main____ INFO    ----------------------------------------
2026-02-23 14:00:54.095279 (349426) main____ INFO    JasperGold version info
2026-02-23 14:00:54.095298 (349426) main____ INFO      tool      : JasperGold 2021.03
2026-02-23 14:00:54.095307 (349426) main____ INFO      version   : 2021.03 FCS 64 bits
2026-02-23 14:00:54.095313 (349426) main____ INFO      build date: 2021.03.23 02:50:43 UTC
2026-02-23 14:00:54.095318 (349426) main____ INFO    ----------------------------------------
2026-02-23 14:00:54.095323 (349426) main____ INFO    Runtime info:
2026-02-23 14:00:54.095328 (349426) main____ INFO      platform  : Linux 5.14.0-570.84.1.el9_6.x86_64 x86_64
2026-02-23 14:00:54.095334 (349426) main____ INFO      hostname  : della-h16n10
2026-02-23 14:00:54.095339 (349426) main____ INFO      pid       : 349426
2026-02-23 14:00:54.095344 (349426) main____ INFO      arguments : '-style' 'windows' '-batch' '-proj' './verification_results/01751/jgproject' '-tcl' './jasper_verif_check.tcl'
2026-02-23 14:00:54.095352 (349426) main____ INFO      locale    : UTF-8
2026-02-23 14:00:54.095357 (349426) main____ INFO    ----------------------------------------
2026-02-23 14:00:54.095361 (349426) main____ INFO    System resource limits info:
2026-02-23 14:00:54.095366 (349426) main____ INFO      virtual memory: unlimited
2026-02-23 14:00:54.095371 (349426) main____ INFO      cpu time      : unlimited
2026-02-23 14:00:54.095376 (349426) main____ INFO      stack size    : unlimited
2026-02-23 14:00:54.095381 (349426) main____ INFO      core file size: unlimited
2026-02-23 14:00:54.095387 (349426) main____ INFO      open files    : 131072
2026-02-23 14:00:54.095392 (349426) main____ INFO      file size     : unlimited
2026-02-23 14:00:54.095397 (349426) main____ INFO    ----------------------------------------
2026-02-23 14:00:54.095402 (349426) main____ INFO    Memory statistics:
2026-02-23 14:00:54.095407 (349426) main____ INFO      total physical memory  : 1584164356 kB
2026-02-23 14:00:54.095411 (349426) main____ INFO      free physical memory   : 976503196 kB
2026-02-23 14:00:54.095416 (349426) main____ INFO      committed address space: 599972236 kB
2026-02-23 14:00:54.095421 (349426) main____ INFO    ----------------------------------------
2026-02-23 14:00:54.095927 (349426) main____ INFO    Important environment variables:
2026-02-23 14:00:54.095940 (349426) main____ INFO      JASPER_HOME       : '/usr/licensed/cadence-20210126/jasper_2021.03'
2026-02-23 14:00:54.095946 (349426) main____ INFO      JASPER_INSTALL_DIR: '/scratch/gpfs/LICENSED/x86_64/cadence-20210126/jasper_2021.03'
2026-02-23 14:00:54.095952 (349426) main____ INFO      LANG              : 'en_US.UTF-8'
2026-02-23 14:00:54.095958 (349426) main____ INFO      LM_LICENSE_FILE   : '5280@license.rc.princeton.edu'
2026-02-23 14:00:54.095963 (349426) main____ INFO      TMPDIR            : '/tmp/ab2113/jg_5018848_27'
2026-02-23 14:00:54.095968 (349426) main____ INFO    ----------------------------------------
2026-02-23 14:00:54.096416 (349426) lic_core INFO    Initializing license system ...
2026-02-23 14:00:54.096930 (349426) lic_core INFO    ... license system initialized.
2026-02-23 14:00:54.097651 (349426) lic__man INFO    Claim 'fpv' for <ui>.
2026-02-23 14:00:54.097683 (349426) lic_core INFO    (1) checking out 'jasper_fpv' ...
2026-02-23 14:00:54.103633 (349426) lic_core INFO    ... (1) checkout failed (error: -5) ("FLEXnet ERROR(-5, 0, 0): No such feature exists.")
2026-02-23 14:00:54.103660 (349426) lic_core INFO    (2) checking out 'jasper_fao' ...
2026-02-23 14:00:54.112524 (349426) lic_core INFO    ... (2) checkout succeeded
2026-02-23 14:00:54.122816 (349426) session_ INFO    Starting analysis session with session id 'session_0' (launcher: <local>) ...
2026-02-23 14:00:54.125222 (349426) session_ INFO    Analysis session with session id 'session_0' started (pid: 349434)
2026-02-23 14:00:54.651753 (349426) session_ INFO    Analysis session 'session_0' connected to the console (host: 127.0.0.1:33274)
2026-02-23 14:00:55.389970 (349426) lic__man INFO    Unclaim everything for 'session_0'.
2026-02-23 14:00:55.445158 (349426) main____ INFO    About to exit: request to exit with status 3 received from analysis session 'session_0'
2026-02-23 14:00:55.493626 (349426) session_ INFO    Analysis session 'session_0' disconnected.
2026-02-23 14:00:55.493738 (349426) lic__man INFO    Unclaim everything for 'session_0'.
2026-02-23 14:00:55.495229 (349426) session_ INFO    Process for analysis session 'session_0' has exited with exit status '3'.
2026-02-23 14:00:57.536234 (349426) lic_core INFO    (2) checkin jasper_fao
2026-02-23 14:00:57.537745 (349426) main____ INFO    Exiting with status 3.
