2026-02-23 13:42:26.592639 (2076017) main____ INFO    ----------------------------------------
2026-02-23 13:42:26.592723 (2076017) main____ INFO    JasperGold version info
2026-02-23 13:42:26.592740 (2076017) main____ INFO      tool      : JasperGold 2021.03
2026-02-23 13:42:26.592749 (2076017) main____ INFO      version   : 2021.03 FCS 64 bits
2026-02-23 13:42:26.592754 (2076017) main____ INFO      build date: 2021.03.23 02:50:43 UTC
2026-02-23 13:42:26.592759 (2076017) main____ INFO    ----------------------------------------
2026-02-23 13:42:26.592764 (2076017) main____ INFO    Runtime info:
2026-02-23 13:42:26.592771 (2076017) main____ INFO      platform  : Linux 5.14.0-570.84.1.el9_6.x86_64 x86_64
2026-02-23 13:42:26.592778 (2076017) main____ INFO      hostname  : della-r3c1n15
2026-02-23 13:42:26.592783 (2076017) main____ INFO      pid       : 2076017
2026-02-23 13:42:26.592788 (2076017) main____ INFO      arguments : '-style' 'windows' '-batch' '-proj' './verification_results/01398/jgproject' '-tcl' './jasper_verif_check.tcl'
2026-02-23 13:42:26.592797 (2076017) main____ INFO      locale    : UTF-8
2026-02-23 13:42:26.592801 (2076017) main____ INFO    ----------------------------------------
2026-02-23 13:42:26.592806 (2076017) main____ INFO    System resource limits info:
2026-02-23 13:42:26.592811 (2076017) main____ INFO      virtual memory: unlimited
2026-02-23 13:42:26.592817 (2076017) main____ INFO      cpu time      : unlimited
2026-02-23 13:42:26.592822 (2076017) main____ INFO      stack size    : unlimited
2026-02-23 13:42:26.592827 (2076017) main____ INFO      core file size: unlimited
2026-02-23 13:42:26.592835 (2076017) main____ INFO      open files    : 131072
2026-02-23 13:42:26.592839 (2076017) main____ INFO      file size     : unlimited
2026-02-23 13:42:26.592844 (2076017) main____ INFO    ----------------------------------------
2026-02-23 13:42:26.592849 (2076017) main____ INFO    Memory statistics:
2026-02-23 13:42:26.592854 (2076017) main____ INFO      total physical memory  : 195972072 kB
2026-02-23 13:42:26.592858 (2076017) main____ INFO      free physical memory   : 107216760 kB
2026-02-23 13:42:26.592863 (2076017) main____ INFO      committed address space: 17052428 kB
2026-02-23 13:42:26.592867 (2076017) main____ INFO    ----------------------------------------
2026-02-23 13:42:26.593915 (2076017) main____ INFO    Important environment variables:
2026-02-23 13:42:26.593935 (2076017) main____ INFO      JASPER_HOME       : '/usr/licensed/cadence-20210126/jasper_2021.03'
2026-02-23 13:42:26.593942 (2076017) main____ INFO      JASPER_INSTALL_DIR: '/scratch/gpfs/LICENSED/x86_64/cadence-20210126/jasper_2021.03'
2026-02-23 13:42:26.593948 (2076017) main____ INFO      LANG              : 'en_US.UTF-8'
2026-02-23 13:42:26.593954 (2076017) main____ INFO      LM_LICENSE_FILE   : '5280@license.rc.princeton.edu'
2026-02-23 13:42:26.593959 (2076017) main____ INFO      TMPDIR            : '/tmp/ab2113/jg_5018834_20'
2026-02-23 13:42:26.593964 (2076017) main____ INFO    ----------------------------------------
2026-02-23 13:42:26.594850 (2076017) lic_core INFO    Initializing license system ...
2026-02-23 13:42:26.595315 (2076017) lic_core INFO    ... license system initialized.
2026-02-23 13:42:26.596116 (2076017) lic__man INFO    Claim 'fpv' for <ui>.
2026-02-23 13:42:26.596158 (2076017) lic_core INFO    (1) checking out 'jasper_fpv' ...
2026-02-23 13:42:26.601695 (2076017) lic_core INFO    ... (1) checkout failed (error: -5) ("FLEXnet ERROR(-5, 0, 0): No such feature exists.")
2026-02-23 13:42:26.601752 (2076017) lic_core INFO    (2) checking out 'jasper_fao' ...
2026-02-23 13:42:26.612719 (2076017) lic_core INFO    ... (2) checkout succeeded
2026-02-23 13:42:26.629416 (2076017) session_ INFO    Starting analysis session with session id 'session_0' (launcher: <local>) ...
2026-02-23 13:42:26.632878 (2076017) session_ INFO    Analysis session with session id 'session_0' started (pid: 2076025)
2026-02-23 13:42:27.398283 (2076017) session_ INFO    Analysis session 'session_0' connected to the console (host: 127.0.0.1:53026)
2026-02-23 13:42:28.112313 (2076017) main____ INFO    About to exit: request to exit with status 1 received from analysis session 'session_0'
2026-02-23 13:42:28.197549 (2076017) session_ INFO    Analysis session 'session_0' disconnected.
2026-02-23 13:42:28.197700 (2076017) lic__man INFO    Unclaim everything for 'session_0'.
2026-02-23 13:42:28.198763 (2076017) session_ INFO    Process for analysis session 'session_0' has exited with exit status '1'.
2026-02-23 13:42:30.218616 (2076017) lic_core INFO    (2) checkin jasper_fao
2026-02-23 13:42:30.220038 (2076017) main____ INFO    Exiting with status 1.
