2026-02-23 13:59:40.861567 (4160217) main____ INFO    ----------------------------------------
2026-02-23 13:59:40.861673 (4160217) main____ INFO    JasperGold version info
2026-02-23 13:59:40.861689 (4160217) main____ INFO      tool      : JasperGold 2021.03
2026-02-23 13:59:40.861697 (4160217) main____ INFO      version   : 2021.03 FCS 64 bits
2026-02-23 13:59:40.861702 (4160217) main____ INFO      build date: 2021.03.23 02:50:43 UTC
2026-02-23 13:59:40.861706 (4160217) main____ INFO    ----------------------------------------
2026-02-23 13:59:40.861710 (4160217) main____ INFO    Runtime info:
2026-02-23 13:59:40.861715 (4160217) main____ INFO      platform  : Linux 5.14.0-570.84.1.el9_6.x86_64 x86_64
2026-02-23 13:59:40.861720 (4160217) main____ INFO      hostname  : della-r3c2n12
2026-02-23 13:59:40.861725 (4160217) main____ INFO      pid       : 4160217
2026-02-23 13:59:40.861729 (4160217) main____ INFO      arguments : '-style' 'windows' '-batch' '-proj' './verification_results/04591/jgproject' '-tcl' './jasper_verif_check.tcl'
2026-02-23 13:59:40.861739 (4160217) main____ INFO      locale    : UTF-8
2026-02-23 13:59:40.861743 (4160217) main____ INFO    ----------------------------------------
2026-02-23 13:59:40.861747 (4160217) main____ INFO    System resource limits info:
2026-02-23 13:59:40.861751 (4160217) main____ INFO      virtual memory: unlimited
2026-02-23 13:59:40.861755 (4160217) main____ INFO      cpu time      : unlimited
2026-02-23 13:59:40.861760 (4160217) main____ INFO      stack size    : unlimited
2026-02-23 13:59:40.861764 (4160217) main____ INFO      core file size: unlimited
2026-02-23 13:59:40.861771 (4160217) main____ INFO      open files    : 131072
2026-02-23 13:59:40.861776 (4160217) main____ INFO      file size     : unlimited
2026-02-23 13:59:40.861780 (4160217) main____ INFO    ----------------------------------------
2026-02-23 13:59:40.861784 (4160217) main____ INFO    Memory statistics:
2026-02-23 13:59:40.861788 (4160217) main____ INFO      total physical memory  : 195972072 kB
2026-02-23 13:59:40.861792 (4160217) main____ INFO      free physical memory   : 134235004 kB
2026-02-23 13:59:40.861796 (4160217) main____ INFO      committed address space: 40528720 kB
2026-02-23 13:59:40.861800 (4160217) main____ INFO    ----------------------------------------
2026-02-23 13:59:40.862772 (4160217) main____ INFO    Important environment variables:
2026-02-23 13:59:40.862790 (4160217) main____ INFO      JASPER_HOME       : '/usr/licensed/cadence-20210126/jasper_2021.03'
2026-02-23 13:59:40.862796 (4160217) main____ INFO      JASPER_INSTALL_DIR: '/scratch/gpfs/LICENSED/x86_64/cadence-20210126/jasper_2021.03'
2026-02-23 13:59:40.862801 (4160217) main____ INFO      LANG              : 'en_US.UTF-8'
2026-02-23 13:59:40.862807 (4160217) main____ INFO      LM_LICENSE_FILE   : '5280@license.rc.princeton.edu'
2026-02-23 13:59:40.862812 (4160217) main____ INFO      TMPDIR            : '/tmp/ab2113/jg_5019171_84'
2026-02-23 13:59:40.862816 (4160217) main____ INFO    ----------------------------------------
2026-02-23 13:59:40.863662 (4160217) lic_core INFO    Initializing license system ...
2026-02-23 13:59:40.864506 (4160217) lic_core INFO    ... license system initialized.
2026-02-23 13:59:40.865294 (4160217) lic__man INFO    Claim 'fpv' for <ui>.
2026-02-23 13:59:40.865334 (4160217) lic_core INFO    (1) checking out 'jasper_fpv' ...
2026-02-23 13:59:40.870660 (4160217) lic_core INFO    ... (1) checkout failed (error: -5) ("FLEXnet ERROR(-5, 0, 0): No such feature exists.")
2026-02-23 13:59:40.870706 (4160217) lic_core INFO    (2) checking out 'jasper_fao' ...
2026-02-23 13:59:40.881201 (4160217) lic_core INFO    ... (2) checkout succeeded
2026-02-23 13:59:40.895946 (4160217) session_ INFO    Starting analysis session with session id 'session_0' (launcher: <local>) ...
2026-02-23 13:59:40.899229 (4160217) session_ INFO    Analysis session with session id 'session_0' started (pid: 4160225)
2026-02-23 13:59:41.612575 (4160217) session_ INFO    Analysis session 'session_0' connected to the console (host: 127.0.0.1:48914)
2026-02-23 13:59:42.144193 (4160217) main____ INFO    About to exit: request to exit with status 1 received from analysis session 'session_0'
2026-02-23 13:59:42.218230 (4160217) session_ INFO    Analysis session 'session_0' disconnected.
2026-02-23 13:59:42.218361 (4160217) lic__man INFO    Unclaim everything for 'session_0'.
2026-02-23 13:59:42.218737 (4160217) session_ INFO    Process for analysis session 'session_0' has exited with exit status '1'.
2026-02-23 13:59:44.125244 (4160217) lic_core INFO    (2) checkin jasper_fao
2026-02-23 13:59:44.126823 (4160217) main____ INFO    Exiting with status 1.
