2026-02-23 13:46:39.343219 (3731543) main____ INFO    ----------------------------------------
2026-02-23 13:46:39.343299 (3731543) main____ INFO    JasperGold version info
2026-02-23 13:46:39.343320 (3731543) main____ INFO      tool      : JasperGold 2021.03
2026-02-23 13:46:39.343330 (3731543) main____ INFO      version   : 2021.03 FCS 64 bits
2026-02-23 13:46:39.343337 (3731543) main____ INFO      build date: 2021.03.23 02:50:43 UTC
2026-02-23 13:46:39.343342 (3731543) main____ INFO    ----------------------------------------
2026-02-23 13:46:39.343347 (3731543) main____ INFO    Runtime info:
2026-02-23 13:46:39.343353 (3731543) main____ INFO      platform  : Linux 5.14.0-570.84.1.el9_6.x86_64 x86_64
2026-02-23 13:46:39.343360 (3731543) main____ INFO      hostname  : della-h14n18
2026-02-23 13:46:39.343366 (3731543) main____ INFO      pid       : 3731543
2026-02-23 13:46:39.343371 (3731543) main____ INFO      arguments : '-style' 'windows' '-batch' '-proj' './verification_results/02345/jgproject' '-tcl' './jasper_verif_check.tcl'
2026-02-23 13:46:39.343379 (3731543) main____ INFO      locale    : UTF-8
2026-02-23 13:46:39.343384 (3731543) main____ INFO    ----------------------------------------
2026-02-23 13:46:39.343389 (3731543) main____ INFO    System resource limits info:
2026-02-23 13:46:39.343395 (3731543) main____ INFO      virtual memory: unlimited
2026-02-23 13:46:39.343403 (3731543) main____ INFO      cpu time      : unlimited
2026-02-23 13:46:39.343408 (3731543) main____ INFO      stack size    : unlimited
2026-02-23 13:46:39.343413 (3731543) main____ INFO      core file size: unlimited
2026-02-23 13:46:39.343420 (3731543) main____ INFO      open files    : 131072
2026-02-23 13:46:39.343425 (3731543) main____ INFO      file size     : unlimited
2026-02-23 13:46:39.343430 (3731543) main____ INFO    ----------------------------------------
2026-02-23 13:46:39.343434 (3731543) main____ INFO    Memory statistics:
2026-02-23 13:46:39.343440 (3731543) main____ INFO      total physical memory  : 1584164348 kB
2026-02-23 13:46:39.343445 (3731543) main____ INFO      free physical memory   : 644610188 kB
2026-02-23 13:46:39.343450 (3731543) main____ INFO      committed address space: 627389964 kB
2026-02-23 13:46:39.343455 (3731543) main____ INFO    ----------------------------------------
2026-02-23 13:46:39.343977 (3731543) main____ INFO    Important environment variables:
2026-02-23 13:46:39.343991 (3731543) main____ INFO      JASPER_HOME       : '/usr/licensed/cadence-20210126/jasper_2021.03'
2026-02-23 13:46:39.343997 (3731543) main____ INFO      JASPER_INSTALL_DIR: '/scratch/gpfs/LICENSED/x86_64/cadence-20210126/jasper_2021.03'
2026-02-23 13:46:39.344003 (3731543) main____ INFO      LANG              : 'en_US.UTF-8'
2026-02-23 13:46:39.344008 (3731543) main____ INFO      LM_LICENSE_FILE   : '5280@license.rc.princeton.edu'
2026-02-23 13:46:39.344016 (3731543) main____ INFO      TMPDIR            : '/tmp/ab2113/jg_5018904_39'
2026-02-23 13:46:39.344021 (3731543) main____ INFO    ----------------------------------------
2026-02-23 13:46:39.344583 (3731543) lic_core INFO    Initializing license system ...
2026-02-23 13:46:39.345112 (3731543) lic_core INFO    ... license system initialized.
2026-02-23 13:46:39.345885 (3731543) lic__man INFO    Claim 'fpv' for <ui>.
2026-02-23 13:46:39.345918 (3731543) lic_core INFO    (1) checking out 'jasper_fpv' ...
2026-02-23 13:46:39.351806 (3731543) lic_core INFO    ... (1) checkout failed (error: -5) ("FLEXnet ERROR(-5, 0, 0): No such feature exists.")
2026-02-23 13:46:39.351834 (3731543) lic_core INFO    (2) checking out 'jasper_fao' ...
2026-02-23 13:46:39.360507 (3731543) lic_core INFO    ... (2) checkout succeeded
2026-02-23 13:46:39.371395 (3731543) session_ INFO    Starting analysis session with session id 'session_0' (launcher: <local>) ...
2026-02-23 13:46:39.374035 (3731543) session_ INFO    Analysis session with session id 'session_0' started (pid: 3731551)
2026-02-23 13:46:40.022122 (3731543) session_ INFO    Analysis session 'session_0' connected to the console (host: 127.0.0.1:48218)
2026-02-23 13:46:40.529254 (3731543) main____ INFO    About to exit: request to exit with status 1 received from analysis session 'session_0'
2026-02-23 13:46:40.594108 (3731543) session_ INFO    Analysis session 'session_0' disconnected.
2026-02-23 13:46:40.594442 (3731543) lic__man INFO    Unclaim everything for 'session_0'.
2026-02-23 13:46:40.595715 (3731543) session_ INFO    Process for analysis session 'session_0' has exited with exit status '1'.
2026-02-23 13:46:42.541258 (3731543) lic_core INFO    (2) checkin jasper_fao
2026-02-23 13:46:42.543303 (3731543) main____ INFO    Exiting with status 1.
