2026-02-20 16:47:50.383393 (2491766) main____ INFO    ----------------------------------------
2026-02-20 16:47:50.383509 (2491766) main____ INFO    JasperGold version info
2026-02-20 16:47:50.383529 (2491766) main____ INFO      tool      : JasperGold 2021.03
2026-02-20 16:47:50.383538 (2491766) main____ INFO      version   : 2021.03 FCS 64 bits
2026-02-20 16:47:50.383544 (2491766) main____ INFO      build date: 2021.03.23 02:50:43 UTC
2026-02-20 16:47:50.383548 (2491766) main____ INFO    ----------------------------------------
2026-02-20 16:47:50.383552 (2491766) main____ INFO    Runtime info:
2026-02-20 16:47:50.383556 (2491766) main____ INFO      platform  : Linux 5.14.0-570.84.1.el9_6.x86_64 x86_64
2026-02-20 16:47:50.383563 (2491766) main____ INFO      hostname  : della-i13n22
2026-02-20 16:47:50.383568 (2491766) main____ INFO      pid       : 2491766
2026-02-20 16:47:50.383572 (2491766) main____ INFO      arguments : '-style' 'windows' '-batch' '-proj' 'verification_results/00040/jgproject' '-tcl' './jasper_verif_check.tcl'
2026-02-20 16:47:50.383581 (2491766) main____ INFO      locale    : UTF-8
2026-02-20 16:47:50.383586 (2491766) main____ INFO    ----------------------------------------
2026-02-20 16:47:50.383589 (2491766) main____ INFO    System resource limits info:
2026-02-20 16:47:50.383594 (2491766) main____ INFO      virtual memory: unlimited
2026-02-20 16:47:50.383598 (2491766) main____ INFO      cpu time      : unlimited
2026-02-20 16:47:50.383602 (2491766) main____ INFO      stack size    : unlimited
2026-02-20 16:47:50.383607 (2491766) main____ INFO      core file size: unlimited
2026-02-20 16:47:50.383613 (2491766) main____ INFO      open files    : 131072
2026-02-20 16:47:50.383618 (2491766) main____ INFO      file size     : unlimited
2026-02-20 16:47:50.383622 (2491766) main____ INFO    ----------------------------------------
2026-02-20 16:47:50.383625 (2491766) main____ INFO    Memory statistics:
2026-02-20 16:47:50.383629 (2491766) main____ INFO      total physical memory  : 394157548 kB
2026-02-20 16:47:50.383633 (2491766) main____ INFO      free physical memory   : 208033180 kB
2026-02-20 16:47:50.383637 (2491766) main____ INFO      committed address space: 150782824 kB
2026-02-20 16:47:50.383641 (2491766) main____ INFO    ----------------------------------------
2026-02-20 16:47:50.384519 (2491766) main____ INFO    Important environment variables:
2026-02-20 16:47:50.384536 (2491766) main____ INFO      JASPER_HOME       : '/usr/licensed/cadence-20210126/jasper_2021.03'
2026-02-20 16:47:50.384543 (2491766) main____ INFO      JASPER_INSTALL_DIR: '/scratch/gpfs/LICENSED/x86_64/cadence-20210126/jasper_2021.03'
2026-02-20 16:47:50.384548 (2491766) main____ INFO      LANG              : 'en_US.UTF-8'
2026-02-20 16:47:50.384553 (2491766) main____ INFO      LM_LICENSE_FILE   : '5280@license.rc.princeton.edu'
2026-02-20 16:47:50.384557 (2491766) main____ INFO      TMPDIR            : '/tmp'
2026-02-20 16:47:50.384561 (2491766) main____ INFO    ----------------------------------------
2026-02-20 16:47:50.385081 (2491766) lic_core INFO    Initializing license system ...
2026-02-20 16:47:50.386005 (2491766) lic_core INFO    ... license system initialized.
2026-02-20 16:47:50.386845 (2491766) lic__man INFO    Claim 'fpv' for <ui>.
2026-02-20 16:47:50.386888 (2491766) lic_core INFO    (1) checking out 'jasper_fpv' ...
2026-02-20 16:47:50.392482 (2491766) lic_core INFO    ... (1) checkout failed (error: -5) ("FLEXnet ERROR(-5, 0, 0): No such feature exists.")
2026-02-20 16:47:50.392545 (2491766) lic_core INFO    (2) checking out 'jasper_fao' ...
2026-02-20 16:47:50.402672 (2491766) lic_core INFO    ... (2) checkout succeeded
2026-02-20 16:47:50.417888 (2491766) session_ INFO    Starting analysis session with session id 'session_0' (launcher: <local>) ...
2026-02-20 16:47:50.421138 (2491766) session_ INFO    Analysis session with session id 'session_0' started (pid: 2491774)
2026-02-20 16:47:51.140053 (2491766) session_ INFO    Analysis session 'session_0' connected to the console (host: 127.0.0.1:45336)
2026-02-20 16:47:52.048494 (2491766) main____ INFO    About to exit: request to exit with status 1 received from analysis session 'session_0'
2026-02-20 16:47:52.127504 (2491766) session_ INFO    Analysis session 'session_0' disconnected.
2026-02-20 16:47:52.127631 (2491766) lic__man INFO    Unclaim everything for 'session_0'.
2026-02-20 16:47:52.128277 (2491766) session_ INFO    Process for analysis session 'session_0' has exited with exit status '1'.
2026-02-20 16:47:54.037862 (2491766) lic_core INFO    (2) checkin jasper_fao
2026-02-20 16:47:54.039713 (2491766) main____ INFO    Exiting with status 1.
