2026-02-23 14:16:42.782735 (1160092) main____ INFO    ----------------------------------------
2026-02-23 14:16:42.782846 (1160092) main____ INFO    JasperGold version info
2026-02-23 14:16:42.782865 (1160092) main____ INFO      tool      : JasperGold 2021.03
2026-02-23 14:16:42.782874 (1160092) main____ INFO      version   : 2021.03 FCS 64 bits
2026-02-23 14:16:42.782879 (1160092) main____ INFO      build date: 2021.03.23 02:50:43 UTC
2026-02-23 14:16:42.782883 (1160092) main____ INFO    ----------------------------------------
2026-02-23 14:16:42.782887 (1160092) main____ INFO    Runtime info:
2026-02-23 14:16:42.782891 (1160092) main____ INFO      platform  : Linux 5.14.0-570.84.1.el9_6.x86_64 x86_64
2026-02-23 14:16:42.782898 (1160092) main____ INFO      hostname  : della-i13n20
2026-02-23 14:16:42.782903 (1160092) main____ INFO      pid       : 1160092
2026-02-23 14:16:42.782907 (1160092) main____ INFO      arguments : '-style' 'windows' '-batch' '-proj' './verification_results/03883/jgproject' '-tcl' './jasper_verif_check.tcl'
2026-02-23 14:16:42.782915 (1160092) main____ INFO      locale    : UTF-8
2026-02-23 14:16:42.782919 (1160092) main____ INFO    ----------------------------------------
2026-02-23 14:16:42.782923 (1160092) main____ INFO    System resource limits info:
2026-02-23 14:16:42.782927 (1160092) main____ INFO      virtual memory: unlimited
2026-02-23 14:16:42.782931 (1160092) main____ INFO      cpu time      : unlimited
2026-02-23 14:16:42.782935 (1160092) main____ INFO      stack size    : unlimited
2026-02-23 14:16:42.782939 (1160092) main____ INFO      core file size: unlimited
2026-02-23 14:16:42.782946 (1160092) main____ INFO      open files    : 131072
2026-02-23 14:16:42.782950 (1160092) main____ INFO      file size     : unlimited
2026-02-23 14:16:42.782953 (1160092) main____ INFO    ----------------------------------------
2026-02-23 14:16:42.782957 (1160092) main____ INFO    Memory statistics:
2026-02-23 14:16:42.782961 (1160092) main____ INFO      total physical memory  : 394157552 kB
2026-02-23 14:16:42.782965 (1160092) main____ INFO      free physical memory   : 201047760 kB
2026-02-23 14:16:42.782969 (1160092) main____ INFO      committed address space: 149971132 kB
2026-02-23 14:16:42.782972 (1160092) main____ INFO    ----------------------------------------
2026-02-23 14:16:42.783904 (1160092) main____ INFO    Important environment variables:
2026-02-23 14:16:42.783920 (1160092) main____ INFO      JASPER_HOME       : '/usr/licensed/cadence-20210126/jasper_2021.03'
2026-02-23 14:16:42.783926 (1160092) main____ INFO      JASPER_INSTALL_DIR: '/scratch/gpfs/LICENSED/x86_64/cadence-20210126/jasper_2021.03'
2026-02-23 14:16:42.783931 (1160092) main____ INFO      LANG              : 'en_US.UTF-8'
2026-02-23 14:16:42.783935 (1160092) main____ INFO      LM_LICENSE_FILE   : '5280@license.rc.princeton.edu'
2026-02-23 14:16:42.783940 (1160092) main____ INFO      TMPDIR            : '/tmp/ab2113/jg_5019072_70'
2026-02-23 14:16:42.783945 (1160092) main____ INFO    ----------------------------------------
2026-02-23 14:16:42.784888 (1160092) lic_core INFO    Initializing license system ...
2026-02-23 14:16:42.785863 (1160092) lic_core INFO    ... license system initialized.
2026-02-23 14:16:42.786697 (1160092) lic__man INFO    Claim 'fpv' for <ui>.
2026-02-23 14:16:42.786744 (1160092) lic_core INFO    (1) checking out 'jasper_fpv' ...
2026-02-23 14:16:42.793106 (1160092) lic_core INFO    ... (1) checkout failed (error: -5) ("FLEXnet ERROR(-5, 0, 0): No such feature exists.")
2026-02-23 14:16:42.793177 (1160092) lic_core INFO    (2) checking out 'jasper_fao' ...
2026-02-23 14:16:42.804014 (1160092) lic_core INFO    ... (2) checkout succeeded
2026-02-23 14:16:42.818530 (1160092) session_ INFO    Starting analysis session with session id 'session_0' (launcher: <local>) ...
2026-02-23 14:16:42.822367 (1160092) session_ INFO    Analysis session with session id 'session_0' started (pid: 1160100)
2026-02-23 14:16:43.549546 (1160092) session_ INFO    Analysis session 'session_0' connected to the console (host: 127.0.0.1:58784)
2026-02-23 14:16:44.377216 (1160092) lic__man INFO    Unclaim everything for 'session_0'.
2026-02-23 14:16:44.418970 (1160092) lic__man INFO    Claim 'fpv' for 'session_0'.
2026-02-23 14:16:44.419025 (1160092) lic__man INFO    Claim 'fpv' for 'session_0/prove-0'.
2026-02-23 14:16:44.557379 (1160092) lic__man INFO    Unclaim everything for 'session_0/prove-0'.
2026-02-23 14:16:44.614226 (1160092) main____ INFO    About to exit: request to exit with status 0 received from analysis session 'session_0'
2026-02-23 14:16:44.708159 (1160092) session_ INFO    Analysis session 'session_0' disconnected.
2026-02-23 14:16:44.708294 (1160092) lic__man INFO    Unclaim everything for 'session_0'.
2026-02-23 14:16:44.708900 (1160092) session_ INFO    Process for analysis session 'session_0' has exited with exit status '0'.
2026-02-23 14:16:46.549957 (1160092) lic_core INFO    (2) checkin jasper_fao
2026-02-23 14:16:46.551691 (1160092) main____ INFO    Exiting with status 0.
