2026-02-23 13:41:36.866431 (2872836) main____ INFO    ----------------------------------------
2026-02-23 13:41:36.866507 (2872836) main____ INFO    JasperGold version info
2026-02-23 13:41:36.866526 (2872836) main____ INFO      tool      : JasperGold 2021.03
2026-02-23 13:41:36.866535 (2872836) main____ INFO      version   : 2021.03 FCS 64 bits
2026-02-23 13:41:36.866541 (2872836) main____ INFO      build date: 2021.03.23 02:50:43 UTC
2026-02-23 13:41:36.866548 (2872836) main____ INFO    ----------------------------------------
2026-02-23 13:41:36.866555 (2872836) main____ INFO    Runtime info:
2026-02-23 13:41:36.866560 (2872836) main____ INFO      platform  : Linux 5.14.0-570.84.1.el9_6.x86_64 x86_64
2026-02-23 13:41:36.866567 (2872836) main____ INFO      hostname  : della-h16n9
2026-02-23 13:41:36.866573 (2872836) main____ INFO      pid       : 2872836
2026-02-23 13:41:36.866580 (2872836) main____ INFO      arguments : '-style' 'windows' '-batch' '-proj' './verification_results/01669/jgproject' '-tcl' './jasper_verif_check.tcl'
2026-02-23 13:41:36.866589 (2872836) main____ INFO      locale    : UTF-8
2026-02-23 13:41:36.866594 (2872836) main____ INFO    ----------------------------------------
2026-02-23 13:41:36.866599 (2872836) main____ INFO    System resource limits info:
2026-02-23 13:41:36.866605 (2872836) main____ INFO      virtual memory: unlimited
2026-02-23 13:41:36.866610 (2872836) main____ INFO      cpu time      : unlimited
2026-02-23 13:41:36.866616 (2872836) main____ INFO      stack size    : unlimited
2026-02-23 13:41:36.866623 (2872836) main____ INFO      core file size: unlimited
2026-02-23 13:41:36.866631 (2872836) main____ INFO      open files    : 131072
2026-02-23 13:41:36.866636 (2872836) main____ INFO      file size     : unlimited
2026-02-23 13:41:36.866643 (2872836) main____ INFO    ----------------------------------------
2026-02-23 13:41:36.866648 (2872836) main____ INFO    Memory statistics:
2026-02-23 13:41:36.866654 (2872836) main____ INFO      total physical memory  : 1584164368 kB
2026-02-23 13:41:36.866659 (2872836) main____ INFO      free physical memory   : 832655776 kB
2026-02-23 13:41:36.866664 (2872836) main____ INFO      committed address space: 658538156 kB
2026-02-23 13:41:36.866670 (2872836) main____ INFO    ----------------------------------------
2026-02-23 13:41:36.867251 (2872836) main____ INFO    Important environment variables:
2026-02-23 13:41:36.867266 (2872836) main____ INFO      JASPER_HOME       : '/usr/licensed/cadence-20210126/jasper_2021.03'
2026-02-23 13:41:36.867274 (2872836) main____ INFO      JASPER_INSTALL_DIR: '/scratch/gpfs/LICENSED/x86_64/cadence-20210126/jasper_2021.03'
2026-02-23 13:41:36.867280 (2872836) main____ INFO      LANG              : 'en_US.UTF-8'
2026-02-23 13:41:36.867286 (2872836) main____ INFO      LM_LICENSE_FILE   : '5280@license.rc.princeton.edu'
2026-02-23 13:41:36.867292 (2872836) main____ INFO      TMPDIR            : '/tmp/ab2113/jg_5018847_26'
2026-02-23 13:41:36.867298 (2872836) main____ INFO    ----------------------------------------
2026-02-23 13:41:36.867788 (2872836) lic_core INFO    Initializing license system ...
2026-02-23 13:41:36.868374 (2872836) lic_core INFO    ... license system initialized.
2026-02-23 13:41:36.869173 (2872836) lic__man INFO    Claim 'fpv' for <ui>.
2026-02-23 13:41:36.869210 (2872836) lic_core INFO    (1) checking out 'jasper_fpv' ...
2026-02-23 13:41:36.874878 (2872836) lic_core INFO    ... (1) checkout failed (error: -5) ("FLEXnet ERROR(-5, 0, 0): No such feature exists.")
2026-02-23 13:41:36.874919 (2872836) lic_core INFO    (2) checking out 'jasper_fao' ...
2026-02-23 13:41:36.884377 (2872836) lic_core INFO    ... (2) checkout succeeded
2026-02-23 13:41:36.895881 (2872836) session_ INFO    Starting analysis session with session id 'session_0' (launcher: <local>) ...
2026-02-23 13:41:36.898710 (2872836) session_ INFO    Analysis session with session id 'session_0' started (pid: 2872844)
2026-02-23 13:41:37.527592 (2872836) session_ INFO    Analysis session 'session_0' connected to the console (host: 127.0.0.1:38034)
2026-02-23 13:41:38.072058 (2872836) main____ INFO    About to exit: request to exit with status 1 received from analysis session 'session_0'
2026-02-23 13:41:38.146428 (2872836) session_ INFO    Analysis session 'session_0' disconnected.
2026-02-23 13:41:38.146658 (2872836) lic__man INFO    Unclaim everything for 'session_0'.
2026-02-23 13:41:38.148547 (2872836) session_ INFO    Process for analysis session 'session_0' has exited with exit status '1'.
2026-02-23 13:41:40.162753 (2872836) lic_core INFO    (2) checkin jasper_fao
2026-02-23 13:41:40.164561 (2872836) main____ INFO    Exiting with status 1.
