2026-02-23 13:59:15.082180 (2624762) main____ INFO    ----------------------------------------
2026-02-23 13:59:15.082277 (2624762) main____ INFO    JasperGold version info
2026-02-23 13:59:15.082296 (2624762) main____ INFO      tool      : JasperGold 2021.03
2026-02-23 13:59:15.082304 (2624762) main____ INFO      version   : 2021.03 FCS 64 bits
2026-02-23 13:59:15.082309 (2624762) main____ INFO      build date: 2021.03.23 02:50:43 UTC
2026-02-23 13:59:15.082313 (2624762) main____ INFO    ----------------------------------------
2026-02-23 13:59:15.082317 (2624762) main____ INFO    Runtime info:
2026-02-23 13:59:15.082322 (2624762) main____ INFO      platform  : Linux 5.14.0-570.84.1.el9_6.x86_64 x86_64
2026-02-23 13:59:15.082328 (2624762) main____ INFO      hostname  : della-r3c1n7
2026-02-23 13:59:15.082332 (2624762) main____ INFO      pid       : 2624762
2026-02-23 13:59:15.082337 (2624762) main____ INFO      arguments : '-style' 'windows' '-batch' '-proj' './verification_results/04534/jgproject' '-tcl' './jasper_verif_check.tcl'
2026-02-23 13:59:15.082344 (2624762) main____ INFO      locale    : UTF-8
2026-02-23 13:59:15.082348 (2624762) main____ INFO    ----------------------------------------
2026-02-23 13:59:15.082352 (2624762) main____ INFO    System resource limits info:
2026-02-23 13:59:15.082357 (2624762) main____ INFO      virtual memory: unlimited
2026-02-23 13:59:15.082361 (2624762) main____ INFO      cpu time      : unlimited
2026-02-23 13:59:15.082365 (2624762) main____ INFO      stack size    : unlimited
2026-02-23 13:59:15.082370 (2624762) main____ INFO      core file size: unlimited
2026-02-23 13:59:15.082376 (2624762) main____ INFO      open files    : 131072
2026-02-23 13:59:15.082380 (2624762) main____ INFO      file size     : unlimited
2026-02-23 13:59:15.082384 (2624762) main____ INFO    ----------------------------------------
2026-02-23 13:59:15.082388 (2624762) main____ INFO    Memory statistics:
2026-02-23 13:59:15.082393 (2624762) main____ INFO      total physical memory  : 195972072 kB
2026-02-23 13:59:15.082397 (2624762) main____ INFO      free physical memory   : 153618852 kB
2026-02-23 13:59:15.082401 (2624762) main____ INFO      committed address space: 44752960 kB
2026-02-23 13:59:15.082405 (2624762) main____ INFO    ----------------------------------------
2026-02-23 13:59:15.083381 (2624762) main____ INFO    Important environment variables:
2026-02-23 13:59:15.083398 (2624762) main____ INFO      JASPER_HOME       : '/usr/licensed/cadence-20210126/jasper_2021.03'
2026-02-23 13:59:15.083405 (2624762) main____ INFO      JASPER_INSTALL_DIR: '/scratch/gpfs/LICENSED/x86_64/cadence-20210126/jasper_2021.03'
2026-02-23 13:59:15.083410 (2624762) main____ INFO      LANG              : 'en_US.UTF-8'
2026-02-23 13:59:15.083415 (2624762) main____ INFO      LM_LICENSE_FILE   : '5280@license.rc.princeton.edu'
2026-02-23 13:59:15.083420 (2624762) main____ INFO      TMPDIR            : '/tmp/ab2113/jg_5019170_83'
2026-02-23 13:59:15.083424 (2624762) main____ INFO    ----------------------------------------
2026-02-23 13:59:15.084229 (2624762) lic_core INFO    Initializing license system ...
2026-02-23 13:59:15.085015 (2624762) lic_core INFO    ... license system initialized.
2026-02-23 13:59:15.085746 (2624762) lic__man INFO    Claim 'fpv' for <ui>.
2026-02-23 13:59:15.085781 (2624762) lic_core INFO    (1) checking out 'jasper_fpv' ...
2026-02-23 13:59:15.092015 (2624762) lic_core INFO    ... (1) checkout failed (error: -5) ("FLEXnet ERROR(-5, 0, 0): No such feature exists.")
2026-02-23 13:59:15.092054 (2624762) lic_core INFO    (2) checking out 'jasper_fao' ...
2026-02-23 13:59:15.102318 (2624762) lic_core INFO    ... (2) checkout succeeded
2026-02-23 13:59:15.116848 (2624762) session_ INFO    Starting analysis session with session id 'session_0' (launcher: <local>) ...
2026-02-23 13:59:15.119441 (2624762) session_ INFO    Analysis session with session id 'session_0' started (pid: 2624770)
2026-02-23 13:59:15.785308 (2624762) session_ INFO    Analysis session 'session_0' connected to the console (host: 127.0.0.1:43208)
2026-02-23 13:59:16.601678 (2624762) lic__man INFO    Unclaim everything for 'session_0'.
2026-02-23 13:59:16.661209 (2624762) lic__man INFO    Claim 'fpv' for 'session_0'.
2026-02-23 13:59:16.661245 (2624762) lic__man INFO    Claim 'fpv' for 'session_0/prove-0'.
2026-02-23 13:59:16.703016 (2624762) lic__man INFO    Unclaim everything for 'session_0/prove-0'.
2026-02-23 13:59:16.744235 (2624762) main____ INFO    About to exit: request to exit with status 0 received from analysis session 'session_0'
2026-02-23 13:59:16.812281 (2624762) session_ INFO    Analysis session 'session_0' disconnected.
2026-02-23 13:59:16.812406 (2624762) lic__man INFO    Unclaim everything for 'session_0'.
2026-02-23 13:59:16.812975 (2624762) session_ INFO    Process for analysis session 'session_0' has exited with exit status '0'.
2026-02-23 13:59:18.849636 (2624762) lic_core INFO    (2) checkin jasper_fao
2026-02-23 13:59:18.850670 (2624762) main____ INFO    Exiting with status 0.
