2026-02-23 13:49:06.256476 (1711817) main____ INFO    ----------------------------------------
2026-02-23 13:49:06.256552 (1711817) main____ INFO    JasperGold version info
2026-02-23 13:49:06.256568 (1711817) main____ INFO      tool      : JasperGold 2021.03
2026-02-23 13:49:06.256576 (1711817) main____ INFO      version   : 2021.03 FCS 64 bits
2026-02-23 13:49:06.256582 (1711817) main____ INFO      build date: 2021.03.23 02:50:43 UTC
2026-02-23 13:49:06.256587 (1711817) main____ INFO    ----------------------------------------
2026-02-23 13:49:06.256591 (1711817) main____ INFO    Runtime info:
2026-02-23 13:49:06.256596 (1711817) main____ INFO      platform  : Linux 5.14.0-570.84.1.el9_6.x86_64 x86_64
2026-02-23 13:49:06.256603 (1711817) main____ INFO      hostname  : della-h14n7
2026-02-23 13:49:06.256608 (1711817) main____ INFO      pid       : 1711817
2026-02-23 13:49:06.256613 (1711817) main____ INFO      arguments : '-style' 'windows' '-batch' '-proj' './verification_results/03069/jgproject' '-tcl' './jasper_verif_check.tcl'
2026-02-23 13:49:06.256621 (1711817) main____ INFO      locale    : UTF-8
2026-02-23 13:49:06.256626 (1711817) main____ INFO    ----------------------------------------
2026-02-23 13:49:06.256630 (1711817) main____ INFO    System resource limits info:
2026-02-23 13:49:06.256635 (1711817) main____ INFO      virtual memory: unlimited
2026-02-23 13:49:06.256640 (1711817) main____ INFO      cpu time      : unlimited
2026-02-23 13:49:06.256645 (1711817) main____ INFO      stack size    : unlimited
2026-02-23 13:49:06.256650 (1711817) main____ INFO      core file size: unlimited
2026-02-23 13:49:06.256657 (1711817) main____ INFO      open files    : 131072
2026-02-23 13:49:06.256662 (1711817) main____ INFO      file size     : unlimited
2026-02-23 13:49:06.256666 (1711817) main____ INFO    ----------------------------------------
2026-02-23 13:49:06.256671 (1711817) main____ INFO    Memory statistics:
2026-02-23 13:49:06.256676 (1711817) main____ INFO      total physical memory  : 1584164356 kB
2026-02-23 13:49:06.256681 (1711817) main____ INFO      free physical memory   : 809403108 kB
2026-02-23 13:49:06.256686 (1711817) main____ INFO      committed address space: 602635580 kB
2026-02-23 13:49:06.256690 (1711817) main____ INFO    ----------------------------------------
2026-02-23 13:49:06.257195 (1711817) main____ INFO    Important environment variables:
2026-02-23 13:49:06.257207 (1711817) main____ INFO      JASPER_HOME       : '/usr/licensed/cadence-20210126/jasper_2021.03'
2026-02-23 13:49:06.257213 (1711817) main____ INFO      JASPER_INSTALL_DIR: '/scratch/gpfs/LICENSED/x86_64/cadence-20210126/jasper_2021.03'
2026-02-23 13:49:06.257219 (1711817) main____ INFO      LANG              : 'en_US.UTF-8'
2026-02-23 13:49:06.257225 (1711817) main____ INFO      LM_LICENSE_FILE   : '5280@license.rc.princeton.edu'
2026-02-23 13:49:06.257241 (1711817) main____ INFO      TMPDIR            : '/tmp/ab2113/jg_5018981_54'
2026-02-23 13:49:06.257246 (1711817) main____ INFO    ----------------------------------------
2026-02-23 13:49:06.257642 (1711817) lic_core INFO    Initializing license system ...
2026-02-23 13:49:06.258130 (1711817) lic_core INFO    ... license system initialized.
2026-02-23 13:49:06.258834 (1711817) lic__man INFO    Claim 'fpv' for <ui>.
2026-02-23 13:49:06.258864 (1711817) lic_core INFO    (1) checking out 'jasper_fpv' ...
2026-02-23 13:49:06.263755 (1711817) lic_core INFO    ... (1) checkout failed (error: -5) ("FLEXnet ERROR(-5, 0, 0): No such feature exists.")
2026-02-23 13:49:06.263781 (1711817) lic_core INFO    (2) checking out 'jasper_fao' ...
2026-02-23 13:49:06.272126 (1711817) lic_core INFO    ... (2) checkout succeeded
2026-02-23 13:49:06.284608 (1711817) session_ INFO    Starting analysis session with session id 'session_0' (launcher: <local>) ...
2026-02-23 13:49:06.287149 (1711817) session_ INFO    Analysis session with session id 'session_0' started (pid: 1711960)
2026-02-23 13:49:06.832178 (1711817) session_ INFO    Analysis session 'session_0' connected to the console (host: 127.0.0.1:35252)
2026-02-23 13:49:07.335380 (1711817) main____ INFO    About to exit: request to exit with status 1 received from analysis session 'session_0'
2026-02-23 13:49:07.382428 (1711817) session_ INFO    Analysis session 'session_0' disconnected.
2026-02-23 13:49:07.382543 (1711817) lic__man INFO    Unclaim everything for 'session_0'.
2026-02-23 13:49:07.384160 (1711817) session_ INFO    Process for analysis session 'session_0' has exited with exit status '1'.
2026-02-23 13:49:09.440624 (1711817) lic_core INFO    (2) checkin jasper_fao
2026-02-23 13:49:09.442368 (1711817) main____ INFO    Exiting with status 1.
