2026-02-23 13:46:03.221650 (1381019) main____ INFO    ----------------------------------------
2026-02-23 13:46:03.221760 (1381019) main____ INFO    JasperGold version info
2026-02-23 13:46:03.221780 (1381019) main____ INFO      tool      : JasperGold 2021.03
2026-02-23 13:46:03.221790 (1381019) main____ INFO      version   : 2021.03 FCS 64 bits
2026-02-23 13:46:03.221796 (1381019) main____ INFO      build date: 2021.03.23 02:50:43 UTC
2026-02-23 13:46:03.221800 (1381019) main____ INFO    ----------------------------------------
2026-02-23 13:46:03.221804 (1381019) main____ INFO    Runtime info:
2026-02-23 13:46:03.221808 (1381019) main____ INFO      platform  : Linux 5.14.0-570.84.1.el9_6.x86_64 x86_64
2026-02-23 13:46:03.221814 (1381019) main____ INFO      hostname  : della-r3c3n3
2026-02-23 13:46:03.221818 (1381019) main____ INFO      pid       : 1381019
2026-02-23 13:46:03.221823 (1381019) main____ INFO      arguments : '-style' 'windows' '-batch' '-proj' './verification_results/02233/jgproject' '-tcl' './jasper_verif_check.tcl'
2026-02-23 13:46:03.221832 (1381019) main____ INFO      locale    : UTF-8
2026-02-23 13:46:03.221836 (1381019) main____ INFO    ----------------------------------------
2026-02-23 13:46:03.221840 (1381019) main____ INFO    System resource limits info:
2026-02-23 13:46:03.221845 (1381019) main____ INFO      virtual memory: unlimited
2026-02-23 13:46:03.221849 (1381019) main____ INFO      cpu time      : unlimited
2026-02-23 13:46:03.221853 (1381019) main____ INFO      stack size    : unlimited
2026-02-23 13:46:03.221857 (1381019) main____ INFO      core file size: unlimited
2026-02-23 13:46:03.221865 (1381019) main____ INFO      open files    : 131072
2026-02-23 13:46:03.221869 (1381019) main____ INFO      file size     : unlimited
2026-02-23 13:46:03.221873 (1381019) main____ INFO    ----------------------------------------
2026-02-23 13:46:03.221877 (1381019) main____ INFO    Memory statistics:
2026-02-23 13:46:03.221881 (1381019) main____ INFO      total physical memory  : 195972168 kB
2026-02-23 13:46:03.221885 (1381019) main____ INFO      free physical memory   : 109826048 kB
2026-02-23 13:46:03.221889 (1381019) main____ INFO      committed address space: 57559712 kB
2026-02-23 13:46:03.221893 (1381019) main____ INFO    ----------------------------------------
2026-02-23 13:46:03.222891 (1381019) main____ INFO    Important environment variables:
2026-02-23 13:46:03.222916 (1381019) main____ INFO      JASPER_HOME       : '/usr/licensed/cadence-20210126/jasper_2021.03'
2026-02-23 13:46:03.222923 (1381019) main____ INFO      JASPER_INSTALL_DIR: '/scratch/gpfs/LICENSED/x86_64/cadence-20210126/jasper_2021.03'
2026-02-23 13:46:03.222929 (1381019) main____ INFO      LANG              : 'en_US.UTF-8'
2026-02-23 13:46:03.222934 (1381019) main____ INFO      LM_LICENSE_FILE   : '5280@license.rc.princeton.edu'
2026-02-23 13:46:03.222939 (1381019) main____ INFO      TMPDIR            : '/tmp/ab2113/jg_5018902_37'
2026-02-23 13:46:03.222943 (1381019) main____ INFO    ----------------------------------------
2026-02-23 13:46:03.223465 (1381019) lic_core INFO    Initializing license system ...
2026-02-23 13:46:03.224380 (1381019) lic_core INFO    ... license system initialized.
2026-02-23 13:46:03.225253 (1381019) lic__man INFO    Claim 'fpv' for <ui>.
2026-02-23 13:46:03.225309 (1381019) lic_core INFO    (1) checking out 'jasper_fpv' ...
2026-02-23 13:46:03.231157 (1381019) lic_core INFO    ... (1) checkout failed (error: -5) ("FLEXnet ERROR(-5, 0, 0): No such feature exists.")
2026-02-23 13:46:03.231225 (1381019) lic_core INFO    (2) checking out 'jasper_fao' ...
2026-02-23 13:46:03.242256 (1381019) lic_core INFO    ... (2) checkout succeeded
2026-02-23 13:46:03.258062 (1381019) session_ INFO    Starting analysis session with session id 'session_0' (launcher: <local>) ...
2026-02-23 13:46:03.261462 (1381019) session_ INFO    Analysis session with session id 'session_0' started (pid: 1381027)
2026-02-23 13:46:04.022966 (1381019) session_ INFO    Analysis session 'session_0' connected to the console (host: 127.0.0.1:49022)
2026-02-23 13:46:04.617540 (1381019) main____ INFO    About to exit: request to exit with status 1 received from analysis session 'session_0'
2026-02-23 13:46:04.710045 (1381019) session_ INFO    Analysis session 'session_0' disconnected.
2026-02-23 13:46:04.710181 (1381019) lic__man INFO    Unclaim everything for 'session_0'.
2026-02-23 13:46:04.710586 (1381019) session_ INFO    Process for analysis session 'session_0' has exited with exit status '1'.
2026-02-23 13:46:06.538341 (1381019) lic_core INFO    (2) checkin jasper_fao
2026-02-23 13:46:06.540111 (1381019) main____ INFO    Exiting with status 1.
