2026-02-23 13:58:34.847343 (3186954) main____ INFO    ----------------------------------------
2026-02-23 13:58:34.847414 (3186954) main____ INFO    JasperGold version info
2026-02-23 13:58:34.847429 (3186954) main____ INFO      tool      : JasperGold 2021.03
2026-02-23 13:58:34.847438 (3186954) main____ INFO      version   : 2021.03 FCS 64 bits
2026-02-23 13:58:34.847444 (3186954) main____ INFO      build date: 2021.03.23 02:50:43 UTC
2026-02-23 13:58:34.847449 (3186954) main____ INFO    ----------------------------------------
2026-02-23 13:58:34.847454 (3186954) main____ INFO    Runtime info:
2026-02-23 13:58:34.847460 (3186954) main____ INFO      platform  : Linux 5.14.0-570.84.1.el9_6.x86_64 x86_64
2026-02-23 13:58:34.847466 (3186954) main____ INFO      hostname  : della-r3c3n1
2026-02-23 13:58:34.847471 (3186954) main____ INFO      pid       : 3186954
2026-02-23 13:58:34.847476 (3186954) main____ INFO      arguments : '-style' 'windows' '-batch' '-proj' './verification_results/04623/jgproject' '-tcl' './jasper_verif_check.tcl'
2026-02-23 13:58:34.847483 (3186954) main____ INFO      locale    : UTF-8
2026-02-23 13:58:34.847488 (3186954) main____ INFO    ----------------------------------------
2026-02-23 13:58:34.847493 (3186954) main____ INFO    System resource limits info:
2026-02-23 13:58:34.847498 (3186954) main____ INFO      virtual memory: unlimited
2026-02-23 13:58:34.847503 (3186954) main____ INFO      cpu time      : unlimited
2026-02-23 13:58:34.847508 (3186954) main____ INFO      stack size    : unlimited
2026-02-23 13:58:34.847513 (3186954) main____ INFO      core file size: unlimited
2026-02-23 13:58:34.847520 (3186954) main____ INFO      open files    : 131072
2026-02-23 13:58:34.847525 (3186954) main____ INFO      file size     : unlimited
2026-02-23 13:58:34.847530 (3186954) main____ INFO    ----------------------------------------
2026-02-23 13:58:34.847535 (3186954) main____ INFO    Memory statistics:
2026-02-23 13:58:34.847539 (3186954) main____ INFO      total physical memory  : 195972176 kB
2026-02-23 13:58:34.847544 (3186954) main____ INFO      free physical memory   : 119163664 kB
2026-02-23 13:58:34.847549 (3186954) main____ INFO      committed address space: 22689148 kB
2026-02-23 13:58:34.847554 (3186954) main____ INFO    ----------------------------------------
2026-02-23 13:58:34.848501 (3186954) main____ INFO    Important environment variables:
2026-02-23 13:58:34.848516 (3186954) main____ INFO      JASPER_HOME       : '/usr/licensed/cadence-20210126/jasper_2021.03'
2026-02-23 13:58:34.848522 (3186954) main____ INFO      JASPER_INSTALL_DIR: '/scratch/gpfs/LICENSED/x86_64/cadence-20210126/jasper_2021.03'
2026-02-23 13:58:34.848527 (3186954) main____ INFO      LANG              : 'en_US.UTF-8'
2026-02-23 13:58:34.848533 (3186954) main____ INFO      LM_LICENSE_FILE   : '5280@license.rc.princeton.edu'
2026-02-23 13:58:34.848539 (3186954) main____ INFO      TMPDIR            : '/tmp/ab2113/jg_5019172_85'
2026-02-23 13:58:34.848544 (3186954) main____ INFO    ----------------------------------------
2026-02-23 13:58:34.849285 (3186954) lic_core INFO    Initializing license system ...
2026-02-23 13:58:34.850061 (3186954) lic_core INFO    ... license system initialized.
2026-02-23 13:58:34.850751 (3186954) lic__man INFO    Claim 'fpv' for <ui>.
2026-02-23 13:58:34.850785 (3186954) lic_core INFO    (1) checking out 'jasper_fpv' ...
2026-02-23 13:58:34.856594 (3186954) lic_core INFO    ... (1) checkout failed (error: -5) ("FLEXnet ERROR(-5, 0, 0): No such feature exists.")
2026-02-23 13:58:34.856622 (3186954) lic_core INFO    (2) checking out 'jasper_fao' ...
2026-02-23 13:58:34.867024 (3186954) lic_core INFO    ... (2) checkout succeeded
2026-02-23 13:58:34.880793 (3186954) session_ INFO    Starting analysis session with session id 'session_0' (launcher: <local>) ...
2026-02-23 13:58:34.883366 (3186954) session_ INFO    Analysis session with session id 'session_0' started (pid: 3186962)
2026-02-23 13:58:35.578357 (3186954) session_ INFO    Analysis session 'session_0' connected to the console (host: 127.0.0.1:59766)
2026-02-23 13:58:36.398069 (3186954) lic__man INFO    Unclaim everything for 'session_0'.
2026-02-23 13:58:36.437123 (3186954) lic__man INFO    Claim 'fpv' for 'session_0'.
2026-02-23 13:58:36.437159 (3186954) lic__man INFO    Claim 'fpv' for 'session_0/prove-0'.
2026-02-23 13:58:36.557735 (3186954) lic__man INFO    Unclaim everything for 'session_0/prove-0'.
2026-02-23 13:58:36.613432 (3186954) main____ INFO    About to exit: request to exit with status 0 received from analysis session 'session_0'
2026-02-23 13:58:36.688907 (3186954) session_ INFO    Analysis session 'session_0' disconnected.
2026-02-23 13:58:36.689018 (3186954) lic__man INFO    Unclaim everything for 'session_0'.
2026-02-23 13:58:36.689745 (3186954) session_ INFO    Process for analysis session 'session_0' has exited with exit status '0'.
2026-02-23 13:58:38.610877 (3186954) lic_core INFO    (2) checkin jasper_fao
2026-02-23 13:58:38.612371 (3186954) main____ INFO    Exiting with status 0.
