2026-02-23 13:56:35.112400 (2689448) main____ INFO    ----------------------------------------
2026-02-23 13:56:35.112525 (2689448) main____ INFO    JasperGold version info
2026-02-23 13:56:35.112545 (2689448) main____ INFO      tool      : JasperGold 2021.03
2026-02-23 13:56:35.112555 (2689448) main____ INFO      version   : 2021.03 FCS 64 bits
2026-02-23 13:56:35.112560 (2689448) main____ INFO      build date: 2021.03.23 02:50:43 UTC
2026-02-23 13:56:35.112564 (2689448) main____ INFO    ----------------------------------------
2026-02-23 13:56:35.112569 (2689448) main____ INFO    Runtime info:
2026-02-23 13:56:35.112573 (2689448) main____ INFO      platform  : Linux 5.14.0-570.84.1.el9_6.x86_64 x86_64
2026-02-23 13:56:35.112580 (2689448) main____ INFO      hostname  : della-r3c3n12
2026-02-23 13:56:35.112585 (2689448) main____ INFO      pid       : 2689448
2026-02-23 13:56:35.112589 (2689448) main____ INFO      arguments : '-style' 'windows' '-batch' '-proj' './verification_results/04144/jgproject' '-tcl' './jasper_verif_check.tcl'
2026-02-23 13:56:35.112598 (2689448) main____ INFO      locale    : UTF-8
2026-02-23 13:56:35.112603 (2689448) main____ INFO    ----------------------------------------
2026-02-23 13:56:35.112607 (2689448) main____ INFO    System resource limits info:
2026-02-23 13:56:35.112611 (2689448) main____ INFO      virtual memory: unlimited
2026-02-23 13:56:35.112616 (2689448) main____ INFO      cpu time      : unlimited
2026-02-23 13:56:35.112620 (2689448) main____ INFO      stack size    : unlimited
2026-02-23 13:56:35.112625 (2689448) main____ INFO      core file size: unlimited
2026-02-23 13:56:35.112632 (2689448) main____ INFO      open files    : 131072
2026-02-23 13:56:35.112636 (2689448) main____ INFO      file size     : unlimited
2026-02-23 13:56:35.112640 (2689448) main____ INFO    ----------------------------------------
2026-02-23 13:56:35.112644 (2689448) main____ INFO    Memory statistics:
2026-02-23 13:56:35.112649 (2689448) main____ INFO      total physical memory  : 195972156 kB
2026-02-23 13:56:35.112653 (2689448) main____ INFO      free physical memory   : 109592580 kB
2026-02-23 13:56:35.112657 (2689448) main____ INFO      committed address space: 59811692 kB
2026-02-23 13:56:35.112661 (2689448) main____ INFO    ----------------------------------------
2026-02-23 13:56:35.113659 (2689448) main____ INFO    Important environment variables:
2026-02-23 13:56:35.113685 (2689448) main____ INFO      JASPER_HOME       : '/usr/licensed/cadence-20210126/jasper_2021.03'
2026-02-23 13:56:35.113692 (2689448) main____ INFO      JASPER_INSTALL_DIR: '/scratch/gpfs/LICENSED/x86_64/cadence-20210126/jasper_2021.03'
2026-02-23 13:56:35.113697 (2689448) main____ INFO      LANG              : 'en_US.UTF-8'
2026-02-23 13:56:35.113702 (2689448) main____ INFO      LM_LICENSE_FILE   : '5280@license.rc.princeton.edu'
2026-02-23 13:56:35.113708 (2689448) main____ INFO      TMPDIR            : '/tmp/ab2113/jg_5019110_75'
2026-02-23 13:56:35.113712 (2689448) main____ INFO    ----------------------------------------
2026-02-23 13:56:35.114260 (2689448) lic_core INFO    Initializing license system ...
2026-02-23 13:56:35.114820 (2689448) lic_core INFO    ... license system initialized.
2026-02-23 13:56:35.115675 (2689448) lic__man INFO    Claim 'fpv' for <ui>.
2026-02-23 13:56:35.115724 (2689448) lic_core INFO    (1) checking out 'jasper_fpv' ...
2026-02-23 13:56:35.121342 (2689448) lic_core INFO    ... (1) checkout failed (error: -5) ("FLEXnet ERROR(-5, 0, 0): No such feature exists.")
2026-02-23 13:56:35.121403 (2689448) lic_core INFO    (2) checking out 'jasper_fao' ...
2026-02-23 13:56:35.132336 (2689448) lic_core INFO    ... (2) checkout succeeded
2026-02-23 13:56:35.148939 (2689448) session_ INFO    Starting analysis session with session id 'session_0' (launcher: <local>) ...
2026-02-23 13:56:35.152509 (2689448) session_ INFO    Analysis session with session id 'session_0' started (pid: 2689456)
2026-02-23 13:56:35.926468 (2689448) session_ INFO    Analysis session 'session_0' connected to the console (host: 127.0.0.1:37776)
2026-02-23 13:56:36.527424 (2689448) main____ INFO    About to exit: request to exit with status 1 received from analysis session 'session_0'
2026-02-23 13:56:36.618223 (2689448) session_ INFO    Analysis session 'session_0' disconnected.
2026-02-23 13:56:36.618370 (2689448) lic__man INFO    Unclaim everything for 'session_0'.
2026-02-23 13:56:36.619022 (2689448) session_ INFO    Process for analysis session 'session_0' has exited with exit status '1'.
2026-02-23 13:56:38.433915 (2689448) lic_core INFO    (2) checkin jasper_fao
2026-02-23 13:56:38.435514 (2689448) main____ INFO    Exiting with status 1.
