2026-02-23 13:39:32.516578 (464367) main____ INFO    ----------------------------------------
2026-02-23 13:39:32.516661 (464367) main____ INFO    JasperGold version info
2026-02-23 13:39:32.516677 (464367) main____ INFO      tool      : JasperGold 2021.03
2026-02-23 13:39:32.516685 (464367) main____ INFO      version   : 2021.03 FCS 64 bits
2026-02-23 13:39:32.516691 (464367) main____ INFO      build date: 2021.03.23 02:50:43 UTC
2026-02-23 13:39:32.516696 (464367) main____ INFO    ----------------------------------------
2026-02-23 13:39:32.516700 (464367) main____ INFO    Runtime info:
2026-02-23 13:39:32.516706 (464367) main____ INFO      platform  : Linux 5.14.0-570.84.1.el9_6.x86_64 x86_64
2026-02-23 13:39:32.516712 (464367) main____ INFO      hostname  : della-h16n3
2026-02-23 13:39:32.516717 (464367) main____ INFO      pid       : 464367
2026-02-23 13:39:32.516722 (464367) main____ INFO      arguments : '-style' 'windows' '-batch' '-proj' './verification_results/01073/jgproject' '-tcl' './jasper_verif_check.tcl'
2026-02-23 13:39:32.516729 (464367) main____ INFO      locale    : UTF-8
2026-02-23 13:39:32.516734 (464367) main____ INFO    ----------------------------------------
2026-02-23 13:39:32.516739 (464367) main____ INFO    System resource limits info:
2026-02-23 13:39:32.516744 (464367) main____ INFO      virtual memory: unlimited
2026-02-23 13:39:32.516749 (464367) main____ INFO      cpu time      : unlimited
2026-02-23 13:39:32.516754 (464367) main____ INFO      stack size    : unlimited
2026-02-23 13:39:32.516758 (464367) main____ INFO      core file size: unlimited
2026-02-23 13:39:32.516765 (464367) main____ INFO      open files    : 131072
2026-02-23 13:39:32.516770 (464367) main____ INFO      file size     : unlimited
2026-02-23 13:39:32.516775 (464367) main____ INFO    ----------------------------------------
2026-02-23 13:39:32.516780 (464367) main____ INFO    Memory statistics:
2026-02-23 13:39:32.516785 (464367) main____ INFO      total physical memory  : 1584164344 kB
2026-02-23 13:39:32.516790 (464367) main____ INFO      free physical memory   : 949190644 kB
2026-02-23 13:39:32.516795 (464367) main____ INFO      committed address space: 587716276 kB
2026-02-23 13:39:32.516799 (464367) main____ INFO    ----------------------------------------
2026-02-23 13:39:32.517318 (464367) main____ INFO    Important environment variables:
2026-02-23 13:39:32.517331 (464367) main____ INFO      JASPER_HOME       : '/usr/licensed/cadence-20210126/jasper_2021.03'
2026-02-23 13:39:32.517337 (464367) main____ INFO      JASPER_INSTALL_DIR: '/scratch/gpfs/LICENSED/x86_64/cadence-20210126/jasper_2021.03'
2026-02-23 13:39:32.517343 (464367) main____ INFO      LANG              : 'en_US.UTF-8'
2026-02-23 13:39:32.517348 (464367) main____ INFO      LM_LICENSE_FILE   : '5280@license.rc.princeton.edu'
2026-02-23 13:39:32.517353 (464367) main____ INFO      TMPDIR            : '/tmp/ab2113/jg_5018817_14'
2026-02-23 13:39:32.517358 (464367) main____ INFO    ----------------------------------------
2026-02-23 13:39:32.517916 (464367) lic_core INFO    Initializing license system ...
2026-02-23 13:39:32.518433 (464367) lic_core INFO    ... license system initialized.
2026-02-23 13:39:32.519259 (464367) lic__man INFO    Claim 'fpv' for <ui>.
2026-02-23 13:39:32.519293 (464367) lic_core INFO    (1) checking out 'jasper_fpv' ...
2026-02-23 13:39:32.524667 (464367) lic_core INFO    ... (1) checkout failed (error: -5) ("FLEXnet ERROR(-5, 0, 0): No such feature exists.")
2026-02-23 13:39:32.524697 (464367) lic_core INFO    (2) checking out 'jasper_fao' ...
2026-02-23 13:39:32.533600 (464367) lic_core INFO    ... (2) checkout succeeded
2026-02-23 13:39:32.544670 (464367) session_ INFO    Starting analysis session with session id 'session_0' (launcher: <local>) ...
2026-02-23 13:39:32.548498 (464367) session_ INFO    Analysis session with session id 'session_0' started (pid: 464401)
2026-02-23 13:39:33.073263 (464367) session_ INFO    Analysis session 'session_0' connected to the console (host: 127.0.0.1:42538)
2026-02-23 13:39:33.562925 (464367) main____ INFO    About to exit: request to exit with status 1 received from analysis session 'session_0'
2026-02-23 13:39:33.612084 (464367) session_ INFO    Analysis session 'session_0' disconnected.
2026-02-23 13:39:33.612211 (464367) lic__man INFO    Unclaim everything for 'session_0'.
2026-02-23 13:39:33.613249 (464367) session_ INFO    Process for analysis session 'session_0' has exited with exit status '1'.
2026-02-23 13:39:35.668360 (464367) lic_core INFO    (2) checkin jasper_fao
2026-02-23 13:39:35.669564 (464367) main____ INFO    Exiting with status 1.
