2026-02-23 13:44:02.544578 (2894559) main____ INFO    ----------------------------------------
2026-02-23 13:44:02.544662 (2894559) main____ INFO    JasperGold version info
2026-02-23 13:44:02.544680 (2894559) main____ INFO      tool      : JasperGold 2021.03
2026-02-23 13:44:02.544689 (2894559) main____ INFO      version   : 2021.03 FCS 64 bits
2026-02-23 13:44:02.544695 (2894559) main____ INFO      build date: 2021.03.23 02:50:43 UTC
2026-02-23 13:44:02.544701 (2894559) main____ INFO    ----------------------------------------
2026-02-23 13:44:02.544706 (2894559) main____ INFO    Runtime info:
2026-02-23 13:44:02.544712 (2894559) main____ INFO      platform  : Linux 5.14.0-570.84.1.el9_6.x86_64 x86_64
2026-02-23 13:44:02.544719 (2894559) main____ INFO      hostname  : della-h16n9
2026-02-23 13:44:02.544725 (2894559) main____ INFO      pid       : 2894559
2026-02-23 13:44:02.544730 (2894559) main____ INFO      arguments : '-style' 'windows' '-batch' '-proj' './verification_results/01700/jgproject' '-tcl' './jasper_verif_check.tcl'
2026-02-23 13:44:02.544739 (2894559) main____ INFO      locale    : UTF-8
2026-02-23 13:44:02.544746 (2894559) main____ INFO    ----------------------------------------
2026-02-23 13:44:02.544752 (2894559) main____ INFO    System resource limits info:
2026-02-23 13:44:02.544757 (2894559) main____ INFO      virtual memory: unlimited
2026-02-23 13:44:02.544762 (2894559) main____ INFO      cpu time      : unlimited
2026-02-23 13:44:02.544767 (2894559) main____ INFO      stack size    : unlimited
2026-02-23 13:44:02.544772 (2894559) main____ INFO      core file size: unlimited
2026-02-23 13:44:02.544779 (2894559) main____ INFO      open files    : 131072
2026-02-23 13:44:02.544785 (2894559) main____ INFO      file size     : unlimited
2026-02-23 13:44:02.544791 (2894559) main____ INFO    ----------------------------------------
2026-02-23 13:44:02.544796 (2894559) main____ INFO    Memory statistics:
2026-02-23 13:44:02.544801 (2894559) main____ INFO      total physical memory  : 1584164368 kB
2026-02-23 13:44:02.544808 (2894559) main____ INFO      free physical memory   : 833000748 kB
2026-02-23 13:44:02.544813 (2894559) main____ INFO      committed address space: 654976612 kB
2026-02-23 13:44:02.544818 (2894559) main____ INFO    ----------------------------------------
2026-02-23 13:44:02.545350 (2894559) main____ INFO    Important environment variables:
2026-02-23 13:44:02.545365 (2894559) main____ INFO      JASPER_HOME       : '/usr/licensed/cadence-20210126/jasper_2021.03'
2026-02-23 13:44:02.545373 (2894559) main____ INFO      JASPER_INSTALL_DIR: '/scratch/gpfs/LICENSED/x86_64/cadence-20210126/jasper_2021.03'
2026-02-23 13:44:02.545380 (2894559) main____ INFO      LANG              : 'en_US.UTF-8'
2026-02-23 13:44:02.545386 (2894559) main____ INFO      LM_LICENSE_FILE   : '5280@license.rc.princeton.edu'
2026-02-23 13:44:02.545391 (2894559) main____ INFO      TMPDIR            : '/tmp/ab2113/jg_5018847_26'
2026-02-23 13:44:02.545398 (2894559) main____ INFO    ----------------------------------------
2026-02-23 13:44:02.545916 (2894559) lic_core INFO    Initializing license system ...
2026-02-23 13:44:02.546464 (2894559) lic_core INFO    ... license system initialized.
2026-02-23 13:44:02.547227 (2894559) lic__man INFO    Claim 'fpv' for <ui>.
2026-02-23 13:44:02.547262 (2894559) lic_core INFO    (1) checking out 'jasper_fpv' ...
2026-02-23 13:44:02.553007 (2894559) lic_core INFO    ... (1) checkout failed (error: -5) ("FLEXnet ERROR(-5, 0, 0): No such feature exists.")
2026-02-23 13:44:02.553037 (2894559) lic_core INFO    (2) checking out 'jasper_fao' ...
2026-02-23 13:44:02.561539 (2894559) lic_core INFO    ... (2) checkout succeeded
2026-02-23 13:44:02.572452 (2894559) session_ INFO    Starting analysis session with session id 'session_0' (launcher: <local>) ...
2026-02-23 13:44:02.575201 (2894559) session_ INFO    Analysis session with session id 'session_0' started (pid: 2894567)
2026-02-23 13:44:03.216753 (2894559) session_ INFO    Analysis session 'session_0' connected to the console (host: 127.0.0.1:34158)
2026-02-23 13:44:03.777050 (2894559) main____ INFO    About to exit: request to exit with status 1 received from analysis session 'session_0'
2026-02-23 13:44:03.866916 (2894559) session_ INFO    Analysis session 'session_0' disconnected.
2026-02-23 13:44:03.867166 (2894559) lic__man INFO    Unclaim everything for 'session_0'.
2026-02-23 13:44:03.869125 (2894559) session_ INFO    Process for analysis session 'session_0' has exited with exit status '1'.
2026-02-23 13:44:05.683686 (2894559) lic_core INFO    (2) checkin jasper_fao
2026-02-23 13:44:05.685390 (2894559) main____ INFO    Exiting with status 1.
