2026-02-23 13:51:56.303198 (941637) main____ INFO    ----------------------------------------
2026-02-23 13:51:56.303270 (941637) main____ INFO    JasperGold version info
2026-02-23 13:51:56.303287 (941637) main____ INFO      tool      : JasperGold 2021.03
2026-02-23 13:51:56.303295 (941637) main____ INFO      version   : 2021.03 FCS 64 bits
2026-02-23 13:51:56.303300 (941637) main____ INFO      build date: 2021.03.23 02:50:43 UTC
2026-02-23 13:51:56.303304 (941637) main____ INFO    ----------------------------------------
2026-02-23 13:51:56.303307 (941637) main____ INFO    Runtime info:
2026-02-23 13:51:56.303311 (941637) main____ INFO      platform  : Linux 5.14.0-570.84.1.el9_6.x86_64 x86_64
2026-02-23 13:51:56.303316 (941637) main____ INFO      hostname  : della-i13n12
2026-02-23 13:51:56.303321 (941637) main____ INFO      pid       : 941637
2026-02-23 13:51:56.303324 (941637) main____ INFO      arguments : '-style' 'windows' '-batch' '-proj' './verification_results/03573/jgproject' '-tcl' './jasper_verif_check.tcl'
2026-02-23 13:51:56.303331 (941637) main____ INFO      locale    : UTF-8
2026-02-23 13:51:56.303335 (941637) main____ INFO    ----------------------------------------
2026-02-23 13:51:56.303338 (941637) main____ INFO    System resource limits info:
2026-02-23 13:51:56.303342 (941637) main____ INFO      virtual memory: unlimited
2026-02-23 13:51:56.303346 (941637) main____ INFO      cpu time      : unlimited
2026-02-23 13:51:56.303350 (941637) main____ INFO      stack size    : unlimited
2026-02-23 13:51:56.303354 (941637) main____ INFO      core file size: unlimited
2026-02-23 13:51:56.303360 (941637) main____ INFO      open files    : 131072
2026-02-23 13:51:56.303364 (941637) main____ INFO      file size     : unlimited
2026-02-23 13:51:56.303367 (941637) main____ INFO    ----------------------------------------
2026-02-23 13:51:56.303371 (941637) main____ INFO    Memory statistics:
2026-02-23 13:51:56.303375 (941637) main____ INFO      total physical memory  : 394157548 kB
2026-02-23 13:51:56.303378 (941637) main____ INFO      free physical memory   : 231173984 kB
2026-02-23 13:51:56.303382 (941637) main____ INFO      committed address space: 109825380 kB
2026-02-23 13:51:56.303386 (941637) main____ INFO    ----------------------------------------
2026-02-23 13:51:56.304260 (941637) main____ INFO    Important environment variables:
2026-02-23 13:51:56.304274 (941637) main____ INFO      JASPER_HOME       : '/usr/licensed/cadence-20210126/jasper_2021.03'
2026-02-23 13:51:56.304279 (941637) main____ INFO      JASPER_INSTALL_DIR: '/scratch/gpfs/LICENSED/x86_64/cadence-20210126/jasper_2021.03'
2026-02-23 13:51:56.304284 (941637) main____ INFO      LANG              : 'en_US.UTF-8'
2026-02-23 13:51:56.304289 (941637) main____ INFO      LM_LICENSE_FILE   : '5280@license.rc.princeton.edu'
2026-02-23 13:51:56.304293 (941637) main____ INFO      TMPDIR            : '/tmp/ab2113/jg_5019033_64'
2026-02-23 13:51:56.304297 (941637) main____ INFO    ----------------------------------------
2026-02-23 13:51:56.305060 (941637) lic_core INFO    Initializing license system ...
2026-02-23 13:51:56.305817 (941637) lic_core INFO    ... license system initialized.
2026-02-23 13:51:56.306493 (941637) lic__man INFO    Claim 'fpv' for <ui>.
2026-02-23 13:51:56.306525 (941637) lic_core INFO    (1) checking out 'jasper_fpv' ...
2026-02-23 13:51:56.312132 (941637) lic_core INFO    ... (1) checkout failed (error: -5) ("FLEXnet ERROR(-5, 0, 0): No such feature exists.")
2026-02-23 13:51:56.312159 (941637) lic_core INFO    (2) checking out 'jasper_fao' ...
2026-02-23 13:51:56.322644 (941637) lic_core INFO    ... (2) checkout succeeded
2026-02-23 13:51:56.335602 (941637) session_ INFO    Starting analysis session with session id 'session_0' (launcher: <local>) ...
2026-02-23 13:51:56.338194 (941637) session_ INFO    Analysis session with session id 'session_0' started (pid: 941645)
2026-02-23 13:51:56.949329 (941637) session_ INFO    Analysis session 'session_0' connected to the console (host: 127.0.0.1:56718)
2026-02-23 13:51:57.485201 (941637) main____ INFO    About to exit: request to exit with status 1 received from analysis session 'session_0'
2026-02-23 13:51:57.552871 (941637) session_ INFO    Analysis session 'session_0' disconnected.
2026-02-23 13:51:57.552997 (941637) lic__man INFO    Unclaim everything for 'session_0'.
2026-02-23 13:51:57.553994 (941637) session_ INFO    Process for analysis session 'session_0' has exited with exit status '1'.
2026-02-23 13:51:59.490348 (941637) lic_core INFO    (2) checkin jasper_fao
2026-02-23 13:51:59.492134 (941637) main____ INFO    Exiting with status 1.
