2026-02-23 12:31:37.325839 (2019836) main____ INFO    ----------------------------------------
2026-02-23 12:31:37.325928 (2019836) main____ INFO    JasperGold version info
2026-02-23 12:31:37.325948 (2019836) main____ INFO      tool      : JasperGold 2021.03
2026-02-23 12:31:37.325958 (2019836) main____ INFO      version   : 2021.03 FCS 64 bits
2026-02-23 12:31:37.325963 (2019836) main____ INFO      build date: 2021.03.23 02:50:43 UTC
2026-02-23 12:31:37.325968 (2019836) main____ INFO    ----------------------------------------
2026-02-23 12:31:37.325973 (2019836) main____ INFO    Runtime info:
2026-02-23 12:31:37.325978 (2019836) main____ INFO      platform  : Linux 5.14.0-570.84.1.el9_6.x86_64 x86_64
2026-02-23 12:31:37.325985 (2019836) main____ INFO      hostname  : della-h17n6
2026-02-23 12:31:37.325991 (2019836) main____ INFO      pid       : 2019836
2026-02-23 12:31:37.325996 (2019836) main____ INFO      arguments : '-style' 'windows' '-batch' '-proj' './verification_results/00176/jgproject' '-tcl' './jasper_verif_check.tcl'
2026-02-23 12:31:37.326005 (2019836) main____ INFO      locale    : UTF-8
2026-02-23 12:31:37.326010 (2019836) main____ INFO    ----------------------------------------
2026-02-23 12:31:37.326015 (2019836) main____ INFO    System resource limits info:
2026-02-23 12:31:37.326020 (2019836) main____ INFO      virtual memory: unlimited
2026-02-23 12:31:37.326025 (2019836) main____ INFO      cpu time      : unlimited
2026-02-23 12:31:37.326030 (2019836) main____ INFO      stack size    : unlimited
2026-02-23 12:31:37.326035 (2019836) main____ INFO      core file size: unlimited
2026-02-23 12:31:37.326042 (2019836) main____ INFO      open files    : 131072
2026-02-23 12:31:37.326047 (2019836) main____ INFO      file size     : unlimited
2026-02-23 12:31:37.326052 (2019836) main____ INFO    ----------------------------------------
2026-02-23 12:31:37.326057 (2019836) main____ INFO    Memory statistics:
2026-02-23 12:31:37.326062 (2019836) main____ INFO      total physical memory  : 1584164328 kB
2026-02-23 12:31:37.326067 (2019836) main____ INFO      free physical memory   : 872715068 kB
2026-02-23 12:31:37.326072 (2019836) main____ INFO      committed address space: 725576852 kB
2026-02-23 12:31:37.326076 (2019836) main____ INFO    ----------------------------------------
2026-02-23 12:31:37.326626 (2019836) main____ INFO    Important environment variables:
2026-02-23 12:31:37.326641 (2019836) main____ INFO      JASPER_HOME       : '/usr/licensed/cadence-20210126/jasper_2021.03'
2026-02-23 12:31:37.326647 (2019836) main____ INFO      JASPER_INSTALL_DIR: '/scratch/gpfs/LICENSED/x86_64/cadence-20210126/jasper_2021.03'
2026-02-23 12:31:37.326653 (2019836) main____ INFO      LANG              : 'en_US.UTF-8'
2026-02-23 12:31:37.326659 (2019836) main____ INFO      LM_LICENSE_FILE   : '5280@license.rc.princeton.edu'
2026-02-23 12:31:37.326664 (2019836) main____ INFO      TMPDIR            : '/tmp/ab2113/jg_5016946_39'
2026-02-23 12:31:37.326669 (2019836) main____ INFO    ----------------------------------------
2026-02-23 12:31:37.327204 (2019836) lic_core INFO    Initializing license system ...
2026-02-23 12:31:37.327672 (2019836) lic_core INFO    ... license system initialized.
2026-02-23 12:31:37.328604 (2019836) lic__man INFO    Claim 'fpv' for <ui>.
2026-02-23 12:31:37.328637 (2019836) lic_core INFO    (1) checking out 'jasper_fpv' ...
2026-02-23 12:31:37.335254 (2019836) lic_core INFO    ... (1) checkout failed (error: -5) ("FLEXnet ERROR(-5, 0, 0): No such feature exists.")
2026-02-23 12:31:37.335323 (2019836) lic_core INFO    (2) checking out 'jasper_fao' ...
2026-02-23 12:31:37.344537 (2019836) lic_core INFO    ... (2) checkout succeeded
2026-02-23 12:31:37.356252 (2019836) session_ INFO    Starting analysis session with session id 'session_0' (launcher: <local>) ...
2026-02-23 12:31:37.359268 (2019836) session_ INFO    Analysis session with session id 'session_0' started (pid: 2019876)
2026-02-23 12:31:37.928187 (2019836) session_ INFO    Analysis session 'session_0' connected to the console (host: 127.0.0.1:55364)
2026-02-23 12:31:38.727201 (2019836) main____ INFO    About to exit: request to exit with status 1 received from analysis session 'session_0'
2026-02-23 12:31:38.774955 (2019836) session_ INFO    Analysis session 'session_0' disconnected.
2026-02-23 12:31:38.775080 (2019836) lic__man INFO    Unclaim everything for 'session_0'.
2026-02-23 12:31:38.775901 (2019836) session_ INFO    Process for analysis session 'session_0' has exited with exit status '1'.
2026-02-23 12:31:40.808746 (2019836) lic_core INFO    (2) checkin jasper_fao
2026-02-23 12:31:40.810349 (2019836) main____ INFO    Exiting with status 1.
