2026-02-23 13:40:36.853601 (2860150) main____ INFO    ----------------------------------------
2026-02-23 13:40:36.853673 (2860150) main____ INFO    JasperGold version info
2026-02-23 13:40:36.853688 (2860150) main____ INFO      tool      : JasperGold 2021.03
2026-02-23 13:40:36.853697 (2860150) main____ INFO      version   : 2021.03 FCS 64 bits
2026-02-23 13:40:36.853702 (2860150) main____ INFO      build date: 2021.03.23 02:50:43 UTC
2026-02-23 13:40:36.853709 (2860150) main____ INFO    ----------------------------------------
2026-02-23 13:40:36.853715 (2860150) main____ INFO    Runtime info:
2026-02-23 13:40:36.853721 (2860150) main____ INFO      platform  : Linux 5.14.0-570.84.1.el9_6.x86_64 x86_64
2026-02-23 13:40:36.853727 (2860150) main____ INFO      hostname  : della-h16n9
2026-02-23 13:40:36.853732 (2860150) main____ INFO      pid       : 2860150
2026-02-23 13:40:36.853738 (2860150) main____ INFO      arguments : '-style' 'windows' '-batch' '-proj' './verification_results/01282/jgproject' '-tcl' './jasper_verif_check.tcl'
2026-02-23 13:40:36.853747 (2860150) main____ INFO      locale    : UTF-8
2026-02-23 13:40:36.853752 (2860150) main____ INFO    ----------------------------------------
2026-02-23 13:40:36.853757 (2860150) main____ INFO    System resource limits info:
2026-02-23 13:40:36.853763 (2860150) main____ INFO      virtual memory: unlimited
2026-02-23 13:40:36.853769 (2860150) main____ INFO      cpu time      : unlimited
2026-02-23 13:40:36.853775 (2860150) main____ INFO      stack size    : unlimited
2026-02-23 13:40:36.853781 (2860150) main____ INFO      core file size: unlimited
2026-02-23 13:40:36.853788 (2860150) main____ INFO      open files    : 131072
2026-02-23 13:40:36.853793 (2860150) main____ INFO      file size     : unlimited
2026-02-23 13:40:36.853798 (2860150) main____ INFO    ----------------------------------------
2026-02-23 13:40:36.853803 (2860150) main____ INFO    Memory statistics:
2026-02-23 13:40:36.853809 (2860150) main____ INFO      total physical memory  : 1584164368 kB
2026-02-23 13:40:36.853814 (2860150) main____ INFO      free physical memory   : 833735904 kB
2026-02-23 13:40:36.853820 (2860150) main____ INFO      committed address space: 653533416 kB
2026-02-23 13:40:36.853825 (2860150) main____ INFO    ----------------------------------------
2026-02-23 13:40:36.854374 (2860150) main____ INFO    Important environment variables:
2026-02-23 13:40:36.854389 (2860150) main____ INFO      JASPER_HOME       : '/usr/licensed/cadence-20210126/jasper_2021.03'
2026-02-23 13:40:36.854395 (2860150) main____ INFO      JASPER_INSTALL_DIR: '/scratch/gpfs/LICENSED/x86_64/cadence-20210126/jasper_2021.03'
2026-02-23 13:40:36.854401 (2860150) main____ INFO      LANG              : 'en_US.UTF-8'
2026-02-23 13:40:36.854407 (2860150) main____ INFO      LM_LICENSE_FILE   : '5280@license.rc.princeton.edu'
2026-02-23 13:40:36.854413 (2860150) main____ INFO      TMPDIR            : '/tmp/ab2113/jg_5018829_18'
2026-02-23 13:40:36.854419 (2860150) main____ INFO    ----------------------------------------
2026-02-23 13:40:36.854924 (2860150) lic_core INFO    Initializing license system ...
2026-02-23 13:40:36.855460 (2860150) lic_core INFO    ... license system initialized.
2026-02-23 13:40:36.856243 (2860150) lic__man INFO    Claim 'fpv' for <ui>.
2026-02-23 13:40:36.856276 (2860150) lic_core INFO    (1) checking out 'jasper_fpv' ...
2026-02-23 13:40:36.861549 (2860150) lic_core INFO    ... (1) checkout failed (error: -5) ("FLEXnet ERROR(-5, 0, 0): No such feature exists.")
2026-02-23 13:40:36.861577 (2860150) lic_core INFO    (2) checking out 'jasper_fao' ...
2026-02-23 13:40:36.870750 (2860150) lic_core INFO    ... (2) checkout succeeded
2026-02-23 13:40:36.882025 (2860150) session_ INFO    Starting analysis session with session id 'session_0' (launcher: <local>) ...
2026-02-23 13:40:36.884775 (2860150) session_ INFO    Analysis session with session id 'session_0' started (pid: 2860184)
2026-02-23 13:40:37.487715 (2860150) session_ INFO    Analysis session 'session_0' connected to the console (host: 127.0.0.1:54914)
2026-02-23 13:40:38.243013 (2860150) lic__man INFO    Unclaim everything for 'session_0'.
2026-02-23 13:40:38.299978 (2860150) main____ INFO    About to exit: request to exit with status 3 received from analysis session 'session_0'
2026-02-23 13:40:38.349843 (2860150) session_ INFO    Analysis session 'session_0' disconnected.
2026-02-23 13:40:38.349976 (2860150) lic__man INFO    Unclaim everything for 'session_0'.
2026-02-23 13:40:38.350859 (2860150) session_ INFO    Process for analysis session 'session_0' has exited with exit status '3'.
2026-02-23 13:40:40.205867 (2860150) lic_core INFO    (2) checkin jasper_fao
2026-02-23 13:40:40.206990 (2860150) main____ INFO    Exiting with status 3.
