2026-02-23 14:44:11.759362 (1802620) main____ INFO    ----------------------------------------
2026-02-23 14:44:11.759435 (1802620) main____ INFO    JasperGold version info
2026-02-23 14:44:11.759450 (1802620) main____ INFO      tool      : JasperGold 2021.03
2026-02-23 14:44:11.759458 (1802620) main____ INFO      version   : 2021.03 FCS 64 bits
2026-02-23 14:44:11.759464 (1802620) main____ INFO      build date: 2021.03.23 02:50:43 UTC
2026-02-23 14:44:11.759469 (1802620) main____ INFO    ----------------------------------------
2026-02-23 14:44:11.759474 (1802620) main____ INFO    Runtime info:
2026-02-23 14:44:11.759479 (1802620) main____ INFO      platform  : Linux 5.14.0-570.84.1.el9_6.x86_64 x86_64
2026-02-23 14:44:11.759485 (1802620) main____ INFO      hostname  : della-h14n12
2026-02-23 14:44:11.759490 (1802620) main____ INFO      pid       : 1802620
2026-02-23 14:44:11.759495 (1802620) main____ INFO      arguments : '-style' 'windows' '-batch' '-proj' './verification_results/01659/jgproject' '-tcl' './jasper_verif_check.tcl'
2026-02-23 14:44:11.759502 (1802620) main____ INFO      locale    : UTF-8
2026-02-23 14:44:11.759507 (1802620) main____ INFO    ----------------------------------------
2026-02-23 14:44:11.759512 (1802620) main____ INFO    System resource limits info:
2026-02-23 14:44:11.759517 (1802620) main____ INFO      virtual memory: unlimited
2026-02-23 14:44:11.759522 (1802620) main____ INFO      cpu time      : unlimited
2026-02-23 14:44:11.759526 (1802620) main____ INFO      stack size    : unlimited
2026-02-23 14:44:11.759531 (1802620) main____ INFO      core file size: unlimited
2026-02-23 14:44:11.759538 (1802620) main____ INFO      open files    : 131072
2026-02-23 14:44:11.759543 (1802620) main____ INFO      file size     : unlimited
2026-02-23 14:44:11.759547 (1802620) main____ INFO    ----------------------------------------
2026-02-23 14:44:11.759552 (1802620) main____ INFO    Memory statistics:
2026-02-23 14:44:11.759557 (1802620) main____ INFO      total physical memory  : 1584164368 kB
2026-02-23 14:44:11.759562 (1802620) main____ INFO      free physical memory   : 598873712 kB
2026-02-23 14:44:11.759567 (1802620) main____ INFO      committed address space: 586709416 kB
2026-02-23 14:44:11.759572 (1802620) main____ INFO    ----------------------------------------
2026-02-23 14:44:11.760088 (1802620) main____ INFO    Important environment variables:
2026-02-23 14:44:11.760101 (1802620) main____ INFO      JASPER_HOME       : '/usr/licensed/cadence-20210126/jasper_2021.03'
2026-02-23 14:44:11.760107 (1802620) main____ INFO      JASPER_INSTALL_DIR: '/scratch/gpfs/LICENSED/x86_64/cadence-20210126/jasper_2021.03'
2026-02-23 14:44:11.760113 (1802620) main____ INFO      LANG              : 'en_US.UTF-8'
2026-02-23 14:44:11.760119 (1802620) main____ INFO      LM_LICENSE_FILE   : '5280@license.rc.princeton.edu'
2026-02-23 14:44:11.760124 (1802620) main____ INFO      TMPDIR            : '/tmp/ab2113/jg_5018846_25'
2026-02-23 14:44:11.760129 (1802620) main____ INFO    ----------------------------------------
2026-02-23 14:44:11.760604 (1802620) lic_core INFO    Initializing license system ...
2026-02-23 14:44:11.761103 (1802620) lic_core INFO    ... license system initialized.
2026-02-23 14:44:11.761844 (1802620) lic__man INFO    Claim 'fpv' for <ui>.
2026-02-23 14:44:11.761875 (1802620) lic_core INFO    (1) checking out 'jasper_fpv' ...
2026-02-23 14:44:11.767801 (1802620) lic_core INFO    ... (1) checkout failed (error: -5) ("FLEXnet ERROR(-5, 0, 0): No such feature exists.")
2026-02-23 14:44:11.767827 (1802620) lic_core INFO    (2) checking out 'jasper_fao' ...
2026-02-23 14:44:11.776507 (1802620) lic_core INFO    ... (2) checkout succeeded
2026-02-23 14:44:11.787303 (1802620) session_ INFO    Starting analysis session with session id 'session_0' (launcher: <local>) ...
2026-02-23 14:44:11.789886 (1802620) session_ INFO    Analysis session with session id 'session_0' started (pid: 1802628)
2026-02-23 14:44:12.291270 (1802620) session_ INFO    Analysis session 'session_0' connected to the console (host: 127.0.0.1:50688)
2026-02-23 14:44:13.032766 (1802620) lic__man INFO    Unclaim everything for 'session_0'.
2026-02-23 14:44:13.090035 (1802620) main____ INFO    About to exit: request to exit with status 3 received from analysis session 'session_0'
2026-02-23 14:44:13.134761 (1802620) session_ INFO    Analysis session 'session_0' disconnected.
2026-02-23 14:44:13.134879 (1802620) lic__man INFO    Unclaim everything for 'session_0'.
2026-02-23 14:44:13.135612 (1802620) session_ INFO    Process for analysis session 'session_0' has exited with exit status '3'.
2026-02-23 14:44:15.118510 (1802620) lic_core INFO    (2) checkin jasper_fao
2026-02-23 14:44:15.120165 (1802620) main____ INFO    Exiting with status 3.
