2026-02-23 13:49:55.797430 (2387429) main____ INFO    ----------------------------------------
2026-02-23 13:49:55.797518 (2387429) main____ INFO    JasperGold version info
2026-02-23 13:49:55.797536 (2387429) main____ INFO      tool      : JasperGold 2021.03
2026-02-23 13:49:55.797544 (2387429) main____ INFO      version   : 2021.03 FCS 64 bits
2026-02-23 13:49:55.797550 (2387429) main____ INFO      build date: 2021.03.23 02:50:43 UTC
2026-02-23 13:49:55.797555 (2387429) main____ INFO    ----------------------------------------
2026-02-23 13:49:55.797560 (2387429) main____ INFO    Runtime info:
2026-02-23 13:49:55.797565 (2387429) main____ INFO      platform  : Linux 5.14.0-570.84.1.el9_6.x86_64 x86_64
2026-02-23 13:49:55.797571 (2387429) main____ INFO      hostname  : della-h14n8
2026-02-23 13:49:55.797577 (2387429) main____ INFO      pid       : 2387429
2026-02-23 13:49:55.797582 (2387429) main____ INFO      arguments : '-style' 'windows' '-batch' '-proj' './verification_results/02997/jgproject' '-tcl' './jasper_verif_check.tcl'
2026-02-23 13:49:55.797590 (2387429) main____ INFO      locale    : UTF-8
2026-02-23 13:49:55.797595 (2387429) main____ INFO    ----------------------------------------
2026-02-23 13:49:55.797600 (2387429) main____ INFO    System resource limits info:
2026-02-23 13:49:55.797605 (2387429) main____ INFO      virtual memory: unlimited
2026-02-23 13:49:55.797611 (2387429) main____ INFO      cpu time      : unlimited
2026-02-23 13:49:55.797616 (2387429) main____ INFO      stack size    : unlimited
2026-02-23 13:49:55.797621 (2387429) main____ INFO      core file size: unlimited
2026-02-23 13:49:55.797628 (2387429) main____ INFO      open files    : 131072
2026-02-23 13:49:55.797633 (2387429) main____ INFO      file size     : unlimited
2026-02-23 13:49:55.797638 (2387429) main____ INFO    ----------------------------------------
2026-02-23 13:49:55.797643 (2387429) main____ INFO    Memory statistics:
2026-02-23 13:49:55.797648 (2387429) main____ INFO      total physical memory  : 1584164340 kB
2026-02-23 13:49:55.797653 (2387429) main____ INFO      free physical memory   : 761450972 kB
2026-02-23 13:49:55.797658 (2387429) main____ INFO      committed address space: 531284664 kB
2026-02-23 13:49:55.797663 (2387429) main____ INFO    ----------------------------------------
2026-02-23 13:49:55.798199 (2387429) main____ INFO    Important environment variables:
2026-02-23 13:49:55.798215 (2387429) main____ INFO      JASPER_HOME       : '/usr/licensed/cadence-20210126/jasper_2021.03'
2026-02-23 13:49:55.798222 (2387429) main____ INFO      JASPER_INSTALL_DIR: '/scratch/gpfs/LICENSED/x86_64/cadence-20210126/jasper_2021.03'
2026-02-23 13:49:55.798229 (2387429) main____ INFO      LANG              : 'en_US.UTF-8'
2026-02-23 13:49:55.798234 (2387429) main____ INFO      LM_LICENSE_FILE   : '5280@license.rc.princeton.edu'
2026-02-23 13:49:55.798240 (2387429) main____ INFO      TMPDIR            : '/tmp/ab2113/jg_5018966_52'
2026-02-23 13:49:55.798245 (2387429) main____ INFO    ----------------------------------------
2026-02-23 13:49:55.798804 (2387429) lic_core INFO    Initializing license system ...
2026-02-23 13:49:55.799399 (2387429) lic_core INFO    ... license system initialized.
2026-02-23 13:49:55.800585 (2387429) lic__man INFO    Claim 'fpv' for <ui>.
2026-02-23 13:49:55.800670 (2387429) lic_core INFO    (1) checking out 'jasper_fpv' ...
2026-02-23 13:49:55.807063 (2387429) lic_core INFO    ... (1) checkout failed (error: -5) ("FLEXnet ERROR(-5, 0, 0): No such feature exists.")
2026-02-23 13:49:55.807106 (2387429) lic_core INFO    (2) checking out 'jasper_fao' ...
2026-02-23 13:49:55.816337 (2387429) lic_core INFO    ... (2) checkout succeeded
2026-02-23 13:49:55.828336 (2387429) session_ INFO    Starting analysis session with session id 'session_0' (launcher: <local>) ...
2026-02-23 13:49:55.831486 (2387429) session_ INFO    Analysis session with session id 'session_0' started (pid: 2387437)
2026-02-23 13:49:56.375528 (2387429) session_ INFO    Analysis session 'session_0' connected to the console (host: 127.0.0.1:41192)
2026-02-23 13:49:57.218906 (2387429) main____ INFO    About to exit: request to exit with status 1 received from analysis session 'session_0'
2026-02-23 13:49:57.272036 (2387429) session_ INFO    Analysis session 'session_0' disconnected.
2026-02-23 13:49:57.272189 (2387429) lic__man INFO    Unclaim everything for 'session_0'.
2026-02-23 13:49:57.272961 (2387429) session_ INFO    Process for analysis session 'session_0' has exited with exit status '1'.
2026-02-23 13:49:59.124724 (2387429) lic_core INFO    (2) checkin jasper_fao
2026-02-23 13:49:59.126414 (2387429) main____ INFO    Exiting with status 1.
