2026-02-23 13:56:11.838902 (526519) main____ INFO    ----------------------------------------
2026-02-23 13:56:11.838969 (526519) main____ INFO    JasperGold version info
2026-02-23 13:56:11.838984 (526519) main____ INFO      tool      : JasperGold 2021.03
2026-02-23 13:56:11.838992 (526519) main____ INFO      version   : 2021.03 FCS 64 bits
2026-02-23 13:56:11.838997 (526519) main____ INFO      build date: 2021.03.23 02:50:43 UTC
2026-02-23 13:56:11.839002 (526519) main____ INFO    ----------------------------------------
2026-02-23 13:56:11.839006 (526519) main____ INFO    Runtime info:
2026-02-23 13:56:11.839010 (526519) main____ INFO      platform  : Linux 5.14.0-570.84.1.el9_6.x86_64 x86_64
2026-02-23 13:56:11.839016 (526519) main____ INFO      hostname  : della-r3c2n9
2026-02-23 13:56:11.839021 (526519) main____ INFO      pid       : 526519
2026-02-23 13:56:11.839025 (526519) main____ INFO      arguments : '-style' 'windows' '-batch' '-proj' './verification_results/04101/jgproject' '-tcl' './jasper_verif_check.tcl'
2026-02-23 13:56:11.839033 (526519) main____ INFO      locale    : UTF-8
2026-02-23 13:56:11.839038 (526519) main____ INFO    ----------------------------------------
2026-02-23 13:56:11.839042 (526519) main____ INFO    System resource limits info:
2026-02-23 13:56:11.839047 (526519) main____ INFO      virtual memory: unlimited
2026-02-23 13:56:11.839051 (526519) main____ INFO      cpu time      : unlimited
2026-02-23 13:56:11.839056 (526519) main____ INFO      stack size    : unlimited
2026-02-23 13:56:11.839060 (526519) main____ INFO      core file size: unlimited
2026-02-23 13:56:11.839066 (526519) main____ INFO      open files    : 131072
2026-02-23 13:56:11.839071 (526519) main____ INFO      file size     : unlimited
2026-02-23 13:56:11.839075 (526519) main____ INFO    ----------------------------------------
2026-02-23 13:56:11.839079 (526519) main____ INFO    Memory statistics:
2026-02-23 13:56:11.839083 (526519) main____ INFO      total physical memory  : 195972072 kB
2026-02-23 13:56:11.839087 (526519) main____ INFO      free physical memory   : 69229768 kB
2026-02-23 13:56:11.839091 (526519) main____ INFO      committed address space: 63549688 kB
2026-02-23 13:56:11.839095 (526519) main____ INFO    ----------------------------------------
2026-02-23 13:56:11.840049 (526519) main____ INFO    Important environment variables:
2026-02-23 13:56:11.840064 (526519) main____ INFO      JASPER_HOME       : '/usr/licensed/cadence-20210126/jasper_2021.03'
2026-02-23 13:56:11.840070 (526519) main____ INFO      JASPER_INSTALL_DIR: '/scratch/gpfs/LICENSED/x86_64/cadence-20210126/jasper_2021.03'
2026-02-23 13:56:11.840075 (526519) main____ INFO      LANG              : 'en_US.UTF-8'
2026-02-23 13:56:11.840080 (526519) main____ INFO      LM_LICENSE_FILE   : '5280@license.rc.princeton.edu'
2026-02-23 13:56:11.840085 (526519) main____ INFO      TMPDIR            : '/tmp/ab2113/jg_5019093_74'
2026-02-23 13:56:11.840090 (526519) main____ INFO    ----------------------------------------
2026-02-23 13:56:11.840797 (526519) lic_core INFO    Initializing license system ...
2026-02-23 13:56:11.841540 (526519) lic_core INFO    ... license system initialized.
2026-02-23 13:56:11.842234 (526519) lic__man INFO    Claim 'fpv' for <ui>.
2026-02-23 13:56:11.842269 (526519) lic_core INFO    (1) checking out 'jasper_fpv' ...
2026-02-23 13:56:11.847571 (526519) lic_core INFO    ... (1) checkout failed (error: -5) ("FLEXnet ERROR(-5, 0, 0): No such feature exists.")
2026-02-23 13:56:11.847597 (526519) lic_core INFO    (2) checking out 'jasper_fao' ...
2026-02-23 13:56:11.857965 (526519) lic_core INFO    ... (2) checkout succeeded
2026-02-23 13:56:11.871273 (526519) session_ INFO    Starting analysis session with session id 'session_0' (launcher: <local>) ...
2026-02-23 13:56:11.874017 (526519) session_ INFO    Analysis session with session id 'session_0' started (pid: 526562)
2026-02-23 13:56:12.507179 (526519) session_ INFO    Analysis session 'session_0' connected to the console (host: 127.0.0.1:60886)
2026-02-23 13:56:13.388883 (526519) main____ INFO    About to exit: request to exit with status 1 received from analysis session 'session_0'
2026-02-23 13:56:13.457748 (526519) session_ INFO    Analysis session 'session_0' disconnected.
2026-02-23 13:56:13.457867 (526519) lic__man INFO    Unclaim everything for 'session_0'.
2026-02-23 13:56:13.458396 (526519) session_ INFO    Process for analysis session 'session_0' has exited with exit status '1'.
2026-02-23 13:56:15.496949 (526519) lic_core INFO    (2) checkin jasper_fao
2026-02-23 13:56:15.498424 (526519) main____ INFO    Exiting with status 1.
