2026-02-23 14:43:01.367823 (1798743) main____ INFO    ----------------------------------------
2026-02-23 14:43:01.367895 (1798743) main____ INFO    JasperGold version info
2026-02-23 14:43:01.367911 (1798743) main____ INFO      tool      : JasperGold 2021.03
2026-02-23 14:43:01.367927 (1798743) main____ INFO      version   : 2021.03 FCS 64 bits
2026-02-23 14:43:01.367933 (1798743) main____ INFO      build date: 2021.03.23 02:50:43 UTC
2026-02-23 14:43:01.367938 (1798743) main____ INFO    ----------------------------------------
2026-02-23 14:43:01.367942 (1798743) main____ INFO    Runtime info:
2026-02-23 14:43:01.367948 (1798743) main____ INFO      platform  : Linux 5.14.0-570.84.1.el9_6.x86_64 x86_64
2026-02-23 14:43:01.367954 (1798743) main____ INFO      hostname  : della-h14n12
2026-02-23 14:43:01.367960 (1798743) main____ INFO      pid       : 1798743
2026-02-23 14:43:01.367964 (1798743) main____ INFO      arguments : '-style' 'windows' '-batch' '-proj' './verification_results/01642/jgproject' '-tcl' './jasper_verif_check.tcl'
2026-02-23 14:43:01.367972 (1798743) main____ INFO      locale    : UTF-8
2026-02-23 14:43:01.367977 (1798743) main____ INFO    ----------------------------------------
2026-02-23 14:43:01.367982 (1798743) main____ INFO    System resource limits info:
2026-02-23 14:43:01.367987 (1798743) main____ INFO      virtual memory: unlimited
2026-02-23 14:43:01.367992 (1798743) main____ INFO      cpu time      : unlimited
2026-02-23 14:43:01.367997 (1798743) main____ INFO      stack size    : unlimited
2026-02-23 14:43:01.368002 (1798743) main____ INFO      core file size: unlimited
2026-02-23 14:43:01.368009 (1798743) main____ INFO      open files    : 131072
2026-02-23 14:43:01.368015 (1798743) main____ INFO      file size     : unlimited
2026-02-23 14:43:01.368020 (1798743) main____ INFO    ----------------------------------------
2026-02-23 14:43:01.368024 (1798743) main____ INFO    Memory statistics:
2026-02-23 14:43:01.368030 (1798743) main____ INFO      total physical memory  : 1584164368 kB
2026-02-23 14:43:01.368034 (1798743) main____ INFO      free physical memory   : 603279748 kB
2026-02-23 14:43:01.368039 (1798743) main____ INFO      committed address space: 575160480 kB
2026-02-23 14:43:01.368044 (1798743) main____ INFO    ----------------------------------------
2026-02-23 14:43:01.368560 (1798743) main____ INFO    Important environment variables:
2026-02-23 14:43:01.368573 (1798743) main____ INFO      JASPER_HOME       : '/usr/licensed/cadence-20210126/jasper_2021.03'
2026-02-23 14:43:01.368579 (1798743) main____ INFO      JASPER_INSTALL_DIR: '/scratch/gpfs/LICENSED/x86_64/cadence-20210126/jasper_2021.03'
2026-02-23 14:43:01.368585 (1798743) main____ INFO      LANG              : 'en_US.UTF-8'
2026-02-23 14:43:01.368590 (1798743) main____ INFO      LM_LICENSE_FILE   : '5280@license.rc.princeton.edu'
2026-02-23 14:43:01.368595 (1798743) main____ INFO      TMPDIR            : '/tmp/ab2113/jg_5018846_25'
2026-02-23 14:43:01.368600 (1798743) main____ INFO    ----------------------------------------
2026-02-23 14:43:01.369074 (1798743) lic_core INFO    Initializing license system ...
2026-02-23 14:43:01.369506 (1798743) lic_core INFO    ... license system initialized.
2026-02-23 14:43:01.370248 (1798743) lic__man INFO    Claim 'fpv' for <ui>.
2026-02-23 14:43:01.370280 (1798743) lic_core INFO    (1) checking out 'jasper_fpv' ...
2026-02-23 14:43:01.376588 (1798743) lic_core INFO    ... (1) checkout failed (error: -5) ("FLEXnet ERROR(-5, 0, 0): No such feature exists.")
2026-02-23 14:43:01.376613 (1798743) lic_core INFO    (2) checking out 'jasper_fao' ...
2026-02-23 14:43:01.386234 (1798743) lic_core INFO    ... (2) checkout succeeded
2026-02-23 14:43:01.396322 (1798743) session_ INFO    Starting analysis session with session id 'session_0' (launcher: <local>) ...
2026-02-23 14:43:01.398748 (1798743) session_ INFO    Analysis session with session id 'session_0' started (pid: 1798751)
2026-02-23 14:43:01.892192 (1798743) session_ INFO    Analysis session 'session_0' connected to the console (host: 127.0.0.1:34728)
2026-02-23 14:43:02.672005 (1798743) lic__man INFO    Unclaim everything for 'session_0'.
2026-02-23 14:43:02.704346 (1798743) lic__man INFO    Claim 'fpv' for 'session_0'.
2026-02-23 14:43:02.704375 (1798743) lic__man INFO    Claim 'fpv' for 'session_0/prove-0'.
2026-02-23 14:43:02.859886 (1798743) lic__man INFO    Unclaim everything for 'session_0/prove-0'.
2026-02-23 14:43:02.912012 (1798743) main____ INFO    About to exit: request to exit with status 0 received from analysis session 'session_0'
2026-02-23 14:43:02.965049 (1798743) session_ INFO    Analysis session 'session_0' disconnected.
2026-02-23 14:43:02.965160 (1798743) lic__man INFO    Unclaim everything for 'session_0'.
2026-02-23 14:43:02.965788 (1798743) session_ INFO    Process for analysis session 'session_0' has exited with exit status '0'.
2026-02-23 14:43:05.018183 (1798743) lic_core INFO    (2) checkin jasper_fao
2026-02-23 14:43:05.019691 (1798743) main____ INFO    Exiting with status 0.
