2026-02-23 13:50:31.290379 (2389375) main____ INFO    ----------------------------------------
2026-02-23 13:50:31.290455 (2389375) main____ INFO    JasperGold version info
2026-02-23 13:50:31.290471 (2389375) main____ INFO      tool      : JasperGold 2021.03
2026-02-23 13:50:31.290480 (2389375) main____ INFO      version   : 2021.03 FCS 64 bits
2026-02-23 13:50:31.290486 (2389375) main____ INFO      build date: 2021.03.23 02:50:43 UTC
2026-02-23 13:50:31.290491 (2389375) main____ INFO    ----------------------------------------
2026-02-23 13:50:31.290495 (2389375) main____ INFO    Runtime info:
2026-02-23 13:50:31.290500 (2389375) main____ INFO      platform  : Linux 5.14.0-570.84.1.el9_6.x86_64 x86_64
2026-02-23 13:50:31.290507 (2389375) main____ INFO      hostname  : della-h14n8
2026-02-23 13:50:31.290514 (2389375) main____ INFO      pid       : 2389375
2026-02-23 13:50:31.290519 (2389375) main____ INFO      arguments : '-style' 'windows' '-batch' '-proj' './verification_results/03007/jgproject' '-tcl' './jasper_verif_check.tcl'
2026-02-23 13:50:31.290526 (2389375) main____ INFO      locale    : UTF-8
2026-02-23 13:50:31.290531 (2389375) main____ INFO    ----------------------------------------
2026-02-23 13:50:31.290536 (2389375) main____ INFO    System resource limits info:
2026-02-23 13:50:31.290540 (2389375) main____ INFO      virtual memory: unlimited
2026-02-23 13:50:31.290545 (2389375) main____ INFO      cpu time      : unlimited
2026-02-23 13:50:31.290550 (2389375) main____ INFO      stack size    : unlimited
2026-02-23 13:50:31.290555 (2389375) main____ INFO      core file size: unlimited
2026-02-23 13:50:31.290562 (2389375) main____ INFO      open files    : 131072
2026-02-23 13:50:31.290567 (2389375) main____ INFO      file size     : unlimited
2026-02-23 13:50:31.290571 (2389375) main____ INFO    ----------------------------------------
2026-02-23 13:50:31.290576 (2389375) main____ INFO    Memory statistics:
2026-02-23 13:50:31.290581 (2389375) main____ INFO      total physical memory  : 1584164340 kB
2026-02-23 13:50:31.290586 (2389375) main____ INFO      free physical memory   : 760754472 kB
2026-02-23 13:50:31.290592 (2389375) main____ INFO      committed address space: 532629596 kB
2026-02-23 13:50:31.290597 (2389375) main____ INFO    ----------------------------------------
2026-02-23 13:50:31.291131 (2389375) main____ INFO    Important environment variables:
2026-02-23 13:50:31.291148 (2389375) main____ INFO      JASPER_HOME       : '/usr/licensed/cadence-20210126/jasper_2021.03'
2026-02-23 13:50:31.291154 (2389375) main____ INFO      JASPER_INSTALL_DIR: '/scratch/gpfs/LICENSED/x86_64/cadence-20210126/jasper_2021.03'
2026-02-23 13:50:31.291159 (2389375) main____ INFO      LANG              : 'en_US.UTF-8'
2026-02-23 13:50:31.291165 (2389375) main____ INFO      LM_LICENSE_FILE   : '5280@license.rc.princeton.edu'
2026-02-23 13:50:31.291170 (2389375) main____ INFO      TMPDIR            : '/tmp/ab2113/jg_5018966_52'
2026-02-23 13:50:31.291175 (2389375) main____ INFO    ----------------------------------------
2026-02-23 13:50:31.291654 (2389375) lic_core INFO    Initializing license system ...
2026-02-23 13:50:31.292260 (2389375) lic_core INFO    ... license system initialized.
2026-02-23 13:50:31.293357 (2389375) lic__man INFO    Claim 'fpv' for <ui>.
2026-02-23 13:50:31.293436 (2389375) lic_core INFO    (1) checking out 'jasper_fpv' ...
2026-02-23 13:50:31.300069 (2389375) lic_core INFO    ... (1) checkout failed (error: -5) ("FLEXnet ERROR(-5, 0, 0): No such feature exists.")
2026-02-23 13:50:31.300104 (2389375) lic_core INFO    (2) checking out 'jasper_fao' ...
2026-02-23 13:50:31.309093 (2389375) lic_core INFO    ... (2) checkout succeeded
2026-02-23 13:50:31.321283 (2389375) session_ INFO    Starting analysis session with session id 'session_0' (launcher: <local>) ...
2026-02-23 13:50:31.324474 (2389375) session_ INFO    Analysis session with session id 'session_0' started (pid: 2389383)
2026-02-23 13:50:31.874967 (2389375) session_ INFO    Analysis session 'session_0' connected to the console (host: 127.0.0.1:42360)
2026-02-23 13:50:32.391822 (2389375) main____ INFO    About to exit: request to exit with status 1 received from analysis session 'session_0'
2026-02-23 13:50:32.446544 (2389375) session_ INFO    Analysis session 'session_0' disconnected.
2026-02-23 13:50:32.446698 (2389375) lic__man INFO    Unclaim everything for 'session_0'.
2026-02-23 13:50:32.447483 (2389375) session_ INFO    Process for analysis session 'session_0' has exited with exit status '1'.
2026-02-23 13:50:34.497060 (2389375) lic_core INFO    (2) checkin jasper_fao
2026-02-23 13:50:34.498524 (2389375) main____ INFO    Exiting with status 1.
