2026-02-23 13:56:10.591918 (2620691) main____ INFO    ----------------------------------------
2026-02-23 13:56:10.592025 (2620691) main____ INFO    JasperGold version info
2026-02-23 13:56:10.592043 (2620691) main____ INFO      tool      : JasperGold 2021.03
2026-02-23 13:56:10.592052 (2620691) main____ INFO      version   : 2021.03 FCS 64 bits
2026-02-23 13:56:10.592057 (2620691) main____ INFO      build date: 2021.03.23 02:50:43 UTC
2026-02-23 13:56:10.592062 (2620691) main____ INFO    ----------------------------------------
2026-02-23 13:56:10.592066 (2620691) main____ INFO    Runtime info:
2026-02-23 13:56:10.592070 (2620691) main____ INFO      platform  : Linux 5.14.0-570.84.1.el9_6.x86_64 x86_64
2026-02-23 13:56:10.592076 (2620691) main____ INFO      hostname  : della-r3c1n7
2026-02-23 13:56:10.592081 (2620691) main____ INFO      pid       : 2620691
2026-02-23 13:56:10.592086 (2620691) main____ INFO      arguments : '-style' 'windows' '-batch' '-proj' './verification_results/04188/jgproject' '-tcl' './jasper_verif_check.tcl'
2026-02-23 13:56:10.592094 (2620691) main____ INFO      locale    : UTF-8
2026-02-23 13:56:10.592098 (2620691) main____ INFO    ----------------------------------------
2026-02-23 13:56:10.592102 (2620691) main____ INFO    System resource limits info:
2026-02-23 13:56:10.592107 (2620691) main____ INFO      virtual memory: unlimited
2026-02-23 13:56:10.592111 (2620691) main____ INFO      cpu time      : unlimited
2026-02-23 13:56:10.592116 (2620691) main____ INFO      stack size    : unlimited
2026-02-23 13:56:10.592121 (2620691) main____ INFO      core file size: unlimited
2026-02-23 13:56:10.592127 (2620691) main____ INFO      open files    : 131072
2026-02-23 13:56:10.592132 (2620691) main____ INFO      file size     : unlimited
2026-02-23 13:56:10.592141 (2620691) main____ INFO    ----------------------------------------
2026-02-23 13:56:10.592146 (2620691) main____ INFO    Memory statistics:
2026-02-23 13:56:10.592150 (2620691) main____ INFO      total physical memory  : 195972072 kB
2026-02-23 13:56:10.592154 (2620691) main____ INFO      free physical memory   : 152791536 kB
2026-02-23 13:56:10.592159 (2620691) main____ INFO      committed address space: 45681472 kB
2026-02-23 13:56:10.592163 (2620691) main____ INFO    ----------------------------------------
2026-02-23 13:56:10.593135 (2620691) main____ INFO    Important environment variables:
2026-02-23 13:56:10.593155 (2620691) main____ INFO      JASPER_HOME       : '/usr/licensed/cadence-20210126/jasper_2021.03'
2026-02-23 13:56:10.593161 (2620691) main____ INFO      JASPER_INSTALL_DIR: '/scratch/gpfs/LICENSED/x86_64/cadence-20210126/jasper_2021.03'
2026-02-23 13:56:10.593167 (2620691) main____ INFO      LANG              : 'en_US.UTF-8'
2026-02-23 13:56:10.593172 (2620691) main____ INFO      LM_LICENSE_FILE   : '5280@license.rc.princeton.edu'
2026-02-23 13:56:10.593177 (2620691) main____ INFO      TMPDIR            : '/tmp/ab2113/jg_5019111_76'
2026-02-23 13:56:10.593182 (2620691) main____ INFO    ----------------------------------------
2026-02-23 13:56:10.593649 (2620691) lic_core INFO    Initializing license system ...
2026-02-23 13:56:10.594463 (2620691) lic_core INFO    ... license system initialized.
2026-02-23 13:56:10.595224 (2620691) lic__man INFO    Claim 'fpv' for <ui>.
2026-02-23 13:56:10.595265 (2620691) lic_core INFO    (1) checking out 'jasper_fpv' ...
2026-02-23 13:56:10.600880 (2620691) lic_core INFO    ... (1) checkout failed (error: -5) ("FLEXnet ERROR(-5, 0, 0): No such feature exists.")
2026-02-23 13:56:10.600935 (2620691) lic_core INFO    (2) checking out 'jasper_fao' ...
2026-02-23 13:56:10.611365 (2620691) lic_core INFO    ... (2) checkout succeeded
2026-02-23 13:56:10.626791 (2620691) session_ INFO    Starting analysis session with session id 'session_0' (launcher: <local>) ...
2026-02-23 13:56:10.629680 (2620691) session_ INFO    Analysis session with session id 'session_0' started (pid: 2620699)
2026-02-23 13:56:11.294811 (2620691) session_ INFO    Analysis session 'session_0' connected to the console (host: 127.0.0.1:56208)
2026-02-23 13:56:11.902254 (2620691) main____ INFO    About to exit: request to exit with status 1 received from analysis session 'session_0'
2026-02-23 13:56:11.974359 (2620691) session_ INFO    Analysis session 'session_0' disconnected.
2026-02-23 13:56:11.974476 (2620691) lic__man INFO    Unclaim everything for 'session_0'.
2026-02-23 13:56:11.975056 (2620691) session_ INFO    Process for analysis session 'session_0' has exited with exit status '1'.
2026-02-23 13:56:13.845467 (2620691) lic_core INFO    (2) checkin jasper_fao
2026-02-23 13:56:13.847054 (2620691) main____ INFO    Exiting with status 1.
