2026-02-23 13:46:53.847760 (1948730) main____ INFO    ----------------------------------------
2026-02-23 13:46:53.847851 (1948730) main____ INFO    JasperGold version info
2026-02-23 13:46:53.847866 (1948730) main____ INFO      tool      : JasperGold 2021.03
2026-02-23 13:46:53.847874 (1948730) main____ INFO      version   : 2021.03 FCS 64 bits
2026-02-23 13:46:53.847879 (1948730) main____ INFO      build date: 2021.03.23 02:50:43 UTC
2026-02-23 13:46:53.847883 (1948730) main____ INFO    ----------------------------------------
2026-02-23 13:46:53.847887 (1948730) main____ INFO    Runtime info:
2026-02-23 13:46:53.847892 (1948730) main____ INFO      platform  : Linux 5.14.0-570.84.1.el9_6.x86_64 x86_64
2026-02-23 13:46:53.847898 (1948730) main____ INFO      hostname  : della-r3c1n5
2026-02-23 13:46:53.847903 (1948730) main____ INFO      pid       : 1948730
2026-02-23 13:46:53.847907 (1948730) main____ INFO      arguments : '-style' 'windows' '-batch' '-proj' './verification_results/01963/jgproject' '-tcl' './jasper_verif_check.tcl'
2026-02-23 13:46:53.847915 (1948730) main____ INFO      locale    : UTF-8
2026-02-23 13:46:53.847920 (1948730) main____ INFO    ----------------------------------------
2026-02-23 13:46:53.847924 (1948730) main____ INFO    System resource limits info:
2026-02-23 13:46:53.847928 (1948730) main____ INFO      virtual memory: unlimited
2026-02-23 13:46:53.847933 (1948730) main____ INFO      cpu time      : unlimited
2026-02-23 13:46:53.847937 (1948730) main____ INFO      stack size    : unlimited
2026-02-23 13:46:53.847941 (1948730) main____ INFO      core file size: unlimited
2026-02-23 13:46:53.847948 (1948730) main____ INFO      open files    : 131072
2026-02-23 13:46:53.847952 (1948730) main____ INFO      file size     : unlimited
2026-02-23 13:46:53.847956 (1948730) main____ INFO    ----------------------------------------
2026-02-23 13:46:53.847960 (1948730) main____ INFO    Memory statistics:
2026-02-23 13:46:53.847965 (1948730) main____ INFO      total physical memory  : 195972056 kB
2026-02-23 13:46:53.847969 (1948730) main____ INFO      free physical memory   : 110669732 kB
2026-02-23 13:46:53.847973 (1948730) main____ INFO      committed address space: 55305072 kB
2026-02-23 13:46:53.847977 (1948730) main____ INFO    ----------------------------------------
2026-02-23 13:46:53.848970 (1948730) main____ INFO    Important environment variables:
2026-02-23 13:46:53.848987 (1948730) main____ INFO      JASPER_HOME       : '/usr/licensed/cadence-20210126/jasper_2021.03'
2026-02-23 13:46:53.848994 (1948730) main____ INFO      JASPER_INSTALL_DIR: '/scratch/gpfs/LICENSED/x86_64/cadence-20210126/jasper_2021.03'
2026-02-23 13:46:53.848999 (1948730) main____ INFO      LANG              : 'en_US.UTF-8'
2026-02-23 13:46:53.849005 (1948730) main____ INFO      LM_LICENSE_FILE   : '5280@license.rc.princeton.edu'
2026-02-23 13:46:53.849010 (1948730) main____ INFO      TMPDIR            : '/tmp/ab2113/jg_5018879_31'
2026-02-23 13:46:53.849014 (1948730) main____ INFO    ----------------------------------------
2026-02-23 13:46:53.849871 (1948730) lic_core INFO    Initializing license system ...
2026-02-23 13:46:53.850720 (1948730) lic_core INFO    ... license system initialized.
2026-02-23 13:46:53.851506 (1948730) lic__man INFO    Claim 'fpv' for <ui>.
2026-02-23 13:46:53.851546 (1948730) lic_core INFO    (1) checking out 'jasper_fpv' ...
2026-02-23 13:46:53.857490 (1948730) lic_core INFO    ... (1) checkout failed (error: -5) ("FLEXnet ERROR(-5, 0, 0): No such feature exists.")
2026-02-23 13:46:53.857538 (1948730) lic_core INFO    (2) checking out 'jasper_fao' ...
2026-02-23 13:46:53.868607 (1948730) lic_core INFO    ... (2) checkout succeeded
2026-02-23 13:46:53.884133 (1948730) session_ INFO    Starting analysis session with session id 'session_0' (launcher: <local>) ...
2026-02-23 13:46:53.887286 (1948730) session_ INFO    Analysis session with session id 'session_0' started (pid: 1948738)
2026-02-23 13:46:54.597151 (1948730) session_ INFO    Analysis session 'session_0' connected to the console (host: 127.0.0.1:40486)
2026-02-23 13:46:55.190220 (1948730) main____ INFO    About to exit: request to exit with status 1 received from analysis session 'session_0'
2026-02-23 13:46:55.268003 (1948730) session_ INFO    Analysis session 'session_0' disconnected.
2026-02-23 13:46:55.268141 (1948730) lic__man INFO    Unclaim everything for 'session_0'.
2026-02-23 13:46:55.268543 (1948730) session_ INFO    Process for analysis session 'session_0' has exited with exit status '1'.
2026-02-23 13:46:57.095182 (1948730) lic_core INFO    (2) checkin jasper_fao
2026-02-23 13:46:57.100021 (1948730) main____ INFO    Exiting with status 1.
