2026-02-23 13:43:38.723538 (4144388) main____ INFO    ----------------------------------------
2026-02-23 13:43:38.723646 (4144388) main____ INFO    JasperGold version info
2026-02-23 13:43:38.723666 (4144388) main____ INFO      tool      : JasperGold 2021.03
2026-02-23 13:43:38.723675 (4144388) main____ INFO      version   : 2021.03 FCS 64 bits
2026-02-23 13:43:38.723680 (4144388) main____ INFO      build date: 2021.03.23 02:50:43 UTC
2026-02-23 13:43:38.723684 (4144388) main____ INFO    ----------------------------------------
2026-02-23 13:43:38.723688 (4144388) main____ INFO    Runtime info:
2026-02-23 13:43:38.723693 (4144388) main____ INFO      platform  : Linux 5.14.0-570.84.1.el9_6.x86_64 x86_64
2026-02-23 13:43:38.723699 (4144388) main____ INFO      hostname  : della-r3c2n12
2026-02-23 13:43:38.723704 (4144388) main____ INFO      pid       : 4144388
2026-02-23 13:43:38.723709 (4144388) main____ INFO      arguments : '-style' 'windows' '-batch' '-proj' './verification_results/01776/jgproject' '-tcl' './jasper_verif_check.tcl'
2026-02-23 13:43:38.723716 (4144388) main____ INFO      locale    : UTF-8
2026-02-23 13:43:38.723721 (4144388) main____ INFO    ----------------------------------------
2026-02-23 13:43:38.723725 (4144388) main____ INFO    System resource limits info:
2026-02-23 13:43:38.723729 (4144388) main____ INFO      virtual memory: unlimited
2026-02-23 13:43:38.723734 (4144388) main____ INFO      cpu time      : unlimited
2026-02-23 13:43:38.723738 (4144388) main____ INFO      stack size    : unlimited
2026-02-23 13:43:38.723742 (4144388) main____ INFO      core file size: unlimited
2026-02-23 13:43:38.723749 (4144388) main____ INFO      open files    : 131072
2026-02-23 13:43:38.723754 (4144388) main____ INFO      file size     : unlimited
2026-02-23 13:43:38.723758 (4144388) main____ INFO    ----------------------------------------
2026-02-23 13:43:38.723762 (4144388) main____ INFO    Memory statistics:
2026-02-23 13:43:38.723766 (4144388) main____ INFO      total physical memory  : 195972072 kB
2026-02-23 13:43:38.723770 (4144388) main____ INFO      free physical memory   : 133596164 kB
2026-02-23 13:43:38.723775 (4144388) main____ INFO      committed address space: 38797164 kB
2026-02-23 13:43:38.723779 (4144388) main____ INFO    ----------------------------------------
2026-02-23 13:43:38.724765 (4144388) main____ INFO    Important environment variables:
2026-02-23 13:43:38.724787 (4144388) main____ INFO      JASPER_HOME       : '/usr/licensed/cadence-20210126/jasper_2021.03'
2026-02-23 13:43:38.724793 (4144388) main____ INFO      JASPER_INSTALL_DIR: '/scratch/gpfs/LICENSED/x86_64/cadence-20210126/jasper_2021.03'
2026-02-23 13:43:38.724799 (4144388) main____ INFO      LANG              : 'en_US.UTF-8'
2026-02-23 13:43:38.724804 (4144388) main____ INFO      LM_LICENSE_FILE   : '5280@license.rc.princeton.edu'
2026-02-23 13:43:38.724809 (4144388) main____ INFO      TMPDIR            : '/tmp/ab2113/jg_5018860_28'
2026-02-23 13:43:38.724813 (4144388) main____ INFO    ----------------------------------------
2026-02-23 13:43:38.725722 (4144388) lic_core INFO    Initializing license system ...
2026-02-23 13:43:38.726571 (4144388) lic_core INFO    ... license system initialized.
2026-02-23 13:43:38.727359 (4144388) lic__man INFO    Claim 'fpv' for <ui>.
2026-02-23 13:43:38.727403 (4144388) lic_core INFO    (1) checking out 'jasper_fpv' ...
2026-02-23 13:43:38.733249 (4144388) lic_core INFO    ... (1) checkout failed (error: -5) ("FLEXnet ERROR(-5, 0, 0): No such feature exists.")
2026-02-23 13:43:38.733307 (4144388) lic_core INFO    (2) checking out 'jasper_fao' ...
2026-02-23 13:43:38.744536 (4144388) lic_core INFO    ... (2) checkout succeeded
2026-02-23 13:43:38.759422 (4144388) session_ INFO    Starting analysis session with session id 'session_0' (launcher: <local>) ...
2026-02-23 13:43:38.762174 (4144388) session_ INFO    Analysis session with session id 'session_0' started (pid: 4144396)
2026-02-23 13:43:39.476242 (4144388) session_ INFO    Analysis session 'session_0' connected to the console (host: 127.0.0.1:46110)
2026-02-23 13:43:40.065063 (4144388) main____ INFO    About to exit: request to exit with status 1 received from analysis session 'session_0'
2026-02-23 13:43:40.145725 (4144388) session_ INFO    Analysis session 'session_0' disconnected.
2026-02-23 13:43:40.145865 (4144388) lic__man INFO    Unclaim everything for 'session_0'.
2026-02-23 13:43:40.146442 (4144388) session_ INFO    Process for analysis session 'session_0' has exited with exit status '1'.
2026-02-23 13:43:42.125377 (4144388) lic_core INFO    (2) checkin jasper_fao
2026-02-23 13:43:42.126892 (4144388) main____ INFO    Exiting with status 1.
