2026-02-23 13:57:52.366730 (4156144) main____ INFO    ----------------------------------------
2026-02-23 13:57:52.366806 (4156144) main____ INFO    JasperGold version info
2026-02-23 13:57:52.366821 (4156144) main____ INFO      tool      : JasperGold 2021.03
2026-02-23 13:57:52.366829 (4156144) main____ INFO      version   : 2021.03 FCS 64 bits
2026-02-23 13:57:52.366834 (4156144) main____ INFO      build date: 2021.03.23 02:50:43 UTC
2026-02-23 13:57:52.366838 (4156144) main____ INFO    ----------------------------------------
2026-02-23 13:57:52.366843 (4156144) main____ INFO    Runtime info:
2026-02-23 13:57:52.366847 (4156144) main____ INFO      platform  : Linux 5.14.0-570.84.1.el9_6.x86_64 x86_64
2026-02-23 13:57:52.366853 (4156144) main____ INFO      hostname  : della-r3c2n12
2026-02-23 13:57:52.366857 (4156144) main____ INFO      pid       : 4156144
2026-02-23 13:57:52.366862 (4156144) main____ INFO      arguments : '-style' 'windows' '-batch' '-proj' './verification_results/04427/jgproject' '-tcl' './jasper_verif_check.tcl'
2026-02-23 13:57:52.366870 (4156144) main____ INFO      locale    : UTF-8
2026-02-23 13:57:52.366874 (4156144) main____ INFO    ----------------------------------------
2026-02-23 13:57:52.366878 (4156144) main____ INFO    System resource limits info:
2026-02-23 13:57:52.366882 (4156144) main____ INFO      virtual memory: unlimited
2026-02-23 13:57:52.366887 (4156144) main____ INFO      cpu time      : unlimited
2026-02-23 13:57:52.366891 (4156144) main____ INFO      stack size    : unlimited
2026-02-23 13:57:52.366895 (4156144) main____ INFO      core file size: unlimited
2026-02-23 13:57:52.366902 (4156144) main____ INFO      open files    : 131072
2026-02-23 13:57:52.366907 (4156144) main____ INFO      file size     : unlimited
2026-02-23 13:57:52.366911 (4156144) main____ INFO    ----------------------------------------
2026-02-23 13:57:52.366915 (4156144) main____ INFO    Memory statistics:
2026-02-23 13:57:52.366919 (4156144) main____ INFO      total physical memory  : 195972072 kB
2026-02-23 13:57:52.366923 (4156144) main____ INFO      free physical memory   : 134188088 kB
2026-02-23 13:57:52.366928 (4156144) main____ INFO      committed address space: 37872332 kB
2026-02-23 13:57:52.366932 (4156144) main____ INFO    ----------------------------------------
2026-02-23 13:57:52.367884 (4156144) main____ INFO    Important environment variables:
2026-02-23 13:57:52.367899 (4156144) main____ INFO      JASPER_HOME       : '/usr/licensed/cadence-20210126/jasper_2021.03'
2026-02-23 13:57:52.367905 (4156144) main____ INFO      JASPER_INSTALL_DIR: '/scratch/gpfs/LICENSED/x86_64/cadence-20210126/jasper_2021.03'
2026-02-23 13:57:52.367910 (4156144) main____ INFO      LANG              : 'en_US.UTF-8'
2026-02-23 13:57:52.367915 (4156144) main____ INFO      LM_LICENSE_FILE   : '5280@license.rc.princeton.edu'
2026-02-23 13:57:52.367920 (4156144) main____ INFO      TMPDIR            : '/tmp/ab2113/jg_5019149_81'
2026-02-23 13:57:52.367924 (4156144) main____ INFO    ----------------------------------------
2026-02-23 13:57:52.368732 (4156144) lic_core INFO    Initializing license system ...
2026-02-23 13:57:52.369535 (4156144) lic_core INFO    ... license system initialized.
2026-02-23 13:57:52.370316 (4156144) lic__man INFO    Claim 'fpv' for <ui>.
2026-02-23 13:57:52.370356 (4156144) lic_core INFO    (1) checking out 'jasper_fpv' ...
2026-02-23 13:57:52.375391 (4156144) lic_core INFO    ... (1) checkout failed (error: -5) ("FLEXnet ERROR(-5, 0, 0): No such feature exists.")
2026-02-23 13:57:52.375426 (4156144) lic_core INFO    (2) checking out 'jasper_fao' ...
2026-02-23 13:57:52.386440 (4156144) lic_core INFO    ... (2) checkout succeeded
2026-02-23 13:57:52.401094 (4156144) session_ INFO    Starting analysis session with session id 'session_0' (launcher: <local>) ...
2026-02-23 13:57:52.404332 (4156144) session_ INFO    Analysis session with session id 'session_0' started (pid: 4156152)
2026-02-23 13:57:53.112618 (4156144) session_ INFO    Analysis session 'session_0' connected to the console (host: 127.0.0.1:56310)
2026-02-23 13:57:53.947566 (4156144) lic__man INFO    Unclaim everything for 'session_0'.
2026-02-23 13:57:53.993647 (4156144) lic__man INFO    Claim 'fpv' for 'session_0'.
2026-02-23 13:57:53.993696 (4156144) lic__man INFO    Claim 'fpv' for 'session_0/prove-0'.
2026-02-23 13:57:54.118566 (4156144) lic__man INFO    Unclaim everything for 'session_0/prove-0'.
2026-02-23 13:57:54.177015 (4156144) main____ INFO    About to exit: request to exit with status 0 received from analysis session 'session_0'
2026-02-23 13:57:54.257103 (4156144) session_ INFO    Analysis session 'session_0' disconnected.
2026-02-23 13:57:54.257246 (4156144) lic__man INFO    Unclaim everything for 'session_0'.
2026-02-23 13:57:54.257804 (4156144) session_ INFO    Process for analysis session 'session_0' has exited with exit status '0'.
2026-02-23 13:57:56.127736 (4156144) lic_core INFO    (2) checkin jasper_fao
2026-02-23 13:57:56.128955 (4156144) main____ INFO    Exiting with status 0.
