2026-02-23 13:50:52.846752 (517854) main____ INFO    ----------------------------------------
2026-02-23 13:50:52.846838 (517854) main____ INFO    JasperGold version info
2026-02-23 13:50:52.846855 (517854) main____ INFO      tool      : JasperGold 2021.03
2026-02-23 13:50:52.846863 (517854) main____ INFO      version   : 2021.03 FCS 64 bits
2026-02-23 13:50:52.846868 (517854) main____ INFO      build date: 2021.03.23 02:50:43 UTC
2026-02-23 13:50:52.846872 (517854) main____ INFO    ----------------------------------------
2026-02-23 13:50:52.846876 (517854) main____ INFO    Runtime info:
2026-02-23 13:50:52.846881 (517854) main____ INFO      platform  : Linux 5.14.0-570.84.1.el9_6.x86_64 x86_64
2026-02-23 13:50:52.846886 (517854) main____ INFO      hostname  : della-r3c2n9
2026-02-23 13:50:52.846891 (517854) main____ INFO      pid       : 517854
2026-02-23 13:50:52.846895 (517854) main____ INFO      arguments : '-style' 'windows' '-batch' '-proj' './verification_results/03422/jgproject' '-tcl' './jasper_verif_check.tcl'
2026-02-23 13:50:52.846902 (517854) main____ INFO      locale    : UTF-8
2026-02-23 13:50:52.846906 (517854) main____ INFO    ----------------------------------------
2026-02-23 13:50:52.846910 (517854) main____ INFO    System resource limits info:
2026-02-23 13:50:52.846915 (517854) main____ INFO      virtual memory: unlimited
2026-02-23 13:50:52.846919 (517854) main____ INFO      cpu time      : unlimited
2026-02-23 13:50:52.846923 (517854) main____ INFO      stack size    : unlimited
2026-02-23 13:50:52.846928 (517854) main____ INFO      core file size: unlimited
2026-02-23 13:50:52.846935 (517854) main____ INFO      open files    : 131072
2026-02-23 13:50:52.846939 (517854) main____ INFO      file size     : unlimited
2026-02-23 13:50:52.846943 (517854) main____ INFO    ----------------------------------------
2026-02-23 13:50:52.846947 (517854) main____ INFO    Memory statistics:
2026-02-23 13:50:52.846952 (517854) main____ INFO      total physical memory  : 195972072 kB
2026-02-23 13:50:52.846956 (517854) main____ INFO      free physical memory   : 68409244 kB
2026-02-23 13:50:52.846960 (517854) main____ INFO      committed address space: 59125112 kB
2026-02-23 13:50:52.846964 (517854) main____ INFO    ----------------------------------------
2026-02-23 13:50:52.847915 (517854) main____ INFO    Important environment variables:
2026-02-23 13:50:52.847929 (517854) main____ INFO      JASPER_HOME       : '/usr/licensed/cadence-20210126/jasper_2021.03'
2026-02-23 13:50:52.847935 (517854) main____ INFO      JASPER_INSTALL_DIR: '/scratch/gpfs/LICENSED/x86_64/cadence-20210126/jasper_2021.03'
2026-02-23 13:50:52.847940 (517854) main____ INFO      LANG              : 'en_US.UTF-8'
2026-02-23 13:50:52.847945 (517854) main____ INFO      LM_LICENSE_FILE   : '5280@license.rc.princeton.edu'
2026-02-23 13:50:52.847950 (517854) main____ INFO      TMPDIR            : '/tmp/ab2113/jg_5019008_61'
2026-02-23 13:50:52.847954 (517854) main____ INFO    ----------------------------------------
2026-02-23 13:50:52.848673 (517854) lic_core INFO    Initializing license system ...
2026-02-23 13:50:52.849409 (517854) lic_core INFO    ... license system initialized.
2026-02-23 13:50:52.850083 (517854) lic__man INFO    Claim 'fpv' for <ui>.
2026-02-23 13:50:52.850119 (517854) lic_core INFO    (1) checking out 'jasper_fpv' ...
2026-02-23 13:50:52.855750 (517854) lic_core INFO    ... (1) checkout failed (error: -5) ("FLEXnet ERROR(-5, 0, 0): No such feature exists.")
2026-02-23 13:50:52.855776 (517854) lic_core INFO    (2) checking out 'jasper_fao' ...
2026-02-23 13:50:52.866203 (517854) lic_core INFO    ... (2) checkout succeeded
2026-02-23 13:50:52.880147 (517854) session_ INFO    Starting analysis session with session id 'session_0' (launcher: <local>) ...
2026-02-23 13:50:52.882716 (517854) session_ INFO    Analysis session with session id 'session_0' started (pid: 517862)
2026-02-23 13:50:53.510518 (517854) session_ INFO    Analysis session 'session_0' connected to the console (host: 127.0.0.1:36190)
2026-02-23 13:50:54.066879 (517854) main____ INFO    About to exit: request to exit with status 1 received from analysis session 'session_0'
2026-02-23 13:50:54.137369 (517854) session_ INFO    Analysis session 'session_0' disconnected.
2026-02-23 13:50:54.137484 (517854) lic__man INFO    Unclaim everything for 'session_0'.
2026-02-23 13:50:54.138093 (517854) session_ INFO    Process for analysis session 'session_0' has exited with exit status '1'.
2026-02-23 13:50:56.124125 (517854) lic_core INFO    (2) checkin jasper_fao
2026-02-23 13:50:56.125327 (517854) main____ INFO    Exiting with status 1.
