2026-02-23 12:29:23.089003 (121786) main____ INFO    ----------------------------------------
2026-02-23 12:29:23.089088 (121786) main____ INFO    JasperGold version info
2026-02-23 12:29:23.089117 (121786) main____ INFO      tool      : JasperGold 2021.03
2026-02-23 12:29:23.089126 (121786) main____ INFO      version   : 2021.03 FCS 64 bits
2026-02-23 12:29:23.089133 (121786) main____ INFO      build date: 2021.03.23 02:50:43 UTC
2026-02-23 12:29:23.089139 (121786) main____ INFO    ----------------------------------------
2026-02-23 12:29:23.089146 (121786) main____ INFO    Runtime info:
2026-02-23 12:29:23.089152 (121786) main____ INFO      platform  : Linux 5.14.0-570.84.1.el9_6.x86_64 x86_64
2026-02-23 12:29:23.089159 (121786) main____ INFO      hostname  : della-h16n3
2026-02-23 12:29:23.089166 (121786) main____ INFO      pid       : 121786
2026-02-23 12:29:23.089172 (121786) main____ INFO      arguments : '-style' 'windows' '-batch' '-proj' './verification_results/00154/jgproject' '-tcl' './jasper_verif_check.tcl'
2026-02-23 12:29:23.089180 (121786) main____ INFO      locale    : UTF-8
2026-02-23 12:29:23.089186 (121786) main____ INFO    ----------------------------------------
2026-02-23 12:29:23.089192 (121786) main____ INFO    System resource limits info:
2026-02-23 12:29:23.089198 (121786) main____ INFO      virtual memory: unlimited
2026-02-23 12:29:23.089204 (121786) main____ INFO      cpu time      : unlimited
2026-02-23 12:29:23.089211 (121786) main____ INFO      stack size    : unlimited
2026-02-23 12:29:23.089217 (121786) main____ INFO      core file size: unlimited
2026-02-23 12:29:23.089225 (121786) main____ INFO      open files    : 131072
2026-02-23 12:29:23.089231 (121786) main____ INFO      file size     : unlimited
2026-02-23 12:29:23.089237 (121786) main____ INFO    ----------------------------------------
2026-02-23 12:29:23.089243 (121786) main____ INFO    Memory statistics:
2026-02-23 12:29:23.089249 (121786) main____ INFO      total physical memory  : 1584164344 kB
2026-02-23 12:29:23.089255 (121786) main____ INFO      free physical memory   : 892127968 kB
2026-02-23 12:29:23.089261 (121786) main____ INFO      committed address space: 637998744 kB
2026-02-23 12:29:23.089267 (121786) main____ INFO    ----------------------------------------
2026-02-23 12:29:23.089806 (121786) main____ INFO    Important environment variables:
2026-02-23 12:29:23.089825 (121786) main____ INFO      JASPER_HOME       : '/usr/licensed/cadence-20210126/jasper_2021.03'
2026-02-23 12:29:23.089832 (121786) main____ INFO      JASPER_INSTALL_DIR: '/scratch/gpfs/LICENSED/x86_64/cadence-20210126/jasper_2021.03'
2026-02-23 12:29:23.089839 (121786) main____ INFO      LANG              : 'en_US.UTF-8'
2026-02-23 12:29:23.089852 (121786) main____ INFO      LM_LICENSE_FILE   : '5280@license.rc.princeton.edu'
2026-02-23 12:29:23.089858 (121786) main____ INFO      TMPDIR            : '/tmp/ab2113/jg_5016634_26'
2026-02-23 12:29:23.089864 (121786) main____ INFO    ----------------------------------------
2026-02-23 12:29:23.090951 (121786) lic_core INFO    Initializing license system ...
2026-02-23 12:29:23.094762 (121786) lic_core INFO    ... license system initialized.
2026-02-23 12:29:23.096167 (121786) lic__man INFO    Claim 'fpv' for <ui>.
2026-02-23 12:29:23.096242 (121786) lic_core INFO    (1) checking out 'jasper_fpv' ...
2026-02-23 12:29:23.102249 (121786) lic_core INFO    ... (1) checkout failed (error: -5) ("FLEXnet ERROR(-5, 0, 0): No such feature exists.")
2026-02-23 12:29:23.102283 (121786) lic_core INFO    (2) checking out 'jasper_fao' ...
2026-02-23 12:29:23.111467 (121786) lic_core INFO    ... (2) checkout succeeded
2026-02-23 12:29:23.129050 (121786) session_ INFO    Starting analysis session with session id 'session_0' (launcher: <local>) ...
2026-02-23 12:29:23.131800 (121786) session_ INFO    Analysis session with session id 'session_0' started (pid: 121835)
2026-02-23 12:29:23.916375 (121786) session_ INFO    Analysis session 'session_0' connected to the console (host: 127.0.0.1:43046)
2026-02-23 12:29:24.544163 (121786) main____ INFO    About to exit: request to exit with status 1 received from analysis session 'session_0'
2026-02-23 12:29:24.607036 (121786) session_ INFO    Analysis session 'session_0' disconnected.
2026-02-23 12:29:24.607561 (121786) lic__man INFO    Unclaim everything for 'session_0'.
2026-02-23 12:29:24.607944 (121786) session_ INFO    Process for analysis session 'session_0' has exited with exit status '1'.
2026-02-23 12:29:26.655794 (121786) lic_core INFO    (2) checkin jasper_fao
2026-02-23 12:29:26.657365 (121786) main____ INFO    Exiting with status 1.
