2026-02-23 14:15:02.500663 (6038) main____ INFO    ----------------------------------------
2026-02-23 14:15:02.500776 (6038) main____ INFO    JasperGold version info
2026-02-23 14:15:02.500795 (6038) main____ INFO      tool      : JasperGold 2021.03
2026-02-23 14:15:02.500804 (6038) main____ INFO      version   : 2021.03 FCS 64 bits
2026-02-23 14:15:02.500809 (6038) main____ INFO      build date: 2021.03.23 02:50:43 UTC
2026-02-23 14:15:02.500814 (6038) main____ INFO    ----------------------------------------
2026-02-23 14:15:02.500818 (6038) main____ INFO    Runtime info:
2026-02-23 14:15:02.500823 (6038) main____ INFO      platform  : Linux 5.14.0-570.84.1.el9_6.x86_64 x86_64
2026-02-23 14:15:02.500828 (6038) main____ INFO      hostname  : della-r3c2n6
2026-02-23 14:15:02.500833 (6038) main____ INFO      pid       : 6038
2026-02-23 14:15:02.500838 (6038) main____ INFO      arguments : '-style' 'windows' '-batch' '-proj' './verification_results/04042/jgproject' '-tcl' './jasper_verif_check.tcl'
2026-02-23 14:15:02.500847 (6038) main____ INFO      locale    : UTF-8
2026-02-23 14:15:02.500851 (6038) main____ INFO    ----------------------------------------
2026-02-23 14:15:02.500855 (6038) main____ INFO    System resource limits info:
2026-02-23 14:15:02.500859 (6038) main____ INFO      virtual memory: unlimited
2026-02-23 14:15:02.500863 (6038) main____ INFO      cpu time      : unlimited
2026-02-23 14:15:02.500868 (6038) main____ INFO      stack size    : unlimited
2026-02-23 14:15:02.500872 (6038) main____ INFO      core file size: unlimited
2026-02-23 14:15:02.500879 (6038) main____ INFO      open files    : 131072
2026-02-23 14:15:02.500883 (6038) main____ INFO      file size     : unlimited
2026-02-23 14:15:02.500887 (6038) main____ INFO    ----------------------------------------
2026-02-23 14:15:02.500891 (6038) main____ INFO    Memory statistics:
2026-02-23 14:15:02.500896 (6038) main____ INFO      total physical memory  : 195972160 kB
2026-02-23 14:15:02.500900 (6038) main____ INFO      free physical memory   : 148410180 kB
2026-02-23 14:15:02.500903 (6038) main____ INFO      committed address space: 56229752 kB
2026-02-23 14:15:02.500907 (6038) main____ INFO    ----------------------------------------
2026-02-23 14:15:02.501900 (6038) main____ INFO    Important environment variables:
2026-02-23 14:15:02.501925 (6038) main____ INFO      JASPER_HOME       : '/usr/licensed/cadence-20210126/jasper_2021.03'
2026-02-23 14:15:02.501932 (6038) main____ INFO      JASPER_INSTALL_DIR: '/scratch/gpfs/LICENSED/x86_64/cadence-20210126/jasper_2021.03'
2026-02-23 14:15:02.501937 (6038) main____ INFO      LANG              : 'en_US.UTF-8'
2026-02-23 14:15:02.501942 (6038) main____ INFO      LM_LICENSE_FILE   : '5280@license.rc.princeton.edu'
2026-02-23 14:15:02.501947 (6038) main____ INFO      TMPDIR            : '/tmp/ab2113/jg_5019092_73'
2026-02-23 14:15:02.501952 (6038) main____ INFO    ----------------------------------------
2026-02-23 14:15:02.502866 (6038) lic_core INFO    Initializing license system ...
2026-02-23 14:15:02.503746 (6038) lic_core INFO    ... license system initialized.
2026-02-23 14:15:02.504550 (6038) lic__man INFO    Claim 'fpv' for <ui>.
2026-02-23 14:15:02.504594 (6038) lic_core INFO    (1) checking out 'jasper_fpv' ...
2026-02-23 14:15:02.510772 (6038) lic_core INFO    ... (1) checkout failed (error: -5) ("FLEXnet ERROR(-5, 0, 0): No such feature exists.")
2026-02-23 14:15:02.510837 (6038) lic_core INFO    (2) checking out 'jasper_fao' ...
2026-02-23 14:15:02.521806 (6038) lic_core INFO    ... (2) checkout succeeded
2026-02-23 14:15:02.536786 (6038) session_ INFO    Starting analysis session with session id 'session_0' (launcher: <local>) ...
2026-02-23 14:15:02.539895 (6038) session_ INFO    Analysis session with session id 'session_0' started (pid: 6046)
2026-02-23 14:15:03.273527 (6038) session_ INFO    Analysis session 'session_0' connected to the console (host: 127.0.0.1:54018)
2026-02-23 14:15:03.861335 (6038) main____ INFO    About to exit: request to exit with status 1 received from analysis session 'session_0'
2026-02-23 14:15:03.944888 (6038) session_ INFO    Analysis session 'session_0' disconnected.
2026-02-23 14:15:03.945022 (6038) lic__man INFO    Unclaim everything for 'session_0'.
2026-02-23 14:15:03.945441 (6038) session_ INFO    Process for analysis session 'session_0' has exited with exit status '1'.
2026-02-23 14:15:05.766240 (6038) lic_core INFO    (2) checkin jasper_fao
2026-02-23 14:15:05.767862 (6038) main____ INFO    Exiting with status 1.
