2026-02-23 13:56:52.365409 (4154981) main____ INFO    ----------------------------------------
2026-02-23 13:56:52.365478 (4154981) main____ INFO    JasperGold version info
2026-02-23 13:56:52.365492 (4154981) main____ INFO      tool      : JasperGold 2021.03
2026-02-23 13:56:52.365500 (4154981) main____ INFO      version   : 2021.03 FCS 64 bits
2026-02-23 13:56:52.365505 (4154981) main____ INFO      build date: 2021.03.23 02:50:43 UTC
2026-02-23 13:56:52.365509 (4154981) main____ INFO    ----------------------------------------
2026-02-23 13:56:52.365513 (4154981) main____ INFO    Runtime info:
2026-02-23 13:56:52.365518 (4154981) main____ INFO      platform  : Linux 5.14.0-570.84.1.el9_6.x86_64 x86_64
2026-02-23 13:56:52.365523 (4154981) main____ INFO      hostname  : della-r3c2n12
2026-02-23 13:56:52.365528 (4154981) main____ INFO      pid       : 4154981
2026-02-23 13:56:52.365532 (4154981) main____ INFO      arguments : '-style' 'windows' '-batch' '-proj' './verification_results/04416/jgproject' '-tcl' './jasper_verif_check.tcl'
2026-02-23 13:56:52.365540 (4154981) main____ INFO      locale    : UTF-8
2026-02-23 13:56:52.365545 (4154981) main____ INFO    ----------------------------------------
2026-02-23 13:56:52.365549 (4154981) main____ INFO    System resource limits info:
2026-02-23 13:56:52.365553 (4154981) main____ INFO      virtual memory: unlimited
2026-02-23 13:56:52.365557 (4154981) main____ INFO      cpu time      : unlimited
2026-02-23 13:56:52.365562 (4154981) main____ INFO      stack size    : unlimited
2026-02-23 13:56:52.365567 (4154981) main____ INFO      core file size: unlimited
2026-02-23 13:56:52.365573 (4154981) main____ INFO      open files    : 131072
2026-02-23 13:56:52.365578 (4154981) main____ INFO      file size     : unlimited
2026-02-23 13:56:52.365582 (4154981) main____ INFO    ----------------------------------------
2026-02-23 13:56:52.365586 (4154981) main____ INFO    Memory statistics:
2026-02-23 13:56:52.365591 (4154981) main____ INFO      total physical memory  : 195972072 kB
2026-02-23 13:56:52.365595 (4154981) main____ INFO      free physical memory   : 133614688 kB
2026-02-23 13:56:52.365599 (4154981) main____ INFO      committed address space: 38791904 kB
2026-02-23 13:56:52.365603 (4154981) main____ INFO    ----------------------------------------
2026-02-23 13:56:52.366567 (4154981) main____ INFO    Important environment variables:
2026-02-23 13:56:52.366580 (4154981) main____ INFO      JASPER_HOME       : '/usr/licensed/cadence-20210126/jasper_2021.03'
2026-02-23 13:56:52.366586 (4154981) main____ INFO      JASPER_INSTALL_DIR: '/scratch/gpfs/LICENSED/x86_64/cadence-20210126/jasper_2021.03'
2026-02-23 13:56:52.366592 (4154981) main____ INFO      LANG              : 'en_US.UTF-8'
2026-02-23 13:56:52.366597 (4154981) main____ INFO      LM_LICENSE_FILE   : '5280@license.rc.princeton.edu'
2026-02-23 13:56:52.366602 (4154981) main____ INFO      TMPDIR            : '/tmp/ab2113/jg_5019149_81'
2026-02-23 13:56:52.366606 (4154981) main____ INFO    ----------------------------------------
2026-02-23 13:56:52.367034 (4154981) lic_core INFO    Initializing license system ...
2026-02-23 13:56:52.367808 (4154981) lic_core INFO    ... license system initialized.
2026-02-23 13:56:52.368529 (4154981) lic__man INFO    Claim 'fpv' for <ui>.
2026-02-23 13:56:52.368563 (4154981) lic_core INFO    (1) checking out 'jasper_fpv' ...
2026-02-23 13:56:52.374012 (4154981) lic_core INFO    ... (1) checkout failed (error: -5) ("FLEXnet ERROR(-5, 0, 0): No such feature exists.")
2026-02-23 13:56:52.374039 (4154981) lic_core INFO    (2) checking out 'jasper_fao' ...
2026-02-23 13:56:52.384386 (4154981) lic_core INFO    ... (2) checkout succeeded
2026-02-23 13:56:52.398616 (4154981) session_ INFO    Starting analysis session with session id 'session_0' (launcher: <local>) ...
2026-02-23 13:56:52.401677 (4154981) session_ INFO    Analysis session with session id 'session_0' started (pid: 4154989)
2026-02-23 13:56:53.094272 (4154981) session_ INFO    Analysis session 'session_0' connected to the console (host: 127.0.0.1:59062)
2026-02-23 13:56:53.963109 (4154981) main____ INFO    About to exit: request to exit with status 1 received from analysis session 'session_0'
2026-02-23 13:56:54.033107 (4154981) session_ INFO    Analysis session 'session_0' disconnected.
2026-02-23 13:56:54.033259 (4154981) lic__man INFO    Unclaim everything for 'session_0'.
2026-02-23 13:56:54.034167 (4154981) session_ INFO    Process for analysis session 'session_0' has exited with exit status '1'.
2026-02-23 13:56:56.072116 (4154981) lic_core INFO    (2) checkin jasper_fao
2026-02-23 13:56:56.073600 (4154981) main____ INFO    Exiting with status 1.
