2026-02-23 13:52:40.464366 (4191315) main____ INFO    ----------------------------------------
2026-02-23 13:52:40.464465 (4191315) main____ INFO    JasperGold version info
2026-02-23 13:52:40.464483 (4191315) main____ INFO      tool      : JasperGold 2021.03
2026-02-23 13:52:40.464492 (4191315) main____ INFO      version   : 2021.03 FCS 64 bits
2026-02-23 13:52:40.464497 (4191315) main____ INFO      build date: 2021.03.23 02:50:43 UTC
2026-02-23 13:52:40.464501 (4191315) main____ INFO    ----------------------------------------
2026-02-23 13:52:40.464505 (4191315) main____ INFO    Runtime info:
2026-02-23 13:52:40.464509 (4191315) main____ INFO      platform  : Linux 5.14.0-570.84.1.el9_6.x86_64 x86_64
2026-02-23 13:52:40.464515 (4191315) main____ INFO      hostname  : della-r3c2n6
2026-02-23 13:52:40.464520 (4191315) main____ INFO      pid       : 4191315
2026-02-23 13:52:40.464524 (4191315) main____ INFO      arguments : '-style' 'windows' '-batch' '-proj' './verification_results/03401/jgproject' '-tcl' './jasper_verif_check.tcl'
2026-02-23 13:52:40.464532 (4191315) main____ INFO      locale    : UTF-8
2026-02-23 13:52:40.464536 (4191315) main____ INFO    ----------------------------------------
2026-02-23 13:52:40.464539 (4191315) main____ INFO    System resource limits info:
2026-02-23 13:52:40.464544 (4191315) main____ INFO      virtual memory: unlimited
2026-02-23 13:52:40.464548 (4191315) main____ INFO      cpu time      : unlimited
2026-02-23 13:52:40.464552 (4191315) main____ INFO      stack size    : unlimited
2026-02-23 13:52:40.464556 (4191315) main____ INFO      core file size: unlimited
2026-02-23 13:52:40.464563 (4191315) main____ INFO      open files    : 131072
2026-02-23 13:52:40.464568 (4191315) main____ INFO      file size     : unlimited
2026-02-23 13:52:40.464572 (4191315) main____ INFO    ----------------------------------------
2026-02-23 13:52:40.464576 (4191315) main____ INFO    Memory statistics:
2026-02-23 13:52:40.464580 (4191315) main____ INFO      total physical memory  : 195972160 kB
2026-02-23 13:52:40.464584 (4191315) main____ INFO      free physical memory   : 139301496 kB
2026-02-23 13:52:40.464588 (4191315) main____ INFO      committed address space: 45380564 kB
2026-02-23 13:52:40.464592 (4191315) main____ INFO    ----------------------------------------
2026-02-23 13:52:40.465578 (4191315) main____ INFO    Important environment variables:
2026-02-23 13:52:40.465599 (4191315) main____ INFO      JASPER_HOME       : '/usr/licensed/cadence-20210126/jasper_2021.03'
2026-02-23 13:52:40.465605 (4191315) main____ INFO      JASPER_INSTALL_DIR: '/scratch/gpfs/LICENSED/x86_64/cadence-20210126/jasper_2021.03'
2026-02-23 13:52:40.465611 (4191315) main____ INFO      LANG              : 'en_US.UTF-8'
2026-02-23 13:52:40.465616 (4191315) main____ INFO      LM_LICENSE_FILE   : '5280@license.rc.princeton.edu'
2026-02-23 13:52:40.465620 (4191315) main____ INFO      TMPDIR            : '/tmp/ab2113/jg_5019007_60'
2026-02-23 13:52:40.465625 (4191315) main____ INFO    ----------------------------------------
2026-02-23 13:52:40.466457 (4191315) lic_core INFO    Initializing license system ...
2026-02-23 13:52:40.466889 (4191315) lic_core INFO    ... license system initialized.
2026-02-23 13:52:40.467631 (4191315) lic__man INFO    Claim 'fpv' for <ui>.
2026-02-23 13:52:40.467670 (4191315) lic_core INFO    (1) checking out 'jasper_fpv' ...
2026-02-23 13:52:40.473555 (4191315) lic_core INFO    ... (1) checkout failed (error: -5) ("FLEXnet ERROR(-5, 0, 0): No such feature exists.")
2026-02-23 13:52:40.473617 (4191315) lic_core INFO    (2) checking out 'jasper_fao' ...
2026-02-23 13:52:40.484008 (4191315) lic_core INFO    ... (2) checkout succeeded
2026-02-23 13:52:40.498895 (4191315) session_ INFO    Starting analysis session with session id 'session_0' (launcher: <local>) ...
2026-02-23 13:52:40.501784 (4191315) session_ INFO    Analysis session with session id 'session_0' started (pid: 4191323)
2026-02-23 13:52:41.210128 (4191315) session_ INFO    Analysis session 'session_0' connected to the console (host: 127.0.0.1:55770)
2026-02-23 13:52:41.788311 (4191315) main____ INFO    About to exit: request to exit with status 1 received from analysis session 'session_0'
2026-02-23 13:52:41.859719 (4191315) session_ INFO    Analysis session 'session_0' disconnected.
2026-02-23 13:52:41.859853 (4191315) lic__man INFO    Unclaim everything for 'session_0'.
2026-02-23 13:52:41.860208 (4191315) session_ INFO    Process for analysis session 'session_0' has exited with exit status '1'.
2026-02-23 13:52:43.713158 (4191315) lic_core INFO    (2) checkin jasper_fao
2026-02-23 13:52:43.714789 (4191315) main____ INFO    Exiting with status 1.
