2026-02-23 13:51:28.687541 (150368) main____ INFO    ----------------------------------------
2026-02-23 13:51:28.687634 (150368) main____ INFO    JasperGold version info
2026-02-23 13:51:28.687652 (150368) main____ INFO      tool      : JasperGold 2021.03
2026-02-23 13:51:28.687661 (150368) main____ INFO      version   : 2021.03 FCS 64 bits
2026-02-23 13:51:28.687667 (150368) main____ INFO      build date: 2021.03.23 02:50:43 UTC
2026-02-23 13:51:28.687672 (150368) main____ INFO    ----------------------------------------
2026-02-23 13:51:28.687677 (150368) main____ INFO    Runtime info:
2026-02-23 13:51:28.687683 (150368) main____ INFO      platform  : Linux 5.14.0-570.84.1.el9_6.x86_64 x86_64
2026-02-23 13:51:28.687689 (150368) main____ INFO      hostname  : della-h14n2
2026-02-23 13:51:28.687696 (150368) main____ INFO      pid       : 150368
2026-02-23 13:51:28.687701 (150368) main____ INFO      arguments : '-style' 'windows' '-batch' '-proj' './verification_results/03248/jgproject' '-tcl' './jasper_verif_check.tcl'
2026-02-23 13:51:28.687712 (150368) main____ INFO      locale    : UTF-8
2026-02-23 13:51:28.687718 (150368) main____ INFO    ----------------------------------------
2026-02-23 13:51:28.687724 (150368) main____ INFO    System resource limits info:
2026-02-23 13:51:28.687729 (150368) main____ INFO      virtual memory: unlimited
2026-02-23 13:51:28.687734 (150368) main____ INFO      cpu time      : unlimited
2026-02-23 13:51:28.687739 (150368) main____ INFO      stack size    : unlimited
2026-02-23 13:51:28.687744 (150368) main____ INFO      core file size: unlimited
2026-02-23 13:51:28.687752 (150368) main____ INFO      open files    : 131072
2026-02-23 13:51:28.687757 (150368) main____ INFO      file size     : unlimited
2026-02-23 13:51:28.687763 (150368) main____ INFO    ----------------------------------------
2026-02-23 13:51:28.687768 (150368) main____ INFO    Memory statistics:
2026-02-23 13:51:28.687774 (150368) main____ INFO      total physical memory  : 1584164328 kB
2026-02-23 13:51:28.687779 (150368) main____ INFO      free physical memory   : 733638784 kB
2026-02-23 13:51:28.687785 (150368) main____ INFO      committed address space: 688731072 kB
2026-02-23 13:51:28.687791 (150368) main____ INFO    ----------------------------------------
2026-02-23 13:51:28.688328 (150368) main____ INFO    Important environment variables:
2026-02-23 13:51:28.688343 (150368) main____ INFO      JASPER_HOME       : '/usr/licensed/cadence-20210126/jasper_2021.03'
2026-02-23 13:51:28.688350 (150368) main____ INFO      JASPER_INSTALL_DIR: '/scratch/gpfs/LICENSED/x86_64/cadence-20210126/jasper_2021.03'
2026-02-23 13:51:28.688355 (150368) main____ INFO      LANG              : 'en_US.UTF-8'
2026-02-23 13:51:28.688362 (150368) main____ INFO      LM_LICENSE_FILE   : '5280@license.rc.princeton.edu'
2026-02-23 13:51:28.688367 (150368) main____ INFO      TMPDIR            : '/tmp/ab2113/jg_5018997_57'
2026-02-23 13:51:28.688372 (150368) main____ INFO    ----------------------------------------
2026-02-23 13:51:28.688896 (150368) lic_core INFO    Initializing license system ...
2026-02-23 13:51:28.689454 (150368) lic_core INFO    ... license system initialized.
2026-02-23 13:51:28.690225 (150368) lic__man INFO    Claim 'fpv' for <ui>.
2026-02-23 13:51:28.690262 (150368) lic_core INFO    (1) checking out 'jasper_fpv' ...
2026-02-23 13:51:28.696519 (150368) lic_core INFO    ... (1) checkout failed (error: -5) ("FLEXnet ERROR(-5, 0, 0): No such feature exists.")
2026-02-23 13:51:28.696579 (150368) lic_core INFO    (2) checking out 'jasper_fao' ...
2026-02-23 13:51:28.705667 (150368) lic_core INFO    ... (2) checkout succeeded
2026-02-23 13:51:28.717873 (150368) session_ INFO    Starting analysis session with session id 'session_0' (launcher: <local>) ...
2026-02-23 13:51:28.721788 (150368) session_ INFO    Analysis session with session id 'session_0' started (pid: 150402)
2026-02-23 13:51:29.312116 (150368) session_ INFO    Analysis session 'session_0' connected to the console (host: 127.0.0.1:49450)
2026-02-23 13:51:29.924903 (150368) main____ INFO    About to exit: request to exit with status 1 received from analysis session 'session_0'
2026-02-23 13:51:29.977895 (150368) session_ INFO    Analysis session 'session_0' disconnected.
2026-02-23 13:51:29.978019 (150368) lic__man INFO    Unclaim everything for 'session_0'.
2026-02-23 13:51:29.978492 (150368) session_ INFO    Process for analysis session 'session_0' has exited with exit status '1'.
2026-02-23 13:51:31.969271 (150368) lic_core INFO    (2) checkin jasper_fao
2026-02-23 13:51:31.970835 (150368) main____ INFO    Exiting with status 1.
