2026-02-23 11:53:50.883772 (3441523) main____ INFO    ----------------------------------------
2026-02-23 11:53:50.883868 (3441523) main____ INFO    JasperGold version info
2026-02-23 11:53:50.883885 (3441523) main____ INFO      tool      : JasperGold 2021.03
2026-02-23 11:53:50.883894 (3441523) main____ INFO      version   : 2021.03 FCS 64 bits
2026-02-23 11:53:50.883899 (3441523) main____ INFO      build date: 2021.03.23 02:50:43 UTC
2026-02-23 11:53:50.883904 (3441523) main____ INFO    ----------------------------------------
2026-02-23 11:53:50.883908 (3441523) main____ INFO    Runtime info:
2026-02-23 11:53:50.883913 (3441523) main____ INFO      platform  : Linux 5.14.0-570.84.1.el9_6.x86_64 x86_64
2026-02-23 11:53:50.883919 (3441523) main____ INFO      hostname  : della-r3c2n3
2026-02-23 11:53:50.883924 (3441523) main____ INFO      pid       : 3441523
2026-02-23 11:53:50.883929 (3441523) main____ INFO      arguments : '-style' 'windows' '-batch' '-proj' './verification_results/00034/jgproject' '-tcl' './jasper_verif_check.tcl'
2026-02-23 11:53:50.883937 (3441523) main____ INFO      locale    : UTF-8
2026-02-23 11:53:50.883941 (3441523) main____ INFO    ----------------------------------------
2026-02-23 11:53:50.883945 (3441523) main____ INFO    System resource limits info:
2026-02-23 11:53:50.883950 (3441523) main____ INFO      virtual memory: unlimited
2026-02-23 11:53:50.883954 (3441523) main____ INFO      cpu time      : unlimited
2026-02-23 11:53:50.883958 (3441523) main____ INFO      stack size    : unlimited
2026-02-23 11:53:50.883963 (3441523) main____ INFO      core file size: unlimited
2026-02-23 11:53:50.883970 (3441523) main____ INFO      open files    : 131072
2026-02-23 11:53:50.883975 (3441523) main____ INFO      file size     : unlimited
2026-02-23 11:53:50.883979 (3441523) main____ INFO    ----------------------------------------
2026-02-23 11:53:50.883983 (3441523) main____ INFO    Memory statistics:
2026-02-23 11:53:50.883988 (3441523) main____ INFO      total physical memory  : 195972064 kB
2026-02-23 11:53:50.883992 (3441523) main____ INFO      free physical memory   : 57307112 kB
2026-02-23 11:53:50.883996 (3441523) main____ INFO      committed address space: 19571932 kB
2026-02-23 11:53:50.884000 (3441523) main____ INFO    ----------------------------------------
2026-02-23 11:53:50.884969 (3441523) main____ INFO    Important environment variables:
2026-02-23 11:53:50.884990 (3441523) main____ INFO      JASPER_HOME       : '/usr/licensed/cadence-20210126/jasper_2021.03'
2026-02-23 11:53:50.884997 (3441523) main____ INFO      JASPER_INSTALL_DIR: '/scratch/gpfs/LICENSED/x86_64/cadence-20210126/jasper_2021.03'
2026-02-23 11:53:50.885002 (3441523) main____ INFO      LANG              : 'en_US.UTF-8'
2026-02-23 11:53:50.885008 (3441523) main____ INFO      LM_LICENSE_FILE   : '5280@license.rc.princeton.edu'
2026-02-23 11:53:50.885013 (3441523) main____ INFO      TMPDIR            : '/tmp/ab2113/jg_5015527_35'
2026-02-23 11:53:50.885017 (3441523) main____ INFO    ----------------------------------------
2026-02-23 11:53:50.885448 (3441523) lic_core INFO    Initializing license system ...
2026-02-23 11:53:50.886283 (3441523) lic_core INFO    ... license system initialized.
2026-02-23 11:53:50.887042 (3441523) lic__man INFO    Claim 'fpv' for <ui>.
2026-02-23 11:53:50.887079 (3441523) lic_core INFO    (1) checking out 'jasper_fpv' ...
2026-02-23 11:53:50.893574 (3441523) lic_core INFO    ... (1) checkout failed (error: -5) ("FLEXnet ERROR(-5, 0, 0): No such feature exists.")
2026-02-23 11:53:50.893627 (3441523) lic_core INFO    (2) checking out 'jasper_fao' ...
2026-02-23 11:53:50.904570 (3441523) lic_core INFO    ... (2) checkout succeeded
2026-02-23 11:53:50.919179 (3441523) session_ INFO    Starting analysis session with session id 'session_0' (launcher: <local>) ...
2026-02-23 11:53:50.921743 (3441523) session_ INFO    Analysis session with session id 'session_0' started (pid: 3441531)
2026-02-23 11:53:51.690168 (3441523) session_ INFO    Analysis session 'session_0' connected to the console (host: 127.0.0.1:53828)
2026-02-23 11:53:52.519715 (3441523) lic__man INFO    Unclaim everything for 'session_0'.
2026-02-23 11:53:52.695588 (3441523) main____ INFO    About to exit: request to exit with status 3 received from analysis session 'session_0'
2026-02-23 11:53:52.766083 (3441523) session_ INFO    Analysis session 'session_0' disconnected.
2026-02-23 11:53:52.766200 (3441523) lic__man INFO    Unclaim everything for 'session_0'.
2026-02-23 11:53:52.766935 (3441523) session_ INFO    Process for analysis session 'session_0' has exited with exit status '3'.
2026-02-23 11:53:54.803811 (3441523) lic_core INFO    (2) checkin jasper_fao
2026-02-23 11:53:54.805501 (3441523) main____ INFO    Exiting with status 3.
