2026-02-23 13:47:05.343799 (1147584) main____ INFO    ----------------------------------------
2026-02-23 13:47:05.343905 (1147584) main____ INFO    JasperGold version info
2026-02-23 13:47:05.343924 (1147584) main____ INFO      tool      : JasperGold 2021.03
2026-02-23 13:47:05.343934 (1147584) main____ INFO      version   : 2021.03 FCS 64 bits
2026-02-23 13:47:05.343938 (1147584) main____ INFO      build date: 2021.03.23 02:50:43 UTC
2026-02-23 13:47:05.343943 (1147584) main____ INFO    ----------------------------------------
2026-02-23 13:47:05.343946 (1147584) main____ INFO    Runtime info:
2026-02-23 13:47:05.343951 (1147584) main____ INFO      platform  : Linux 5.14.0-570.84.1.el9_6.x86_64 x86_64
2026-02-23 13:47:05.343957 (1147584) main____ INFO      hostname  : della-i13n20
2026-02-23 13:47:05.343961 (1147584) main____ INFO      pid       : 1147584
2026-02-23 13:47:05.343965 (1147584) main____ INFO      arguments : '-style' 'windows' '-batch' '-proj' './verification_results/02767/jgproject' '-tcl' './jasper_verif_check.tcl'
2026-02-23 13:47:05.343973 (1147584) main____ INFO      locale    : UTF-8
2026-02-23 13:47:05.343977 (1147584) main____ INFO    ----------------------------------------
2026-02-23 13:47:05.343981 (1147584) main____ INFO    System resource limits info:
2026-02-23 13:47:05.343985 (1147584) main____ INFO      virtual memory: unlimited
2026-02-23 13:47:05.343989 (1147584) main____ INFO      cpu time      : unlimited
2026-02-23 13:47:05.343993 (1147584) main____ INFO      stack size    : unlimited
2026-02-23 13:47:05.343997 (1147584) main____ INFO      core file size: unlimited
2026-02-23 13:47:05.344004 (1147584) main____ INFO      open files    : 131072
2026-02-23 13:47:05.344008 (1147584) main____ INFO      file size     : unlimited
2026-02-23 13:47:05.344012 (1147584) main____ INFO    ----------------------------------------
2026-02-23 13:47:05.344016 (1147584) main____ INFO    Memory statistics:
2026-02-23 13:47:05.344020 (1147584) main____ INFO      total physical memory  : 394157552 kB
2026-02-23 13:47:05.344024 (1147584) main____ INFO      free physical memory   : 193578404 kB
2026-02-23 13:47:05.344027 (1147584) main____ INFO      committed address space: 145548468 kB
2026-02-23 13:47:05.344031 (1147584) main____ INFO    ----------------------------------------
2026-02-23 13:47:05.344959 (1147584) main____ INFO    Important environment variables:
2026-02-23 13:47:05.344984 (1147584) main____ INFO      JASPER_HOME       : '/usr/licensed/cadence-20210126/jasper_2021.03'
2026-02-23 13:47:05.344990 (1147584) main____ INFO      JASPER_INSTALL_DIR: '/scratch/gpfs/LICENSED/x86_64/cadence-20210126/jasper_2021.03'
2026-02-23 13:47:05.344995 (1147584) main____ INFO      LANG              : 'en_US.UTF-8'
2026-02-23 13:47:05.344999 (1147584) main____ INFO      LM_LICENSE_FILE   : '5280@license.rc.princeton.edu'
2026-02-23 13:47:05.345003 (1147584) main____ INFO      TMPDIR            : '/tmp/ab2113/jg_5018948_48'
2026-02-23 13:47:05.345007 (1147584) main____ INFO    ----------------------------------------
2026-02-23 13:47:05.345513 (1147584) lic_core INFO    Initializing license system ...
2026-02-23 13:47:05.346006 (1147584) lic_core INFO    ... license system initialized.
2026-02-23 13:47:05.346792 (1147584) lic__man INFO    Claim 'fpv' for <ui>.
2026-02-23 13:47:05.346834 (1147584) lic_core INFO    (1) checking out 'jasper_fpv' ...
2026-02-23 13:47:05.352687 (1147584) lic_core INFO    ... (1) checkout failed (error: -5) ("FLEXnet ERROR(-5, 0, 0): No such feature exists.")
2026-02-23 13:47:05.352745 (1147584) lic_core INFO    (2) checking out 'jasper_fao' ...
2026-02-23 13:47:05.362800 (1147584) lic_core INFO    ... (2) checkout succeeded
2026-02-23 13:47:05.377125 (1147584) session_ INFO    Starting analysis session with session id 'session_0' (launcher: <local>) ...
2026-02-23 13:47:05.380467 (1147584) session_ INFO    Analysis session with session id 'session_0' started (pid: 1147592)
2026-02-23 13:47:06.127629 (1147584) session_ INFO    Analysis session 'session_0' connected to the console (host: 127.0.0.1:40778)
2026-02-23 13:47:06.697258 (1147584) main____ INFO    About to exit: request to exit with status 1 received from analysis session 'session_0'
2026-02-23 13:47:06.787050 (1147584) session_ INFO    Analysis session 'session_0' disconnected.
2026-02-23 13:47:06.787188 (1147584) lic__man INFO    Unclaim everything for 'session_0'.
2026-02-23 13:47:06.787755 (1147584) session_ INFO    Process for analysis session 'session_0' has exited with exit status '1'.
2026-02-23 13:47:08.602317 (1147584) lic_core INFO    (2) checkin jasper_fao
2026-02-23 13:47:08.603901 (1147584) main____ INFO    Exiting with status 1.
