2026-02-23 14:16:27.325333 (1159715) main____ INFO    ----------------------------------------
2026-02-23 14:16:27.325442 (1159715) main____ INFO    JasperGold version info
2026-02-23 14:16:27.325462 (1159715) main____ INFO      tool      : JasperGold 2021.03
2026-02-23 14:16:27.325472 (1159715) main____ INFO      version   : 2021.03 FCS 64 bits
2026-02-23 14:16:27.325477 (1159715) main____ INFO      build date: 2021.03.23 02:50:43 UTC
2026-02-23 14:16:27.325481 (1159715) main____ INFO    ----------------------------------------
2026-02-23 14:16:27.325485 (1159715) main____ INFO    Runtime info:
2026-02-23 14:16:27.325489 (1159715) main____ INFO      platform  : Linux 5.14.0-570.84.1.el9_6.x86_64 x86_64
2026-02-23 14:16:27.325495 (1159715) main____ INFO      hostname  : della-i13n20
2026-02-23 14:16:27.325500 (1159715) main____ INFO      pid       : 1159715
2026-02-23 14:16:27.325504 (1159715) main____ INFO      arguments : '-style' 'windows' '-batch' '-proj' './verification_results/03879/jgproject' '-tcl' './jasper_verif_check.tcl'
2026-02-23 14:16:27.325513 (1159715) main____ INFO      locale    : UTF-8
2026-02-23 14:16:27.325516 (1159715) main____ INFO    ----------------------------------------
2026-02-23 14:16:27.325520 (1159715) main____ INFO    System resource limits info:
2026-02-23 14:16:27.325524 (1159715) main____ INFO      virtual memory: unlimited
2026-02-23 14:16:27.325528 (1159715) main____ INFO      cpu time      : unlimited
2026-02-23 14:16:27.325533 (1159715) main____ INFO      stack size    : unlimited
2026-02-23 14:16:27.325537 (1159715) main____ INFO      core file size: unlimited
2026-02-23 14:16:27.325543 (1159715) main____ INFO      open files    : 131072
2026-02-23 14:16:27.325547 (1159715) main____ INFO      file size     : unlimited
2026-02-23 14:16:27.325551 (1159715) main____ INFO    ----------------------------------------
2026-02-23 14:16:27.325555 (1159715) main____ INFO    Memory statistics:
2026-02-23 14:16:27.325559 (1159715) main____ INFO      total physical memory  : 394157552 kB
2026-02-23 14:16:27.325563 (1159715) main____ INFO      free physical memory   : 201945232 kB
2026-02-23 14:16:27.325566 (1159715) main____ INFO      committed address space: 149056944 kB
2026-02-23 14:16:27.325570 (1159715) main____ INFO    ----------------------------------------
2026-02-23 14:16:27.326493 (1159715) main____ INFO    Important environment variables:
2026-02-23 14:16:27.326509 (1159715) main____ INFO      JASPER_HOME       : '/usr/licensed/cadence-20210126/jasper_2021.03'
2026-02-23 14:16:27.326515 (1159715) main____ INFO      JASPER_INSTALL_DIR: '/scratch/gpfs/LICENSED/x86_64/cadence-20210126/jasper_2021.03'
2026-02-23 14:16:27.326520 (1159715) main____ INFO      LANG              : 'en_US.UTF-8'
2026-02-23 14:16:27.326525 (1159715) main____ INFO      LM_LICENSE_FILE   : '5280@license.rc.princeton.edu'
2026-02-23 14:16:27.326529 (1159715) main____ INFO      TMPDIR            : '/tmp/ab2113/jg_5019072_70'
2026-02-23 14:16:27.326533 (1159715) main____ INFO    ----------------------------------------
2026-02-23 14:16:27.327425 (1159715) lic_core INFO    Initializing license system ...
2026-02-23 14:16:27.328732 (1159715) lic_core INFO    ... license system initialized.
2026-02-23 14:16:27.329536 (1159715) lic__man INFO    Claim 'fpv' for <ui>.
2026-02-23 14:16:27.329587 (1159715) lic_core INFO    (1) checking out 'jasper_fpv' ...
2026-02-23 14:16:27.335579 (1159715) lic_core INFO    ... (1) checkout failed (error: -5) ("FLEXnet ERROR(-5, 0, 0): No such feature exists.")
2026-02-23 14:16:27.335639 (1159715) lic_core INFO    (2) checking out 'jasper_fao' ...
2026-02-23 14:16:27.345565 (1159715) lic_core INFO    ... (2) checkout succeeded
2026-02-23 14:16:27.359462 (1159715) session_ INFO    Starting analysis session with session id 'session_0' (launcher: <local>) ...
2026-02-23 14:16:27.362969 (1159715) session_ INFO    Analysis session with session id 'session_0' started (pid: 1159723)
2026-02-23 14:16:28.083703 (1159715) session_ INFO    Analysis session 'session_0' connected to the console (host: 127.0.0.1:37158)
2026-02-23 14:16:28.991229 (1159715) main____ INFO    About to exit: request to exit with status 1 received from analysis session 'session_0'
2026-02-23 14:16:29.074561 (1159715) session_ INFO    Analysis session 'session_0' disconnected.
2026-02-23 14:16:29.074697 (1159715) lic__man INFO    Unclaim everything for 'session_0'.
2026-02-23 14:16:29.075332 (1159715) session_ INFO    Process for analysis session 'session_0' has exited with exit status '1'.
2026-02-23 14:16:31.048477 (1159715) lic_core INFO    (2) checkin jasper_fao
2026-02-23 14:16:31.050068 (1159715) main____ INFO    Exiting with status 1.
