2026-02-23 13:41:18.100388 (2074242) main____ INFO    ----------------------------------------
2026-02-23 13:41:18.100484 (2074242) main____ INFO    JasperGold version info
2026-02-23 13:41:18.100502 (2074242) main____ INFO      tool      : JasperGold 2021.03
2026-02-23 13:41:18.100511 (2074242) main____ INFO      version   : 2021.03 FCS 64 bits
2026-02-23 13:41:18.100516 (2074242) main____ INFO      build date: 2021.03.23 02:50:43 UTC
2026-02-23 13:41:18.100522 (2074242) main____ INFO    ----------------------------------------
2026-02-23 13:41:18.100527 (2074242) main____ INFO    Runtime info:
2026-02-23 13:41:18.100531 (2074242) main____ INFO      platform  : Linux 5.14.0-570.84.1.el9_6.x86_64 x86_64
2026-02-23 13:41:18.100538 (2074242) main____ INFO      hostname  : della-r3c1n15
2026-02-23 13:41:18.100543 (2074242) main____ INFO      pid       : 2074242
2026-02-23 13:41:18.100548 (2074242) main____ INFO      arguments : '-style' 'windows' '-batch' '-proj' './verification_results/01381/jgproject' '-tcl' './jasper_verif_check.tcl'
2026-02-23 13:41:18.100556 (2074242) main____ INFO      locale    : UTF-8
2026-02-23 13:41:18.100561 (2074242) main____ INFO    ----------------------------------------
2026-02-23 13:41:18.100565 (2074242) main____ INFO    System resource limits info:
2026-02-23 13:41:18.100570 (2074242) main____ INFO      virtual memory: unlimited
2026-02-23 13:41:18.100574 (2074242) main____ INFO      cpu time      : unlimited
2026-02-23 13:41:18.100579 (2074242) main____ INFO      stack size    : unlimited
2026-02-23 13:41:18.100583 (2074242) main____ INFO      core file size: unlimited
2026-02-23 13:41:18.100591 (2074242) main____ INFO      open files    : 131072
2026-02-23 13:41:18.100596 (2074242) main____ INFO      file size     : unlimited
2026-02-23 13:41:18.100600 (2074242) main____ INFO    ----------------------------------------
2026-02-23 13:41:18.100605 (2074242) main____ INFO    Memory statistics:
2026-02-23 13:41:18.100609 (2074242) main____ INFO      total physical memory  : 195972072 kB
2026-02-23 13:41:18.100614 (2074242) main____ INFO      free physical memory   : 106725828 kB
2026-02-23 13:41:18.100618 (2074242) main____ INFO      committed address space: 17052408 kB
2026-02-23 13:41:18.100622 (2074242) main____ INFO    ----------------------------------------
2026-02-23 13:41:18.101650 (2074242) main____ INFO    Important environment variables:
2026-02-23 13:41:18.101667 (2074242) main____ INFO      JASPER_HOME       : '/usr/licensed/cadence-20210126/jasper_2021.03'
2026-02-23 13:41:18.101673 (2074242) main____ INFO      JASPER_INSTALL_DIR: '/scratch/gpfs/LICENSED/x86_64/cadence-20210126/jasper_2021.03'
2026-02-23 13:41:18.101679 (2074242) main____ INFO      LANG              : 'en_US.UTF-8'
2026-02-23 13:41:18.101685 (2074242) main____ INFO      LM_LICENSE_FILE   : '5280@license.rc.princeton.edu'
2026-02-23 13:41:18.101690 (2074242) main____ INFO      TMPDIR            : '/tmp/ab2113/jg_5018834_20'
2026-02-23 13:41:18.101694 (2074242) main____ INFO    ----------------------------------------
2026-02-23 13:41:18.102612 (2074242) lic_core INFO    Initializing license system ...
2026-02-23 13:41:18.103128 (2074242) lic_core INFO    ... license system initialized.
2026-02-23 13:41:18.103986 (2074242) lic__man INFO    Claim 'fpv' for <ui>.
2026-02-23 13:41:18.104033 (2074242) lic_core INFO    (1) checking out 'jasper_fpv' ...
2026-02-23 13:41:18.110194 (2074242) lic_core INFO    ... (1) checkout failed (error: -5) ("FLEXnet ERROR(-5, 0, 0): No such feature exists.")
2026-02-23 13:41:18.110251 (2074242) lic_core INFO    (2) checking out 'jasper_fao' ...
2026-02-23 13:41:18.121653 (2074242) lic_core INFO    ... (2) checkout succeeded
2026-02-23 13:41:18.138126 (2074242) session_ INFO    Starting analysis session with session id 'session_0' (launcher: <local>) ...
2026-02-23 13:41:18.141616 (2074242) session_ INFO    Analysis session with session id 'session_0' started (pid: 2074250)
2026-02-23 13:41:18.860257 (2074242) session_ INFO    Analysis session 'session_0' connected to the console (host: 127.0.0.1:43634)
2026-02-23 13:41:19.827458 (2074242) lic__man INFO    Unclaim everything for 'session_0'.
2026-02-23 13:41:19.931800 (2074242) lic__man INFO    Claim 'fpv' for 'session_0'.
2026-02-23 13:41:19.931852 (2074242) lic__man INFO    Claim 'fpv' for 'session_0/prove-0'.
2026-02-23 13:41:20.092967 (2074242) lic__man INFO    Unclaim everything for 'session_0/prove-0'.
2026-02-23 13:41:20.152379 (2074242) main____ INFO    About to exit: request to exit with status 0 received from analysis session 'session_0'
2026-02-23 13:41:20.252619 (2074242) session_ INFO    Analysis session 'session_0' disconnected.
2026-02-23 13:41:20.252742 (2074242) lic__man INFO    Unclaim everything for 'session_0'.
2026-02-23 13:41:20.254776 (2074242) session_ INFO    Process for analysis session 'session_0' has exited with exit status '0'.
2026-02-23 13:41:22.261596 (2074242) lic_core INFO    (2) checkin jasper_fao
2026-02-23 13:41:22.263164 (2074242) main____ INFO    Exiting with status 0.
