2026-02-20 17:39:03.436867 (2541302) main____ INFO    ----------------------------------------
2026-02-20 17:39:03.436996 (2541302) main____ INFO    JasperGold version info
2026-02-20 17:39:03.437019 (2541302) main____ INFO      tool      : JasperGold 2021.03
2026-02-20 17:39:03.437031 (2541302) main____ INFO      version   : 2021.03 FCS 64 bits
2026-02-20 17:39:03.437036 (2541302) main____ INFO      build date: 2021.03.23 02:50:43 UTC
2026-02-20 17:39:03.437041 (2541302) main____ INFO    ----------------------------------------
2026-02-20 17:39:03.437045 (2541302) main____ INFO    Runtime info:
2026-02-20 17:39:03.437049 (2541302) main____ INFO      platform  : Linux 5.14.0-570.84.1.el9_6.x86_64 x86_64
2026-02-20 17:39:03.437056 (2541302) main____ INFO      hostname  : della-i13n22
2026-02-20 17:39:03.437060 (2541302) main____ INFO      pid       : 2541302
2026-02-20 17:39:03.437064 (2541302) main____ INFO      arguments : '-style' 'windows' '-batch' '-proj' 'verification_results/00323/jgproject' '-tcl' './jasper_verif_check.tcl'
2026-02-20 17:39:03.437073 (2541302) main____ INFO      locale    : UTF-8
2026-02-20 17:39:03.437076 (2541302) main____ INFO    ----------------------------------------
2026-02-20 17:39:03.437080 (2541302) main____ INFO    System resource limits info:
2026-02-20 17:39:03.437084 (2541302) main____ INFO      virtual memory: unlimited
2026-02-20 17:39:03.437088 (2541302) main____ INFO      cpu time      : unlimited
2026-02-20 17:39:03.437092 (2541302) main____ INFO      stack size    : unlimited
2026-02-20 17:39:03.437096 (2541302) main____ INFO      core file size: unlimited
2026-02-20 17:39:03.437103 (2541302) main____ INFO      open files    : 131072
2026-02-20 17:39:03.437108 (2541302) main____ INFO      file size     : unlimited
2026-02-20 17:39:03.437111 (2541302) main____ INFO    ----------------------------------------
2026-02-20 17:39:03.437115 (2541302) main____ INFO    Memory statistics:
2026-02-20 17:39:03.437119 (2541302) main____ INFO      total physical memory  : 394157548 kB
2026-02-20 17:39:03.437123 (2541302) main____ INFO      free physical memory   : 191789656 kB
2026-02-20 17:39:03.437127 (2541302) main____ INFO      committed address space: 167165684 kB
2026-02-20 17:39:03.437131 (2541302) main____ INFO    ----------------------------------------
2026-02-20 17:39:03.438021 (2541302) main____ INFO    Important environment variables:
2026-02-20 17:39:03.438043 (2541302) main____ INFO      JASPER_HOME       : '/usr/licensed/cadence-20210126/jasper_2021.03'
2026-02-20 17:39:03.438049 (2541302) main____ INFO      JASPER_INSTALL_DIR: '/scratch/gpfs/LICENSED/x86_64/cadence-20210126/jasper_2021.03'
2026-02-20 17:39:03.438054 (2541302) main____ INFO      LANG              : 'en_US.UTF-8'
2026-02-20 17:39:03.438059 (2541302) main____ INFO      LM_LICENSE_FILE   : '5280@license.rc.princeton.edu'
2026-02-20 17:39:03.438064 (2541302) main____ INFO      TMPDIR            : '/tmp'
2026-02-20 17:39:03.438069 (2541302) main____ INFO    ----------------------------------------
2026-02-20 17:39:03.438654 (2541302) lic_core INFO    Initializing license system ...
2026-02-20 17:39:03.439631 (2541302) lic_core INFO    ... license system initialized.
2026-02-20 17:39:03.440506 (2541302) lic__man INFO    Claim 'fpv' for <ui>.
2026-02-20 17:39:03.440553 (2541302) lic_core INFO    (1) checking out 'jasper_fpv' ...
2026-02-20 17:39:03.447242 (2541302) lic_core INFO    ... (1) checkout failed (error: -5) ("FLEXnet ERROR(-5, 0, 0): No such feature exists.")
2026-02-20 17:39:03.447312 (2541302) lic_core INFO    (2) checking out 'jasper_fao' ...
2026-02-20 17:39:03.457628 (2541302) lic_core INFO    ... (2) checkout succeeded
2026-02-20 17:39:03.473042 (2541302) session_ INFO    Starting analysis session with session id 'session_0' (launcher: <local>) ...
2026-02-20 17:39:03.476734 (2541302) session_ INFO    Analysis session with session id 'session_0' started (pid: 2541310)
2026-02-20 17:39:04.230684 (2541302) session_ INFO    Analysis session 'session_0' connected to the console (host: 127.0.0.1:59034)
2026-02-20 17:39:04.810522 (2541302) main____ INFO    About to exit: request to exit with status 1 received from analysis session 'session_0'
2026-02-20 17:39:04.901955 (2541302) session_ INFO    Analysis session 'session_0' disconnected.
2026-02-20 17:39:04.902093 (2541302) lic__man INFO    Unclaim everything for 'session_0'.
2026-02-20 17:39:04.902749 (2541302) session_ INFO    Process for analysis session 'session_0' has exited with exit status '1'.
2026-02-20 17:39:06.917293 (2541302) lic_core INFO    (2) checkin jasper_fao
2026-02-20 17:39:06.918945 (2541302) main____ INFO    Exiting with status 1.
