2026-02-23 14:11:35.374005 (3192448) main____ INFO    ----------------------------------------
2026-02-23 14:11:35.374079 (3192448) main____ INFO    JasperGold version info
2026-02-23 14:11:35.374094 (3192448) main____ INFO      tool      : JasperGold 2021.03
2026-02-23 14:11:35.374102 (3192448) main____ INFO      version   : 2021.03 FCS 64 bits
2026-02-23 14:11:35.374107 (3192448) main____ INFO      build date: 2021.03.23 02:50:43 UTC
2026-02-23 14:11:35.374111 (3192448) main____ INFO    ----------------------------------------
2026-02-23 14:11:35.374116 (3192448) main____ INFO    Runtime info:
2026-02-23 14:11:35.374120 (3192448) main____ INFO      platform  : Linux 5.14.0-570.84.1.el9_6.x86_64 x86_64
2026-02-23 14:11:35.374126 (3192448) main____ INFO      hostname  : della-r3c3n1
2026-02-23 14:11:35.374131 (3192448) main____ INFO      pid       : 3192448
2026-02-23 14:11:35.374136 (3192448) main____ INFO      arguments : '-style' 'windows' '-batch' '-proj' './verification_results/04651/jgproject' '-tcl' './jasper_verif_check.tcl'
2026-02-23 14:11:35.374144 (3192448) main____ INFO      locale    : UTF-8
2026-02-23 14:11:35.374148 (3192448) main____ INFO    ----------------------------------------
2026-02-23 14:11:35.374153 (3192448) main____ INFO    System resource limits info:
2026-02-23 14:11:35.374157 (3192448) main____ INFO      virtual memory: unlimited
2026-02-23 14:11:35.374162 (3192448) main____ INFO      cpu time      : unlimited
2026-02-23 14:11:35.374166 (3192448) main____ INFO      stack size    : unlimited
2026-02-23 14:11:35.374170 (3192448) main____ INFO      core file size: unlimited
2026-02-23 14:11:35.374177 (3192448) main____ INFO      open files    : 131072
2026-02-23 14:11:35.374181 (3192448) main____ INFO      file size     : unlimited
2026-02-23 14:11:35.374185 (3192448) main____ INFO    ----------------------------------------
2026-02-23 14:11:35.374189 (3192448) main____ INFO    Memory statistics:
2026-02-23 14:11:35.374194 (3192448) main____ INFO      total physical memory  : 195972176 kB
2026-02-23 14:11:35.374198 (3192448) main____ INFO      free physical memory   : 108998176 kB
2026-02-23 14:11:35.374202 (3192448) main____ INFO      committed address space: 36972924 kB
2026-02-23 14:11:35.374206 (3192448) main____ INFO    ----------------------------------------
2026-02-23 14:11:35.375154 (3192448) main____ INFO    Important environment variables:
2026-02-23 14:11:35.375168 (3192448) main____ INFO      JASPER_HOME       : '/usr/licensed/cadence-20210126/jasper_2021.03'
2026-02-23 14:11:35.375174 (3192448) main____ INFO      JASPER_INSTALL_DIR: '/scratch/gpfs/LICENSED/x86_64/cadence-20210126/jasper_2021.03'
2026-02-23 14:11:35.375180 (3192448) main____ INFO      LANG              : 'en_US.UTF-8'
2026-02-23 14:11:35.375185 (3192448) main____ INFO      LM_LICENSE_FILE   : '5280@license.rc.princeton.edu'
2026-02-23 14:11:35.375190 (3192448) main____ INFO      TMPDIR            : '/tmp/ab2113/jg_5019172_85'
2026-02-23 14:11:35.375194 (3192448) main____ INFO    ----------------------------------------
2026-02-23 14:11:35.375601 (3192448) lic_core INFO    Initializing license system ...
2026-02-23 14:11:35.376363 (3192448) lic_core INFO    ... license system initialized.
2026-02-23 14:11:35.377081 (3192448) lic__man INFO    Claim 'fpv' for <ui>.
2026-02-23 14:11:35.377117 (3192448) lic_core INFO    (1) checking out 'jasper_fpv' ...
2026-02-23 14:11:35.382535 (3192448) lic_core INFO    ... (1) checkout failed (error: -5) ("FLEXnet ERROR(-5, 0, 0): No such feature exists.")
2026-02-23 14:11:35.382562 (3192448) lic_core INFO    (2) checking out 'jasper_fao' ...
2026-02-23 14:11:35.392979 (3192448) lic_core INFO    ... (2) checkout succeeded
2026-02-23 14:11:35.406911 (3192448) session_ INFO    Starting analysis session with session id 'session_0' (launcher: <local>) ...
2026-02-23 14:11:35.409449 (3192448) session_ INFO    Analysis session with session id 'session_0' started (pid: 3192462)
2026-02-23 14:11:36.100388 (3192448) session_ INFO    Analysis session 'session_0' connected to the console (host: 127.0.0.1:50578)
2026-02-23 14:11:36.743476 (3192448) main____ INFO    About to exit: request to exit with status 1 received from analysis session 'session_0'
2026-02-23 14:11:36.812441 (3192448) session_ INFO    Analysis session 'session_0' disconnected.
2026-02-23 14:11:36.812557 (3192448) lic__man INFO    Unclaim everything for 'session_0'.
2026-02-23 14:11:36.813287 (3192448) session_ INFO    Process for analysis session 'session_0' has exited with exit status '1'.
2026-02-23 14:11:38.647667 (3192448) lic_core INFO    (2) checkin jasper_fao
2026-02-23 14:11:38.649320 (3192448) main____ INFO    Exiting with status 1.
