2026-02-23 13:48:10.575817 (137996) main____ INFO    ----------------------------------------
2026-02-23 13:48:10.575918 (137996) main____ INFO    JasperGold version info
2026-02-23 13:48:10.575938 (137996) main____ INFO      tool      : JasperGold 2021.03
2026-02-23 13:48:10.575949 (137996) main____ INFO      version   : 2021.03 FCS 64 bits
2026-02-23 13:48:10.575955 (137996) main____ INFO      build date: 2021.03.23 02:50:43 UTC
2026-02-23 13:48:10.575962 (137996) main____ INFO    ----------------------------------------
2026-02-23 13:48:10.575967 (137996) main____ INFO    Runtime info:
2026-02-23 13:48:10.575972 (137996) main____ INFO      platform  : Linux 5.14.0-570.84.1.el9_6.x86_64 x86_64
2026-02-23 13:48:10.575978 (137996) main____ INFO      hostname  : della-h14n2
2026-02-23 13:48:10.575984 (137996) main____ INFO      pid       : 137996
2026-02-23 13:48:10.575990 (137996) main____ INFO      arguments : '-style' 'windows' '-batch' '-proj' './verification_results/02459/jgproject' '-tcl' './jasper_verif_check.tcl'
2026-02-23 13:48:10.576000 (137996) main____ INFO      locale    : UTF-8
2026-02-23 13:48:10.576006 (137996) main____ INFO    ----------------------------------------
2026-02-23 13:48:10.576012 (137996) main____ INFO    System resource limits info:
2026-02-23 13:48:10.576017 (137996) main____ INFO      virtual memory: unlimited
2026-02-23 13:48:10.576022 (137996) main____ INFO      cpu time      : unlimited
2026-02-23 13:48:10.576028 (137996) main____ INFO      stack size    : unlimited
2026-02-23 13:48:10.576034 (137996) main____ INFO      core file size: unlimited
2026-02-23 13:48:10.576043 (137996) main____ INFO      open files    : 131072
2026-02-23 13:48:10.576049 (137996) main____ INFO      file size     : unlimited
2026-02-23 13:48:10.576055 (137996) main____ INFO    ----------------------------------------
2026-02-23 13:48:10.576062 (137996) main____ INFO    Memory statistics:
2026-02-23 13:48:10.576067 (137996) main____ INFO      total physical memory  : 1584164328 kB
2026-02-23 13:48:10.576072 (137996) main____ INFO      free physical memory   : 742404884 kB
2026-02-23 13:48:10.576077 (137996) main____ INFO      committed address space: 683454904 kB
2026-02-23 13:48:10.576082 (137996) main____ INFO    ----------------------------------------
2026-02-23 13:48:10.576617 (137996) main____ INFO    Important environment variables:
2026-02-23 13:48:10.576633 (137996) main____ INFO      JASPER_HOME       : '/usr/licensed/cadence-20210126/jasper_2021.03'
2026-02-23 13:48:10.576640 (137996) main____ INFO      JASPER_INSTALL_DIR: '/scratch/gpfs/LICENSED/x86_64/cadence-20210126/jasper_2021.03'
2026-02-23 13:48:10.576645 (137996) main____ INFO      LANG              : 'en_US.UTF-8'
2026-02-23 13:48:10.576651 (137996) main____ INFO      LM_LICENSE_FILE   : '5280@license.rc.princeton.edu'
2026-02-23 13:48:10.576658 (137996) main____ INFO      TMPDIR            : '/tmp/ab2113/jg_5018913_41'
2026-02-23 13:48:10.576663 (137996) main____ INFO    ----------------------------------------
2026-02-23 13:48:10.577261 (137996) lic_core INFO    Initializing license system ...
2026-02-23 13:48:10.577820 (137996) lic_core INFO    ... license system initialized.
2026-02-23 13:48:10.578575 (137996) lic__man INFO    Claim 'fpv' for <ui>.
2026-02-23 13:48:10.578609 (137996) lic_core INFO    (1) checking out 'jasper_fpv' ...
2026-02-23 13:48:10.584598 (137996) lic_core INFO    ... (1) checkout failed (error: -5) ("FLEXnet ERROR(-5, 0, 0): No such feature exists.")
2026-02-23 13:48:10.584627 (137996) lic_core INFO    (2) checking out 'jasper_fao' ...
2026-02-23 13:48:10.593088 (137996) lic_core INFO    ... (2) checkout succeeded
2026-02-23 13:48:10.604120 (137996) session_ INFO    Starting analysis session with session id 'session_0' (launcher: <local>) ...
2026-02-23 13:48:10.607080 (137996) session_ INFO    Analysis session with session id 'session_0' started (pid: 138004)
2026-02-23 13:48:11.245238 (137996) session_ INFO    Analysis session 'session_0' connected to the console (host: 127.0.0.1:39552)
2026-02-23 13:48:12.035322 (137996) lic__man INFO    Unclaim everything for 'session_0'.
2026-02-23 13:48:12.070142 (137996) lic__man INFO    Claim 'fpv' for 'session_0'.
2026-02-23 13:48:12.070185 (137996) lic__man INFO    Claim 'fpv' for 'session_0/prove-0'.
2026-02-23 13:48:12.224507 (137996) lic__man INFO    Unclaim everything for 'session_0/prove-0'.
2026-02-23 13:48:12.277889 (137996) main____ INFO    About to exit: request to exit with status 0 received from analysis session 'session_0'
2026-02-23 13:48:12.337193 (137996) session_ INFO    Analysis session 'session_0' disconnected.
2026-02-23 13:48:12.337319 (137996) lic__man INFO    Unclaim everything for 'session_0'.
2026-02-23 13:48:12.338272 (137996) session_ INFO    Process for analysis session 'session_0' has exited with exit status '0'.
2026-02-23 13:48:14.388177 (137996) lic_core INFO    (2) checkin jasper_fao
2026-02-23 13:48:14.389506 (137996) main____ INFO    Exiting with status 0.
