2026-02-23 13:45:38.310306 (1379929) main____ INFO    ----------------------------------------
2026-02-23 13:45:38.310433 (1379929) main____ INFO    JasperGold version info
2026-02-23 13:45:38.310454 (1379929) main____ INFO      tool      : JasperGold 2021.03
2026-02-23 13:45:38.310465 (1379929) main____ INFO      version   : 2021.03 FCS 64 bits
2026-02-23 13:45:38.310470 (1379929) main____ INFO      build date: 2021.03.23 02:50:43 UTC
2026-02-23 13:45:38.310474 (1379929) main____ INFO    ----------------------------------------
2026-02-23 13:45:38.310478 (1379929) main____ INFO    Runtime info:
2026-02-23 13:45:38.310483 (1379929) main____ INFO      platform  : Linux 5.14.0-570.84.1.el9_6.x86_64 x86_64
2026-02-23 13:45:38.310490 (1379929) main____ INFO      hostname  : della-r3c3n3
2026-02-23 13:45:38.310495 (1379929) main____ INFO      pid       : 1379929
2026-02-23 13:45:38.310499 (1379929) main____ INFO      arguments : '-style' 'windows' '-batch' '-proj' './verification_results/02227/jgproject' '-tcl' './jasper_verif_check.tcl'
2026-02-23 13:45:38.310508 (1379929) main____ INFO      locale    : UTF-8
2026-02-23 13:45:38.310512 (1379929) main____ INFO    ----------------------------------------
2026-02-23 13:45:38.310517 (1379929) main____ INFO    System resource limits info:
2026-02-23 13:45:38.310522 (1379929) main____ INFO      virtual memory: unlimited
2026-02-23 13:45:38.310526 (1379929) main____ INFO      cpu time      : unlimited
2026-02-23 13:45:38.310531 (1379929) main____ INFO      stack size    : unlimited
2026-02-23 13:45:38.310535 (1379929) main____ INFO      core file size: unlimited
2026-02-23 13:45:38.310543 (1379929) main____ INFO      open files    : 131072
2026-02-23 13:45:38.310548 (1379929) main____ INFO      file size     : unlimited
2026-02-23 13:45:38.310552 (1379929) main____ INFO    ----------------------------------------
2026-02-23 13:45:38.310556 (1379929) main____ INFO    Memory statistics:
2026-02-23 13:45:38.310561 (1379929) main____ INFO      total physical memory  : 195972168 kB
2026-02-23 13:45:38.310565 (1379929) main____ INFO      free physical memory   : 110100536 kB
2026-02-23 13:45:38.310569 (1379929) main____ INFO      committed address space: 57617620 kB
2026-02-23 13:45:38.310573 (1379929) main____ INFO    ----------------------------------------
2026-02-23 13:45:38.311587 (1379929) main____ INFO    Important environment variables:
2026-02-23 13:45:38.311612 (1379929) main____ INFO      JASPER_HOME       : '/usr/licensed/cadence-20210126/jasper_2021.03'
2026-02-23 13:45:38.311618 (1379929) main____ INFO      JASPER_INSTALL_DIR: '/scratch/gpfs/LICENSED/x86_64/cadence-20210126/jasper_2021.03'
2026-02-23 13:45:38.311623 (1379929) main____ INFO      LANG              : 'en_US.UTF-8'
2026-02-23 13:45:38.311629 (1379929) main____ INFO      LM_LICENSE_FILE   : '5280@license.rc.princeton.edu'
2026-02-23 13:45:38.311633 (1379929) main____ INFO      TMPDIR            : '/tmp/ab2113/jg_5018902_37'
2026-02-23 13:45:38.311638 (1379929) main____ INFO    ----------------------------------------
2026-02-23 13:45:38.312584 (1379929) lic_core INFO    Initializing license system ...
2026-02-23 13:45:38.313523 (1379929) lic_core INFO    ... license system initialized.
2026-02-23 13:45:38.314435 (1379929) lic__man INFO    Claim 'fpv' for <ui>.
2026-02-23 13:45:38.314489 (1379929) lic_core INFO    (1) checking out 'jasper_fpv' ...
2026-02-23 13:45:38.319689 (1379929) lic_core INFO    ... (1) checkout failed (error: -5) ("FLEXnet ERROR(-5, 0, 0): No such feature exists.")
2026-02-23 13:45:38.319754 (1379929) lic_core INFO    (2) checking out 'jasper_fao' ...
2026-02-23 13:45:38.330166 (1379929) lic_core INFO    ... (2) checkout succeeded
2026-02-23 13:45:38.345992 (1379929) session_ INFO    Starting analysis session with session id 'session_0' (launcher: <local>) ...
2026-02-23 13:45:38.349397 (1379929) session_ INFO    Analysis session with session id 'session_0' started (pid: 1379937)
2026-02-23 13:45:39.122194 (1379929) session_ INFO    Analysis session 'session_0' connected to the console (host: 127.0.0.1:58802)
2026-02-23 13:45:39.722542 (1379929) main____ INFO    About to exit: request to exit with status 1 received from analysis session 'session_0'
2026-02-23 13:45:39.817727 (1379929) session_ INFO    Analysis session 'session_0' disconnected.
2026-02-23 13:45:39.817863 (1379929) lic__man INFO    Unclaim everything for 'session_0'.
2026-02-23 13:45:39.818238 (1379929) session_ INFO    Process for analysis session 'session_0' has exited with exit status '1'.
2026-02-23 13:45:41.627397 (1379929) lic_core INFO    (2) checkin jasper_fao
2026-02-23 13:45:41.629136 (1379929) main____ INFO    Exiting with status 1.
