2026-02-23 13:39:09.686411 (1447495) main____ INFO    ----------------------------------------
2026-02-23 13:39:09.686507 (1447495) main____ INFO    JasperGold version info
2026-02-23 13:39:09.686529 (1447495) main____ INFO      tool      : JasperGold 2021.03
2026-02-23 13:39:09.686540 (1447495) main____ INFO      version   : 2021.03 FCS 64 bits
2026-02-23 13:39:09.686545 (1447495) main____ INFO      build date: 2021.03.23 02:50:43 UTC
2026-02-23 13:39:09.686550 (1447495) main____ INFO    ----------------------------------------
2026-02-23 13:39:09.686555 (1447495) main____ INFO    Runtime info:
2026-02-23 13:39:09.686560 (1447495) main____ INFO      platform  : Linux 5.14.0-570.84.1.el9_6.x86_64 x86_64
2026-02-23 13:39:09.686565 (1447495) main____ INFO      hostname  : della-h14n5
2026-02-23 13:39:09.686571 (1447495) main____ INFO      pid       : 1447495
2026-02-23 13:39:09.686576 (1447495) main____ INFO      arguments : '-style' 'windows' '-batch' '-proj' './verification_results/00976/jgproject' '-tcl' './jasper_verif_check.tcl'
2026-02-23 13:39:09.686585 (1447495) main____ INFO      locale    : UTF-8
2026-02-23 13:39:09.686590 (1447495) main____ INFO    ----------------------------------------
2026-02-23 13:39:09.686595 (1447495) main____ INFO    System resource limits info:
2026-02-23 13:39:09.686600 (1447495) main____ INFO      virtual memory: unlimited
2026-02-23 13:39:09.686604 (1447495) main____ INFO      cpu time      : unlimited
2026-02-23 13:39:09.686611 (1447495) main____ INFO      stack size    : unlimited
2026-02-23 13:39:09.686616 (1447495) main____ INFO      core file size: unlimited
2026-02-23 13:39:09.686622 (1447495) main____ INFO      open files    : 131072
2026-02-23 13:39:09.686628 (1447495) main____ INFO      file size     : unlimited
2026-02-23 13:39:09.686633 (1447495) main____ INFO    ----------------------------------------
2026-02-23 13:39:09.686638 (1447495) main____ INFO    Memory statistics:
2026-02-23 13:39:09.686644 (1447495) main____ INFO      total physical memory  : 1584164368 kB
2026-02-23 13:39:09.686649 (1447495) main____ INFO      free physical memory   : 702533788 kB
2026-02-23 13:39:09.686654 (1447495) main____ INFO      committed address space: 533283752 kB
2026-02-23 13:39:09.686659 (1447495) main____ INFO    ----------------------------------------
2026-02-23 13:39:09.687161 (1447495) main____ INFO    Important environment variables:
2026-02-23 13:39:09.687173 (1447495) main____ INFO      JASPER_HOME       : '/usr/licensed/cadence-20210126/jasper_2021.03'
2026-02-23 13:39:09.687179 (1447495) main____ INFO      JASPER_INSTALL_DIR: '/scratch/gpfs/LICENSED/x86_64/cadence-20210126/jasper_2021.03'
2026-02-23 13:39:09.687185 (1447495) main____ INFO      LANG              : 'en_US.UTF-8'
2026-02-23 13:39:09.687191 (1447495) main____ INFO      LM_LICENSE_FILE   : '5280@license.rc.princeton.edu'
2026-02-23 13:39:09.687196 (1447495) main____ INFO      TMPDIR            : '/tmp/ab2113/jg_5018806_12'
2026-02-23 13:39:09.687201 (1447495) main____ INFO    ----------------------------------------
2026-02-23 13:39:09.687581 (1447495) lic_core INFO    Initializing license system ...
2026-02-23 13:39:09.688104 (1447495) lic_core INFO    ... license system initialized.
2026-02-23 13:39:09.688819 (1447495) lic__man INFO    Claim 'fpv' for <ui>.
2026-02-23 13:39:09.688850 (1447495) lic_core INFO    (1) checking out 'jasper_fpv' ...
2026-02-23 13:39:09.694808 (1447495) lic_core INFO    ... (1) checkout failed (error: -5) ("FLEXnet ERROR(-5, 0, 0): No such feature exists.")
2026-02-23 13:39:09.694838 (1447495) lic_core INFO    (2) checking out 'jasper_fao' ...
2026-02-23 13:39:09.703304 (1447495) lic_core INFO    ... (2) checkout succeeded
2026-02-23 13:39:09.713455 (1447495) session_ INFO    Starting analysis session with session id 'session_0' (launcher: <local>) ...
2026-02-23 13:39:09.716596 (1447495) session_ INFO    Analysis session with session id 'session_0' started (pid: 1447627)
2026-02-23 13:39:10.279594 (1447495) session_ INFO    Analysis session 'session_0' connected to the console (host: 127.0.0.1:36806)
2026-02-23 13:39:11.090517 (1447495) main____ INFO    About to exit: request to exit with status 1 received from analysis session 'session_0'
2026-02-23 13:39:11.143927 (1447495) session_ INFO    Analysis session 'session_0' disconnected.
2026-02-23 13:39:11.144082 (1447495) lic__man INFO    Unclaim everything for 'session_0'.
2026-02-23 13:39:11.144790 (1447495) session_ INFO    Process for analysis session 'session_0' has exited with exit status '1'.
2026-02-23 13:39:13.084086 (1447495) lic_core INFO    (2) checkin jasper_fao
2026-02-23 13:39:13.086174 (1447495) main____ INFO    Exiting with status 1.
