2026-02-23 13:48:09.337436 (1949772) main____ INFO    ----------------------------------------
2026-02-23 13:48:09.337553 (1949772) main____ INFO    JasperGold version info
2026-02-23 13:48:09.337572 (1949772) main____ INFO      tool      : JasperGold 2021.03
2026-02-23 13:48:09.337580 (1949772) main____ INFO      version   : 2021.03 FCS 64 bits
2026-02-23 13:48:09.337585 (1949772) main____ INFO      build date: 2021.03.23 02:50:43 UTC
2026-02-23 13:48:09.337590 (1949772) main____ INFO    ----------------------------------------
2026-02-23 13:48:09.337594 (1949772) main____ INFO    Runtime info:
2026-02-23 13:48:09.337599 (1949772) main____ INFO      platform  : Linux 5.14.0-570.84.1.el9_6.x86_64 x86_64
2026-02-23 13:48:09.337605 (1949772) main____ INFO      hostname  : della-r3c1n5
2026-02-23 13:48:09.337610 (1949772) main____ INFO      pid       : 1949772
2026-02-23 13:48:09.337615 (1949772) main____ INFO      arguments : '-style' 'windows' '-batch' '-proj' './verification_results/02825/jgproject' '-tcl' './jasper_verif_check.tcl'
2026-02-23 13:48:09.337623 (1949772) main____ INFO      locale    : UTF-8
2026-02-23 13:48:09.337628 (1949772) main____ INFO    ----------------------------------------
2026-02-23 13:48:09.337632 (1949772) main____ INFO    System resource limits info:
2026-02-23 13:48:09.337636 (1949772) main____ INFO      virtual memory: unlimited
2026-02-23 13:48:09.337640 (1949772) main____ INFO      cpu time      : unlimited
2026-02-23 13:48:09.337645 (1949772) main____ INFO      stack size    : unlimited
2026-02-23 13:48:09.337649 (1949772) main____ INFO      core file size: unlimited
2026-02-23 13:48:09.337656 (1949772) main____ INFO      open files    : 131072
2026-02-23 13:48:09.337661 (1949772) main____ INFO      file size     : unlimited
2026-02-23 13:48:09.337665 (1949772) main____ INFO    ----------------------------------------
2026-02-23 13:48:09.337669 (1949772) main____ INFO    Memory statistics:
2026-02-23 13:48:09.337674 (1949772) main____ INFO      total physical memory  : 195972056 kB
2026-02-23 13:48:09.337678 (1949772) main____ INFO      free physical memory   : 110156416 kB
2026-02-23 13:48:09.337682 (1949772) main____ INFO      committed address space: 55761748 kB
2026-02-23 13:48:09.337687 (1949772) main____ INFO    ----------------------------------------
2026-02-23 13:48:09.338701 (1949772) main____ INFO    Important environment variables:
2026-02-23 13:48:09.338722 (1949772) main____ INFO      JASPER_HOME       : '/usr/licensed/cadence-20210126/jasper_2021.03'
2026-02-23 13:48:09.338729 (1949772) main____ INFO      JASPER_INSTALL_DIR: '/scratch/gpfs/LICENSED/x86_64/cadence-20210126/jasper_2021.03'
2026-02-23 13:48:09.338734 (1949772) main____ INFO      LANG              : 'en_US.UTF-8'
2026-02-23 13:48:09.338740 (1949772) main____ INFO      LM_LICENSE_FILE   : '5280@license.rc.princeton.edu'
2026-02-23 13:48:09.338745 (1949772) main____ INFO      TMPDIR            : '/tmp/ab2113/jg_5018959_49'
2026-02-23 13:48:09.338750 (1949772) main____ INFO    ----------------------------------------
2026-02-23 13:48:09.339659 (1949772) lic_core INFO    Initializing license system ...
2026-02-23 13:48:09.340137 (1949772) lic_core INFO    ... license system initialized.
2026-02-23 13:48:09.340902 (1949772) lic__man INFO    Claim 'fpv' for <ui>.
2026-02-23 13:48:09.340943 (1949772) lic_core INFO    (1) checking out 'jasper_fpv' ...
2026-02-23 13:48:09.346206 (1949772) lic_core INFO    ... (1) checkout failed (error: -5) ("FLEXnet ERROR(-5, 0, 0): No such feature exists.")
2026-02-23 13:48:09.346261 (1949772) lic_core INFO    (2) checking out 'jasper_fao' ...
2026-02-23 13:48:09.356825 (1949772) lic_core INFO    ... (2) checkout succeeded
2026-02-23 13:48:09.371940 (1949772) session_ INFO    Starting analysis session with session id 'session_0' (launcher: <local>) ...
2026-02-23 13:48:09.374987 (1949772) session_ INFO    Analysis session with session id 'session_0' started (pid: 1949780)
2026-02-23 13:48:10.075020 (1949772) session_ INFO    Analysis session 'session_0' connected to the console (host: 127.0.0.1:50484)
2026-02-23 13:48:10.929936 (1949772) lic__man INFO    Unclaim everything for 'session_0'.
2026-02-23 13:48:10.975318 (1949772) lic__man INFO    Claim 'fpv' for 'session_0'.
2026-02-23 13:48:10.975361 (1949772) lic__man INFO    Claim 'fpv' for 'session_0/prove-0'.
2026-02-23 13:48:11.111283 (1949772) lic__man INFO    Unclaim everything for 'session_0/prove-0'.
2026-02-23 13:48:11.168233 (1949772) main____ INFO    About to exit: request to exit with status 0 received from analysis session 'session_0'
2026-02-23 13:48:11.246252 (1949772) session_ INFO    Analysis session 'session_0' disconnected.
2026-02-23 13:48:11.246374 (1949772) lic__man INFO    Unclaim everything for 'session_0'.
2026-02-23 13:48:11.246735 (1949772) session_ INFO    Process for analysis session 'session_0' has exited with exit status '0'.
2026-02-23 13:48:13.096880 (1949772) lic_core INFO    (2) checkin jasper_fao
2026-02-23 13:48:13.098479 (1949772) main____ INFO    Exiting with status 0.
