2026-02-23 13:48:26.863645 (930779) main____ INFO    ----------------------------------------
2026-02-23 13:48:26.863722 (930779) main____ INFO    JasperGold version info
2026-02-23 13:48:26.863739 (930779) main____ INFO      tool      : JasperGold 2021.03
2026-02-23 13:48:26.863747 (930779) main____ INFO      version   : 2021.03 FCS 64 bits
2026-02-23 13:48:26.863753 (930779) main____ INFO      build date: 2021.03.23 02:50:43 UTC
2026-02-23 13:48:26.863760 (930779) main____ INFO    ----------------------------------------
2026-02-23 13:48:26.863765 (930779) main____ INFO    Runtime info:
2026-02-23 13:48:26.863770 (930779) main____ INFO      platform  : Linux 5.14.0-570.84.1.el9_6.x86_64 x86_64
2026-02-23 13:48:26.863776 (930779) main____ INFO      hostname  : della-h14n16
2026-02-23 13:48:26.863782 (930779) main____ INFO      pid       : 930779
2026-02-23 13:48:26.863788 (930779) main____ INFO      arguments : '-style' 'windows' '-batch' '-proj' './verification_results/03022/jgproject' '-tcl' './jasper_verif_check.tcl'
2026-02-23 13:48:26.863796 (930779) main____ INFO      locale    : UTF-8
2026-02-23 13:48:26.863802 (930779) main____ INFO    ----------------------------------------
2026-02-23 13:48:26.863807 (930779) main____ INFO    System resource limits info:
2026-02-23 13:48:26.863812 (930779) main____ INFO      virtual memory: unlimited
2026-02-23 13:48:26.863817 (930779) main____ INFO      cpu time      : unlimited
2026-02-23 13:48:26.863822 (930779) main____ INFO      stack size    : unlimited
2026-02-23 13:48:26.863827 (930779) main____ INFO      core file size: unlimited
2026-02-23 13:48:26.863836 (930779) main____ INFO      open files    : 131072
2026-02-23 13:48:26.863841 (930779) main____ INFO      file size     : unlimited
2026-02-23 13:48:26.863845 (930779) main____ INFO    ----------------------------------------
2026-02-23 13:48:26.863850 (930779) main____ INFO    Memory statistics:
2026-02-23 13:48:26.863857 (930779) main____ INFO      total physical memory  : 1584164324 kB
2026-02-23 13:48:26.863863 (930779) main____ INFO      free physical memory   : 928513340 kB
2026-02-23 13:48:26.863869 (930779) main____ INFO      committed address space: 447098760 kB
2026-02-23 13:48:26.863874 (930779) main____ INFO    ----------------------------------------
2026-02-23 13:48:26.864387 (930779) main____ INFO    Important environment variables:
2026-02-23 13:48:26.864401 (930779) main____ INFO      JASPER_HOME       : '/usr/licensed/cadence-20210126/jasper_2021.03'
2026-02-23 13:48:26.864408 (930779) main____ INFO      JASPER_INSTALL_DIR: '/scratch/gpfs/LICENSED/x86_64/cadence-20210126/jasper_2021.03'
2026-02-23 13:48:26.864416 (930779) main____ INFO      LANG              : 'en_US.UTF-8'
2026-02-23 13:48:26.864422 (930779) main____ INFO      LM_LICENSE_FILE   : '5280@license.rc.princeton.edu'
2026-02-23 13:48:26.864427 (930779) main____ INFO      TMPDIR            : '/tmp/ab2113/jg_5018967_53'
2026-02-23 13:48:26.864432 (930779) main____ INFO    ----------------------------------------
2026-02-23 13:48:26.864830 (930779) lic_core INFO    Initializing license system ...
2026-02-23 13:48:26.865360 (930779) lic_core INFO    ... license system initialized.
2026-02-23 13:48:26.866151 (930779) lic__man INFO    Claim 'fpv' for <ui>.
2026-02-23 13:48:26.866184 (930779) lic_core INFO    (1) checking out 'jasper_fpv' ...
2026-02-23 13:48:26.872169 (930779) lic_core INFO    ... (1) checkout failed (error: -5) ("FLEXnet ERROR(-5, 0, 0): No such feature exists.")
2026-02-23 13:48:26.872198 (930779) lic_core INFO    (2) checking out 'jasper_fao' ...
2026-02-23 13:48:26.881309 (930779) lic_core INFO    ... (2) checkout succeeded
2026-02-23 13:48:26.892534 (930779) session_ INFO    Starting analysis session with session id 'session_0' (launcher: <local>) ...
2026-02-23 13:48:26.895454 (930779) session_ INFO    Analysis session with session id 'session_0' started (pid: 930787)
2026-02-23 13:48:27.458207 (930779) session_ INFO    Analysis session 'session_0' connected to the console (host: 127.0.0.1:35570)
2026-02-23 13:48:27.954700 (930779) main____ INFO    About to exit: request to exit with status 1 received from analysis session 'session_0'
2026-02-23 13:48:28.004323 (930779) session_ INFO    Analysis session 'session_0' disconnected.
2026-02-23 13:48:28.004463 (930779) lic__man INFO    Unclaim everything for 'session_0'.
2026-02-23 13:48:28.006133 (930779) session_ INFO    Process for analysis session 'session_0' has exited with exit status '1'.
2026-02-23 13:48:30.058015 (930779) lic_core INFO    (2) checkin jasper_fao
2026-02-23 13:48:30.059686 (930779) main____ INFO    Exiting with status 1.
