2026-02-23 13:58:17.226619 (2934389) main____ INFO    ----------------------------------------
2026-02-23 13:58:17.226733 (2934389) main____ INFO    JasperGold version info
2026-02-23 13:58:17.226754 (2934389) main____ INFO      tool      : JasperGold 2021.03
2026-02-23 13:58:17.226764 (2934389) main____ INFO      version   : 2021.03 FCS 64 bits
2026-02-23 13:58:17.226768 (2934389) main____ INFO      build date: 2021.03.23 02:50:43 UTC
2026-02-23 13:58:17.226771 (2934389) main____ INFO    ----------------------------------------
2026-02-23 13:58:17.226774 (2934389) main____ INFO    Runtime info:
2026-02-23 13:58:17.226778 (2934389) main____ INFO      platform  : Linux 5.14.0-570.84.1.el9_6.x86_64 x86_64
2026-02-23 13:58:17.226782 (2934389) main____ INFO      hostname  : della-h12n18
2026-02-23 13:58:17.226787 (2934389) main____ INFO      pid       : 2934389
2026-02-23 13:58:17.226790 (2934389) main____ INFO      arguments : '-style' 'windows' '-batch' '-proj' './verification_results/04254/jgproject' '-tcl' './jasper_verif_check.tcl'
2026-02-23 13:58:17.226798 (2934389) main____ INFO      locale    : UTF-8
2026-02-23 13:58:17.226802 (2934389) main____ INFO    ----------------------------------------
2026-02-23 13:58:17.226805 (2934389) main____ INFO    System resource limits info:
2026-02-23 13:58:17.226809 (2934389) main____ INFO      virtual memory: unlimited
2026-02-23 13:58:17.226812 (2934389) main____ INFO      cpu time      : unlimited
2026-02-23 13:58:17.226815 (2934389) main____ INFO      stack size    : unlimited
2026-02-23 13:58:17.226819 (2934389) main____ INFO      core file size: unlimited
2026-02-23 13:58:17.226824 (2934389) main____ INFO      open files    : 131072
2026-02-23 13:58:17.226828 (2934389) main____ INFO      file size     : unlimited
2026-02-23 13:58:17.226831 (2934389) main____ INFO    ----------------------------------------
2026-02-23 13:58:17.226834 (2934389) main____ INFO    Memory statistics:
2026-02-23 13:58:17.226838 (2934389) main____ INFO      total physical memory  : 1055795796 kB
2026-02-23 13:58:17.226841 (2934389) main____ INFO      free physical memory   : 289993220 kB
2026-02-23 13:58:17.226845 (2934389) main____ INFO      committed address space: 428392232 kB
2026-02-23 13:58:17.226848 (2934389) main____ INFO    ----------------------------------------
2026-02-23 13:58:17.227630 (2934389) main____ INFO    Important environment variables:
2026-02-23 13:58:17.227646 (2934389) main____ INFO      JASPER_HOME       : '/usr/licensed/cadence-20210126/jasper_2021.03'
2026-02-23 13:58:17.227652 (2934389) main____ INFO      JASPER_INSTALL_DIR: '/scratch/gpfs/LICENSED/x86_64/cadence-20210126/jasper_2021.03'
2026-02-23 13:58:17.227657 (2934389) main____ INFO      LANG              : 'en_US.UTF-8'
2026-02-23 13:58:17.227661 (2934389) main____ INFO      LM_LICENSE_FILE   : '5280@license.rc.princeton.edu'
2026-02-23 13:58:17.227666 (2934389) main____ INFO      TMPDIR            : '/tmp/ab2113/jg_5019134_77'
2026-02-23 13:58:17.227670 (2934389) main____ INFO    ----------------------------------------
2026-02-23 13:58:17.228478 (2934389) lic_core INFO    Initializing license system ...
2026-02-23 13:58:17.229184 (2934389) lic_core INFO    ... license system initialized.
2026-02-23 13:58:17.230060 (2934389) lic__man INFO    Claim 'fpv' for <ui>.
2026-02-23 13:58:17.230095 (2934389) lic_core INFO    (1) checking out 'jasper_fpv' ...
2026-02-23 13:58:17.236109 (2934389) lic_core INFO    ... (1) checkout failed (error: -5) ("FLEXnet ERROR(-5, 0, 0): No such feature exists.")
2026-02-23 13:58:17.236162 (2934389) lic_core INFO    (2) checking out 'jasper_fao' ...
2026-02-23 13:58:17.247147 (2934389) lic_core INFO    ... (2) checkout succeeded
2026-02-23 13:58:17.260891 (2934389) session_ INFO    Starting analysis session with session id 'session_0' (launcher: <local>) ...
2026-02-23 13:58:17.263476 (2934389) session_ INFO    Analysis session with session id 'session_0' started (pid: 2934397)
2026-02-23 13:58:17.879153 (2934389) session_ INFO    Analysis session 'session_0' connected to the console (host: 127.0.0.1:40140)
2026-02-23 13:58:18.409477 (2934389) main____ INFO    About to exit: request to exit with status 1 received from analysis session 'session_0'
2026-02-23 13:58:18.469569 (2934389) session_ INFO    Analysis session 'session_0' disconnected.
2026-02-23 13:58:18.469716 (2934389) lic__man INFO    Unclaim everything for 'session_0'.
2026-02-23 13:58:18.470364 (2934389) session_ INFO    Process for analysis session 'session_0' has exited with exit status '1'.
2026-02-23 13:58:20.506675 (2934389) lic_core INFO    (2) checkin jasper_fao
2026-02-23 13:58:20.508298 (2934389) main____ INFO    Exiting with status 1.
