2026-02-23 14:40:27.377031 (1797868) main____ INFO    ----------------------------------------
2026-02-23 14:40:27.377106 (1797868) main____ INFO    JasperGold version info
2026-02-23 14:40:27.377122 (1797868) main____ INFO      tool      : JasperGold 2021.03
2026-02-23 14:40:27.377130 (1797868) main____ INFO      version   : 2021.03 FCS 64 bits
2026-02-23 14:40:27.377136 (1797868) main____ INFO      build date: 2021.03.23 02:50:43 UTC
2026-02-23 14:40:27.377140 (1797868) main____ INFO    ----------------------------------------
2026-02-23 14:40:27.377146 (1797868) main____ INFO    Runtime info:
2026-02-23 14:40:27.377151 (1797868) main____ INFO      platform  : Linux 5.14.0-570.84.1.el9_6.x86_64 x86_64
2026-02-23 14:40:27.377157 (1797868) main____ INFO      hostname  : della-h14n12
2026-02-23 14:40:27.377162 (1797868) main____ INFO      pid       : 1797868
2026-02-23 14:40:27.377167 (1797868) main____ INFO      arguments : '-style' 'windows' '-batch' '-proj' './verification_results/00863/jgproject' '-tcl' './jasper_verif_check.tcl'
2026-02-23 14:40:27.377174 (1797868) main____ INFO      locale    : UTF-8
2026-02-23 14:40:27.377179 (1797868) main____ INFO    ----------------------------------------
2026-02-23 14:40:27.377183 (1797868) main____ INFO    System resource limits info:
2026-02-23 14:40:27.377188 (1797868) main____ INFO      virtual memory: unlimited
2026-02-23 14:40:27.377193 (1797868) main____ INFO      cpu time      : unlimited
2026-02-23 14:40:27.377198 (1797868) main____ INFO      stack size    : unlimited
2026-02-23 14:40:27.377203 (1797868) main____ INFO      core file size: unlimited
2026-02-23 14:40:27.377209 (1797868) main____ INFO      open files    : 131072
2026-02-23 14:40:27.377214 (1797868) main____ INFO      file size     : unlimited
2026-02-23 14:40:27.377219 (1797868) main____ INFO    ----------------------------------------
2026-02-23 14:40:27.377223 (1797868) main____ INFO    Memory statistics:
2026-02-23 14:40:27.377228 (1797868) main____ INFO      total physical memory  : 1584164368 kB
2026-02-23 14:40:27.377233 (1797868) main____ INFO      free physical memory   : 570444612 kB
2026-02-23 14:40:27.377238 (1797868) main____ INFO      committed address space: 615912348 kB
2026-02-23 14:40:27.377242 (1797868) main____ INFO    ----------------------------------------
2026-02-23 14:40:27.377751 (1797868) main____ INFO    Important environment variables:
2026-02-23 14:40:27.377763 (1797868) main____ INFO      JASPER_HOME       : '/usr/licensed/cadence-20210126/jasper_2021.03'
2026-02-23 14:40:27.377769 (1797868) main____ INFO      JASPER_INSTALL_DIR: '/scratch/gpfs/LICENSED/x86_64/cadence-20210126/jasper_2021.03'
2026-02-23 14:40:27.377775 (1797868) main____ INFO      LANG              : 'en_US.UTF-8'
2026-02-23 14:40:27.377780 (1797868) main____ INFO      LM_LICENSE_FILE   : '5280@license.rc.princeton.edu'
2026-02-23 14:40:27.377785 (1797868) main____ INFO      TMPDIR            : '/tmp/ab2113/jg_5018798_9'
2026-02-23 14:40:27.377790 (1797868) main____ INFO    ----------------------------------------
2026-02-23 14:40:27.378255 (1797868) lic_core INFO    Initializing license system ...
2026-02-23 14:40:27.378749 (1797868) lic_core INFO    ... license system initialized.
2026-02-23 14:40:27.379483 (1797868) lic__man INFO    Claim 'fpv' for <ui>.
2026-02-23 14:40:27.379514 (1797868) lic_core INFO    (1) checking out 'jasper_fpv' ...
2026-02-23 14:40:27.385273 (1797868) lic_core INFO    ... (1) checkout failed (error: -5) ("FLEXnet ERROR(-5, 0, 0): No such feature exists.")
2026-02-23 14:40:27.385298 (1797868) lic_core INFO    (2) checking out 'jasper_fao' ...
2026-02-23 14:40:27.393915 (1797868) lic_core INFO    ... (2) checkout succeeded
2026-02-23 14:40:27.404260 (1797868) session_ INFO    Starting analysis session with session id 'session_0' (launcher: <local>) ...
2026-02-23 14:40:27.406723 (1797868) session_ INFO    Analysis session with session id 'session_0' started (pid: 1797876)
2026-02-23 14:40:27.912648 (1797868) session_ INFO    Analysis session 'session_0' connected to the console (host: 127.0.0.1:33266)
2026-02-23 14:40:28.664683 (1797868) lic__man INFO    Unclaim everything for 'session_0'.
2026-02-23 14:40:28.696590 (1797868) lic__man INFO    Claim 'fpv' for 'session_0'.
2026-02-23 14:40:28.696623 (1797868) lic__man INFO    Claim 'fpv' for 'session_0/prove-0'.
2026-02-23 14:40:28.844440 (1797868) lic__man INFO    Unclaim everything for 'session_0/prove-0'.
2026-02-23 14:40:28.898016 (1797868) main____ INFO    About to exit: request to exit with status 0 received from analysis session 'session_0'
2026-02-23 14:40:28.951567 (1797868) session_ INFO    Analysis session 'session_0' disconnected.
2026-02-23 14:40:28.951690 (1797868) lic__man INFO    Unclaim everything for 'session_0'.
2026-02-23 14:40:28.953148 (1797868) session_ INFO    Process for analysis session 'session_0' has exited with exit status '0'.
2026-02-23 14:40:31.004026 (1797868) lic_core INFO    (2) checkin jasper_fao
2026-02-23 14:40:31.006532 (1797868) main____ INFO    Exiting with status 0.
