2026-02-23 13:39:54.280655 (4140264) main____ INFO    ----------------------------------------
2026-02-23 13:39:54.280747 (4140264) main____ INFO    JasperGold version info
2026-02-23 13:39:54.280764 (4140264) main____ INFO      tool      : JasperGold 2021.03
2026-02-23 13:39:54.280772 (4140264) main____ INFO      version   : 2021.03 FCS 64 bits
2026-02-23 13:39:54.280777 (4140264) main____ INFO      build date: 2021.03.23 02:50:43 UTC
2026-02-23 13:39:54.280781 (4140264) main____ INFO    ----------------------------------------
2026-02-23 13:39:54.280785 (4140264) main____ INFO    Runtime info:
2026-02-23 13:39:54.280790 (4140264) main____ INFO      platform  : Linux 5.14.0-570.84.1.el9_6.x86_64 x86_64
2026-02-23 13:39:54.280796 (4140264) main____ INFO      hostname  : della-r3c2n12
2026-02-23 13:39:54.280800 (4140264) main____ INFO      pid       : 4140264
2026-02-23 13:39:54.280805 (4140264) main____ INFO      arguments : '-style' 'windows' '-batch' '-proj' './verification_results/00887/jgproject' '-tcl' './jasper_verif_check.tcl'
2026-02-23 13:39:54.280813 (4140264) main____ INFO      locale    : UTF-8
2026-02-23 13:39:54.280818 (4140264) main____ INFO    ----------------------------------------
2026-02-23 13:39:54.280821 (4140264) main____ INFO    System resource limits info:
2026-02-23 13:39:54.280826 (4140264) main____ INFO      virtual memory: unlimited
2026-02-23 13:39:54.280830 (4140264) main____ INFO      cpu time      : unlimited
2026-02-23 13:39:54.280834 (4140264) main____ INFO      stack size    : unlimited
2026-02-23 13:39:54.280838 (4140264) main____ INFO      core file size: unlimited
2026-02-23 13:39:54.280845 (4140264) main____ INFO      open files    : 131072
2026-02-23 13:39:54.280850 (4140264) main____ INFO      file size     : unlimited
2026-02-23 13:39:54.280854 (4140264) main____ INFO    ----------------------------------------
2026-02-23 13:39:54.280858 (4140264) main____ INFO    Memory statistics:
2026-02-23 13:39:54.280863 (4140264) main____ INFO      total physical memory  : 195972072 kB
2026-02-23 13:39:54.280867 (4140264) main____ INFO      free physical memory   : 129351972 kB
2026-02-23 13:39:54.280871 (4140264) main____ INFO      committed address space: 42883920 kB
2026-02-23 13:39:54.280875 (4140264) main____ INFO    ----------------------------------------
2026-02-23 13:39:54.281837 (4140264) main____ INFO    Important environment variables:
2026-02-23 13:39:54.281856 (4140264) main____ INFO      JASPER_HOME       : '/usr/licensed/cadence-20210126/jasper_2021.03'
2026-02-23 13:39:54.281864 (4140264) main____ INFO      JASPER_INSTALL_DIR: '/scratch/gpfs/LICENSED/x86_64/cadence-20210126/jasper_2021.03'
2026-02-23 13:39:54.281869 (4140264) main____ INFO      LANG              : 'en_US.UTF-8'
2026-02-23 13:39:54.281874 (4140264) main____ INFO      LM_LICENSE_FILE   : '5280@license.rc.princeton.edu'
2026-02-23 13:39:54.281879 (4140264) main____ INFO      TMPDIR            : '/tmp/ab2113/jg_5018804_10'
2026-02-23 13:39:54.281883 (4140264) main____ INFO    ----------------------------------------
2026-02-23 13:39:54.282740 (4140264) lic_core INFO    Initializing license system ...
2026-02-23 13:39:54.283572 (4140264) lic_core INFO    ... license system initialized.
2026-02-23 13:39:54.284299 (4140264) lic__man INFO    Claim 'fpv' for <ui>.
2026-02-23 13:39:54.284336 (4140264) lic_core INFO    (1) checking out 'jasper_fpv' ...
2026-02-23 13:39:54.289624 (4140264) lic_core INFO    ... (1) checkout failed (error: -5) ("FLEXnet ERROR(-5, 0, 0): No such feature exists.")
2026-02-23 13:39:54.289662 (4140264) lic_core INFO    (2) checking out 'jasper_fao' ...
2026-02-23 13:39:54.299589 (4140264) lic_core INFO    ... (2) checkout succeeded
2026-02-23 13:39:54.313758 (4140264) session_ INFO    Starting analysis session with session id 'session_0' (launcher: <local>) ...
2026-02-23 13:39:54.316531 (4140264) session_ INFO    Analysis session with session id 'session_0' started (pid: 4140272)
2026-02-23 13:39:55.035771 (4140264) session_ INFO    Analysis session 'session_0' connected to the console (host: 127.0.0.1:50034)
2026-02-23 13:39:55.952055 (4140264) main____ INFO    About to exit: request to exit with status 1 received from analysis session 'session_0'
2026-02-23 13:39:56.027350 (4140264) session_ INFO    Analysis session 'session_0' disconnected.
2026-02-23 13:39:56.027499 (4140264) lic__man INFO    Unclaim everything for 'session_0'.
2026-02-23 13:39:56.028355 (4140264) session_ INFO    Process for analysis session 'session_0' has exited with exit status '1'.
2026-02-23 13:39:58.061163 (4140264) lic_core INFO    (2) checkin jasper_fao
2026-02-23 13:39:58.062578 (4140264) main____ INFO    Exiting with status 1.
