2026-02-23 13:41:45.356839 (2874856) main____ INFO    ----------------------------------------
2026-02-23 13:41:45.356921 (2874856) main____ INFO    JasperGold version info
2026-02-23 13:41:45.356938 (2874856) main____ INFO      tool      : JasperGold 2021.03
2026-02-23 13:41:45.356947 (2874856) main____ INFO      version   : 2021.03 FCS 64 bits
2026-02-23 13:41:45.356953 (2874856) main____ INFO      build date: 2021.03.23 02:50:43 UTC
2026-02-23 13:41:45.356958 (2874856) main____ INFO    ----------------------------------------
2026-02-23 13:41:45.356963 (2874856) main____ INFO    Runtime info:
2026-02-23 13:41:45.356969 (2874856) main____ INFO      platform  : Linux 5.14.0-570.84.1.el9_6.x86_64 x86_64
2026-02-23 13:41:45.356974 (2874856) main____ INFO      hostname  : della-h16n9
2026-02-23 13:41:45.356980 (2874856) main____ INFO      pid       : 2874856
2026-02-23 13:41:45.356986 (2874856) main____ INFO      arguments : '-style' 'windows' '-batch' '-proj' './verification_results/01301/jgproject' '-tcl' './jasper_verif_check.tcl'
2026-02-23 13:41:45.356993 (2874856) main____ INFO      locale    : UTF-8
2026-02-23 13:41:45.356998 (2874856) main____ INFO    ----------------------------------------
2026-02-23 13:41:45.357003 (2874856) main____ INFO    System resource limits info:
2026-02-23 13:41:45.357010 (2874856) main____ INFO      virtual memory: unlimited
2026-02-23 13:41:45.357016 (2874856) main____ INFO      cpu time      : unlimited
2026-02-23 13:41:45.357021 (2874856) main____ INFO      stack size    : unlimited
2026-02-23 13:41:45.357026 (2874856) main____ INFO      core file size: unlimited
2026-02-23 13:41:45.357033 (2874856) main____ INFO      open files    : 131072
2026-02-23 13:41:45.357041 (2874856) main____ INFO      file size     : unlimited
2026-02-23 13:41:45.357046 (2874856) main____ INFO    ----------------------------------------
2026-02-23 13:41:45.357051 (2874856) main____ INFO    Memory statistics:
2026-02-23 13:41:45.357057 (2874856) main____ INFO      total physical memory  : 1584164368 kB
2026-02-23 13:41:45.357061 (2874856) main____ INFO      free physical memory   : 832599720 kB
2026-02-23 13:41:45.357066 (2874856) main____ INFO      committed address space: 654863580 kB
2026-02-23 13:41:45.357071 (2874856) main____ INFO    ----------------------------------------
2026-02-23 13:41:45.357611 (2874856) main____ INFO    Important environment variables:
2026-02-23 13:41:45.357624 (2874856) main____ INFO      JASPER_HOME       : '/usr/licensed/cadence-20210126/jasper_2021.03'
2026-02-23 13:41:45.357630 (2874856) main____ INFO      JASPER_INSTALL_DIR: '/scratch/gpfs/LICENSED/x86_64/cadence-20210126/jasper_2021.03'
2026-02-23 13:41:45.357638 (2874856) main____ INFO      LANG              : 'en_US.UTF-8'
2026-02-23 13:41:45.357644 (2874856) main____ INFO      LM_LICENSE_FILE   : '5280@license.rc.princeton.edu'
2026-02-23 13:41:45.357649 (2874856) main____ INFO      TMPDIR            : '/tmp/ab2113/jg_5018829_18'
2026-02-23 13:41:45.357654 (2874856) main____ INFO    ----------------------------------------
2026-02-23 13:41:45.358088 (2874856) lic_core INFO    Initializing license system ...
2026-02-23 13:41:45.358612 (2874856) lic_core INFO    ... license system initialized.
2026-02-23 13:41:45.359407 (2874856) lic__man INFO    Claim 'fpv' for <ui>.
2026-02-23 13:41:45.359441 (2874856) lic_core INFO    (1) checking out 'jasper_fpv' ...
2026-02-23 13:41:45.365158 (2874856) lic_core INFO    ... (1) checkout failed (error: -5) ("FLEXnet ERROR(-5, 0, 0): No such feature exists.")
2026-02-23 13:41:45.365188 (2874856) lic_core INFO    (2) checking out 'jasper_fao' ...
2026-02-23 13:41:45.374430 (2874856) lic_core INFO    ... (2) checkout succeeded
2026-02-23 13:41:45.386186 (2874856) session_ INFO    Starting analysis session with session id 'session_0' (launcher: <local>) ...
2026-02-23 13:41:45.388968 (2874856) session_ INFO    Analysis session with session id 'session_0' started (pid: 2874864)
2026-02-23 13:41:45.954021 (2874856) session_ INFO    Analysis session 'session_0' connected to the console (host: 127.0.0.1:48012)
2026-02-23 13:41:46.559994 (2874856) main____ INFO    About to exit: request to exit with status 1 received from analysis session 'session_0'
2026-02-23 13:41:46.610121 (2874856) session_ INFO    Analysis session 'session_0' disconnected.
2026-02-23 13:41:46.610253 (2874856) lic__man INFO    Unclaim everything for 'session_0'.
2026-02-23 13:41:46.610984 (2874856) session_ INFO    Process for analysis session 'session_0' has exited with exit status '1'.
2026-02-23 13:41:48.661268 (2874856) lic_core INFO    (2) checkin jasper_fao
2026-02-23 13:41:48.662830 (2874856) main____ INFO    Exiting with status 1.
