2026-02-23 14:38:16.275134 (1790638) main____ INFO    ----------------------------------------
2026-02-23 14:38:16.275215 (1790638) main____ INFO    JasperGold version info
2026-02-23 14:38:16.275229 (1790638) main____ INFO      tool      : JasperGold 2021.03
2026-02-23 14:38:16.275237 (1790638) main____ INFO      version   : 2021.03 FCS 64 bits
2026-02-23 14:38:16.275243 (1790638) main____ INFO      build date: 2021.03.23 02:50:43 UTC
2026-02-23 14:38:16.275248 (1790638) main____ INFO    ----------------------------------------
2026-02-23 14:38:16.275253 (1790638) main____ INFO    Runtime info:
2026-02-23 14:38:16.275258 (1790638) main____ INFO      platform  : Linux 5.14.0-570.84.1.el9_6.x86_64 x86_64
2026-02-23 14:38:16.275264 (1790638) main____ INFO      hostname  : della-h14n12
2026-02-23 14:38:16.275270 (1790638) main____ INFO      pid       : 1790638
2026-02-23 14:38:16.275275 (1790638) main____ INFO      arguments : '-style' 'windows' '-batch' '-proj' './verification_results/00826/jgproject' '-tcl' './jasper_verif_check.tcl'
2026-02-23 14:38:16.275282 (1790638) main____ INFO      locale    : UTF-8
2026-02-23 14:38:16.275287 (1790638) main____ INFO    ----------------------------------------
2026-02-23 14:38:16.275292 (1790638) main____ INFO    System resource limits info:
2026-02-23 14:38:16.275297 (1790638) main____ INFO      virtual memory: unlimited
2026-02-23 14:38:16.275301 (1790638) main____ INFO      cpu time      : unlimited
2026-02-23 14:38:16.275306 (1790638) main____ INFO      stack size    : unlimited
2026-02-23 14:38:16.275311 (1790638) main____ INFO      core file size: unlimited
2026-02-23 14:38:16.275318 (1790638) main____ INFO      open files    : 131072
2026-02-23 14:38:16.275322 (1790638) main____ INFO      file size     : unlimited
2026-02-23 14:38:16.275327 (1790638) main____ INFO    ----------------------------------------
2026-02-23 14:38:16.275331 (1790638) main____ INFO    Memory statistics:
2026-02-23 14:38:16.275337 (1790638) main____ INFO      total physical memory  : 1584164368 kB
2026-02-23 14:38:16.275342 (1790638) main____ INFO      free physical memory   : 573595124 kB
2026-02-23 14:38:16.275346 (1790638) main____ INFO      committed address space: 612673640 kB
2026-02-23 14:38:16.275351 (1790638) main____ INFO    ----------------------------------------
2026-02-23 14:38:16.275858 (1790638) main____ INFO    Important environment variables:
2026-02-23 14:38:16.275870 (1790638) main____ INFO      JASPER_HOME       : '/usr/licensed/cadence-20210126/jasper_2021.03'
2026-02-23 14:38:16.275876 (1790638) main____ INFO      JASPER_INSTALL_DIR: '/scratch/gpfs/LICENSED/x86_64/cadence-20210126/jasper_2021.03'
2026-02-23 14:38:16.275881 (1790638) main____ INFO      LANG              : 'en_US.UTF-8'
2026-02-23 14:38:16.275887 (1790638) main____ INFO      LM_LICENSE_FILE   : '5280@license.rc.princeton.edu'
2026-02-23 14:38:16.275892 (1790638) main____ INFO      TMPDIR            : '/tmp/ab2113/jg_5018798_9'
2026-02-23 14:38:16.275897 (1790638) main____ INFO    ----------------------------------------
2026-02-23 14:38:16.276436 (1790638) lic_core INFO    Initializing license system ...
2026-02-23 14:38:16.276949 (1790638) lic_core INFO    ... license system initialized.
2026-02-23 14:38:16.277685 (1790638) lic__man INFO    Claim 'fpv' for <ui>.
2026-02-23 14:38:16.277717 (1790638) lic_core INFO    (1) checking out 'jasper_fpv' ...
2026-02-23 14:38:16.284740 (1790638) lic_core INFO    ... (1) checkout failed (error: -5) ("FLEXnet ERROR(-5, 0, 0): No such feature exists.")
2026-02-23 14:38:16.284766 (1790638) lic_core INFO    (2) checking out 'jasper_fao' ...
2026-02-23 14:38:16.293432 (1790638) lic_core INFO    ... (2) checkout succeeded
2026-02-23 14:38:16.304107 (1790638) session_ INFO    Starting analysis session with session id 'session_0' (launcher: <local>) ...
2026-02-23 14:38:16.306783 (1790638) session_ INFO    Analysis session with session id 'session_0' started (pid: 1790646)
2026-02-23 14:38:16.834849 (1790638) session_ INFO    Analysis session 'session_0' connected to the console (host: 127.0.0.1:34276)
2026-02-23 14:38:17.622018 (1790638) main____ INFO    About to exit: request to exit with status 1 received from analysis session 'session_0'
2026-02-23 14:38:17.670557 (1790638) session_ INFO    Analysis session 'session_0' disconnected.
2026-02-23 14:38:17.670692 (1790638) lic__man INFO    Unclaim everything for 'session_0'.
2026-02-23 14:38:17.671257 (1790638) session_ INFO    Process for analysis session 'session_0' has exited with exit status '1'.
2026-02-23 14:38:19.618354 (1790638) lic_core INFO    (2) checkin jasper_fao
2026-02-23 14:38:19.619836 (1790638) main____ INFO    Exiting with status 1.
