2026-02-23 13:49:25.411222 (1494679) main____ INFO    ----------------------------------------
2026-02-23 13:49:25.411312 (1494679) main____ INFO    JasperGold version info
2026-02-23 13:49:25.411328 (1494679) main____ INFO      tool      : JasperGold 2021.03
2026-02-23 13:49:25.411339 (1494679) main____ INFO      version   : 2021.03 FCS 64 bits
2026-02-23 13:49:25.411345 (1494679) main____ INFO      build date: 2021.03.23 02:50:43 UTC
2026-02-23 13:49:25.411351 (1494679) main____ INFO    ----------------------------------------
2026-02-23 13:49:25.411355 (1494679) main____ INFO    Runtime info:
2026-02-23 13:49:25.411361 (1494679) main____ INFO      platform  : Linux 5.14.0-570.84.1.el9_6.x86_64 x86_64
2026-02-23 13:49:25.411368 (1494679) main____ INFO      hostname  : della-h14n5
2026-02-23 13:49:25.411373 (1494679) main____ INFO      pid       : 1494679
2026-02-23 13:49:25.411378 (1494679) main____ INFO      arguments : '-style' 'windows' '-batch' '-proj' './verification_results/03265/jgproject' '-tcl' './jasper_verif_check.tcl'
2026-02-23 13:49:25.411389 (1494679) main____ INFO      locale    : UTF-8
2026-02-23 13:49:25.411396 (1494679) main____ INFO    ----------------------------------------
2026-02-23 13:49:25.411401 (1494679) main____ INFO    System resource limits info:
2026-02-23 13:49:25.411409 (1494679) main____ INFO      virtual memory: unlimited
2026-02-23 13:49:25.411416 (1494679) main____ INFO      cpu time      : unlimited
2026-02-23 13:49:25.411422 (1494679) main____ INFO      stack size    : unlimited
2026-02-23 13:49:25.411441 (1494679) main____ INFO      core file size: unlimited
2026-02-23 13:49:25.411448 (1494679) main____ INFO      open files    : 131072
2026-02-23 13:49:25.411454 (1494679) main____ INFO      file size     : unlimited
2026-02-23 13:49:25.411458 (1494679) main____ INFO    ----------------------------------------
2026-02-23 13:49:25.411463 (1494679) main____ INFO    Memory statistics:
2026-02-23 13:49:25.411469 (1494679) main____ INFO      total physical memory  : 1584164368 kB
2026-02-23 13:49:25.411474 (1494679) main____ INFO      free physical memory   : 696494684 kB
2026-02-23 13:49:25.411479 (1494679) main____ INFO      committed address space: 544263224 kB
2026-02-23 13:49:25.411485 (1494679) main____ INFO    ----------------------------------------
2026-02-23 13:49:25.412009 (1494679) main____ INFO    Important environment variables:
2026-02-23 13:49:25.412024 (1494679) main____ INFO      JASPER_HOME       : '/usr/licensed/cadence-20210126/jasper_2021.03'
2026-02-23 13:49:25.412031 (1494679) main____ INFO      JASPER_INSTALL_DIR: '/scratch/gpfs/LICENSED/x86_64/cadence-20210126/jasper_2021.03'
2026-02-23 13:49:25.412037 (1494679) main____ INFO      LANG              : 'en_US.UTF-8'
2026-02-23 13:49:25.412042 (1494679) main____ INFO      LM_LICENSE_FILE   : '5280@license.rc.princeton.edu'
2026-02-23 13:49:25.412049 (1494679) main____ INFO      TMPDIR            : '/tmp/ab2113/jg_5018998_58'
2026-02-23 13:49:25.412055 (1494679) main____ INFO    ----------------------------------------
2026-02-23 13:49:25.412451 (1494679) lic_core INFO    Initializing license system ...
2026-02-23 13:49:25.412995 (1494679) lic_core INFO    ... license system initialized.
2026-02-23 13:49:25.413766 (1494679) lic__man INFO    Claim 'fpv' for <ui>.
2026-02-23 13:49:25.413798 (1494679) lic_core INFO    (1) checking out 'jasper_fpv' ...
2026-02-23 13:49:25.419000 (1494679) lic_core INFO    ... (1) checkout failed (error: -5) ("FLEXnet ERROR(-5, 0, 0): No such feature exists.")
2026-02-23 13:49:25.419029 (1494679) lic_core INFO    (2) checking out 'jasper_fao' ...
2026-02-23 13:49:25.427845 (1494679) lic_core INFO    ... (2) checkout succeeded
2026-02-23 13:49:25.438404 (1494679) session_ INFO    Starting analysis session with session id 'session_0' (launcher: <local>) ...
2026-02-23 13:49:25.441400 (1494679) session_ INFO    Analysis session with session id 'session_0' started (pid: 1494687)
2026-02-23 13:49:26.014360 (1494679) session_ INFO    Analysis session 'session_0' connected to the console (host: 127.0.0.1:38944)
2026-02-23 13:49:26.529518 (1494679) main____ INFO    About to exit: request to exit with status 1 received from analysis session 'session_0'
2026-02-23 13:49:26.581136 (1494679) session_ INFO    Analysis session 'session_0' disconnected.
2026-02-23 13:49:26.581271 (1494679) lic__man INFO    Unclaim everything for 'session_0'.
2026-02-23 13:49:26.581848 (1494679) session_ INFO    Process for analysis session 'session_0' has exited with exit status '1'.
2026-02-23 13:49:28.581826 (1494679) lic_core INFO    (2) checkin jasper_fao
2026-02-23 13:49:28.583334 (1494679) main____ INFO    Exiting with status 1.
