2026-02-23 14:15:24.976886 (6602) main____ INFO    ----------------------------------------
2026-02-23 14:15:24.976989 (6602) main____ INFO    JasperGold version info
2026-02-23 14:15:24.977007 (6602) main____ INFO      tool      : JasperGold 2021.03
2026-02-23 14:15:24.977016 (6602) main____ INFO      version   : 2021.03 FCS 64 bits
2026-02-23 14:15:24.977022 (6602) main____ INFO      build date: 2021.03.23 02:50:43 UTC
2026-02-23 14:15:24.977026 (6602) main____ INFO    ----------------------------------------
2026-02-23 14:15:24.977030 (6602) main____ INFO    Runtime info:
2026-02-23 14:15:24.977035 (6602) main____ INFO      platform  : Linux 5.14.0-570.84.1.el9_6.x86_64 x86_64
2026-02-23 14:15:24.977041 (6602) main____ INFO      hostname  : della-r3c2n6
2026-02-23 14:15:24.977046 (6602) main____ INFO      pid       : 6602
2026-02-23 14:15:24.977050 (6602) main____ INFO      arguments : '-style' 'windows' '-batch' '-proj' './verification_results/04048/jgproject' '-tcl' './jasper_verif_check.tcl'
2026-02-23 14:15:24.977059 (6602) main____ INFO      locale    : UTF-8
2026-02-23 14:15:24.977063 (6602) main____ INFO    ----------------------------------------
2026-02-23 14:15:24.977067 (6602) main____ INFO    System resource limits info:
2026-02-23 14:15:24.977071 (6602) main____ INFO      virtual memory: unlimited
2026-02-23 14:15:24.977075 (6602) main____ INFO      cpu time      : unlimited
2026-02-23 14:15:24.977079 (6602) main____ INFO      stack size    : unlimited
2026-02-23 14:15:24.977084 (6602) main____ INFO      core file size: unlimited
2026-02-23 14:15:24.977091 (6602) main____ INFO      open files    : 131072
2026-02-23 14:15:24.977095 (6602) main____ INFO      file size     : unlimited
2026-02-23 14:15:24.977099 (6602) main____ INFO    ----------------------------------------
2026-02-23 14:15:24.977103 (6602) main____ INFO    Memory statistics:
2026-02-23 14:15:24.977108 (6602) main____ INFO      total physical memory  : 195972160 kB
2026-02-23 14:15:24.977112 (6602) main____ INFO      free physical memory   : 149219604 kB
2026-02-23 14:15:24.977116 (6602) main____ INFO      committed address space: 55708592 kB
2026-02-23 14:15:24.977120 (6602) main____ INFO    ----------------------------------------
2026-02-23 14:15:24.978113 (6602) main____ INFO    Important environment variables:
2026-02-23 14:15:24.978137 (6602) main____ INFO      JASPER_HOME       : '/usr/licensed/cadence-20210126/jasper_2021.03'
2026-02-23 14:15:24.978143 (6602) main____ INFO      JASPER_INSTALL_DIR: '/scratch/gpfs/LICENSED/x86_64/cadence-20210126/jasper_2021.03'
2026-02-23 14:15:24.978149 (6602) main____ INFO      LANG              : 'en_US.UTF-8'
2026-02-23 14:15:24.978154 (6602) main____ INFO      LM_LICENSE_FILE   : '5280@license.rc.princeton.edu'
2026-02-23 14:15:24.978159 (6602) main____ INFO      TMPDIR            : '/tmp/ab2113/jg_5019092_73'
2026-02-23 14:15:24.978163 (6602) main____ INFO    ----------------------------------------
2026-02-23 14:15:24.978674 (6602) lic_core INFO    Initializing license system ...
2026-02-23 14:15:24.979572 (6602) lic_core INFO    ... license system initialized.
2026-02-23 14:15:24.980381 (6602) lic__man INFO    Claim 'fpv' for <ui>.
2026-02-23 14:15:24.980425 (6602) lic_core INFO    (1) checking out 'jasper_fpv' ...
2026-02-23 14:15:24.985773 (6602) lic_core INFO    ... (1) checkout failed (error: -5) ("FLEXnet ERROR(-5, 0, 0): No such feature exists.")
2026-02-23 14:15:24.985839 (6602) lic_core INFO    (2) checking out 'jasper_fao' ...
2026-02-23 14:15:24.996495 (6602) lic_core INFO    ... (2) checkout succeeded
2026-02-23 14:15:25.013077 (6602) session_ INFO    Starting analysis session with session id 'session_0' (launcher: <local>) ...
2026-02-23 14:15:25.016498 (6602) session_ INFO    Analysis session with session id 'session_0' started (pid: 6610)
2026-02-23 14:15:25.755797 (6602) session_ INFO    Analysis session 'session_0' connected to the console (host: 127.0.0.1:41114)
2026-02-23 14:15:26.642741 (6602) lic__man INFO    Unclaim everything for 'session_0'.
2026-02-23 14:15:26.697674 (6602) lic__man INFO    Claim 'fpv' for 'session_0'.
2026-02-23 14:15:26.697726 (6602) lic__man INFO    Claim 'fpv' for 'session_0/prove-0'.
2026-02-23 14:15:26.854495 (6602) lic__man INFO    Unclaim everything for 'session_0/prove-0'.
2026-02-23 14:15:26.913314 (6602) main____ INFO    About to exit: request to exit with status 0 received from analysis session 'session_0'
2026-02-23 14:15:27.007924 (6602) session_ INFO    Analysis session 'session_0' disconnected.
2026-02-23 14:15:27.008054 (6602) lic__man INFO    Unclaim everything for 'session_0'.
2026-02-23 14:15:27.008428 (6602) session_ INFO    Process for analysis session 'session_0' has exited with exit status '0'.
2026-02-23 14:15:28.821527 (6602) lic_core INFO    (2) checkin jasper_fao
2026-02-23 14:15:28.823288 (6602) main____ INFO    Exiting with status 0.
