2026-02-23 13:50:28.789244 (3746471) main____ INFO    ----------------------------------------
2026-02-23 13:50:28.789329 (3746471) main____ INFO    JasperGold version info
2026-02-23 13:50:28.789349 (3746471) main____ INFO      tool      : JasperGold 2021.03
2026-02-23 13:50:28.789360 (3746471) main____ INFO      version   : 2021.03 FCS 64 bits
2026-02-23 13:50:28.789366 (3746471) main____ INFO      build date: 2021.03.23 02:50:43 UTC
2026-02-23 13:50:28.789371 (3746471) main____ INFO    ----------------------------------------
2026-02-23 13:50:28.789376 (3746471) main____ INFO    Runtime info:
2026-02-23 13:50:28.789381 (3746471) main____ INFO      platform  : Linux 5.14.0-570.84.1.el9_6.x86_64 x86_64
2026-02-23 13:50:28.789387 (3746471) main____ INFO      hostname  : della-h14n18
2026-02-23 13:50:28.789393 (3746471) main____ INFO      pid       : 3746471
2026-02-23 13:50:28.789398 (3746471) main____ INFO      arguments : '-style' 'windows' '-batch' '-proj' './verification_results/03332/jgproject' '-tcl' './jasper_verif_check.tcl'
2026-02-23 13:50:28.789406 (3746471) main____ INFO      locale    : UTF-8
2026-02-23 13:50:28.789411 (3746471) main____ INFO    ----------------------------------------
2026-02-23 13:50:28.789415 (3746471) main____ INFO    System resource limits info:
2026-02-23 13:50:28.789420 (3746471) main____ INFO      virtual memory: unlimited
2026-02-23 13:50:28.789425 (3746471) main____ INFO      cpu time      : unlimited
2026-02-23 13:50:28.789431 (3746471) main____ INFO      stack size    : unlimited
2026-02-23 13:50:28.789437 (3746471) main____ INFO      core file size: unlimited
2026-02-23 13:50:28.789444 (3746471) main____ INFO      open files    : 131072
2026-02-23 13:50:28.789449 (3746471) main____ INFO      file size     : unlimited
2026-02-23 13:50:28.789454 (3746471) main____ INFO    ----------------------------------------
2026-02-23 13:50:28.789458 (3746471) main____ INFO    Memory statistics:
2026-02-23 13:50:28.789465 (3746471) main____ INFO      total physical memory  : 1584164348 kB
2026-02-23 13:50:28.789471 (3746471) main____ INFO      free physical memory   : 651871720 kB
2026-02-23 13:50:28.789476 (3746471) main____ INFO      committed address space: 621992816 kB
2026-02-23 13:50:28.789480 (3746471) main____ INFO    ----------------------------------------
2026-02-23 13:50:28.789999 (3746471) main____ INFO    Important environment variables:
2026-02-23 13:50:28.790013 (3746471) main____ INFO      JASPER_HOME       : '/usr/licensed/cadence-20210126/jasper_2021.03'
2026-02-23 13:50:28.790019 (3746471) main____ INFO      JASPER_INSTALL_DIR: '/scratch/gpfs/LICENSED/x86_64/cadence-20210126/jasper_2021.03'
2026-02-23 13:50:28.790025 (3746471) main____ INFO      LANG              : 'en_US.UTF-8'
2026-02-23 13:50:28.790031 (3746471) main____ INFO      LM_LICENSE_FILE   : '5280@license.rc.princeton.edu'
2026-02-23 13:50:28.790036 (3746471) main____ INFO      TMPDIR            : '/tmp/ab2113/jg_5018999_59'
2026-02-23 13:50:28.790041 (3746471) main____ INFO    ----------------------------------------
2026-02-23 13:50:28.790553 (3746471) lic_core INFO    Initializing license system ...
2026-02-23 13:50:28.791072 (3746471) lic_core INFO    ... license system initialized.
2026-02-23 13:50:28.791819 (3746471) lic__man INFO    Claim 'fpv' for <ui>.
2026-02-23 13:50:28.791851 (3746471) lic_core INFO    (1) checking out 'jasper_fpv' ...
2026-02-23 13:50:28.798057 (3746471) lic_core INFO    ... (1) checkout failed (error: -5) ("FLEXnet ERROR(-5, 0, 0): No such feature exists.")
2026-02-23 13:50:28.798084 (3746471) lic_core INFO    (2) checking out 'jasper_fao' ...
2026-02-23 13:50:28.807437 (3746471) lic_core INFO    ... (2) checkout succeeded
2026-02-23 13:50:28.818224 (3746471) session_ INFO    Starting analysis session with session id 'session_0' (launcher: <local>) ...
2026-02-23 13:50:28.821033 (3746471) session_ INFO    Analysis session with session id 'session_0' started (pid: 3746493)
2026-02-23 13:50:29.381638 (3746471) session_ INFO    Analysis session 'session_0' connected to the console (host: 127.0.0.1:50980)
2026-02-23 13:50:29.896251 (3746471) main____ INFO    About to exit: request to exit with status 1 received from analysis session 'session_0'
2026-02-23 13:50:29.963466 (3746471) session_ INFO    Analysis session 'session_0' disconnected.
2026-02-23 13:50:29.963633 (3746471) lic__man INFO    Unclaim everything for 'session_0'.
2026-02-23 13:50:29.964685 (3746471) session_ INFO    Process for analysis session 'session_0' has exited with exit status '1'.
2026-02-23 13:50:32.000838 (3746471) lic_core INFO    (2) checkin jasper_fao
2026-02-23 13:50:32.003648 (3746471) main____ INFO    Exiting with status 1.
