2026-02-23 13:44:28.377753 (2897357) main____ INFO    ----------------------------------------
2026-02-23 13:44:28.377820 (2897357) main____ INFO    JasperGold version info
2026-02-23 13:44:28.377837 (2897357) main____ INFO      tool      : JasperGold 2021.03
2026-02-23 13:44:28.377846 (2897357) main____ INFO      version   : 2021.03 FCS 64 bits
2026-02-23 13:44:28.377852 (2897357) main____ INFO      build date: 2021.03.23 02:50:43 UTC
2026-02-23 13:44:28.377858 (2897357) main____ INFO    ----------------------------------------
2026-02-23 13:44:28.377863 (2897357) main____ INFO    Runtime info:
2026-02-23 13:44:28.377869 (2897357) main____ INFO      platform  : Linux 5.14.0-570.84.1.el9_6.x86_64 x86_64
2026-02-23 13:44:28.377876 (2897357) main____ INFO      hostname  : della-h16n9
2026-02-23 13:44:28.377882 (2897357) main____ INFO      pid       : 2897357
2026-02-23 13:44:28.377893 (2897357) main____ INFO      arguments : '-style' 'windows' '-batch' '-proj' './verification_results/01707/jgproject' '-tcl' './jasper_verif_check.tcl'
2026-02-23 13:44:28.377901 (2897357) main____ INFO      locale    : UTF-8
2026-02-23 13:44:28.377907 (2897357) main____ INFO    ----------------------------------------
2026-02-23 13:44:28.377912 (2897357) main____ INFO    System resource limits info:
2026-02-23 13:44:28.377917 (2897357) main____ INFO      virtual memory: unlimited
2026-02-23 13:44:28.377924 (2897357) main____ INFO      cpu time      : unlimited
2026-02-23 13:44:28.377929 (2897357) main____ INFO      stack size    : unlimited
2026-02-23 13:44:28.377934 (2897357) main____ INFO      core file size: unlimited
2026-02-23 13:44:28.377941 (2897357) main____ INFO      open files    : 131072
2026-02-23 13:44:28.377947 (2897357) main____ INFO      file size     : unlimited
2026-02-23 13:44:28.377952 (2897357) main____ INFO    ----------------------------------------
2026-02-23 13:44:28.377957 (2897357) main____ INFO    Memory statistics:
2026-02-23 13:44:28.377964 (2897357) main____ INFO      total physical memory  : 1584164368 kB
2026-02-23 13:44:28.377970 (2897357) main____ INFO      free physical memory   : 832581288 kB
2026-02-23 13:44:28.377975 (2897357) main____ INFO      committed address space: 654225232 kB
2026-02-23 13:44:28.377980 (2897357) main____ INFO    ----------------------------------------
2026-02-23 13:44:28.378513 (2897357) main____ INFO    Important environment variables:
2026-02-23 13:44:28.378528 (2897357) main____ INFO      JASPER_HOME       : '/usr/licensed/cadence-20210126/jasper_2021.03'
2026-02-23 13:44:28.378535 (2897357) main____ INFO      JASPER_INSTALL_DIR: '/scratch/gpfs/LICENSED/x86_64/cadence-20210126/jasper_2021.03'
2026-02-23 13:44:28.378542 (2897357) main____ INFO      LANG              : 'en_US.UTF-8'
2026-02-23 13:44:28.378548 (2897357) main____ INFO      LM_LICENSE_FILE   : '5280@license.rc.princeton.edu'
2026-02-23 13:44:28.378554 (2897357) main____ INFO      TMPDIR            : '/tmp/ab2113/jg_5018847_26'
2026-02-23 13:44:28.378559 (2897357) main____ INFO    ----------------------------------------
2026-02-23 13:44:28.379063 (2897357) lic_core INFO    Initializing license system ...
2026-02-23 13:44:28.379622 (2897357) lic_core INFO    ... license system initialized.
2026-02-23 13:44:28.380387 (2897357) lic__man INFO    Claim 'fpv' for <ui>.
2026-02-23 13:44:28.380422 (2897357) lic_core INFO    (1) checking out 'jasper_fpv' ...
2026-02-23 13:44:28.387130 (2897357) lic_core INFO    ... (1) checkout failed (error: -5) ("FLEXnet ERROR(-5, 0, 0): No such feature exists.")
2026-02-23 13:44:28.387160 (2897357) lic_core INFO    (2) checking out 'jasper_fao' ...
2026-02-23 13:44:28.396460 (2897357) lic_core INFO    ... (2) checkout succeeded
2026-02-23 13:44:28.407347 (2897357) session_ INFO    Starting analysis session with session id 'session_0' (launcher: <local>) ...
2026-02-23 13:44:28.410083 (2897357) session_ INFO    Analysis session with session id 'session_0' started (pid: 2897365)
2026-02-23 13:44:29.060630 (2897357) session_ INFO    Analysis session 'session_0' connected to the console (host: 127.0.0.1:55394)
2026-02-23 13:44:29.722056 (2897357) main____ INFO    About to exit: request to exit with status 1 received from analysis session 'session_0'
2026-02-23 13:44:29.780354 (2897357) session_ INFO    Analysis session 'session_0' disconnected.
2026-02-23 13:44:29.780499 (2897357) lic__man INFO    Unclaim everything for 'session_0'.
2026-02-23 13:44:29.783093 (2897357) session_ INFO    Process for analysis session 'session_0' has exited with exit status '1'.
2026-02-23 13:44:31.661759 (2897357) lic_core INFO    (2) checkin jasper_fao
2026-02-23 13:44:31.663448 (2897357) main____ INFO    Exiting with status 1.
