2026-02-23 13:46:51.644890 (935097) main____ INFO    ----------------------------------------
2026-02-23 13:46:51.644959 (935097) main____ INFO    JasperGold version info
2026-02-23 13:46:51.644976 (935097) main____ INFO      tool      : JasperGold 2021.03
2026-02-23 13:46:51.644983 (935097) main____ INFO      version   : 2021.03 FCS 64 bits
2026-02-23 13:46:51.644988 (935097) main____ INFO      build date: 2021.03.23 02:50:43 UTC
2026-02-23 13:46:51.644992 (935097) main____ INFO    ----------------------------------------
2026-02-23 13:46:51.644996 (935097) main____ INFO    Runtime info:
2026-02-23 13:46:51.645000 (935097) main____ INFO      platform  : Linux 5.14.0-570.84.1.el9_6.x86_64 x86_64
2026-02-23 13:46:51.645005 (935097) main____ INFO      hostname  : della-i13n12
2026-02-23 13:46:51.645010 (935097) main____ INFO      pid       : 935097
2026-02-23 13:46:51.645014 (935097) main____ INFO      arguments : '-style' 'windows' '-batch' '-proj' './verification_results/02156/jgproject' '-tcl' './jasper_verif_check.tcl'
2026-02-23 13:46:51.645021 (935097) main____ INFO      locale    : UTF-8
2026-02-23 13:46:51.645025 (935097) main____ INFO    ----------------------------------------
2026-02-23 13:46:51.645028 (935097) main____ INFO    System resource limits info:
2026-02-23 13:46:51.645032 (935097) main____ INFO      virtual memory: unlimited
2026-02-23 13:46:51.645036 (935097) main____ INFO      cpu time      : unlimited
2026-02-23 13:46:51.645040 (935097) main____ INFO      stack size    : unlimited
2026-02-23 13:46:51.645044 (935097) main____ INFO      core file size: unlimited
2026-02-23 13:46:51.645050 (935097) main____ INFO      open files    : 131072
2026-02-23 13:46:51.645054 (935097) main____ INFO      file size     : unlimited
2026-02-23 13:46:51.645058 (935097) main____ INFO    ----------------------------------------
2026-02-23 13:46:51.645062 (935097) main____ INFO    Memory statistics:
2026-02-23 13:46:51.645066 (935097) main____ INFO      total physical memory  : 394157548 kB
2026-02-23 13:46:51.645070 (935097) main____ INFO      free physical memory   : 226761900 kB
2026-02-23 13:46:51.645078 (935097) main____ INFO      committed address space: 110571844 kB
2026-02-23 13:46:51.645082 (935097) main____ INFO    ----------------------------------------
2026-02-23 13:46:51.645949 (935097) main____ INFO    Important environment variables:
2026-02-23 13:46:51.645962 (935097) main____ INFO      JASPER_HOME       : '/usr/licensed/cadence-20210126/jasper_2021.03'
2026-02-23 13:46:51.645968 (935097) main____ INFO      JASPER_INSTALL_DIR: '/scratch/gpfs/LICENSED/x86_64/cadence-20210126/jasper_2021.03'
2026-02-23 13:46:51.645973 (935097) main____ INFO      LANG              : 'en_US.UTF-8'
2026-02-23 13:46:51.645978 (935097) main____ INFO      LM_LICENSE_FILE   : '5280@license.rc.princeton.edu'
2026-02-23 13:46:51.645982 (935097) main____ INFO      TMPDIR            : '/tmp/ab2113/jg_5018894_35'
2026-02-23 13:46:51.645986 (935097) main____ INFO    ----------------------------------------
2026-02-23 13:46:51.646739 (935097) lic_core INFO    Initializing license system ...
2026-02-23 13:46:51.647130 (935097) lic_core INFO    ... license system initialized.
2026-02-23 13:46:51.647791 (935097) lic__man INFO    Claim 'fpv' for <ui>.
2026-02-23 13:46:51.647823 (935097) lic_core INFO    (1) checking out 'jasper_fpv' ...
2026-02-23 13:46:51.653128 (935097) lic_core INFO    ... (1) checkout failed (error: -5) ("FLEXnet ERROR(-5, 0, 0): No such feature exists.")
2026-02-23 13:46:51.653155 (935097) lic_core INFO    (2) checking out 'jasper_fao' ...
2026-02-23 13:46:51.663223 (935097) lic_core INFO    ... (2) checkout succeeded
2026-02-23 13:46:51.676624 (935097) session_ INFO    Starting analysis session with session id 'session_0' (launcher: <local>) ...
2026-02-23 13:46:51.679229 (935097) session_ INFO    Analysis session with session id 'session_0' started (pid: 935105)
2026-02-23 13:46:52.285559 (935097) session_ INFO    Analysis session 'session_0' connected to the console (host: 127.0.0.1:42418)
2026-02-23 13:46:53.158180 (935097) main____ INFO    About to exit: request to exit with status 1 received from analysis session 'session_0'
2026-02-23 13:46:53.226034 (935097) session_ INFO    Analysis session 'session_0' disconnected.
2026-02-23 13:46:53.226161 (935097) lic__man INFO    Unclaim everything for 'session_0'.
2026-02-23 13:46:53.226660 (935097) session_ INFO    Process for analysis session 'session_0' has exited with exit status '1'.
2026-02-23 13:46:55.062239 (935097) lic_core INFO    (2) checkin jasper_fao
2026-02-23 13:46:55.063686 (935097) main____ INFO    Exiting with status 1.
