2026-02-23 14:59:55.222222 (2956922) main____ INFO    ----------------------------------------
2026-02-23 14:59:55.222326 (2956922) main____ INFO    JasperGold version info
2026-02-23 14:59:55.222345 (2956922) main____ INFO      tool      : JasperGold 2021.03
2026-02-23 14:59:55.222354 (2956922) main____ INFO      version   : 2021.03 FCS 64 bits
2026-02-23 14:59:55.222358 (2956922) main____ INFO      build date: 2021.03.23 02:50:43 UTC
2026-02-23 14:59:55.222362 (2956922) main____ INFO    ----------------------------------------
2026-02-23 14:59:55.222365 (2956922) main____ INFO    Runtime info:
2026-02-23 14:59:55.222369 (2956922) main____ INFO      platform  : Linux 5.14.0-570.84.1.el9_6.x86_64 x86_64
2026-02-23 14:59:55.222374 (2956922) main____ INFO      hostname  : della-h12n18
2026-02-23 14:59:55.222378 (2956922) main____ INFO      pid       : 2956922
2026-02-23 14:59:55.222382 (2956922) main____ INFO      arguments : '-style' 'windows' '-batch' '-proj' './verification_results/04726/jgproject' '-tcl' './jasper_verif_check.tcl'
2026-02-23 14:59:55.222389 (2956922) main____ INFO      locale    : UTF-8
2026-02-23 14:59:55.222393 (2956922) main____ INFO    ----------------------------------------
2026-02-23 14:59:55.222396 (2956922) main____ INFO    System resource limits info:
2026-02-23 14:59:55.222406 (2956922) main____ INFO      virtual memory: unlimited
2026-02-23 14:59:55.222410 (2956922) main____ INFO      cpu time      : unlimited
2026-02-23 14:59:55.222413 (2956922) main____ INFO      stack size    : unlimited
2026-02-23 14:59:55.222417 (2956922) main____ INFO      core file size: unlimited
2026-02-23 14:59:55.222422 (2956922) main____ INFO      open files    : 131072
2026-02-23 14:59:55.222426 (2956922) main____ INFO      file size     : unlimited
2026-02-23 14:59:55.222430 (2956922) main____ INFO    ----------------------------------------
2026-02-23 14:59:55.222434 (2956922) main____ INFO    Memory statistics:
2026-02-23 14:59:55.222438 (2956922) main____ INFO      total physical memory  : 1055795796 kB
2026-02-23 14:59:55.222441 (2956922) main____ INFO      free physical memory   : 274156604 kB
2026-02-23 14:59:55.222445 (2956922) main____ INFO      committed address space: 470715456 kB
2026-02-23 14:59:55.222448 (2956922) main____ INFO    ----------------------------------------
2026-02-23 14:59:55.223205 (2956922) main____ INFO    Important environment variables:
2026-02-23 14:59:55.223220 (2956922) main____ INFO      JASPER_HOME       : '/usr/licensed/cadence-20210126/jasper_2021.03'
2026-02-23 14:59:55.223225 (2956922) main____ INFO      JASPER_INSTALL_DIR: '/scratch/gpfs/LICENSED/x86_64/cadence-20210126/jasper_2021.03'
2026-02-23 14:59:55.223230 (2956922) main____ INFO      LANG              : 'en_US.UTF-8'
2026-02-23 14:59:55.223234 (2956922) main____ INFO      LM_LICENSE_FILE   : '5280@license.rc.princeton.edu'
2026-02-23 14:59:55.223239 (2956922) main____ INFO      TMPDIR            : '/tmp/ab2113/jg_5019198_87'
2026-02-23 14:59:55.223243 (2956922) main____ INFO    ----------------------------------------
2026-02-23 14:59:55.223695 (2956922) lic_core INFO    Initializing license system ...
2026-02-23 14:59:55.224371 (2956922) lic_core INFO    ... license system initialized.
2026-02-23 14:59:55.225294 (2956922) lic__man INFO    Claim 'fpv' for <ui>.
2026-02-23 14:59:55.225329 (2956922) lic_core INFO    (1) checking out 'jasper_fpv' ...
2026-02-23 14:59:55.230977 (2956922) lic_core INFO    ... (1) checkout failed (error: -5) ("FLEXnet ERROR(-5, 0, 0): No such feature exists.")
2026-02-23 14:59:55.231021 (2956922) lic_core INFO    (2) checking out 'jasper_fao' ...
2026-02-23 14:59:55.242614 (2956922) lic_core INFO    ... (2) checkout succeeded
2026-02-23 14:59:55.256013 (2956922) session_ INFO    Starting analysis session with session id 'session_0' (launcher: <local>) ...
2026-02-23 14:59:55.258723 (2956922) session_ INFO    Analysis session with session id 'session_0' started (pid: 2956930)
2026-02-23 14:59:55.878471 (2956922) session_ INFO    Analysis session 'session_0' connected to the console (host: 127.0.0.1:45724)
2026-02-23 14:59:56.711815 (2956922) lic__man INFO    Unclaim everything for 'session_0'.
2026-02-23 14:59:56.771846 (2956922) lic__man INFO    Claim 'fpv' for 'session_0'.
2026-02-23 14:59:56.771893 (2956922) lic__man INFO    Claim 'fpv' for 'session_0/prove-0'.
2026-02-23 14:59:57.008855 (2956922) lic__man INFO    Unclaim everything for 'session_0/prove-0'.
2026-02-23 14:59:57.064491 (2956922) main____ INFO    About to exit: request to exit with status 0 received from analysis session 'session_0'
2026-02-23 14:59:57.138641 (2956922) session_ INFO    Analysis session 'session_0' disconnected.
2026-02-23 14:59:57.138766 (2956922) lic__man INFO    Unclaim everything for 'session_0'.
2026-02-23 14:59:57.139539 (2956922) session_ INFO    Process for analysis session 'session_0' has exited with exit status '0'.
2026-02-23 14:59:59.009488 (2956922) lic_core INFO    (2) checkin jasper_fao
2026-02-23 14:59:59.011130 (2956922) main____ INFO    Exiting with status 0.
