2026-02-23 13:47:38.441193 (1949116) main____ INFO    ----------------------------------------
2026-02-23 13:47:38.441278 (1949116) main____ INFO    JasperGold version info
2026-02-23 13:47:38.441295 (1949116) main____ INFO      tool      : JasperGold 2021.03
2026-02-23 13:47:38.441303 (1949116) main____ INFO      version   : 2021.03 FCS 64 bits
2026-02-23 13:47:38.441309 (1949116) main____ INFO      build date: 2021.03.23 02:50:43 UTC
2026-02-23 13:47:38.441313 (1949116) main____ INFO    ----------------------------------------
2026-02-23 13:47:38.441317 (1949116) main____ INFO    Runtime info:
2026-02-23 13:47:38.441322 (1949116) main____ INFO      platform  : Linux 5.14.0-570.84.1.el9_6.x86_64 x86_64
2026-02-23 13:47:38.441328 (1949116) main____ INFO      hostname  : della-r3c1n5
2026-02-23 13:47:38.441333 (1949116) main____ INFO      pid       : 1949116
2026-02-23 13:47:38.441337 (1949116) main____ INFO      arguments : '-style' 'windows' '-batch' '-proj' './verification_results/02817/jgproject' '-tcl' './jasper_verif_check.tcl'
2026-02-23 13:47:38.441346 (1949116) main____ INFO      locale    : UTF-8
2026-02-23 13:47:38.441350 (1949116) main____ INFO    ----------------------------------------
2026-02-23 13:47:38.441354 (1949116) main____ INFO    System resource limits info:
2026-02-23 13:47:38.441358 (1949116) main____ INFO      virtual memory: unlimited
2026-02-23 13:47:38.441363 (1949116) main____ INFO      cpu time      : unlimited
2026-02-23 13:47:38.441367 (1949116) main____ INFO      stack size    : unlimited
2026-02-23 13:47:38.441372 (1949116) main____ INFO      core file size: unlimited
2026-02-23 13:47:38.441379 (1949116) main____ INFO      open files    : 131072
2026-02-23 13:47:38.441383 (1949116) main____ INFO      file size     : unlimited
2026-02-23 13:47:38.441387 (1949116) main____ INFO    ----------------------------------------
2026-02-23 13:47:38.441392 (1949116) main____ INFO    Memory statistics:
2026-02-23 13:47:38.441396 (1949116) main____ INFO      total physical memory  : 195972056 kB
2026-02-23 13:47:38.441401 (1949116) main____ INFO      free physical memory   : 110377544 kB
2026-02-23 13:47:38.441405 (1949116) main____ INFO      committed address space: 55663924 kB
2026-02-23 13:47:38.441409 (1949116) main____ INFO    ----------------------------------------
2026-02-23 13:47:38.442394 (1949116) main____ INFO    Important environment variables:
2026-02-23 13:47:38.442409 (1949116) main____ INFO      JASPER_HOME       : '/usr/licensed/cadence-20210126/jasper_2021.03'
2026-02-23 13:47:38.442415 (1949116) main____ INFO      JASPER_INSTALL_DIR: '/scratch/gpfs/LICENSED/x86_64/cadence-20210126/jasper_2021.03'
2026-02-23 13:47:38.442421 (1949116) main____ INFO      LANG              : 'en_US.UTF-8'
2026-02-23 13:47:38.442426 (1949116) main____ INFO      LM_LICENSE_FILE   : '5280@license.rc.princeton.edu'
2026-02-23 13:47:38.442431 (1949116) main____ INFO      TMPDIR            : '/tmp/ab2113/jg_5018959_49'
2026-02-23 13:47:38.442435 (1949116) main____ INFO    ----------------------------------------
2026-02-23 13:47:38.443269 (1949116) lic_core INFO    Initializing license system ...
2026-02-23 13:47:38.444090 (1949116) lic_core INFO    ... license system initialized.
2026-02-23 13:47:38.444841 (1949116) lic__man INFO    Claim 'fpv' for <ui>.
2026-02-23 13:47:38.444879 (1949116) lic_core INFO    (1) checking out 'jasper_fpv' ...
2026-02-23 13:47:38.450900 (1949116) lic_core INFO    ... (1) checkout failed (error: -5) ("FLEXnet ERROR(-5, 0, 0): No such feature exists.")
2026-02-23 13:47:38.450940 (1949116) lic_core INFO    (2) checking out 'jasper_fao' ...
2026-02-23 13:47:38.461824 (1949116) lic_core INFO    ... (2) checkout succeeded
2026-02-23 13:47:38.477195 (1949116) session_ INFO    Starting analysis session with session id 'session_0' (launcher: <local>) ...
2026-02-23 13:47:38.480377 (1949116) session_ INFO    Analysis session with session id 'session_0' started (pid: 1949124)
2026-02-23 13:47:39.186945 (1949116) session_ INFO    Analysis session 'session_0' connected to the console (host: 127.0.0.1:39402)
2026-02-23 13:47:40.073097 (1949116) lic__man INFO    Unclaim everything for 'session_0'.
2026-02-23 13:47:40.133226 (1949116) lic__man INFO    Claim 'fpv' for 'session_0'.
2026-02-23 13:47:40.133271 (1949116) lic__man INFO    Claim 'fpv' for 'session_0/prove-0'.
2026-02-23 13:47:40.283456 (1949116) lic__man INFO    Unclaim everything for 'session_0/prove-0'.
2026-02-23 13:47:40.341219 (1949116) main____ INFO    About to exit: request to exit with status 0 received from analysis session 'session_0'
2026-02-23 13:47:40.430439 (1949116) session_ INFO    Analysis session 'session_0' disconnected.
2026-02-23 13:47:40.430565 (1949116) lic__man INFO    Unclaim everything for 'session_0'.
2026-02-23 13:47:40.430943 (1949116) session_ INFO    Process for analysis session 'session_0' has exited with exit status '0'.
2026-02-23 13:47:42.449803 (1949116) lic_core INFO    (2) checkin jasper_fao
2026-02-23 13:47:42.451404 (1949116) main____ INFO    Exiting with status 0.
