2026-02-23 13:48:03.656657 (137283) main____ INFO    ----------------------------------------
2026-02-23 13:48:03.656726 (137283) main____ INFO    JasperGold version info
2026-02-23 13:48:03.656744 (137283) main____ INFO      tool      : JasperGold 2021.03
2026-02-23 13:48:03.656753 (137283) main____ INFO      version   : 2021.03 FCS 64 bits
2026-02-23 13:48:03.656759 (137283) main____ INFO      build date: 2021.03.23 02:50:43 UTC
2026-02-23 13:48:03.656765 (137283) main____ INFO    ----------------------------------------
2026-02-23 13:48:03.656769 (137283) main____ INFO    Runtime info:
2026-02-23 13:48:03.656775 (137283) main____ INFO      platform  : Linux 5.14.0-570.84.1.el9_6.x86_64 x86_64
2026-02-23 13:48:03.656781 (137283) main____ INFO      hostname  : della-h14n2
2026-02-23 13:48:03.656786 (137283) main____ INFO      pid       : 137283
2026-02-23 13:48:03.656792 (137283) main____ INFO      arguments : '-style' 'windows' '-batch' '-proj' './verification_results/02404/jgproject' '-tcl' './jasper_verif_check.tcl'
2026-02-23 13:48:03.656800 (137283) main____ INFO      locale    : UTF-8
2026-02-23 13:48:03.656806 (137283) main____ INFO    ----------------------------------------
2026-02-23 13:48:03.656818 (137283) main____ INFO    System resource limits info:
2026-02-23 13:48:03.656823 (137283) main____ INFO      virtual memory: unlimited
2026-02-23 13:48:03.656828 (137283) main____ INFO      cpu time      : unlimited
2026-02-23 13:48:03.656834 (137283) main____ INFO      stack size    : unlimited
2026-02-23 13:48:03.656840 (137283) main____ INFO      core file size: unlimited
2026-02-23 13:48:03.656847 (137283) main____ INFO      open files    : 131072
2026-02-23 13:48:03.656852 (137283) main____ INFO      file size     : unlimited
2026-02-23 13:48:03.656857 (137283) main____ INFO    ----------------------------------------
2026-02-23 13:48:03.656862 (137283) main____ INFO    Memory statistics:
2026-02-23 13:48:03.656867 (137283) main____ INFO      total physical memory  : 1584164328 kB
2026-02-23 13:48:03.656872 (137283) main____ INFO      free physical memory   : 742448496 kB
2026-02-23 13:48:03.656877 (137283) main____ INFO      committed address space: 683433284 kB
2026-02-23 13:48:03.656883 (137283) main____ INFO    ----------------------------------------
2026-02-23 13:48:03.657393 (137283) main____ INFO    Important environment variables:
2026-02-23 13:48:03.657407 (137283) main____ INFO      JASPER_HOME       : '/usr/licensed/cadence-20210126/jasper_2021.03'
2026-02-23 13:48:03.657414 (137283) main____ INFO      JASPER_INSTALL_DIR: '/scratch/gpfs/LICENSED/x86_64/cadence-20210126/jasper_2021.03'
2026-02-23 13:48:03.657420 (137283) main____ INFO      LANG              : 'en_US.UTF-8'
2026-02-23 13:48:03.657426 (137283) main____ INFO      LM_LICENSE_FILE   : '5280@license.rc.princeton.edu'
2026-02-23 13:48:03.657432 (137283) main____ INFO      TMPDIR            : '/tmp/ab2113/jg_5018912_40'
2026-02-23 13:48:03.657439 (137283) main____ INFO    ----------------------------------------
2026-02-23 13:48:03.657936 (137283) lic_core INFO    Initializing license system ...
2026-02-23 13:48:03.658495 (137283) lic_core INFO    ... license system initialized.
2026-02-23 13:48:03.659275 (137283) lic__man INFO    Claim 'fpv' for <ui>.
2026-02-23 13:48:03.659309 (137283) lic_core INFO    (1) checking out 'jasper_fpv' ...
2026-02-23 13:48:03.665690 (137283) lic_core INFO    ... (1) checkout failed (error: -5) ("FLEXnet ERROR(-5, 0, 0): No such feature exists.")
2026-02-23 13:48:03.665719 (137283) lic_core INFO    (2) checking out 'jasper_fao' ...
2026-02-23 13:48:03.674131 (137283) lic_core INFO    ... (2) checkout succeeded
2026-02-23 13:48:03.685285 (137283) session_ INFO    Starting analysis session with session id 'session_0' (launcher: <local>) ...
2026-02-23 13:48:03.688307 (137283) session_ INFO    Analysis session with session id 'session_0' started (pid: 137291)
2026-02-23 13:48:04.210703 (137283) session_ INFO    Analysis session 'session_0' connected to the console (host: 127.0.0.1:34542)
2026-02-23 13:48:04.975067 (137283) lic__man INFO    Unclaim everything for 'session_0'.
2026-02-23 13:48:05.005944 (137283) lic__man INFO    Claim 'fpv' for 'session_0'.
2026-02-23 13:48:05.005982 (137283) lic__man INFO    Claim 'fpv' for 'session_0/prove-0'.
2026-02-23 13:48:05.165997 (137283) lic__man INFO    Unclaim everything for 'session_0/prove-0'.
2026-02-23 13:48:05.219881 (137283) main____ INFO    About to exit: request to exit with status 0 received from analysis session 'session_0'
2026-02-23 13:48:05.283119 (137283) session_ INFO    Analysis session 'session_0' disconnected.
2026-02-23 13:48:05.283243 (137283) lic__man INFO    Unclaim everything for 'session_0'.
2026-02-23 13:48:05.283752 (137283) session_ INFO    Process for analysis session 'session_0' has exited with exit status '0'.
2026-02-23 13:48:07.327753 (137283) lic_core INFO    (2) checkin jasper_fao
2026-02-23 13:48:07.329304 (137283) main____ INFO    Exiting with status 0.
