2026-02-23 13:42:27.685129 (343853) main____ INFO    ----------------------------------------
2026-02-23 13:42:27.685216 (343853) main____ INFO    JasperGold version info
2026-02-23 13:42:27.685236 (343853) main____ INFO      tool      : JasperGold 2021.03
2026-02-23 13:42:27.685245 (343853) main____ INFO      version   : 2021.03 FCS 64 bits
2026-02-23 13:42:27.685251 (343853) main____ INFO      build date: 2021.03.23 02:50:43 UTC
2026-02-23 13:42:27.685256 (343853) main____ INFO    ----------------------------------------
2026-02-23 13:42:27.685261 (343853) main____ INFO    Runtime info:
2026-02-23 13:42:27.685266 (343853) main____ INFO      platform  : Linux 5.14.0-570.84.1.el9_6.x86_64 x86_64
2026-02-23 13:42:27.685272 (343853) main____ INFO      hostname  : della-h16n10
2026-02-23 13:42:27.685277 (343853) main____ INFO      pid       : 343853
2026-02-23 13:42:27.685282 (343853) main____ INFO      arguments : '-style' 'windows' '-batch' '-proj' './verification_results/01734/jgproject' '-tcl' './jasper_verif_check.tcl'
2026-02-23 13:42:27.685290 (343853) main____ INFO      locale    : UTF-8
2026-02-23 13:42:27.685295 (343853) main____ INFO    ----------------------------------------
2026-02-23 13:42:27.685300 (343853) main____ INFO    System resource limits info:
2026-02-23 13:42:27.685305 (343853) main____ INFO      virtual memory: unlimited
2026-02-23 13:42:27.685310 (343853) main____ INFO      cpu time      : unlimited
2026-02-23 13:42:27.685315 (343853) main____ INFO      stack size    : unlimited
2026-02-23 13:42:27.685320 (343853) main____ INFO      core file size: unlimited
2026-02-23 13:42:27.685327 (343853) main____ INFO      open files    : 131072
2026-02-23 13:42:27.685331 (343853) main____ INFO      file size     : unlimited
2026-02-23 13:42:27.685337 (343853) main____ INFO    ----------------------------------------
2026-02-23 13:42:27.685342 (343853) main____ INFO    Memory statistics:
2026-02-23 13:42:27.685347 (343853) main____ INFO      total physical memory  : 1584164356 kB
2026-02-23 13:42:27.685352 (343853) main____ INFO      free physical memory   : 967514640 kB
2026-02-23 13:42:27.685357 (343853) main____ INFO      committed address space: 609914236 kB
2026-02-23 13:42:27.685361 (343853) main____ INFO    ----------------------------------------
2026-02-23 13:42:27.685903 (343853) main____ INFO    Important environment variables:
2026-02-23 13:42:27.685917 (343853) main____ INFO      JASPER_HOME       : '/usr/licensed/cadence-20210126/jasper_2021.03'
2026-02-23 13:42:27.685923 (343853) main____ INFO      JASPER_INSTALL_DIR: '/scratch/gpfs/LICENSED/x86_64/cadence-20210126/jasper_2021.03'
2026-02-23 13:42:27.685929 (343853) main____ INFO      LANG              : 'en_US.UTF-8'
2026-02-23 13:42:27.685934 (343853) main____ INFO      LM_LICENSE_FILE   : '5280@license.rc.princeton.edu'
2026-02-23 13:42:27.685939 (343853) main____ INFO      TMPDIR            : '/tmp/ab2113/jg_5018848_27'
2026-02-23 13:42:27.685944 (343853) main____ INFO    ----------------------------------------
2026-02-23 13:42:27.686458 (343853) lic_core INFO    Initializing license system ...
2026-02-23 13:42:27.686994 (343853) lic_core INFO    ... license system initialized.
2026-02-23 13:42:27.687741 (343853) lic__man INFO    Claim 'fpv' for <ui>.
2026-02-23 13:42:27.687775 (343853) lic_core INFO    (1) checking out 'jasper_fpv' ...
2026-02-23 13:42:27.693479 (343853) lic_core INFO    ... (1) checkout failed (error: -5) ("FLEXnet ERROR(-5, 0, 0): No such feature exists.")
2026-02-23 13:42:27.693512 (343853) lic_core INFO    (2) checking out 'jasper_fao' ...
2026-02-23 13:42:27.702091 (343853) lic_core INFO    ... (2) checkout succeeded
2026-02-23 13:42:27.713212 (343853) session_ INFO    Starting analysis session with session id 'session_0' (launcher: <local>) ...
2026-02-23 13:42:27.715669 (343853) session_ INFO    Analysis session with session id 'session_0' started (pid: 343862)
2026-02-23 13:42:28.256415 (343853) session_ INFO    Analysis session 'session_0' connected to the console (host: 127.0.0.1:40344)
2026-02-23 13:42:28.835152 (343853) main____ INFO    About to exit: request to exit with status 1 received from analysis session 'session_0'
2026-02-23 13:42:28.887834 (343853) session_ INFO    Analysis session 'session_0' disconnected.
2026-02-23 13:42:28.887966 (343853) lic__man INFO    Unclaim everything for 'session_0'.
2026-02-23 13:42:28.889522 (343853) session_ INFO    Process for analysis session 'session_0' has exited with exit status '1'.
2026-02-23 13:42:30.940642 (343853) lic_core INFO    (2) checkin jasper_fao
2026-02-23 13:42:30.942296 (343853) main____ INFO    Exiting with status 1.
