2026-02-23 13:49:16.943791 (933569) main____ INFO    ----------------------------------------
2026-02-23 13:49:16.943880 (933569) main____ INFO    JasperGold version info
2026-02-23 13:49:16.943894 (933569) main____ INFO      tool      : JasperGold 2021.03
2026-02-23 13:49:16.943903 (933569) main____ INFO      version   : 2021.03 FCS 64 bits
2026-02-23 13:49:16.943909 (933569) main____ INFO      build date: 2021.03.23 02:50:43 UTC
2026-02-23 13:49:16.943915 (933569) main____ INFO    ----------------------------------------
2026-02-23 13:49:16.943920 (933569) main____ INFO    Runtime info:
2026-02-23 13:49:16.943926 (933569) main____ INFO      platform  : Linux 5.14.0-570.84.1.el9_6.x86_64 x86_64
2026-02-23 13:49:16.943932 (933569) main____ INFO      hostname  : della-h14n16
2026-02-23 13:49:16.943938 (933569) main____ INFO      pid       : 933569
2026-02-23 13:49:16.943942 (933569) main____ INFO      arguments : '-style' 'windows' '-batch' '-proj' './verification_results/03036/jgproject' '-tcl' './jasper_verif_check.tcl'
2026-02-23 13:49:16.943952 (933569) main____ INFO      locale    : UTF-8
2026-02-23 13:49:16.943957 (933569) main____ INFO    ----------------------------------------
2026-02-23 13:49:16.943962 (933569) main____ INFO    System resource limits info:
2026-02-23 13:49:16.943967 (933569) main____ INFO      virtual memory: unlimited
2026-02-23 13:49:16.943972 (933569) main____ INFO      cpu time      : unlimited
2026-02-23 13:49:16.943977 (933569) main____ INFO      stack size    : unlimited
2026-02-23 13:49:16.943981 (933569) main____ INFO      core file size: unlimited
2026-02-23 13:49:16.943990 (933569) main____ INFO      open files    : 131072
2026-02-23 13:49:16.943995 (933569) main____ INFO      file size     : unlimited
2026-02-23 13:49:16.944000 (933569) main____ INFO    ----------------------------------------
2026-02-23 13:49:16.944005 (933569) main____ INFO    Memory statistics:
2026-02-23 13:49:16.944010 (933569) main____ INFO      total physical memory  : 1584164324 kB
2026-02-23 13:49:16.944015 (933569) main____ INFO      free physical memory   : 924860992 kB
2026-02-23 13:49:16.944020 (933569) main____ INFO      committed address space: 447591944 kB
2026-02-23 13:49:16.944025 (933569) main____ INFO    ----------------------------------------
2026-02-23 13:49:16.944545 (933569) main____ INFO    Important environment variables:
2026-02-23 13:49:16.944560 (933569) main____ INFO      JASPER_HOME       : '/usr/licensed/cadence-20210126/jasper_2021.03'
2026-02-23 13:49:16.944566 (933569) main____ INFO      JASPER_INSTALL_DIR: '/scratch/gpfs/LICENSED/x86_64/cadence-20210126/jasper_2021.03'
2026-02-23 13:49:16.944572 (933569) main____ INFO      LANG              : 'en_US.UTF-8'
2026-02-23 13:49:16.944578 (933569) main____ INFO      LM_LICENSE_FILE   : '5280@license.rc.princeton.edu'
2026-02-23 13:49:16.944594 (933569) main____ INFO      TMPDIR            : '/tmp/ab2113/jg_5018967_53'
2026-02-23 13:49:16.944599 (933569) main____ INFO    ----------------------------------------
2026-02-23 13:49:16.945111 (933569) lic_core INFO    Initializing license system ...
2026-02-23 13:49:16.946168 (933569) lic_core INFO    ... license system initialized.
2026-02-23 13:49:16.946970 (933569) lic__man INFO    Claim 'fpv' for <ui>.
2026-02-23 13:49:16.947005 (933569) lic_core INFO    (1) checking out 'jasper_fpv' ...
2026-02-23 13:49:16.952871 (933569) lic_core INFO    ... (1) checkout failed (error: -5) ("FLEXnet ERROR(-5, 0, 0): No such feature exists.")
2026-02-23 13:49:16.952898 (933569) lic_core INFO    (2) checking out 'jasper_fao' ...
2026-02-23 13:49:16.961536 (933569) lic_core INFO    ... (2) checkout succeeded
2026-02-23 13:49:16.977599 (933569) session_ INFO    Starting analysis session with session id 'session_0' (launcher: <local>) ...
2026-02-23 13:49:16.980633 (933569) session_ INFO    Analysis session with session id 'session_0' started (pid: 933577)
2026-02-23 13:49:17.698024 (933569) session_ INFO    Analysis session 'session_0' connected to the console (host: 127.0.0.1:56480)
2026-02-23 13:49:18.505694 (933569) main____ INFO    About to exit: request to exit with status 1 received from analysis session 'session_0'
2026-02-23 13:49:18.554171 (933569) session_ INFO    Analysis session 'session_0' disconnected.
2026-02-23 13:49:18.554303 (933569) lic__man INFO    Unclaim everything for 'session_0'.
2026-02-23 13:49:18.555054 (933569) session_ INFO    Process for analysis session 'session_0' has exited with exit status '1'.
2026-02-23 13:49:20.588817 (933569) lic_core INFO    (2) checkin jasper_fao
2026-02-23 13:49:20.590448 (933569) main____ INFO    Exiting with status 1.
