2026-02-23 13:44:09.853485 (1143070) main____ INFO    ----------------------------------------
2026-02-23 13:44:09.853594 (1143070) main____ INFO    JasperGold version info
2026-02-23 13:44:09.853612 (1143070) main____ INFO      tool      : JasperGold 2021.03
2026-02-23 13:44:09.853621 (1143070) main____ INFO      version   : 2021.03 FCS 64 bits
2026-02-23 13:44:09.853627 (1143070) main____ INFO      build date: 2021.03.23 02:50:43 UTC
2026-02-23 13:44:09.853631 (1143070) main____ INFO    ----------------------------------------
2026-02-23 13:44:09.853634 (1143070) main____ INFO    Runtime info:
2026-02-23 13:44:09.853639 (1143070) main____ INFO      platform  : Linux 5.14.0-570.84.1.el9_6.x86_64 x86_64
2026-02-23 13:44:09.853645 (1143070) main____ INFO      hostname  : della-i13n20
2026-02-23 13:44:09.853649 (1143070) main____ INFO      pid       : 1143070
2026-02-23 13:44:09.853653 (1143070) main____ INFO      arguments : '-style' 'windows' '-batch' '-proj' './verification_results/01974/jgproject' '-tcl' './jasper_verif_check.tcl'
2026-02-23 13:44:09.853661 (1143070) main____ INFO      locale    : UTF-8
2026-02-23 13:44:09.853665 (1143070) main____ INFO    ----------------------------------------
2026-02-23 13:44:09.853669 (1143070) main____ INFO    System resource limits info:
2026-02-23 13:44:09.853673 (1143070) main____ INFO      virtual memory: unlimited
2026-02-23 13:44:09.853677 (1143070) main____ INFO      cpu time      : unlimited
2026-02-23 13:44:09.853680 (1143070) main____ INFO      stack size    : unlimited
2026-02-23 13:44:09.853684 (1143070) main____ INFO      core file size: unlimited
2026-02-23 13:44:09.853692 (1143070) main____ INFO      open files    : 131072
2026-02-23 13:44:09.853696 (1143070) main____ INFO      file size     : unlimited
2026-02-23 13:44:09.853700 (1143070) main____ INFO    ----------------------------------------
2026-02-23 13:44:09.853703 (1143070) main____ INFO    Memory statistics:
2026-02-23 13:44:09.853708 (1143070) main____ INFO      total physical memory  : 394157552 kB
2026-02-23 13:44:09.853711 (1143070) main____ INFO      free physical memory   : 176396320 kB
2026-02-23 13:44:09.853715 (1143070) main____ INFO      committed address space: 146035348 kB
2026-02-23 13:44:09.853719 (1143070) main____ INFO    ----------------------------------------
2026-02-23 13:44:09.854638 (1143070) main____ INFO    Important environment variables:
2026-02-23 13:44:09.854661 (1143070) main____ INFO      JASPER_HOME       : '/usr/licensed/cadence-20210126/jasper_2021.03'
2026-02-23 13:44:09.854667 (1143070) main____ INFO      JASPER_INSTALL_DIR: '/scratch/gpfs/LICENSED/x86_64/cadence-20210126/jasper_2021.03'
2026-02-23 13:44:09.854672 (1143070) main____ INFO      LANG              : 'en_US.UTF-8'
2026-02-23 13:44:09.854676 (1143070) main____ INFO      LM_LICENSE_FILE   : '5280@license.rc.princeton.edu'
2026-02-23 13:44:09.854681 (1143070) main____ INFO      TMPDIR            : '/tmp/ab2113/jg_5018880_32'
2026-02-23 13:44:09.854685 (1143070) main____ INFO    ----------------------------------------
2026-02-23 13:44:09.855218 (1143070) lic_core INFO    Initializing license system ...
2026-02-23 13:44:09.856081 (1143070) lic_core INFO    ... license system initialized.
2026-02-23 13:44:09.856898 (1143070) lic__man INFO    Claim 'fpv' for <ui>.
2026-02-23 13:44:09.856940 (1143070) lic_core INFO    (1) checking out 'jasper_fpv' ...
2026-02-23 13:44:09.862930 (1143070) lic_core INFO    ... (1) checkout failed (error: -5) ("FLEXnet ERROR(-5, 0, 0): No such feature exists.")
2026-02-23 13:44:09.862992 (1143070) lic_core INFO    (2) checking out 'jasper_fao' ...
2026-02-23 13:44:09.873286 (1143070) lic_core INFO    ... (2) checkout succeeded
2026-02-23 13:44:09.887883 (1143070) session_ INFO    Starting analysis session with session id 'session_0' (launcher: <local>) ...
2026-02-23 13:44:09.891035 (1143070) session_ INFO    Analysis session with session id 'session_0' started (pid: 1143078)
2026-02-23 13:44:10.606253 (1143070) session_ INFO    Analysis session 'session_0' connected to the console (host: 127.0.0.1:35840)
2026-02-23 13:44:11.173241 (1143070) main____ INFO    About to exit: request to exit with status 1 received from analysis session 'session_0'
2026-02-23 13:44:11.259893 (1143070) session_ INFO    Analysis session 'session_0' disconnected.
2026-02-23 13:44:11.260028 (1143070) lic__man INFO    Unclaim everything for 'session_0'.
2026-02-23 13:44:11.260644 (1143070) session_ INFO    Process for analysis session 'session_0' has exited with exit status '1'.
2026-02-23 13:44:13.078453 (1143070) lic_core INFO    (2) checkin jasper_fao
2026-02-23 13:44:13.080181 (1143070) main____ INFO    Exiting with status 1.
