2026-02-20 18:24:47.840705 (2585225) main____ INFO    ----------------------------------------
2026-02-20 18:24:47.840820 (2585225) main____ INFO    JasperGold version info
2026-02-20 18:24:47.840842 (2585225) main____ INFO      tool      : JasperGold 2021.03
2026-02-20 18:24:47.840851 (2585225) main____ INFO      version   : 2021.03 FCS 64 bits
2026-02-20 18:24:47.840857 (2585225) main____ INFO      build date: 2021.03.23 02:50:43 UTC
2026-02-20 18:24:47.840861 (2585225) main____ INFO    ----------------------------------------
2026-02-20 18:24:47.840865 (2585225) main____ INFO    Runtime info:
2026-02-20 18:24:47.840870 (2585225) main____ INFO      platform  : Linux 5.14.0-570.84.1.el9_6.x86_64 x86_64
2026-02-20 18:24:47.840875 (2585225) main____ INFO      hostname  : della-i13n22
2026-02-20 18:24:47.840880 (2585225) main____ INFO      pid       : 2585225
2026-02-20 18:24:47.840884 (2585225) main____ INFO      arguments : '-style' 'windows' '-batch' '-proj' 'verification_results/00778/jgproject' '-tcl' './jasper_verif_check.tcl'
2026-02-20 18:24:47.840892 (2585225) main____ INFO      locale    : UTF-8
2026-02-20 18:24:47.840895 (2585225) main____ INFO    ----------------------------------------
2026-02-20 18:24:47.840899 (2585225) main____ INFO    System resource limits info:
2026-02-20 18:24:47.840903 (2585225) main____ INFO      virtual memory: unlimited
2026-02-20 18:24:47.840907 (2585225) main____ INFO      cpu time      : unlimited
2026-02-20 18:24:47.840911 (2585225) main____ INFO      stack size    : unlimited
2026-02-20 18:24:47.840915 (2585225) main____ INFO      core file size: unlimited
2026-02-20 18:24:47.840922 (2585225) main____ INFO      open files    : 131072
2026-02-20 18:24:47.840926 (2585225) main____ INFO      file size     : unlimited
2026-02-20 18:24:47.840930 (2585225) main____ INFO    ----------------------------------------
2026-02-20 18:24:47.840934 (2585225) main____ INFO    Memory statistics:
2026-02-20 18:24:47.840938 (2585225) main____ INFO      total physical memory  : 394157548 kB
2026-02-20 18:24:47.840942 (2585225) main____ INFO      free physical memory   : 178621120 kB
2026-02-20 18:24:47.840946 (2585225) main____ INFO      committed address space: 180181624 kB
2026-02-20 18:24:47.840949 (2585225) main____ INFO    ----------------------------------------
2026-02-20 18:24:47.841817 (2585225) main____ INFO    Important environment variables:
2026-02-20 18:24:47.841833 (2585225) main____ INFO      JASPER_HOME       : '/usr/licensed/cadence-20210126/jasper_2021.03'
2026-02-20 18:24:47.841839 (2585225) main____ INFO      JASPER_INSTALL_DIR: '/scratch/gpfs/LICENSED/x86_64/cadence-20210126/jasper_2021.03'
2026-02-20 18:24:47.841844 (2585225) main____ INFO      LANG              : 'en_US.UTF-8'
2026-02-20 18:24:47.841849 (2585225) main____ INFO      LM_LICENSE_FILE   : '5280@license.rc.princeton.edu'
2026-02-20 18:24:47.841854 (2585225) main____ INFO      TMPDIR            : '/tmp'
2026-02-20 18:24:47.841858 (2585225) main____ INFO    ----------------------------------------
2026-02-20 18:24:47.842789 (2585225) lic_core INFO    Initializing license system ...
2026-02-20 18:24:47.843681 (2585225) lic_core INFO    ... license system initialized.
2026-02-20 18:24:47.844466 (2585225) lic__man INFO    Claim 'fpv' for <ui>.
2026-02-20 18:24:47.844506 (2585225) lic_core INFO    (1) checking out 'jasper_fpv' ...
2026-02-20 18:24:47.849974 (2585225) lic_core INFO    ... (1) checkout failed (error: -5) ("FLEXnet ERROR(-5, 0, 0): No such feature exists.")
2026-02-20 18:24:47.850029 (2585225) lic_core INFO    (2) checking out 'jasper_fao' ...
2026-02-20 18:24:47.861781 (2585225) lic_core INFO    ... (2) checkout succeeded
2026-02-20 18:24:47.875950 (2585225) session_ INFO    Starting analysis session with session id 'session_0' (launcher: <local>) ...
2026-02-20 18:24:47.878901 (2585225) session_ INFO    Analysis session with session id 'session_0' started (pid: 2585233)
2026-02-20 18:24:48.636245 (2585225) session_ INFO    Analysis session 'session_0' connected to the console (host: 127.0.0.1:52188)
2026-02-20 18:24:49.518514 (2585225) main____ INFO    About to exit: request to exit with status 1 received from analysis session 'session_0'
2026-02-20 18:24:49.619484 (2585225) session_ INFO    Analysis session 'session_0' disconnected.
2026-02-20 18:24:49.619624 (2585225) lic__man INFO    Unclaim everything for 'session_0'.
2026-02-20 18:24:49.620315 (2585225) session_ INFO    Process for analysis session 'session_0' has exited with exit status '1'.
2026-02-20 18:24:51.538538 (2585225) lic_core INFO    (2) checkin jasper_fao
2026-02-20 18:24:51.540052 (2585225) main____ INFO    Exiting with status 1.
