2026-02-23 13:40:43.127561 (102139) main____ INFO    ----------------------------------------
2026-02-23 13:40:43.127629 (102139) main____ INFO    JasperGold version info
2026-02-23 13:40:43.127643 (102139) main____ INFO      tool      : JasperGold 2021.03
2026-02-23 13:40:43.127651 (102139) main____ INFO      version   : 2021.03 FCS 64 bits
2026-02-23 13:40:43.127657 (102139) main____ INFO      build date: 2021.03.23 02:50:43 UTC
2026-02-23 13:40:43.127663 (102139) main____ INFO    ----------------------------------------
2026-02-23 13:40:43.127669 (102139) main____ INFO    Runtime info:
2026-02-23 13:40:43.127674 (102139) main____ INFO      platform  : Linux 5.14.0-570.84.1.el9_6.x86_64 x86_64
2026-02-23 13:40:43.127680 (102139) main____ INFO      hostname  : della-h14n2
2026-02-23 13:40:43.127686 (102139) main____ INFO      pid       : 102139
2026-02-23 13:40:43.127692 (102139) main____ INFO      arguments : '-style' 'windows' '-batch' '-proj' './verification_results/01514/jgproject' '-tcl' './jasper_verif_check.tcl'
2026-02-23 13:40:43.127701 (102139) main____ INFO      locale    : UTF-8
2026-02-23 13:40:43.127707 (102139) main____ INFO    ----------------------------------------
2026-02-23 13:40:43.127713 (102139) main____ INFO    System resource limits info:
2026-02-23 13:40:43.127718 (102139) main____ INFO      virtual memory: unlimited
2026-02-23 13:40:43.127723 (102139) main____ INFO      cpu time      : unlimited
2026-02-23 13:40:43.127729 (102139) main____ INFO      stack size    : unlimited
2026-02-23 13:40:43.127734 (102139) main____ INFO      core file size: unlimited
2026-02-23 13:40:43.127741 (102139) main____ INFO      open files    : 131072
2026-02-23 13:40:43.127746 (102139) main____ INFO      file size     : unlimited
2026-02-23 13:40:43.127752 (102139) main____ INFO    ----------------------------------------
2026-02-23 13:40:43.127758 (102139) main____ INFO    Memory statistics:
2026-02-23 13:40:43.127763 (102139) main____ INFO      total physical memory  : 1584164328 kB
2026-02-23 13:40:43.127769 (102139) main____ INFO      free physical memory   : 731181148 kB
2026-02-23 13:40:43.127774 (102139) main____ INFO      committed address space: 696456692 kB
2026-02-23 13:40:43.127779 (102139) main____ INFO    ----------------------------------------
2026-02-23 13:40:43.128320 (102139) main____ INFO    Important environment variables:
2026-02-23 13:40:43.128334 (102139) main____ INFO      JASPER_HOME       : '/usr/licensed/cadence-20210126/jasper_2021.03'
2026-02-23 13:40:43.128341 (102139) main____ INFO      JASPER_INSTALL_DIR: '/scratch/gpfs/LICENSED/x86_64/cadence-20210126/jasper_2021.03'
2026-02-23 13:40:43.128347 (102139) main____ INFO      LANG              : 'en_US.UTF-8'
2026-02-23 13:40:43.128353 (102139) main____ INFO      LM_LICENSE_FILE   : '5280@license.rc.princeton.edu'
2026-02-23 13:40:43.128358 (102139) main____ INFO      TMPDIR            : '/tmp/ab2113/jg_5018841_23'
2026-02-23 13:40:43.128363 (102139) main____ INFO    ----------------------------------------
2026-02-23 13:40:43.128784 (102139) lic_core INFO    Initializing license system ...
2026-02-23 13:40:43.129366 (102139) lic_core INFO    ... license system initialized.
2026-02-23 13:40:43.130206 (102139) lic__man INFO    Claim 'fpv' for <ui>.
2026-02-23 13:40:43.130239 (102139) lic_core INFO    (1) checking out 'jasper_fpv' ...
2026-02-23 13:40:43.136835 (102139) lic_core INFO    ... (1) checkout failed (error: -5) ("FLEXnet ERROR(-5, 0, 0): No such feature exists.")
2026-02-23 13:40:43.136865 (102139) lic_core INFO    (2) checking out 'jasper_fao' ...
2026-02-23 13:40:43.146500 (102139) lic_core INFO    ... (2) checkout succeeded
2026-02-23 13:40:43.159372 (102139) session_ INFO    Starting analysis session with session id 'session_0' (launcher: <local>) ...
2026-02-23 13:40:43.162779 (102139) session_ INFO    Analysis session with session id 'session_0' started (pid: 102147)
2026-02-23 13:40:43.802393 (102139) session_ INFO    Analysis session 'session_0' connected to the console (host: 127.0.0.1:51598)
2026-02-23 13:40:44.319900 (102139) main____ INFO    About to exit: request to exit with status 1 received from analysis session 'session_0'
2026-02-23 13:40:44.374085 (102139) session_ INFO    Analysis session 'session_0' disconnected.
2026-02-23 13:40:44.374218 (102139) lic__man INFO    Unclaim everything for 'session_0'.
2026-02-23 13:40:44.374922 (102139) session_ INFO    Process for analysis session 'session_0' has exited with exit status '1'.
2026-02-23 13:40:46.425792 (102139) lic_core INFO    (2) checkin jasper_fao
2026-02-23 13:40:46.427083 (102139) main____ INFO    Exiting with status 1.
