2026-02-23 13:49:01.973905 (4151943) main____ INFO    ----------------------------------------
2026-02-23 13:49:01.973986 (4151943) main____ INFO    JasperGold version info
2026-02-23 13:49:01.974003 (4151943) main____ INFO      tool      : JasperGold 2021.03
2026-02-23 13:49:01.974012 (4151943) main____ INFO      version   : 2021.03 FCS 64 bits
2026-02-23 13:49:01.974016 (4151943) main____ INFO      build date: 2021.03.23 02:50:43 UTC
2026-02-23 13:49:01.974021 (4151943) main____ INFO    ----------------------------------------
2026-02-23 13:49:01.974025 (4151943) main____ INFO    Runtime info:
2026-02-23 13:49:01.974029 (4151943) main____ INFO      platform  : Linux 5.14.0-570.84.1.el9_6.x86_64 x86_64
2026-02-23 13:49:01.974035 (4151943) main____ INFO      hostname  : della-r3c2n12
2026-02-23 13:49:01.974040 (4151943) main____ INFO      pid       : 4151943
2026-02-23 13:49:01.974045 (4151943) main____ INFO      arguments : '-style' 'windows' '-batch' '-proj' './verification_results/02698/jgproject' '-tcl' './jasper_verif_check.tcl'
2026-02-23 13:49:01.974052 (4151943) main____ INFO      locale    : UTF-8
2026-02-23 13:49:01.974058 (4151943) main____ INFO    ----------------------------------------
2026-02-23 13:49:01.974062 (4151943) main____ INFO    System resource limits info:
2026-02-23 13:49:01.974067 (4151943) main____ INFO      virtual memory: unlimited
2026-02-23 13:49:01.974071 (4151943) main____ INFO      cpu time      : unlimited
2026-02-23 13:49:01.974076 (4151943) main____ INFO      stack size    : unlimited
2026-02-23 13:49:01.974080 (4151943) main____ INFO      core file size: unlimited
2026-02-23 13:49:01.974087 (4151943) main____ INFO      open files    : 131072
2026-02-23 13:49:01.974092 (4151943) main____ INFO      file size     : unlimited
2026-02-23 13:49:01.974097 (4151943) main____ INFO    ----------------------------------------
2026-02-23 13:49:01.974101 (4151943) main____ INFO    Memory statistics:
2026-02-23 13:49:01.974106 (4151943) main____ INFO      total physical memory  : 195972072 kB
2026-02-23 13:49:01.974110 (4151943) main____ INFO      free physical memory   : 127941596 kB
2026-02-23 13:49:01.974114 (4151943) main____ INFO      committed address space: 44560964 kB
2026-02-23 13:49:01.974118 (4151943) main____ INFO    ----------------------------------------
2026-02-23 13:49:01.975080 (4151943) main____ INFO    Important environment variables:
2026-02-23 13:49:01.975097 (4151943) main____ INFO      JASPER_HOME       : '/usr/licensed/cadence-20210126/jasper_2021.03'
2026-02-23 13:49:01.975103 (4151943) main____ INFO      JASPER_INSTALL_DIR: '/scratch/gpfs/LICENSED/x86_64/cadence-20210126/jasper_2021.03'
2026-02-23 13:49:01.975108 (4151943) main____ INFO      LANG              : 'en_US.UTF-8'
2026-02-23 13:49:01.975113 (4151943) main____ INFO      LM_LICENSE_FILE   : '5280@license.rc.princeton.edu'
2026-02-23 13:49:01.975118 (4151943) main____ INFO      TMPDIR            : '/tmp/ab2113/jg_5018946_46'
2026-02-23 13:49:01.975123 (4151943) main____ INFO    ----------------------------------------
2026-02-23 13:49:01.975955 (4151943) lic_core INFO    Initializing license system ...
2026-02-23 13:49:01.976771 (4151943) lic_core INFO    ... license system initialized.
2026-02-23 13:49:01.977534 (4151943) lic__man INFO    Claim 'fpv' for <ui>.
2026-02-23 13:49:01.977572 (4151943) lic_core INFO    (1) checking out 'jasper_fpv' ...
2026-02-23 13:49:01.983292 (4151943) lic_core INFO    ... (1) checkout failed (error: -5) ("FLEXnet ERROR(-5, 0, 0): No such feature exists.")
2026-02-23 13:49:01.983345 (4151943) lic_core INFO    (2) checking out 'jasper_fao' ...
2026-02-23 13:49:01.993438 (4151943) lic_core INFO    ... (2) checkout succeeded
2026-02-23 13:49:02.007814 (4151943) session_ INFO    Starting analysis session with session id 'session_0' (launcher: <local>) ...
2026-02-23 13:49:02.010617 (4151943) session_ INFO    Analysis session with session id 'session_0' started (pid: 4151951)
2026-02-23 13:49:02.719689 (4151943) session_ INFO    Analysis session 'session_0' connected to the console (host: 127.0.0.1:55956)
2026-02-23 13:49:03.294071 (4151943) main____ INFO    About to exit: request to exit with status 1 received from analysis session 'session_0'
2026-02-23 13:49:03.368419 (4151943) session_ INFO    Analysis session 'session_0' disconnected.
2026-02-23 13:49:03.368563 (4151943) lic__man INFO    Unclaim everything for 'session_0'.
2026-02-23 13:49:03.369347 (4151943) session_ INFO    Process for analysis session 'session_0' has exited with exit status '1'.
2026-02-23 13:49:05.198871 (4151943) lic_core INFO    (2) checkin jasper_fao
2026-02-23 13:49:05.200532 (4151943) main____ INFO    Exiting with status 1.
