2026-02-23 13:37:43.311197 (1435404) main____ INFO    ----------------------------------------
2026-02-23 13:37:43.311269 (1435404) main____ INFO    JasperGold version info
2026-02-23 13:37:43.311282 (1435404) main____ INFO      tool      : JasperGold 2021.03
2026-02-23 13:37:43.311292 (1435404) main____ INFO      version   : 2021.03 FCS 64 bits
2026-02-23 13:37:43.311298 (1435404) main____ INFO      build date: 2021.03.23 02:50:43 UTC
2026-02-23 13:37:43.311303 (1435404) main____ INFO    ----------------------------------------
2026-02-23 13:37:43.311308 (1435404) main____ INFO    Runtime info:
2026-02-23 13:37:43.311313 (1435404) main____ INFO      platform  : Linux 5.14.0-570.84.1.el9_6.x86_64 x86_64
2026-02-23 13:37:43.311321 (1435404) main____ INFO      hostname  : della-h14n5
2026-02-23 13:37:43.311327 (1435404) main____ INFO      pid       : 1435404
2026-02-23 13:37:43.311333 (1435404) main____ INFO      arguments : '-style' 'windows' '-batch' '-proj' './verification_results/00539/jgproject' '-tcl' './jasper_verif_check.tcl'
2026-02-23 13:37:43.311342 (1435404) main____ INFO      locale    : UTF-8
2026-02-23 13:37:43.311347 (1435404) main____ INFO    ----------------------------------------
2026-02-23 13:37:43.311353 (1435404) main____ INFO    System resource limits info:
2026-02-23 13:37:43.311358 (1435404) main____ INFO      virtual memory: unlimited
2026-02-23 13:37:43.311363 (1435404) main____ INFO      cpu time      : unlimited
2026-02-23 13:37:43.311367 (1435404) main____ INFO      stack size    : unlimited
2026-02-23 13:37:43.311372 (1435404) main____ INFO      core file size: unlimited
2026-02-23 13:37:43.311379 (1435404) main____ INFO      open files    : 131072
2026-02-23 13:37:43.311383 (1435404) main____ INFO      file size     : unlimited
2026-02-23 13:37:43.311388 (1435404) main____ INFO    ----------------------------------------
2026-02-23 13:37:43.311393 (1435404) main____ INFO    Memory statistics:
2026-02-23 13:37:43.311398 (1435404) main____ INFO      total physical memory  : 1584164368 kB
2026-02-23 13:37:43.311403 (1435404) main____ INFO      free physical memory   : 701963048 kB
2026-02-23 13:37:43.311407 (1435404) main____ INFO      committed address space: 533248452 kB
2026-02-23 13:37:43.311412 (1435404) main____ INFO    ----------------------------------------
2026-02-23 13:37:43.311920 (1435404) main____ INFO    Important environment variables:
2026-02-23 13:37:43.311934 (1435404) main____ INFO      JASPER_HOME       : '/usr/licensed/cadence-20210126/jasper_2021.03'
2026-02-23 13:37:43.311940 (1435404) main____ INFO      JASPER_INSTALL_DIR: '/scratch/gpfs/LICENSED/x86_64/cadence-20210126/jasper_2021.03'
2026-02-23 13:37:43.311945 (1435404) main____ INFO      LANG              : 'en_US.UTF-8'
2026-02-23 13:37:43.311951 (1435404) main____ INFO      LM_LICENSE_FILE   : '5280@license.rc.princeton.edu'
2026-02-23 13:37:43.311956 (1435404) main____ INFO      TMPDIR            : '/tmp/ab2113/jg_5018699_3'
2026-02-23 13:37:43.311961 (1435404) main____ INFO    ----------------------------------------
2026-02-23 13:37:43.312387 (1435404) lic_core INFO    Initializing license system ...
2026-02-23 13:37:43.312912 (1435404) lic_core INFO    ... license system initialized.
2026-02-23 13:37:43.313648 (1435404) lic__man INFO    Claim 'fpv' for <ui>.
2026-02-23 13:37:43.313679 (1435404) lic_core INFO    (1) checking out 'jasper_fpv' ...
2026-02-23 13:37:43.319448 (1435404) lic_core INFO    ... (1) checkout failed (error: -5) ("FLEXnet ERROR(-5, 0, 0): No such feature exists.")
2026-02-23 13:37:43.319479 (1435404) lic_core INFO    (2) checking out 'jasper_fao' ...
2026-02-23 13:37:43.328722 (1435404) lic_core INFO    ... (2) checkout succeeded
2026-02-23 13:37:43.339629 (1435404) session_ INFO    Starting analysis session with session id 'session_0' (launcher: <local>) ...
2026-02-23 13:37:43.342703 (1435404) session_ INFO    Analysis session with session id 'session_0' started (pid: 1435412)
2026-02-23 13:37:43.948395 (1435404) session_ INFO    Analysis session 'session_0' connected to the console (host: 127.0.0.1:36458)
2026-02-23 13:37:44.772508 (1435404) main____ INFO    About to exit: request to exit with status 1 received from analysis session 'session_0'
2026-02-23 13:37:44.825825 (1435404) session_ INFO    Analysis session 'session_0' disconnected.
2026-02-23 13:37:44.825961 (1435404) lic__man INFO    Unclaim everything for 'session_0'.
2026-02-23 13:37:44.827035 (1435404) session_ INFO    Process for analysis session 'session_0' has exited with exit status '1'.
2026-02-23 13:37:46.678976 (1435404) lic_core INFO    (2) checkin jasper_fao
2026-02-23 13:37:46.680164 (1435404) main____ INFO    Exiting with status 1.
