2026-02-23 13:48:25.703209 (937273) main____ INFO    ----------------------------------------
2026-02-23 13:48:25.703277 (937273) main____ INFO    JasperGold version info
2026-02-23 13:48:25.703293 (937273) main____ INFO      tool      : JasperGold 2021.03
2026-02-23 13:48:25.703299 (937273) main____ INFO      version   : 2021.03 FCS 64 bits
2026-02-23 13:48:25.703304 (937273) main____ INFO      build date: 2021.03.23 02:50:43 UTC
2026-02-23 13:48:25.703308 (937273) main____ INFO    ----------------------------------------
2026-02-23 13:48:25.703311 (937273) main____ INFO    Runtime info:
2026-02-23 13:48:25.703315 (937273) main____ INFO      platform  : Linux 5.14.0-570.84.1.el9_6.x86_64 x86_64
2026-02-23 13:48:25.703320 (937273) main____ INFO      hostname  : della-i13n12
2026-02-23 13:48:25.703324 (937273) main____ INFO      pid       : 937273
2026-02-23 13:48:25.703328 (937273) main____ INFO      arguments : '-style' 'windows' '-batch' '-proj' './verification_results/02880/jgproject' '-tcl' './jasper_verif_check.tcl'
2026-02-23 13:48:25.703335 (937273) main____ INFO      locale    : UTF-8
2026-02-23 13:48:25.703339 (937273) main____ INFO    ----------------------------------------
2026-02-23 13:48:25.703342 (937273) main____ INFO    System resource limits info:
2026-02-23 13:48:25.703346 (937273) main____ INFO      virtual memory: unlimited
2026-02-23 13:48:25.703350 (937273) main____ INFO      cpu time      : unlimited
2026-02-23 13:48:25.703354 (937273) main____ INFO      stack size    : unlimited
2026-02-23 13:48:25.703358 (937273) main____ INFO      core file size: unlimited
2026-02-23 13:48:25.703363 (937273) main____ INFO      open files    : 131072
2026-02-23 13:48:25.703367 (937273) main____ INFO      file size     : unlimited
2026-02-23 13:48:25.703371 (937273) main____ INFO    ----------------------------------------
2026-02-23 13:48:25.703374 (937273) main____ INFO    Memory statistics:
2026-02-23 13:48:25.703378 (937273) main____ INFO      total physical memory  : 394157548 kB
2026-02-23 13:48:25.703382 (937273) main____ INFO      free physical memory   : 227522776 kB
2026-02-23 13:48:25.703385 (937273) main____ INFO      committed address space: 109828940 kB
2026-02-23 13:48:25.703389 (937273) main____ INFO    ----------------------------------------
2026-02-23 13:48:25.704259 (937273) main____ INFO    Important environment variables:
2026-02-23 13:48:25.704272 (937273) main____ INFO      JASPER_HOME       : '/usr/licensed/cadence-20210126/jasper_2021.03'
2026-02-23 13:48:25.704278 (937273) main____ INFO      JASPER_INSTALL_DIR: '/scratch/gpfs/LICENSED/x86_64/cadence-20210126/jasper_2021.03'
2026-02-23 13:48:25.704283 (937273) main____ INFO      LANG              : 'en_US.UTF-8'
2026-02-23 13:48:25.704287 (937273) main____ INFO      LM_LICENSE_FILE   : '5280@license.rc.princeton.edu'
2026-02-23 13:48:25.704292 (937273) main____ INFO      TMPDIR            : '/tmp/ab2113/jg_5018960_50'
2026-02-23 13:48:25.704296 (937273) main____ INFO    ----------------------------------------
2026-02-23 13:48:25.705065 (937273) lic_core INFO    Initializing license system ...
2026-02-23 13:48:25.705817 (937273) lic_core INFO    ... license system initialized.
2026-02-23 13:48:25.706507 (937273) lic__man INFO    Claim 'fpv' for <ui>.
2026-02-23 13:48:25.706539 (937273) lic_core INFO    (1) checking out 'jasper_fpv' ...
2026-02-23 13:48:25.712003 (937273) lic_core INFO    ... (1) checkout failed (error: -5) ("FLEXnet ERROR(-5, 0, 0): No such feature exists.")
2026-02-23 13:48:25.712043 (937273) lic_core INFO    (2) checking out 'jasper_fao' ...
2026-02-23 13:48:25.722550 (937273) lic_core INFO    ... (2) checkout succeeded
2026-02-23 13:48:25.736120 (937273) session_ INFO    Starting analysis session with session id 'session_0' (launcher: <local>) ...
2026-02-23 13:48:25.738782 (937273) session_ INFO    Analysis session with session id 'session_0' started (pid: 937281)
2026-02-23 13:48:26.348635 (937273) session_ INFO    Analysis session 'session_0' connected to the console (host: 127.0.0.1:53376)
2026-02-23 13:48:26.891214 (937273) main____ INFO    About to exit: request to exit with status 1 received from analysis session 'session_0'
2026-02-23 13:48:26.959974 (937273) session_ INFO    Analysis session 'session_0' disconnected.
2026-02-23 13:48:26.960102 (937273) lic__man INFO    Unclaim everything for 'session_0'.
2026-02-23 13:48:26.960628 (937273) session_ INFO    Process for analysis session 'session_0' has exited with exit status '1'.
2026-02-23 13:48:28.991306 (937273) lic_core INFO    (2) checkin jasper_fao
2026-02-23 13:48:28.992842 (937273) main____ INFO    Exiting with status 1.
