2026-02-23 13:42:26.889641 (1140363) main____ INFO    ----------------------------------------
2026-02-23 13:42:26.889757 (1140363) main____ INFO    JasperGold version info
2026-02-23 13:42:26.889775 (1140363) main____ INFO      tool      : JasperGold 2021.03
2026-02-23 13:42:26.889784 (1140363) main____ INFO      version   : 2021.03 FCS 64 bits
2026-02-23 13:42:26.889789 (1140363) main____ INFO      build date: 2021.03.23 02:50:43 UTC
2026-02-23 13:42:26.889793 (1140363) main____ INFO    ----------------------------------------
2026-02-23 13:42:26.889797 (1140363) main____ INFO    Runtime info:
2026-02-23 13:42:26.889801 (1140363) main____ INFO      platform  : Linux 5.14.0-570.84.1.el9_6.x86_64 x86_64
2026-02-23 13:42:26.889807 (1140363) main____ INFO      hostname  : della-i13n20
2026-02-23 13:42:26.889811 (1140363) main____ INFO      pid       : 1140363
2026-02-23 13:42:26.889816 (1140363) main____ INFO      arguments : '-style' 'windows' '-batch' '-proj' './verification_results/01450/jgproject' '-tcl' './jasper_verif_check.tcl'
2026-02-23 13:42:26.889824 (1140363) main____ INFO      locale    : UTF-8
2026-02-23 13:42:26.889829 (1140363) main____ INFO    ----------------------------------------
2026-02-23 13:42:26.889833 (1140363) main____ INFO    System resource limits info:
2026-02-23 13:42:26.889837 (1140363) main____ INFO      virtual memory: unlimited
2026-02-23 13:42:26.889842 (1140363) main____ INFO      cpu time      : unlimited
2026-02-23 13:42:26.889846 (1140363) main____ INFO      stack size    : unlimited
2026-02-23 13:42:26.889850 (1140363) main____ INFO      core file size: unlimited
2026-02-23 13:42:26.889857 (1140363) main____ INFO      open files    : 131072
2026-02-23 13:42:26.889861 (1140363) main____ INFO      file size     : unlimited
2026-02-23 13:42:26.889865 (1140363) main____ INFO    ----------------------------------------
2026-02-23 13:42:26.889869 (1140363) main____ INFO    Memory statistics:
2026-02-23 13:42:26.889873 (1140363) main____ INFO      total physical memory  : 394157552 kB
2026-02-23 13:42:26.889877 (1140363) main____ INFO      free physical memory   : 168269300 kB
2026-02-23 13:42:26.889881 (1140363) main____ INFO      committed address space: 147099904 kB
2026-02-23 13:42:26.889884 (1140363) main____ INFO    ----------------------------------------
2026-02-23 13:42:26.890814 (1140363) main____ INFO    Important environment variables:
2026-02-23 13:42:26.890838 (1140363) main____ INFO      JASPER_HOME       : '/usr/licensed/cadence-20210126/jasper_2021.03'
2026-02-23 13:42:26.890844 (1140363) main____ INFO      JASPER_INSTALL_DIR: '/scratch/gpfs/LICENSED/x86_64/cadence-20210126/jasper_2021.03'
2026-02-23 13:42:26.890849 (1140363) main____ INFO      LANG              : 'en_US.UTF-8'
2026-02-23 13:42:26.890854 (1140363) main____ INFO      LM_LICENSE_FILE   : '5280@license.rc.princeton.edu'
2026-02-23 13:42:26.890858 (1140363) main____ INFO      TMPDIR            : '/tmp/ab2113/jg_5018835_21'
2026-02-23 13:42:26.890862 (1140363) main____ INFO    ----------------------------------------
2026-02-23 13:42:26.891397 (1140363) lic_core INFO    Initializing license system ...
2026-02-23 13:42:26.891963 (1140363) lic_core INFO    ... license system initialized.
2026-02-23 13:42:26.892779 (1140363) lic__man INFO    Claim 'fpv' for <ui>.
2026-02-23 13:42:26.892821 (1140363) lic_core INFO    (1) checking out 'jasper_fpv' ...
2026-02-23 13:42:26.897937 (1140363) lic_core INFO    ... (1) checkout failed (error: -5) ("FLEXnet ERROR(-5, 0, 0): No such feature exists.")
2026-02-23 13:42:26.897999 (1140363) lic_core INFO    (2) checking out 'jasper_fao' ...
2026-02-23 13:42:26.908453 (1140363) lic_core INFO    ... (2) checkout succeeded
2026-02-23 13:42:26.922849 (1140363) session_ INFO    Starting analysis session with session id 'session_0' (launcher: <local>) ...
2026-02-23 13:42:26.926732 (1140363) session_ INFO    Analysis session with session id 'session_0' started (pid: 1140371)
2026-02-23 13:42:27.656750 (1140363) session_ INFO    Analysis session 'session_0' connected to the console (host: 127.0.0.1:46938)
2026-02-23 13:42:28.231239 (1140363) main____ INFO    About to exit: request to exit with status 1 received from analysis session 'session_0'
2026-02-23 13:42:28.326545 (1140363) session_ INFO    Analysis session 'session_0' disconnected.
2026-02-23 13:42:28.326690 (1140363) lic__man INFO    Unclaim everything for 'session_0'.
2026-02-23 13:42:28.327329 (1140363) session_ INFO    Process for analysis session 'session_0' has exited with exit status '1'.
2026-02-23 13:42:30.136080 (1140363) lic_core INFO    (2) checkin jasper_fao
2026-02-23 13:42:30.137716 (1140363) main____ INFO    Exiting with status 1.
