2026-02-23 14:18:32.547356 (2085359) main____ INFO    ----------------------------------------
2026-02-23 14:18:32.547440 (2085359) main____ INFO    JasperGold version info
2026-02-23 14:18:32.547458 (2085359) main____ INFO      tool      : JasperGold 2021.03
2026-02-23 14:18:32.547466 (2085359) main____ INFO      version   : 2021.03 FCS 64 bits
2026-02-23 14:18:32.547471 (2085359) main____ INFO      build date: 2021.03.23 02:50:43 UTC
2026-02-23 14:18:32.547476 (2085359) main____ INFO    ----------------------------------------
2026-02-23 14:18:32.547480 (2085359) main____ INFO    Runtime info:
2026-02-23 14:18:32.547484 (2085359) main____ INFO      platform  : Linux 5.14.0-570.84.1.el9_6.x86_64 x86_64
2026-02-23 14:18:32.547490 (2085359) main____ INFO      hostname  : della-r3c1n15
2026-02-23 14:18:32.547495 (2085359) main____ INFO      pid       : 2085359
2026-02-23 14:18:32.547499 (2085359) main____ INFO      arguments : '-style' 'windows' '-batch' '-proj' './verification_results/03560/jgproject' '-tcl' './jasper_verif_check.tcl'
2026-02-23 14:18:32.547507 (2085359) main____ INFO      locale    : UTF-8
2026-02-23 14:18:32.547512 (2085359) main____ INFO    ----------------------------------------
2026-02-23 14:18:32.547516 (2085359) main____ INFO    System resource limits info:
2026-02-23 14:18:32.547520 (2085359) main____ INFO      virtual memory: unlimited
2026-02-23 14:18:32.547524 (2085359) main____ INFO      cpu time      : unlimited
2026-02-23 14:18:32.547529 (2085359) main____ INFO      stack size    : unlimited
2026-02-23 14:18:32.547533 (2085359) main____ INFO      core file size: unlimited
2026-02-23 14:18:32.547539 (2085359) main____ INFO      open files    : 131072
2026-02-23 14:18:32.547544 (2085359) main____ INFO      file size     : unlimited
2026-02-23 14:18:32.547548 (2085359) main____ INFO    ----------------------------------------
2026-02-23 14:18:32.547552 (2085359) main____ INFO    Memory statistics:
2026-02-23 14:18:32.547557 (2085359) main____ INFO      total physical memory  : 195972072 kB
2026-02-23 14:18:32.547561 (2085359) main____ INFO      free physical memory   : 106785608 kB
2026-02-23 14:18:32.547565 (2085359) main____ INFO      committed address space: 17055184 kB
2026-02-23 14:18:32.547569 (2085359) main____ INFO    ----------------------------------------
2026-02-23 14:18:32.548518 (2085359) main____ INFO    Important environment variables:
2026-02-23 14:18:32.548534 (2085359) main____ INFO      JASPER_HOME       : '/usr/licensed/cadence-20210126/jasper_2021.03'
2026-02-23 14:18:32.548540 (2085359) main____ INFO      JASPER_INSTALL_DIR: '/scratch/gpfs/LICENSED/x86_64/cadence-20210126/jasper_2021.03'
2026-02-23 14:18:32.548545 (2085359) main____ INFO      LANG              : 'en_US.UTF-8'
2026-02-23 14:18:32.548550 (2085359) main____ INFO      LM_LICENSE_FILE   : '5280@license.rc.princeton.edu'
2026-02-23 14:18:32.548555 (2085359) main____ INFO      TMPDIR            : '/tmp/ab2113/jg_5019032_63'
2026-02-23 14:18:32.548560 (2085359) main____ INFO    ----------------------------------------
2026-02-23 14:18:32.549392 (2085359) lic_core INFO    Initializing license system ...
2026-02-23 14:18:32.550208 (2085359) lic_core INFO    ... license system initialized.
2026-02-23 14:18:32.550938 (2085359) lic__man INFO    Claim 'fpv' for <ui>.
2026-02-23 14:18:32.550975 (2085359) lic_core INFO    (1) checking out 'jasper_fpv' ...
2026-02-23 14:18:32.557015 (2085359) lic_core INFO    ... (1) checkout failed (error: -5) ("FLEXnet ERROR(-5, 0, 0): No such feature exists.")
2026-02-23 14:18:32.557044 (2085359) lic_core INFO    (2) checking out 'jasper_fao' ...
2026-02-23 14:18:32.567168 (2085359) lic_core INFO    ... (2) checkout succeeded
2026-02-23 14:18:32.581403 (2085359) session_ INFO    Starting analysis session with session id 'session_0' (launcher: <local>) ...
2026-02-23 14:18:32.584183 (2085359) session_ INFO    Analysis session with session id 'session_0' started (pid: 2085367)
2026-02-23 14:18:33.330078 (2085359) session_ INFO    Analysis session 'session_0' connected to the console (host: 127.0.0.1:48440)
2026-02-23 14:18:34.249756 (2085359) lic__man INFO    Unclaim everything for 'session_0'.
2026-02-23 14:18:34.314355 (2085359) main____ INFO    About to exit: request to exit with status 3 received from analysis session 'session_0'
2026-02-23 14:18:34.391721 (2085359) session_ INFO    Analysis session 'session_0' disconnected.
2026-02-23 14:18:34.391857 (2085359) lic__man INFO    Unclaim everything for 'session_0'.
2026-02-23 14:18:34.392372 (2085359) session_ INFO    Process for analysis session 'session_0' has exited with exit status '3'.
2026-02-23 14:18:36.304402 (2085359) lic_core INFO    (2) checkin jasper_fao
2026-02-23 14:18:36.306026 (2085359) main____ INFO    Exiting with status 3.
