2026-02-23 13:59:24.722138 (2937866) main____ INFO    ----------------------------------------
2026-02-23 13:59:24.722237 (2937866) main____ INFO    JasperGold version info
2026-02-23 13:59:24.722255 (2937866) main____ INFO      tool      : JasperGold 2021.03
2026-02-23 13:59:24.722266 (2937866) main____ INFO      version   : 2021.03 FCS 64 bits
2026-02-23 13:59:24.722270 (2937866) main____ INFO      build date: 2021.03.23 02:50:43 UTC
2026-02-23 13:59:24.722274 (2937866) main____ INFO    ----------------------------------------
2026-02-23 13:59:24.722278 (2937866) main____ INFO    Runtime info:
2026-02-23 13:59:24.722282 (2937866) main____ INFO      platform  : Linux 5.14.0-570.84.1.el9_6.x86_64 x86_64
2026-02-23 13:59:24.722286 (2937866) main____ INFO      hostname  : della-h12n18
2026-02-23 13:59:24.722290 (2937866) main____ INFO      pid       : 2937866
2026-02-23 13:59:24.722294 (2937866) main____ INFO      arguments : '-style' 'windows' '-batch' '-proj' './verification_results/04669/jgproject' '-tcl' './jasper_verif_check.tcl'
2026-02-23 13:59:24.722301 (2937866) main____ INFO      locale    : UTF-8
2026-02-23 13:59:24.722305 (2937866) main____ INFO    ----------------------------------------
2026-02-23 13:59:24.722308 (2937866) main____ INFO    System resource limits info:
2026-02-23 13:59:24.722312 (2937866) main____ INFO      virtual memory: unlimited
2026-02-23 13:59:24.722315 (2937866) main____ INFO      cpu time      : unlimited
2026-02-23 13:59:24.722319 (2937866) main____ INFO      stack size    : unlimited
2026-02-23 13:59:24.722323 (2937866) main____ INFO      core file size: unlimited
2026-02-23 13:59:24.722328 (2937866) main____ INFO      open files    : 131072
2026-02-23 13:59:24.722332 (2937866) main____ INFO      file size     : unlimited
2026-02-23 13:59:24.722335 (2937866) main____ INFO    ----------------------------------------
2026-02-23 13:59:24.722339 (2937866) main____ INFO    Memory statistics:
2026-02-23 13:59:24.722342 (2937866) main____ INFO      total physical memory  : 1055795796 kB
2026-02-23 13:59:24.722346 (2937866) main____ INFO      free physical memory   : 289718792 kB
2026-02-23 13:59:24.722349 (2937866) main____ INFO      committed address space: 431025396 kB
2026-02-23 13:59:24.722352 (2937866) main____ INFO    ----------------------------------------
2026-02-23 13:59:24.723116 (2937866) main____ INFO    Important environment variables:
2026-02-23 13:59:24.723132 (2937866) main____ INFO      JASPER_HOME       : '/usr/licensed/cadence-20210126/jasper_2021.03'
2026-02-23 13:59:24.723137 (2937866) main____ INFO      JASPER_INSTALL_DIR: '/scratch/gpfs/LICENSED/x86_64/cadence-20210126/jasper_2021.03'
2026-02-23 13:59:24.723142 (2937866) main____ INFO      LANG              : 'en_US.UTF-8'
2026-02-23 13:59:24.723146 (2937866) main____ INFO      LM_LICENSE_FILE   : '5280@license.rc.princeton.edu'
2026-02-23 13:59:24.723150 (2937866) main____ INFO      TMPDIR            : '/tmp/ab2113/jg_5019197_86'
2026-02-23 13:59:24.723154 (2937866) main____ INFO    ----------------------------------------
2026-02-23 13:59:24.723912 (2937866) lic_core INFO    Initializing license system ...
2026-02-23 13:59:24.724663 (2937866) lic_core INFO    ... license system initialized.
2026-02-23 13:59:24.725581 (2937866) lic__man INFO    Claim 'fpv' for <ui>.
2026-02-23 13:59:24.725615 (2937866) lic_core INFO    (1) checking out 'jasper_fpv' ...
2026-02-23 13:59:24.731878 (2937866) lic_core INFO    ... (1) checkout failed (error: -5) ("FLEXnet ERROR(-5, 0, 0): No such feature exists.")
2026-02-23 13:59:24.731938 (2937866) lic_core INFO    (2) checking out 'jasper_fao' ...
2026-02-23 13:59:24.742988 (2937866) lic_core INFO    ... (2) checkout succeeded
2026-02-23 13:59:24.756590 (2937866) session_ INFO    Starting analysis session with session id 'session_0' (launcher: <local>) ...
2026-02-23 13:59:24.759268 (2937866) session_ INFO    Analysis session with session id 'session_0' started (pid: 2937874)
2026-02-23 13:59:25.405745 (2937866) session_ INFO    Analysis session 'session_0' connected to the console (host: 127.0.0.1:59536)
2026-02-23 13:59:25.943495 (2937866) main____ INFO    About to exit: request to exit with status 1 received from analysis session 'session_0'
2026-02-23 13:59:26.005101 (2937866) session_ INFO    Analysis session 'session_0' disconnected.
2026-02-23 13:59:26.005254 (2937866) lic__man INFO    Unclaim everything for 'session_0'.
2026-02-23 13:59:26.005777 (2937866) session_ INFO    Process for analysis session 'session_0' has exited with exit status '1'.
2026-02-23 13:59:28.006327 (2937866) lic_core INFO    (2) checkin jasper_fao
2026-02-23 13:59:28.007945 (2937866) main____ INFO    Exiting with status 1.
