2026-02-23 13:42:53.448513 (2076582) main____ INFO    ----------------------------------------
2026-02-23 13:42:53.448604 (2076582) main____ INFO    JasperGold version info
2026-02-23 13:42:53.448621 (2076582) main____ INFO      tool      : JasperGold 2021.03
2026-02-23 13:42:53.448630 (2076582) main____ INFO      version   : 2021.03 FCS 64 bits
2026-02-23 13:42:53.448636 (2076582) main____ INFO      build date: 2021.03.23 02:50:43 UTC
2026-02-23 13:42:53.448640 (2076582) main____ INFO    ----------------------------------------
2026-02-23 13:42:53.448645 (2076582) main____ INFO    Runtime info:
2026-02-23 13:42:53.448650 (2076582) main____ INFO      platform  : Linux 5.14.0-570.84.1.el9_6.x86_64 x86_64
2026-02-23 13:42:53.448658 (2076582) main____ INFO      hostname  : della-r3c1n15
2026-02-23 13:42:53.448663 (2076582) main____ INFO      pid       : 2076582
2026-02-23 13:42:53.448668 (2076582) main____ INFO      arguments : '-style' 'windows' '-batch' '-proj' './verification_results/01405/jgproject' '-tcl' './jasper_verif_check.tcl'
2026-02-23 13:42:53.448676 (2076582) main____ INFO      locale    : UTF-8
2026-02-23 13:42:53.448681 (2076582) main____ INFO    ----------------------------------------
2026-02-23 13:42:53.448685 (2076582) main____ INFO    System resource limits info:
2026-02-23 13:42:53.448690 (2076582) main____ INFO      virtual memory: unlimited
2026-02-23 13:42:53.448695 (2076582) main____ INFO      cpu time      : unlimited
2026-02-23 13:42:53.448699 (2076582) main____ INFO      stack size    : unlimited
2026-02-23 13:42:53.448704 (2076582) main____ INFO      core file size: unlimited
2026-02-23 13:42:53.448711 (2076582) main____ INFO      open files    : 131072
2026-02-23 13:42:53.448716 (2076582) main____ INFO      file size     : unlimited
2026-02-23 13:42:53.448720 (2076582) main____ INFO    ----------------------------------------
2026-02-23 13:42:53.448724 (2076582) main____ INFO    Memory statistics:
2026-02-23 13:42:53.448729 (2076582) main____ INFO      total physical memory  : 195972072 kB
2026-02-23 13:42:53.448733 (2076582) main____ INFO      free physical memory   : 105591276 kB
2026-02-23 13:42:53.448737 (2076582) main____ INFO      committed address space: 18004408 kB
2026-02-23 13:42:53.448741 (2076582) main____ INFO    ----------------------------------------
2026-02-23 13:42:53.449791 (2076582) main____ INFO    Important environment variables:
2026-02-23 13:42:53.449810 (2076582) main____ INFO      JASPER_HOME       : '/usr/licensed/cadence-20210126/jasper_2021.03'
2026-02-23 13:42:53.449817 (2076582) main____ INFO      JASPER_INSTALL_DIR: '/scratch/gpfs/LICENSED/x86_64/cadence-20210126/jasper_2021.03'
2026-02-23 13:42:53.449823 (2076582) main____ INFO      LANG              : 'en_US.UTF-8'
2026-02-23 13:42:53.449828 (2076582) main____ INFO      LM_LICENSE_FILE   : '5280@license.rc.princeton.edu'
2026-02-23 13:42:53.449834 (2076582) main____ INFO      TMPDIR            : '/tmp/ab2113/jg_5018834_20'
2026-02-23 13:42:53.449838 (2076582) main____ INFO    ----------------------------------------
2026-02-23 13:42:53.450739 (2076582) lic_core INFO    Initializing license system ...
2026-02-23 13:42:53.451620 (2076582) lic_core INFO    ... license system initialized.
2026-02-23 13:42:53.452488 (2076582) lic__man INFO    Claim 'fpv' for <ui>.
2026-02-23 13:42:53.452532 (2076582) lic_core INFO    (1) checking out 'jasper_fpv' ...
2026-02-23 13:42:53.459072 (2076582) lic_core INFO    ... (1) checkout failed (error: -5) ("FLEXnet ERROR(-5, 0, 0): No such feature exists.")
2026-02-23 13:42:53.459129 (2076582) lic_core INFO    (2) checking out 'jasper_fao' ...
2026-02-23 13:42:53.470129 (2076582) lic_core INFO    ... (2) checkout succeeded
2026-02-23 13:42:53.486311 (2076582) session_ INFO    Starting analysis session with session id 'session_0' (launcher: <local>) ...
2026-02-23 13:42:53.489961 (2076582) session_ INFO    Analysis session with session id 'session_0' started (pid: 2076590)
2026-02-23 13:42:54.216247 (2076582) session_ INFO    Analysis session 'session_0' connected to the console (host: 127.0.0.1:47456)
2026-02-23 13:42:55.060568 (2076582) lic__man INFO    Unclaim everything for 'session_0'.
2026-02-23 13:42:55.242231 (2076582) lic__man INFO    Claim 'fpv' for 'session_0'.
2026-02-23 13:42:55.242281 (2076582) lic__man INFO    Claim 'fpv' for 'session_0/prove-0'.
2026-02-23 13:42:55.405158 (2076582) lic__man INFO    Unclaim everything for 'session_0/prove-0'.
2026-02-23 13:42:55.463310 (2076582) main____ INFO    About to exit: request to exit with status 0 received from analysis session 'session_0'
2026-02-23 13:42:55.549407 (2076582) session_ INFO    Analysis session 'session_0' disconnected.
2026-02-23 13:42:55.549550 (2076582) lic__man INFO    Unclaim everything for 'session_0'.
2026-02-23 13:42:55.550163 (2076582) session_ INFO    Process for analysis session 'session_0' has exited with exit status '0'.
2026-02-23 13:42:57.369042 (2076582) lic_core INFO    (2) checkin jasper_fao
2026-02-23 13:42:57.370583 (2076582) main____ INFO    Exiting with status 0.
