2026-02-23 14:39:30.892994 (1794860) main____ INFO    ----------------------------------------
2026-02-23 14:39:30.893073 (1794860) main____ INFO    JasperGold version info
2026-02-23 14:39:30.893090 (1794860) main____ INFO      tool      : JasperGold 2021.03
2026-02-23 14:39:30.893099 (1794860) main____ INFO      version   : 2021.03 FCS 64 bits
2026-02-23 14:39:30.893104 (1794860) main____ INFO      build date: 2021.03.23 02:50:43 UTC
2026-02-23 14:39:30.893109 (1794860) main____ INFO    ----------------------------------------
2026-02-23 14:39:30.893114 (1794860) main____ INFO    Runtime info:
2026-02-23 14:39:30.893120 (1794860) main____ INFO      platform  : Linux 5.14.0-570.84.1.el9_6.x86_64 x86_64
2026-02-23 14:39:30.893126 (1794860) main____ INFO      hostname  : della-h14n12
2026-02-23 14:39:30.893131 (1794860) main____ INFO      pid       : 1794860
2026-02-23 14:39:30.893136 (1794860) main____ INFO      arguments : '-style' 'windows' '-batch' '-proj' './verification_results/00847/jgproject' '-tcl' './jasper_verif_check.tcl'
2026-02-23 14:39:30.893144 (1794860) main____ INFO      locale    : UTF-8
2026-02-23 14:39:30.893149 (1794860) main____ INFO    ----------------------------------------
2026-02-23 14:39:30.893154 (1794860) main____ INFO    System resource limits info:
2026-02-23 14:39:30.893159 (1794860) main____ INFO      virtual memory: unlimited
2026-02-23 14:39:30.893164 (1794860) main____ INFO      cpu time      : unlimited
2026-02-23 14:39:30.893169 (1794860) main____ INFO      stack size    : unlimited
2026-02-23 14:39:30.893174 (1794860) main____ INFO      core file size: unlimited
2026-02-23 14:39:30.893181 (1794860) main____ INFO      open files    : 131072
2026-02-23 14:39:30.893186 (1794860) main____ INFO      file size     : unlimited
2026-02-23 14:39:30.893191 (1794860) main____ INFO    ----------------------------------------
2026-02-23 14:39:30.893196 (1794860) main____ INFO    Memory statistics:
2026-02-23 14:39:30.893201 (1794860) main____ INFO      total physical memory  : 1584164368 kB
2026-02-23 14:39:30.893206 (1794860) main____ INFO      free physical memory   : 570024428 kB
2026-02-23 14:39:30.893211 (1794860) main____ INFO      committed address space: 613465952 kB
2026-02-23 14:39:30.893216 (1794860) main____ INFO    ----------------------------------------
2026-02-23 14:39:30.893756 (1794860) main____ INFO    Important environment variables:
2026-02-23 14:39:30.893769 (1794860) main____ INFO      JASPER_HOME       : '/usr/licensed/cadence-20210126/jasper_2021.03'
2026-02-23 14:39:30.893775 (1794860) main____ INFO      JASPER_INSTALL_DIR: '/scratch/gpfs/LICENSED/x86_64/cadence-20210126/jasper_2021.03'
2026-02-23 14:39:30.893780 (1794860) main____ INFO      LANG              : 'en_US.UTF-8'
2026-02-23 14:39:30.893786 (1794860) main____ INFO      LM_LICENSE_FILE   : '5280@license.rc.princeton.edu'
2026-02-23 14:39:30.893791 (1794860) main____ INFO      TMPDIR            : '/tmp/ab2113/jg_5018798_9'
2026-02-23 14:39:30.893796 (1794860) main____ INFO    ----------------------------------------
2026-02-23 14:39:30.894330 (1794860) lic_core INFO    Initializing license system ...
2026-02-23 14:39:30.894860 (1794860) lic_core INFO    ... license system initialized.
2026-02-23 14:39:30.895647 (1794860) lic__man INFO    Claim 'fpv' for <ui>.
2026-02-23 14:39:30.895680 (1794860) lic_core INFO    (1) checking out 'jasper_fpv' ...
2026-02-23 14:39:30.901618 (1794860) lic_core INFO    ... (1) checkout failed (error: -5) ("FLEXnet ERROR(-5, 0, 0): No such feature exists.")
2026-02-23 14:39:30.901644 (1794860) lic_core INFO    (2) checking out 'jasper_fao' ...
2026-02-23 14:39:30.910742 (1794860) lic_core INFO    ... (2) checkout succeeded
2026-02-23 14:39:30.921295 (1794860) session_ INFO    Starting analysis session with session id 'session_0' (launcher: <local>) ...
2026-02-23 14:39:30.923844 (1794860) session_ INFO    Analysis session with session id 'session_0' started (pid: 1794868)
2026-02-23 14:39:31.449999 (1794860) session_ INFO    Analysis session 'session_0' connected to the console (host: 127.0.0.1:56330)
2026-02-23 14:39:31.986041 (1794860) main____ INFO    About to exit: request to exit with status 1 received from analysis session 'session_0'
2026-02-23 14:39:32.035449 (1794860) session_ INFO    Analysis session 'session_0' disconnected.
2026-02-23 14:39:32.035583 (1794860) lic__man INFO    Unclaim everything for 'session_0'.
2026-02-23 14:39:32.036806 (1794860) session_ INFO    Process for analysis session 'session_0' has exited with exit status '1'.
2026-02-23 14:39:34.089049 (1794860) lic_core INFO    (2) checkin jasper_fao
2026-02-23 14:39:34.090689 (1794860) main____ INFO    Exiting with status 1.
