2026-02-23 13:42:33.740594 (107892) main____ INFO    ----------------------------------------
2026-02-23 13:42:33.740676 (107892) main____ INFO    JasperGold version info
2026-02-23 13:42:33.740692 (107892) main____ INFO      tool      : JasperGold 2021.03
2026-02-23 13:42:33.740700 (107892) main____ INFO      version   : 2021.03 FCS 64 bits
2026-02-23 13:42:33.740708 (107892) main____ INFO      build date: 2021.03.23 02:50:43 UTC
2026-02-23 13:42:33.740714 (107892) main____ INFO    ----------------------------------------
2026-02-23 13:42:33.740719 (107892) main____ INFO    Runtime info:
2026-02-23 13:42:33.740724 (107892) main____ INFO      platform  : Linux 5.14.0-570.84.1.el9_6.x86_64 x86_64
2026-02-23 13:42:33.740731 (107892) main____ INFO      hostname  : della-h14n2
2026-02-23 13:42:33.740738 (107892) main____ INFO      pid       : 107892
2026-02-23 13:42:33.740743 (107892) main____ INFO      arguments : '-style' 'windows' '-batch' '-proj' './verification_results/01544/jgproject' '-tcl' './jasper_verif_check.tcl'
2026-02-23 13:42:33.740754 (107892) main____ INFO      locale    : UTF-8
2026-02-23 13:42:33.740760 (107892) main____ INFO    ----------------------------------------
2026-02-23 13:42:33.740765 (107892) main____ INFO    System resource limits info:
2026-02-23 13:42:33.740772 (107892) main____ INFO      virtual memory: unlimited
2026-02-23 13:42:33.740779 (107892) main____ INFO      cpu time      : unlimited
2026-02-23 13:42:33.740784 (107892) main____ INFO      stack size    : unlimited
2026-02-23 13:42:33.740789 (107892) main____ INFO      core file size: unlimited
2026-02-23 13:42:33.740797 (107892) main____ INFO      open files    : 131072
2026-02-23 13:42:33.740802 (107892) main____ INFO      file size     : unlimited
2026-02-23 13:42:33.740807 (107892) main____ INFO    ----------------------------------------
2026-02-23 13:42:33.740820 (107892) main____ INFO    Memory statistics:
2026-02-23 13:42:33.740825 (107892) main____ INFO      total physical memory  : 1584164328 kB
2026-02-23 13:42:33.740831 (107892) main____ INFO      free physical memory   : 723471316 kB
2026-02-23 13:42:33.740837 (107892) main____ INFO      committed address space: 694370756 kB
2026-02-23 13:42:33.740842 (107892) main____ INFO    ----------------------------------------
2026-02-23 13:42:33.741390 (107892) main____ INFO    Important environment variables:
2026-02-23 13:42:33.741407 (107892) main____ INFO      JASPER_HOME       : '/usr/licensed/cadence-20210126/jasper_2021.03'
2026-02-23 13:42:33.741414 (107892) main____ INFO      JASPER_INSTALL_DIR: '/scratch/gpfs/LICENSED/x86_64/cadence-20210126/jasper_2021.03'
2026-02-23 13:42:33.741420 (107892) main____ INFO      LANG              : 'en_US.UTF-8'
2026-02-23 13:42:33.741427 (107892) main____ INFO      LM_LICENSE_FILE   : '5280@license.rc.princeton.edu'
2026-02-23 13:42:33.741433 (107892) main____ INFO      TMPDIR            : '/tmp/ab2113/jg_5018841_23'
2026-02-23 13:42:33.741439 (107892) main____ INFO    ----------------------------------------
2026-02-23 13:42:33.741991 (107892) lic_core INFO    Initializing license system ...
2026-02-23 13:42:33.742587 (107892) lic_core INFO    ... license system initialized.
2026-02-23 13:42:33.743383 (107892) lic__man INFO    Claim 'fpv' for <ui>.
2026-02-23 13:42:33.743420 (107892) lic_core INFO    (1) checking out 'jasper_fpv' ...
2026-02-23 13:42:33.748887 (107892) lic_core INFO    ... (1) checkout failed (error: -5) ("FLEXnet ERROR(-5, 0, 0): No such feature exists.")
2026-02-23 13:42:33.748933 (107892) lic_core INFO    (2) checking out 'jasper_fao' ...
2026-02-23 13:42:33.758155 (107892) lic_core INFO    ... (2) checkout succeeded
2026-02-23 13:42:33.769691 (107892) session_ INFO    Starting analysis session with session id 'session_0' (launcher: <local>) ...
2026-02-23 13:42:33.772931 (107892) session_ INFO    Analysis session with session id 'session_0' started (pid: 107900)
2026-02-23 13:42:34.353877 (107892) session_ INFO    Analysis session 'session_0' connected to the console (host: 127.0.0.1:41482)
2026-02-23 13:42:35.137229 (107892) lic__man INFO    Unclaim everything for 'session_0'.
2026-02-23 13:42:35.172757 (107892) lic__man INFO    Claim 'fpv' for 'session_0'.
2026-02-23 13:42:35.172800 (107892) lic__man INFO    Claim 'fpv' for 'session_0/prove-0'.
2026-02-23 13:42:35.334532 (107892) lic__man INFO    Unclaim everything for 'session_0/prove-0'.
2026-02-23 13:42:35.388887 (107892) main____ INFO    About to exit: request to exit with status 0 received from analysis session 'session_0'
2026-02-23 13:42:35.447550 (107892) session_ INFO    Analysis session 'session_0' disconnected.
2026-02-23 13:42:35.447674 (107892) lic__man INFO    Unclaim everything for 'session_0'.
2026-02-23 13:42:35.448448 (107892) session_ INFO    Process for analysis session 'session_0' has exited with exit status '0'.
2026-02-23 13:42:37.469571 (107892) lic_core INFO    (2) checkin jasper_fao
2026-02-23 13:42:37.471195 (107892) main____ INFO    Exiting with status 0.
