2026-02-23 13:53:56.838858 (1954532) main____ INFO    ----------------------------------------
2026-02-23 13:53:56.838934 (1954532) main____ INFO    JasperGold version info
2026-02-23 13:53:56.838951 (1954532) main____ INFO      tool      : JasperGold 2021.03
2026-02-23 13:53:56.838959 (1954532) main____ INFO      version   : 2021.03 FCS 64 bits
2026-02-23 13:53:56.838964 (1954532) main____ INFO      build date: 2021.03.23 02:50:43 UTC
2026-02-23 13:53:56.838969 (1954532) main____ INFO    ----------------------------------------
2026-02-23 13:53:56.838973 (1954532) main____ INFO    Runtime info:
2026-02-23 13:53:56.838978 (1954532) main____ INFO      platform  : Linux 5.14.0-570.84.1.el9_6.x86_64 x86_64
2026-02-23 13:53:56.838983 (1954532) main____ INFO      hostname  : della-r3c1n5
2026-02-23 13:53:56.838988 (1954532) main____ INFO      pid       : 1954532
2026-02-23 13:53:56.838993 (1954532) main____ INFO      arguments : '-style' 'windows' '-batch' '-proj' './verification_results/03923/jgproject' '-tcl' './jasper_verif_check.tcl'
2026-02-23 13:53:56.839001 (1954532) main____ INFO      locale    : UTF-8
2026-02-23 13:53:56.839005 (1954532) main____ INFO    ----------------------------------------
2026-02-23 13:53:56.839009 (1954532) main____ INFO    System resource limits info:
2026-02-23 13:53:56.839014 (1954532) main____ INFO      virtual memory: unlimited
2026-02-23 13:53:56.839018 (1954532) main____ INFO      cpu time      : unlimited
2026-02-23 13:53:56.839022 (1954532) main____ INFO      stack size    : unlimited
2026-02-23 13:53:56.839027 (1954532) main____ INFO      core file size: unlimited
2026-02-23 13:53:56.839033 (1954532) main____ INFO      open files    : 131072
2026-02-23 13:53:56.839038 (1954532) main____ INFO      file size     : unlimited
2026-02-23 13:53:56.839042 (1954532) main____ INFO    ----------------------------------------
2026-02-23 13:53:56.839046 (1954532) main____ INFO    Memory statistics:
2026-02-23 13:53:56.839051 (1954532) main____ INFO      total physical memory  : 195972056 kB
2026-02-23 13:53:56.839055 (1954532) main____ INFO      free physical memory   : 134074680 kB
2026-02-23 13:53:56.839059 (1954532) main____ INFO      committed address space: 56768068 kB
2026-02-23 13:53:56.839063 (1954532) main____ INFO    ----------------------------------------
2026-02-23 13:53:56.840037 (1954532) main____ INFO    Important environment variables:
2026-02-23 13:53:56.840051 (1954532) main____ INFO      JASPER_HOME       : '/usr/licensed/cadence-20210126/jasper_2021.03'
2026-02-23 13:53:56.840057 (1954532) main____ INFO      JASPER_INSTALL_DIR: '/scratch/gpfs/LICENSED/x86_64/cadence-20210126/jasper_2021.03'
2026-02-23 13:53:56.840063 (1954532) main____ INFO      LANG              : 'en_US.UTF-8'
2026-02-23 13:53:56.840068 (1954532) main____ INFO      LM_LICENSE_FILE   : '5280@license.rc.princeton.edu'
2026-02-23 13:53:56.840074 (1954532) main____ INFO      TMPDIR            : '/tmp/ab2113/jg_5019080_71'
2026-02-23 13:53:56.840078 (1954532) main____ INFO    ----------------------------------------
2026-02-23 13:53:56.840920 (1954532) lic_core INFO    Initializing license system ...
2026-02-23 13:53:56.841728 (1954532) lic_core INFO    ... license system initialized.
2026-02-23 13:53:56.842452 (1954532) lic__man INFO    Claim 'fpv' for <ui>.
2026-02-23 13:53:56.842487 (1954532) lic_core INFO    (1) checking out 'jasper_fpv' ...
2026-02-23 13:53:56.848618 (1954532) lic_core INFO    ... (1) checkout failed (error: -5) ("FLEXnet ERROR(-5, 0, 0): No such feature exists.")
2026-02-23 13:53:56.848646 (1954532) lic_core INFO    (2) checking out 'jasper_fao' ...
2026-02-23 13:53:56.858726 (1954532) lic_core INFO    ... (2) checkout succeeded
2026-02-23 13:53:56.873019 (1954532) session_ INFO    Starting analysis session with session id 'session_0' (launcher: <local>) ...
2026-02-23 13:53:56.876157 (1954532) session_ INFO    Analysis session with session id 'session_0' started (pid: 1954540)
2026-02-23 13:53:57.583613 (1954532) session_ INFO    Analysis session 'session_0' connected to the console (host: 127.0.0.1:43682)
2026-02-23 13:53:58.252229 (1954532) main____ INFO    About to exit: request to exit with status 1 received from analysis session 'session_0'
2026-02-23 13:53:58.327479 (1954532) session_ INFO    Analysis session 'session_0' disconnected.
2026-02-23 13:53:58.327607 (1954532) lic__man INFO    Unclaim everything for 'session_0'.
2026-02-23 13:53:58.327967 (1954532) session_ INFO    Process for analysis session 'session_0' has exited with exit status '1'.
2026-02-23 13:54:00.157063 (1954532) lic_core INFO    (2) checkin jasper_fao
2026-02-23 13:54:00.158265 (1954532) main____ INFO    Exiting with status 1.
