2026-02-23 13:42:23.372016 (2884004) main____ INFO    ----------------------------------------
2026-02-23 13:42:23.372114 (2884004) main____ INFO    JasperGold version info
2026-02-23 13:42:23.372134 (2884004) main____ INFO      tool      : JasperGold 2021.03
2026-02-23 13:42:23.372143 (2884004) main____ INFO      version   : 2021.03 FCS 64 bits
2026-02-23 13:42:23.372150 (2884004) main____ INFO      build date: 2021.03.23 02:50:43 UTC
2026-02-23 13:42:23.372156 (2884004) main____ INFO    ----------------------------------------
2026-02-23 13:42:23.372162 (2884004) main____ INFO    Runtime info:
2026-02-23 13:42:23.372168 (2884004) main____ INFO      platform  : Linux 5.14.0-570.84.1.el9_6.x86_64 x86_64
2026-02-23 13:42:23.372174 (2884004) main____ INFO      hostname  : della-h16n9
2026-02-23 13:42:23.372180 (2884004) main____ INFO      pid       : 2884004
2026-02-23 13:42:23.372185 (2884004) main____ INFO      arguments : '-style' 'windows' '-batch' '-proj' './verification_results/01261/jgproject' '-tcl' './jasper_verif_check.tcl'
2026-02-23 13:42:23.372193 (2884004) main____ INFO      locale    : UTF-8
2026-02-23 13:42:23.372199 (2884004) main____ INFO    ----------------------------------------
2026-02-23 13:42:23.372204 (2884004) main____ INFO    System resource limits info:
2026-02-23 13:42:23.372209 (2884004) main____ INFO      virtual memory: unlimited
2026-02-23 13:42:23.372214 (2884004) main____ INFO      cpu time      : unlimited
2026-02-23 13:42:23.372220 (2884004) main____ INFO      stack size    : unlimited
2026-02-23 13:42:23.372226 (2884004) main____ INFO      core file size: unlimited
2026-02-23 13:42:23.372236 (2884004) main____ INFO      open files    : 131072
2026-02-23 13:42:23.372242 (2884004) main____ INFO      file size     : unlimited
2026-02-23 13:42:23.372247 (2884004) main____ INFO    ----------------------------------------
2026-02-23 13:42:23.372253 (2884004) main____ INFO    Memory statistics:
2026-02-23 13:42:23.372259 (2884004) main____ INFO      total physical memory  : 1584164368 kB
2026-02-23 13:42:23.372264 (2884004) main____ INFO      free physical memory   : 833021552 kB
2026-02-23 13:42:23.372270 (2884004) main____ INFO      committed address space: 654638532 kB
2026-02-23 13:42:23.372275 (2884004) main____ INFO    ----------------------------------------
2026-02-23 13:42:23.372811 (2884004) main____ INFO    Important environment variables:
2026-02-23 13:42:23.372826 (2884004) main____ INFO      JASPER_HOME       : '/usr/licensed/cadence-20210126/jasper_2021.03'
2026-02-23 13:42:23.372833 (2884004) main____ INFO      JASPER_INSTALL_DIR: '/scratch/gpfs/LICENSED/x86_64/cadence-20210126/jasper_2021.03'
2026-02-23 13:42:23.372839 (2884004) main____ INFO      LANG              : 'en_US.UTF-8'
2026-02-23 13:42:23.372845 (2884004) main____ INFO      LM_LICENSE_FILE   : '5280@license.rc.princeton.edu'
2026-02-23 13:42:23.372850 (2884004) main____ INFO      TMPDIR            : '/tmp/ab2113/jg_5018828_17'
2026-02-23 13:42:23.372856 (2884004) main____ INFO    ----------------------------------------
2026-02-23 13:42:23.373406 (2884004) lic_core INFO    Initializing license system ...
2026-02-23 13:42:23.373959 (2884004) lic_core INFO    ... license system initialized.
2026-02-23 13:42:23.374793 (2884004) lic__man INFO    Claim 'fpv' for <ui>.
2026-02-23 13:42:23.374827 (2884004) lic_core INFO    (1) checking out 'jasper_fpv' ...
2026-02-23 13:42:23.380548 (2884004) lic_core INFO    ... (1) checkout failed (error: -5) ("FLEXnet ERROR(-5, 0, 0): No such feature exists.")
2026-02-23 13:42:23.380579 (2884004) lic_core INFO    (2) checking out 'jasper_fao' ...
2026-02-23 13:42:23.389610 (2884004) lic_core INFO    ... (2) checkout succeeded
2026-02-23 13:42:23.401312 (2884004) session_ INFO    Starting analysis session with session id 'session_0' (launcher: <local>) ...
2026-02-23 13:42:23.404634 (2884004) session_ INFO    Analysis session with session id 'session_0' started (pid: 2884026)
2026-02-23 13:42:24.015108 (2884004) session_ INFO    Analysis session 'session_0' connected to the console (host: 127.0.0.1:37678)
2026-02-23 13:42:24.814256 (2884004) lic__man INFO    Unclaim everything for 'session_0'.
2026-02-23 13:42:24.872971 (2884004) main____ INFO    About to exit: request to exit with status 3 received from analysis session 'session_0'
2026-02-23 13:42:24.929078 (2884004) session_ INFO    Analysis session 'session_0' disconnected.
2026-02-23 13:42:24.929216 (2884004) lic__man INFO    Unclaim everything for 'session_0'.
2026-02-23 13:42:24.930425 (2884004) session_ INFO    Process for analysis session 'session_0' has exited with exit status '3'.
2026-02-23 13:42:26.779541 (2884004) lic_core INFO    (2) checkin jasper_fao
2026-02-23 13:42:26.780881 (2884004) main____ INFO    Exiting with status 3.
