2026-02-23 13:45:40.899308 (4185406) main____ INFO    ----------------------------------------
2026-02-23 13:45:40.899397 (4185406) main____ INFO    JasperGold version info
2026-02-23 13:45:40.899414 (4185406) main____ INFO      tool      : JasperGold 2021.03
2026-02-23 13:45:40.899423 (4185406) main____ INFO      version   : 2021.03 FCS 64 bits
2026-02-23 13:45:40.899427 (4185406) main____ INFO      build date: 2021.03.23 02:50:43 UTC
2026-02-23 13:45:40.899432 (4185406) main____ INFO    ----------------------------------------
2026-02-23 13:45:40.899435 (4185406) main____ INFO    Runtime info:
2026-02-23 13:45:40.899440 (4185406) main____ INFO      platform  : Linux 5.14.0-570.84.1.el9_6.x86_64 x86_64
2026-02-23 13:45:40.899445 (4185406) main____ INFO      hostname  : della-r3c2n6
2026-02-23 13:45:40.899450 (4185406) main____ INFO      pid       : 4185406
2026-02-23 13:45:40.899454 (4185406) main____ INFO      arguments : '-style' 'windows' '-batch' '-proj' './verification_results/02086/jgproject' '-tcl' './jasper_verif_check.tcl'
2026-02-23 13:45:40.899461 (4185406) main____ INFO      locale    : UTF-8
2026-02-23 13:45:40.899466 (4185406) main____ INFO    ----------------------------------------
2026-02-23 13:45:40.899469 (4185406) main____ INFO    System resource limits info:
2026-02-23 13:45:40.899473 (4185406) main____ INFO      virtual memory: unlimited
2026-02-23 13:45:40.899478 (4185406) main____ INFO      cpu time      : unlimited
2026-02-23 13:45:40.899484 (4185406) main____ INFO      stack size    : unlimited
2026-02-23 13:45:40.899488 (4185406) main____ INFO      core file size: unlimited
2026-02-23 13:45:40.899494 (4185406) main____ INFO      open files    : 131072
2026-02-23 13:45:40.899500 (4185406) main____ INFO      file size     : unlimited
2026-02-23 13:45:40.899504 (4185406) main____ INFO    ----------------------------------------
2026-02-23 13:45:40.899508 (4185406) main____ INFO    Memory statistics:
2026-02-23 13:45:40.899512 (4185406) main____ INFO      total physical memory  : 195972160 kB
2026-02-23 13:45:40.899516 (4185406) main____ INFO      free physical memory   : 146601448 kB
2026-02-23 13:45:40.899520 (4185406) main____ INFO      committed address space: 34531916 kB
2026-02-23 13:45:40.899524 (4185406) main____ INFO    ----------------------------------------
2026-02-23 13:45:40.900488 (4185406) main____ INFO    Important environment variables:
2026-02-23 13:45:40.900506 (4185406) main____ INFO      JASPER_HOME       : '/usr/licensed/cadence-20210126/jasper_2021.03'
2026-02-23 13:45:40.900512 (4185406) main____ INFO      JASPER_INSTALL_DIR: '/scratch/gpfs/LICENSED/x86_64/cadence-20210126/jasper_2021.03'
2026-02-23 13:45:40.900517 (4185406) main____ INFO      LANG              : 'en_US.UTF-8'
2026-02-23 13:45:40.900522 (4185406) main____ INFO      LM_LICENSE_FILE   : '5280@license.rc.princeton.edu'
2026-02-23 13:45:40.900527 (4185406) main____ INFO      TMPDIR            : '/tmp/ab2113/jg_5018893_34'
2026-02-23 13:45:40.900531 (4185406) main____ INFO    ----------------------------------------
2026-02-23 13:45:40.900964 (4185406) lic_core INFO    Initializing license system ...
2026-02-23 13:45:40.901812 (4185406) lic_core INFO    ... license system initialized.
2026-02-23 13:45:40.902582 (4185406) lic__man INFO    Claim 'fpv' for <ui>.
2026-02-23 13:45:40.902623 (4185406) lic_core INFO    (1) checking out 'jasper_fpv' ...
2026-02-23 13:45:40.907900 (4185406) lic_core INFO    ... (1) checkout failed (error: -5) ("FLEXnet ERROR(-5, 0, 0): No such feature exists.")
2026-02-23 13:45:40.907958 (4185406) lic_core INFO    (2) checking out 'jasper_fao' ...
2026-02-23 13:45:40.918703 (4185406) lic_core INFO    ... (2) checkout succeeded
2026-02-23 13:45:40.933698 (4185406) session_ INFO    Starting analysis session with session id 'session_0' (launcher: <local>) ...
2026-02-23 13:45:40.936750 (4185406) session_ INFO    Analysis session with session id 'session_0' started (pid: 4185414)
2026-02-23 13:45:41.642403 (4185406) session_ INFO    Analysis session 'session_0' connected to the console (host: 127.0.0.1:52000)
2026-02-23 13:45:42.489929 (4185406) lic__man INFO    Unclaim everything for 'session_0'.
2026-02-23 13:45:42.532375 (4185406) lic__man INFO    Claim 'fpv' for 'session_0'.
2026-02-23 13:45:42.532422 (4185406) lic__man INFO    Claim 'fpv' for 'session_0/prove-0'.
2026-02-23 13:45:42.669007 (4185406) lic__man INFO    Unclaim everything for 'session_0/prove-0'.
2026-02-23 13:45:42.726305 (4185406) main____ INFO    About to exit: request to exit with status 0 received from analysis session 'session_0'
2026-02-23 13:45:42.805983 (4185406) session_ INFO    Analysis session 'session_0' disconnected.
2026-02-23 13:45:42.806095 (4185406) lic__man INFO    Unclaim everything for 'session_0'.
2026-02-23 13:45:42.806718 (4185406) session_ INFO    Process for analysis session 'session_0' has exited with exit status '0'.
2026-02-23 13:45:44.716579 (4185406) lic_core INFO    (2) checkin jasper_fao
2026-02-23 13:45:44.718320 (4185406) main____ INFO    Exiting with status 0.
