2026-02-23 13:40:51.732443 (2863019) main____ INFO    ----------------------------------------
2026-02-23 13:40:51.732523 (2863019) main____ INFO    JasperGold version info
2026-02-23 13:40:51.732540 (2863019) main____ INFO      tool      : JasperGold 2021.03
2026-02-23 13:40:51.732550 (2863019) main____ INFO      version   : 2021.03 FCS 64 bits
2026-02-23 13:40:51.732556 (2863019) main____ INFO      build date: 2021.03.23 02:50:43 UTC
2026-02-23 13:40:51.732561 (2863019) main____ INFO    ----------------------------------------
2026-02-23 13:40:51.732568 (2863019) main____ INFO    Runtime info:
2026-02-23 13:40:51.732573 (2863019) main____ INFO      platform  : Linux 5.14.0-570.84.1.el9_6.x86_64 x86_64
2026-02-23 13:40:51.732580 (2863019) main____ INFO      hostname  : della-h16n9
2026-02-23 13:40:51.732585 (2863019) main____ INFO      pid       : 2863019
2026-02-23 13:40:51.732590 (2863019) main____ INFO      arguments : '-style' 'windows' '-batch' '-proj' './verification_results/01236/jgproject' '-tcl' './jasper_verif_check.tcl'
2026-02-23 13:40:51.732598 (2863019) main____ INFO      locale    : UTF-8
2026-02-23 13:40:51.732604 (2863019) main____ INFO    ----------------------------------------
2026-02-23 13:40:51.732610 (2863019) main____ INFO    System resource limits info:
2026-02-23 13:40:51.732616 (2863019) main____ INFO      virtual memory: unlimited
2026-02-23 13:40:51.732622 (2863019) main____ INFO      cpu time      : unlimited
2026-02-23 13:40:51.732627 (2863019) main____ INFO      stack size    : unlimited
2026-02-23 13:40:51.732633 (2863019) main____ INFO      core file size: unlimited
2026-02-23 13:40:51.732641 (2863019) main____ INFO      open files    : 131072
2026-02-23 13:40:51.732646 (2863019) main____ INFO      file size     : unlimited
2026-02-23 13:40:51.732652 (2863019) main____ INFO    ----------------------------------------
2026-02-23 13:40:51.732658 (2863019) main____ INFO    Memory statistics:
2026-02-23 13:40:51.732663 (2863019) main____ INFO      total physical memory  : 1584164368 kB
2026-02-23 13:40:51.732668 (2863019) main____ INFO      free physical memory   : 834133776 kB
2026-02-23 13:40:51.732673 (2863019) main____ INFO      committed address space: 652881204 kB
2026-02-23 13:40:51.732678 (2863019) main____ INFO    ----------------------------------------
2026-02-23 13:40:51.733217 (2863019) main____ INFO    Important environment variables:
2026-02-23 13:40:51.733233 (2863019) main____ INFO      JASPER_HOME       : '/usr/licensed/cadence-20210126/jasper_2021.03'
2026-02-23 13:40:51.733240 (2863019) main____ INFO      JASPER_INSTALL_DIR: '/scratch/gpfs/LICENSED/x86_64/cadence-20210126/jasper_2021.03'
2026-02-23 13:40:51.733247 (2863019) main____ INFO      LANG              : 'en_US.UTF-8'
2026-02-23 13:40:51.733253 (2863019) main____ INFO      LM_LICENSE_FILE   : '5280@license.rc.princeton.edu'
2026-02-23 13:40:51.733259 (2863019) main____ INFO      TMPDIR            : '/tmp/ab2113/jg_5018828_17'
2026-02-23 13:40:51.733265 (2863019) main____ INFO    ----------------------------------------
2026-02-23 13:40:51.733787 (2863019) lic_core INFO    Initializing license system ...
2026-02-23 13:40:51.734326 (2863019) lic_core INFO    ... license system initialized.
2026-02-23 13:40:51.735113 (2863019) lic__man INFO    Claim 'fpv' for <ui>.
2026-02-23 13:40:51.735146 (2863019) lic_core INFO    (1) checking out 'jasper_fpv' ...
2026-02-23 13:40:51.741167 (2863019) lic_core INFO    ... (1) checkout failed (error: -5) ("FLEXnet ERROR(-5, 0, 0): No such feature exists.")
2026-02-23 13:40:51.741196 (2863019) lic_core INFO    (2) checking out 'jasper_fao' ...
2026-02-23 13:40:51.750030 (2863019) lic_core INFO    ... (2) checkout succeeded
2026-02-23 13:40:51.761076 (2863019) session_ INFO    Starting analysis session with session id 'session_0' (launcher: <local>) ...
2026-02-23 13:40:51.763970 (2863019) session_ INFO    Analysis session with session id 'session_0' started (pid: 2863027)
2026-02-23 13:40:52.312494 (2863019) session_ INFO    Analysis session 'session_0' connected to the console (host: 127.0.0.1:40062)
2026-02-23 13:40:53.079783 (2863019) lic__man INFO    Unclaim everything for 'session_0'.
2026-02-23 13:40:53.158979 (2863019) main____ INFO    About to exit: request to exit with status 3 received from analysis session 'session_0'
2026-02-23 13:40:53.212613 (2863019) session_ INFO    Analysis session 'session_0' disconnected.
2026-02-23 13:40:53.212741 (2863019) lic__man INFO    Unclaim everything for 'session_0'.
2026-02-23 13:40:53.213633 (2863019) session_ INFO    Process for analysis session 'session_0' has exited with exit status '3'.
2026-02-23 13:40:55.162284 (2863019) lic_core INFO    (2) checkin jasper_fao
2026-02-23 13:40:55.163777 (2863019) main____ INFO    Exiting with status 3.
