2026-02-23 13:55:28.840618 (1956699) main____ INFO    ----------------------------------------
2026-02-23 13:55:28.840703 (1956699) main____ INFO    JasperGold version info
2026-02-23 13:55:28.840720 (1956699) main____ INFO      tool      : JasperGold 2021.03
2026-02-23 13:55:28.840728 (1956699) main____ INFO      version   : 2021.03 FCS 64 bits
2026-02-23 13:55:28.840733 (1956699) main____ INFO      build date: 2021.03.23 02:50:43 UTC
2026-02-23 13:55:28.840737 (1956699) main____ INFO    ----------------------------------------
2026-02-23 13:55:28.840741 (1956699) main____ INFO    Runtime info:
2026-02-23 13:55:28.840746 (1956699) main____ INFO      platform  : Linux 5.14.0-570.84.1.el9_6.x86_64 x86_64
2026-02-23 13:55:28.840751 (1956699) main____ INFO      hostname  : della-r3c1n5
2026-02-23 13:55:28.840756 (1956699) main____ INFO      pid       : 1956699
2026-02-23 13:55:28.840760 (1956699) main____ INFO      arguments : '-style' 'windows' '-batch' '-proj' './verification_results/03947/jgproject' '-tcl' './jasper_verif_check.tcl'
2026-02-23 13:55:28.840768 (1956699) main____ INFO      locale    : UTF-8
2026-02-23 13:55:28.840772 (1956699) main____ INFO    ----------------------------------------
2026-02-23 13:55:28.840776 (1956699) main____ INFO    System resource limits info:
2026-02-23 13:55:28.840781 (1956699) main____ INFO      virtual memory: unlimited
2026-02-23 13:55:28.840785 (1956699) main____ INFO      cpu time      : unlimited
2026-02-23 13:55:28.840789 (1956699) main____ INFO      stack size    : unlimited
2026-02-23 13:55:28.840794 (1956699) main____ INFO      core file size: unlimited
2026-02-23 13:55:28.840800 (1956699) main____ INFO      open files    : 131072
2026-02-23 13:55:28.840804 (1956699) main____ INFO      file size     : unlimited
2026-02-23 13:55:28.840808 (1956699) main____ INFO    ----------------------------------------
2026-02-23 13:55:28.840812 (1956699) main____ INFO    Memory statistics:
2026-02-23 13:55:28.840817 (1956699) main____ INFO      total physical memory  : 195972056 kB
2026-02-23 13:55:28.840821 (1956699) main____ INFO      free physical memory   : 133904264 kB
2026-02-23 13:55:28.840825 (1956699) main____ INFO      committed address space: 56986744 kB
2026-02-23 13:55:28.840829 (1956699) main____ INFO    ----------------------------------------
2026-02-23 13:55:28.841815 (1956699) main____ INFO    Important environment variables:
2026-02-23 13:55:28.841831 (1956699) main____ INFO      JASPER_HOME       : '/usr/licensed/cadence-20210126/jasper_2021.03'
2026-02-23 13:55:28.841837 (1956699) main____ INFO      JASPER_INSTALL_DIR: '/scratch/gpfs/LICENSED/x86_64/cadence-20210126/jasper_2021.03'
2026-02-23 13:55:28.841843 (1956699) main____ INFO      LANG              : 'en_US.UTF-8'
2026-02-23 13:55:28.841847 (1956699) main____ INFO      LM_LICENSE_FILE   : '5280@license.rc.princeton.edu'
2026-02-23 13:55:28.841852 (1956699) main____ INFO      TMPDIR            : '/tmp/ab2113/jg_5019080_71'
2026-02-23 13:55:28.841857 (1956699) main____ INFO    ----------------------------------------
2026-02-23 13:55:28.842695 (1956699) lic_core INFO    Initializing license system ...
2026-02-23 13:55:28.843530 (1956699) lic_core INFO    ... license system initialized.
2026-02-23 13:55:28.844303 (1956699) lic__man INFO    Claim 'fpv' for <ui>.
2026-02-23 13:55:28.844340 (1956699) lic_core INFO    (1) checking out 'jasper_fpv' ...
2026-02-23 13:55:28.850157 (1956699) lic_core INFO    ... (1) checkout failed (error: -5) ("FLEXnet ERROR(-5, 0, 0): No such feature exists.")
2026-02-23 13:55:28.850193 (1956699) lic_core INFO    (2) checking out 'jasper_fao' ...
2026-02-23 13:55:28.861091 (1956699) lic_core INFO    ... (2) checkout succeeded
2026-02-23 13:55:28.875938 (1956699) session_ INFO    Starting analysis session with session id 'session_0' (launcher: <local>) ...
2026-02-23 13:55:28.879068 (1956699) session_ INFO    Analysis session with session id 'session_0' started (pid: 1956707)
2026-02-23 13:55:29.586528 (1956699) session_ INFO    Analysis session 'session_0' connected to the console (host: 127.0.0.1:38094)
2026-02-23 13:55:30.504234 (1956699) main____ INFO    About to exit: request to exit with status 1 received from analysis session 'session_0'
2026-02-23 13:55:30.579108 (1956699) session_ INFO    Analysis session 'session_0' disconnected.
2026-02-23 13:55:30.579293 (1956699) lic__man INFO    Unclaim everything for 'session_0'.
2026-02-23 13:55:30.579667 (1956699) session_ INFO    Process for analysis session 'session_0' has exited with exit status '1'.
2026-02-23 13:55:32.596734 (1956699) lic_core INFO    (2) checkin jasper_fao
2026-02-23 13:55:32.598469 (1956699) main____ INFO    Exiting with status 1.
