2026-02-23 13:53:02.542802 (2080506) main____ INFO    ----------------------------------------
2026-02-23 13:53:02.542904 (2080506) main____ INFO    JasperGold version info
2026-02-23 13:53:02.542923 (2080506) main____ INFO      tool      : JasperGold 2021.03
2026-02-23 13:53:02.542932 (2080506) main____ INFO      version   : 2021.03 FCS 64 bits
2026-02-23 13:53:02.542938 (2080506) main____ INFO      build date: 2021.03.23 02:50:43 UTC
2026-02-23 13:53:02.542942 (2080506) main____ INFO    ----------------------------------------
2026-02-23 13:53:02.542947 (2080506) main____ INFO    Runtime info:
2026-02-23 13:53:02.542952 (2080506) main____ INFO      platform  : Linux 5.14.0-570.84.1.el9_6.x86_64 x86_64
2026-02-23 13:53:02.542958 (2080506) main____ INFO      hostname  : della-r3c1n15
2026-02-23 13:53:02.542963 (2080506) main____ INFO      pid       : 2080506
2026-02-23 13:53:02.542967 (2080506) main____ INFO      arguments : '-style' 'windows' '-batch' '-proj' './verification_results/03540/jgproject' '-tcl' './jasper_verif_check.tcl'
2026-02-23 13:53:02.542976 (2080506) main____ INFO      locale    : UTF-8
2026-02-23 13:53:02.542980 (2080506) main____ INFO    ----------------------------------------
2026-02-23 13:53:02.542984 (2080506) main____ INFO    System resource limits info:
2026-02-23 13:53:02.542989 (2080506) main____ INFO      virtual memory: unlimited
2026-02-23 13:53:02.542994 (2080506) main____ INFO      cpu time      : unlimited
2026-02-23 13:53:02.542998 (2080506) main____ INFO      stack size    : unlimited
2026-02-23 13:53:02.543002 (2080506) main____ INFO      core file size: unlimited
2026-02-23 13:53:02.543010 (2080506) main____ INFO      open files    : 131072
2026-02-23 13:53:02.543015 (2080506) main____ INFO      file size     : unlimited
2026-02-23 13:53:02.543019 (2080506) main____ INFO    ----------------------------------------
2026-02-23 13:53:02.543023 (2080506) main____ INFO    Memory statistics:
2026-02-23 13:53:02.543028 (2080506) main____ INFO      total physical memory  : 195972072 kB
2026-02-23 13:53:02.543032 (2080506) main____ INFO      free physical memory   : 106974204 kB
2026-02-23 13:53:02.543036 (2080506) main____ INFO      committed address space: 17053048 kB
2026-02-23 13:53:02.543040 (2080506) main____ INFO    ----------------------------------------
2026-02-23 13:53:02.544011 (2080506) main____ INFO    Important environment variables:
2026-02-23 13:53:02.544025 (2080506) main____ INFO      JASPER_HOME       : '/usr/licensed/cadence-20210126/jasper_2021.03'
2026-02-23 13:53:02.544032 (2080506) main____ INFO      JASPER_INSTALL_DIR: '/scratch/gpfs/LICENSED/x86_64/cadence-20210126/jasper_2021.03'
2026-02-23 13:53:02.544037 (2080506) main____ INFO      LANG              : 'en_US.UTF-8'
2026-02-23 13:53:02.544042 (2080506) main____ INFO      LM_LICENSE_FILE   : '5280@license.rc.princeton.edu'
2026-02-23 13:53:02.544047 (2080506) main____ INFO      TMPDIR            : '/tmp/ab2113/jg_5019032_63'
2026-02-23 13:53:02.544051 (2080506) main____ INFO    ----------------------------------------
2026-02-23 13:53:02.544874 (2080506) lic_core INFO    Initializing license system ...
2026-02-23 13:53:02.545676 (2080506) lic_core INFO    ... license system initialized.
2026-02-23 13:53:02.546452 (2080506) lic__man INFO    Claim 'fpv' for <ui>.
2026-02-23 13:53:02.546487 (2080506) lic_core INFO    (1) checking out 'jasper_fpv' ...
2026-02-23 13:53:02.552119 (2080506) lic_core INFO    ... (1) checkout failed (error: -5) ("FLEXnet ERROR(-5, 0, 0): No such feature exists.")
2026-02-23 13:53:02.552148 (2080506) lic_core INFO    (2) checking out 'jasper_fao' ...
2026-02-23 13:53:02.562355 (2080506) lic_core INFO    ... (2) checkout succeeded
2026-02-23 13:53:02.577342 (2080506) session_ INFO    Starting analysis session with session id 'session_0' (launcher: <local>) ...
2026-02-23 13:53:02.580209 (2080506) session_ INFO    Analysis session with session id 'session_0' started (pid: 2080514)
2026-02-23 13:53:03.349697 (2080506) session_ INFO    Analysis session 'session_0' connected to the console (host: 127.0.0.1:44924)
2026-02-23 13:53:06.606870 (2080506) lic__man INFO    Unclaim everything for 'session_0'.
2026-02-23 13:53:06.707619 (2080506) lic__man INFO    Claim 'fpv' for 'session_0'.
2026-02-23 13:53:06.707667 (2080506) lic__man INFO    Claim 'fpv' for 'session_0/prove-0'.
2026-02-23 14:17:15.312261 (2080506) lic__man INFO    Unclaim everything for 'session_0/prove-0'.
2026-02-23 14:17:16.096388 (2080506) main____ INFO    About to exit: request to exit with status 0 received from analysis session 'session_0'
2026-02-23 14:17:17.640677 (2080506) session_ INFO    Analysis session 'session_0' disconnected.
2026-02-23 14:17:17.726771 (2080506) lic__man INFO    Unclaim everything for 'session_0'.
2026-02-23 14:17:17.743216 (2080506) session_ INFO    Process for analysis session 'session_0' has exited with exit status '0'.
2026-02-23 14:17:18.381102 (2080506) lic_core INFO    (2) checkin jasper_fao
2026-02-23 14:17:18.391587 (2080506) main____ INFO    Exiting with status 0.
