2026-02-23 13:51:03.308222 (1732679) main____ INFO    ----------------------------------------
2026-02-23 13:51:03.308303 (1732679) main____ INFO    JasperGold version info
2026-02-23 13:51:03.308319 (1732679) main____ INFO      tool      : JasperGold 2021.03
2026-02-23 13:51:03.308328 (1732679) main____ INFO      version   : 2021.03 FCS 64 bits
2026-02-23 13:51:03.308333 (1732679) main____ INFO      build date: 2021.03.23 02:50:43 UTC
2026-02-23 13:51:03.308338 (1732679) main____ INFO    ----------------------------------------
2026-02-23 13:51:03.308343 (1732679) main____ INFO    Runtime info:
2026-02-23 13:51:03.308348 (1732679) main____ INFO      platform  : Linux 5.14.0-570.84.1.el9_6.x86_64 x86_64
2026-02-23 13:51:03.308354 (1732679) main____ INFO      hostname  : della-h14n7
2026-02-23 13:51:03.308360 (1732679) main____ INFO      pid       : 1732679
2026-02-23 13:51:03.308364 (1732679) main____ INFO      arguments : '-style' 'windows' '-batch' '-proj' './verification_results/03100/jgproject' '-tcl' './jasper_verif_check.tcl'
2026-02-23 13:51:03.308372 (1732679) main____ INFO      locale    : UTF-8
2026-02-23 13:51:03.308377 (1732679) main____ INFO    ----------------------------------------
2026-02-23 13:51:03.308381 (1732679) main____ INFO    System resource limits info:
2026-02-23 13:51:03.308386 (1732679) main____ INFO      virtual memory: unlimited
2026-02-23 13:51:03.308391 (1732679) main____ INFO      cpu time      : unlimited
2026-02-23 13:51:03.308396 (1732679) main____ INFO      stack size    : unlimited
2026-02-23 13:51:03.308401 (1732679) main____ INFO      core file size: unlimited
2026-02-23 13:51:03.308408 (1732679) main____ INFO      open files    : 131072
2026-02-23 13:51:03.308413 (1732679) main____ INFO      file size     : unlimited
2026-02-23 13:51:03.308417 (1732679) main____ INFO    ----------------------------------------
2026-02-23 13:51:03.308422 (1732679) main____ INFO    Memory statistics:
2026-02-23 13:51:03.308427 (1732679) main____ INFO      total physical memory  : 1584164356 kB
2026-02-23 13:51:03.308432 (1732679) main____ INFO      free physical memory   : 809217376 kB
2026-02-23 13:51:03.308437 (1732679) main____ INFO      committed address space: 603345120 kB
2026-02-23 13:51:03.308442 (1732679) main____ INFO    ----------------------------------------
2026-02-23 13:51:03.308953 (1732679) main____ INFO    Important environment variables:
2026-02-23 13:51:03.308965 (1732679) main____ INFO      JASPER_HOME       : '/usr/licensed/cadence-20210126/jasper_2021.03'
2026-02-23 13:51:03.308971 (1732679) main____ INFO      JASPER_INSTALL_DIR: '/scratch/gpfs/LICENSED/x86_64/cadence-20210126/jasper_2021.03'
2026-02-23 13:51:03.308976 (1732679) main____ INFO      LANG              : 'en_US.UTF-8'
2026-02-23 13:51:03.308982 (1732679) main____ INFO      LM_LICENSE_FILE   : '5280@license.rc.princeton.edu'
2026-02-23 13:51:03.308987 (1732679) main____ INFO      TMPDIR            : '/tmp/ab2113/jg_5018981_54'
2026-02-23 13:51:03.308992 (1732679) main____ INFO    ----------------------------------------
2026-02-23 13:51:03.309386 (1732679) lic_core INFO    Initializing license system ...
2026-02-23 13:51:03.309881 (1732679) lic_core INFO    ... license system initialized.
2026-02-23 13:51:03.310593 (1732679) lic__man INFO    Claim 'fpv' for <ui>.
2026-02-23 13:51:03.310623 (1732679) lic_core INFO    (1) checking out 'jasper_fpv' ...
2026-02-23 13:51:03.316421 (1732679) lic_core INFO    ... (1) checkout failed (error: -5) ("FLEXnet ERROR(-5, 0, 0): No such feature exists.")
2026-02-23 13:51:03.316447 (1732679) lic_core INFO    (2) checking out 'jasper_fao' ...
2026-02-23 13:51:03.325190 (1732679) lic_core INFO    ... (2) checkout succeeded
2026-02-23 13:51:03.335507 (1732679) session_ INFO    Starting analysis session with session id 'session_0' (launcher: <local>) ...
2026-02-23 13:51:03.337932 (1732679) session_ INFO    Analysis session with session id 'session_0' started (pid: 1732705)
2026-02-23 13:51:03.878789 (1732679) session_ INFO    Analysis session 'session_0' connected to the console (host: 127.0.0.1:40282)
2026-02-23 13:51:04.680297 (1732679) main____ INFO    About to exit: request to exit with status 1 received from analysis session 'session_0'
2026-02-23 13:51:04.724121 (1732679) session_ INFO    Analysis session 'session_0' disconnected.
2026-02-23 13:51:04.724224 (1732679) lic__man INFO    Unclaim everything for 'session_0'.
2026-02-23 13:51:04.725125 (1732679) session_ INFO    Process for analysis session 'session_0' has exited with exit status '1'.
2026-02-23 13:51:06.586006 (1732679) lic_core INFO    (2) checkin jasper_fao
2026-02-23 13:51:06.587822 (1732679) main____ INFO    Exiting with status 1.
