2026-02-23 13:45:36.380118 (992398) main____ INFO    ----------------------------------------
2026-02-23 13:45:36.380228 (992398) main____ INFO    JasperGold version info
2026-02-23 13:45:36.380250 (992398) main____ INFO      tool      : JasperGold 2021.03
2026-02-23 13:45:36.380262 (992398) main____ INFO      version   : 2021.03 FCS 64 bits
2026-02-23 13:45:36.380385 (992398) main____ INFO      build date: 2021.03.23 02:50:43 UTC
2026-02-23 13:45:36.380390 (992398) main____ INFO    ----------------------------------------
2026-02-23 13:45:36.380395 (992398) main____ INFO    Runtime info:
2026-02-23 13:45:36.380400 (992398) main____ INFO      platform  : Linux 5.14.0-570.84.1.el9_6.x86_64 x86_64
2026-02-23 13:45:36.380406 (992398) main____ INFO      hostname  : della-h16n4
2026-02-23 13:45:36.380412 (992398) main____ INFO      pid       : 992398
2026-02-23 13:45:36.380417 (992398) main____ INFO      arguments : '-style' 'windows' '-batch' '-proj' './verification_results/02467/jgproject' '-tcl' './jasper_verif_check.tcl'
2026-02-23 13:45:36.380428 (992398) main____ INFO      locale    : UTF-8
2026-02-23 13:45:36.380433 (992398) main____ INFO    ----------------------------------------
2026-02-23 13:45:36.380438 (992398) main____ INFO    System resource limits info:
2026-02-23 13:45:36.380443 (992398) main____ INFO      virtual memory: unlimited
2026-02-23 13:45:36.380448 (992398) main____ INFO      cpu time      : unlimited
2026-02-23 13:45:36.380453 (992398) main____ INFO      stack size    : unlimited
2026-02-23 13:45:36.380458 (992398) main____ INFO      core file size: unlimited
2026-02-23 13:45:36.380466 (992398) main____ INFO      open files    : 131072
2026-02-23 13:45:36.380471 (992398) main____ INFO      file size     : unlimited
2026-02-23 13:45:36.380477 (992398) main____ INFO    ----------------------------------------
2026-02-23 13:45:36.380482 (992398) main____ INFO    Memory statistics:
2026-02-23 13:45:36.380488 (992398) main____ INFO      total physical memory  : 1584164328 kB
2026-02-23 13:45:36.380492 (992398) main____ INFO      free physical memory   : 732709096 kB
2026-02-23 13:45:36.380497 (992398) main____ INFO      committed address space: 748427000 kB
2026-02-23 13:45:36.380502 (992398) main____ INFO    ----------------------------------------
2026-02-23 13:45:36.381094 (992398) main____ INFO    Important environment variables:
2026-02-23 13:45:36.381112 (992398) main____ INFO      JASPER_HOME       : '/usr/licensed/cadence-20210126/jasper_2021.03'
2026-02-23 13:45:36.381118 (992398) main____ INFO      JASPER_INSTALL_DIR: '/scratch/gpfs/LICENSED/x86_64/cadence-20210126/jasper_2021.03'
2026-02-23 13:45:36.381125 (992398) main____ INFO      LANG              : 'en_US.UTF-8'
2026-02-23 13:45:36.381130 (992398) main____ INFO      LM_LICENSE_FILE   : '5280@license.rc.princeton.edu'
2026-02-23 13:45:36.381135 (992398) main____ INFO      TMPDIR            : '/tmp/ab2113/jg_5018914_42'
2026-02-23 13:45:36.381140 (992398) main____ INFO    ----------------------------------------
2026-02-23 13:45:36.381788 (992398) lic_core INFO    Initializing license system ...
2026-02-23 13:45:36.382467 (992398) lic_core INFO    ... license system initialized.
2026-02-23 13:45:36.383369 (992398) lic__man INFO    Claim 'fpv' for <ui>.
2026-02-23 13:45:36.383409 (992398) lic_core INFO    (1) checking out 'jasper_fpv' ...
2026-02-23 13:45:36.389554 (992398) lic_core INFO    ... (1) checkout failed (error: -5) ("FLEXnet ERROR(-5, 0, 0): No such feature exists.")
2026-02-23 13:45:36.389633 (992398) lic_core INFO    (2) checking out 'jasper_fao' ...
2026-02-23 13:45:36.398874 (992398) lic_core INFO    ... (2) checkout succeeded
2026-02-23 13:45:36.411178 (992398) session_ INFO    Starting analysis session with session id 'session_0' (launcher: <local>) ...
2026-02-23 13:45:36.415117 (992398) session_ INFO    Analysis session with session id 'session_0' started (pid: 992406)
2026-02-23 13:45:37.095653 (992398) session_ INFO    Analysis session 'session_0' connected to the console (host: 127.0.0.1:51480)
2026-02-23 13:45:37.667907 (992398) main____ INFO    About to exit: request to exit with status 1 received from analysis session 'session_0'
2026-02-23 13:45:37.743527 (992398) session_ INFO    Analysis session 'session_0' disconnected.
2026-02-23 13:45:37.743762 (992398) lic__man INFO    Unclaim everything for 'session_0'.
2026-02-23 13:45:37.744527 (992398) session_ INFO    Process for analysis session 'session_0' has exited with exit status '1'.
2026-02-23 13:45:39.625458 (992398) lic_core INFO    (2) checkin jasper_fao
2026-02-23 13:45:39.627409 (992398) main____ INFO    Exiting with status 1.
