2026-02-23 14:38:44.309318 (1792348) main____ INFO    ----------------------------------------
2026-02-23 14:38:44.309407 (1792348) main____ INFO    JasperGold version info
2026-02-23 14:38:44.309425 (1792348) main____ INFO      tool      : JasperGold 2021.03
2026-02-23 14:38:44.309434 (1792348) main____ INFO      version   : 2021.03 FCS 64 bits
2026-02-23 14:38:44.309439 (1792348) main____ INFO      build date: 2021.03.23 02:50:43 UTC
2026-02-23 14:38:44.309444 (1792348) main____ INFO    ----------------------------------------
2026-02-23 14:38:44.309449 (1792348) main____ INFO    Runtime info:
2026-02-23 14:38:44.309455 (1792348) main____ INFO      platform  : Linux 5.14.0-570.84.1.el9_6.x86_64 x86_64
2026-02-23 14:38:44.309461 (1792348) main____ INFO      hostname  : della-h14n12
2026-02-23 14:38:44.309466 (1792348) main____ INFO      pid       : 1792348
2026-02-23 14:38:44.309471 (1792348) main____ INFO      arguments : '-style' 'windows' '-batch' '-proj' './verification_results/00834/jgproject' '-tcl' './jasper_verif_check.tcl'
2026-02-23 14:38:44.309478 (1792348) main____ INFO      locale    : UTF-8
2026-02-23 14:38:44.309483 (1792348) main____ INFO    ----------------------------------------
2026-02-23 14:38:44.309488 (1792348) main____ INFO    System resource limits info:
2026-02-23 14:38:44.309493 (1792348) main____ INFO      virtual memory: unlimited
2026-02-23 14:38:44.309498 (1792348) main____ INFO      cpu time      : unlimited
2026-02-23 14:38:44.309502 (1792348) main____ INFO      stack size    : unlimited
2026-02-23 14:38:44.309507 (1792348) main____ INFO      core file size: unlimited
2026-02-23 14:38:44.309514 (1792348) main____ INFO      open files    : 131072
2026-02-23 14:38:44.309519 (1792348) main____ INFO      file size     : unlimited
2026-02-23 14:38:44.309523 (1792348) main____ INFO    ----------------------------------------
2026-02-23 14:38:44.309528 (1792348) main____ INFO    Memory statistics:
2026-02-23 14:38:44.309533 (1792348) main____ INFO      total physical memory  : 1584164368 kB
2026-02-23 14:38:44.309538 (1792348) main____ INFO      free physical memory   : 570545520 kB
2026-02-23 14:38:44.309543 (1792348) main____ INFO      committed address space: 612917492 kB
2026-02-23 14:38:44.309548 (1792348) main____ INFO    ----------------------------------------
2026-02-23 14:38:44.310066 (1792348) main____ INFO    Important environment variables:
2026-02-23 14:38:44.310084 (1792348) main____ INFO      JASPER_HOME       : '/usr/licensed/cadence-20210126/jasper_2021.03'
2026-02-23 14:38:44.310090 (1792348) main____ INFO      JASPER_INSTALL_DIR: '/scratch/gpfs/LICENSED/x86_64/cadence-20210126/jasper_2021.03'
2026-02-23 14:38:44.310096 (1792348) main____ INFO      LANG              : 'en_US.UTF-8'
2026-02-23 14:38:44.310102 (1792348) main____ INFO      LM_LICENSE_FILE   : '5280@license.rc.princeton.edu'
2026-02-23 14:38:44.310108 (1792348) main____ INFO      TMPDIR            : '/tmp/ab2113/jg_5018798_9'
2026-02-23 14:38:44.310113 (1792348) main____ INFO    ----------------------------------------
2026-02-23 14:38:44.310683 (1792348) lic_core INFO    Initializing license system ...
2026-02-23 14:38:44.311197 (1792348) lic_core INFO    ... license system initialized.
2026-02-23 14:38:44.311955 (1792348) lic__man INFO    Claim 'fpv' for <ui>.
2026-02-23 14:38:44.311986 (1792348) lic_core INFO    (1) checking out 'jasper_fpv' ...
2026-02-23 14:38:44.318806 (1792348) lic_core INFO    ... (1) checkout failed (error: -5) ("FLEXnet ERROR(-5, 0, 0): No such feature exists.")
2026-02-23 14:38:44.318832 (1792348) lic_core INFO    (2) checking out 'jasper_fao' ...
2026-02-23 14:38:44.327601 (1792348) lic_core INFO    ... (2) checkout succeeded
2026-02-23 14:38:44.338196 (1792348) session_ INFO    Starting analysis session with session id 'session_0' (launcher: <local>) ...
2026-02-23 14:38:44.341016 (1792348) session_ INFO    Analysis session with session id 'session_0' started (pid: 1792356)
2026-02-23 14:38:44.852855 (1792348) session_ INFO    Analysis session 'session_0' connected to the console (host: 127.0.0.1:51586)
2026-02-23 14:38:45.350037 (1792348) main____ INFO    About to exit: request to exit with status 1 received from analysis session 'session_0'
2026-02-23 14:38:45.400872 (1792348) session_ INFO    Analysis session 'session_0' disconnected.
2026-02-23 14:38:45.401006 (1792348) lic__man INFO    Unclaim everything for 'session_0'.
2026-02-23 14:38:45.401460 (1792348) session_ INFO    Process for analysis session 'session_0' has exited with exit status '1'.
2026-02-23 14:38:47.253814 (1792348) lic_core INFO    (2) checkin jasper_fao
2026-02-23 14:38:47.255322 (1792348) main____ INFO    Exiting with status 1.
