2026-02-23 13:27:11.803483 (1422910) main____ INFO    ----------------------------------------
2026-02-23 13:27:11.803571 (1422910) main____ INFO    JasperGold version info
2026-02-23 13:27:11.803590 (1422910) main____ INFO      tool      : JasperGold 2021.03
2026-02-23 13:27:11.803601 (1422910) main____ INFO      version   : 2021.03 FCS 64 bits
2026-02-23 13:27:11.803608 (1422910) main____ INFO      build date: 2021.03.23 02:50:43 UTC
2026-02-23 13:27:11.803615 (1422910) main____ INFO    ----------------------------------------
2026-02-23 13:27:11.803621 (1422910) main____ INFO    Runtime info:
2026-02-23 13:27:11.803629 (1422910) main____ INFO      platform  : Linux 5.14.0-570.84.1.el9_6.x86_64 x86_64
2026-02-23 13:27:11.803638 (1422910) main____ INFO      hostname  : della-h14n5
2026-02-23 13:27:11.803646 (1422910) main____ INFO      pid       : 1422910
2026-02-23 13:27:11.803653 (1422910) main____ INFO      arguments : '-style' 'windows' '-batch' '-proj' './verification_results/00484/jgproject' '-tcl' './jasper_verif_check.tcl'
2026-02-23 13:27:11.803664 (1422910) main____ INFO      locale    : UTF-8
2026-02-23 13:27:11.803671 (1422910) main____ INFO    ----------------------------------------
2026-02-23 13:27:11.803678 (1422910) main____ INFO    System resource limits info:
2026-02-23 13:27:11.803685 (1422910) main____ INFO      virtual memory: unlimited
2026-02-23 13:27:11.803690 (1422910) main____ INFO      cpu time      : unlimited
2026-02-23 13:27:11.803696 (1422910) main____ INFO      stack size    : unlimited
2026-02-23 13:27:11.803701 (1422910) main____ INFO      core file size: unlimited
2026-02-23 13:27:11.803708 (1422910) main____ INFO      open files    : 131072
2026-02-23 13:27:11.803713 (1422910) main____ INFO      file size     : unlimited
2026-02-23 13:27:11.803720 (1422910) main____ INFO    ----------------------------------------
2026-02-23 13:27:11.803725 (1422910) main____ INFO    Memory statistics:
2026-02-23 13:27:11.803734 (1422910) main____ INFO      total physical memory  : 1584164368 kB
2026-02-23 13:27:11.803739 (1422910) main____ INFO      free physical memory   : 699234644 kB
2026-02-23 13:27:11.803744 (1422910) main____ INFO      committed address space: 535258152 kB
2026-02-23 13:27:11.803749 (1422910) main____ INFO    ----------------------------------------
2026-02-23 13:27:11.804286 (1422910) main____ INFO    Important environment variables:
2026-02-23 13:27:11.804301 (1422910) main____ INFO      JASPER_HOME       : '/usr/licensed/cadence-20210126/jasper_2021.03'
2026-02-23 13:27:11.804309 (1422910) main____ INFO      JASPER_INSTALL_DIR: '/scratch/gpfs/LICENSED/x86_64/cadence-20210126/jasper_2021.03'
2026-02-23 13:27:11.804316 (1422910) main____ INFO      LANG              : 'en_US.UTF-8'
2026-02-23 13:27:11.804322 (1422910) main____ INFO      LM_LICENSE_FILE   : '5280@license.rc.princeton.edu'
2026-02-23 13:27:11.804328 (1422910) main____ INFO      TMPDIR            : '/tmp/ab2113/jg_5018480_272'
2026-02-23 13:27:11.804335 (1422910) main____ INFO    ----------------------------------------
2026-02-23 13:27:11.804851 (1422910) lic_core INFO    Initializing license system ...
2026-02-23 13:27:11.808210 (1422910) lic_core INFO    ... license system initialized.
2026-02-23 13:27:11.809886 (1422910) lic__man INFO    Claim 'fpv' for <ui>.
2026-02-23 13:27:11.809987 (1422910) lic_core INFO    (1) checking out 'jasper_fpv' ...
2026-02-23 13:27:11.816200 (1422910) lic_core INFO    ... (1) checkout failed (error: -5) ("FLEXnet ERROR(-5, 0, 0): No such feature exists.")
2026-02-23 13:27:11.816229 (1422910) lic_core INFO    (2) checking out 'jasper_fao' ...
2026-02-23 13:27:11.825338 (1422910) lic_core INFO    ... (2) checkout succeeded
2026-02-23 13:27:11.840200 (1422910) session_ INFO    Starting analysis session with session id 'session_0' (launcher: <local>) ...
2026-02-23 13:27:11.844697 (1422910) session_ INFO    Analysis session with session id 'session_0' started (pid: 1422926)
2026-02-23 13:27:12.580993 (1422910) session_ INFO    Analysis session 'session_0' connected to the console (host: 127.0.0.1:51378)
2026-02-23 13:27:13.213699 (1422910) main____ INFO    About to exit: request to exit with status 1 received from analysis session 'session_0'
2026-02-23 13:27:13.270208 (1422910) session_ INFO    Analysis session 'session_0' disconnected.
2026-02-23 13:27:13.273240 (1422910) lic__man INFO    Unclaim everything for 'session_0'.
2026-02-23 13:27:13.273742 (1422910) session_ INFO    Process for analysis session 'session_0' has exited with exit status '1'.
2026-02-23 13:27:15.135661 (1422910) lic_core INFO    (2) checkin jasper_fao
2026-02-23 13:27:15.137572 (1422910) main____ INFO    Exiting with status 1.
