2026-02-23 12:13:45.190053 (2337368) main____ INFO    ----------------------------------------
2026-02-23 12:13:45.190128 (2337368) main____ INFO    JasperGold version info
2026-02-23 12:13:45.190144 (2337368) main____ INFO      tool      : JasperGold 2021.03
2026-02-23 12:13:45.190155 (2337368) main____ INFO      version   : 2021.03 FCS 64 bits
2026-02-23 12:13:45.190161 (2337368) main____ INFO      build date: 2021.03.23 02:50:43 UTC
2026-02-23 12:13:45.190168 (2337368) main____ INFO    ----------------------------------------
2026-02-23 12:13:45.190173 (2337368) main____ INFO    Runtime info:
2026-02-23 12:13:45.190179 (2337368) main____ INFO      platform  : Linux 5.14.0-570.84.1.el9_6.x86_64 x86_64
2026-02-23 12:13:45.190185 (2337368) main____ INFO      hostname  : della-h14n8
2026-02-23 12:13:45.190191 (2337368) main____ INFO      pid       : 2337368
2026-02-23 12:13:45.190198 (2337368) main____ INFO      arguments : '-style' 'windows' '-batch' '-proj' './verification_results/00111/jgproject' '-tcl' './jasper_verif_check.tcl'
2026-02-23 12:13:45.190206 (2337368) main____ INFO      locale    : UTF-8
2026-02-23 12:13:45.190213 (2337368) main____ INFO    ----------------------------------------
2026-02-23 12:13:45.190218 (2337368) main____ INFO    System resource limits info:
2026-02-23 12:13:45.190224 (2337368) main____ INFO      virtual memory: unlimited
2026-02-23 12:13:45.190228 (2337368) main____ INFO      cpu time      : unlimited
2026-02-23 12:13:45.190233 (2337368) main____ INFO      stack size    : unlimited
2026-02-23 12:13:45.190239 (2337368) main____ INFO      core file size: unlimited
2026-02-23 12:13:45.190245 (2337368) main____ INFO      open files    : 131072
2026-02-23 12:13:45.190251 (2337368) main____ INFO      file size     : unlimited
2026-02-23 12:13:45.190256 (2337368) main____ INFO    ----------------------------------------
2026-02-23 12:13:45.190262 (2337368) main____ INFO    Memory statistics:
2026-02-23 12:13:45.190268 (2337368) main____ INFO      total physical memory  : 1584164340 kB
2026-02-23 12:13:45.190273 (2337368) main____ INFO      free physical memory   : 769312652 kB
2026-02-23 12:13:45.190280 (2337368) main____ INFO      committed address space: 526343428 kB
2026-02-23 12:13:45.190285 (2337368) main____ INFO    ----------------------------------------
2026-02-23 12:13:45.190818 (2337368) main____ INFO    Important environment variables:
2026-02-23 12:13:45.190832 (2337368) main____ INFO      JASPER_HOME       : '/usr/licensed/cadence-20210126/jasper_2021.03'
2026-02-23 12:13:45.190838 (2337368) main____ INFO      JASPER_INSTALL_DIR: '/scratch/gpfs/LICENSED/x86_64/cadence-20210126/jasper_2021.03'
2026-02-23 12:13:45.190845 (2337368) main____ INFO      LANG              : 'en_US.UTF-8'
2026-02-23 12:13:45.190850 (2337368) main____ INFO      LM_LICENSE_FILE   : '5280@license.rc.princeton.edu'
2026-02-23 12:13:45.190856 (2337368) main____ INFO      TMPDIR            : '/tmp/ab2113/jg_5016253_112'
2026-02-23 12:13:45.190862 (2337368) main____ INFO    ----------------------------------------
2026-02-23 12:13:45.191287 (2337368) lic_core INFO    Initializing license system ...
2026-02-23 12:13:45.191846 (2337368) lic_core INFO    ... license system initialized.
2026-02-23 12:13:45.192554 (2337368) lic__man INFO    Claim 'fpv' for <ui>.
2026-02-23 12:13:45.192585 (2337368) lic_core INFO    (1) checking out 'jasper_fpv' ...
2026-02-23 12:13:45.198788 (2337368) lic_core INFO    ... (1) checkout failed (error: -5) ("FLEXnet ERROR(-5, 0, 0): No such feature exists.")
2026-02-23 12:13:45.198818 (2337368) lic_core INFO    (2) checking out 'jasper_fao' ...
2026-02-23 12:13:45.207642 (2337368) lic_core INFO    ... (2) checkout succeeded
2026-02-23 12:13:45.218289 (2337368) session_ INFO    Starting analysis session with session id 'session_0' (launcher: <local>) ...
2026-02-23 12:13:45.221100 (2337368) session_ INFO    Analysis session with session id 'session_0' started (pid: 2337376)
2026-02-23 12:13:45.833980 (2337368) session_ INFO    Analysis session 'session_0' connected to the console (host: 127.0.0.1:45046)
2026-02-23 12:13:46.638425 (2337368) lic__man INFO    Unclaim everything for 'session_0'.
2026-02-23 12:13:46.739839 (2337368) main____ INFO    About to exit: request to exit with status 3 received from analysis session 'session_0'
2026-02-23 12:13:46.791195 (2337368) session_ INFO    Analysis session 'session_0' disconnected.
2026-02-23 12:13:46.791335 (2337368) lic__man INFO    Unclaim everything for 'session_0'.
2026-02-23 12:13:46.793265 (2337368) session_ INFO    Process for analysis session 'session_0' has exited with exit status '3'.
2026-02-23 12:13:48.645816 (2337368) lic_core INFO    (2) checkin jasper_fao
2026-02-23 12:13:48.647331 (2337368) main____ INFO    Exiting with status 3.
