2026-02-23 13:50:03.738065 (142600) main____ INFO    ----------------------------------------
2026-02-23 13:50:03.738153 (142600) main____ INFO    JasperGold version info
2026-02-23 13:50:03.738171 (142600) main____ INFO      tool      : JasperGold 2021.03
2026-02-23 13:50:03.738180 (142600) main____ INFO      version   : 2021.03 FCS 64 bits
2026-02-23 13:50:03.738186 (142600) main____ INFO      build date: 2021.03.23 02:50:43 UTC
2026-02-23 13:50:03.738191 (142600) main____ INFO    ----------------------------------------
2026-02-23 13:50:03.738196 (142600) main____ INFO    Runtime info:
2026-02-23 13:50:03.738202 (142600) main____ INFO      platform  : Linux 5.14.0-570.84.1.el9_6.x86_64 x86_64
2026-02-23 13:50:03.738208 (142600) main____ INFO      hostname  : della-h14n2
2026-02-23 13:50:03.738214 (142600) main____ INFO      pid       : 142600
2026-02-23 13:50:03.738220 (142600) main____ INFO      arguments : '-style' 'windows' '-batch' '-proj' './verification_results/03225/jgproject' '-tcl' './jasper_verif_check.tcl'
2026-02-23 13:50:03.738230 (142600) main____ INFO      locale    : UTF-8
2026-02-23 13:50:03.738236 (142600) main____ INFO    ----------------------------------------
2026-02-23 13:50:03.738241 (142600) main____ INFO    System resource limits info:
2026-02-23 13:50:03.738246 (142600) main____ INFO      virtual memory: unlimited
2026-02-23 13:50:03.738252 (142600) main____ INFO      cpu time      : unlimited
2026-02-23 13:50:03.738257 (142600) main____ INFO      stack size    : unlimited
2026-02-23 13:50:03.738262 (142600) main____ INFO      core file size: unlimited
2026-02-23 13:50:03.738269 (142600) main____ INFO      open files    : 131072
2026-02-23 13:50:03.738275 (142600) main____ INFO      file size     : unlimited
2026-02-23 13:50:03.738279 (142600) main____ INFO    ----------------------------------------
2026-02-23 13:50:03.738284 (142600) main____ INFO    Memory statistics:
2026-02-23 13:50:03.738289 (142600) main____ INFO      total physical memory  : 1584164328 kB
2026-02-23 13:50:03.738295 (142600) main____ INFO      free physical memory   : 734845108 kB
2026-02-23 13:50:03.738301 (142600) main____ INFO      committed address space: 686576128 kB
2026-02-23 13:50:03.738306 (142600) main____ INFO    ----------------------------------------
2026-02-23 13:50:03.738853 (142600) main____ INFO    Important environment variables:
2026-02-23 13:50:03.738869 (142600) main____ INFO      JASPER_HOME       : '/usr/licensed/cadence-20210126/jasper_2021.03'
2026-02-23 13:50:03.738875 (142600) main____ INFO      JASPER_INSTALL_DIR: '/scratch/gpfs/LICENSED/x86_64/cadence-20210126/jasper_2021.03'
2026-02-23 13:50:03.738881 (142600) main____ INFO      LANG              : 'en_US.UTF-8'
2026-02-23 13:50:03.738887 (142600) main____ INFO      LM_LICENSE_FILE   : '5280@license.rc.princeton.edu'
2026-02-23 13:50:03.738893 (142600) main____ INFO      TMPDIR            : '/tmp/ab2113/jg_5018997_57'
2026-02-23 13:50:03.738898 (142600) main____ INFO    ----------------------------------------
2026-02-23 13:50:03.739414 (142600) lic_core INFO    Initializing license system ...
2026-02-23 13:50:03.739993 (142600) lic_core INFO    ... license system initialized.
2026-02-23 13:50:03.740781 (142600) lic__man INFO    Claim 'fpv' for <ui>.
2026-02-23 13:50:03.740825 (142600) lic_core INFO    (1) checking out 'jasper_fpv' ...
2026-02-23 13:50:03.747378 (142600) lic_core INFO    ... (1) checkout failed (error: -5) ("FLEXnet ERROR(-5, 0, 0): No such feature exists.")
2026-02-23 13:50:03.747418 (142600) lic_core INFO    (2) checking out 'jasper_fao' ...
2026-02-23 13:50:03.756857 (142600) lic_core INFO    ... (2) checkout succeeded
2026-02-23 13:50:03.768461 (142600) session_ INFO    Starting analysis session with session id 'session_0' (launcher: <local>) ...
2026-02-23 13:50:03.771783 (142600) session_ INFO    Analysis session with session id 'session_0' started (pid: 142608)
2026-02-23 13:50:04.413365 (142600) session_ INFO    Analysis session 'session_0' connected to the console (host: 127.0.0.1:36106)
2026-02-23 13:50:04.954897 (142600) main____ INFO    About to exit: request to exit with status 1 received from analysis session 'session_0'
2026-02-23 13:50:05.010668 (142600) session_ INFO    Analysis session 'session_0' disconnected.
2026-02-23 13:50:05.010807 (142600) lic__man INFO    Unclaim everything for 'session_0'.
2026-02-23 13:50:05.011415 (142600) session_ INFO    Process for analysis session 'session_0' has exited with exit status '1'.
2026-02-23 13:50:06.966950 (142600) lic_core INFO    (2) checkin jasper_fao
2026-02-23 13:50:06.968672 (142600) main____ INFO    Exiting with status 1.
