2026-02-23 13:59:49.796653 (1502224) main____ INFO    ----------------------------------------
2026-02-23 13:59:49.796747 (1502224) main____ INFO    JasperGold version info
2026-02-23 13:59:49.796764 (1502224) main____ INFO      tool      : JasperGold 2021.03
2026-02-23 13:59:49.796774 (1502224) main____ INFO      version   : 2021.03 FCS 64 bits
2026-02-23 13:59:49.796780 (1502224) main____ INFO      build date: 2021.03.23 02:50:43 UTC
2026-02-23 13:59:49.796787 (1502224) main____ INFO    ----------------------------------------
2026-02-23 13:59:49.796792 (1502224) main____ INFO    Runtime info:
2026-02-23 13:59:49.796798 (1502224) main____ INFO      platform  : Linux 5.14.0-570.84.1.el9_6.x86_64 x86_64
2026-02-23 13:59:49.796805 (1502224) main____ INFO      hostname  : della-h14n5
2026-02-23 13:59:49.796811 (1502224) main____ INFO      pid       : 1502224
2026-02-23 13:59:49.796817 (1502224) main____ INFO      arguments : '-style' 'windows' '-batch' '-proj' './verification_results/03284/jgproject' '-tcl' './jasper_verif_check.tcl'
2026-02-23 13:59:49.796827 (1502224) main____ INFO      locale    : UTF-8
2026-02-23 13:59:49.796832 (1502224) main____ INFO    ----------------------------------------
2026-02-23 13:59:49.796838 (1502224) main____ INFO    System resource limits info:
2026-02-23 13:59:49.796843 (1502224) main____ INFO      virtual memory: unlimited
2026-02-23 13:59:49.796848 (1502224) main____ INFO      cpu time      : unlimited
2026-02-23 13:59:49.796854 (1502224) main____ INFO      stack size    : unlimited
2026-02-23 13:59:49.796859 (1502224) main____ INFO      core file size: unlimited
2026-02-23 13:59:49.796866 (1502224) main____ INFO      open files    : 131072
2026-02-23 13:59:49.796871 (1502224) main____ INFO      file size     : unlimited
2026-02-23 13:59:49.796876 (1502224) main____ INFO    ----------------------------------------
2026-02-23 13:59:49.796882 (1502224) main____ INFO    Memory statistics:
2026-02-23 13:59:49.796889 (1502224) main____ INFO      total physical memory  : 1584164368 kB
2026-02-23 13:59:49.796894 (1502224) main____ INFO      free physical memory   : 732816260 kB
2026-02-23 13:59:49.796899 (1502224) main____ INFO      committed address space: 507218924 kB
2026-02-23 13:59:49.796905 (1502224) main____ INFO    ----------------------------------------
2026-02-23 13:59:49.797458 (1502224) main____ INFO    Important environment variables:
2026-02-23 13:59:49.797474 (1502224) main____ INFO      JASPER_HOME       : '/usr/licensed/cadence-20210126/jasper_2021.03'
2026-02-23 13:59:49.797482 (1502224) main____ INFO      JASPER_INSTALL_DIR: '/scratch/gpfs/LICENSED/x86_64/cadence-20210126/jasper_2021.03'
2026-02-23 13:59:49.797487 (1502224) main____ INFO      LANG              : 'en_US.UTF-8'
2026-02-23 13:59:49.797494 (1502224) main____ INFO      LM_LICENSE_FILE   : '5280@license.rc.princeton.edu'
2026-02-23 13:59:49.797500 (1502224) main____ INFO      TMPDIR            : '/tmp/ab2113/jg_5018998_58'
2026-02-23 13:59:49.797506 (1502224) main____ INFO    ----------------------------------------
2026-02-23 13:59:49.797939 (1502224) lic_core INFO    Initializing license system ...
2026-02-23 13:59:49.798491 (1502224) lic_core INFO    ... license system initialized.
2026-02-23 13:59:49.799275 (1502224) lic__man INFO    Claim 'fpv' for <ui>.
2026-02-23 13:59:49.799308 (1502224) lic_core INFO    (1) checking out 'jasper_fpv' ...
2026-02-23 13:59:49.804828 (1502224) lic_core INFO    ... (1) checkout failed (error: -5) ("FLEXnet ERROR(-5, 0, 0): No such feature exists.")
2026-02-23 13:59:49.804856 (1502224) lic_core INFO    (2) checking out 'jasper_fao' ...
2026-02-23 13:59:49.813908 (1502224) lic_core INFO    ... (2) checkout succeeded
2026-02-23 13:59:49.825523 (1502224) session_ INFO    Starting analysis session with session id 'session_0' (launcher: <local>) ...
2026-02-23 13:59:49.828640 (1502224) session_ INFO    Analysis session with session id 'session_0' started (pid: 1502232)
2026-02-23 13:59:50.419989 (1502224) session_ INFO    Analysis session 'session_0' connected to the console (host: 127.0.0.1:57960)
2026-02-23 13:59:50.944513 (1502224) main____ INFO    About to exit: request to exit with status 1 received from analysis session 'session_0'
2026-02-23 13:59:50.999157 (1502224) session_ INFO    Analysis session 'session_0' disconnected.
2026-02-23 13:59:50.999289 (1502224) lic__man INFO    Unclaim everything for 'session_0'.
2026-02-23 13:59:50.999908 (1502224) session_ INFO    Process for analysis session 'session_0' has exited with exit status '1'.
2026-02-23 13:59:53.049363 (1502224) lic_core INFO    (2) checkin jasper_fao
2026-02-23 13:59:53.051151 (1502224) main____ INFO    Exiting with status 1.
