2026-02-23 13:38:01.770390 (90801) main____ INFO    ----------------------------------------
2026-02-23 13:38:01.770464 (90801) main____ INFO    JasperGold version info
2026-02-23 13:38:01.770479 (90801) main____ INFO      tool      : JasperGold 2021.03
2026-02-23 13:38:01.770488 (90801) main____ INFO      version   : 2021.03 FCS 64 bits
2026-02-23 13:38:01.770495 (90801) main____ INFO      build date: 2021.03.23 02:50:43 UTC
2026-02-23 13:38:01.770501 (90801) main____ INFO    ----------------------------------------
2026-02-23 13:38:01.770506 (90801) main____ INFO    Runtime info:
2026-02-23 13:38:01.770512 (90801) main____ INFO      platform  : Linux 5.14.0-570.84.1.el9_6.x86_64 x86_64
2026-02-23 13:38:01.770518 (90801) main____ INFO      hostname  : della-h14n2
2026-02-23 13:38:01.770523 (90801) main____ INFO      pid       : 90801
2026-02-23 13:38:01.770529 (90801) main____ INFO      arguments : '-style' 'windows' '-batch' '-proj' './verification_results/00773/jgproject' '-tcl' './jasper_verif_check.tcl'
2026-02-23 13:38:01.770538 (90801) main____ INFO      locale    : UTF-8
2026-02-23 13:38:01.770544 (90801) main____ INFO    ----------------------------------------
2026-02-23 13:38:01.770548 (90801) main____ INFO    System resource limits info:
2026-02-23 13:38:01.770554 (90801) main____ INFO      virtual memory: unlimited
2026-02-23 13:38:01.770560 (90801) main____ INFO      cpu time      : unlimited
2026-02-23 13:38:01.770565 (90801) main____ INFO      stack size    : unlimited
2026-02-23 13:38:01.770570 (90801) main____ INFO      core file size: unlimited
2026-02-23 13:38:01.770577 (90801) main____ INFO      open files    : 131072
2026-02-23 13:38:01.770582 (90801) main____ INFO      file size     : unlimited
2026-02-23 13:38:01.770587 (90801) main____ INFO    ----------------------------------------
2026-02-23 13:38:01.770593 (90801) main____ INFO    Memory statistics:
2026-02-23 13:38:01.770598 (90801) main____ INFO      total physical memory  : 1584164328 kB
2026-02-23 13:38:01.770603 (90801) main____ INFO      free physical memory   : 760115576 kB
2026-02-23 13:38:01.770610 (90801) main____ INFO      committed address space: 657387504 kB
2026-02-23 13:38:01.770615 (90801) main____ INFO    ----------------------------------------
2026-02-23 13:38:01.771142 (90801) main____ INFO    Important environment variables:
2026-02-23 13:38:01.771156 (90801) main____ INFO      JASPER_HOME       : '/usr/licensed/cadence-20210126/jasper_2021.03'
2026-02-23 13:38:01.771163 (90801) main____ INFO      JASPER_INSTALL_DIR: '/scratch/gpfs/LICENSED/x86_64/cadence-20210126/jasper_2021.03'
2026-02-23 13:38:01.771168 (90801) main____ INFO      LANG              : 'en_US.UTF-8'
2026-02-23 13:38:01.771175 (90801) main____ INFO      LM_LICENSE_FILE   : '5280@license.rc.princeton.edu'
2026-02-23 13:38:01.771181 (90801) main____ INFO      TMPDIR            : '/tmp/ab2113/jg_5018797_8'
2026-02-23 13:38:01.771186 (90801) main____ INFO    ----------------------------------------
2026-02-23 13:38:01.771654 (90801) lic_core INFO    Initializing license system ...
2026-02-23 13:38:01.772121 (90801) lic_core INFO    ... license system initialized.
2026-02-23 13:38:01.772896 (90801) lic__man INFO    Claim 'fpv' for <ui>.
2026-02-23 13:38:01.772928 (90801) lic_core INFO    (1) checking out 'jasper_fpv' ...
2026-02-23 13:38:01.778958 (90801) lic_core INFO    ... (1) checkout failed (error: -5) ("FLEXnet ERROR(-5, 0, 0): No such feature exists.")
2026-02-23 13:38:01.778986 (90801) lic_core INFO    (2) checking out 'jasper_fao' ...
2026-02-23 13:38:01.787983 (90801) lic_core INFO    ... (2) checkout succeeded
2026-02-23 13:38:01.799046 (90801) session_ INFO    Starting analysis session with session id 'session_0' (launcher: <local>) ...
2026-02-23 13:38:01.801775 (90801) session_ INFO    Analysis session with session id 'session_0' started (pid: 90809)
2026-02-23 13:38:02.441049 (90801) session_ INFO    Analysis session 'session_0' connected to the console (host: 127.0.0.1:45876)
2026-02-23 13:38:02.952931 (90801) main____ INFO    About to exit: request to exit with status 1 received from analysis session 'session_0'
2026-02-23 13:38:03.010041 (90801) session_ INFO    Analysis session 'session_0' disconnected.
2026-02-23 13:38:03.010204 (90801) lic__man INFO    Unclaim everything for 'session_0'.
2026-02-23 13:38:03.011001 (90801) session_ INFO    Process for analysis session 'session_0' has exited with exit status '1'.
2026-02-23 13:38:04.966823 (90801) lic_core INFO    (2) checkin jasper_fao
2026-02-23 13:38:04.967832 (90801) main____ INFO    Exiting with status 1.
