2026-02-23 13:40:54.810840 (1466882) main____ INFO    ----------------------------------------
2026-02-23 13:40:54.810929 (1466882) main____ INFO    JasperGold version info
2026-02-23 13:40:54.810949 (1466882) main____ INFO      tool      : JasperGold 2021.03
2026-02-23 13:40:54.810960 (1466882) main____ INFO      version   : 2021.03 FCS 64 bits
2026-02-23 13:40:54.810965 (1466882) main____ INFO      build date: 2021.03.23 02:50:43 UTC
2026-02-23 13:40:54.810972 (1466882) main____ INFO    ----------------------------------------
2026-02-23 13:40:54.810978 (1466882) main____ INFO    Runtime info:
2026-02-23 13:40:54.810983 (1466882) main____ INFO      platform  : Linux 5.14.0-570.84.1.el9_6.x86_64 x86_64
2026-02-23 13:40:54.810989 (1466882) main____ INFO      hostname  : della-h14n5
2026-02-23 13:40:54.810995 (1466882) main____ INFO      pid       : 1466882
2026-02-23 13:40:54.811001 (1466882) main____ INFO      arguments : '-style' 'windows' '-batch' '-proj' './verification_results/01004/jgproject' '-tcl' './jasper_verif_check.tcl'
2026-02-23 13:40:54.811010 (1466882) main____ INFO      locale    : UTF-8
2026-02-23 13:40:54.811016 (1466882) main____ INFO    ----------------------------------------
2026-02-23 13:40:54.811022 (1466882) main____ INFO    System resource limits info:
2026-02-23 13:40:54.811028 (1466882) main____ INFO      virtual memory: unlimited
2026-02-23 13:40:54.811034 (1466882) main____ INFO      cpu time      : unlimited
2026-02-23 13:40:54.811040 (1466882) main____ INFO      stack size    : unlimited
2026-02-23 13:40:54.811045 (1466882) main____ INFO      core file size: unlimited
2026-02-23 13:40:54.811052 (1466882) main____ INFO      open files    : 131072
2026-02-23 13:40:54.811057 (1466882) main____ INFO      file size     : unlimited
2026-02-23 13:40:54.811062 (1466882) main____ INFO    ----------------------------------------
2026-02-23 13:40:54.811067 (1466882) main____ INFO    Memory statistics:
2026-02-23 13:40:54.811072 (1466882) main____ INFO      total physical memory  : 1584164368 kB
2026-02-23 13:40:54.811079 (1466882) main____ INFO      free physical memory   : 701364004 kB
2026-02-23 13:40:54.811084 (1466882) main____ INFO      committed address space: 534381800 kB
2026-02-23 13:40:54.811089 (1466882) main____ INFO    ----------------------------------------
2026-02-23 13:40:54.811632 (1466882) main____ INFO    Important environment variables:
2026-02-23 13:40:54.811648 (1466882) main____ INFO      JASPER_HOME       : '/usr/licensed/cadence-20210126/jasper_2021.03'
2026-02-23 13:40:54.811656 (1466882) main____ INFO      JASPER_INSTALL_DIR: '/scratch/gpfs/LICENSED/x86_64/cadence-20210126/jasper_2021.03'
2026-02-23 13:40:54.811662 (1466882) main____ INFO      LANG              : 'en_US.UTF-8'
2026-02-23 13:40:54.811669 (1466882) main____ INFO      LM_LICENSE_FILE   : '5280@license.rc.princeton.edu'
2026-02-23 13:40:54.811674 (1466882) main____ INFO      TMPDIR            : '/tmp/ab2113/jg_5018806_12'
2026-02-23 13:40:54.811680 (1466882) main____ INFO    ----------------------------------------
2026-02-23 13:40:54.812079 (1466882) lic_core INFO    Initializing license system ...
2026-02-23 13:40:54.812654 (1466882) lic_core INFO    ... license system initialized.
2026-02-23 13:40:54.813780 (1466882) lic__man INFO    Claim 'fpv' for <ui>.
2026-02-23 13:40:54.813877 (1466882) lic_core INFO    (1) checking out 'jasper_fpv' ...
2026-02-23 13:40:54.819461 (1466882) lic_core INFO    ... (1) checkout failed (error: -5) ("FLEXnet ERROR(-5, 0, 0): No such feature exists.")
2026-02-23 13:40:54.819495 (1466882) lic_core INFO    (2) checking out 'jasper_fao' ...
2026-02-23 13:40:54.828871 (1466882) lic_core INFO    ... (2) checkout succeeded
2026-02-23 13:40:54.841706 (1466882) session_ INFO    Starting analysis session with session id 'session_0' (launcher: <local>) ...
2026-02-23 13:40:54.845394 (1466882) session_ INFO    Analysis session with session id 'session_0' started (pid: 1467019)
2026-02-23 13:40:55.407735 (1466882) session_ INFO    Analysis session 'session_0' connected to the console (host: 127.0.0.1:56520)
2026-02-23 13:40:55.924556 (1466882) main____ INFO    About to exit: request to exit with status 1 received from analysis session 'session_0'
2026-02-23 13:40:55.980103 (1466882) session_ INFO    Analysis session 'session_0' disconnected.
2026-02-23 13:40:55.980248 (1466882) lic__man INFO    Unclaim everything for 'session_0'.
2026-02-23 13:40:55.980762 (1466882) session_ INFO    Process for analysis session 'session_0' has exited with exit status '1'.
2026-02-23 13:40:58.030211 (1466882) lic_core INFO    (2) checkin jasper_fao
2026-02-23 13:40:58.031903 (1466882) main____ INFO    Exiting with status 1.
