2026-02-23 13:50:27.329778 (1952935) main____ INFO    ----------------------------------------
2026-02-23 13:50:27.329880 (1952935) main____ INFO    JasperGold version info
2026-02-23 13:50:27.329898 (1952935) main____ INFO      tool      : JasperGold 2021.03
2026-02-23 13:50:27.329907 (1952935) main____ INFO      version   : 2021.03 FCS 64 bits
2026-02-23 13:50:27.329913 (1952935) main____ INFO      build date: 2021.03.23 02:50:43 UTC
2026-02-23 13:50:27.329917 (1952935) main____ INFO    ----------------------------------------
2026-02-23 13:50:27.329921 (1952935) main____ INFO    Runtime info:
2026-02-23 13:50:27.329926 (1952935) main____ INFO      platform  : Linux 5.14.0-570.84.1.el9_6.x86_64 x86_64
2026-02-23 13:50:27.329933 (1952935) main____ INFO      hostname  : della-r3c1n5
2026-02-23 13:50:27.329938 (1952935) main____ INFO      pid       : 1952935
2026-02-23 13:50:27.329943 (1952935) main____ INFO      arguments : '-style' 'windows' '-batch' '-proj' './verification_results/02862/jgproject' '-tcl' './jasper_verif_check.tcl'
2026-02-23 13:50:27.329952 (1952935) main____ INFO      locale    : UTF-8
2026-02-23 13:50:27.329956 (1952935) main____ INFO    ----------------------------------------
2026-02-23 13:50:27.329960 (1952935) main____ INFO    System resource limits info:
2026-02-23 13:50:27.329965 (1952935) main____ INFO      virtual memory: unlimited
2026-02-23 13:50:27.329970 (1952935) main____ INFO      cpu time      : unlimited
2026-02-23 13:50:27.329974 (1952935) main____ INFO      stack size    : unlimited
2026-02-23 13:50:27.329979 (1952935) main____ INFO      core file size: unlimited
2026-02-23 13:50:27.329986 (1952935) main____ INFO      open files    : 131072
2026-02-23 13:50:27.329991 (1952935) main____ INFO      file size     : unlimited
2026-02-23 13:50:27.329995 (1952935) main____ INFO    ----------------------------------------
2026-02-23 13:50:27.329999 (1952935) main____ INFO    Memory statistics:
2026-02-23 13:50:27.330004 (1952935) main____ INFO      total physical memory  : 195972056 kB
2026-02-23 13:50:27.330009 (1952935) main____ INFO      free physical memory   : 115098216 kB
2026-02-23 13:50:27.330014 (1952935) main____ INFO      committed address space: 55882324 kB
2026-02-23 13:50:27.330018 (1952935) main____ INFO    ----------------------------------------
2026-02-23 13:50:27.331045 (1952935) main____ INFO    Important environment variables:
2026-02-23 13:50:27.331067 (1952935) main____ INFO      JASPER_HOME       : '/usr/licensed/cadence-20210126/jasper_2021.03'
2026-02-23 13:50:27.331074 (1952935) main____ INFO      JASPER_INSTALL_DIR: '/scratch/gpfs/LICENSED/x86_64/cadence-20210126/jasper_2021.03'
2026-02-23 13:50:27.331079 (1952935) main____ INFO      LANG              : 'en_US.UTF-8'
2026-02-23 13:50:27.331085 (1952935) main____ INFO      LM_LICENSE_FILE   : '5280@license.rc.princeton.edu'
2026-02-23 13:50:27.331089 (1952935) main____ INFO      TMPDIR            : '/tmp/ab2113/jg_5018959_49'
2026-02-23 13:50:27.331094 (1952935) main____ INFO    ----------------------------------------
2026-02-23 13:50:27.332003 (1952935) lic_core INFO    Initializing license system ...
2026-02-23 13:50:27.332525 (1952935) lic_core INFO    ... license system initialized.
2026-02-23 13:50:27.333353 (1952935) lic__man INFO    Claim 'fpv' for <ui>.
2026-02-23 13:50:27.333395 (1952935) lic_core INFO    (1) checking out 'jasper_fpv' ...
2026-02-23 13:50:27.339127 (1952935) lic_core INFO    ... (1) checkout failed (error: -5) ("FLEXnet ERROR(-5, 0, 0): No such feature exists.")
2026-02-23 13:50:27.339183 (1952935) lic_core INFO    (2) checking out 'jasper_fao' ...
2026-02-23 13:50:27.349966 (1952935) lic_core INFO    ... (2) checkout succeeded
2026-02-23 13:50:27.365169 (1952935) session_ INFO    Starting analysis session with session id 'session_0' (launcher: <local>) ...
2026-02-23 13:50:27.368353 (1952935) session_ INFO    Analysis session with session id 'session_0' started (pid: 1952943)
2026-02-23 13:50:28.075763 (1952935) session_ INFO    Analysis session 'session_0' connected to the console (host: 127.0.0.1:49120)
2026-02-23 13:50:28.935731 (1952935) lic__man INFO    Unclaim everything for 'session_0'.
2026-02-23 13:50:29.004229 (1952935) lic__man INFO    Claim 'fpv' for 'session_0'.
2026-02-23 13:50:29.004271 (1952935) lic__man INFO    Claim 'fpv' for 'session_0/prove-0'.
2026-02-23 13:50:29.188885 (1952935) lic__man INFO    Unclaim everything for 'session_0/prove-0'.
2026-02-23 13:50:29.230228 (1952935) main____ INFO    About to exit: request to exit with status 0 received from analysis session 'session_0'
2026-02-23 13:50:29.314176 (1952935) session_ INFO    Analysis session 'session_0' disconnected.
2026-02-23 13:50:29.314296 (1952935) lic__man INFO    Unclaim everything for 'session_0'.
2026-02-23 13:50:29.314673 (1952935) session_ INFO    Process for analysis session 'session_0' has exited with exit status '0'.
2026-02-23 13:50:31.138854 (1952935) lic_core INFO    (2) checkin jasper_fao
2026-02-23 13:50:31.140370 (1952935) main____ INFO    Exiting with status 0.
