2026-02-20 16:52:45.794792 (2499784) main____ INFO    ----------------------------------------
2026-02-20 16:52:45.794950 (2499784) main____ INFO    JasperGold version info
2026-02-20 16:52:45.794978 (2499784) main____ INFO      tool      : JasperGold 2021.03
2026-02-20 16:52:45.794990 (2499784) main____ INFO      version   : 2021.03 FCS 64 bits
2026-02-20 16:52:45.794996 (2499784) main____ INFO      build date: 2021.03.23 02:50:43 UTC
2026-02-20 16:52:45.795002 (2499784) main____ INFO    ----------------------------------------
2026-02-20 16:52:45.795007 (2499784) main____ INFO    Runtime info:
2026-02-20 16:52:45.795014 (2499784) main____ INFO      platform  : Linux 5.14.0-570.84.1.el9_6.x86_64 x86_64
2026-02-20 16:52:45.795022 (2499784) main____ INFO      hostname  : della-i13n22
2026-02-20 16:52:45.795028 (2499784) main____ INFO      pid       : 2499784
2026-02-20 16:52:45.795033 (2499784) main____ INFO      arguments : '-style' 'windows' '-batch' '-proj' 'verification_results/00113/jgproject' '-tcl' './jasper_verif_check.tcl'
2026-02-20 16:52:45.795044 (2499784) main____ INFO      locale    : UTF-8
2026-02-20 16:52:45.795049 (2499784) main____ INFO    ----------------------------------------
2026-02-20 16:52:45.795053 (2499784) main____ INFO    System resource limits info:
2026-02-20 16:52:45.795059 (2499784) main____ INFO      virtual memory: unlimited
2026-02-20 16:52:45.795064 (2499784) main____ INFO      cpu time      : unlimited
2026-02-20 16:52:45.795069 (2499784) main____ INFO      stack size    : unlimited
2026-02-20 16:52:45.795075 (2499784) main____ INFO      core file size: unlimited
2026-02-20 16:52:45.795084 (2499784) main____ INFO      open files    : 131072
2026-02-20 16:52:45.795089 (2499784) main____ INFO      file size     : unlimited
2026-02-20 16:52:45.795094 (2499784) main____ INFO    ----------------------------------------
2026-02-20 16:52:45.795099 (2499784) main____ INFO    Memory statistics:
2026-02-20 16:52:45.795104 (2499784) main____ INFO      total physical memory  : 394157548 kB
2026-02-20 16:52:45.795109 (2499784) main____ INFO      free physical memory   : 204021996 kB
2026-02-20 16:52:45.795113 (2499784) main____ INFO      committed address space: 154133308 kB
2026-02-20 16:52:45.795118 (2499784) main____ INFO    ----------------------------------------
2026-02-20 16:52:45.796292 (2499784) main____ INFO    Important environment variables:
2026-02-20 16:52:45.796318 (2499784) main____ INFO      JASPER_HOME       : '/usr/licensed/cadence-20210126/jasper_2021.03'
2026-02-20 16:52:45.796327 (2499784) main____ INFO      JASPER_INSTALL_DIR: '/scratch/gpfs/LICENSED/x86_64/cadence-20210126/jasper_2021.03'
2026-02-20 16:52:45.796334 (2499784) main____ INFO      LANG              : 'en_US.UTF-8'
2026-02-20 16:52:45.796340 (2499784) main____ INFO      LM_LICENSE_FILE   : '5280@license.rc.princeton.edu'
2026-02-20 16:52:45.796346 (2499784) main____ INFO      TMPDIR            : '/tmp'
2026-02-20 16:52:45.796352 (2499784) main____ INFO    ----------------------------------------
2026-02-20 16:52:45.797572 (2499784) lic_core INFO    Initializing license system ...
2026-02-20 16:52:45.798736 (2499784) lic_core INFO    ... license system initialized.
2026-02-20 16:52:45.799787 (2499784) lic__man INFO    Claim 'fpv' for <ui>.
2026-02-20 16:52:45.799843 (2499784) lic_core INFO    (1) checking out 'jasper_fpv' ...
2026-02-20 16:52:45.806223 (2499784) lic_core INFO    ... (1) checkout failed (error: -5) ("FLEXnet ERROR(-5, 0, 0): No such feature exists.")
2026-02-20 16:52:45.806291 (2499784) lic_core INFO    (2) checking out 'jasper_fao' ...
2026-02-20 16:52:45.818005 (2499784) lic_core INFO    ... (2) checkout succeeded
2026-02-20 16:52:45.837435 (2499784) session_ INFO    Starting analysis session with session id 'session_0' (launcher: <local>) ...
2026-02-20 16:52:45.841625 (2499784) session_ INFO    Analysis session with session id 'session_0' started (pid: 2499792)
2026-02-20 16:52:46.763599 (2499784) session_ INFO    Analysis session 'session_0' connected to the console (host: 127.0.0.1:49956)
2026-02-20 16:52:47.454532 (2499784) main____ INFO    About to exit: request to exit with status 1 received from analysis session 'session_0'
2026-02-20 16:52:47.579432 (2499784) session_ INFO    Analysis session 'session_0' disconnected.
2026-02-20 16:52:47.579584 (2499784) lic__man INFO    Unclaim everything for 'session_0'.
2026-02-20 16:52:47.580373 (2499784) session_ INFO    Process for analysis session 'session_0' has exited with exit status '1'.
2026-02-20 16:52:49.540041 (2499784) lic_core INFO    (2) checkin jasper_fao
2026-02-20 16:52:49.541681 (2499784) main____ INFO    Exiting with status 1.
