2026-02-17 01:24:37.304340 (2984635) main____ INFO    ----------------------------------------
2026-02-17 01:24:37.304415 (2984635) main____ INFO    JasperGold version info
2026-02-17 01:24:37.304431 (2984635) main____ INFO      tool      : JasperGold 2021.03
2026-02-17 01:24:37.304439 (2984635) main____ INFO      version   : 2021.03 FCS 64 bits
2026-02-17 01:24:37.304445 (2984635) main____ INFO      build date: 2021.03.23 02:50:43 UTC
2026-02-17 01:24:37.304450 (2984635) main____ INFO    ----------------------------------------
2026-02-17 01:24:37.304455 (2984635) main____ INFO    Runtime info:
2026-02-17 01:24:37.304460 (2984635) main____ INFO      platform  : Linux 5.14.0-570.84.1.el9_6.x86_64 x86_64
2026-02-17 01:24:37.304466 (2984635) main____ INFO      hostname  : della9.princeton.edu
2026-02-17 01:24:37.304472 (2984635) main____ INFO      pid       : 2984635
2026-02-17 01:24:37.304478 (2984635) main____ INFO      arguments : '-style' 'windows' '-batch' '-proj' 'verification_results/00011/jgproject' '-tcl' './jasper_verif_check.tcl'
2026-02-17 01:24:37.304487 (2984635) main____ INFO      locale    : UTF-8
2026-02-17 01:24:37.304492 (2984635) main____ INFO    ----------------------------------------
2026-02-17 01:24:37.304497 (2984635) main____ INFO    System resource limits info:
2026-02-17 01:24:37.304502 (2984635) main____ INFO      virtual memory: unlimited
2026-02-17 01:24:37.304507 (2984635) main____ INFO      cpu time      : unlimited
2026-02-17 01:24:37.304513 (2984635) main____ INFO      stack size    : unlimited
2026-02-17 01:24:37.304519 (2984635) main____ INFO      core file size: unlimited
2026-02-17 01:24:37.304527 (2984635) main____ INFO      open files    : 5120
2026-02-17 01:24:37.304533 (2984635) main____ INFO      file size     : unlimited
2026-02-17 01:24:37.304538 (2984635) main____ INFO    ----------------------------------------
2026-02-17 01:24:37.304544 (2984635) main____ INFO    Memory statistics:
2026-02-17 01:24:37.304550 (2984635) main____ INFO      total physical memory  : 1584164336 kB
2026-02-17 01:24:37.304556 (2984635) main____ INFO      free physical memory   : 748663320 kB
2026-02-17 01:24:37.304561 (2984635) main____ INFO      committed address space: 949411708 kB
2026-02-17 01:24:37.304566 (2984635) main____ INFO    ----------------------------------------
2026-02-17 01:24:37.304963 (2984635) main____ INFO    Important environment variables:
2026-02-17 01:24:37.304975 (2984635) main____ INFO      JASPER_INSTALL_DIR: '/usr/licensed/cadence-20210126/jasper_2021.03'
2026-02-17 01:24:37.304982 (2984635) main____ INFO      LANG              : 'en_US.UTF-8'
2026-02-17 01:24:37.304988 (2984635) main____ INFO      LM_LICENSE_FILE   : '5280@license.rc.princeton.edu'
2026-02-17 01:24:37.304993 (2984635) main____ INFO    ----------------------------------------
2026-02-17 01:24:37.306087 (2984635) lic_core INFO    Initializing license system ...
2026-02-17 01:24:37.306702 (2984635) lic_core INFO    ... license system initialized.
2026-02-17 01:24:37.307395 (2984635) lic__man INFO    Claim 'fpv' for <ui>.
2026-02-17 01:24:37.307419 (2984635) lic_core INFO    (1) checking out 'jasper_fpv' ...
2026-02-17 01:24:37.313708 (2984635) lic_core INFO    ... (1) checkout failed (error: -5) ("FLEXnet ERROR(-5, 0, 0): No such feature exists.")
2026-02-17 01:24:37.313752 (2984635) lic_core INFO    (2) checking out 'jasper_fao' ...
2026-02-17 01:24:37.322711 (2984635) lic_core INFO    ... (2) checkout succeeded
2026-02-17 01:24:37.334284 (2984635) session_ INFO    Starting analysis session with session id 'session_0' (launcher: <local>) ...
2026-02-17 01:24:37.336037 (2984635) session_ INFO    Analysis session with session id 'session_0' started (pid: 2985506)
2026-02-17 01:24:37.870282 (2984635) session_ INFO    Analysis session 'session_0' connected to the console (host: 127.0.0.1:33682)
2026-02-17 01:24:38.352932 (2984635) main____ INFO    About to exit: request to exit with status 1 received from analysis session 'session_0'
2026-02-17 01:24:38.405824 (2984635) session_ INFO    Analysis session 'session_0' disconnected.
2026-02-17 01:24:38.405928 (2984635) lic__man INFO    Unclaim everything for 'session_0'.
2026-02-17 01:24:38.406089 (2984635) session_ INFO    Process for analysis session 'session_0' has exited with exit status '1'.
2026-02-17 01:24:40.457230 (2984635) lic_core INFO    (2) checkin jasper_fao
2026-02-17 01:24:40.458585 (2984635) main____ INFO    Exiting with status 1.
