2026-02-23 13:40:19.628387 (474815) main____ INFO    ----------------------------------------
2026-02-23 13:40:19.628472 (474815) main____ INFO    JasperGold version info
2026-02-23 13:40:19.628488 (474815) main____ INFO      tool      : JasperGold 2021.03
2026-02-23 13:40:19.628497 (474815) main____ INFO      version   : 2021.03 FCS 64 bits
2026-02-23 13:40:19.628503 (474815) main____ INFO      build date: 2021.03.23 02:50:43 UTC
2026-02-23 13:40:19.628507 (474815) main____ INFO    ----------------------------------------
2026-02-23 13:40:19.628512 (474815) main____ INFO    Runtime info:
2026-02-23 13:40:19.628517 (474815) main____ INFO      platform  : Linux 5.14.0-570.84.1.el9_6.x86_64 x86_64
2026-02-23 13:40:19.628523 (474815) main____ INFO      hostname  : della-h16n3
2026-02-23 13:40:19.628529 (474815) main____ INFO      pid       : 474815
2026-02-23 13:40:19.628534 (474815) main____ INFO      arguments : '-style' 'windows' '-batch' '-proj' './verification_results/01136/jgproject' '-tcl' './jasper_verif_check.tcl'
2026-02-23 13:40:19.628541 (474815) main____ INFO      locale    : UTF-8
2026-02-23 13:40:19.628547 (474815) main____ INFO    ----------------------------------------
2026-02-23 13:40:19.628552 (474815) main____ INFO    System resource limits info:
2026-02-23 13:40:19.628557 (474815) main____ INFO      virtual memory: unlimited
2026-02-23 13:40:19.628562 (474815) main____ INFO      cpu time      : unlimited
2026-02-23 13:40:19.628566 (474815) main____ INFO      stack size    : unlimited
2026-02-23 13:40:19.628571 (474815) main____ INFO      core file size: unlimited
2026-02-23 13:40:19.628578 (474815) main____ INFO      open files    : 131072
2026-02-23 13:40:19.628583 (474815) main____ INFO      file size     : unlimited
2026-02-23 13:40:19.628588 (474815) main____ INFO    ----------------------------------------
2026-02-23 13:40:19.628592 (474815) main____ INFO    Memory statistics:
2026-02-23 13:40:19.628598 (474815) main____ INFO      total physical memory  : 1584164344 kB
2026-02-23 13:40:19.628603 (474815) main____ INFO      free physical memory   : 949228008 kB
2026-02-23 13:40:19.628607 (474815) main____ INFO      committed address space: 587628064 kB
2026-02-23 13:40:19.628612 (474815) main____ INFO    ----------------------------------------
2026-02-23 13:40:19.629127 (474815) main____ INFO    Important environment variables:
2026-02-23 13:40:19.629140 (474815) main____ INFO      JASPER_HOME       : '/usr/licensed/cadence-20210126/jasper_2021.03'
2026-02-23 13:40:19.629147 (474815) main____ INFO      JASPER_INSTALL_DIR: '/scratch/gpfs/LICENSED/x86_64/cadence-20210126/jasper_2021.03'
2026-02-23 13:40:19.629152 (474815) main____ INFO      LANG              : 'en_US.UTF-8'
2026-02-23 13:40:19.629158 (474815) main____ INFO      LM_LICENSE_FILE   : '5280@license.rc.princeton.edu'
2026-02-23 13:40:19.629163 (474815) main____ INFO      TMPDIR            : '/tmp/ab2113/jg_5018818_15'
2026-02-23 13:40:19.629168 (474815) main____ INFO    ----------------------------------------
2026-02-23 13:40:19.629595 (474815) lic_core INFO    Initializing license system ...
2026-02-23 13:40:19.630132 (474815) lic_core INFO    ... license system initialized.
2026-02-23 13:40:19.630881 (474815) lic__man INFO    Claim 'fpv' for <ui>.
2026-02-23 13:40:19.630911 (474815) lic_core INFO    (1) checking out 'jasper_fpv' ...
2026-02-23 13:40:19.636647 (474815) lic_core INFO    ... (1) checkout failed (error: -5) ("FLEXnet ERROR(-5, 0, 0): No such feature exists.")
2026-02-23 13:40:19.636674 (474815) lic_core INFO    (2) checking out 'jasper_fao' ...
2026-02-23 13:40:19.645378 (474815) lic_core INFO    ... (2) checkout succeeded
2026-02-23 13:40:19.656089 (474815) session_ INFO    Starting analysis session with session id 'session_0' (launcher: <local>) ...
2026-02-23 13:40:19.658887 (474815) session_ INFO    Analysis session with session id 'session_0' started (pid: 474851)
2026-02-23 13:40:20.198610 (474815) session_ INFO    Analysis session 'session_0' connected to the console (host: 127.0.0.1:52352)
2026-02-23 13:40:21.034611 (474815) lic__man INFO    Unclaim everything for 'session_0'.
2026-02-23 13:40:21.084359 (474815) lic__man INFO    Claim 'fpv' for 'session_0'.
2026-02-23 13:40:21.084416 (474815) lic__man INFO    Claim 'fpv' for 'session_0/prove-0'.
2026-02-23 13:40:21.282577 (474815) lic__man INFO    Unclaim everything for 'session_0/prove-0'.
2026-02-23 13:40:21.337949 (474815) main____ INFO    About to exit: request to exit with status 0 received from analysis session 'session_0'
2026-02-23 13:40:21.401226 (474815) session_ INFO    Analysis session 'session_0' disconnected.
2026-02-23 13:40:21.401352 (474815) lic__man INFO    Unclaim everything for 'session_0'.
2026-02-23 13:40:21.401492 (474815) session_ INFO    Process for analysis session 'session_0' has exited with exit status '0'.
2026-02-23 13:40:23.284826 (474815) lic_core INFO    (2) checkin jasper_fao
2026-02-23 13:40:23.286530 (474815) main____ INFO    Exiting with status 0.
