2026-02-23 14:10:49.269989 (1800796) main____ INFO    ----------------------------------------
2026-02-23 14:10:49.270069 (1800796) main____ INFO    JasperGold version info
2026-02-23 14:10:49.270085 (1800796) main____ INFO      tool      : JasperGold 2021.03
2026-02-23 14:10:49.270094 (1800796) main____ INFO      version   : 2021.03 FCS 64 bits
2026-02-23 14:10:49.270099 (1800796) main____ INFO      build date: 2021.03.23 02:50:43 UTC
2026-02-23 14:10:49.270104 (1800796) main____ INFO    ----------------------------------------
2026-02-23 14:10:49.270109 (1800796) main____ INFO    Runtime info:
2026-02-23 14:10:49.270114 (1800796) main____ INFO      platform  : Linux 5.14.0-570.84.1.el9_6.x86_64 x86_64
2026-02-23 14:10:49.270120 (1800796) main____ INFO      hostname  : della-h14n7
2026-02-23 14:10:49.270126 (1800796) main____ INFO      pid       : 1800796
2026-02-23 14:10:49.270130 (1800796) main____ INFO      arguments : '-style' 'windows' '-batch' '-proj' './verification_results/03733/jgproject' '-tcl' './jasper_verif_check.tcl'
2026-02-23 14:10:49.270139 (1800796) main____ INFO      locale    : UTF-8
2026-02-23 14:10:49.270144 (1800796) main____ INFO    ----------------------------------------
2026-02-23 14:10:49.270148 (1800796) main____ INFO    System resource limits info:
2026-02-23 14:10:49.270153 (1800796) main____ INFO      virtual memory: unlimited
2026-02-23 14:10:49.270158 (1800796) main____ INFO      cpu time      : unlimited
2026-02-23 14:10:49.270163 (1800796) main____ INFO      stack size    : unlimited
2026-02-23 14:10:49.270168 (1800796) main____ INFO      core file size: unlimited
2026-02-23 14:10:49.270174 (1800796) main____ INFO      open files    : 131072
2026-02-23 14:10:49.270179 (1800796) main____ INFO      file size     : unlimited
2026-02-23 14:10:49.270184 (1800796) main____ INFO    ----------------------------------------
2026-02-23 14:10:49.270189 (1800796) main____ INFO    Memory statistics:
2026-02-23 14:10:49.270194 (1800796) main____ INFO      total physical memory  : 1584164356 kB
2026-02-23 14:10:49.270199 (1800796) main____ INFO      free physical memory   : 806224480 kB
2026-02-23 14:10:49.270203 (1800796) main____ INFO      committed address space: 605540336 kB
2026-02-23 14:10:49.270208 (1800796) main____ INFO    ----------------------------------------
2026-02-23 14:10:49.270724 (1800796) main____ INFO    Important environment variables:
2026-02-23 14:10:49.270737 (1800796) main____ INFO      JASPER_HOME       : '/usr/licensed/cadence-20210126/jasper_2021.03'
2026-02-23 14:10:49.270743 (1800796) main____ INFO      JASPER_INSTALL_DIR: '/scratch/gpfs/LICENSED/x86_64/cadence-20210126/jasper_2021.03'
2026-02-23 14:10:49.270749 (1800796) main____ INFO      LANG              : 'en_US.UTF-8'
2026-02-23 14:10:49.270754 (1800796) main____ INFO      LM_LICENSE_FILE   : '5280@license.rc.princeton.edu'
2026-02-23 14:10:49.270759 (1800796) main____ INFO      TMPDIR            : '/tmp/ab2113/jg_5019054_67'
2026-02-23 14:10:49.270764 (1800796) main____ INFO    ----------------------------------------
2026-02-23 14:10:49.271363 (1800796) lic_core INFO    Initializing license system ...
2026-02-23 14:10:49.271880 (1800796) lic_core INFO    ... license system initialized.
2026-02-23 14:10:49.272686 (1800796) lic__man INFO    Claim 'fpv' for <ui>.
2026-02-23 14:10:49.272718 (1800796) lic_core INFO    (1) checking out 'jasper_fpv' ...
2026-02-23 14:10:49.278554 (1800796) lic_core INFO    ... (1) checkout failed (error: -5) ("FLEXnet ERROR(-5, 0, 0): No such feature exists.")
2026-02-23 14:10:49.278583 (1800796) lic_core INFO    (2) checking out 'jasper_fao' ...
2026-02-23 14:10:49.288540 (1800796) lic_core INFO    ... (2) checkout succeeded
2026-02-23 14:10:49.299422 (1800796) session_ INFO    Starting analysis session with session id 'session_0' (launcher: <local>) ...
2026-02-23 14:10:49.301966 (1800796) session_ INFO    Analysis session with session id 'session_0' started (pid: 1800804)
2026-02-23 14:10:49.863993 (1800796) session_ INFO    Analysis session 'session_0' connected to the console (host: 127.0.0.1:49384)
2026-02-23 14:10:50.684430 (1800796) lic__man INFO    Unclaim everything for 'session_0'.
2026-02-23 14:10:50.756356 (1800796) lic__man INFO    Claim 'fpv' for 'session_0'.
2026-02-23 14:10:50.756395 (1800796) lic__man INFO    Claim 'fpv' for 'session_0/prove-0'.
2026-02-23 14:10:51.010591 (1800796) lic__man INFO    Unclaim everything for 'session_0/prove-0'.
2026-02-23 14:10:51.062307 (1800796) main____ INFO    About to exit: request to exit with status 0 received from analysis session 'session_0'
2026-02-23 14:10:51.120053 (1800796) session_ INFO    Analysis session 'session_0' disconnected.
2026-02-23 14:10:51.120167 (1800796) lic__man INFO    Unclaim everything for 'session_0'.
2026-02-23 14:10:51.121100 (1800796) session_ INFO    Process for analysis session 'session_0' has exited with exit status '0'.
2026-02-23 14:10:53.080922 (1800796) lic_core INFO    (2) checkin jasper_fao
2026-02-23 14:10:53.082723 (1800796) main____ INFO    Exiting with status 0.
