2026-02-23 13:57:44.852358 (530910) main____ INFO    ----------------------------------------
2026-02-23 13:57:44.852453 (530910) main____ INFO    JasperGold version info
2026-02-23 13:57:44.852469 (530910) main____ INFO      tool      : JasperGold 2021.03
2026-02-23 13:57:44.852477 (530910) main____ INFO      version   : 2021.03 FCS 64 bits
2026-02-23 13:57:44.852482 (530910) main____ INFO      build date: 2021.03.23 02:50:43 UTC
2026-02-23 13:57:44.852486 (530910) main____ INFO    ----------------------------------------
2026-02-23 13:57:44.852491 (530910) main____ INFO    Runtime info:
2026-02-23 13:57:44.852496 (530910) main____ INFO      platform  : Linux 5.14.0-570.84.1.el9_6.x86_64 x86_64
2026-02-23 13:57:44.852502 (530910) main____ INFO      hostname  : della-r3c2n9
2026-02-23 13:57:44.852507 (530910) main____ INFO      pid       : 530910
2026-02-23 13:57:44.852514 (530910) main____ INFO      arguments : '-style' 'windows' '-batch' '-proj' './verification_results/04346/jgproject' '-tcl' './jasper_verif_check.tcl'
2026-02-23 13:57:44.852522 (530910) main____ INFO      locale    : UTF-8
2026-02-23 13:57:44.852526 (530910) main____ INFO    ----------------------------------------
2026-02-23 13:57:44.852530 (530910) main____ INFO    System resource limits info:
2026-02-23 13:57:44.852535 (530910) main____ INFO      virtual memory: unlimited
2026-02-23 13:57:44.852539 (530910) main____ INFO      cpu time      : unlimited
2026-02-23 13:57:44.852544 (530910) main____ INFO      stack size    : unlimited
2026-02-23 13:57:44.852548 (530910) main____ INFO      core file size: unlimited
2026-02-23 13:57:44.852556 (530910) main____ INFO      open files    : 131072
2026-02-23 13:57:44.852561 (530910) main____ INFO      file size     : unlimited
2026-02-23 13:57:44.852565 (530910) main____ INFO    ----------------------------------------
2026-02-23 13:57:44.852570 (530910) main____ INFO    Memory statistics:
2026-02-23 13:57:44.852574 (530910) main____ INFO      total physical memory  : 195972072 kB
2026-02-23 13:57:44.852579 (530910) main____ INFO      free physical memory   : 68392368 kB
2026-02-23 13:57:44.852583 (530910) main____ INFO      committed address space: 64786080 kB
2026-02-23 13:57:44.852587 (530910) main____ INFO    ----------------------------------------
2026-02-23 13:57:44.853557 (530910) main____ INFO    Important environment variables:
2026-02-23 13:57:44.853573 (530910) main____ INFO      JASPER_HOME       : '/usr/licensed/cadence-20210126/jasper_2021.03'
2026-02-23 13:57:44.853579 (530910) main____ INFO      JASPER_INSTALL_DIR: '/scratch/gpfs/LICENSED/x86_64/cadence-20210126/jasper_2021.03'
2026-02-23 13:57:44.853584 (530910) main____ INFO      LANG              : 'en_US.UTF-8'
2026-02-23 13:57:44.853589 (530910) main____ INFO      LM_LICENSE_FILE   : '5280@license.rc.princeton.edu'
2026-02-23 13:57:44.853595 (530910) main____ INFO      TMPDIR            : '/tmp/ab2113/jg_5019136_79'
2026-02-23 13:57:44.853599 (530910) main____ INFO    ----------------------------------------
2026-02-23 13:57:44.854375 (530910) lic_core INFO    Initializing license system ...
2026-02-23 13:57:44.855158 (530910) lic_core INFO    ... license system initialized.
2026-02-23 13:57:44.855881 (530910) lic__man INFO    Claim 'fpv' for <ui>.
2026-02-23 13:57:44.855918 (530910) lic_core INFO    (1) checking out 'jasper_fpv' ...
2026-02-23 13:57:44.861557 (530910) lic_core INFO    ... (1) checkout failed (error: -5) ("FLEXnet ERROR(-5, 0, 0): No such feature exists.")
2026-02-23 13:57:44.861599 (530910) lic_core INFO    (2) checking out 'jasper_fao' ...
2026-02-23 13:57:44.872225 (530910) lic_core INFO    ... (2) checkout succeeded
2026-02-23 13:57:44.886692 (530910) session_ INFO    Starting analysis session with session id 'session_0' (launcher: <local>) ...
2026-02-23 13:57:44.889572 (530910) session_ INFO    Analysis session with session id 'session_0' started (pid: 530950)
2026-02-23 13:57:45.562841 (530910) session_ INFO    Analysis session 'session_0' connected to the console (host: 127.0.0.1:41416)
2026-02-23 13:57:46.138906 (530910) main____ INFO    About to exit: request to exit with status 1 received from analysis session 'session_0'
2026-02-23 13:57:46.212030 (530910) session_ INFO    Analysis session 'session_0' disconnected.
2026-02-23 13:57:46.212149 (530910) lic__man INFO    Unclaim everything for 'session_0'.
2026-02-23 13:57:46.212537 (530910) session_ INFO    Process for analysis session 'session_0' has exited with exit status '1'.
2026-02-23 13:57:48.124145 (530910) lic_core INFO    (2) checkin jasper_fao
2026-02-23 13:57:48.125683 (530910) main____ INFO    Exiting with status 1.
