2026-02-20 18:22:54.381056 (2582509) main____ INFO    ----------------------------------------
2026-02-20 18:22:54.381168 (2582509) main____ INFO    JasperGold version info
2026-02-20 18:22:54.381187 (2582509) main____ INFO      tool      : JasperGold 2021.03
2026-02-20 18:22:54.381196 (2582509) main____ INFO      version   : 2021.03 FCS 64 bits
2026-02-20 18:22:54.381202 (2582509) main____ INFO      build date: 2021.03.23 02:50:43 UTC
2026-02-20 18:22:54.381206 (2582509) main____ INFO    ----------------------------------------
2026-02-20 18:22:54.381210 (2582509) main____ INFO    Runtime info:
2026-02-20 18:22:54.381214 (2582509) main____ INFO      platform  : Linux 5.14.0-570.84.1.el9_6.x86_64 x86_64
2026-02-20 18:22:54.381220 (2582509) main____ INFO      hostname  : della-i13n22
2026-02-20 18:22:54.381225 (2582509) main____ INFO      pid       : 2582509
2026-02-20 18:22:54.381229 (2582509) main____ INFO      arguments : '-style' 'windows' '-batch' '-proj' 'verification_results/00749/jgproject' '-tcl' './jasper_verif_check.tcl'
2026-02-20 18:22:54.381237 (2582509) main____ INFO      locale    : UTF-8
2026-02-20 18:22:54.381241 (2582509) main____ INFO    ----------------------------------------
2026-02-20 18:22:54.381244 (2582509) main____ INFO    System resource limits info:
2026-02-20 18:22:54.381248 (2582509) main____ INFO      virtual memory: unlimited
2026-02-20 18:22:54.381253 (2582509) main____ INFO      cpu time      : unlimited
2026-02-20 18:22:54.381257 (2582509) main____ INFO      stack size    : unlimited
2026-02-20 18:22:54.381261 (2582509) main____ INFO      core file size: unlimited
2026-02-20 18:22:54.381268 (2582509) main____ INFO      open files    : 131072
2026-02-20 18:22:54.381272 (2582509) main____ INFO      file size     : unlimited
2026-02-20 18:22:54.381276 (2582509) main____ INFO    ----------------------------------------
2026-02-20 18:22:54.381280 (2582509) main____ INFO    Memory statistics:
2026-02-20 18:22:54.381284 (2582509) main____ INFO      total physical memory  : 394157548 kB
2026-02-20 18:22:54.381287 (2582509) main____ INFO      free physical memory   : 178307824 kB
2026-02-20 18:22:54.381291 (2582509) main____ INFO      committed address space: 180649496 kB
2026-02-20 18:22:54.381295 (2582509) main____ INFO    ----------------------------------------
2026-02-20 18:22:54.382171 (2582509) main____ INFO    Important environment variables:
2026-02-20 18:22:54.382189 (2582509) main____ INFO      JASPER_HOME       : '/usr/licensed/cadence-20210126/jasper_2021.03'
2026-02-20 18:22:54.382195 (2582509) main____ INFO      JASPER_INSTALL_DIR: '/scratch/gpfs/LICENSED/x86_64/cadence-20210126/jasper_2021.03'
2026-02-20 18:22:54.382200 (2582509) main____ INFO      LANG              : 'en_US.UTF-8'
2026-02-20 18:22:54.382206 (2582509) main____ INFO      LM_LICENSE_FILE   : '5280@license.rc.princeton.edu'
2026-02-20 18:22:54.382210 (2582509) main____ INFO      TMPDIR            : '/tmp'
2026-02-20 18:22:54.382214 (2582509) main____ INFO    ----------------------------------------
2026-02-20 18:22:54.383126 (2582509) lic_core INFO    Initializing license system ...
2026-02-20 18:22:54.383984 (2582509) lic_core INFO    ... license system initialized.
2026-02-20 18:22:54.384775 (2582509) lic__man INFO    Claim 'fpv' for <ui>.
2026-02-20 18:22:54.384816 (2582509) lic_core INFO    (1) checking out 'jasper_fpv' ...
2026-02-20 18:22:54.390680 (2582509) lic_core INFO    ... (1) checkout failed (error: -5) ("FLEXnet ERROR(-5, 0, 0): No such feature exists.")
2026-02-20 18:22:54.390736 (2582509) lic_core INFO    (2) checking out 'jasper_fao' ...
2026-02-20 18:22:54.401301 (2582509) lic_core INFO    ... (2) checkout succeeded
2026-02-20 18:22:54.415812 (2582509) session_ INFO    Starting analysis session with session id 'session_0' (launcher: <local>) ...
2026-02-20 18:22:54.419172 (2582509) session_ INFO    Analysis session with session id 'session_0' started (pid: 2582517)
2026-02-20 18:22:55.176676 (2582509) session_ INFO    Analysis session 'session_0' connected to the console (host: 127.0.0.1:60112)
2026-02-20 18:22:55.754513 (2582509) main____ INFO    About to exit: request to exit with status 1 received from analysis session 'session_0'
2026-02-20 18:22:55.842649 (2582509) session_ INFO    Analysis session 'session_0' disconnected.
2026-02-20 18:22:55.842789 (2582509) lic__man INFO    Unclaim everything for 'session_0'.
2026-02-20 18:22:55.844213 (2582509) session_ INFO    Process for analysis session 'session_0' has exited with exit status '1'.
2026-02-20 18:22:57.659244 (2582509) lic_core INFO    (2) checkin jasper_fao
2026-02-20 18:22:57.660820 (2582509) main____ INFO    Exiting with status 1.
