2026-02-23 13:51:33.839043 (518823) main____ INFO    ----------------------------------------
2026-02-23 13:51:33.839115 (518823) main____ INFO    JasperGold version info
2026-02-23 13:51:33.839130 (518823) main____ INFO      tool      : JasperGold 2021.03
2026-02-23 13:51:33.839138 (518823) main____ INFO      version   : 2021.03 FCS 64 bits
2026-02-23 13:51:33.839143 (518823) main____ INFO      build date: 2021.03.23 02:50:43 UTC
2026-02-23 13:51:33.839147 (518823) main____ INFO    ----------------------------------------
2026-02-23 13:51:33.839151 (518823) main____ INFO    Runtime info:
2026-02-23 13:51:33.839155 (518823) main____ INFO      platform  : Linux 5.14.0-570.84.1.el9_6.x86_64 x86_64
2026-02-23 13:51:33.839161 (518823) main____ INFO      hostname  : della-r3c2n9
2026-02-23 13:51:33.839166 (518823) main____ INFO      pid       : 518823
2026-02-23 13:51:33.839170 (518823) main____ INFO      arguments : '-style' 'windows' '-batch' '-proj' './verification_results/03433/jgproject' '-tcl' './jasper_verif_check.tcl'
2026-02-23 13:51:33.839178 (518823) main____ INFO      locale    : UTF-8
2026-02-23 13:51:33.839183 (518823) main____ INFO    ----------------------------------------
2026-02-23 13:51:33.839187 (518823) main____ INFO    System resource limits info:
2026-02-23 13:51:33.839191 (518823) main____ INFO      virtual memory: unlimited
2026-02-23 13:51:33.839196 (518823) main____ INFO      cpu time      : unlimited
2026-02-23 13:51:33.839200 (518823) main____ INFO      stack size    : unlimited
2026-02-23 13:51:33.839204 (518823) main____ INFO      core file size: unlimited
2026-02-23 13:51:33.839211 (518823) main____ INFO      open files    : 131072
2026-02-23 13:51:33.839216 (518823) main____ INFO      file size     : unlimited
2026-02-23 13:51:33.839220 (518823) main____ INFO    ----------------------------------------
2026-02-23 13:51:33.839224 (518823) main____ INFO    Memory statistics:
2026-02-23 13:51:33.839228 (518823) main____ INFO      total physical memory  : 195972072 kB
2026-02-23 13:51:33.839232 (518823) main____ INFO      free physical memory   : 68255696 kB
2026-02-23 13:51:33.839236 (518823) main____ INFO      committed address space: 59261460 kB
2026-02-23 13:51:33.839240 (518823) main____ INFO    ----------------------------------------
2026-02-23 13:51:33.840186 (518823) main____ INFO    Important environment variables:
2026-02-23 13:51:33.840201 (518823) main____ INFO      JASPER_HOME       : '/usr/licensed/cadence-20210126/jasper_2021.03'
2026-02-23 13:51:33.840207 (518823) main____ INFO      JASPER_INSTALL_DIR: '/scratch/gpfs/LICENSED/x86_64/cadence-20210126/jasper_2021.03'
2026-02-23 13:51:33.840212 (518823) main____ INFO      LANG              : 'en_US.UTF-8'
2026-02-23 13:51:33.840217 (518823) main____ INFO      LM_LICENSE_FILE   : '5280@license.rc.princeton.edu'
2026-02-23 13:51:33.840222 (518823) main____ INFO      TMPDIR            : '/tmp/ab2113/jg_5019008_61'
2026-02-23 13:51:33.840227 (518823) main____ INFO    ----------------------------------------
2026-02-23 13:51:33.840600 (518823) lic_core INFO    Initializing license system ...
2026-02-23 13:51:33.841347 (518823) lic_core INFO    ... license system initialized.
2026-02-23 13:51:33.842027 (518823) lic__man INFO    Claim 'fpv' for <ui>.
2026-02-23 13:51:33.842061 (518823) lic_core INFO    (1) checking out 'jasper_fpv' ...
2026-02-23 13:51:33.847731 (518823) lic_core INFO    ... (1) checkout failed (error: -5) ("FLEXnet ERROR(-5, 0, 0): No such feature exists.")
2026-02-23 13:51:33.847757 (518823) lic_core INFO    (2) checking out 'jasper_fao' ...
2026-02-23 13:51:33.858005 (518823) lic_core INFO    ... (2) checkout succeeded
2026-02-23 13:51:33.872153 (518823) session_ INFO    Starting analysis session with session id 'session_0' (launcher: <local>) ...
2026-02-23 13:51:33.874718 (518823) session_ INFO    Analysis session with session id 'session_0' started (pid: 518831)
2026-02-23 13:51:34.506736 (518823) session_ INFO    Analysis session 'session_0' connected to the console (host: 127.0.0.1:58822)
2026-02-23 13:51:35.330821 (518823) lic__man INFO    Unclaim everything for 'session_0'.
2026-02-23 13:51:35.396345 (518823) main____ INFO    About to exit: request to exit with status 3 received from analysis session 'session_0'
2026-02-23 13:51:35.467119 (518823) session_ INFO    Analysis session 'session_0' disconnected.
2026-02-23 13:51:35.467236 (518823) lic__man INFO    Unclaim everything for 'session_0'.
2026-02-23 13:51:35.467853 (518823) session_ INFO    Process for analysis session 'session_0' has exited with exit status '3'.
2026-02-23 13:51:37.504010 (518823) lic_core INFO    (2) checkin jasper_fao
2026-02-23 13:51:37.505352 (518823) main____ INFO    Exiting with status 3.
