2026-02-23 13:51:10.793731 (518242) main____ INFO    ----------------------------------------
2026-02-23 13:51:10.793801 (518242) main____ INFO    JasperGold version info
2026-02-23 13:51:10.793816 (518242) main____ INFO      tool      : JasperGold 2021.03
2026-02-23 13:51:10.793824 (518242) main____ INFO      version   : 2021.03 FCS 64 bits
2026-02-23 13:51:10.793828 (518242) main____ INFO      build date: 2021.03.23 02:50:43 UTC
2026-02-23 13:51:10.793837 (518242) main____ INFO    ----------------------------------------
2026-02-23 13:51:10.793842 (518242) main____ INFO    Runtime info:
2026-02-23 13:51:10.793846 (518242) main____ INFO      platform  : Linux 5.14.0-570.84.1.el9_6.x86_64 x86_64
2026-02-23 13:51:10.793852 (518242) main____ INFO      hostname  : della-r3c2n9
2026-02-23 13:51:10.793857 (518242) main____ INFO      pid       : 518242
2026-02-23 13:51:10.793861 (518242) main____ INFO      arguments : '-style' 'windows' '-batch' '-proj' './verification_results/03427/jgproject' '-tcl' './jasper_verif_check.tcl'
2026-02-23 13:51:10.793868 (518242) main____ INFO      locale    : UTF-8
2026-02-23 13:51:10.793872 (518242) main____ INFO    ----------------------------------------
2026-02-23 13:51:10.793876 (518242) main____ INFO    System resource limits info:
2026-02-23 13:51:10.793880 (518242) main____ INFO      virtual memory: unlimited
2026-02-23 13:51:10.793884 (518242) main____ INFO      cpu time      : unlimited
2026-02-23 13:51:10.793889 (518242) main____ INFO      stack size    : unlimited
2026-02-23 13:51:10.793893 (518242) main____ INFO      core file size: unlimited
2026-02-23 13:51:10.793900 (518242) main____ INFO      open files    : 131072
2026-02-23 13:51:10.793904 (518242) main____ INFO      file size     : unlimited
2026-02-23 13:51:10.793908 (518242) main____ INFO    ----------------------------------------
2026-02-23 13:51:10.793912 (518242) main____ INFO    Memory statistics:
2026-02-23 13:51:10.793916 (518242) main____ INFO      total physical memory  : 195972072 kB
2026-02-23 13:51:10.793920 (518242) main____ INFO      free physical memory   : 68357828 kB
2026-02-23 13:51:10.793924 (518242) main____ INFO      committed address space: 59125144 kB
2026-02-23 13:51:10.793928 (518242) main____ INFO    ----------------------------------------
2026-02-23 13:51:10.794872 (518242) main____ INFO    Important environment variables:
2026-02-23 13:51:10.794886 (518242) main____ INFO      JASPER_HOME       : '/usr/licensed/cadence-20210126/jasper_2021.03'
2026-02-23 13:51:10.794892 (518242) main____ INFO      JASPER_INSTALL_DIR: '/scratch/gpfs/LICENSED/x86_64/cadence-20210126/jasper_2021.03'
2026-02-23 13:51:10.794897 (518242) main____ INFO      LANG              : 'en_US.UTF-8'
2026-02-23 13:51:10.794902 (518242) main____ INFO      LM_LICENSE_FILE   : '5280@license.rc.princeton.edu'
2026-02-23 13:51:10.794907 (518242) main____ INFO      TMPDIR            : '/tmp/ab2113/jg_5019008_61'
2026-02-23 13:51:10.794911 (518242) main____ INFO    ----------------------------------------
2026-02-23 13:51:10.795280 (518242) lic_core INFO    Initializing license system ...
2026-02-23 13:51:10.796026 (518242) lic_core INFO    ... license system initialized.
2026-02-23 13:51:10.796708 (518242) lic__man INFO    Claim 'fpv' for <ui>.
2026-02-23 13:51:10.796741 (518242) lic_core INFO    (1) checking out 'jasper_fpv' ...
2026-02-23 13:51:10.801936 (518242) lic_core INFO    ... (1) checkout failed (error: -5) ("FLEXnet ERROR(-5, 0, 0): No such feature exists.")
2026-02-23 13:51:10.801962 (518242) lic_core INFO    (2) checking out 'jasper_fao' ...
2026-02-23 13:51:10.812477 (518242) lic_core INFO    ... (2) checkout succeeded
2026-02-23 13:51:10.825798 (518242) session_ INFO    Starting analysis session with session id 'session_0' (launcher: <local>) ...
2026-02-23 13:51:10.828359 (518242) session_ INFO    Analysis session with session id 'session_0' started (pid: 518250)
2026-02-23 13:51:11.456338 (518242) session_ INFO    Analysis session 'session_0' connected to the console (host: 127.0.0.1:39554)
2026-02-23 13:51:12.010883 (518242) main____ INFO    About to exit: request to exit with status 1 received from analysis session 'session_0'
2026-02-23 13:51:12.081495 (518242) session_ INFO    Analysis session 'session_0' disconnected.
2026-02-23 13:51:12.081610 (518242) lic__man INFO    Unclaim everything for 'session_0'.
2026-02-23 13:51:12.082204 (518242) session_ INFO    Process for analysis session 'session_0' has exited with exit status '1'.
2026-02-23 13:51:14.117248 (518242) lic_core INFO    (2) checkin jasper_fao
2026-02-23 13:51:14.118682 (518242) main____ INFO    Exiting with status 1.
