2026-02-23 13:38:58.730456 (1371045) main____ INFO    ----------------------------------------
2026-02-23 13:38:58.730560 (1371045) main____ INFO    JasperGold version info
2026-02-23 13:38:58.730580 (1371045) main____ INFO      tool      : JasperGold 2021.03
2026-02-23 13:38:58.730588 (1371045) main____ INFO      version   : 2021.03 FCS 64 bits
2026-02-23 13:38:58.730594 (1371045) main____ INFO      build date: 2021.03.23 02:50:43 UTC
2026-02-23 13:38:58.730599 (1371045) main____ INFO    ----------------------------------------
2026-02-23 13:38:58.730603 (1371045) main____ INFO    Runtime info:
2026-02-23 13:38:58.730608 (1371045) main____ INFO      platform  : Linux 5.14.0-570.84.1.el9_6.x86_64 x86_64
2026-02-23 13:38:58.730614 (1371045) main____ INFO      hostname  : della-r3c3n3
2026-02-23 13:38:58.730620 (1371045) main____ INFO      pid       : 1371045
2026-02-23 13:38:58.730624 (1371045) main____ INFO      arguments : '-style' 'windows' '-batch' '-proj' './verification_results/00922/jgproject' '-tcl' './jasper_verif_check.tcl'
2026-02-23 13:38:58.730634 (1371045) main____ INFO      locale    : UTF-8
2026-02-23 13:38:58.730638 (1371045) main____ INFO    ----------------------------------------
2026-02-23 13:38:58.730643 (1371045) main____ INFO    System resource limits info:
2026-02-23 13:38:58.730647 (1371045) main____ INFO      virtual memory: unlimited
2026-02-23 13:38:58.730652 (1371045) main____ INFO      cpu time      : unlimited
2026-02-23 13:38:58.730657 (1371045) main____ INFO      stack size    : unlimited
2026-02-23 13:38:58.730662 (1371045) main____ INFO      core file size: unlimited
2026-02-23 13:38:58.730669 (1371045) main____ INFO      open files    : 131072
2026-02-23 13:38:58.730674 (1371045) main____ INFO      file size     : unlimited
2026-02-23 13:38:58.730678 (1371045) main____ INFO    ----------------------------------------
2026-02-23 13:38:58.730682 (1371045) main____ INFO    Memory statistics:
2026-02-23 13:38:58.730687 (1371045) main____ INFO      total physical memory  : 195972168 kB
2026-02-23 13:38:58.730692 (1371045) main____ INFO      free physical memory   : 91861928 kB
2026-02-23 13:38:58.730696 (1371045) main____ INFO      committed address space: 57547968 kB
2026-02-23 13:38:58.730700 (1371045) main____ INFO    ----------------------------------------
2026-02-23 13:38:58.731730 (1371045) main____ INFO    Important environment variables:
2026-02-23 13:38:58.731751 (1371045) main____ INFO      JASPER_HOME       : '/usr/licensed/cadence-20210126/jasper_2021.03'
2026-02-23 13:38:58.731757 (1371045) main____ INFO      JASPER_INSTALL_DIR: '/scratch/gpfs/LICENSED/x86_64/cadence-20210126/jasper_2021.03'
2026-02-23 13:38:58.731763 (1371045) main____ INFO      LANG              : 'en_US.UTF-8'
2026-02-23 13:38:58.731768 (1371045) main____ INFO      LM_LICENSE_FILE   : '5280@license.rc.princeton.edu'
2026-02-23 13:38:58.731774 (1371045) main____ INFO      TMPDIR            : '/tmp/ab2113/jg_5018805_11'
2026-02-23 13:38:58.731778 (1371045) main____ INFO    ----------------------------------------
2026-02-23 13:38:58.732318 (1371045) lic_core INFO    Initializing license system ...
2026-02-23 13:38:58.733227 (1371045) lic_core INFO    ... license system initialized.
2026-02-23 13:38:58.734030 (1371045) lic__man INFO    Claim 'fpv' for <ui>.
2026-02-23 13:38:58.734072 (1371045) lic_core INFO    (1) checking out 'jasper_fpv' ...
2026-02-23 13:38:58.739756 (1371045) lic_core INFO    ... (1) checkout failed (error: -5) ("FLEXnet ERROR(-5, 0, 0): No such feature exists.")
2026-02-23 13:38:58.739790 (1371045) lic_core INFO    (2) checking out 'jasper_fao' ...
2026-02-23 13:38:58.750865 (1371045) lic_core INFO    ... (2) checkout succeeded
2026-02-23 13:38:58.766082 (1371045) session_ INFO    Starting analysis session with session id 'session_0' (launcher: <local>) ...
2026-02-23 13:38:58.769050 (1371045) session_ INFO    Analysis session with session id 'session_0' started (pid: 1371053)
2026-02-23 13:38:59.596774 (1371045) session_ INFO    Analysis session 'session_0' connected to the console (host: 127.0.0.1:50154)
2026-02-23 13:39:00.502973 (1371045) lic__man INFO    Unclaim everything for 'session_0'.
2026-02-23 13:39:00.577094 (1371045) lic__man INFO    Claim 'fpv' for 'session_0'.
2026-02-23 13:39:00.577169 (1371045) lic__man INFO    Claim 'fpv' for 'session_0/prove-0'.
2026-02-23 13:39:00.730950 (1371045) lic__man INFO    Unclaim everything for 'session_0/prove-0'.
2026-02-23 13:39:00.790543 (1371045) main____ INFO    About to exit: request to exit with status 0 received from analysis session 'session_0'
2026-02-23 13:39:00.947342 (1371045) session_ INFO    Analysis session 'session_0' disconnected.
2026-02-23 13:39:00.947500 (1371045) lic__man INFO    Unclaim everything for 'session_0'.
2026-02-23 13:39:00.948131 (1371045) session_ INFO    Process for analysis session 'session_0' has exited with exit status '0'.
2026-02-23 13:39:02.897503 (1371045) lic_core INFO    (2) checkin jasper_fao
2026-02-23 13:39:02.899233 (1371045) main____ INFO    Exiting with status 0.
