2026-02-23 13:37:42.709572 (88916) main____ INFO    ----------------------------------------
2026-02-23 13:37:42.709656 (88916) main____ INFO    JasperGold version info
2026-02-23 13:37:42.709671 (88916) main____ INFO      tool      : JasperGold 2021.03
2026-02-23 13:37:42.709679 (88916) main____ INFO      version   : 2021.03 FCS 64 bits
2026-02-23 13:37:42.709686 (88916) main____ INFO      build date: 2021.03.23 02:50:43 UTC
2026-02-23 13:37:42.709692 (88916) main____ INFO    ----------------------------------------
2026-02-23 13:37:42.709698 (88916) main____ INFO    Runtime info:
2026-02-23 13:37:42.709704 (88916) main____ INFO      platform  : Linux 5.14.0-570.84.1.el9_6.x86_64 x86_64
2026-02-23 13:37:42.709711 (88916) main____ INFO      hostname  : della-h14n2
2026-02-23 13:37:42.709719 (88916) main____ INFO      pid       : 88916
2026-02-23 13:37:42.709725 (88916) main____ INFO      arguments : '-style' 'windows' '-batch' '-proj' './verification_results/00768/jgproject' '-tcl' './jasper_verif_check.tcl'
2026-02-23 13:37:42.709734 (88916) main____ INFO      locale    : UTF-8
2026-02-23 13:37:42.709740 (88916) main____ INFO    ----------------------------------------
2026-02-23 13:37:42.709745 (88916) main____ INFO    System resource limits info:
2026-02-23 13:37:42.709751 (88916) main____ INFO      virtual memory: unlimited
2026-02-23 13:37:42.709757 (88916) main____ INFO      cpu time      : unlimited
2026-02-23 13:37:42.709763 (88916) main____ INFO      stack size    : unlimited
2026-02-23 13:37:42.709768 (88916) main____ INFO      core file size: unlimited
2026-02-23 13:37:42.709775 (88916) main____ INFO      open files    : 131072
2026-02-23 13:37:42.709781 (88916) main____ INFO      file size     : unlimited
2026-02-23 13:37:42.709785 (88916) main____ INFO    ----------------------------------------
2026-02-23 13:37:42.709790 (88916) main____ INFO    Memory statistics:
2026-02-23 13:37:42.709796 (88916) main____ INFO      total physical memory  : 1584164328 kB
2026-02-23 13:37:42.709802 (88916) main____ INFO      free physical memory   : 732970448 kB
2026-02-23 13:37:42.709808 (88916) main____ INFO      committed address space: 684635104 kB
2026-02-23 13:37:42.709821 (88916) main____ INFO    ----------------------------------------
2026-02-23 13:37:42.710349 (88916) main____ INFO    Important environment variables:
2026-02-23 13:37:42.710363 (88916) main____ INFO      JASPER_HOME       : '/usr/licensed/cadence-20210126/jasper_2021.03'
2026-02-23 13:37:42.710370 (88916) main____ INFO      JASPER_INSTALL_DIR: '/scratch/gpfs/LICENSED/x86_64/cadence-20210126/jasper_2021.03'
2026-02-23 13:37:42.710376 (88916) main____ INFO      LANG              : 'en_US.UTF-8'
2026-02-23 13:37:42.710382 (88916) main____ INFO      LM_LICENSE_FILE   : '5280@license.rc.princeton.edu'
2026-02-23 13:37:42.710388 (88916) main____ INFO      TMPDIR            : '/tmp/ab2113/jg_5018797_8'
2026-02-23 13:37:42.710393 (88916) main____ INFO    ----------------------------------------
2026-02-23 13:37:42.710921 (88916) lic_core INFO    Initializing license system ...
2026-02-23 13:37:42.711451 (88916) lic_core INFO    ... license system initialized.
2026-02-23 13:37:42.712227 (88916) lic__man INFO    Claim 'fpv' for <ui>.
2026-02-23 13:37:42.712261 (88916) lic_core INFO    (1) checking out 'jasper_fpv' ...
2026-02-23 13:37:42.718749 (88916) lic_core INFO    ... (1) checkout failed (error: -5) ("FLEXnet ERROR(-5, 0, 0): No such feature exists.")
2026-02-23 13:37:42.718777 (88916) lic_core INFO    (2) checking out 'jasper_fao' ...
2026-02-23 13:37:42.728507 (88916) lic_core INFO    ... (2) checkout succeeded
2026-02-23 13:37:42.739649 (88916) session_ INFO    Starting analysis session with session id 'session_0' (launcher: <local>) ...
2026-02-23 13:37:42.742676 (88916) session_ INFO    Analysis session with session id 'session_0' started (pid: 88924)
2026-02-23 13:37:43.346404 (88916) session_ INFO    Analysis session 'session_0' connected to the console (host: 127.0.0.1:33122)
2026-02-23 13:37:44.119236 (88916) lic__man INFO    Unclaim everything for 'session_0'.
2026-02-23 13:37:44.157333 (88916) lic__man INFO    Claim 'fpv' for 'session_0'.
2026-02-23 13:37:44.157386 (88916) lic__man INFO    Claim 'fpv' for 'session_0/prove-0'.
2026-02-23 13:37:44.310011 (88916) lic__man INFO    Unclaim everything for 'session_0/prove-0'.
2026-02-23 13:37:44.364889 (88916) main____ INFO    About to exit: request to exit with status 0 received from analysis session 'session_0'
2026-02-23 13:37:44.428760 (88916) session_ INFO    Analysis session 'session_0' disconnected.
2026-02-23 13:37:44.428910 (88916) lic__man INFO    Unclaim everything for 'session_0'.
2026-02-23 13:37:44.429559 (88916) session_ INFO    Process for analysis session 'session_0' has exited with exit status '0'.
2026-02-23 13:37:46.470413 (88916) lic_core INFO    (2) checkin jasper_fao
2026-02-23 13:37:46.471881 (88916) main____ INFO    Exiting with status 0.
