2026-02-23 13:55:51.836734 (525004) main____ INFO    ----------------------------------------
2026-02-23 13:55:51.836798 (525004) main____ INFO    JasperGold version info
2026-02-23 13:55:51.836813 (525004) main____ INFO      tool      : JasperGold 2021.03
2026-02-23 13:55:51.836820 (525004) main____ INFO      version   : 2021.03 FCS 64 bits
2026-02-23 13:55:51.836825 (525004) main____ INFO      build date: 2021.03.23 02:50:43 UTC
2026-02-23 13:55:51.836829 (525004) main____ INFO    ----------------------------------------
2026-02-23 13:55:51.836838 (525004) main____ INFO    Runtime info:
2026-02-23 13:55:51.836843 (525004) main____ INFO      platform  : Linux 5.14.0-570.84.1.el9_6.x86_64 x86_64
2026-02-23 13:55:51.836849 (525004) main____ INFO      hostname  : della-r3c2n9
2026-02-23 13:55:51.836854 (525004) main____ INFO      pid       : 525004
2026-02-23 13:55:51.836858 (525004) main____ INFO      arguments : '-style' 'windows' '-batch' '-proj' './verification_results/04266/jgproject' '-tcl' './jasper_verif_check.tcl'
2026-02-23 13:55:51.836865 (525004) main____ INFO      locale    : UTF-8
2026-02-23 13:55:51.836869 (525004) main____ INFO    ----------------------------------------
2026-02-23 13:55:51.836873 (525004) main____ INFO    System resource limits info:
2026-02-23 13:55:51.836878 (525004) main____ INFO      virtual memory: unlimited
2026-02-23 13:55:51.836882 (525004) main____ INFO      cpu time      : unlimited
2026-02-23 13:55:51.836886 (525004) main____ INFO      stack size    : unlimited
2026-02-23 13:55:51.836891 (525004) main____ INFO      core file size: unlimited
2026-02-23 13:55:51.836897 (525004) main____ INFO      open files    : 131072
2026-02-23 13:55:51.836901 (525004) main____ INFO      file size     : unlimited
2026-02-23 13:55:51.836905 (525004) main____ INFO    ----------------------------------------
2026-02-23 13:55:51.836909 (525004) main____ INFO    Memory statistics:
2026-02-23 13:55:51.836914 (525004) main____ INFO      total physical memory  : 195972072 kB
2026-02-23 13:55:51.836918 (525004) main____ INFO      free physical memory   : 69581508 kB
2026-02-23 13:55:51.836922 (525004) main____ INFO      committed address space: 58729652 kB
2026-02-23 13:55:51.836926 (525004) main____ INFO    ----------------------------------------
2026-02-23 13:55:51.837878 (525004) main____ INFO    Important environment variables:
2026-02-23 13:55:51.837894 (525004) main____ INFO      JASPER_HOME       : '/usr/licensed/cadence-20210126/jasper_2021.03'
2026-02-23 13:55:51.837900 (525004) main____ INFO      JASPER_INSTALL_DIR: '/scratch/gpfs/LICENSED/x86_64/cadence-20210126/jasper_2021.03'
2026-02-23 13:55:51.837906 (525004) main____ INFO      LANG              : 'en_US.UTF-8'
2026-02-23 13:55:51.837911 (525004) main____ INFO      LM_LICENSE_FILE   : '5280@license.rc.princeton.edu'
2026-02-23 13:55:51.837916 (525004) main____ INFO      TMPDIR            : '/tmp/ab2113/jg_5019135_78'
2026-02-23 13:55:51.837920 (525004) main____ INFO    ----------------------------------------
2026-02-23 13:55:51.838605 (525004) lic_core INFO    Initializing license system ...
2026-02-23 13:55:51.839356 (525004) lic_core INFO    ... license system initialized.
2026-02-23 13:55:51.840032 (525004) lic__man INFO    Claim 'fpv' for <ui>.
2026-02-23 13:55:51.840066 (525004) lic_core INFO    (1) checking out 'jasper_fpv' ...
2026-02-23 13:55:51.845952 (525004) lic_core INFO    ... (1) checkout failed (error: -5) ("FLEXnet ERROR(-5, 0, 0): No such feature exists.")
2026-02-23 13:55:51.845985 (525004) lic_core INFO    (2) checking out 'jasper_fao' ...
2026-02-23 13:55:51.855983 (525004) lic_core INFO    ... (2) checkout succeeded
2026-02-23 13:55:51.869805 (525004) session_ INFO    Starting analysis session with session id 'session_0' (launcher: <local>) ...
2026-02-23 13:55:51.872416 (525004) session_ INFO    Analysis session with session id 'session_0' started (pid: 525021)
2026-02-23 13:55:52.504250 (525004) session_ INFO    Analysis session 'session_0' connected to the console (host: 127.0.0.1:48880)
2026-02-23 13:55:53.386902 (525004) main____ INFO    About to exit: request to exit with status 1 received from analysis session 'session_0'
2026-02-23 13:55:53.453072 (525004) session_ INFO    Analysis session 'session_0' disconnected.
2026-02-23 13:55:53.453176 (525004) lic__man INFO    Unclaim everything for 'session_0'.
2026-02-23 13:55:53.453587 (525004) session_ INFO    Process for analysis session 'session_0' has exited with exit status '1'.
2026-02-23 13:55:55.494854 (525004) lic_core INFO    (2) checkin jasper_fao
2026-02-23 13:55:55.496332 (525004) main____ INFO    Exiting with status 1.
