2026-02-23 13:54:48.457395 (4193940) main____ INFO    ----------------------------------------
2026-02-23 13:54:48.457494 (4193940) main____ INFO    JasperGold version info
2026-02-23 13:54:48.457513 (4193940) main____ INFO      tool      : JasperGold 2021.03
2026-02-23 13:54:48.457522 (4193940) main____ INFO      version   : 2021.03 FCS 64 bits
2026-02-23 13:54:48.457528 (4193940) main____ INFO      build date: 2021.03.23 02:50:43 UTC
2026-02-23 13:54:48.457532 (4193940) main____ INFO    ----------------------------------------
2026-02-23 13:54:48.457536 (4193940) main____ INFO    Runtime info:
2026-02-23 13:54:48.457540 (4193940) main____ INFO      platform  : Linux 5.14.0-570.84.1.el9_6.x86_64 x86_64
2026-02-23 13:54:48.457546 (4193940) main____ INFO      hostname  : della-r3c2n6
2026-02-23 13:54:48.457551 (4193940) main____ INFO      pid       : 4193940
2026-02-23 13:54:48.457556 (4193940) main____ INFO      arguments : '-style' 'windows' '-batch' '-proj' './verification_results/04028/jgproject' '-tcl' './jasper_verif_check.tcl'
2026-02-23 13:54:48.457564 (4193940) main____ INFO      locale    : UTF-8
2026-02-23 13:54:48.457568 (4193940) main____ INFO    ----------------------------------------
2026-02-23 13:54:48.457572 (4193940) main____ INFO    System resource limits info:
2026-02-23 13:54:48.457576 (4193940) main____ INFO      virtual memory: unlimited
2026-02-23 13:54:48.457581 (4193940) main____ INFO      cpu time      : unlimited
2026-02-23 13:54:48.457585 (4193940) main____ INFO      stack size    : unlimited
2026-02-23 13:54:48.457589 (4193940) main____ INFO      core file size: unlimited
2026-02-23 13:54:48.457597 (4193940) main____ INFO      open files    : 131072
2026-02-23 13:54:48.457602 (4193940) main____ INFO      file size     : unlimited
2026-02-23 13:54:48.457606 (4193940) main____ INFO    ----------------------------------------
2026-02-23 13:54:48.457610 (4193940) main____ INFO    Memory statistics:
2026-02-23 13:54:48.457614 (4193940) main____ INFO      total physical memory  : 195972160 kB
2026-02-23 13:54:48.457618 (4193940) main____ INFO      free physical memory   : 143563096 kB
2026-02-23 13:54:48.457622 (4193940) main____ INFO      committed address space: 40451436 kB
2026-02-23 13:54:48.457626 (4193940) main____ INFO    ----------------------------------------
2026-02-23 13:54:48.458599 (4193940) main____ INFO    Important environment variables:
2026-02-23 13:54:48.458620 (4193940) main____ INFO      JASPER_HOME       : '/usr/licensed/cadence-20210126/jasper_2021.03'
2026-02-23 13:54:48.458627 (4193940) main____ INFO      JASPER_INSTALL_DIR: '/scratch/gpfs/LICENSED/x86_64/cadence-20210126/jasper_2021.03'
2026-02-23 13:54:48.458632 (4193940) main____ INFO      LANG              : 'en_US.UTF-8'
2026-02-23 13:54:48.458637 (4193940) main____ INFO      LM_LICENSE_FILE   : '5280@license.rc.princeton.edu'
2026-02-23 13:54:48.458642 (4193940) main____ INFO      TMPDIR            : '/tmp/ab2113/jg_5019092_73'
2026-02-23 13:54:48.458647 (4193940) main____ INFO    ----------------------------------------
2026-02-23 13:54:48.459506 (4193940) lic_core INFO    Initializing license system ...
2026-02-23 13:54:48.460392 (4193940) lic_core INFO    ... license system initialized.
2026-02-23 13:54:48.461161 (4193940) lic__man INFO    Claim 'fpv' for <ui>.
2026-02-23 13:54:48.461208 (4193940) lic_core INFO    (1) checking out 'jasper_fpv' ...
2026-02-23 13:54:48.466849 (4193940) lic_core INFO    ... (1) checkout failed (error: -5) ("FLEXnet ERROR(-5, 0, 0): No such feature exists.")
2026-02-23 13:54:48.466904 (4193940) lic_core INFO    (2) checking out 'jasper_fao' ...
2026-02-23 13:54:48.478185 (4193940) lic_core INFO    ... (2) checkout succeeded
2026-02-23 13:54:48.492762 (4193940) session_ INFO    Starting analysis session with session id 'session_0' (launcher: <local>) ...
2026-02-23 13:54:48.495573 (4193940) session_ INFO    Analysis session with session id 'session_0' started (pid: 4193948)
2026-02-23 13:54:49.190470 (4193940) session_ INFO    Analysis session 'session_0' connected to the console (host: 127.0.0.1:46858)
2026-02-23 13:54:49.766308 (4193940) main____ INFO    About to exit: request to exit with status 1 received from analysis session 'session_0'
2026-02-23 13:54:49.843012 (4193940) session_ INFO    Analysis session 'session_0' disconnected.
2026-02-23 13:54:49.843138 (4193940) lic__man INFO    Unclaim everything for 'session_0'.
2026-02-23 13:54:49.843508 (4193940) session_ INFO    Process for analysis session 'session_0' has exited with exit status '1'.
2026-02-23 13:54:51.713403 (4193940) lic_core INFO    (2) checkin jasper_fao
2026-02-23 13:54:51.715257 (4193940) main____ INFO    Exiting with status 1.
