2026-02-23 13:48:13.748145 (4167381) main____ INFO    ----------------------------------------
2026-02-23 13:48:13.748230 (4167381) main____ INFO    JasperGold version info
2026-02-23 13:48:13.748252 (4167381) main____ INFO      tool      : JasperGold 2021.03
2026-02-23 13:48:13.748263 (4167381) main____ INFO      version   : 2021.03 FCS 64 bits
2026-02-23 13:48:13.748269 (4167381) main____ INFO      build date: 2021.03.23 02:50:43 UTC
2026-02-23 13:48:13.748275 (4167381) main____ INFO    ----------------------------------------
2026-02-23 13:48:13.748280 (4167381) main____ INFO    Runtime info:
2026-02-23 13:48:13.748286 (4167381) main____ INFO      platform  : Linux 5.14.0-570.84.1.el9_6.x86_64 x86_64
2026-02-23 13:48:13.748293 (4167381) main____ INFO      hostname  : della-h14n1
2026-02-23 13:48:13.748300 (4167381) main____ INFO      pid       : 4167381
2026-02-23 13:48:13.748305 (4167381) main____ INFO      arguments : '-style' 'windows' '-batch' '-proj' './verification_results/02926/jgproject' '-tcl' './jasper_verif_check.tcl'
2026-02-23 13:48:13.748313 (4167381) main____ INFO      locale    : UTF-8
2026-02-23 13:48:13.748318 (4167381) main____ INFO    ----------------------------------------
2026-02-23 13:48:13.748323 (4167381) main____ INFO    System resource limits info:
2026-02-23 13:48:13.748328 (4167381) main____ INFO      virtual memory: unlimited
2026-02-23 13:48:13.748333 (4167381) main____ INFO      cpu time      : unlimited
2026-02-23 13:48:13.748338 (4167381) main____ INFO      stack size    : unlimited
2026-02-23 13:48:13.748343 (4167381) main____ INFO      core file size: unlimited
2026-02-23 13:48:13.748350 (4167381) main____ INFO      open files    : 131072
2026-02-23 13:48:13.748355 (4167381) main____ INFO      file size     : unlimited
2026-02-23 13:48:13.748360 (4167381) main____ INFO    ----------------------------------------
2026-02-23 13:48:13.748365 (4167381) main____ INFO    Memory statistics:
2026-02-23 13:48:13.748371 (4167381) main____ INFO      total physical memory  : 1584164324 kB
2026-02-23 13:48:13.748376 (4167381) main____ INFO      free physical memory   : 720623896 kB
2026-02-23 13:48:13.748381 (4167381) main____ INFO      committed address space: 571759964 kB
2026-02-23 13:48:13.748385 (4167381) main____ INFO    ----------------------------------------
2026-02-23 13:48:13.748959 (4167381) main____ INFO    Important environment variables:
2026-02-23 13:48:13.748973 (4167381) main____ INFO      JASPER_HOME       : '/usr/licensed/cadence-20210126/jasper_2021.03'
2026-02-23 13:48:13.748979 (4167381) main____ INFO      JASPER_INSTALL_DIR: '/scratch/gpfs/LICENSED/x86_64/cadence-20210126/jasper_2021.03'
2026-02-23 13:48:13.748985 (4167381) main____ INFO      LANG              : 'en_US.UTF-8'
2026-02-23 13:48:13.748991 (4167381) main____ INFO      LM_LICENSE_FILE   : '5280@license.rc.princeton.edu'
2026-02-23 13:48:13.748997 (4167381) main____ INFO      TMPDIR            : '/tmp/ab2113/jg_5018961_51'
2026-02-23 13:48:13.749002 (4167381) main____ INFO    ----------------------------------------
2026-02-23 13:48:13.749502 (4167381) lic_core INFO    Initializing license system ...
2026-02-23 13:48:13.750098 (4167381) lic_core INFO    ... license system initialized.
2026-02-23 13:48:13.750949 (4167381) lic__man INFO    Claim 'fpv' for <ui>.
2026-02-23 13:48:13.750985 (4167381) lic_core INFO    (1) checking out 'jasper_fpv' ...
2026-02-23 13:48:13.756977 (4167381) lic_core INFO    ... (1) checkout failed (error: -5) ("FLEXnet ERROR(-5, 0, 0): No such feature exists.")
2026-02-23 13:48:13.757005 (4167381) lic_core INFO    (2) checking out 'jasper_fao' ...
2026-02-23 13:48:13.765947 (4167381) lic_core INFO    ... (2) checkout succeeded
2026-02-23 13:48:13.777679 (4167381) session_ INFO    Starting analysis session with session id 'session_0' (launcher: <local>) ...
2026-02-23 13:48:13.780861 (4167381) session_ INFO    Analysis session with session id 'session_0' started (pid: 4167389)
2026-02-23 13:48:14.442574 (4167381) session_ INFO    Analysis session 'session_0' connected to the console (host: 127.0.0.1:54450)
2026-02-23 13:48:15.260592 (4167381) lic__man INFO    Unclaim everything for 'session_0'.
2026-02-23 13:48:15.322809 (4167381) main____ INFO    About to exit: request to exit with status 3 received from analysis session 'session_0'
2026-02-23 13:48:15.378541 (4167381) session_ INFO    Analysis session 'session_0' disconnected.
2026-02-23 13:48:15.378764 (4167381) lic__man INFO    Unclaim everything for 'session_0'.
2026-02-23 13:48:15.380001 (4167381) session_ INFO    Process for analysis session 'session_0' has exited with exit status '3'.
2026-02-23 13:48:17.431983 (4167381) lic_core INFO    (2) checkin jasper_fao
2026-02-23 13:48:17.433915 (4167381) main____ INFO    Exiting with status 3.
