2026-02-23 13:44:51.820405 (1378042) main____ INFO    ----------------------------------------
2026-02-23 13:44:51.820524 (1378042) main____ INFO    JasperGold version info
2026-02-23 13:44:51.820543 (1378042) main____ INFO      tool      : JasperGold 2021.03
2026-02-23 13:44:51.820553 (1378042) main____ INFO      version   : 2021.03 FCS 64 bits
2026-02-23 13:44:51.820558 (1378042) main____ INFO      build date: 2021.03.23 02:50:43 UTC
2026-02-23 13:44:51.820563 (1378042) main____ INFO    ----------------------------------------
2026-02-23 13:44:51.820567 (1378042) main____ INFO    Runtime info:
2026-02-23 13:44:51.820571 (1378042) main____ INFO      platform  : Linux 5.14.0-570.84.1.el9_6.x86_64 x86_64
2026-02-23 13:44:51.820577 (1378042) main____ INFO      hostname  : della-r3c3n3
2026-02-23 13:44:51.820582 (1378042) main____ INFO      pid       : 1378042
2026-02-23 13:44:51.820587 (1378042) main____ INFO      arguments : '-style' 'windows' '-batch' '-proj' './verification_results/02215/jgproject' '-tcl' './jasper_verif_check.tcl'
2026-02-23 13:44:51.820596 (1378042) main____ INFO      locale    : UTF-8
2026-02-23 13:44:51.820600 (1378042) main____ INFO    ----------------------------------------
2026-02-23 13:44:51.820604 (1378042) main____ INFO    System resource limits info:
2026-02-23 13:44:51.820608 (1378042) main____ INFO      virtual memory: unlimited
2026-02-23 13:44:51.820613 (1378042) main____ INFO      cpu time      : unlimited
2026-02-23 13:44:51.820617 (1378042) main____ INFO      stack size    : unlimited
2026-02-23 13:44:51.820621 (1378042) main____ INFO      core file size: unlimited
2026-02-23 13:44:51.820630 (1378042) main____ INFO      open files    : 131072
2026-02-23 13:44:51.820634 (1378042) main____ INFO      file size     : unlimited
2026-02-23 13:44:51.820638 (1378042) main____ INFO    ----------------------------------------
2026-02-23 13:44:51.820642 (1378042) main____ INFO    Memory statistics:
2026-02-23 13:44:51.820647 (1378042) main____ INFO      total physical memory  : 195972168 kB
2026-02-23 13:44:51.820651 (1378042) main____ INFO      free physical memory   : 106764056 kB
2026-02-23 13:44:51.820655 (1378042) main____ INFO      committed address space: 57848496 kB
2026-02-23 13:44:51.820659 (1378042) main____ INFO    ----------------------------------------
2026-02-23 13:44:51.821651 (1378042) main____ INFO    Important environment variables:
2026-02-23 13:44:51.821675 (1378042) main____ INFO      JASPER_HOME       : '/usr/licensed/cadence-20210126/jasper_2021.03'
2026-02-23 13:44:51.821682 (1378042) main____ INFO      JASPER_INSTALL_DIR: '/scratch/gpfs/LICENSED/x86_64/cadence-20210126/jasper_2021.03'
2026-02-23 13:44:51.821687 (1378042) main____ INFO      LANG              : 'en_US.UTF-8'
2026-02-23 13:44:51.821693 (1378042) main____ INFO      LM_LICENSE_FILE   : '5280@license.rc.princeton.edu'
2026-02-23 13:44:51.821698 (1378042) main____ INFO      TMPDIR            : '/tmp/ab2113/jg_5018902_37'
2026-02-23 13:44:51.821702 (1378042) main____ INFO    ----------------------------------------
2026-02-23 13:44:51.822205 (1378042) lic_core INFO    Initializing license system ...
2026-02-23 13:44:51.823091 (1378042) lic_core INFO    ... license system initialized.
2026-02-23 13:44:51.823912 (1378042) lic__man INFO    Claim 'fpv' for <ui>.
2026-02-23 13:44:51.823956 (1378042) lic_core INFO    (1) checking out 'jasper_fpv' ...
2026-02-23 13:44:51.829636 (1378042) lic_core INFO    ... (1) checkout failed (error: -5) ("FLEXnet ERROR(-5, 0, 0): No such feature exists.")
2026-02-23 13:44:51.829701 (1378042) lic_core INFO    (2) checking out 'jasper_fao' ...
2026-02-23 13:44:51.840550 (1378042) lic_core INFO    ... (2) checkout succeeded
2026-02-23 13:44:51.855500 (1378042) session_ INFO    Starting analysis session with session id 'session_0' (launcher: <local>) ...
2026-02-23 13:44:51.858819 (1378042) session_ INFO    Analysis session with session id 'session_0' started (pid: 1378050)
2026-02-23 13:44:52.642935 (1378042) session_ INFO    Analysis session 'session_0' connected to the console (host: 127.0.0.1:53578)
2026-02-23 13:44:53.237529 (1378042) main____ INFO    About to exit: request to exit with status 1 received from analysis session 'session_0'
2026-02-23 13:44:53.327484 (1378042) session_ INFO    Analysis session 'session_0' disconnected.
2026-02-23 13:44:53.327629 (1378042) lic__man INFO    Unclaim everything for 'session_0'.
2026-02-23 13:44:53.328029 (1378042) session_ INFO    Process for analysis session 'session_0' has exited with exit status '1'.
2026-02-23 13:44:55.141977 (1378042) lic_core INFO    (2) checkin jasper_fao
2026-02-23 13:44:55.143546 (1378042) main____ INFO    Exiting with status 1.
