2026-02-23 13:42:56.361217 (1482695) main____ INFO    ----------------------------------------
2026-02-23 13:42:56.361304 (1482695) main____ INFO    JasperGold version info
2026-02-23 13:42:56.361320 (1482695) main____ INFO      tool      : JasperGold 2021.03
2026-02-23 13:42:56.361329 (1482695) main____ INFO      version   : 2021.03 FCS 64 bits
2026-02-23 13:42:56.361335 (1482695) main____ INFO      build date: 2021.03.23 02:50:43 UTC
2026-02-23 13:42:56.361340 (1482695) main____ INFO    ----------------------------------------
2026-02-23 13:42:56.361345 (1482695) main____ INFO    Runtime info:
2026-02-23 13:42:56.361351 (1482695) main____ INFO      platform  : Linux 5.14.0-570.84.1.el9_6.x86_64 x86_64
2026-02-23 13:42:56.361358 (1482695) main____ INFO      hostname  : della-h14n5
2026-02-23 13:42:56.361364 (1482695) main____ INFO      pid       : 1482695
2026-02-23 13:42:56.361369 (1482695) main____ INFO      arguments : '-style' 'windows' '-batch' '-proj' './verification_results/01593/jgproject' '-tcl' './jasper_verif_check.tcl'
2026-02-23 13:42:56.361378 (1482695) main____ INFO      locale    : UTF-8
2026-02-23 13:42:56.361383 (1482695) main____ INFO    ----------------------------------------
2026-02-23 13:42:56.361389 (1482695) main____ INFO    System resource limits info:
2026-02-23 13:42:56.361395 (1482695) main____ INFO      virtual memory: unlimited
2026-02-23 13:42:56.361401 (1482695) main____ INFO      cpu time      : unlimited
2026-02-23 13:42:56.361408 (1482695) main____ INFO      stack size    : unlimited
2026-02-23 13:42:56.361413 (1482695) main____ INFO      core file size: unlimited
2026-02-23 13:42:56.361422 (1482695) main____ INFO      open files    : 131072
2026-02-23 13:42:56.361436 (1482695) main____ INFO      file size     : unlimited
2026-02-23 13:42:56.361442 (1482695) main____ INFO    ----------------------------------------
2026-02-23 13:42:56.361447 (1482695) main____ INFO    Memory statistics:
2026-02-23 13:42:56.361453 (1482695) main____ INFO      total physical memory  : 1584164368 kB
2026-02-23 13:42:56.361459 (1482695) main____ INFO      free physical memory   : 694512500 kB
2026-02-23 13:42:56.361463 (1482695) main____ INFO      committed address space: 543001784 kB
2026-02-23 13:42:56.361469 (1482695) main____ INFO    ----------------------------------------
2026-02-23 13:42:56.362024 (1482695) main____ INFO    Important environment variables:
2026-02-23 13:42:56.362039 (1482695) main____ INFO      JASPER_HOME       : '/usr/licensed/cadence-20210126/jasper_2021.03'
2026-02-23 13:42:56.362046 (1482695) main____ INFO      JASPER_INSTALL_DIR: '/scratch/gpfs/LICENSED/x86_64/cadence-20210126/jasper_2021.03'
2026-02-23 13:42:56.362052 (1482695) main____ INFO      LANG              : 'en_US.UTF-8'
2026-02-23 13:42:56.362057 (1482695) main____ INFO      LM_LICENSE_FILE   : '5280@license.rc.princeton.edu'
2026-02-23 13:42:56.362063 (1482695) main____ INFO      TMPDIR            : '/tmp/ab2113/jg_5018842_24'
2026-02-23 13:42:56.362068 (1482695) main____ INFO    ----------------------------------------
2026-02-23 13:42:56.362617 (1482695) lic_core INFO    Initializing license system ...
2026-02-23 13:42:56.363681 (1482695) lic_core INFO    ... license system initialized.
2026-02-23 13:42:56.364556 (1482695) lic__man INFO    Claim 'fpv' for <ui>.
2026-02-23 13:42:56.364594 (1482695) lic_core INFO    (1) checking out 'jasper_fpv' ...
2026-02-23 13:42:56.370678 (1482695) lic_core INFO    ... (1) checkout failed (error: -5) ("FLEXnet ERROR(-5, 0, 0): No such feature exists.")
2026-02-23 13:42:56.370707 (1482695) lic_core INFO    (2) checking out 'jasper_fao' ...
2026-02-23 13:42:56.380143 (1482695) lic_core INFO    ... (2) checkout succeeded
2026-02-23 13:42:56.392009 (1482695) session_ INFO    Starting analysis session with session id 'session_0' (launcher: <local>) ...
2026-02-23 13:42:56.395238 (1482695) session_ INFO    Analysis session with session id 'session_0' started (pid: 1482703)
2026-02-23 13:42:57.057996 (1482695) session_ INFO    Analysis session 'session_0' connected to the console (host: 127.0.0.1:34772)
2026-02-23 13:42:58.046291 (1482695) lic__man INFO    Unclaim everything for 'session_0'.
2026-02-23 13:42:58.086936 (1482695) lic__man INFO    Claim 'fpv' for 'session_0'.
2026-02-23 13:42:58.086979 (1482695) lic__man INFO    Claim 'fpv' for 'session_0/prove-0'.
2026-02-23 14:42:58.438536 (1482695) lic__man INFO    Unclaim everything for 'session_0/prove-0'.
2026-02-23 14:42:58.497536 (1482695) main____ INFO    About to exit: request to exit with status 0 received from analysis session 'session_0'
2026-02-23 14:42:58.579569 (1482695) session_ INFO    Analysis session 'session_0' disconnected.
2026-02-23 14:42:58.579741 (1482695) lic__man INFO    Unclaim everything for 'session_0'.
2026-02-23 14:42:58.580381 (1482695) session_ INFO    Process for analysis session 'session_0' has exited with exit status '0'.
2026-02-23 14:43:00.588284 (1482695) lic_core INFO    (2) checkin jasper_fao
2026-02-23 14:43:00.590889 (1482695) main____ INFO    Exiting with status 0.
