2026-02-23 13:43:29.112919 (110743) main____ INFO    ----------------------------------------
2026-02-23 13:43:29.113003 (110743) main____ INFO    JasperGold version info
2026-02-23 13:43:29.113019 (110743) main____ INFO      tool      : JasperGold 2021.03
2026-02-23 13:43:29.113029 (110743) main____ INFO      version   : 2021.03 FCS 64 bits
2026-02-23 13:43:29.113035 (110743) main____ INFO      build date: 2021.03.23 02:50:43 UTC
2026-02-23 13:43:29.113041 (110743) main____ INFO    ----------------------------------------
2026-02-23 13:43:29.113046 (110743) main____ INFO    Runtime info:
2026-02-23 13:43:29.113051 (110743) main____ INFO      platform  : Linux 5.14.0-570.84.1.el9_6.x86_64 x86_64
2026-02-23 13:43:29.113057 (110743) main____ INFO      hostname  : della-h14n2
2026-02-23 13:43:29.113063 (110743) main____ INFO      pid       : 110743
2026-02-23 13:43:29.113069 (110743) main____ INFO      arguments : '-style' 'windows' '-batch' '-proj' './verification_results/01559/jgproject' '-tcl' './jasper_verif_check.tcl'
2026-02-23 13:43:29.113078 (110743) main____ INFO      locale    : UTF-8
2026-02-23 13:43:29.113083 (110743) main____ INFO    ----------------------------------------
2026-02-23 13:43:29.113088 (110743) main____ INFO    System resource limits info:
2026-02-23 13:43:29.113093 (110743) main____ INFO      virtual memory: unlimited
2026-02-23 13:43:29.113098 (110743) main____ INFO      cpu time      : unlimited
2026-02-23 13:43:29.113103 (110743) main____ INFO      stack size    : unlimited
2026-02-23 13:43:29.113108 (110743) main____ INFO      core file size: unlimited
2026-02-23 13:43:29.113115 (110743) main____ INFO      open files    : 131072
2026-02-23 13:43:29.113122 (110743) main____ INFO      file size     : unlimited
2026-02-23 13:43:29.113127 (110743) main____ INFO    ----------------------------------------
2026-02-23 13:43:29.113132 (110743) main____ INFO    Memory statistics:
2026-02-23 13:43:29.113140 (110743) main____ INFO      total physical memory  : 1584164328 kB
2026-02-23 13:43:29.113146 (110743) main____ INFO      free physical memory   : 829775896 kB
2026-02-23 13:43:29.113152 (110743) main____ INFO      committed address space: 590220236 kB
2026-02-23 13:43:29.113157 (110743) main____ INFO    ----------------------------------------
2026-02-23 13:43:29.113711 (110743) main____ INFO    Important environment variables:
2026-02-23 13:43:29.113725 (110743) main____ INFO      JASPER_HOME       : '/usr/licensed/cadence-20210126/jasper_2021.03'
2026-02-23 13:43:29.113732 (110743) main____ INFO      JASPER_INSTALL_DIR: '/scratch/gpfs/LICENSED/x86_64/cadence-20210126/jasper_2021.03'
2026-02-23 13:43:29.113738 (110743) main____ INFO      LANG              : 'en_US.UTF-8'
2026-02-23 13:43:29.113744 (110743) main____ INFO      LM_LICENSE_FILE   : '5280@license.rc.princeton.edu'
2026-02-23 13:43:29.113751 (110743) main____ INFO      TMPDIR            : '/tmp/ab2113/jg_5018841_23'
2026-02-23 13:43:29.113757 (110743) main____ INFO    ----------------------------------------
2026-02-23 13:43:29.114323 (110743) lic_core INFO    Initializing license system ...
2026-02-23 13:43:29.114938 (110743) lic_core INFO    ... license system initialized.
2026-02-23 13:43:29.115737 (110743) lic__man INFO    Claim 'fpv' for <ui>.
2026-02-23 13:43:29.115775 (110743) lic_core INFO    (1) checking out 'jasper_fpv' ...
2026-02-23 13:43:29.121369 (110743) lic_core INFO    ... (1) checkout failed (error: -5) ("FLEXnet ERROR(-5, 0, 0): No such feature exists.")
2026-02-23 13:43:29.121403 (110743) lic_core INFO    (2) checking out 'jasper_fao' ...
2026-02-23 13:43:29.130596 (110743) lic_core INFO    ... (2) checkout succeeded
2026-02-23 13:43:29.144178 (110743) session_ INFO    Starting analysis session with session id 'session_0' (launcher: <local>) ...
2026-02-23 13:43:29.147785 (110743) session_ INFO    Analysis session with session id 'session_0' started (pid: 110751)
2026-02-23 13:43:29.819569 (110743) session_ INFO    Analysis session 'session_0' connected to the console (host: 127.0.0.1:45054)
2026-02-23 13:43:30.605181 (110743) lic__man INFO    Unclaim everything for 'session_0'.
2026-02-23 13:43:30.637365 (110743) lic__man INFO    Claim 'fpv' for 'session_0'.
2026-02-23 13:43:30.637399 (110743) lic__man INFO    Claim 'fpv' for 'session_0/prove-0'.
2026-02-23 13:43:30.795748 (110743) lic__man INFO    Unclaim everything for 'session_0/prove-0'.
2026-02-23 13:43:30.848894 (110743) main____ INFO    About to exit: request to exit with status 0 received from analysis session 'session_0'
2026-02-23 13:43:30.910438 (110743) session_ INFO    Analysis session 'session_0' disconnected.
2026-02-23 13:43:30.910559 (110743) lic__man INFO    Unclaim everything for 'session_0'.
2026-02-23 13:43:30.911393 (110743) session_ INFO    Process for analysis session 'session_0' has exited with exit status '0'.
2026-02-23 13:43:32.957911 (110743) lic_core INFO    (2) checkin jasper_fao
2026-02-23 13:43:32.959581 (110743) main____ INFO    Exiting with status 0.
