2026-02-20 18:02:58.964381 (2573708) main____ INFO    ----------------------------------------
2026-02-20 18:02:58.964499 (2573708) main____ INFO    JasperGold version info
2026-02-20 18:02:58.964522 (2573708) main____ INFO      tool      : JasperGold 2021.03
2026-02-20 18:02:58.964532 (2573708) main____ INFO      version   : 2021.03 FCS 64 bits
2026-02-20 18:02:58.964537 (2573708) main____ INFO      build date: 2021.03.23 02:50:43 UTC
2026-02-20 18:02:58.964541 (2573708) main____ INFO    ----------------------------------------
2026-02-20 18:02:58.964545 (2573708) main____ INFO    Runtime info:
2026-02-20 18:02:58.964549 (2573708) main____ INFO      platform  : Linux 5.14.0-570.84.1.el9_6.x86_64 x86_64
2026-02-20 18:02:58.964555 (2573708) main____ INFO      hostname  : della-i13n22
2026-02-20 18:02:58.964560 (2573708) main____ INFO      pid       : 2573708
2026-02-20 18:02:58.964564 (2573708) main____ INFO      arguments : '-style' 'windows' '-batch' '-proj' 'verification_results/00672/jgproject' '-tcl' './jasper_verif_check.tcl'
2026-02-20 18:02:58.964573 (2573708) main____ INFO      locale    : UTF-8
2026-02-20 18:02:58.964577 (2573708) main____ INFO    ----------------------------------------
2026-02-20 18:02:58.964580 (2573708) main____ INFO    System resource limits info:
2026-02-20 18:02:58.964585 (2573708) main____ INFO      virtual memory: unlimited
2026-02-20 18:02:58.964589 (2573708) main____ INFO      cpu time      : unlimited
2026-02-20 18:02:58.964593 (2573708) main____ INFO      stack size    : unlimited
2026-02-20 18:02:58.964597 (2573708) main____ INFO      core file size: unlimited
2026-02-20 18:02:58.964604 (2573708) main____ INFO      open files    : 131072
2026-02-20 18:02:58.964608 (2573708) main____ INFO      file size     : unlimited
2026-02-20 18:02:58.964612 (2573708) main____ INFO    ----------------------------------------
2026-02-20 18:02:58.964616 (2573708) main____ INFO    Memory statistics:
2026-02-20 18:02:58.964620 (2573708) main____ INFO      total physical memory  : 394157548 kB
2026-02-20 18:02:58.964624 (2573708) main____ INFO      free physical memory   : 183632060 kB
2026-02-20 18:02:58.964628 (2573708) main____ INFO      committed address space: 175055400 kB
2026-02-20 18:02:58.964631 (2573708) main____ INFO    ----------------------------------------
2026-02-20 18:02:58.965533 (2573708) main____ INFO    Important environment variables:
2026-02-20 18:02:58.965551 (2573708) main____ INFO      JASPER_HOME       : '/usr/licensed/cadence-20210126/jasper_2021.03'
2026-02-20 18:02:58.965557 (2573708) main____ INFO      JASPER_INSTALL_DIR: '/scratch/gpfs/LICENSED/x86_64/cadence-20210126/jasper_2021.03'
2026-02-20 18:02:58.965563 (2573708) main____ INFO      LANG              : 'en_US.UTF-8'
2026-02-20 18:02:58.965568 (2573708) main____ INFO      LM_LICENSE_FILE   : '5280@license.rc.princeton.edu'
2026-02-20 18:02:58.965572 (2573708) main____ INFO      TMPDIR            : '/tmp'
2026-02-20 18:02:58.965576 (2573708) main____ INFO    ----------------------------------------
2026-02-20 18:02:58.966556 (2573708) lic_core INFO    Initializing license system ...
2026-02-20 18:02:58.967510 (2573708) lic_core INFO    ... license system initialized.
2026-02-20 18:02:58.968401 (2573708) lic__man INFO    Claim 'fpv' for <ui>.
2026-02-20 18:02:58.968449 (2573708) lic_core INFO    (1) checking out 'jasper_fpv' ...
2026-02-20 18:02:58.974361 (2573708) lic_core INFO    ... (1) checkout failed (error: -5) ("FLEXnet ERROR(-5, 0, 0): No such feature exists.")
2026-02-20 18:02:58.974422 (2573708) lic_core INFO    (2) checking out 'jasper_fao' ...
2026-02-20 18:02:58.986014 (2573708) lic_core INFO    ... (2) checkout succeeded
2026-02-20 18:02:59.000719 (2573708) session_ INFO    Starting analysis session with session id 'session_0' (launcher: <local>) ...
2026-02-20 18:02:59.004242 (2573708) session_ INFO    Analysis session with session id 'session_0' started (pid: 2573716)
2026-02-20 18:02:59.764000 (2573708) session_ INFO    Analysis session 'session_0' connected to the console (host: 127.0.0.1:55346)
2026-02-20 18:03:00.642668 (2573708) lic__man INFO    Unclaim everything for 'session_0'.
2026-02-20 18:03:00.704681 (2573708) lic__man INFO    Claim 'fpv' for 'session_0'.
2026-02-20 18:03:00.704740 (2573708) lic__man INFO    Claim 'fpv' for 'session_0/prove-0'.
2026-02-20 18:03:00.849968 (2573708) lic__man INFO    Unclaim everything for 'session_0/prove-0'.
2026-02-20 18:03:00.908517 (2573708) main____ INFO    About to exit: request to exit with status 0 received from analysis session 'session_0'
2026-02-20 18:03:01.011829 (2573708) session_ INFO    Analysis session 'session_0' disconnected.
2026-02-20 18:03:01.011956 (2573708) lic__man INFO    Unclaim everything for 'session_0'.
2026-02-20 18:03:01.013623 (2573708) session_ INFO    Process for analysis session 'session_0' has exited with exit status '0'.
2026-02-20 18:03:03.016464 (2573708) lic_core INFO    (2) checkin jasper_fao
2026-02-20 18:03:03.017981 (2573708) main____ INFO    Exiting with status 0.
