2026-02-23 13:52:59.756119 (157965) main____ INFO    ----------------------------------------
2026-02-23 13:52:59.756219 (157965) main____ INFO    JasperGold version info
2026-02-23 13:52:59.756240 (157965) main____ INFO      tool      : JasperGold 2021.03
2026-02-23 13:52:59.756250 (157965) main____ INFO      version   : 2021.03 FCS 64 bits
2026-02-23 13:52:59.756257 (157965) main____ INFO      build date: 2021.03.23 02:50:43 UTC
2026-02-23 13:52:59.756262 (157965) main____ INFO    ----------------------------------------
2026-02-23 13:52:59.756267 (157965) main____ INFO    Runtime info:
2026-02-23 13:52:59.756272 (157965) main____ INFO      platform  : Linux 5.14.0-570.84.1.el9_6.x86_64 x86_64
2026-02-23 13:52:59.756279 (157965) main____ INFO      hostname  : della-h14n2
2026-02-23 13:52:59.756285 (157965) main____ INFO      pid       : 157965
2026-02-23 13:52:59.756290 (157965) main____ INFO      arguments : '-style' 'windows' '-batch' '-proj' './verification_results/03681/jgproject' '-tcl' './jasper_verif_check.tcl'
2026-02-23 13:52:59.756299 (157965) main____ INFO      locale    : UTF-8
2026-02-23 13:52:59.756304 (157965) main____ INFO    ----------------------------------------
2026-02-23 13:52:59.756309 (157965) main____ INFO    System resource limits info:
2026-02-23 13:52:59.756314 (157965) main____ INFO      virtual memory: unlimited
2026-02-23 13:52:59.756319 (157965) main____ INFO      cpu time      : unlimited
2026-02-23 13:52:59.756325 (157965) main____ INFO      stack size    : unlimited
2026-02-23 13:52:59.756331 (157965) main____ INFO      core file size: unlimited
2026-02-23 13:52:59.756339 (157965) main____ INFO      open files    : 131072
2026-02-23 13:52:59.756345 (157965) main____ INFO      file size     : unlimited
2026-02-23 13:52:59.756349 (157965) main____ INFO    ----------------------------------------
2026-02-23 13:52:59.756354 (157965) main____ INFO    Memory statistics:
2026-02-23 13:52:59.756361 (157965) main____ INFO      total physical memory  : 1584164328 kB
2026-02-23 13:52:59.756366 (157965) main____ INFO      free physical memory   : 739525740 kB
2026-02-23 13:52:59.756373 (157965) main____ INFO      committed address space: 682619880 kB
2026-02-23 13:52:59.756378 (157965) main____ INFO    ----------------------------------------
2026-02-23 13:52:59.756950 (157965) main____ INFO    Important environment variables:
2026-02-23 13:52:59.756967 (157965) main____ INFO      JASPER_HOME       : '/usr/licensed/cadence-20210126/jasper_2021.03'
2026-02-23 13:52:59.756973 (157965) main____ INFO      JASPER_INSTALL_DIR: '/scratch/gpfs/LICENSED/x86_64/cadence-20210126/jasper_2021.03'
2026-02-23 13:52:59.756980 (157965) main____ INFO      LANG              : 'en_US.UTF-8'
2026-02-23 13:52:59.756986 (157965) main____ INFO      LM_LICENSE_FILE   : '5280@license.rc.princeton.edu'
2026-02-23 13:52:59.756992 (157965) main____ INFO      TMPDIR            : '/tmp/ab2113/jg_5019053_66'
2026-02-23 13:52:59.756999 (157965) main____ INFO    ----------------------------------------
2026-02-23 13:52:59.757596 (157965) lic_core INFO    Initializing license system ...
2026-02-23 13:52:59.758239 (157965) lic_core INFO    ... license system initialized.
2026-02-23 13:52:59.759076 (157965) lic__man INFO    Claim 'fpv' for <ui>.
2026-02-23 13:52:59.759113 (157965) lic_core INFO    (1) checking out 'jasper_fpv' ...
2026-02-23 13:52:59.765113 (157965) lic_core INFO    ... (1) checkout failed (error: -5) ("FLEXnet ERROR(-5, 0, 0): No such feature exists.")
2026-02-23 13:52:59.765177 (157965) lic_core INFO    (2) checking out 'jasper_fao' ...
2026-02-23 13:52:59.774221 (157965) lic_core INFO    ... (2) checkout succeeded
2026-02-23 13:52:59.786497 (157965) session_ INFO    Starting analysis session with session id 'session_0' (launcher: <local>) ...
2026-02-23 13:52:59.789758 (157965) session_ INFO    Analysis session with session id 'session_0' started (pid: 157973)
2026-02-23 13:53:00.479266 (157965) session_ INFO    Analysis session 'session_0' connected to the console (host: 127.0.0.1:55472)
2026-02-23 13:53:01.247361 (157965) lic__man INFO    Unclaim everything for 'session_0'.
2026-02-23 13:53:01.306916 (157965) main____ INFO    About to exit: request to exit with status 3 received from analysis session 'session_0'
2026-02-23 13:53:01.361898 (157965) session_ INFO    Analysis session 'session_0' disconnected.
2026-02-23 13:53:01.362038 (157965) lic__man INFO    Unclaim everything for 'session_0'.
2026-02-23 13:53:01.362680 (157965) session_ INFO    Process for analysis session 'session_0' has exited with exit status '3'.
2026-02-23 13:53:03.413318 (157965) lic_core INFO    (2) checkin jasper_fao
2026-02-23 13:53:03.414952 (157965) main____ INFO    Exiting with status 3.
