2026-02-23 13:47:27.847443 (1948887) main____ INFO    ----------------------------------------
2026-02-23 13:47:27.847531 (1948887) main____ INFO    JasperGold version info
2026-02-23 13:47:27.847547 (1948887) main____ INFO      tool      : JasperGold 2021.03
2026-02-23 13:47:27.847555 (1948887) main____ INFO      version   : 2021.03 FCS 64 bits
2026-02-23 13:47:27.847561 (1948887) main____ INFO      build date: 2021.03.23 02:50:43 UTC
2026-02-23 13:47:27.847565 (1948887) main____ INFO    ----------------------------------------
2026-02-23 13:47:27.847569 (1948887) main____ INFO    Runtime info:
2026-02-23 13:47:27.847574 (1948887) main____ INFO      platform  : Linux 5.14.0-570.84.1.el9_6.x86_64 x86_64
2026-02-23 13:47:27.847580 (1948887) main____ INFO      hostname  : della-r3c1n5
2026-02-23 13:47:27.847584 (1948887) main____ INFO      pid       : 1948887
2026-02-23 13:47:27.847589 (1948887) main____ INFO      arguments : '-style' 'windows' '-batch' '-proj' './verification_results/02814/jgproject' '-tcl' './jasper_verif_check.tcl'
2026-02-23 13:47:27.847597 (1948887) main____ INFO      locale    : UTF-8
2026-02-23 13:47:27.847602 (1948887) main____ INFO    ----------------------------------------
2026-02-23 13:47:27.847606 (1948887) main____ INFO    System resource limits info:
2026-02-23 13:47:27.847610 (1948887) main____ INFO      virtual memory: unlimited
2026-02-23 13:47:27.847614 (1948887) main____ INFO      cpu time      : unlimited
2026-02-23 13:47:27.847619 (1948887) main____ INFO      stack size    : unlimited
2026-02-23 13:47:27.847623 (1948887) main____ INFO      core file size: unlimited
2026-02-23 13:47:27.847630 (1948887) main____ INFO      open files    : 131072
2026-02-23 13:47:27.847635 (1948887) main____ INFO      file size     : unlimited
2026-02-23 13:47:27.847639 (1948887) main____ INFO    ----------------------------------------
2026-02-23 13:47:27.847643 (1948887) main____ INFO    Memory statistics:
2026-02-23 13:47:27.847648 (1948887) main____ INFO      total physical memory  : 195972056 kB
2026-02-23 13:47:27.847652 (1948887) main____ INFO      free physical memory   : 110484016 kB
2026-02-23 13:47:27.847656 (1948887) main____ INFO      committed address space: 55485812 kB
2026-02-23 13:47:27.847660 (1948887) main____ INFO    ----------------------------------------
2026-02-23 13:47:27.848641 (1948887) main____ INFO    Important environment variables:
2026-02-23 13:47:27.848655 (1948887) main____ INFO      JASPER_HOME       : '/usr/licensed/cadence-20210126/jasper_2021.03'
2026-02-23 13:47:27.848662 (1948887) main____ INFO      JASPER_INSTALL_DIR: '/scratch/gpfs/LICENSED/x86_64/cadence-20210126/jasper_2021.03'
2026-02-23 13:47:27.848667 (1948887) main____ INFO      LANG              : 'en_US.UTF-8'
2026-02-23 13:47:27.848672 (1948887) main____ INFO      LM_LICENSE_FILE   : '5280@license.rc.princeton.edu'
2026-02-23 13:47:27.848677 (1948887) main____ INFO      TMPDIR            : '/tmp/ab2113/jg_5018959_49'
2026-02-23 13:47:27.848682 (1948887) main____ INFO    ----------------------------------------
2026-02-23 13:47:27.849536 (1948887) lic_core INFO    Initializing license system ...
2026-02-23 13:47:27.850340 (1948887) lic_core INFO    ... license system initialized.
2026-02-23 13:47:27.851077 (1948887) lic__man INFO    Claim 'fpv' for <ui>.
2026-02-23 13:47:27.851114 (1948887) lic_core INFO    (1) checking out 'jasper_fpv' ...
2026-02-23 13:47:27.856951 (1948887) lic_core INFO    ... (1) checkout failed (error: -5) ("FLEXnet ERROR(-5, 0, 0): No such feature exists.")
2026-02-23 13:47:27.856988 (1948887) lic_core INFO    (2) checking out 'jasper_fao' ...
2026-02-23 13:47:27.867383 (1948887) lic_core INFO    ... (2) checkout succeeded
2026-02-23 13:47:27.882546 (1948887) session_ INFO    Starting analysis session with session id 'session_0' (launcher: <local>) ...
2026-02-23 13:47:27.885648 (1948887) session_ INFO    Analysis session with session id 'session_0' started (pid: 1948895)
2026-02-23 13:47:28.592238 (1948887) session_ INFO    Analysis session 'session_0' connected to the console (host: 127.0.0.1:60194)
2026-02-23 13:47:29.176235 (1948887) main____ INFO    About to exit: request to exit with status 1 received from analysis session 'session_0'
2026-02-23 13:47:29.253484 (1948887) session_ INFO    Analysis session 'session_0' disconnected.
2026-02-23 13:47:29.253607 (1948887) lic__man INFO    Unclaim everything for 'session_0'.
2026-02-23 13:47:29.253978 (1948887) session_ INFO    Process for analysis session 'session_0' has exited with exit status '1'.
2026-02-23 13:47:31.094262 (1948887) lic_core INFO    (2) checkin jasper_fao
2026-02-23 13:47:31.095779 (1948887) main____ INFO    Exiting with status 1.
