2026-02-23 13:52:41.729777 (1354678) main____ INFO    ----------------------------------------
2026-02-23 13:52:41.729876 (1354678) main____ INFO    JasperGold version info
2026-02-23 13:52:41.729892 (1354678) main____ INFO      tool      : JasperGold 2021.03
2026-02-23 13:52:41.729900 (1354678) main____ INFO      version   : 2021.03 FCS 64 bits
2026-02-23 13:52:41.729905 (1354678) main____ INFO      build date: 2021.03.23 02:50:43 UTC
2026-02-23 13:52:41.729909 (1354678) main____ INFO    ----------------------------------------
2026-02-23 13:52:41.729913 (1354678) main____ INFO    Runtime info:
2026-02-23 13:52:41.729917 (1354678) main____ INFO      platform  : Linux 5.14.0-570.84.1.el9_6.x86_64 x86_64
2026-02-23 13:52:41.729923 (1354678) main____ INFO      hostname  : della-i13n21
2026-02-23 13:52:41.729927 (1354678) main____ INFO      pid       : 1354678
2026-02-23 13:52:41.729932 (1354678) main____ INFO      arguments : '-style' 'windows' '-batch' '-proj' './verification_results/02181/jgproject' '-tcl' './jasper_verif_check.tcl'
2026-02-23 13:52:41.729939 (1354678) main____ INFO      locale    : UTF-8
2026-02-23 13:52:41.729943 (1354678) main____ INFO    ----------------------------------------
2026-02-23 13:52:41.729947 (1354678) main____ INFO    System resource limits info:
2026-02-23 13:52:41.729951 (1354678) main____ INFO      virtual memory: unlimited
2026-02-23 13:52:41.729955 (1354678) main____ INFO      cpu time      : unlimited
2026-02-23 13:52:41.729959 (1354678) main____ INFO      stack size    : unlimited
2026-02-23 13:52:41.729963 (1354678) main____ INFO      core file size: unlimited
2026-02-23 13:52:41.729969 (1354678) main____ INFO      open files    : 131072
2026-02-23 13:52:41.729973 (1354678) main____ INFO      file size     : unlimited
2026-02-23 13:52:41.729977 (1354678) main____ INFO    ----------------------------------------
2026-02-23 13:52:41.729981 (1354678) main____ INFO    Memory statistics:
2026-02-23 13:52:41.729985 (1354678) main____ INFO      total physical memory  : 394157548 kB
2026-02-23 13:52:41.729989 (1354678) main____ INFO      free physical memory   : 235877092 kB
2026-02-23 13:52:41.729993 (1354678) main____ INFO      committed address space: 108843036 kB
2026-02-23 13:52:41.729996 (1354678) main____ INFO    ----------------------------------------
2026-02-23 13:52:41.730909 (1354678) main____ INFO    Important environment variables:
2026-02-23 13:52:41.730927 (1354678) main____ INFO      JASPER_HOME       : '/usr/licensed/cadence-20210126/jasper_2021.03'
2026-02-23 13:52:41.730933 (1354678) main____ INFO      JASPER_INSTALL_DIR: '/scratch/gpfs/LICENSED/x86_64/cadence-20210126/jasper_2021.03'
2026-02-23 13:52:41.730938 (1354678) main____ INFO      LANG              : 'en_US.UTF-8'
2026-02-23 13:52:41.730942 (1354678) main____ INFO      LM_LICENSE_FILE   : '5280@license.rc.princeton.edu'
2026-02-23 13:52:41.730947 (1354678) main____ INFO      TMPDIR            : '/tmp/ab2113/jg_5018895_36'
2026-02-23 13:52:41.730951 (1354678) main____ INFO    ----------------------------------------
2026-02-23 13:52:41.731785 (1354678) lic_core INFO    Initializing license system ...
2026-02-23 13:52:41.732603 (1354678) lic_core INFO    ... license system initialized.
2026-02-23 13:52:41.733317 (1354678) lic__man INFO    Claim 'fpv' for <ui>.
2026-02-23 13:52:41.733355 (1354678) lic_core INFO    (1) checking out 'jasper_fpv' ...
2026-02-23 13:52:41.739579 (1354678) lic_core INFO    ... (1) checkout failed (error: -5) ("FLEXnet ERROR(-5, 0, 0): No such feature exists.")
2026-02-23 13:52:41.739627 (1354678) lic_core INFO    (2) checking out 'jasper_fao' ...
2026-02-23 13:52:41.750024 (1354678) lic_core INFO    ... (2) checkout succeeded
2026-02-23 13:52:41.764488 (1354678) session_ INFO    Starting analysis session with session id 'session_0' (launcher: <local>) ...
2026-02-23 13:52:41.767308 (1354678) session_ INFO    Analysis session with session id 'session_0' started (pid: 1354686)
2026-02-23 13:52:42.396631 (1354678) session_ INFO    Analysis session 'session_0' connected to the console (host: 127.0.0.1:34012)
2026-02-23 13:52:42.938224 (1354678) main____ INFO    About to exit: request to exit with status 1 received from analysis session 'session_0'
2026-02-23 13:52:43.010578 (1354678) session_ INFO    Analysis session 'session_0' disconnected.
2026-02-23 13:52:43.010707 (1354678) lic__man INFO    Unclaim everything for 'session_0'.
2026-02-23 13:52:43.011260 (1354678) session_ INFO    Process for analysis session 'session_0' has exited with exit status '1'.
2026-02-23 13:52:45.004574 (1354678) lic_core INFO    (2) checkin jasper_fao
2026-02-23 13:52:45.006381 (1354678) main____ INFO    Exiting with status 1.
