2026-02-23 12:53:09.038691 (1570727) main____ INFO    ----------------------------------------
2026-02-23 12:53:09.038791 (1570727) main____ INFO    JasperGold version info
2026-02-23 12:53:09.038811 (1570727) main____ INFO      tool      : JasperGold 2021.03
2026-02-23 12:53:09.038822 (1570727) main____ INFO      version   : 2021.03 FCS 64 bits
2026-02-23 12:53:09.038828 (1570727) main____ INFO      build date: 2021.03.23 02:50:43 UTC
2026-02-23 12:53:09.038833 (1570727) main____ INFO    ----------------------------------------
2026-02-23 12:53:09.038838 (1570727) main____ INFO    Runtime info:
2026-02-23 12:53:09.038844 (1570727) main____ INFO      platform  : Linux 5.14.0-570.84.1.el9_6.x86_64 x86_64
2026-02-23 12:53:09.038850 (1570727) main____ INFO      hostname  : della-h14n7
2026-02-23 12:53:09.038855 (1570727) main____ INFO      pid       : 1570727
2026-02-23 12:53:09.038861 (1570727) main____ INFO      arguments : '-style' 'windows' '-batch' '-proj' './verification_results/00284/jgproject' '-tcl' './jasper_verif_check.tcl'
2026-02-23 12:53:09.038870 (1570727) main____ INFO      locale    : UTF-8
2026-02-23 12:53:09.038875 (1570727) main____ INFO    ----------------------------------------
2026-02-23 12:53:09.038881 (1570727) main____ INFO    System resource limits info:
2026-02-23 12:53:09.038887 (1570727) main____ INFO      virtual memory: unlimited
2026-02-23 12:53:09.038892 (1570727) main____ INFO      cpu time      : unlimited
2026-02-23 12:53:09.038897 (1570727) main____ INFO      stack size    : unlimited
2026-02-23 12:53:09.038902 (1570727) main____ INFO      core file size: unlimited
2026-02-23 12:53:09.038911 (1570727) main____ INFO      open files    : 131072
2026-02-23 12:53:09.038916 (1570727) main____ INFO      file size     : unlimited
2026-02-23 12:53:09.038921 (1570727) main____ INFO    ----------------------------------------
2026-02-23 12:53:09.038926 (1570727) main____ INFO    Memory statistics:
2026-02-23 12:53:09.038932 (1570727) main____ INFO      total physical memory  : 1584164356 kB
2026-02-23 12:53:09.038937 (1570727) main____ INFO      free physical memory   : 829527408 kB
2026-02-23 12:53:09.038942 (1570727) main____ INFO      committed address space: 591158828 kB
2026-02-23 12:53:09.038947 (1570727) main____ INFO    ----------------------------------------
2026-02-23 12:53:09.039511 (1570727) main____ INFO    Important environment variables:
2026-02-23 12:53:09.039529 (1570727) main____ INFO      JASPER_HOME       : '/usr/licensed/cadence-20210126/jasper_2021.03'
2026-02-23 12:53:09.039535 (1570727) main____ INFO      JASPER_INSTALL_DIR: '/scratch/gpfs/LICENSED/x86_64/cadence-20210126/jasper_2021.03'
2026-02-23 12:53:09.039541 (1570727) main____ INFO      LANG              : 'en_US.UTF-8'
2026-02-23 12:53:09.039547 (1570727) main____ INFO      LM_LICENSE_FILE   : '5280@license.rc.princeton.edu'
2026-02-23 12:53:09.039553 (1570727) main____ INFO      TMPDIR            : '/tmp/ab2113/jg_5017445_126'
2026-02-23 12:53:09.039560 (1570727) main____ INFO    ----------------------------------------
2026-02-23 12:53:09.040062 (1570727) lic_core INFO    Initializing license system ...
2026-02-23 12:53:09.040707 (1570727) lic_core INFO    ... license system initialized.
2026-02-23 12:53:09.041585 (1570727) lic__man INFO    Claim 'fpv' for <ui>.
2026-02-23 12:53:09.041625 (1570727) lic_core INFO    (1) checking out 'jasper_fpv' ...
2026-02-23 12:53:09.047858 (1570727) lic_core INFO    ... (1) checkout failed (error: -5) ("FLEXnet ERROR(-5, 0, 0): No such feature exists.")
2026-02-23 12:53:09.047892 (1570727) lic_core INFO    (2) checking out 'jasper_fao' ...
2026-02-23 12:53:09.058617 (1570727) lic_core INFO    ... (2) checkout succeeded
2026-02-23 12:53:09.071095 (1570727) session_ INFO    Starting analysis session with session id 'session_0' (launcher: <local>) ...
2026-02-23 12:53:09.074507 (1570727) session_ INFO    Analysis session with session id 'session_0' started (pid: 1570735)
2026-02-23 12:53:09.731831 (1570727) session_ INFO    Analysis session 'session_0' connected to the console (host: 127.0.0.1:38792)
2026-02-23 12:53:10.309335 (1570727) main____ INFO    About to exit: request to exit with status 1 received from analysis session 'session_0'
2026-02-23 12:53:10.380812 (1570727) session_ INFO    Analysis session 'session_0' disconnected.
2026-02-23 12:53:10.380964 (1570727) lic__man INFO    Unclaim everything for 'session_0'.
2026-02-23 12:53:10.383103 (1570727) session_ INFO    Process for analysis session 'session_0' has exited with exit status '1'.
2026-02-23 12:53:12.214157 (1570727) lic_core INFO    (2) checkin jasper_fao
2026-02-23 12:53:12.215836 (1570727) main____ INFO    Exiting with status 1.
