2026-02-23 13:54:00.202524 (3181717) main____ INFO    ----------------------------------------
2026-02-23 13:54:00.202598 (3181717) main____ INFO    JasperGold version info
2026-02-23 13:54:00.202614 (3181717) main____ INFO      tool      : JasperGold 2021.03
2026-02-23 13:54:00.202623 (3181717) main____ INFO      version   : 2021.03 FCS 64 bits
2026-02-23 13:54:00.202628 (3181717) main____ INFO      build date: 2021.03.23 02:50:43 UTC
2026-02-23 13:54:00.202632 (3181717) main____ INFO    ----------------------------------------
2026-02-23 13:54:00.202636 (3181717) main____ INFO    Runtime info:
2026-02-23 13:54:00.202641 (3181717) main____ INFO      platform  : Linux 5.14.0-570.84.1.el9_6.x86_64 x86_64
2026-02-23 13:54:00.202647 (3181717) main____ INFO      hostname  : della-r3c3n1
2026-02-23 13:54:00.202651 (3181717) main____ INFO      pid       : 3181717
2026-02-23 13:54:00.202656 (3181717) main____ INFO      arguments : '-style' 'windows' '-batch' '-proj' './verification_results/03965/jgproject' '-tcl' './jasper_verif_check.tcl'
2026-02-23 13:54:00.202663 (3181717) main____ INFO      locale    : UTF-8
2026-02-23 13:54:00.202668 (3181717) main____ INFO    ----------------------------------------
2026-02-23 13:54:00.202672 (3181717) main____ INFO    System resource limits info:
2026-02-23 13:54:00.202676 (3181717) main____ INFO      virtual memory: unlimited
2026-02-23 13:54:00.202680 (3181717) main____ INFO      cpu time      : unlimited
2026-02-23 13:54:00.202685 (3181717) main____ INFO      stack size    : unlimited
2026-02-23 13:54:00.202689 (3181717) main____ INFO      core file size: unlimited
2026-02-23 13:54:00.202696 (3181717) main____ INFO      open files    : 131072
2026-02-23 13:54:00.202700 (3181717) main____ INFO      file size     : unlimited
2026-02-23 13:54:00.202704 (3181717) main____ INFO    ----------------------------------------
2026-02-23 13:54:00.202708 (3181717) main____ INFO    Memory statistics:
2026-02-23 13:54:00.202712 (3181717) main____ INFO      total physical memory  : 195972176 kB
2026-02-23 13:54:00.202716 (3181717) main____ INFO      free physical memory   : 119069052 kB
2026-02-23 13:54:00.202720 (3181717) main____ INFO      committed address space: 22671160 kB
2026-02-23 13:54:00.202724 (3181717) main____ INFO    ----------------------------------------
2026-02-23 13:54:00.203715 (3181717) main____ INFO    Important environment variables:
2026-02-23 13:54:00.203732 (3181717) main____ INFO      JASPER_HOME       : '/usr/licensed/cadence-20210126/jasper_2021.03'
2026-02-23 13:54:00.203739 (3181717) main____ INFO      JASPER_INSTALL_DIR: '/scratch/gpfs/LICENSED/x86_64/cadence-20210126/jasper_2021.03'
2026-02-23 13:54:00.203744 (3181717) main____ INFO      LANG              : 'en_US.UTF-8'
2026-02-23 13:54:00.203749 (3181717) main____ INFO      LM_LICENSE_FILE   : '5280@license.rc.princeton.edu'
2026-02-23 13:54:00.203754 (3181717) main____ INFO      TMPDIR            : '/tmp/ab2113/jg_5019091_72'
2026-02-23 13:54:00.203758 (3181717) main____ INFO    ----------------------------------------
2026-02-23 13:54:00.204506 (3181717) lic_core INFO    Initializing license system ...
2026-02-23 13:54:00.205248 (3181717) lic_core INFO    ... license system initialized.
2026-02-23 13:54:00.205919 (3181717) lic__man INFO    Claim 'fpv' for <ui>.
2026-02-23 13:54:00.205954 (3181717) lic_core INFO    (1) checking out 'jasper_fpv' ...
2026-02-23 13:54:00.211300 (3181717) lic_core INFO    ... (1) checkout failed (error: -5) ("FLEXnet ERROR(-5, 0, 0): No such feature exists.")
2026-02-23 13:54:00.211336 (3181717) lic_core INFO    (2) checking out 'jasper_fao' ...
2026-02-23 13:54:00.222268 (3181717) lic_core INFO    ... (2) checkout succeeded
2026-02-23 13:54:00.236151 (3181717) session_ INFO    Starting analysis session with session id 'session_0' (launcher: <local>) ...
2026-02-23 13:54:00.238593 (3181717) session_ INFO    Analysis session with session id 'session_0' started (pid: 3181725)
2026-02-23 13:54:00.951941 (3181717) session_ INFO    Analysis session 'session_0' connected to the console (host: 127.0.0.1:56194)
2026-02-23 13:54:01.815815 (3181717) lic__man INFO    Unclaim everything for 'session_0'.
2026-02-23 13:54:01.903988 (3181717) lic__man INFO    Claim 'fpv' for 'session_0'.
2026-02-23 13:54:01.904023 (3181717) lic__man INFO    Claim 'fpv' for 'session_0/prove-0'.
2026-02-23 13:54:02.042450 (3181717) lic__man INFO    Unclaim everything for 'session_0/prove-0'.
2026-02-23 13:54:02.100425 (3181717) main____ INFO    About to exit: request to exit with status 0 received from analysis session 'session_0'
2026-02-23 13:54:02.177873 (3181717) session_ INFO    Analysis session 'session_0' disconnected.
2026-02-23 13:54:02.177981 (3181717) lic__man INFO    Unclaim everything for 'session_0'.
2026-02-23 13:54:02.178743 (3181717) session_ INFO    Process for analysis session 'session_0' has exited with exit status '0'.
2026-02-23 13:54:04.112045 (3181717) lic_core INFO    (2) checkin jasper_fao
2026-02-23 13:54:04.113645 (3181717) main____ INFO    Exiting with status 0.
