2026-02-20 17:33:04.264326 (2531162) main____ INFO    ----------------------------------------
2026-02-20 17:33:04.264449 (2531162) main____ INFO    JasperGold version info
2026-02-20 17:33:04.264472 (2531162) main____ INFO      tool      : JasperGold 2021.03
2026-02-20 17:33:04.264481 (2531162) main____ INFO      version   : 2021.03 FCS 64 bits
2026-02-20 17:33:04.264486 (2531162) main____ INFO      build date: 2021.03.23 02:50:43 UTC
2026-02-20 17:33:04.264491 (2531162) main____ INFO    ----------------------------------------
2026-02-20 17:33:04.264495 (2531162) main____ INFO    Runtime info:
2026-02-20 17:33:04.264499 (2531162) main____ INFO      platform  : Linux 5.14.0-570.84.1.el9_6.x86_64 x86_64
2026-02-20 17:33:04.264506 (2531162) main____ INFO      hostname  : della-i13n22
2026-02-20 17:33:04.264510 (2531162) main____ INFO      pid       : 2531162
2026-02-20 17:33:04.264515 (2531162) main____ INFO      arguments : '-style' 'windows' '-batch' '-proj' 'verification_results/00232/jgproject' '-tcl' './jasper_verif_check.tcl'
2026-02-20 17:33:04.264523 (2531162) main____ INFO      locale    : UTF-8
2026-02-20 17:33:04.264528 (2531162) main____ INFO    ----------------------------------------
2026-02-20 17:33:04.264532 (2531162) main____ INFO    System resource limits info:
2026-02-20 17:33:04.264536 (2531162) main____ INFO      virtual memory: unlimited
2026-02-20 17:33:04.264540 (2531162) main____ INFO      cpu time      : unlimited
2026-02-20 17:33:04.264544 (2531162) main____ INFO      stack size    : unlimited
2026-02-20 17:33:04.264549 (2531162) main____ INFO      core file size: unlimited
2026-02-20 17:33:04.264557 (2531162) main____ INFO      open files    : 131072
2026-02-20 17:33:04.264561 (2531162) main____ INFO      file size     : unlimited
2026-02-20 17:33:04.264565 (2531162) main____ INFO    ----------------------------------------
2026-02-20 17:33:04.264568 (2531162) main____ INFO    Memory statistics:
2026-02-20 17:33:04.264572 (2531162) main____ INFO      total physical memory  : 394157548 kB
2026-02-20 17:33:04.264576 (2531162) main____ INFO      free physical memory   : 193806988 kB
2026-02-20 17:33:04.264580 (2531162) main____ INFO      committed address space: 165247988 kB
2026-02-20 17:33:04.264584 (2531162) main____ INFO    ----------------------------------------
2026-02-20 17:33:04.265470 (2531162) main____ INFO    Important environment variables:
2026-02-20 17:33:04.265487 (2531162) main____ INFO      JASPER_HOME       : '/usr/licensed/cadence-20210126/jasper_2021.03'
2026-02-20 17:33:04.265493 (2531162) main____ INFO      JASPER_INSTALL_DIR: '/scratch/gpfs/LICENSED/x86_64/cadence-20210126/jasper_2021.03'
2026-02-20 17:33:04.265499 (2531162) main____ INFO      LANG              : 'en_US.UTF-8'
2026-02-20 17:33:04.265503 (2531162) main____ INFO      LM_LICENSE_FILE   : '5280@license.rc.princeton.edu'
2026-02-20 17:33:04.265508 (2531162) main____ INFO      TMPDIR            : '/tmp'
2026-02-20 17:33:04.265512 (2531162) main____ INFO    ----------------------------------------
2026-02-20 17:33:04.266487 (2531162) lic_core INFO    Initializing license system ...
2026-02-20 17:33:04.267395 (2531162) lic_core INFO    ... license system initialized.
2026-02-20 17:33:04.268177 (2531162) lic__man INFO    Claim 'fpv' for <ui>.
2026-02-20 17:33:04.268221 (2531162) lic_core INFO    (1) checking out 'jasper_fpv' ...
2026-02-20 17:33:04.274411 (2531162) lic_core INFO    ... (1) checkout failed (error: -5) ("FLEXnet ERROR(-5, 0, 0): No such feature exists.")
2026-02-20 17:33:04.274469 (2531162) lic_core INFO    (2) checking out 'jasper_fao' ...
2026-02-20 17:33:04.284864 (2531162) lic_core INFO    ... (2) checkout succeeded
2026-02-20 17:33:04.299560 (2531162) session_ INFO    Starting analysis session with session id 'session_0' (launcher: <local>) ...
2026-02-20 17:33:04.302922 (2531162) session_ INFO    Analysis session with session id 'session_0' started (pid: 2531170)
2026-02-20 17:33:05.054633 (2531162) session_ INFO    Analysis session 'session_0' connected to the console (host: 127.0.0.1:53478)
2026-02-20 17:33:05.679539 (2531162) main____ INFO    About to exit: request to exit with status 1 received from analysis session 'session_0'
2026-02-20 17:33:05.777502 (2531162) session_ INFO    Analysis session 'session_0' disconnected.
2026-02-20 17:33:05.777641 (2531162) lic__man INFO    Unclaim everything for 'session_0'.
2026-02-20 17:33:05.778191 (2531162) session_ INFO    Process for analysis session 'session_0' has exited with exit status '1'.
2026-02-20 17:33:07.585995 (2531162) lic_core INFO    (2) checkin jasper_fao
2026-02-20 17:33:07.587467 (2531162) main____ INFO    Exiting with status 1.
