2026-02-23 13:47:49.757853 (1490654) main____ INFO    ----------------------------------------
2026-02-23 13:47:49.757938 (1490654) main____ INFO    JasperGold version info
2026-02-23 13:47:49.757959 (1490654) main____ INFO      tool      : JasperGold 2021.03
2026-02-23 13:47:49.757971 (1490654) main____ INFO      version   : 2021.03 FCS 64 bits
2026-02-23 13:47:49.757978 (1490654) main____ INFO      build date: 2021.03.23 02:50:43 UTC
2026-02-23 13:47:49.757983 (1490654) main____ INFO    ----------------------------------------
2026-02-23 13:47:49.757989 (1490654) main____ INFO    Runtime info:
2026-02-23 13:47:49.757996 (1490654) main____ INFO      platform  : Linux 5.14.0-570.84.1.el9_6.x86_64 x86_64
2026-02-23 13:47:49.758003 (1490654) main____ INFO      hostname  : della-h14n5
2026-02-23 13:47:49.758009 (1490654) main____ INFO      pid       : 1490654
2026-02-23 13:47:49.758015 (1490654) main____ INFO      arguments : '-style' 'windows' '-batch' '-proj' './verification_results/02646/jgproject' '-tcl' './jasper_verif_check.tcl'
2026-02-23 13:47:49.758023 (1490654) main____ INFO      locale    : UTF-8
2026-02-23 13:47:49.758029 (1490654) main____ INFO    ----------------------------------------
2026-02-23 13:47:49.758034 (1490654) main____ INFO    System resource limits info:
2026-02-23 13:47:49.758040 (1490654) main____ INFO      virtual memory: unlimited
2026-02-23 13:47:49.758046 (1490654) main____ INFO      cpu time      : unlimited
2026-02-23 13:47:49.758051 (1490654) main____ INFO      stack size    : unlimited
2026-02-23 13:47:49.758056 (1490654) main____ INFO      core file size: unlimited
2026-02-23 13:47:49.758063 (1490654) main____ INFO      open files    : 131072
2026-02-23 13:47:49.758069 (1490654) main____ INFO      file size     : unlimited
2026-02-23 13:47:49.758074 (1490654) main____ INFO    ----------------------------------------
2026-02-23 13:47:49.758081 (1490654) main____ INFO    Memory statistics:
2026-02-23 13:47:49.758087 (1490654) main____ INFO      total physical memory  : 1584164368 kB
2026-02-23 13:47:49.758093 (1490654) main____ INFO      free physical memory   : 696174584 kB
2026-02-23 13:47:49.758100 (1490654) main____ INFO      committed address space: 544276796 kB
2026-02-23 13:47:49.758106 (1490654) main____ INFO    ----------------------------------------
2026-02-23 13:47:49.758650 (1490654) main____ INFO    Important environment variables:
2026-02-23 13:47:49.758664 (1490654) main____ INFO      JASPER_HOME       : '/usr/licensed/cadence-20210126/jasper_2021.03'
2026-02-23 13:47:49.758671 (1490654) main____ INFO      JASPER_INSTALL_DIR: '/scratch/gpfs/LICENSED/x86_64/cadence-20210126/jasper_2021.03'
2026-02-23 13:47:49.758677 (1490654) main____ INFO      LANG              : 'en_US.UTF-8'
2026-02-23 13:47:49.758684 (1490654) main____ INFO      LM_LICENSE_FILE   : '5280@license.rc.princeton.edu'
2026-02-23 13:47:49.758690 (1490654) main____ INFO      TMPDIR            : '/tmp/ab2113/jg_5018923_45'
2026-02-23 13:47:49.758696 (1490654) main____ INFO    ----------------------------------------
2026-02-23 13:47:49.759168 (1490654) lic_core INFO    Initializing license system ...
2026-02-23 13:47:49.759723 (1490654) lic_core INFO    ... license system initialized.
2026-02-23 13:47:49.760505 (1490654) lic__man INFO    Claim 'fpv' for <ui>.
2026-02-23 13:47:49.760537 (1490654) lic_core INFO    (1) checking out 'jasper_fpv' ...
2026-02-23 13:47:49.766399 (1490654) lic_core INFO    ... (1) checkout failed (error: -5) ("FLEXnet ERROR(-5, 0, 0): No such feature exists.")
2026-02-23 13:47:49.766432 (1490654) lic_core INFO    (2) checking out 'jasper_fao' ...
2026-02-23 13:47:49.775918 (1490654) lic_core INFO    ... (2) checkout succeeded
2026-02-23 13:47:49.787259 (1490654) session_ INFO    Starting analysis session with session id 'session_0' (launcher: <local>) ...
2026-02-23 13:47:49.790344 (1490654) session_ INFO    Analysis session with session id 'session_0' started (pid: 1490662)
2026-02-23 13:47:50.373220 (1490654) session_ INFO    Analysis session 'session_0' connected to the console (host: 127.0.0.1:59136)
2026-02-23 13:47:51.151222 (1490654) lic__man INFO    Unclaim everything for 'session_0'.
2026-02-23 13:47:51.185017 (1490654) lic__man INFO    Claim 'fpv' for 'session_0'.
2026-02-23 13:47:51.185054 (1490654) lic__man INFO    Claim 'fpv' for 'session_0/prove-0'.
2026-02-23 13:47:53.617669 (1490654) lic__man INFO    Unclaim everything for 'session_0/prove-0'.
2026-02-23 13:47:53.672509 (1490654) main____ INFO    About to exit: request to exit with status 0 received from analysis session 'session_0'
2026-02-23 13:47:53.734512 (1490654) session_ INFO    Analysis session 'session_0' disconnected.
2026-02-23 13:47:53.734647 (1490654) lic__man INFO    Unclaim everything for 'session_0'.
2026-02-23 13:47:53.735250 (1490654) session_ INFO    Process for analysis session 'session_0' has exited with exit status '0'.
2026-02-23 13:47:55.586659 (1490654) lic_core INFO    (2) checkin jasper_fao
2026-02-23 13:47:55.588324 (1490654) main____ INFO    Exiting with status 0.
