2026-02-23 14:17:58.478983 (2084627) main____ INFO    ----------------------------------------
2026-02-23 14:17:58.479086 (2084627) main____ INFO    JasperGold version info
2026-02-23 14:17:58.479105 (2084627) main____ INFO      tool      : JasperGold 2021.03
2026-02-23 14:17:58.479114 (2084627) main____ INFO      version   : 2021.03 FCS 64 bits
2026-02-23 14:17:58.479119 (2084627) main____ INFO      build date: 2021.03.23 02:50:43 UTC
2026-02-23 14:17:58.479124 (2084627) main____ INFO    ----------------------------------------
2026-02-23 14:17:58.479129 (2084627) main____ INFO    Runtime info:
2026-02-23 14:17:58.479134 (2084627) main____ INFO      platform  : Linux 5.14.0-570.84.1.el9_6.x86_64 x86_64
2026-02-23 14:17:58.479141 (2084627) main____ INFO      hostname  : della-r3c1n15
2026-02-23 14:17:58.479146 (2084627) main____ INFO      pid       : 2084627
2026-02-23 14:17:58.479151 (2084627) main____ INFO      arguments : '-style' 'windows' '-batch' '-proj' './verification_results/03551/jgproject' '-tcl' './jasper_verif_check.tcl'
2026-02-23 14:17:58.479160 (2084627) main____ INFO      locale    : UTF-8
2026-02-23 14:17:58.479164 (2084627) main____ INFO    ----------------------------------------
2026-02-23 14:17:58.479169 (2084627) main____ INFO    System resource limits info:
2026-02-23 14:17:58.479173 (2084627) main____ INFO      virtual memory: unlimited
2026-02-23 14:17:58.479178 (2084627) main____ INFO      cpu time      : unlimited
2026-02-23 14:17:58.479183 (2084627) main____ INFO      stack size    : unlimited
2026-02-23 14:17:58.479194 (2084627) main____ INFO      core file size: unlimited
2026-02-23 14:17:58.479203 (2084627) main____ INFO      open files    : 131072
2026-02-23 14:17:58.479208 (2084627) main____ INFO      file size     : unlimited
2026-02-23 14:17:58.479213 (2084627) main____ INFO    ----------------------------------------
2026-02-23 14:17:58.479217 (2084627) main____ INFO    Memory statistics:
2026-02-23 14:17:58.479222 (2084627) main____ INFO      total physical memory  : 195972072 kB
2026-02-23 14:17:58.479226 (2084627) main____ INFO      free physical memory   : 107115188 kB
2026-02-23 14:17:58.479230 (2084627) main____ INFO      committed address space: 16857836 kB
2026-02-23 14:17:58.479235 (2084627) main____ INFO    ----------------------------------------
2026-02-23 14:17:58.480293 (2084627) main____ INFO    Important environment variables:
2026-02-23 14:17:58.480315 (2084627) main____ INFO      JASPER_HOME       : '/usr/licensed/cadence-20210126/jasper_2021.03'
2026-02-23 14:17:58.480322 (2084627) main____ INFO      JASPER_INSTALL_DIR: '/scratch/gpfs/LICENSED/x86_64/cadence-20210126/jasper_2021.03'
2026-02-23 14:17:58.480327 (2084627) main____ INFO      LANG              : 'en_US.UTF-8'
2026-02-23 14:17:58.480333 (2084627) main____ INFO      LM_LICENSE_FILE   : '5280@license.rc.princeton.edu'
2026-02-23 14:17:58.480338 (2084627) main____ INFO      TMPDIR            : '/tmp/ab2113/jg_5019032_63'
2026-02-23 14:17:58.480343 (2084627) main____ INFO    ----------------------------------------
2026-02-23 14:17:58.481265 (2084627) lic_core INFO    Initializing license system ...
2026-02-23 14:17:58.482200 (2084627) lic_core INFO    ... license system initialized.
2026-02-23 14:17:58.483055 (2084627) lic__man INFO    Claim 'fpv' for <ui>.
2026-02-23 14:17:58.483104 (2084627) lic_core INFO    (1) checking out 'jasper_fpv' ...
2026-02-23 14:17:58.489457 (2084627) lic_core INFO    ... (1) checkout failed (error: -5) ("FLEXnet ERROR(-5, 0, 0): No such feature exists.")
2026-02-23 14:17:58.489507 (2084627) lic_core INFO    (2) checking out 'jasper_fao' ...
2026-02-23 14:17:58.500296 (2084627) lic_core INFO    ... (2) checkout succeeded
2026-02-23 14:17:58.515445 (2084627) session_ INFO    Starting analysis session with session id 'session_0' (launcher: <local>) ...
2026-02-23 14:17:58.518672 (2084627) session_ INFO    Analysis session with session id 'session_0' started (pid: 2084635)
2026-02-23 14:17:59.199163 (2084627) session_ INFO    Analysis session 'session_0' connected to the console (host: 127.0.0.1:54044)
2026-02-23 14:17:59.976380 (2084627) lic__man INFO    Unclaim everything for 'session_0'.
2026-02-23 14:18:00.041352 (2084627) main____ INFO    About to exit: request to exit with status 3 received from analysis session 'session_0'
2026-02-23 14:18:00.128756 (2084627) session_ INFO    Analysis session 'session_0' disconnected.
2026-02-23 14:18:00.128902 (2084627) lic__man INFO    Unclaim everything for 'session_0'.
2026-02-23 14:18:00.129947 (2084627) session_ INFO    Process for analysis session 'session_0' has exited with exit status '3'.
2026-02-23 14:18:01.948464 (2084627) lic_core INFO    (2) checkin jasper_fao
2026-02-23 14:18:01.949948 (2084627) main____ INFO    Exiting with status 3.
