2026-02-20 17:35:01.835205 (2533961) main____ INFO    ----------------------------------------
2026-02-20 17:35:01.835336 (2533961) main____ INFO    JasperGold version info
2026-02-20 17:35:01.835359 (2533961) main____ INFO      tool      : JasperGold 2021.03
2026-02-20 17:35:01.835369 (2533961) main____ INFO      version   : 2021.03 FCS 64 bits
2026-02-20 17:35:01.835374 (2533961) main____ INFO      build date: 2021.03.23 02:50:43 UTC
2026-02-20 17:35:01.835378 (2533961) main____ INFO    ----------------------------------------
2026-02-20 17:35:01.835382 (2533961) main____ INFO    Runtime info:
2026-02-20 17:35:01.835391 (2533961) main____ INFO      platform  : Linux 5.14.0-570.84.1.el9_6.x86_64 x86_64
2026-02-20 17:35:01.835397 (2533961) main____ INFO      hostname  : della-i13n22
2026-02-20 17:35:01.835401 (2533961) main____ INFO      pid       : 2533961
2026-02-20 17:35:01.835406 (2533961) main____ INFO      arguments : '-style' 'windows' '-batch' '-proj' 'verification_results/00263/jgproject' '-tcl' './jasper_verif_check.tcl'
2026-02-20 17:35:01.835415 (2533961) main____ INFO      locale    : UTF-8
2026-02-20 17:35:01.835419 (2533961) main____ INFO    ----------------------------------------
2026-02-20 17:35:01.835423 (2533961) main____ INFO    System resource limits info:
2026-02-20 17:35:01.835427 (2533961) main____ INFO      virtual memory: unlimited
2026-02-20 17:35:01.835431 (2533961) main____ INFO      cpu time      : unlimited
2026-02-20 17:35:01.835435 (2533961) main____ INFO      stack size    : unlimited
2026-02-20 17:35:01.835440 (2533961) main____ INFO      core file size: unlimited
2026-02-20 17:35:01.835447 (2533961) main____ INFO      open files    : 131072
2026-02-20 17:35:01.835451 (2533961) main____ INFO      file size     : unlimited
2026-02-20 17:35:01.835455 (2533961) main____ INFO    ----------------------------------------
2026-02-20 17:35:01.835458 (2533961) main____ INFO    Memory statistics:
2026-02-20 17:35:01.835463 (2533961) main____ INFO      total physical memory  : 394157548 kB
2026-02-20 17:35:01.835466 (2533961) main____ INFO      free physical memory   : 193778140 kB
2026-02-20 17:35:01.835470 (2533961) main____ INFO      committed address space: 165305192 kB
2026-02-20 17:35:01.835474 (2533961) main____ INFO    ----------------------------------------
2026-02-20 17:35:01.836373 (2533961) main____ INFO    Important environment variables:
2026-02-20 17:35:01.836395 (2533961) main____ INFO      JASPER_HOME       : '/usr/licensed/cadence-20210126/jasper_2021.03'
2026-02-20 17:35:01.836401 (2533961) main____ INFO      JASPER_INSTALL_DIR: '/scratch/gpfs/LICENSED/x86_64/cadence-20210126/jasper_2021.03'
2026-02-20 17:35:01.836407 (2533961) main____ INFO      LANG              : 'en_US.UTF-8'
2026-02-20 17:35:01.836412 (2533961) main____ INFO      LM_LICENSE_FILE   : '5280@license.rc.princeton.edu'
2026-02-20 17:35:01.836416 (2533961) main____ INFO      TMPDIR            : '/tmp'
2026-02-20 17:35:01.836421 (2533961) main____ INFO    ----------------------------------------
2026-02-20 17:35:01.837395 (2533961) lic_core INFO    Initializing license system ...
2026-02-20 17:35:01.838323 (2533961) lic_core INFO    ... license system initialized.
2026-02-20 17:35:01.839180 (2533961) lic__man INFO    Claim 'fpv' for <ui>.
2026-02-20 17:35:01.839231 (2533961) lic_core INFO    (1) checking out 'jasper_fpv' ...
2026-02-20 17:35:01.844969 (2533961) lic_core INFO    ... (1) checkout failed (error: -5) ("FLEXnet ERROR(-5, 0, 0): No such feature exists.")
2026-02-20 17:35:01.845044 (2533961) lic_core INFO    (2) checking out 'jasper_fao' ...
2026-02-20 17:35:01.855277 (2533961) lic_core INFO    ... (2) checkout succeeded
2026-02-20 17:35:01.870143 (2533961) session_ INFO    Starting analysis session with session id 'session_0' (launcher: <local>) ...
2026-02-20 17:35:01.873641 (2533961) session_ INFO    Analysis session with session id 'session_0' started (pid: 2533969)
2026-02-20 17:35:02.629441 (2533961) session_ INFO    Analysis session 'session_0' connected to the console (host: 127.0.0.1:46346)
2026-02-20 17:35:03.492152 (2533961) lic__man INFO    Unclaim everything for 'session_0'.
2026-02-20 17:35:03.541271 (2533961) lic__man INFO    Claim 'fpv' for 'session_0'.
2026-02-20 17:35:03.541330 (2533961) lic__man INFO    Claim 'fpv' for 'session_0/prove-0'.
2026-02-20 17:35:03.712818 (2533961) lic__man INFO    Unclaim everything for 'session_0/prove-0'.
2026-02-20 17:35:03.774515 (2533961) main____ INFO    About to exit: request to exit with status 0 received from analysis session 'session_0'
2026-02-20 17:35:03.882266 (2533961) session_ INFO    Analysis session 'session_0' disconnected.
2026-02-20 17:35:03.882414 (2533961) lic__man INFO    Unclaim everything for 'session_0'.
2026-02-20 17:35:03.883050 (2533961) session_ INFO    Process for analysis session 'session_0' has exited with exit status '0'.
2026-02-20 17:35:05.682754 (2533961) lic_core INFO    (2) checkin jasper_fao
2026-02-20 17:35:05.684358 (2533961) main____ INFO    Exiting with status 0.
