2026-02-23 13:44:03.927233 (4145169) main____ INFO    ----------------------------------------
2026-02-23 13:44:03.927346 (4145169) main____ INFO    JasperGold version info
2026-02-23 13:44:03.927365 (4145169) main____ INFO      tool      : JasperGold 2021.03
2026-02-23 13:44:03.927375 (4145169) main____ INFO      version   : 2021.03 FCS 64 bits
2026-02-23 13:44:03.927381 (4145169) main____ INFO      build date: 2021.03.23 02:50:43 UTC
2026-02-23 13:44:03.927385 (4145169) main____ INFO    ----------------------------------------
2026-02-23 13:44:03.927389 (4145169) main____ INFO    Runtime info:
2026-02-23 13:44:03.927394 (4145169) main____ INFO      platform  : Linux 5.14.0-570.84.1.el9_6.x86_64 x86_64
2026-02-23 13:44:03.927401 (4145169) main____ INFO      hostname  : della-r3c2n12
2026-02-23 13:44:03.927407 (4145169) main____ INFO      pid       : 4145169
2026-02-23 13:44:03.927411 (4145169) main____ INFO      arguments : '-style' 'windows' '-batch' '-proj' './verification_results/01782/jgproject' '-tcl' './jasper_verif_check.tcl'
2026-02-23 13:44:03.927419 (4145169) main____ INFO      locale    : UTF-8
2026-02-23 13:44:03.927424 (4145169) main____ INFO    ----------------------------------------
2026-02-23 13:44:03.927428 (4145169) main____ INFO    System resource limits info:
2026-02-23 13:44:03.927433 (4145169) main____ INFO      virtual memory: unlimited
2026-02-23 13:44:03.927437 (4145169) main____ INFO      cpu time      : unlimited
2026-02-23 13:44:03.927442 (4145169) main____ INFO      stack size    : unlimited
2026-02-23 13:44:03.927447 (4145169) main____ INFO      core file size: unlimited
2026-02-23 13:44:03.927454 (4145169) main____ INFO      open files    : 131072
2026-02-23 13:44:03.927459 (4145169) main____ INFO      file size     : unlimited
2026-02-23 13:44:03.927463 (4145169) main____ INFO    ----------------------------------------
2026-02-23 13:44:03.927468 (4145169) main____ INFO    Memory statistics:
2026-02-23 13:44:03.927472 (4145169) main____ INFO      total physical memory  : 195972072 kB
2026-02-23 13:44:03.927476 (4145169) main____ INFO      free physical memory   : 131910572 kB
2026-02-23 13:44:03.927480 (4145169) main____ INFO      committed address space: 39843672 kB
2026-02-23 13:44:03.927484 (4145169) main____ INFO    ----------------------------------------
2026-02-23 13:44:03.928474 (4145169) main____ INFO    Important environment variables:
2026-02-23 13:44:03.928500 (4145169) main____ INFO      JASPER_HOME       : '/usr/licensed/cadence-20210126/jasper_2021.03'
2026-02-23 13:44:03.928507 (4145169) main____ INFO      JASPER_INSTALL_DIR: '/scratch/gpfs/LICENSED/x86_64/cadence-20210126/jasper_2021.03'
2026-02-23 13:44:03.928513 (4145169) main____ INFO      LANG              : 'en_US.UTF-8'
2026-02-23 13:44:03.928518 (4145169) main____ INFO      LM_LICENSE_FILE   : '5280@license.rc.princeton.edu'
2026-02-23 13:44:03.928523 (4145169) main____ INFO      TMPDIR            : '/tmp/ab2113/jg_5018860_28'
2026-02-23 13:44:03.928528 (4145169) main____ INFO    ----------------------------------------
2026-02-23 13:44:03.929435 (4145169) lic_core INFO    Initializing license system ...
2026-02-23 13:44:03.930292 (4145169) lic_core INFO    ... license system initialized.
2026-02-23 13:44:03.931064 (4145169) lic__man INFO    Claim 'fpv' for <ui>.
2026-02-23 13:44:03.931103 (4145169) lic_core INFO    (1) checking out 'jasper_fpv' ...
2026-02-23 13:44:03.937521 (4145169) lic_core INFO    ... (1) checkout failed (error: -5) ("FLEXnet ERROR(-5, 0, 0): No such feature exists.")
2026-02-23 13:44:03.937579 (4145169) lic_core INFO    (2) checking out 'jasper_fao' ...
2026-02-23 13:44:03.948641 (4145169) lic_core INFO    ... (2) checkout succeeded
2026-02-23 13:44:03.963632 (4145169) session_ INFO    Starting analysis session with session id 'session_0' (launcher: <local>) ...
2026-02-23 13:44:03.966481 (4145169) session_ INFO    Analysis session with session id 'session_0' started (pid: 4145177)
2026-02-23 13:44:04.739170 (4145169) session_ INFO    Analysis session 'session_0' connected to the console (host: 127.0.0.1:45380)
2026-02-23 13:44:05.601985 (4145169) lic__man INFO    Unclaim everything for 'session_0'.
2026-02-23 13:44:05.642804 (4145169) lic__man INFO    Claim 'fpv' for 'session_0'.
2026-02-23 13:44:05.642853 (4145169) lic__man INFO    Claim 'fpv' for 'session_0/prove-0'.
2026-02-23 13:44:05.684568 (4145169) lic__man INFO    Unclaim everything for 'session_0/prove-0'.
2026-02-23 13:44:05.725084 (4145169) main____ INFO    About to exit: request to exit with status 4 received from analysis session 'session_0'
2026-02-23 13:44:05.803005 (4145169) session_ INFO    Analysis session 'session_0' disconnected.
2026-02-23 13:44:05.803146 (4145169) lic__man INFO    Unclaim everything for 'session_0'.
2026-02-23 13:44:05.803922 (4145169) session_ INFO    Process for analysis session 'session_0' has exited with exit status '4'.
2026-02-23 13:44:07.631759 (4145169) lic_core INFO    (2) checkin jasper_fao
2026-02-23 13:44:07.633512 (4145169) main____ INFO    Exiting with status 4.
