2026-02-23 13:00:02.057331 (2974729) main____ INFO    ----------------------------------------
2026-02-23 13:00:02.057454 (2974729) main____ INFO    JasperGold version info
2026-02-23 13:00:02.057472 (2974729) main____ INFO      tool      : JasperGold 2021.03
2026-02-23 13:00:02.057482 (2974729) main____ INFO      version   : 2021.03 FCS 64 bits
2026-02-23 13:00:02.057487 (2974729) main____ INFO      build date: 2021.03.23 02:50:43 UTC
2026-02-23 13:00:02.057492 (2974729) main____ INFO    ----------------------------------------
2026-02-23 13:00:02.057496 (2974729) main____ INFO    Runtime info:
2026-02-23 13:00:02.057500 (2974729) main____ INFO      platform  : Linux 5.14.0-570.84.1.el9_6.x86_64 x86_64
2026-02-23 13:00:02.057506 (2974729) main____ INFO      hostname  : della-r3c4n2
2026-02-23 13:00:02.057511 (2974729) main____ INFO      pid       : 2974729
2026-02-23 13:00:02.057515 (2974729) main____ INFO      arguments : '-style' 'windows' '-batch' '-proj' './verification_results/00328/jgproject' '-tcl' './jasper_verif_check.tcl'
2026-02-23 13:00:02.057523 (2974729) main____ INFO      locale    : UTF-8
2026-02-23 13:00:02.057527 (2974729) main____ INFO    ----------------------------------------
2026-02-23 13:00:02.057531 (2974729) main____ INFO    System resource limits info:
2026-02-23 13:00:02.057536 (2974729) main____ INFO      virtual memory: unlimited
2026-02-23 13:00:02.057540 (2974729) main____ INFO      cpu time      : unlimited
2026-02-23 13:00:02.057544 (2974729) main____ INFO      stack size    : unlimited
2026-02-23 13:00:02.057549 (2974729) main____ INFO      core file size: unlimited
2026-02-23 13:00:02.057556 (2974729) main____ INFO      open files    : 131072
2026-02-23 13:00:02.057560 (2974729) main____ INFO      file size     : unlimited
2026-02-23 13:00:02.057565 (2974729) main____ INFO    ----------------------------------------
2026-02-23 13:00:02.057569 (2974729) main____ INFO    Memory statistics:
2026-02-23 13:00:02.057573 (2974729) main____ INFO      total physical memory  : 195972160 kB
2026-02-23 13:00:02.057577 (2974729) main____ INFO      free physical memory   : 149060552 kB
2026-02-23 13:00:02.057581 (2974729) main____ INFO      committed address space: 28615244 kB
2026-02-23 13:00:02.057585 (2974729) main____ INFO    ----------------------------------------
2026-02-23 13:00:02.058569 (2974729) main____ INFO    Important environment variables:
2026-02-23 13:00:02.058590 (2974729) main____ INFO      JASPER_HOME       : '/usr/licensed/cadence-20210126/jasper_2021.03'
2026-02-23 13:00:02.058596 (2974729) main____ INFO      JASPER_INSTALL_DIR: '/scratch/gpfs/LICENSED/x86_64/cadence-20210126/jasper_2021.03'
2026-02-23 13:00:02.058602 (2974729) main____ INFO      LANG              : 'en_US.UTF-8'
2026-02-23 13:00:02.058608 (2974729) main____ INFO      LM_LICENSE_FILE   : '5280@license.rc.princeton.edu'
2026-02-23 13:00:02.058613 (2974729) main____ INFO      TMPDIR            : '/tmp/ab2113/jg_5017607_154'
2026-02-23 13:00:02.058617 (2974729) main____ INFO    ----------------------------------------
2026-02-23 13:00:02.062567 (2974729) lic_core INFO    Initializing license system ...
2026-02-23 13:00:02.065775 (2974729) lic_core INFO    ... license system initialized.
2026-02-23 13:00:02.066872 (2974729) lic__man INFO    Claim 'fpv' for <ui>.
2026-02-23 13:00:02.066934 (2974729) lic_core INFO    (1) checking out 'jasper_fpv' ...
2026-02-23 13:00:02.073265 (2974729) lic_core INFO    ... (1) checkout failed (error: -5) ("FLEXnet ERROR(-5, 0, 0): No such feature exists.")
2026-02-23 13:00:02.073306 (2974729) lic_core INFO    (2) checking out 'jasper_fao' ...
2026-02-23 13:00:02.084312 (2974729) lic_core INFO    ... (2) checkout succeeded
2026-02-23 13:00:02.104859 (2974729) session_ INFO    Starting analysis session with session id 'session_0' (launcher: <local>) ...
2026-02-23 13:00:02.107596 (2974729) session_ INFO    Analysis session with session id 'session_0' started (pid: 2974737)
2026-02-23 13:00:03.022720 (2974729) session_ INFO    Analysis session 'session_0' connected to the console (host: 127.0.0.1:41342)
2026-02-23 13:00:03.654502 (2974729) main____ INFO    About to exit: request to exit with status 1 received from analysis session 'session_0'
2026-02-23 13:00:03.737396 (2974729) session_ INFO    Analysis session 'session_0' disconnected.
2026-02-23 13:00:03.737565 (2974729) lic__man INFO    Unclaim everything for 'session_0'.
2026-02-23 13:00:03.738379 (2974729) session_ INFO    Process for analysis session 'session_0' has exited with exit status '1'.
2026-02-23 13:00:05.618398 (2974729) lic_core INFO    (2) checkin jasper_fao
2026-02-23 13:00:05.620040 (2974729) main____ INFO    Exiting with status 1.
