2026-02-23 13:40:41.996738 (479750) main____ INFO    ----------------------------------------
2026-02-23 13:40:41.996824 (479750) main____ INFO    JasperGold version info
2026-02-23 13:40:41.996853 (479750) main____ INFO      tool      : JasperGold 2021.03
2026-02-23 13:40:41.996861 (479750) main____ INFO      version   : 2021.03 FCS 64 bits
2026-02-23 13:40:41.996868 (479750) main____ INFO      build date: 2021.03.23 02:50:43 UTC
2026-02-23 13:40:41.996873 (479750) main____ INFO    ----------------------------------------
2026-02-23 13:40:41.996878 (479750) main____ INFO    Runtime info:
2026-02-23 13:40:41.996883 (479750) main____ INFO      platform  : Linux 5.14.0-570.84.1.el9_6.x86_64 x86_64
2026-02-23 13:40:41.996889 (479750) main____ INFO      hostname  : della-h16n3
2026-02-23 13:40:41.996894 (479750) main____ INFO      pid       : 479750
2026-02-23 13:40:41.996899 (479750) main____ INFO      arguments : '-style' 'windows' '-batch' '-proj' './verification_results/01093/jgproject' '-tcl' './jasper_verif_check.tcl'
2026-02-23 13:40:41.996908 (479750) main____ INFO      locale    : UTF-8
2026-02-23 13:40:41.996913 (479750) main____ INFO    ----------------------------------------
2026-02-23 13:40:41.996918 (479750) main____ INFO    System resource limits info:
2026-02-23 13:40:41.996923 (479750) main____ INFO      virtual memory: unlimited
2026-02-23 13:40:41.996927 (479750) main____ INFO      cpu time      : unlimited
2026-02-23 13:40:41.996932 (479750) main____ INFO      stack size    : unlimited
2026-02-23 13:40:41.996937 (479750) main____ INFO      core file size: unlimited
2026-02-23 13:40:41.996944 (479750) main____ INFO      open files    : 131072
2026-02-23 13:40:41.996949 (479750) main____ INFO      file size     : unlimited
2026-02-23 13:40:41.996954 (479750) main____ INFO    ----------------------------------------
2026-02-23 13:40:41.996958 (479750) main____ INFO    Memory statistics:
2026-02-23 13:40:41.996963 (479750) main____ INFO      total physical memory  : 1584164344 kB
2026-02-23 13:40:41.996968 (479750) main____ INFO      free physical memory   : 949033700 kB
2026-02-23 13:40:41.996973 (479750) main____ INFO      committed address space: 590683408 kB
2026-02-23 13:40:41.996977 (479750) main____ INFO    ----------------------------------------
2026-02-23 13:40:41.997484 (479750) main____ INFO    Important environment variables:
2026-02-23 13:40:41.997498 (479750) main____ INFO      JASPER_HOME       : '/usr/licensed/cadence-20210126/jasper_2021.03'
2026-02-23 13:40:41.997503 (479750) main____ INFO      JASPER_INSTALL_DIR: '/scratch/gpfs/LICENSED/x86_64/cadence-20210126/jasper_2021.03'
2026-02-23 13:40:41.997509 (479750) main____ INFO      LANG              : 'en_US.UTF-8'
2026-02-23 13:40:41.997515 (479750) main____ INFO      LM_LICENSE_FILE   : '5280@license.rc.princeton.edu'
2026-02-23 13:40:41.997520 (479750) main____ INFO      TMPDIR            : '/tmp/ab2113/jg_5018817_14'
2026-02-23 13:40:41.997525 (479750) main____ INFO    ----------------------------------------
2026-02-23 13:40:41.998166 (479750) lic_core INFO    Initializing license system ...
2026-02-23 13:40:41.998899 (479750) lic_core INFO    ... license system initialized.
2026-02-23 13:40:41.999728 (479750) lic__man INFO    Claim 'fpv' for <ui>.
2026-02-23 13:40:41.999759 (479750) lic_core INFO    (1) checking out 'jasper_fpv' ...
2026-02-23 13:40:42.008588 (479750) lic_core INFO    ... (1) checkout failed (error: -5) ("FLEXnet ERROR(-5, 0, 0): No such feature exists.")
2026-02-23 13:40:42.008614 (479750) lic_core INFO    (2) checking out 'jasper_fao' ...
2026-02-23 13:40:42.018537 (479750) lic_core INFO    ... (2) checkout succeeded
2026-02-23 13:40:42.029454 (479750) session_ INFO    Starting analysis session with session id 'session_0' (launcher: <local>) ...
2026-02-23 13:40:42.032745 (479750) session_ INFO    Analysis session with session id 'session_0' started (pid: 479763)
2026-02-23 13:40:42.539994 (479750) session_ INFO    Analysis session 'session_0' connected to the console (host: 127.0.0.1:33214)
2026-02-23 13:40:43.159927 (479750) main____ INFO    About to exit: request to exit with status 1 received from analysis session 'session_0'
2026-02-23 13:40:43.208325 (479750) session_ INFO    Analysis session 'session_0' disconnected.
2026-02-23 13:40:43.208441 (479750) lic__man INFO    Unclaim everything for 'session_0'.
2026-02-23 13:40:43.209156 (479750) session_ INFO    Process for analysis session 'session_0' has exited with exit status '1'.
2026-02-23 13:40:45.265552 (479750) lic_core INFO    (2) checkin jasper_fao
2026-02-23 13:40:45.266860 (479750) main____ INFO    Exiting with status 1.
