2026-02-23 13:38:40.396209 (1442333) main____ INFO    ----------------------------------------
2026-02-23 13:38:40.396289 (1442333) main____ INFO    JasperGold version info
2026-02-23 13:38:40.396309 (1442333) main____ INFO      tool      : JasperGold 2021.03
2026-02-23 13:38:40.396320 (1442333) main____ INFO      version   : 2021.03 FCS 64 bits
2026-02-23 13:38:40.396326 (1442333) main____ INFO      build date: 2021.03.23 02:50:43 UTC
2026-02-23 13:38:40.396332 (1442333) main____ INFO    ----------------------------------------
2026-02-23 13:38:40.396338 (1442333) main____ INFO    Runtime info:
2026-02-23 13:38:40.396346 (1442333) main____ INFO      platform  : Linux 5.14.0-570.84.1.el9_6.x86_64 x86_64
2026-02-23 13:38:40.396354 (1442333) main____ INFO      hostname  : della-h14n5
2026-02-23 13:38:40.396360 (1442333) main____ INFO      pid       : 1442333
2026-02-23 13:38:40.396365 (1442333) main____ INFO      arguments : '-style' 'windows' '-batch' '-proj' './verification_results/00555/jgproject' '-tcl' './jasper_verif_check.tcl'
2026-02-23 13:38:40.396373 (1442333) main____ INFO      locale    : UTF-8
2026-02-23 13:38:40.396379 (1442333) main____ INFO    ----------------------------------------
2026-02-23 13:38:40.396385 (1442333) main____ INFO    System resource limits info:
2026-02-23 13:38:40.396391 (1442333) main____ INFO      virtual memory: unlimited
2026-02-23 13:38:40.396396 (1442333) main____ INFO      cpu time      : unlimited
2026-02-23 13:38:40.396401 (1442333) main____ INFO      stack size    : unlimited
2026-02-23 13:38:40.396406 (1442333) main____ INFO      core file size: unlimited
2026-02-23 13:38:40.396413 (1442333) main____ INFO      open files    : 131072
2026-02-23 13:38:40.396418 (1442333) main____ INFO      file size     : unlimited
2026-02-23 13:38:40.396423 (1442333) main____ INFO    ----------------------------------------
2026-02-23 13:38:40.396435 (1442333) main____ INFO    Memory statistics:
2026-02-23 13:38:40.396440 (1442333) main____ INFO      total physical memory  : 1584164368 kB
2026-02-23 13:38:40.396446 (1442333) main____ INFO      free physical memory   : 703270112 kB
2026-02-23 13:38:40.396452 (1442333) main____ INFO      committed address space: 532475476 kB
2026-02-23 13:38:40.396457 (1442333) main____ INFO    ----------------------------------------
2026-02-23 13:38:40.396984 (1442333) main____ INFO    Important environment variables:
2026-02-23 13:38:40.396998 (1442333) main____ INFO      JASPER_HOME       : '/usr/licensed/cadence-20210126/jasper_2021.03'
2026-02-23 13:38:40.397006 (1442333) main____ INFO      JASPER_INSTALL_DIR: '/scratch/gpfs/LICENSED/x86_64/cadence-20210126/jasper_2021.03'
2026-02-23 13:38:40.397013 (1442333) main____ INFO      LANG              : 'en_US.UTF-8'
2026-02-23 13:38:40.397019 (1442333) main____ INFO      LM_LICENSE_FILE   : '5280@license.rc.princeton.edu'
2026-02-23 13:38:40.397025 (1442333) main____ INFO      TMPDIR            : '/tmp/ab2113/jg_5018699_3'
2026-02-23 13:38:40.397030 (1442333) main____ INFO    ----------------------------------------
2026-02-23 13:38:40.397535 (1442333) lic_core INFO    Initializing license system ...
2026-02-23 13:38:40.398076 (1442333) lic_core INFO    ... license system initialized.
2026-02-23 13:38:40.398847 (1442333) lic__man INFO    Claim 'fpv' for <ui>.
2026-02-23 13:38:40.398879 (1442333) lic_core INFO    (1) checking out 'jasper_fpv' ...
2026-02-23 13:38:40.404724 (1442333) lic_core INFO    ... (1) checkout failed (error: -5) ("FLEXnet ERROR(-5, 0, 0): No such feature exists.")
2026-02-23 13:38:40.404755 (1442333) lic_core INFO    (2) checking out 'jasper_fao' ...
2026-02-23 13:38:40.413463 (1442333) lic_core INFO    ... (2) checkout succeeded
2026-02-23 13:38:40.424496 (1442333) session_ INFO    Starting analysis session with session id 'session_0' (launcher: <local>) ...
2026-02-23 13:38:40.427824 (1442333) session_ INFO    Analysis session with session id 'session_0' started (pid: 1442365)
2026-02-23 13:38:40.977017 (1442333) session_ INFO    Analysis session 'session_0' connected to the console (host: 127.0.0.1:46216)
2026-02-23 13:38:41.749563 (1442333) lic__man INFO    Unclaim everything for 'session_0'.
2026-02-23 13:38:41.786836 (1442333) lic__man INFO    Claim 'fpv' for 'session_0'.
2026-02-23 13:38:41.786877 (1442333) lic__man INFO    Claim 'fpv' for 'session_0/prove-0'.
2026-02-23 13:38:41.947865 (1442333) lic__man INFO    Unclaim everything for 'session_0/prove-0'.
2026-02-23 13:38:42.000505 (1442333) main____ INFO    About to exit: request to exit with status 0 received from analysis session 'session_0'
2026-02-23 13:38:42.059890 (1442333) session_ INFO    Analysis session 'session_0' disconnected.
2026-02-23 13:38:42.060023 (1442333) lic__man INFO    Unclaim everything for 'session_0'.
2026-02-23 13:38:42.060711 (1442333) session_ INFO    Process for analysis session 'session_0' has exited with exit status '0'.
2026-02-23 13:38:44.084890 (1442333) lic_core INFO    (2) checkin jasper_fao
2026-02-23 13:38:44.086338 (1442333) main____ INFO    Exiting with status 0.
