2026-02-23 13:38:56.333836 (96440) main____ INFO    ----------------------------------------
2026-02-23 13:38:56.333914 (96440) main____ INFO    JasperGold version info
2026-02-23 13:38:56.333930 (96440) main____ INFO      tool      : JasperGold 2021.03
2026-02-23 13:38:56.333939 (96440) main____ INFO      version   : 2021.03 FCS 64 bits
2026-02-23 13:38:56.333947 (96440) main____ INFO      build date: 2021.03.23 02:50:43 UTC
2026-02-23 13:38:56.333953 (96440) main____ INFO    ----------------------------------------
2026-02-23 13:38:56.333958 (96440) main____ INFO    Runtime info:
2026-02-23 13:38:56.333963 (96440) main____ INFO      platform  : Linux 5.14.0-570.84.1.el9_6.x86_64 x86_64
2026-02-23 13:38:56.333969 (96440) main____ INFO      hostname  : della-h14n2
2026-02-23 13:38:56.333977 (96440) main____ INFO      pid       : 96440
2026-02-23 13:38:56.333982 (96440) main____ INFO      arguments : '-style' 'windows' '-batch' '-proj' './verification_results/00788/jgproject' '-tcl' './jasper_verif_check.tcl'
2026-02-23 13:38:56.333991 (96440) main____ INFO      locale    : UTF-8
2026-02-23 13:38:56.333996 (96440) main____ INFO    ----------------------------------------
2026-02-23 13:38:56.334001 (96440) main____ INFO    System resource limits info:
2026-02-23 13:38:56.334006 (96440) main____ INFO      virtual memory: unlimited
2026-02-23 13:38:56.334011 (96440) main____ INFO      cpu time      : unlimited
2026-02-23 13:38:56.334017 (96440) main____ INFO      stack size    : unlimited
2026-02-23 13:38:56.334022 (96440) main____ INFO      core file size: unlimited
2026-02-23 13:38:56.334029 (96440) main____ INFO      open files    : 131072
2026-02-23 13:38:56.334035 (96440) main____ INFO      file size     : unlimited
2026-02-23 13:38:56.334042 (96440) main____ INFO    ----------------------------------------
2026-02-23 13:38:56.334050 (96440) main____ INFO    Memory statistics:
2026-02-23 13:38:56.334057 (96440) main____ INFO      total physical memory  : 1584164328 kB
2026-02-23 13:38:56.334063 (96440) main____ INFO      free physical memory   : 737871736 kB
2026-02-23 13:38:56.334068 (96440) main____ INFO      committed address space: 684346360 kB
2026-02-23 13:38:56.334073 (96440) main____ INFO    ----------------------------------------
2026-02-23 13:38:56.334598 (96440) main____ INFO    Important environment variables:
2026-02-23 13:38:56.334613 (96440) main____ INFO      JASPER_HOME       : '/usr/licensed/cadence-20210126/jasper_2021.03'
2026-02-23 13:38:56.334620 (96440) main____ INFO      JASPER_INSTALL_DIR: '/scratch/gpfs/LICENSED/x86_64/cadence-20210126/jasper_2021.03'
2026-02-23 13:38:56.334627 (96440) main____ INFO      LANG              : 'en_US.UTF-8'
2026-02-23 13:38:56.334633 (96440) main____ INFO      LM_LICENSE_FILE   : '5280@license.rc.princeton.edu'
2026-02-23 13:38:56.334639 (96440) main____ INFO      TMPDIR            : '/tmp/ab2113/jg_5018797_8'
2026-02-23 13:38:56.334644 (96440) main____ INFO    ----------------------------------------
2026-02-23 13:38:56.335167 (96440) lic_core INFO    Initializing license system ...
2026-02-23 13:38:56.335714 (96440) lic_core INFO    ... license system initialized.
2026-02-23 13:38:56.336505 (96440) lic__man INFO    Claim 'fpv' for <ui>.
2026-02-23 13:38:56.336539 (96440) lic_core INFO    (1) checking out 'jasper_fpv' ...
2026-02-23 13:38:56.342498 (96440) lic_core INFO    ... (1) checkout failed (error: -5) ("FLEXnet ERROR(-5, 0, 0): No such feature exists.")
2026-02-23 13:38:56.342527 (96440) lic_core INFO    (2) checking out 'jasper_fao' ...
2026-02-23 13:38:56.351277 (96440) lic_core INFO    ... (2) checkout succeeded
2026-02-23 13:38:56.363368 (96440) session_ INFO    Starting analysis session with session id 'session_0' (launcher: <local>) ...
2026-02-23 13:38:56.366171 (96440) session_ INFO    Analysis session with session id 'session_0' started (pid: 96448)
2026-02-23 13:38:56.992592 (96440) session_ INFO    Analysis session 'session_0' connected to the console (host: 127.0.0.1:44406)
2026-02-23 13:38:57.604933 (96440) main____ INFO    About to exit: request to exit with status 1 received from analysis session 'session_0'
2026-02-23 13:38:57.662211 (96440) session_ INFO    Analysis session 'session_0' disconnected.
2026-02-23 13:38:57.662364 (96440) lic__man INFO    Unclaim everything for 'session_0'.
2026-02-23 13:38:57.663149 (96440) session_ INFO    Process for analysis session 'session_0' has exited with exit status '1'.
2026-02-23 13:38:59.508692 (96440) lic_core INFO    (2) checkin jasper_fao
2026-02-23 13:38:59.510131 (96440) main____ INFO    Exiting with status 1.
