2026-02-23 13:52:15.208400 (154873) main____ INFO    ----------------------------------------
2026-02-23 13:52:15.208481 (154873) main____ INFO    JasperGold version info
2026-02-23 13:52:15.208500 (154873) main____ INFO      tool      : JasperGold 2021.03
2026-02-23 13:52:15.208510 (154873) main____ INFO      version   : 2021.03 FCS 64 bits
2026-02-23 13:52:15.208516 (154873) main____ INFO      build date: 2021.03.23 02:50:43 UTC
2026-02-23 13:52:15.208521 (154873) main____ INFO    ----------------------------------------
2026-02-23 13:52:15.208526 (154873) main____ INFO    Runtime info:
2026-02-23 13:52:15.208532 (154873) main____ INFO      platform  : Linux 5.14.0-570.84.1.el9_6.x86_64 x86_64
2026-02-23 13:52:15.208539 (154873) main____ INFO      hostname  : della-h14n2
2026-02-23 13:52:15.208545 (154873) main____ INFO      pid       : 154873
2026-02-23 13:52:15.208550 (154873) main____ INFO      arguments : '-style' 'windows' '-batch' '-proj' './verification_results/03669/jgproject' '-tcl' './jasper_verif_check.tcl'
2026-02-23 13:52:15.208559 (154873) main____ INFO      locale    : UTF-8
2026-02-23 13:52:15.208564 (154873) main____ INFO    ----------------------------------------
2026-02-23 13:52:15.208569 (154873) main____ INFO    System resource limits info:
2026-02-23 13:52:15.208574 (154873) main____ INFO      virtual memory: unlimited
2026-02-23 13:52:15.208579 (154873) main____ INFO      cpu time      : unlimited
2026-02-23 13:52:15.208584 (154873) main____ INFO      stack size    : unlimited
2026-02-23 13:52:15.208589 (154873) main____ INFO      core file size: unlimited
2026-02-23 13:52:15.208597 (154873) main____ INFO      open files    : 131072
2026-02-23 13:52:15.208602 (154873) main____ INFO      file size     : unlimited
2026-02-23 13:52:15.208607 (154873) main____ INFO    ----------------------------------------
2026-02-23 13:52:15.208612 (154873) main____ INFO    Memory statistics:
2026-02-23 13:52:15.208618 (154873) main____ INFO      total physical memory  : 1584164328 kB
2026-02-23 13:52:15.208623 (154873) main____ INFO      free physical memory   : 761922476 kB
2026-02-23 13:52:15.208628 (154873) main____ INFO      committed address space: 660149180 kB
2026-02-23 13:52:15.208634 (154873) main____ INFO    ----------------------------------------
2026-02-23 13:52:15.209182 (154873) main____ INFO    Important environment variables:
2026-02-23 13:52:15.209199 (154873) main____ INFO      JASPER_HOME       : '/usr/licensed/cadence-20210126/jasper_2021.03'
2026-02-23 13:52:15.209205 (154873) main____ INFO      JASPER_INSTALL_DIR: '/scratch/gpfs/LICENSED/x86_64/cadence-20210126/jasper_2021.03'
2026-02-23 13:52:15.209211 (154873) main____ INFO      LANG              : 'en_US.UTF-8'
2026-02-23 13:52:15.209216 (154873) main____ INFO      LM_LICENSE_FILE   : '5280@license.rc.princeton.edu'
2026-02-23 13:52:15.209222 (154873) main____ INFO      TMPDIR            : '/tmp/ab2113/jg_5019053_66'
2026-02-23 13:52:15.209227 (154873) main____ INFO    ----------------------------------------
2026-02-23 13:52:15.209751 (154873) lic_core INFO    Initializing license system ...
2026-02-23 13:52:15.210334 (154873) lic_core INFO    ... license system initialized.
2026-02-23 13:52:15.211139 (154873) lic__man INFO    Claim 'fpv' for <ui>.
2026-02-23 13:52:15.211175 (154873) lic_core INFO    (1) checking out 'jasper_fpv' ...
2026-02-23 13:52:15.217210 (154873) lic_core INFO    ... (1) checkout failed (error: -5) ("FLEXnet ERROR(-5, 0, 0): No such feature exists.")
2026-02-23 13:52:15.217269 (154873) lic_core INFO    (2) checking out 'jasper_fao' ...
2026-02-23 13:52:15.227735 (154873) lic_core INFO    ... (2) checkout succeeded
2026-02-23 13:52:15.238968 (154873) session_ INFO    Starting analysis session with session id 'session_0' (launcher: <local>) ...
2026-02-23 13:52:15.242285 (154873) session_ INFO    Analysis session with session id 'session_0' started (pid: 154881)
2026-02-23 13:52:15.886274 (154873) session_ INFO    Analysis session 'session_0' connected to the console (host: 127.0.0.1:59758)
2026-02-23 13:52:16.691606 (154873) lic__man INFO    Unclaim everything for 'session_0'.
2026-02-23 13:52:16.727544 (154873) lic__man INFO    Claim 'fpv' for 'session_0'.
2026-02-23 13:52:16.727587 (154873) lic__man INFO    Claim 'fpv' for 'session_0/prove-0'.
2026-02-23 13:52:16.893595 (154873) lic__man INFO    Unclaim everything for 'session_0/prove-0'.
2026-02-23 13:52:16.946918 (154873) main____ INFO    About to exit: request to exit with status 0 received from analysis session 'session_0'
2026-02-23 13:52:17.006412 (154873) session_ INFO    Analysis session 'session_0' disconnected.
2026-02-23 13:52:17.006553 (154873) lic__man INFO    Unclaim everything for 'session_0'.
2026-02-23 13:52:17.007189 (154873) session_ INFO    Process for analysis session 'session_0' has exited with exit status '0'.
2026-02-23 13:52:18.971555 (154873) lic_core INFO    (2) checkin jasper_fao
2026-02-23 13:52:18.972816 (154873) main____ INFO    Exiting with status 0.
