2026-02-23 14:00:48.726505 (2941170) main____ INFO    ----------------------------------------
2026-02-23 14:00:48.726608 (2941170) main____ INFO    JasperGold version info
2026-02-23 14:00:48.726627 (2941170) main____ INFO      tool      : JasperGold 2021.03
2026-02-23 14:00:48.726637 (2941170) main____ INFO      version   : 2021.03 FCS 64 bits
2026-02-23 14:00:48.726641 (2941170) main____ INFO      build date: 2021.03.23 02:50:43 UTC
2026-02-23 14:00:48.726645 (2941170) main____ INFO    ----------------------------------------
2026-02-23 14:00:48.726648 (2941170) main____ INFO    Runtime info:
2026-02-23 14:00:48.726652 (2941170) main____ INFO      platform  : Linux 5.14.0-570.84.1.el9_6.x86_64 x86_64
2026-02-23 14:00:48.726657 (2941170) main____ INFO      hostname  : della-h12n18
2026-02-23 14:00:48.726661 (2941170) main____ INFO      pid       : 2941170
2026-02-23 14:00:48.726665 (2941170) main____ INFO      arguments : '-style' 'windows' '-batch' '-proj' './verification_results/04692/jgproject' '-tcl' './jasper_verif_check.tcl'
2026-02-23 14:00:48.726672 (2941170) main____ INFO      locale    : UTF-8
2026-02-23 14:00:48.726676 (2941170) main____ INFO    ----------------------------------------
2026-02-23 14:00:48.726679 (2941170) main____ INFO    System resource limits info:
2026-02-23 14:00:48.726683 (2941170) main____ INFO      virtual memory: unlimited
2026-02-23 14:00:48.726686 (2941170) main____ INFO      cpu time      : unlimited
2026-02-23 14:00:48.726690 (2941170) main____ INFO      stack size    : unlimited
2026-02-23 14:00:48.726693 (2941170) main____ INFO      core file size: unlimited
2026-02-23 14:00:48.726699 (2941170) main____ INFO      open files    : 131072
2026-02-23 14:00:48.726704 (2941170) main____ INFO      file size     : unlimited
2026-02-23 14:00:48.726707 (2941170) main____ INFO    ----------------------------------------
2026-02-23 14:00:48.726711 (2941170) main____ INFO    Memory statistics:
2026-02-23 14:00:48.726715 (2941170) main____ INFO      total physical memory  : 1055795796 kB
2026-02-23 14:00:48.726719 (2941170) main____ INFO      free physical memory   : 288674692 kB
2026-02-23 14:00:48.726722 (2941170) main____ INFO      committed address space: 430235080 kB
2026-02-23 14:00:48.726726 (2941170) main____ INFO    ----------------------------------------
2026-02-23 14:00:48.727507 (2941170) main____ INFO    Important environment variables:
2026-02-23 14:00:48.727524 (2941170) main____ INFO      JASPER_HOME       : '/usr/licensed/cadence-20210126/jasper_2021.03'
2026-02-23 14:00:48.727530 (2941170) main____ INFO      JASPER_INSTALL_DIR: '/scratch/gpfs/LICENSED/x86_64/cadence-20210126/jasper_2021.03'
2026-02-23 14:00:48.727534 (2941170) main____ INFO      LANG              : 'en_US.UTF-8'
2026-02-23 14:00:48.727538 (2941170) main____ INFO      LM_LICENSE_FILE   : '5280@license.rc.princeton.edu'
2026-02-23 14:00:48.727543 (2941170) main____ INFO      TMPDIR            : '/tmp/ab2113/jg_5019197_86'
2026-02-23 14:00:48.727546 (2941170) main____ INFO    ----------------------------------------
2026-02-23 14:00:48.728015 (2941170) lic_core INFO    Initializing license system ...
2026-02-23 14:00:48.728757 (2941170) lic_core INFO    ... license system initialized.
2026-02-23 14:00:48.729680 (2941170) lic__man INFO    Claim 'fpv' for <ui>.
2026-02-23 14:00:48.729719 (2941170) lic_core INFO    (1) checking out 'jasper_fpv' ...
2026-02-23 14:00:48.736498 (2941170) lic_core INFO    ... (1) checkout failed (error: -5) ("FLEXnet ERROR(-5, 0, 0): No such feature exists.")
2026-02-23 14:00:48.736555 (2941170) lic_core INFO    (2) checking out 'jasper_fao' ...
2026-02-23 14:00:48.749022 (2941170) lic_core INFO    ... (2) checkout succeeded
2026-02-23 14:00:48.762536 (2941170) session_ INFO    Starting analysis session with session id 'session_0' (launcher: <local>) ...
2026-02-23 14:00:48.765179 (2941170) session_ INFO    Analysis session with session id 'session_0' started (pid: 2941178)
2026-02-23 14:00:49.385818 (2941170) session_ INFO    Analysis session 'session_0' connected to the console (host: 127.0.0.1:34160)
2026-02-23 14:00:50.172606 (2941170) lic__man INFO    Unclaim everything for 'session_0'.
2026-02-23 14:00:50.230488 (2941170) main____ INFO    About to exit: request to exit with status 3 received from analysis session 'session_0'
2026-02-23 14:00:50.290919 (2941170) session_ INFO    Analysis session 'session_0' disconnected.
2026-02-23 14:00:50.291079 (2941170) lic__man INFO    Unclaim everything for 'session_0'.
2026-02-23 14:00:50.291500 (2941170) session_ INFO    Process for analysis session 'session_0' has exited with exit status '3'.
2026-02-23 14:00:52.136702 (2941170) lic_core INFO    (2) checkin jasper_fao
2026-02-23 14:00:52.138633 (2941170) main____ INFO    Exiting with status 3.
