2026-02-23 13:51:36.475514 (4189438) main____ INFO    ----------------------------------------
2026-02-23 13:51:36.475621 (4189438) main____ INFO    JasperGold version info
2026-02-23 13:51:36.475642 (4189438) main____ INFO      tool      : JasperGold 2021.03
2026-02-23 13:51:36.475652 (4189438) main____ INFO      version   : 2021.03 FCS 64 bits
2026-02-23 13:51:36.475657 (4189438) main____ INFO      build date: 2021.03.23 02:50:43 UTC
2026-02-23 13:51:36.475661 (4189438) main____ INFO    ----------------------------------------
2026-02-23 13:51:36.475665 (4189438) main____ INFO    Runtime info:
2026-02-23 13:51:36.475671 (4189438) main____ INFO      platform  : Linux 5.14.0-570.84.1.el9_6.x86_64 x86_64
2026-02-23 13:51:36.475677 (4189438) main____ INFO      hostname  : della-r3c2n6
2026-02-23 13:51:36.475682 (4189438) main____ INFO      pid       : 4189438
2026-02-23 13:51:36.475687 (4189438) main____ INFO      arguments : '-style' 'windows' '-batch' '-proj' './verification_results/03384/jgproject' '-tcl' './jasper_verif_check.tcl'
2026-02-23 13:51:36.475696 (4189438) main____ INFO      locale    : UTF-8
2026-02-23 13:51:36.475701 (4189438) main____ INFO    ----------------------------------------
2026-02-23 13:51:36.475705 (4189438) main____ INFO    System resource limits info:
2026-02-23 13:51:36.475710 (4189438) main____ INFO      virtual memory: unlimited
2026-02-23 13:51:36.475715 (4189438) main____ INFO      cpu time      : unlimited
2026-02-23 13:51:36.475719 (4189438) main____ INFO      stack size    : unlimited
2026-02-23 13:51:36.475723 (4189438) main____ INFO      core file size: unlimited
2026-02-23 13:51:36.475731 (4189438) main____ INFO      open files    : 131072
2026-02-23 13:51:36.475735 (4189438) main____ INFO      file size     : unlimited
2026-02-23 13:51:36.475739 (4189438) main____ INFO    ----------------------------------------
2026-02-23 13:51:36.475743 (4189438) main____ INFO    Memory statistics:
2026-02-23 13:51:36.475748 (4189438) main____ INFO      total physical memory  : 195972160 kB
2026-02-23 13:51:36.475752 (4189438) main____ INFO      free physical memory   : 144939484 kB
2026-02-23 13:51:36.475756 (4189438) main____ INFO      committed address space: 39975024 kB
2026-02-23 13:51:36.475760 (4189438) main____ INFO    ----------------------------------------
2026-02-23 13:51:36.476776 (4189438) main____ INFO    Important environment variables:
2026-02-23 13:51:36.476808 (4189438) main____ INFO      JASPER_HOME       : '/usr/licensed/cadence-20210126/jasper_2021.03'
2026-02-23 13:51:36.476815 (4189438) main____ INFO      JASPER_INSTALL_DIR: '/scratch/gpfs/LICENSED/x86_64/cadence-20210126/jasper_2021.03'
2026-02-23 13:51:36.476820 (4189438) main____ INFO      LANG              : 'en_US.UTF-8'
2026-02-23 13:51:36.476825 (4189438) main____ INFO      LM_LICENSE_FILE   : '5280@license.rc.princeton.edu'
2026-02-23 13:51:36.476831 (4189438) main____ INFO      TMPDIR            : '/tmp/ab2113/jg_5019007_60'
2026-02-23 13:51:36.476836 (4189438) main____ INFO    ----------------------------------------
2026-02-23 13:51:36.477695 (4189438) lic_core INFO    Initializing license system ...
2026-02-23 13:51:36.478531 (4189438) lic_core INFO    ... license system initialized.
2026-02-23 13:51:36.479286 (4189438) lic__man INFO    Claim 'fpv' for <ui>.
2026-02-23 13:51:36.479326 (4189438) lic_core INFO    (1) checking out 'jasper_fpv' ...
2026-02-23 13:51:36.485050 (4189438) lic_core INFO    ... (1) checkout failed (error: -5) ("FLEXnet ERROR(-5, 0, 0): No such feature exists.")
2026-02-23 13:51:36.485114 (4189438) lic_core INFO    (2) checking out 'jasper_fao' ...
2026-02-23 13:51:36.496223 (4189438) lic_core INFO    ... (2) checkout succeeded
2026-02-23 13:51:36.510854 (4189438) session_ INFO    Starting analysis session with session id 'session_0' (launcher: <local>) ...
2026-02-23 13:51:36.513801 (4189438) session_ INFO    Analysis session with session id 'session_0' started (pid: 4189446)
2026-02-23 13:51:37.253684 (4189438) session_ INFO    Analysis session 'session_0' connected to the console (host: 127.0.0.1:52958)
2026-02-23 13:51:38.133313 (4189438) main____ INFO    About to exit: request to exit with status 1 received from analysis session 'session_0'
2026-02-23 13:51:38.204860 (4189438) session_ INFO    Analysis session 'session_0' disconnected.
2026-02-23 13:51:38.204980 (4189438) lic__man INFO    Unclaim everything for 'session_0'.
2026-02-23 13:51:38.205476 (4189438) session_ INFO    Process for analysis session 'session_0' has exited with exit status '1'.
2026-02-23 13:51:40.215195 (4189438) lic_core INFO    (2) checkin jasper_fao
2026-02-23 13:51:40.216910 (4189438) main____ INFO    Exiting with status 1.
