2026-02-23 13:47:13.771662 (3733437) main____ INFO    ----------------------------------------
2026-02-23 13:47:13.771740 (3733437) main____ INFO    JasperGold version info
2026-02-23 13:47:13.771756 (3733437) main____ INFO      tool      : JasperGold 2021.03
2026-02-23 13:47:13.771765 (3733437) main____ INFO      version   : 2021.03 FCS 64 bits
2026-02-23 13:47:13.771771 (3733437) main____ INFO      build date: 2021.03.23 02:50:43 UTC
2026-02-23 13:47:13.771776 (3733437) main____ INFO    ----------------------------------------
2026-02-23 13:47:13.771782 (3733437) main____ INFO    Runtime info:
2026-02-23 13:47:13.771787 (3733437) main____ INFO      platform  : Linux 5.14.0-570.84.1.el9_6.x86_64 x86_64
2026-02-23 13:47:13.771793 (3733437) main____ INFO      hostname  : della-h14n18
2026-02-23 13:47:13.771798 (3733437) main____ INFO      pid       : 3733437
2026-02-23 13:47:13.771803 (3733437) main____ INFO      arguments : '-style' 'windows' '-batch' '-proj' './verification_results/02355/jgproject' '-tcl' './jasper_verif_check.tcl'
2026-02-23 13:47:13.771811 (3733437) main____ INFO      locale    : UTF-8
2026-02-23 13:47:13.771816 (3733437) main____ INFO    ----------------------------------------
2026-02-23 13:47:13.771821 (3733437) main____ INFO    System resource limits info:
2026-02-23 13:47:13.771826 (3733437) main____ INFO      virtual memory: unlimited
2026-02-23 13:47:13.771831 (3733437) main____ INFO      cpu time      : unlimited
2026-02-23 13:47:13.771836 (3733437) main____ INFO      stack size    : unlimited
2026-02-23 13:47:13.771841 (3733437) main____ INFO      core file size: unlimited
2026-02-23 13:47:13.771848 (3733437) main____ INFO      open files    : 131072
2026-02-23 13:47:13.771853 (3733437) main____ INFO      file size     : unlimited
2026-02-23 13:47:13.771858 (3733437) main____ INFO    ----------------------------------------
2026-02-23 13:47:13.771864 (3733437) main____ INFO    Memory statistics:
2026-02-23 13:47:13.771870 (3733437) main____ INFO      total physical memory  : 1584164348 kB
2026-02-23 13:47:13.771874 (3733437) main____ INFO      free physical memory   : 641361312 kB
2026-02-23 13:47:13.771879 (3733437) main____ INFO      committed address space: 627709148 kB
2026-02-23 13:47:13.771885 (3733437) main____ INFO    ----------------------------------------
2026-02-23 13:47:13.772410 (3733437) main____ INFO    Important environment variables:
2026-02-23 13:47:13.772424 (3733437) main____ INFO      JASPER_HOME       : '/usr/licensed/cadence-20210126/jasper_2021.03'
2026-02-23 13:47:13.772432 (3733437) main____ INFO      JASPER_INSTALL_DIR: '/scratch/gpfs/LICENSED/x86_64/cadence-20210126/jasper_2021.03'
2026-02-23 13:47:13.772438 (3733437) main____ INFO      LANG              : 'en_US.UTF-8'
2026-02-23 13:47:13.772445 (3733437) main____ INFO      LM_LICENSE_FILE   : '5280@license.rc.princeton.edu'
2026-02-23 13:47:13.772451 (3733437) main____ INFO      TMPDIR            : '/tmp/ab2113/jg_5018904_39'
2026-02-23 13:47:13.772456 (3733437) main____ INFO    ----------------------------------------
2026-02-23 13:47:13.772915 (3733437) lic_core INFO    Initializing license system ...
2026-02-23 13:47:13.773420 (3733437) lic_core INFO    ... license system initialized.
2026-02-23 13:47:13.774148 (3733437) lic__man INFO    Claim 'fpv' for <ui>.
2026-02-23 13:47:13.774191 (3733437) lic_core INFO    (1) checking out 'jasper_fpv' ...
2026-02-23 13:47:13.780625 (3733437) lic_core INFO    ... (1) checkout failed (error: -5) ("FLEXnet ERROR(-5, 0, 0): No such feature exists.")
2026-02-23 13:47:13.780652 (3733437) lic_core INFO    (2) checking out 'jasper_fao' ...
2026-02-23 13:47:13.789114 (3733437) lic_core INFO    ... (2) checkout succeeded
2026-02-23 13:47:13.800033 (3733437) session_ INFO    Starting analysis session with session id 'session_0' (launcher: <local>) ...
2026-02-23 13:47:13.802661 (3733437) session_ INFO    Analysis session with session id 'session_0' started (pid: 3733445)
2026-02-23 13:47:14.348933 (3733437) session_ INFO    Analysis session 'session_0' connected to the console (host: 127.0.0.1:53304)
2026-02-23 13:47:15.099231 (3733437) lic__man INFO    Unclaim everything for 'session_0'.
2026-02-23 13:47:15.130803 (3733437) lic__man INFO    Claim 'fpv' for 'session_0'.
2026-02-23 13:47:15.130837 (3733437) lic__man INFO    Claim 'fpv' for 'session_0/prove-0'.
2026-02-23 13:47:15.314129 (3733437) lic__man INFO    Unclaim everything for 'session_0/prove-0'.
2026-02-23 13:47:15.367275 (3733437) main____ INFO    About to exit: request to exit with status 0 received from analysis session 'session_0'
2026-02-23 13:47:15.422150 (3733437) session_ INFO    Analysis session 'session_0' disconnected.
2026-02-23 13:47:15.422300 (3733437) lic__man INFO    Unclaim everything for 'session_0'.
2026-02-23 13:47:15.423693 (3733437) session_ INFO    Process for analysis session 'session_0' has exited with exit status '0'.
2026-02-23 13:47:17.474627 (3733437) lic_core INFO    (2) checkin jasper_fao
2026-02-23 13:47:17.476469 (3733437) main____ INFO    Exiting with status 0.
