2026-02-23 13:39:42.905064 (2848854) main____ INFO    ----------------------------------------
2026-02-23 13:39:42.905159 (2848854) main____ INFO    JasperGold version info
2026-02-23 13:39:42.905173 (2848854) main____ INFO      tool      : JasperGold 2021.03
2026-02-23 13:39:42.905182 (2848854) main____ INFO      version   : 2021.03 FCS 64 bits
2026-02-23 13:39:42.905189 (2848854) main____ INFO      build date: 2021.03.23 02:50:43 UTC
2026-02-23 13:39:42.905196 (2848854) main____ INFO    ----------------------------------------
2026-02-23 13:39:42.905203 (2848854) main____ INFO    Runtime info:
2026-02-23 13:39:42.905209 (2848854) main____ INFO      platform  : Linux 5.14.0-570.84.1.el9_6.x86_64 x86_64
2026-02-23 13:39:42.905216 (2848854) main____ INFO      hostname  : della-h16n9
2026-02-23 13:39:42.905221 (2848854) main____ INFO      pid       : 2848854
2026-02-23 13:39:42.905227 (2848854) main____ INFO      arguments : '-style' 'windows' '-batch' '-proj' './verification_results/01217/jgproject' '-tcl' './jasper_verif_check.tcl'
2026-02-23 13:39:42.905236 (2848854) main____ INFO      locale    : UTF-8
2026-02-23 13:39:42.905241 (2848854) main____ INFO    ----------------------------------------
2026-02-23 13:39:42.905246 (2848854) main____ INFO    System resource limits info:
2026-02-23 13:39:42.905252 (2848854) main____ INFO      virtual memory: unlimited
2026-02-23 13:39:42.905257 (2848854) main____ INFO      cpu time      : unlimited
2026-02-23 13:39:42.905262 (2848854) main____ INFO      stack size    : unlimited
2026-02-23 13:39:42.905267 (2848854) main____ INFO      core file size: unlimited
2026-02-23 13:39:42.905275 (2848854) main____ INFO      open files    : 131072
2026-02-23 13:39:42.905281 (2848854) main____ INFO      file size     : unlimited
2026-02-23 13:39:42.905287 (2848854) main____ INFO    ----------------------------------------
2026-02-23 13:39:42.905293 (2848854) main____ INFO    Memory statistics:
2026-02-23 13:39:42.905299 (2848854) main____ INFO      total physical memory  : 1584164368 kB
2026-02-23 13:39:42.905304 (2848854) main____ INFO      free physical memory   : 834275240 kB
2026-02-23 13:39:42.905309 (2848854) main____ INFO      committed address space: 652837752 kB
2026-02-23 13:39:42.905316 (2848854) main____ INFO    ----------------------------------------
2026-02-23 13:39:42.905850 (2848854) main____ INFO    Important environment variables:
2026-02-23 13:39:42.905863 (2848854) main____ INFO      JASPER_HOME       : '/usr/licensed/cadence-20210126/jasper_2021.03'
2026-02-23 13:39:42.905870 (2848854) main____ INFO      JASPER_INSTALL_DIR: '/scratch/gpfs/LICENSED/x86_64/cadence-20210126/jasper_2021.03'
2026-02-23 13:39:42.905876 (2848854) main____ INFO      LANG              : 'en_US.UTF-8'
2026-02-23 13:39:42.905881 (2848854) main____ INFO      LM_LICENSE_FILE   : '5280@license.rc.princeton.edu'
2026-02-23 13:39:42.905897 (2848854) main____ INFO      TMPDIR            : '/tmp/ab2113/jg_5018828_17'
2026-02-23 13:39:42.905903 (2848854) main____ INFO    ----------------------------------------
2026-02-23 13:39:42.906444 (2848854) lic_core INFO    Initializing license system ...
2026-02-23 13:39:42.906925 (2848854) lic_core INFO    ... license system initialized.
2026-02-23 13:39:42.907708 (2848854) lic__man INFO    Claim 'fpv' for <ui>.
2026-02-23 13:39:42.907740 (2848854) lic_core INFO    (1) checking out 'jasper_fpv' ...
2026-02-23 13:39:42.913040 (2848854) lic_core INFO    ... (1) checkout failed (error: -5) ("FLEXnet ERROR(-5, 0, 0): No such feature exists.")
2026-02-23 13:39:42.913068 (2848854) lic_core INFO    (2) checking out 'jasper_fao' ...
2026-02-23 13:39:42.921666 (2848854) lic_core INFO    ... (2) checkout succeeded
2026-02-23 13:39:42.933175 (2848854) session_ INFO    Starting analysis session with session id 'session_0' (launcher: <local>) ...
2026-02-23 13:39:42.935927 (2848854) session_ INFO    Analysis session with session id 'session_0' started (pid: 2848862)
2026-02-23 13:39:43.558917 (2848854) session_ INFO    Analysis session 'session_0' connected to the console (host: 127.0.0.1:35670)
2026-02-23 13:39:44.090984 (2848854) main____ INFO    About to exit: request to exit with status 1 received from analysis session 'session_0'
2026-02-23 13:39:44.142941 (2848854) session_ INFO    Analysis session 'session_0' disconnected.
2026-02-23 13:39:44.143088 (2848854) lic__man INFO    Unclaim everything for 'session_0'.
2026-02-23 13:39:44.144661 (2848854) session_ INFO    Process for analysis session 'session_0' has exited with exit status '1'.
2026-02-23 13:39:46.159644 (2848854) lic_core INFO    (2) checkin jasper_fao
2026-02-23 13:39:46.161190 (2848854) main____ INFO    Exiting with status 1.
