2026-02-23 12:27:53.244405 (2017600) main____ INFO    ----------------------------------------
2026-02-23 12:27:53.244474 (2017600) main____ INFO    JasperGold version info
2026-02-23 12:27:53.244493 (2017600) main____ INFO      tool      : JasperGold 2021.03
2026-02-23 12:27:53.244503 (2017600) main____ INFO      version   : 2021.03 FCS 64 bits
2026-02-23 12:27:53.244508 (2017600) main____ INFO      build date: 2021.03.23 02:50:43 UTC
2026-02-23 12:27:53.244513 (2017600) main____ INFO    ----------------------------------------
2026-02-23 12:27:53.244517 (2017600) main____ INFO    Runtime info:
2026-02-23 12:27:53.244522 (2017600) main____ INFO      platform  : Linux 5.14.0-570.84.1.el9_6.x86_64 x86_64
2026-02-23 12:27:53.244528 (2017600) main____ INFO      hostname  : della-h17n6
2026-02-23 12:27:53.244533 (2017600) main____ INFO      pid       : 2017600
2026-02-23 12:27:53.244538 (2017600) main____ INFO      arguments : '-style' 'windows' '-batch' '-proj' './verification_results/00149/jgproject' '-tcl' './jasper_verif_check.tcl'
2026-02-23 12:27:53.244545 (2017600) main____ INFO      locale    : UTF-8
2026-02-23 12:27:53.244550 (2017600) main____ INFO    ----------------------------------------
2026-02-23 12:27:53.244554 (2017600) main____ INFO    System resource limits info:
2026-02-23 12:27:53.244559 (2017600) main____ INFO      virtual memory: unlimited
2026-02-23 12:27:53.244564 (2017600) main____ INFO      cpu time      : unlimited
2026-02-23 12:27:53.244568 (2017600) main____ INFO      stack size    : unlimited
2026-02-23 12:27:53.244573 (2017600) main____ INFO      core file size: unlimited
2026-02-23 12:27:53.244580 (2017600) main____ INFO      open files    : 131072
2026-02-23 12:27:53.244585 (2017600) main____ INFO      file size     : unlimited
2026-02-23 12:27:53.244589 (2017600) main____ INFO    ----------------------------------------
2026-02-23 12:27:53.244594 (2017600) main____ INFO    Memory statistics:
2026-02-23 12:27:53.244599 (2017600) main____ INFO      total physical memory  : 1584164328 kB
2026-02-23 12:27:53.244604 (2017600) main____ INFO      free physical memory   : 873918644 kB
2026-02-23 12:27:53.244608 (2017600) main____ INFO      committed address space: 723664568 kB
2026-02-23 12:27:53.244613 (2017600) main____ INFO    ----------------------------------------
2026-02-23 12:27:53.245133 (2017600) main____ INFO    Important environment variables:
2026-02-23 12:27:53.245148 (2017600) main____ INFO      JASPER_HOME       : '/usr/licensed/cadence-20210126/jasper_2021.03'
2026-02-23 12:27:53.245154 (2017600) main____ INFO      JASPER_INSTALL_DIR: '/scratch/gpfs/LICENSED/x86_64/cadence-20210126/jasper_2021.03'
2026-02-23 12:27:53.245159 (2017600) main____ INFO      LANG              : 'en_US.UTF-8'
2026-02-23 12:27:53.245164 (2017600) main____ INFO      LM_LICENSE_FILE   : '5280@license.rc.princeton.edu'
2026-02-23 12:27:53.245170 (2017600) main____ INFO      TMPDIR            : '/tmp/ab2113/jg_5016599_21'
2026-02-23 12:27:53.245174 (2017600) main____ INFO    ----------------------------------------
2026-02-23 12:27:53.245687 (2017600) lic_core INFO    Initializing license system ...
2026-02-23 12:27:53.246190 (2017600) lic_core INFO    ... license system initialized.
2026-02-23 12:27:53.246988 (2017600) lic__man INFO    Claim 'fpv' for <ui>.
2026-02-23 12:27:53.247019 (2017600) lic_core INFO    (1) checking out 'jasper_fpv' ...
2026-02-23 12:27:53.252722 (2017600) lic_core INFO    ... (1) checkout failed (error: -5) ("FLEXnet ERROR(-5, 0, 0): No such feature exists.")
2026-02-23 12:27:53.252749 (2017600) lic_core INFO    (2) checking out 'jasper_fao' ...
2026-02-23 12:27:53.261700 (2017600) lic_core INFO    ... (2) checkout succeeded
2026-02-23 12:27:53.272319 (2017600) session_ INFO    Starting analysis session with session id 'session_0' (launcher: <local>) ...
2026-02-23 12:27:53.274889 (2017600) session_ INFO    Analysis session with session id 'session_0' started (pid: 2017608)
2026-02-23 12:27:53.840206 (2017600) session_ INFO    Analysis session 'session_0' connected to the console (host: 127.0.0.1:36264)
2026-02-23 12:27:54.341201 (2017600) main____ INFO    About to exit: request to exit with status 1 received from analysis session 'session_0'
2026-02-23 12:27:54.391758 (2017600) session_ INFO    Analysis session 'session_0' disconnected.
2026-02-23 12:27:54.391896 (2017600) lic__man INFO    Unclaim everything for 'session_0'.
2026-02-23 12:27:54.392713 (2017600) session_ INFO    Process for analysis session 'session_0' has exited with exit status '1'.
2026-02-23 12:27:56.307072 (2017600) lic_core INFO    (2) checkin jasper_fao
2026-02-23 12:27:56.308427 (2017600) main____ INFO    Exiting with status 1.
