2026-02-23 13:53:41.730141 (1356444) main____ INFO    ----------------------------------------
2026-02-23 13:53:41.730223 (1356444) main____ INFO    JasperGold version info
2026-02-23 13:53:41.730239 (1356444) main____ INFO      tool      : JasperGold 2021.03
2026-02-23 13:53:41.730247 (1356444) main____ INFO      version   : 2021.03 FCS 64 bits
2026-02-23 13:53:41.730251 (1356444) main____ INFO      build date: 2021.03.23 02:50:43 UTC
2026-02-23 13:53:41.730255 (1356444) main____ INFO    ----------------------------------------
2026-02-23 13:53:41.730259 (1356444) main____ INFO    Runtime info:
2026-02-23 13:53:41.730263 (1356444) main____ INFO      platform  : Linux 5.14.0-570.84.1.el9_6.x86_64 x86_64
2026-02-23 13:53:41.730268 (1356444) main____ INFO      hostname  : della-i13n21
2026-02-23 13:53:41.730272 (1356444) main____ INFO      pid       : 1356444
2026-02-23 13:53:41.730276 (1356444) main____ INFO      arguments : '-style' 'windows' '-batch' '-proj' './verification_results/02197/jgproject' '-tcl' './jasper_verif_check.tcl'
2026-02-23 13:53:41.730284 (1356444) main____ INFO      locale    : UTF-8
2026-02-23 13:53:41.730287 (1356444) main____ INFO    ----------------------------------------
2026-02-23 13:53:41.730291 (1356444) main____ INFO    System resource limits info:
2026-02-23 13:53:41.730295 (1356444) main____ INFO      virtual memory: unlimited
2026-02-23 13:53:41.730299 (1356444) main____ INFO      cpu time      : unlimited
2026-02-23 13:53:41.730302 (1356444) main____ INFO      stack size    : unlimited
2026-02-23 13:53:41.730306 (1356444) main____ INFO      core file size: unlimited
2026-02-23 13:53:41.730312 (1356444) main____ INFO      open files    : 131072
2026-02-23 13:53:41.730316 (1356444) main____ INFO      file size     : unlimited
2026-02-23 13:53:41.730320 (1356444) main____ INFO    ----------------------------------------
2026-02-23 13:53:41.730325 (1356444) main____ INFO    Memory statistics:
2026-02-23 13:53:41.730329 (1356444) main____ INFO      total physical memory  : 394157548 kB
2026-02-23 13:53:41.730333 (1356444) main____ INFO      free physical memory   : 234747088 kB
2026-02-23 13:53:41.730336 (1356444) main____ INFO      committed address space: 110142096 kB
2026-02-23 13:53:41.730340 (1356444) main____ INFO    ----------------------------------------
2026-02-23 13:53:41.731227 (1356444) main____ INFO    Important environment variables:
2026-02-23 13:53:41.731242 (1356444) main____ INFO      JASPER_HOME       : '/usr/licensed/cadence-20210126/jasper_2021.03'
2026-02-23 13:53:41.731247 (1356444) main____ INFO      JASPER_INSTALL_DIR: '/scratch/gpfs/LICENSED/x86_64/cadence-20210126/jasper_2021.03'
2026-02-23 13:53:41.731252 (1356444) main____ INFO      LANG              : 'en_US.UTF-8'
2026-02-23 13:53:41.731257 (1356444) main____ INFO      LM_LICENSE_FILE   : '5280@license.rc.princeton.edu'
2026-02-23 13:53:41.731261 (1356444) main____ INFO      TMPDIR            : '/tmp/ab2113/jg_5018895_36'
2026-02-23 13:53:41.731265 (1356444) main____ INFO    ----------------------------------------
2026-02-23 13:53:41.731714 (1356444) lic_core INFO    Initializing license system ...
2026-02-23 13:53:41.732530 (1356444) lic_core INFO    ... license system initialized.
2026-02-23 13:53:41.733261 (1356444) lic__man INFO    Claim 'fpv' for <ui>.
2026-02-23 13:53:41.733298 (1356444) lic_core INFO    (1) checking out 'jasper_fpv' ...
2026-02-23 13:53:41.739487 (1356444) lic_core INFO    ... (1) checkout failed (error: -5) ("FLEXnet ERROR(-5, 0, 0): No such feature exists.")
2026-02-23 13:53:41.739529 (1356444) lic_core INFO    (2) checking out 'jasper_fao' ...
2026-02-23 13:53:41.750152 (1356444) lic_core INFO    ... (2) checkout succeeded
2026-02-23 13:53:41.766052 (1356444) session_ INFO    Starting analysis session with session id 'session_0' (launcher: <local>) ...
2026-02-23 13:53:41.768815 (1356444) session_ INFO    Analysis session with session id 'session_0' started (pid: 1356452)
2026-02-23 13:53:42.412019 (1356444) session_ INFO    Analysis session 'session_0' connected to the console (host: 127.0.0.1:46086)
2026-02-23 13:53:43.210143 (1356444) lic__man INFO    Unclaim everything for 'session_0'.
2026-02-23 13:53:43.268223 (1356444) main____ INFO    About to exit: request to exit with status 3 received from analysis session 'session_0'
2026-02-23 13:53:43.336701 (1356444) session_ INFO    Analysis session 'session_0' disconnected.
2026-02-23 13:53:43.336819 (1356444) lic__man INFO    Unclaim everything for 'session_0'.
2026-02-23 13:53:43.337411 (1356444) session_ INFO    Process for analysis session 'session_0' has exited with exit status '3'.
2026-02-23 13:53:45.375585 (1356444) lic_core INFO    (2) checkin jasper_fao
2026-02-23 13:53:45.377266 (1356444) main____ INFO    Exiting with status 3.
