2026-02-23 13:52:38.540163 (2079964) main____ INFO    ----------------------------------------
2026-02-23 13:52:38.540258 (2079964) main____ INFO    JasperGold version info
2026-02-23 13:52:38.540275 (2079964) main____ INFO      tool      : JasperGold 2021.03
2026-02-23 13:52:38.540283 (2079964) main____ INFO      version   : 2021.03 FCS 64 bits
2026-02-23 13:52:38.540289 (2079964) main____ INFO      build date: 2021.03.23 02:50:43 UTC
2026-02-23 13:52:38.540293 (2079964) main____ INFO    ----------------------------------------
2026-02-23 13:52:38.540297 (2079964) main____ INFO    Runtime info:
2026-02-23 13:52:38.540302 (2079964) main____ INFO      platform  : Linux 5.14.0-570.84.1.el9_6.x86_64 x86_64
2026-02-23 13:52:38.540307 (2079964) main____ INFO      hostname  : della-r3c1n15
2026-02-23 13:52:38.540312 (2079964) main____ INFO      pid       : 2079964
2026-02-23 13:52:38.540316 (2079964) main____ INFO      arguments : '-style' 'windows' '-batch' '-proj' './verification_results/03534/jgproject' '-tcl' './jasper_verif_check.tcl'
2026-02-23 13:52:38.540324 (2079964) main____ INFO      locale    : UTF-8
2026-02-23 13:52:38.540328 (2079964) main____ INFO    ----------------------------------------
2026-02-23 13:52:38.540332 (2079964) main____ INFO    System resource limits info:
2026-02-23 13:52:38.540337 (2079964) main____ INFO      virtual memory: unlimited
2026-02-23 13:52:38.540341 (2079964) main____ INFO      cpu time      : unlimited
2026-02-23 13:52:38.540345 (2079964) main____ INFO      stack size    : unlimited
2026-02-23 13:52:38.540350 (2079964) main____ INFO      core file size: unlimited
2026-02-23 13:52:38.540357 (2079964) main____ INFO      open files    : 131072
2026-02-23 13:52:38.540361 (2079964) main____ INFO      file size     : unlimited
2026-02-23 13:52:38.540365 (2079964) main____ INFO    ----------------------------------------
2026-02-23 13:52:38.540369 (2079964) main____ INFO    Memory statistics:
2026-02-23 13:52:38.540373 (2079964) main____ INFO      total physical memory  : 195972072 kB
2026-02-23 13:52:38.540377 (2079964) main____ INFO      free physical memory   : 106738124 kB
2026-02-23 13:52:38.540381 (2079964) main____ INFO      committed address space: 17052984 kB
2026-02-23 13:52:38.540385 (2079964) main____ INFO    ----------------------------------------
2026-02-23 13:52:38.541332 (2079964) main____ INFO    Important environment variables:
2026-02-23 13:52:38.541346 (2079964) main____ INFO      JASPER_HOME       : '/usr/licensed/cadence-20210126/jasper_2021.03'
2026-02-23 13:52:38.541352 (2079964) main____ INFO      JASPER_INSTALL_DIR: '/scratch/gpfs/LICENSED/x86_64/cadence-20210126/jasper_2021.03'
2026-02-23 13:52:38.541358 (2079964) main____ INFO      LANG              : 'en_US.UTF-8'
2026-02-23 13:52:38.541363 (2079964) main____ INFO      LM_LICENSE_FILE   : '5280@license.rc.princeton.edu'
2026-02-23 13:52:38.541368 (2079964) main____ INFO      TMPDIR            : '/tmp/ab2113/jg_5019032_63'
2026-02-23 13:52:38.541372 (2079964) main____ INFO    ----------------------------------------
2026-02-23 13:52:38.542175 (2079964) lic_core INFO    Initializing license system ...
2026-02-23 13:52:38.542967 (2079964) lic_core INFO    ... license system initialized.
2026-02-23 13:52:38.543693 (2079964) lic__man INFO    Claim 'fpv' for <ui>.
2026-02-23 13:52:38.543728 (2079964) lic_core INFO    (1) checking out 'jasper_fpv' ...
2026-02-23 13:52:38.549332 (2079964) lic_core INFO    ... (1) checkout failed (error: -5) ("FLEXnet ERROR(-5, 0, 0): No such feature exists.")
2026-02-23 13:52:38.549360 (2079964) lic_core INFO    (2) checking out 'jasper_fao' ...
2026-02-23 13:52:38.559708 (2079964) lic_core INFO    ... (2) checkout succeeded
2026-02-23 13:52:38.574547 (2079964) session_ INFO    Starting analysis session with session id 'session_0' (launcher: <local>) ...
2026-02-23 13:52:38.577321 (2079964) session_ INFO    Analysis session with session id 'session_0' started (pid: 2079972)
2026-02-23 13:52:39.324248 (2079964) session_ INFO    Analysis session 'session_0' connected to the console (host: 127.0.0.1:39754)
2026-02-23 13:52:40.299390 (2079964) lic__man INFO    Unclaim everything for 'session_0'.
2026-02-23 13:52:40.367954 (2079964) lic__man INFO    Claim 'fpv' for 'session_0'.
2026-02-23 13:52:40.368001 (2079964) lic__man INFO    Claim 'fpv' for 'session_0/prove-0'.
2026-02-23 13:52:40.519505 (2079964) lic__man INFO    Unclaim everything for 'session_0/prove-0'.
2026-02-23 13:52:40.577282 (2079964) main____ INFO    About to exit: request to exit with status 0 received from analysis session 'session_0'
2026-02-23 13:52:40.678138 (2079964) session_ INFO    Analysis session 'session_0' disconnected.
2026-02-23 13:52:40.678302 (2079964) lic__man INFO    Unclaim everything for 'session_0'.
2026-02-23 13:52:40.679478 (2079964) session_ INFO    Process for analysis session 'session_0' has exited with exit status '0'.
2026-02-23 13:52:42.683249 (2079964) lic_core INFO    (2) checkin jasper_fao
2026-02-23 13:52:42.684988 (2079964) main____ INFO    Exiting with status 0.
