2026-02-23 13:55:00.341012 (2687220) main____ INFO    ----------------------------------------
2026-02-23 13:55:00.341126 (2687220) main____ INFO    JasperGold version info
2026-02-23 13:55:00.341145 (2687220) main____ INFO      tool      : JasperGold 2021.03
2026-02-23 13:55:00.341154 (2687220) main____ INFO      version   : 2021.03 FCS 64 bits
2026-02-23 13:55:00.341159 (2687220) main____ INFO      build date: 2021.03.23 02:50:43 UTC
2026-02-23 13:55:00.341164 (2687220) main____ INFO    ----------------------------------------
2026-02-23 13:55:00.341168 (2687220) main____ INFO    Runtime info:
2026-02-23 13:55:00.341172 (2687220) main____ INFO      platform  : Linux 5.14.0-570.84.1.el9_6.x86_64 x86_64
2026-02-23 13:55:00.341178 (2687220) main____ INFO      hostname  : della-r3c3n12
2026-02-23 13:55:00.341183 (2687220) main____ INFO      pid       : 2687220
2026-02-23 13:55:00.341188 (2687220) main____ INFO      arguments : '-style' 'windows' '-batch' '-proj' './verification_results/04120/jgproject' '-tcl' './jasper_verif_check.tcl'
2026-02-23 13:55:00.341196 (2687220) main____ INFO      locale    : UTF-8
2026-02-23 13:55:00.341200 (2687220) main____ INFO    ----------------------------------------
2026-02-23 13:55:00.341204 (2687220) main____ INFO    System resource limits info:
2026-02-23 13:55:00.341208 (2687220) main____ INFO      virtual memory: unlimited
2026-02-23 13:55:00.341213 (2687220) main____ INFO      cpu time      : unlimited
2026-02-23 13:55:00.341217 (2687220) main____ INFO      stack size    : unlimited
2026-02-23 13:55:00.341221 (2687220) main____ INFO      core file size: unlimited
2026-02-23 13:55:00.341229 (2687220) main____ INFO      open files    : 131072
2026-02-23 13:55:00.341233 (2687220) main____ INFO      file size     : unlimited
2026-02-23 13:55:00.341237 (2687220) main____ INFO    ----------------------------------------
2026-02-23 13:55:00.341241 (2687220) main____ INFO    Memory statistics:
2026-02-23 13:55:00.341246 (2687220) main____ INFO      total physical memory  : 195972156 kB
2026-02-23 13:55:00.341250 (2687220) main____ INFO      free physical memory   : 109332552 kB
2026-02-23 13:55:00.341254 (2687220) main____ INFO      committed address space: 60278544 kB
2026-02-23 13:55:00.341258 (2687220) main____ INFO    ----------------------------------------
2026-02-23 13:55:00.342245 (2687220) main____ INFO    Important environment variables:
2026-02-23 13:55:00.342267 (2687220) main____ INFO      JASPER_HOME       : '/usr/licensed/cadence-20210126/jasper_2021.03'
2026-02-23 13:55:00.342274 (2687220) main____ INFO      JASPER_INSTALL_DIR: '/scratch/gpfs/LICENSED/x86_64/cadence-20210126/jasper_2021.03'
2026-02-23 13:55:00.342280 (2687220) main____ INFO      LANG              : 'en_US.UTF-8'
2026-02-23 13:55:00.342285 (2687220) main____ INFO      LM_LICENSE_FILE   : '5280@license.rc.princeton.edu'
2026-02-23 13:55:00.342301 (2687220) main____ INFO      TMPDIR            : '/tmp/ab2113/jg_5019110_75'
2026-02-23 13:55:00.342306 (2687220) main____ INFO    ----------------------------------------
2026-02-23 13:55:00.343229 (2687220) lic_core INFO    Initializing license system ...
2026-02-23 13:55:00.344149 (2687220) lic_core INFO    ... license system initialized.
2026-02-23 13:55:00.344994 (2687220) lic__man INFO    Claim 'fpv' for <ui>.
2026-02-23 13:55:00.345041 (2687220) lic_core INFO    (1) checking out 'jasper_fpv' ...
2026-02-23 13:55:00.350735 (2687220) lic_core INFO    ... (1) checkout failed (error: -5) ("FLEXnet ERROR(-5, 0, 0): No such feature exists.")
2026-02-23 13:55:00.350797 (2687220) lic_core INFO    (2) checking out 'jasper_fao' ...
2026-02-23 13:55:00.361582 (2687220) lic_core INFO    ... (2) checkout succeeded
2026-02-23 13:55:00.379894 (2687220) session_ INFO    Starting analysis session with session id 'session_0' (launcher: <local>) ...
2026-02-23 13:55:00.383060 (2687220) session_ INFO    Analysis session with session id 'session_0' started (pid: 2687228)
2026-02-23 13:55:01.181810 (2687220) session_ INFO    Analysis session 'session_0' connected to the console (host: 127.0.0.1:42358)
2026-02-23 13:55:01.788418 (2687220) main____ INFO    About to exit: request to exit with status 1 received from analysis session 'session_0'
2026-02-23 13:55:01.886226 (2687220) session_ INFO    Analysis session 'session_0' disconnected.
2026-02-23 13:55:01.886370 (2687220) lic__man INFO    Unclaim everything for 'session_0'.
2026-02-23 13:55:01.887027 (2687220) session_ INFO    Process for analysis session 'session_0' has exited with exit status '1'.
2026-02-23 13:55:03.895109 (2687220) lic_core INFO    (2) checkin jasper_fao
2026-02-23 13:55:03.896693 (2687220) main____ INFO    Exiting with status 1.
