2026-02-23 13:53:11.083284 (2616606) main____ INFO    ----------------------------------------
2026-02-23 13:53:11.083375 (2616606) main____ INFO    JasperGold version info
2026-02-23 13:53:11.083395 (2616606) main____ INFO      tool      : JasperGold 2021.03
2026-02-23 13:53:11.083404 (2616606) main____ INFO      version   : 2021.03 FCS 64 bits
2026-02-23 13:53:11.083409 (2616606) main____ INFO      build date: 2021.03.23 02:50:43 UTC
2026-02-23 13:53:11.083414 (2616606) main____ INFO    ----------------------------------------
2026-02-23 13:53:11.083418 (2616606) main____ INFO    Runtime info:
2026-02-23 13:53:11.083423 (2616606) main____ INFO      platform  : Linux 5.14.0-570.84.1.el9_6.x86_64 x86_64
2026-02-23 13:53:11.083429 (2616606) main____ INFO      hostname  : della-r3c1n7
2026-02-23 13:53:11.083433 (2616606) main____ INFO      pid       : 2616606
2026-02-23 13:53:11.083438 (2616606) main____ INFO      arguments : '-style' 'windows' '-batch' '-proj' './verification_results/03493/jgproject' '-tcl' './jasper_verif_check.tcl'
2026-02-23 13:53:11.083446 (2616606) main____ INFO      locale    : UTF-8
2026-02-23 13:53:11.083450 (2616606) main____ INFO    ----------------------------------------
2026-02-23 13:53:11.083454 (2616606) main____ INFO    System resource limits info:
2026-02-23 13:53:11.083459 (2616606) main____ INFO      virtual memory: unlimited
2026-02-23 13:53:11.083463 (2616606) main____ INFO      cpu time      : unlimited
2026-02-23 13:53:11.083467 (2616606) main____ INFO      stack size    : unlimited
2026-02-23 13:53:11.083471 (2616606) main____ INFO      core file size: unlimited
2026-02-23 13:53:11.083478 (2616606) main____ INFO      open files    : 131072
2026-02-23 13:53:11.083483 (2616606) main____ INFO      file size     : unlimited
2026-02-23 13:53:11.083487 (2616606) main____ INFO    ----------------------------------------
2026-02-23 13:53:11.083491 (2616606) main____ INFO    Memory statistics:
2026-02-23 13:53:11.083495 (2616606) main____ INFO      total physical memory  : 195972072 kB
2026-02-23 13:53:11.083500 (2616606) main____ INFO      free physical memory   : 153771736 kB
2026-02-23 13:53:11.083504 (2616606) main____ INFO      committed address space: 44604164 kB
2026-02-23 13:53:11.083508 (2616606) main____ INFO    ----------------------------------------
2026-02-23 13:53:11.084465 (2616606) main____ INFO    Important environment variables:
2026-02-23 13:53:11.084480 (2616606) main____ INFO      JASPER_HOME       : '/usr/licensed/cadence-20210126/jasper_2021.03'
2026-02-23 13:53:11.084486 (2616606) main____ INFO      JASPER_INSTALL_DIR: '/scratch/gpfs/LICENSED/x86_64/cadence-20210126/jasper_2021.03'
2026-02-23 13:53:11.084491 (2616606) main____ INFO      LANG              : 'en_US.UTF-8'
2026-02-23 13:53:11.084496 (2616606) main____ INFO      LM_LICENSE_FILE   : '5280@license.rc.princeton.edu'
2026-02-23 13:53:11.084501 (2616606) main____ INFO      TMPDIR            : '/tmp/ab2113/jg_5019031_62'
2026-02-23 13:53:11.084505 (2616606) main____ INFO    ----------------------------------------
2026-02-23 13:53:11.085296 (2616606) lic_core INFO    Initializing license system ...
2026-02-23 13:53:11.085730 (2616606) lic_core INFO    ... license system initialized.
2026-02-23 13:53:11.086433 (2616606) lic__man INFO    Claim 'fpv' for <ui>.
2026-02-23 13:53:11.086468 (2616606) lic_core INFO    (1) checking out 'jasper_fpv' ...
2026-02-23 13:53:11.091391 (2616606) lic_core INFO    ... (1) checkout failed (error: -5) ("FLEXnet ERROR(-5, 0, 0): No such feature exists.")
2026-02-23 13:53:11.091432 (2616606) lic_core INFO    (2) checking out 'jasper_fao' ...
2026-02-23 13:53:11.102685 (2616606) lic_core INFO    ... (2) checkout succeeded
2026-02-23 13:53:11.121246 (2616606) session_ INFO    Starting analysis session with session id 'session_0' (launcher: <local>) ...
2026-02-23 13:53:11.124009 (2616606) session_ INFO    Analysis session with session id 'session_0' started (pid: 2616614)
2026-02-23 13:53:11.783143 (2616606) session_ INFO    Analysis session 'session_0' connected to the console (host: 127.0.0.1:34460)
2026-02-23 13:53:12.648249 (2616606) main____ INFO    About to exit: request to exit with status 1 received from analysis session 'session_0'
2026-02-23 13:53:12.717180 (2616606) session_ INFO    Analysis session 'session_0' disconnected.
2026-02-23 13:53:12.717298 (2616606) lic__man INFO    Unclaim everything for 'session_0'.
2026-02-23 13:53:12.717895 (2616606) session_ INFO    Process for analysis session 'session_0' has exited with exit status '1'.
2026-02-23 13:53:14.756172 (2616606) lic_core INFO    (2) checkin jasper_fao
2026-02-23 13:53:14.757217 (2616606) main____ INFO    Exiting with status 1.
