2026-02-23 13:41:42.474313 (2874209) main____ INFO    ----------------------------------------
2026-02-23 13:41:42.474399 (2874209) main____ INFO    JasperGold version info
2026-02-23 13:41:42.474417 (2874209) main____ INFO      tool      : JasperGold 2021.03
2026-02-23 13:41:42.474427 (2874209) main____ INFO      version   : 2021.03 FCS 64 bits
2026-02-23 13:41:42.474433 (2874209) main____ INFO      build date: 2021.03.23 02:50:43 UTC
2026-02-23 13:41:42.474438 (2874209) main____ INFO    ----------------------------------------
2026-02-23 13:41:42.474443 (2874209) main____ INFO    Runtime info:
2026-02-23 13:41:42.474448 (2874209) main____ INFO      platform  : Linux 5.14.0-570.84.1.el9_6.x86_64 x86_64
2026-02-23 13:41:42.474455 (2874209) main____ INFO      hostname  : della-h16n9
2026-02-23 13:41:42.474462 (2874209) main____ INFO      pid       : 2874209
2026-02-23 13:41:42.474468 (2874209) main____ INFO      arguments : '-style' 'windows' '-batch' '-proj' './verification_results/01250/jgproject' '-tcl' './jasper_verif_check.tcl'
2026-02-23 13:41:42.474477 (2874209) main____ INFO      locale    : UTF-8
2026-02-23 13:41:42.474483 (2874209) main____ INFO    ----------------------------------------
2026-02-23 13:41:42.474488 (2874209) main____ INFO    System resource limits info:
2026-02-23 13:41:42.474494 (2874209) main____ INFO      virtual memory: unlimited
2026-02-23 13:41:42.474500 (2874209) main____ INFO      cpu time      : unlimited
2026-02-23 13:41:42.474505 (2874209) main____ INFO      stack size    : unlimited
2026-02-23 13:41:42.474510 (2874209) main____ INFO      core file size: unlimited
2026-02-23 13:41:42.474518 (2874209) main____ INFO      open files    : 131072
2026-02-23 13:41:42.474524 (2874209) main____ INFO      file size     : unlimited
2026-02-23 13:41:42.474530 (2874209) main____ INFO    ----------------------------------------
2026-02-23 13:41:42.474535 (2874209) main____ INFO    Memory statistics:
2026-02-23 13:41:42.474541 (2874209) main____ INFO      total physical memory  : 1584164368 kB
2026-02-23 13:41:42.474546 (2874209) main____ INFO      free physical memory   : 833527672 kB
2026-02-23 13:41:42.474551 (2874209) main____ INFO      committed address space: 657091240 kB
2026-02-23 13:41:42.474556 (2874209) main____ INFO    ----------------------------------------
2026-02-23 13:41:42.475101 (2874209) main____ INFO    Important environment variables:
2026-02-23 13:41:42.475118 (2874209) main____ INFO      JASPER_HOME       : '/usr/licensed/cadence-20210126/jasper_2021.03'
2026-02-23 13:41:42.475124 (2874209) main____ INFO      JASPER_INSTALL_DIR: '/scratch/gpfs/LICENSED/x86_64/cadence-20210126/jasper_2021.03'
2026-02-23 13:41:42.475131 (2874209) main____ INFO      LANG              : 'en_US.UTF-8'
2026-02-23 13:41:42.475138 (2874209) main____ INFO      LM_LICENSE_FILE   : '5280@license.rc.princeton.edu'
2026-02-23 13:41:42.475143 (2874209) main____ INFO      TMPDIR            : '/tmp/ab2113/jg_5018828_17'
2026-02-23 13:41:42.475148 (2874209) main____ INFO    ----------------------------------------
2026-02-23 13:41:42.475737 (2874209) lic_core INFO    Initializing license system ...
2026-02-23 13:41:42.476304 (2874209) lic_core INFO    ... license system initialized.
2026-02-23 13:41:42.477092 (2874209) lic__man INFO    Claim 'fpv' for <ui>.
2026-02-23 13:41:42.477127 (2874209) lic_core INFO    (1) checking out 'jasper_fpv' ...
2026-02-23 13:41:42.483344 (2874209) lic_core INFO    ... (1) checkout failed (error: -5) ("FLEXnet ERROR(-5, 0, 0): No such feature exists.")
2026-02-23 13:41:42.483374 (2874209) lic_core INFO    (2) checking out 'jasper_fao' ...
2026-02-23 13:41:42.492484 (2874209) lic_core INFO    ... (2) checkout succeeded
2026-02-23 13:41:42.503520 (2874209) session_ INFO    Starting analysis session with session id 'session_0' (launcher: <local>) ...
2026-02-23 13:41:42.506439 (2874209) session_ INFO    Analysis session with session id 'session_0' started (pid: 2874220)
2026-02-23 13:41:43.053795 (2874209) session_ INFO    Analysis session 'session_0' connected to the console (host: 127.0.0.1:54494)
2026-02-23 13:41:43.614993 (2874209) main____ INFO    About to exit: request to exit with status 1 received from analysis session 'session_0'
2026-02-23 13:41:43.672520 (2874209) session_ INFO    Analysis session 'session_0' disconnected.
2026-02-23 13:41:43.672659 (2874209) lic__man INFO    Unclaim everything for 'session_0'.
2026-02-23 13:41:43.673867 (2874209) session_ INFO    Process for analysis session 'session_0' has exited with exit status '1'.
2026-02-23 13:41:45.659319 (2874209) lic_core INFO    (2) checkin jasper_fao
2026-02-23 13:41:45.661017 (2874209) main____ INFO    Exiting with status 1.
