2026-02-23 14:01:35.796022 (1507958) main____ INFO    ----------------------------------------
2026-02-23 14:01:35.796107 (1507958) main____ INFO    JasperGold version info
2026-02-23 14:01:35.796125 (1507958) main____ INFO      tool      : JasperGold 2021.03
2026-02-23 14:01:35.796136 (1507958) main____ INFO      version   : 2021.03 FCS 64 bits
2026-02-23 14:01:35.796142 (1507958) main____ INFO      build date: 2021.03.23 02:50:43 UTC
2026-02-23 14:01:35.796149 (1507958) main____ INFO    ----------------------------------------
2026-02-23 14:01:35.796155 (1507958) main____ INFO    Runtime info:
2026-02-23 14:01:35.796161 (1507958) main____ INFO      platform  : Linux 5.14.0-570.84.1.el9_6.x86_64 x86_64
2026-02-23 14:01:35.796169 (1507958) main____ INFO      hostname  : della-h14n5
2026-02-23 14:01:35.796175 (1507958) main____ INFO      pid       : 1507958
2026-02-23 14:01:35.796180 (1507958) main____ INFO      arguments : '-style' 'windows' '-batch' '-proj' './verification_results/03313/jgproject' '-tcl' './jasper_verif_check.tcl'
2026-02-23 14:01:35.796189 (1507958) main____ INFO      locale    : UTF-8
2026-02-23 14:01:35.796194 (1507958) main____ INFO    ----------------------------------------
2026-02-23 14:01:35.796199 (1507958) main____ INFO    System resource limits info:
2026-02-23 14:01:35.796205 (1507958) main____ INFO      virtual memory: unlimited
2026-02-23 14:01:35.796211 (1507958) main____ INFO      cpu time      : unlimited
2026-02-23 14:01:35.796216 (1507958) main____ INFO      stack size    : unlimited
2026-02-23 14:01:35.796222 (1507958) main____ INFO      core file size: unlimited
2026-02-23 14:01:35.796229 (1507958) main____ INFO      open files    : 131072
2026-02-23 14:01:35.796235 (1507958) main____ INFO      file size     : unlimited
2026-02-23 14:01:35.796240 (1507958) main____ INFO    ----------------------------------------
2026-02-23 14:01:35.796246 (1507958) main____ INFO    Memory statistics:
2026-02-23 14:01:35.796251 (1507958) main____ INFO      total physical memory  : 1584164368 kB
2026-02-23 14:01:35.796257 (1507958) main____ INFO      free physical memory   : 729097188 kB
2026-02-23 14:01:35.796263 (1507958) main____ INFO      committed address space: 511158400 kB
2026-02-23 14:01:35.796268 (1507958) main____ INFO    ----------------------------------------
2026-02-23 14:01:35.796813 (1507958) main____ INFO    Important environment variables:
2026-02-23 14:01:35.796827 (1507958) main____ INFO      JASPER_HOME       : '/usr/licensed/cadence-20210126/jasper_2021.03'
2026-02-23 14:01:35.796835 (1507958) main____ INFO      JASPER_INSTALL_DIR: '/scratch/gpfs/LICENSED/x86_64/cadence-20210126/jasper_2021.03'
2026-02-23 14:01:35.796841 (1507958) main____ INFO      LANG              : 'en_US.UTF-8'
2026-02-23 14:01:35.796846 (1507958) main____ INFO      LM_LICENSE_FILE   : '5280@license.rc.princeton.edu'
2026-02-23 14:01:35.796852 (1507958) main____ INFO      TMPDIR            : '/tmp/ab2113/jg_5018998_58'
2026-02-23 14:01:35.796857 (1507958) main____ INFO    ----------------------------------------
2026-02-23 14:01:35.797352 (1507958) lic_core INFO    Initializing license system ...
2026-02-23 14:01:35.797924 (1507958) lic_core INFO    ... license system initialized.
2026-02-23 14:01:35.798748 (1507958) lic__man INFO    Claim 'fpv' for <ui>.
2026-02-23 14:01:35.798782 (1507958) lic_core INFO    (1) checking out 'jasper_fpv' ...
2026-02-23 14:01:35.804645 (1507958) lic_core INFO    ... (1) checkout failed (error: -5) ("FLEXnet ERROR(-5, 0, 0): No such feature exists.")
2026-02-23 14:01:35.804673 (1507958) lic_core INFO    (2) checking out 'jasper_fao' ...
2026-02-23 14:01:35.813970 (1507958) lic_core INFO    ... (2) checkout succeeded
2026-02-23 14:01:35.824970 (1507958) session_ INFO    Starting analysis session with session id 'session_0' (launcher: <local>) ...
2026-02-23 14:01:35.828002 (1507958) session_ INFO    Analysis session with session id 'session_0' started (pid: 1507966)
2026-02-23 14:01:36.421976 (1507958) session_ INFO    Analysis session 'session_0' connected to the console (host: 127.0.0.1:39514)
2026-02-23 14:01:36.935511 (1507958) main____ INFO    About to exit: request to exit with status 1 received from analysis session 'session_0'
2026-02-23 14:01:36.988581 (1507958) session_ INFO    Analysis session 'session_0' disconnected.
2026-02-23 14:01:36.988711 (1507958) lic__man INFO    Unclaim everything for 'session_0'.
2026-02-23 14:01:36.989349 (1507958) session_ INFO    Process for analysis session 'session_0' has exited with exit status '1'.
2026-02-23 14:01:39.040782 (1507958) lic_core INFO    (2) checkin jasper_fao
2026-02-23 14:01:39.042002 (1507958) main____ INFO    Exiting with status 1.
