2026-02-23 13:56:21.408163 (3184543) main____ INFO    ----------------------------------------
2026-02-23 13:56:21.408230 (3184543) main____ INFO    JasperGold version info
2026-02-23 13:56:21.408244 (3184543) main____ INFO      tool      : JasperGold 2021.03
2026-02-23 13:56:21.408254 (3184543) main____ INFO      version   : 2021.03 FCS 64 bits
2026-02-23 13:56:21.408260 (3184543) main____ INFO      build date: 2021.03.23 02:50:43 UTC
2026-02-23 13:56:21.408265 (3184543) main____ INFO    ----------------------------------------
2026-02-23 13:56:21.408270 (3184543) main____ INFO    Runtime info:
2026-02-23 13:56:21.408276 (3184543) main____ INFO      platform  : Linux 5.14.0-570.84.1.el9_6.x86_64 x86_64
2026-02-23 13:56:21.408282 (3184543) main____ INFO      hostname  : della-r3c3n1
2026-02-23 13:56:21.408288 (3184543) main____ INFO      pid       : 3184543
2026-02-23 13:56:21.408294 (3184543) main____ INFO      arguments : '-style' 'windows' '-batch' '-proj' './verification_results/03997/jgproject' '-tcl' './jasper_verif_check.tcl'
2026-02-23 13:56:21.408302 (3184543) main____ INFO      locale    : UTF-8
2026-02-23 13:56:21.408307 (3184543) main____ INFO    ----------------------------------------
2026-02-23 13:56:21.408313 (3184543) main____ INFO    System resource limits info:
2026-02-23 13:56:21.408319 (3184543) main____ INFO      virtual memory: unlimited
2026-02-23 13:56:21.408323 (3184543) main____ INFO      cpu time      : unlimited
2026-02-23 13:56:21.408329 (3184543) main____ INFO      stack size    : unlimited
2026-02-23 13:56:21.408335 (3184543) main____ INFO      core file size: unlimited
2026-02-23 13:56:21.408341 (3184543) main____ INFO      open files    : 131072
2026-02-23 13:56:21.408346 (3184543) main____ INFO      file size     : unlimited
2026-02-23 13:56:21.408352 (3184543) main____ INFO    ----------------------------------------
2026-02-23 13:56:21.408357 (3184543) main____ INFO    Memory statistics:
2026-02-23 13:56:21.408362 (3184543) main____ INFO      total physical memory  : 195972176 kB
2026-02-23 13:56:21.408366 (3184543) main____ INFO      free physical memory   : 119100756 kB
2026-02-23 13:56:21.408372 (3184543) main____ INFO      committed address space: 22679468 kB
2026-02-23 13:56:21.408382 (3184543) main____ INFO    ----------------------------------------
2026-02-23 13:56:21.409325 (3184543) main____ INFO    Important environment variables:
2026-02-23 13:56:21.409338 (3184543) main____ INFO      JASPER_HOME       : '/usr/licensed/cadence-20210126/jasper_2021.03'
2026-02-23 13:56:21.409345 (3184543) main____ INFO      JASPER_INSTALL_DIR: '/scratch/gpfs/LICENSED/x86_64/cadence-20210126/jasper_2021.03'
2026-02-23 13:56:21.409351 (3184543) main____ INFO      LANG              : 'en_US.UTF-8'
2026-02-23 13:56:21.409358 (3184543) main____ INFO      LM_LICENSE_FILE   : '5280@license.rc.princeton.edu'
2026-02-23 13:56:21.409364 (3184543) main____ INFO      TMPDIR            : '/tmp/ab2113/jg_5019091_72'
2026-02-23 13:56:21.409368 (3184543) main____ INFO    ----------------------------------------
2026-02-23 13:56:21.410115 (3184543) lic_core INFO    Initializing license system ...
2026-02-23 13:56:21.410864 (3184543) lic_core INFO    ... license system initialized.
2026-02-23 13:56:21.411547 (3184543) lic__man INFO    Claim 'fpv' for <ui>.
2026-02-23 13:56:21.411581 (3184543) lic_core INFO    (1) checking out 'jasper_fpv' ...
2026-02-23 13:56:21.417233 (3184543) lic_core INFO    ... (1) checkout failed (error: -5) ("FLEXnet ERROR(-5, 0, 0): No such feature exists.")
2026-02-23 13:56:21.417260 (3184543) lic_core INFO    (2) checking out 'jasper_fao' ...
2026-02-23 13:56:21.427741 (3184543) lic_core INFO    ... (2) checkout succeeded
2026-02-23 13:56:21.442848 (3184543) session_ INFO    Starting analysis session with session id 'session_0' (launcher: <local>) ...
2026-02-23 13:56:21.445450 (3184543) session_ INFO    Analysis session with session id 'session_0' started (pid: 3184551)
2026-02-23 13:56:22.176731 (3184543) session_ INFO    Analysis session 'session_0' connected to the console (host: 127.0.0.1:59676)
2026-02-23 13:56:22.746445 (3184543) main____ INFO    About to exit: request to exit with status 1 received from analysis session 'session_0'
2026-02-23 13:56:22.816486 (3184543) session_ INFO    Analysis session 'session_0' disconnected.
2026-02-23 13:56:22.816598 (3184543) lic__man INFO    Unclaim everything for 'session_0'.
2026-02-23 13:56:22.817301 (3184543) session_ INFO    Process for analysis session 'session_0' has exited with exit status '1'.
2026-02-23 13:56:24.650324 (3184543) lic_core INFO    (2) checkin jasper_fao
2026-02-23 13:56:24.651863 (3184543) main____ INFO    Exiting with status 1.
