2026-02-23 13:59:19.204424 (1500614) main____ INFO    ----------------------------------------
2026-02-23 13:59:19.204546 (1500614) main____ INFO    JasperGold version info
2026-02-23 13:59:19.204567 (1500614) main____ INFO      tool      : JasperGold 2021.03
2026-02-23 13:59:19.204577 (1500614) main____ INFO      version   : 2021.03 FCS 64 bits
2026-02-23 13:59:19.204584 (1500614) main____ INFO      build date: 2021.03.23 02:50:43 UTC
2026-02-23 13:59:19.204590 (1500614) main____ INFO    ----------------------------------------
2026-02-23 13:59:19.204596 (1500614) main____ INFO    Runtime info:
2026-02-23 13:59:19.204601 (1500614) main____ INFO      platform  : Linux 5.14.0-570.84.1.el9_6.x86_64 x86_64
2026-02-23 13:59:19.204607 (1500614) main____ INFO      hostname  : della-h14n5
2026-02-23 13:59:19.204613 (1500614) main____ INFO      pid       : 1500614
2026-02-23 13:59:19.204618 (1500614) main____ INFO      arguments : '-style' 'windows' '-batch' '-proj' './verification_results/03276/jgproject' '-tcl' './jasper_verif_check.tcl'
2026-02-23 13:59:19.204628 (1500614) main____ INFO      locale    : UTF-8
2026-02-23 13:59:19.204635 (1500614) main____ INFO    ----------------------------------------
2026-02-23 13:59:19.204640 (1500614) main____ INFO    System resource limits info:
2026-02-23 13:59:19.204646 (1500614) main____ INFO      virtual memory: unlimited
2026-02-23 13:59:19.204651 (1500614) main____ INFO      cpu time      : unlimited
2026-02-23 13:59:19.204657 (1500614) main____ INFO      stack size    : unlimited
2026-02-23 13:59:19.204663 (1500614) main____ INFO      core file size: unlimited
2026-02-23 13:59:19.204670 (1500614) main____ INFO      open files    : 131072
2026-02-23 13:59:19.204675 (1500614) main____ INFO      file size     : unlimited
2026-02-23 13:59:19.204680 (1500614) main____ INFO    ----------------------------------------
2026-02-23 13:59:19.204685 (1500614) main____ INFO    Memory statistics:
2026-02-23 13:59:19.204690 (1500614) main____ INFO      total physical memory  : 1584164368 kB
2026-02-23 13:59:19.204695 (1500614) main____ INFO      free physical memory   : 733535988 kB
2026-02-23 13:59:19.204702 (1500614) main____ INFO      committed address space: 506740140 kB
2026-02-23 13:59:19.204708 (1500614) main____ INFO    ----------------------------------------
2026-02-23 13:59:19.205230 (1500614) main____ INFO    Important environment variables:
2026-02-23 13:59:19.205245 (1500614) main____ INFO      JASPER_HOME       : '/usr/licensed/cadence-20210126/jasper_2021.03'
2026-02-23 13:59:19.205251 (1500614) main____ INFO      JASPER_INSTALL_DIR: '/scratch/gpfs/LICENSED/x86_64/cadence-20210126/jasper_2021.03'
2026-02-23 13:59:19.205257 (1500614) main____ INFO      LANG              : 'en_US.UTF-8'
2026-02-23 13:59:19.205264 (1500614) main____ INFO      LM_LICENSE_FILE   : '5280@license.rc.princeton.edu'
2026-02-23 13:59:19.205269 (1500614) main____ INFO      TMPDIR            : '/tmp/ab2113/jg_5018998_58'
2026-02-23 13:59:19.205274 (1500614) main____ INFO    ----------------------------------------
2026-02-23 13:59:19.205784 (1500614) lic_core INFO    Initializing license system ...
2026-02-23 13:59:19.206313 (1500614) lic_core INFO    ... license system initialized.
2026-02-23 13:59:19.207080 (1500614) lic__man INFO    Claim 'fpv' for <ui>.
2026-02-23 13:59:19.207115 (1500614) lic_core INFO    (1) checking out 'jasper_fpv' ...
2026-02-23 13:59:19.212800 (1500614) lic_core INFO    ... (1) checkout failed (error: -5) ("FLEXnet ERROR(-5, 0, 0): No such feature exists.")
2026-02-23 13:59:19.212831 (1500614) lic_core INFO    (2) checking out 'jasper_fao' ...
2026-02-23 13:59:19.221569 (1500614) lic_core INFO    ... (2) checkout succeeded
2026-02-23 13:59:19.232398 (1500614) session_ INFO    Starting analysis session with session id 'session_0' (launcher: <local>) ...
2026-02-23 13:59:19.235671 (1500614) session_ INFO    Analysis session with session id 'session_0' started (pid: 1500622)
2026-02-23 13:59:19.809014 (1500614) session_ INFO    Analysis session 'session_0' connected to the console (host: 127.0.0.1:53472)
2026-02-23 13:59:20.601871 (1500614) lic__man INFO    Unclaim everything for 'session_0'.
2026-02-23 13:59:20.637377 (1500614) lic__man INFO    Claim 'fpv' for 'session_0'.
2026-02-23 13:59:20.637416 (1500614) lic__man INFO    Claim 'fpv' for 'session_0/prove-0'.
2026-02-23 13:59:20.835831 (1500614) lic__man INFO    Unclaim everything for 'session_0/prove-0'.
2026-02-23 13:59:20.889511 (1500614) main____ INFO    About to exit: request to exit with status 0 received from analysis session 'session_0'
2026-02-23 13:59:20.957223 (1500614) session_ INFO    Analysis session 'session_0' disconnected.
2026-02-23 13:59:20.957377 (1500614) lic__man INFO    Unclaim everything for 'session_0'.
2026-02-23 13:59:20.958005 (1500614) session_ INFO    Process for analysis session 'session_0' has exited with exit status '0'.
2026-02-23 13:59:22.994439 (1500614) lic_core INFO    (2) checkin jasper_fao
2026-02-23 13:59:22.995483 (1500614) main____ INFO    Exiting with status 0.
