2026-02-23 13:55:28.033857 (2561840) main____ INFO    ----------------------------------------
2026-02-23 13:55:28.033982 (2561840) main____ INFO    JasperGold version info
2026-02-23 13:55:28.034001 (2561840) main____ INFO      tool      : JasperGold 2021.03
2026-02-23 13:55:28.034019 (2561840) main____ INFO      version   : 2021.03 FCS 64 bits
2026-02-23 13:55:28.034024 (2561840) main____ INFO      build date: 2021.03.23 02:50:43 UTC
2026-02-23 13:55:28.034028 (2561840) main____ INFO    ----------------------------------------
2026-02-23 13:55:28.034032 (2561840) main____ INFO    Runtime info:
2026-02-23 13:55:28.034037 (2561840) main____ INFO      platform  : Linux 5.14.0-570.84.1.el9_6.x86_64 x86_64
2026-02-23 13:55:28.034042 (2561840) main____ INFO      hostname  : della-i13n7
2026-02-23 13:55:28.034048 (2561840) main____ INFO      pid       : 2561840
2026-02-23 13:55:28.034052 (2561840) main____ INFO      arguments : '-style' 'windows' '-batch' '-proj' './verification_results/03855/jgproject' '-tcl' './jasper_verif_check.tcl'
2026-02-23 13:55:28.034060 (2561840) main____ INFO      locale    : UTF-8
2026-02-23 13:55:28.034064 (2561840) main____ INFO    ----------------------------------------
2026-02-23 13:55:28.034068 (2561840) main____ INFO    System resource limits info:
2026-02-23 13:55:28.034072 (2561840) main____ INFO      virtual memory: unlimited
2026-02-23 13:55:28.034076 (2561840) main____ INFO      cpu time      : unlimited
2026-02-23 13:55:28.034080 (2561840) main____ INFO      stack size    : unlimited
2026-02-23 13:55:28.034084 (2561840) main____ INFO      core file size: unlimited
2026-02-23 13:55:28.034091 (2561840) main____ INFO      open files    : 131072
2026-02-23 13:55:28.034095 (2561840) main____ INFO      file size     : unlimited
2026-02-23 13:55:28.034099 (2561840) main____ INFO    ----------------------------------------
2026-02-23 13:55:28.034102 (2561840) main____ INFO    Memory statistics:
2026-02-23 13:55:28.034107 (2561840) main____ INFO      total physical memory  : 394157548 kB
2026-02-23 13:55:28.034110 (2561840) main____ INFO      free physical memory   : 120393000 kB
2026-02-23 13:55:28.034114 (2561840) main____ INFO      committed address space: 103615760 kB
2026-02-23 13:55:28.034118 (2561840) main____ INFO    ----------------------------------------
2026-02-23 13:55:28.035038 (2561840) main____ INFO    Important environment variables:
2026-02-23 13:55:28.035062 (2561840) main____ INFO      JASPER_HOME       : '/usr/licensed/cadence-20210126/jasper_2021.03'
2026-02-23 13:55:28.035068 (2561840) main____ INFO      JASPER_INSTALL_DIR: '/scratch/gpfs/LICENSED/x86_64/cadence-20210126/jasper_2021.03'
2026-02-23 13:55:28.035073 (2561840) main____ INFO      LANG              : 'en_US.UTF-8'
2026-02-23 13:55:28.035078 (2561840) main____ INFO      LM_LICENSE_FILE   : '5280@license.rc.princeton.edu'
2026-02-23 13:55:28.035082 (2561840) main____ INFO      TMPDIR            : '/tmp/ab2113/jg_5019071_69'
2026-02-23 13:55:28.035086 (2561840) main____ INFO    ----------------------------------------
2026-02-23 13:55:28.036142 (2561840) lic_core INFO    Initializing license system ...
2026-02-23 13:55:28.037145 (2561840) lic_core INFO    ... license system initialized.
2026-02-23 13:55:28.037959 (2561840) lic__man INFO    Claim 'fpv' for <ui>.
2026-02-23 13:55:28.038027 (2561840) lic_core INFO    (1) checking out 'jasper_fpv' ...
2026-02-23 13:55:28.044343 (2561840) lic_core INFO    ... (1) checkout failed (error: -5) ("FLEXnet ERROR(-5, 0, 0): No such feature exists.")
2026-02-23 13:55:28.044412 (2561840) lic_core INFO    (2) checking out 'jasper_fao' ...
2026-02-23 13:55:28.055224 (2561840) lic_core INFO    ... (2) checkout succeeded
2026-02-23 13:55:28.070059 (2561840) session_ INFO    Starting analysis session with session id 'session_0' (launcher: <local>) ...
2026-02-23 13:55:28.073910 (2561840) session_ INFO    Analysis session with session id 'session_0' started (pid: 2561848)
2026-02-23 13:55:28.847440 (2561840) session_ INFO    Analysis session 'session_0' connected to the console (host: 127.0.0.1:55784)
2026-02-23 13:55:29.706003 (2561840) lic__man INFO    Unclaim everything for 'session_0'.
2026-02-23 13:55:29.757302 (2561840) lic__man INFO    Claim 'fpv' for 'session_0'.
2026-02-23 13:55:29.757356 (2561840) lic__man INFO    Claim 'fpv' for 'session_0/prove-0'.
2026-02-23 13:55:29.954307 (2561840) lic__man INFO    Unclaim everything for 'session_0/prove-0'.
2026-02-23 13:55:30.012138 (2561840) main____ INFO    About to exit: request to exit with status 0 received from analysis session 'session_0'
2026-02-23 13:55:30.105142 (2561840) session_ INFO    Analysis session 'session_0' disconnected.
2026-02-23 13:55:30.105291 (2561840) lic__man INFO    Unclaim everything for 'session_0'.
2026-02-23 13:55:30.107179 (2561840) session_ INFO    Process for analysis session 'session_0' has exited with exit status '0'.
2026-02-23 13:55:31.918047 (2561840) lic_core INFO    (2) checkin jasper_fao
2026-02-23 13:55:31.919790 (2561840) main____ INFO    Exiting with status 0.
