2026-02-23 13:39:54.309089 (1455665) main____ INFO    ----------------------------------------
2026-02-23 13:39:54.309175 (1455665) main____ INFO    JasperGold version info
2026-02-23 13:39:54.309195 (1455665) main____ INFO      tool      : JasperGold 2021.03
2026-02-23 13:39:54.309204 (1455665) main____ INFO      version   : 2021.03 FCS 64 bits
2026-02-23 13:39:54.309209 (1455665) main____ INFO      build date: 2021.03.23 02:50:43 UTC
2026-02-23 13:39:54.309215 (1455665) main____ INFO    ----------------------------------------
2026-02-23 13:39:54.309221 (1455665) main____ INFO    Runtime info:
2026-02-23 13:39:54.309226 (1455665) main____ INFO      platform  : Linux 5.14.0-570.84.1.el9_6.x86_64 x86_64
2026-02-23 13:39:54.309232 (1455665) main____ INFO      hostname  : della-h14n5
2026-02-23 13:39:54.309237 (1455665) main____ INFO      pid       : 1455665
2026-02-23 13:39:54.309243 (1455665) main____ INFO      arguments : '-style' 'windows' '-batch' '-proj' './verification_results/00988/jgproject' '-tcl' './jasper_verif_check.tcl'
2026-02-23 13:39:54.309252 (1455665) main____ INFO      locale    : UTF-8
2026-02-23 13:39:54.309258 (1455665) main____ INFO    ----------------------------------------
2026-02-23 13:39:54.309264 (1455665) main____ INFO    System resource limits info:
2026-02-23 13:39:54.309270 (1455665) main____ INFO      virtual memory: unlimited
2026-02-23 13:39:54.309276 (1455665) main____ INFO      cpu time      : unlimited
2026-02-23 13:39:54.309282 (1455665) main____ INFO      stack size    : unlimited
2026-02-23 13:39:54.309288 (1455665) main____ INFO      core file size: unlimited
2026-02-23 13:39:54.309295 (1455665) main____ INFO      open files    : 131072
2026-02-23 13:39:54.309299 (1455665) main____ INFO      file size     : unlimited
2026-02-23 13:39:54.309304 (1455665) main____ INFO    ----------------------------------------
2026-02-23 13:39:54.309309 (1455665) main____ INFO    Memory statistics:
2026-02-23 13:39:54.309314 (1455665) main____ INFO      total physical memory  : 1584164368 kB
2026-02-23 13:39:54.309319 (1455665) main____ INFO      free physical memory   : 701159244 kB
2026-02-23 13:39:54.309324 (1455665) main____ INFO      committed address space: 535905432 kB
2026-02-23 13:39:54.309329 (1455665) main____ INFO    ----------------------------------------
2026-02-23 13:39:54.309849 (1455665) main____ INFO    Important environment variables:
2026-02-23 13:39:54.309866 (1455665) main____ INFO      JASPER_HOME       : '/usr/licensed/cadence-20210126/jasper_2021.03'
2026-02-23 13:39:54.309874 (1455665) main____ INFO      JASPER_INSTALL_DIR: '/scratch/gpfs/LICENSED/x86_64/cadence-20210126/jasper_2021.03'
2026-02-23 13:39:54.309881 (1455665) main____ INFO      LANG              : 'en_US.UTF-8'
2026-02-23 13:39:54.309887 (1455665) main____ INFO      LM_LICENSE_FILE   : '5280@license.rc.princeton.edu'
2026-02-23 13:39:54.309894 (1455665) main____ INFO      TMPDIR            : '/tmp/ab2113/jg_5018806_12'
2026-02-23 13:39:54.309900 (1455665) main____ INFO    ----------------------------------------
2026-02-23 13:39:54.310359 (1455665) lic_core INFO    Initializing license system ...
2026-02-23 13:39:54.310990 (1455665) lic_core INFO    ... license system initialized.
2026-02-23 13:39:54.312043 (1455665) lic__man INFO    Claim 'fpv' for <ui>.
2026-02-23 13:39:54.312129 (1455665) lic_core INFO    (1) checking out 'jasper_fpv' ...
2026-02-23 13:39:54.317462 (1455665) lic_core INFO    ... (1) checkout failed (error: -5) ("FLEXnet ERROR(-5, 0, 0): No such feature exists.")
2026-02-23 13:39:54.317493 (1455665) lic_core INFO    (2) checking out 'jasper_fao' ...
2026-02-23 13:39:54.326065 (1455665) lic_core INFO    ... (2) checkout succeeded
2026-02-23 13:39:54.336972 (1455665) session_ INFO    Starting analysis session with session id 'session_0' (launcher: <local>) ...
2026-02-23 13:39:54.340671 (1455665) session_ INFO    Analysis session with session id 'session_0' started (pid: 1455694)
2026-02-23 13:39:54.909094 (1455665) session_ INFO    Analysis session 'session_0' connected to the console (host: 127.0.0.1:48702)
2026-02-23 13:39:55.726536 (1455665) main____ INFO    About to exit: request to exit with status 1 received from analysis session 'session_0'
2026-02-23 13:39:55.777382 (1455665) session_ INFO    Analysis session 'session_0' disconnected.
2026-02-23 13:39:55.777533 (1455665) lic__man INFO    Unclaim everything for 'session_0'.
2026-02-23 13:39:55.778284 (1455665) session_ INFO    Process for analysis session 'session_0' has exited with exit status '1'.
2026-02-23 13:39:57.632571 (1455665) lic_core INFO    (2) checkin jasper_fao
2026-02-23 13:39:57.633883 (1455665) main____ INFO    Exiting with status 1.
