2026-02-23 14:43:51.299866 (1801510) main____ INFO    ----------------------------------------
2026-02-23 14:43:51.299944 (1801510) main____ INFO    JasperGold version info
2026-02-23 14:43:51.299960 (1801510) main____ INFO      tool      : JasperGold 2021.03
2026-02-23 14:43:51.299968 (1801510) main____ INFO      version   : 2021.03 FCS 64 bits
2026-02-23 14:43:51.299974 (1801510) main____ INFO      build date: 2021.03.23 02:50:43 UTC
2026-02-23 14:43:51.299979 (1801510) main____ INFO    ----------------------------------------
2026-02-23 14:43:51.299984 (1801510) main____ INFO    Runtime info:
2026-02-23 14:43:51.299989 (1801510) main____ INFO      platform  : Linux 5.14.0-570.84.1.el9_6.x86_64 x86_64
2026-02-23 14:43:51.299995 (1801510) main____ INFO      hostname  : della-h14n12
2026-02-23 14:43:51.300000 (1801510) main____ INFO      pid       : 1801510
2026-02-23 14:43:51.300005 (1801510) main____ INFO      arguments : '-style' 'windows' '-batch' '-proj' './verification_results/01653/jgproject' '-tcl' './jasper_verif_check.tcl'
2026-02-23 14:43:51.300012 (1801510) main____ INFO      locale    : UTF-8
2026-02-23 14:43:51.300017 (1801510) main____ INFO    ----------------------------------------
2026-02-23 14:43:51.300022 (1801510) main____ INFO    System resource limits info:
2026-02-23 14:43:51.300027 (1801510) main____ INFO      virtual memory: unlimited
2026-02-23 14:43:51.300032 (1801510) main____ INFO      cpu time      : unlimited
2026-02-23 14:43:51.300037 (1801510) main____ INFO      stack size    : unlimited
2026-02-23 14:43:51.300042 (1801510) main____ INFO      core file size: unlimited
2026-02-23 14:43:51.300049 (1801510) main____ INFO      open files    : 131072
2026-02-23 14:43:51.300054 (1801510) main____ INFO      file size     : unlimited
2026-02-23 14:43:51.300058 (1801510) main____ INFO    ----------------------------------------
2026-02-23 14:43:51.300063 (1801510) main____ INFO    Memory statistics:
2026-02-23 14:43:51.300069 (1801510) main____ INFO      total physical memory  : 1584164368 kB
2026-02-23 14:43:51.300073 (1801510) main____ INFO      free physical memory   : 598323604 kB
2026-02-23 14:43:51.300078 (1801510) main____ INFO      committed address space: 586998680 kB
2026-02-23 14:43:51.300083 (1801510) main____ INFO    ----------------------------------------
2026-02-23 14:43:51.300603 (1801510) main____ INFO    Important environment variables:
2026-02-23 14:43:51.300616 (1801510) main____ INFO      JASPER_HOME       : '/usr/licensed/cadence-20210126/jasper_2021.03'
2026-02-23 14:43:51.300623 (1801510) main____ INFO      JASPER_INSTALL_DIR: '/scratch/gpfs/LICENSED/x86_64/cadence-20210126/jasper_2021.03'
2026-02-23 14:43:51.300628 (1801510) main____ INFO      LANG              : 'en_US.UTF-8'
2026-02-23 14:43:51.300634 (1801510) main____ INFO      LM_LICENSE_FILE   : '5280@license.rc.princeton.edu'
2026-02-23 14:43:51.300639 (1801510) main____ INFO      TMPDIR            : '/tmp/ab2113/jg_5018846_25'
2026-02-23 14:43:51.300644 (1801510) main____ INFO    ----------------------------------------
2026-02-23 14:43:51.301091 (1801510) lic_core INFO    Initializing license system ...
2026-02-23 14:43:51.301593 (1801510) lic_core INFO    ... license system initialized.
2026-02-23 14:43:51.302313 (1801510) lic__man INFO    Claim 'fpv' for <ui>.
2026-02-23 14:43:51.302345 (1801510) lic_core INFO    (1) checking out 'jasper_fpv' ...
2026-02-23 14:43:51.307715 (1801510) lic_core INFO    ... (1) checkout failed (error: -5) ("FLEXnet ERROR(-5, 0, 0): No such feature exists.")
2026-02-23 14:43:51.307741 (1801510) lic_core INFO    (2) checking out 'jasper_fao' ...
2026-02-23 14:43:51.316300 (1801510) lic_core INFO    ... (2) checkout succeeded
2026-02-23 14:43:51.329422 (1801510) session_ INFO    Starting analysis session with session id 'session_0' (launcher: <local>) ...
2026-02-23 14:43:51.331930 (1801510) session_ INFO    Analysis session with session id 'session_0' started (pid: 1801518)
2026-02-23 14:43:51.836157 (1801510) session_ INFO    Analysis session 'session_0' connected to the console (host: 127.0.0.1:50460)
2026-02-23 14:43:52.318043 (1801510) main____ INFO    About to exit: request to exit with status 1 received from analysis session 'session_0'
2026-02-23 14:43:52.367233 (1801510) session_ INFO    Analysis session 'session_0' disconnected.
2026-02-23 14:43:52.367349 (1801510) lic__man INFO    Unclaim everything for 'session_0'.
2026-02-23 14:43:52.368040 (1801510) session_ INFO    Process for analysis session 'session_0' has exited with exit status '1'.
2026-02-23 14:43:54.221712 (1801510) lic_core INFO    (2) checkin jasper_fao
2026-02-23 14:43:54.223174 (1801510) main____ INFO    Exiting with status 1.
