2026-02-23 13:48:52.255670 (1709594) main____ INFO    ----------------------------------------
2026-02-23 13:48:52.255736 (1709594) main____ INFO    JasperGold version info
2026-02-23 13:48:52.255752 (1709594) main____ INFO      tool      : JasperGold 2021.03
2026-02-23 13:48:52.255760 (1709594) main____ INFO      version   : 2021.03 FCS 64 bits
2026-02-23 13:48:52.255765 (1709594) main____ INFO      build date: 2021.03.23 02:50:43 UTC
2026-02-23 13:48:52.255770 (1709594) main____ INFO    ----------------------------------------
2026-02-23 13:48:52.255775 (1709594) main____ INFO    Runtime info:
2026-02-23 13:48:52.255780 (1709594) main____ INFO      platform  : Linux 5.14.0-570.84.1.el9_6.x86_64 x86_64
2026-02-23 13:48:52.255787 (1709594) main____ INFO      hostname  : della-h14n7
2026-02-23 13:48:52.255792 (1709594) main____ INFO      pid       : 1709594
2026-02-23 13:48:52.255797 (1709594) main____ INFO      arguments : '-style' 'windows' '-batch' '-proj' './verification_results/03115/jgproject' '-tcl' './jasper_verif_check.tcl'
2026-02-23 13:48:52.255804 (1709594) main____ INFO      locale    : UTF-8
2026-02-23 13:48:52.255809 (1709594) main____ INFO    ----------------------------------------
2026-02-23 13:48:52.255813 (1709594) main____ INFO    System resource limits info:
2026-02-23 13:48:52.255818 (1709594) main____ INFO      virtual memory: unlimited
2026-02-23 13:48:52.255823 (1709594) main____ INFO      cpu time      : unlimited
2026-02-23 13:48:52.255828 (1709594) main____ INFO      stack size    : unlimited
2026-02-23 13:48:52.255833 (1709594) main____ INFO      core file size: unlimited
2026-02-23 13:48:52.255840 (1709594) main____ INFO      open files    : 131072
2026-02-23 13:48:52.255845 (1709594) main____ INFO      file size     : unlimited
2026-02-23 13:48:52.255850 (1709594) main____ INFO    ----------------------------------------
2026-02-23 13:48:52.255855 (1709594) main____ INFO    Memory statistics:
2026-02-23 13:48:52.255860 (1709594) main____ INFO      total physical memory  : 1584164356 kB
2026-02-23 13:48:52.255865 (1709594) main____ INFO      free physical memory   : 808737232 kB
2026-02-23 13:48:52.255870 (1709594) main____ INFO      committed address space: 601002484 kB
2026-02-23 13:48:52.255874 (1709594) main____ INFO    ----------------------------------------
2026-02-23 13:48:52.256390 (1709594) main____ INFO    Important environment variables:
2026-02-23 13:48:52.256402 (1709594) main____ INFO      JASPER_HOME       : '/usr/licensed/cadence-20210126/jasper_2021.03'
2026-02-23 13:48:52.256409 (1709594) main____ INFO      JASPER_INSTALL_DIR: '/scratch/gpfs/LICENSED/x86_64/cadence-20210126/jasper_2021.03'
2026-02-23 13:48:52.256414 (1709594) main____ INFO      LANG              : 'en_US.UTF-8'
2026-02-23 13:48:52.256420 (1709594) main____ INFO      LM_LICENSE_FILE   : '5280@license.rc.princeton.edu'
2026-02-23 13:48:52.256425 (1709594) main____ INFO      TMPDIR            : '/tmp/ab2113/jg_5018982_55'
2026-02-23 13:48:52.256430 (1709594) main____ INFO    ----------------------------------------
2026-02-23 13:48:52.256863 (1709594) lic_core INFO    Initializing license system ...
2026-02-23 13:48:52.257362 (1709594) lic_core INFO    ... license system initialized.
2026-02-23 13:48:52.258084 (1709594) lic__man INFO    Claim 'fpv' for <ui>.
2026-02-23 13:48:52.258114 (1709594) lic_core INFO    (1) checking out 'jasper_fpv' ...
2026-02-23 13:48:52.263188 (1709594) lic_core INFO    ... (1) checkout failed (error: -5) ("FLEXnet ERROR(-5, 0, 0): No such feature exists.")
2026-02-23 13:48:52.263213 (1709594) lic_core INFO    (2) checking out 'jasper_fao' ...
2026-02-23 13:48:52.272078 (1709594) lic_core INFO    ... (2) checkout succeeded
2026-02-23 13:48:52.282874 (1709594) session_ INFO    Starting analysis session with session id 'session_0' (launcher: <local>) ...
2026-02-23 13:48:52.285754 (1709594) session_ INFO    Analysis session with session id 'session_0' started (pid: 1709623)
2026-02-23 13:48:52.774355 (1709594) session_ INFO    Analysis session 'session_0' connected to the console (host: 127.0.0.1:51292)
2026-02-23 13:48:53.514736 (1709594) lic__man INFO    Unclaim everything for 'session_0'.
2026-02-23 13:48:53.560483 (1709594) lic__man INFO    Claim 'fpv' for 'session_0'.
2026-02-23 13:48:53.560514 (1709594) lic__man INFO    Claim 'fpv' for 'session_0/prove-0'.
2026-02-23 13:48:53.707887 (1709594) lic__man INFO    Unclaim everything for 'session_0/prove-0'.
2026-02-23 13:48:53.760310 (1709594) main____ INFO    About to exit: request to exit with status 0 received from analysis session 'session_0'
2026-02-23 13:48:53.815578 (1709594) session_ INFO    Analysis session 'session_0' disconnected.
2026-02-23 13:48:53.815690 (1709594) lic__man INFO    Unclaim everything for 'session_0'.
2026-02-23 13:48:53.816509 (1709594) session_ INFO    Process for analysis session 'session_0' has exited with exit status '0'.
2026-02-23 13:48:55.665903 (1709594) lic_core INFO    (2) checkin jasper_fao
2026-02-23 13:48:55.667371 (1709594) main____ INFO    Exiting with status 0.
