2026-02-23 13:54:40.956667 (4193792) main____ INFO    ----------------------------------------
2026-02-23 13:54:40.956765 (4193792) main____ INFO    JasperGold version info
2026-02-23 13:54:40.956782 (4193792) main____ INFO      tool      : JasperGold 2021.03
2026-02-23 13:54:40.956791 (4193792) main____ INFO      version   : 2021.03 FCS 64 bits
2026-02-23 13:54:40.956797 (4193792) main____ INFO      build date: 2021.03.23 02:50:43 UTC
2026-02-23 13:54:40.956801 (4193792) main____ INFO    ----------------------------------------
2026-02-23 13:54:40.956805 (4193792) main____ INFO    Runtime info:
2026-02-23 13:54:40.956810 (4193792) main____ INFO      platform  : Linux 5.14.0-570.84.1.el9_6.x86_64 x86_64
2026-02-23 13:54:40.956816 (4193792) main____ INFO      hostname  : della-r3c2n6
2026-02-23 13:54:40.956820 (4193792) main____ INFO      pid       : 4193792
2026-02-23 13:54:40.956825 (4193792) main____ INFO      arguments : '-style' 'windows' '-batch' '-proj' './verification_results/04026/jgproject' '-tcl' './jasper_verif_check.tcl'
2026-02-23 13:54:40.956834 (4193792) main____ INFO      locale    : UTF-8
2026-02-23 13:54:40.956838 (4193792) main____ INFO    ----------------------------------------
2026-02-23 13:54:40.956842 (4193792) main____ INFO    System resource limits info:
2026-02-23 13:54:40.956846 (4193792) main____ INFO      virtual memory: unlimited
2026-02-23 13:54:40.956850 (4193792) main____ INFO      cpu time      : unlimited
2026-02-23 13:54:40.956854 (4193792) main____ INFO      stack size    : unlimited
2026-02-23 13:54:40.956859 (4193792) main____ INFO      core file size: unlimited
2026-02-23 13:54:40.956866 (4193792) main____ INFO      open files    : 131072
2026-02-23 13:54:40.956870 (4193792) main____ INFO      file size     : unlimited
2026-02-23 13:54:40.956874 (4193792) main____ INFO    ----------------------------------------
2026-02-23 13:54:40.956878 (4193792) main____ INFO    Memory statistics:
2026-02-23 13:54:40.956883 (4193792) main____ INFO      total physical memory  : 195972160 kB
2026-02-23 13:54:40.956887 (4193792) main____ INFO      free physical memory   : 143538032 kB
2026-02-23 13:54:40.956891 (4193792) main____ INFO      committed address space: 39923404 kB
2026-02-23 13:54:40.956894 (4193792) main____ INFO    ----------------------------------------
2026-02-23 13:54:40.957870 (4193792) main____ INFO    Important environment variables:
2026-02-23 13:54:40.957891 (4193792) main____ INFO      JASPER_HOME       : '/usr/licensed/cadence-20210126/jasper_2021.03'
2026-02-23 13:54:40.957897 (4193792) main____ INFO      JASPER_INSTALL_DIR: '/scratch/gpfs/LICENSED/x86_64/cadence-20210126/jasper_2021.03'
2026-02-23 13:54:40.957902 (4193792) main____ INFO      LANG              : 'en_US.UTF-8'
2026-02-23 13:54:40.957907 (4193792) main____ INFO      LM_LICENSE_FILE   : '5280@license.rc.princeton.edu'
2026-02-23 13:54:40.957913 (4193792) main____ INFO      TMPDIR            : '/tmp/ab2113/jg_5019092_73'
2026-02-23 13:54:40.957917 (4193792) main____ INFO    ----------------------------------------
2026-02-23 13:54:40.958751 (4193792) lic_core INFO    Initializing license system ...
2026-02-23 13:54:40.959596 (4193792) lic_core INFO    ... license system initialized.
2026-02-23 13:54:40.960390 (4193792) lic__man INFO    Claim 'fpv' for <ui>.
2026-02-23 13:54:40.960432 (4193792) lic_core INFO    (1) checking out 'jasper_fpv' ...
2026-02-23 13:54:40.966196 (4193792) lic_core INFO    ... (1) checkout failed (error: -5) ("FLEXnet ERROR(-5, 0, 0): No such feature exists.")
2026-02-23 13:54:40.966259 (4193792) lic_core INFO    (2) checking out 'jasper_fao' ...
2026-02-23 13:54:40.977006 (4193792) lic_core INFO    ... (2) checkout succeeded
2026-02-23 13:54:40.991754 (4193792) session_ INFO    Starting analysis session with session id 'session_0' (launcher: <local>) ...
2026-02-23 13:54:40.994641 (4193792) session_ INFO    Analysis session with session id 'session_0' started (pid: 4193800)
2026-02-23 13:54:41.702717 (4193792) session_ INFO    Analysis session 'session_0' connected to the console (host: 127.0.0.1:60316)
2026-02-23 13:54:42.615312 (4193792) main____ INFO    About to exit: request to exit with status 1 received from analysis session 'session_0'
2026-02-23 13:54:42.691217 (4193792) session_ INFO    Analysis session 'session_0' disconnected.
2026-02-23 13:54:42.691343 (4193792) lic__man INFO    Unclaim everything for 'session_0'.
2026-02-23 13:54:42.691731 (4193792) session_ INFO    Process for analysis session 'session_0' has exited with exit status '1'.
2026-02-23 13:54:44.715613 (4193792) lic_core INFO    (2) checkin jasper_fao
2026-02-23 13:54:44.717121 (4193792) main____ INFO    Exiting with status 1.
