2026-02-23 13:27:11.921574 (917029) main____ INFO    ----------------------------------------
2026-02-23 13:27:11.921677 (917029) main____ INFO    JasperGold version info
2026-02-23 13:27:11.921694 (917029) main____ INFO      tool      : JasperGold 2021.03
2026-02-23 13:27:11.921704 (917029) main____ INFO      version   : 2021.03 FCS 64 bits
2026-02-23 13:27:11.921710 (917029) main____ INFO      build date: 2021.03.23 02:50:43 UTC
2026-02-23 13:27:11.921716 (917029) main____ INFO    ----------------------------------------
2026-02-23 13:27:11.921723 (917029) main____ INFO    Runtime info:
2026-02-23 13:27:11.921729 (917029) main____ INFO      platform  : Linux 5.14.0-570.84.1.el9_6.x86_64 x86_64
2026-02-23 13:27:11.921736 (917029) main____ INFO      hostname  : della-h14n16
2026-02-23 13:27:11.921742 (917029) main____ INFO      pid       : 917029
2026-02-23 13:27:11.921749 (917029) main____ INFO      arguments : '-style' 'windows' '-batch' '-proj' './verification_results/00485/jgproject' '-tcl' './jasper_verif_check.tcl'
2026-02-23 13:27:11.921758 (917029) main____ INFO      locale    : UTF-8
2026-02-23 13:27:11.921764 (917029) main____ INFO    ----------------------------------------
2026-02-23 13:27:11.921770 (917029) main____ INFO    System resource limits info:
2026-02-23 13:27:11.921776 (917029) main____ INFO      virtual memory: unlimited
2026-02-23 13:27:11.921781 (917029) main____ INFO      cpu time      : unlimited
2026-02-23 13:27:11.921787 (917029) main____ INFO      stack size    : unlimited
2026-02-23 13:27:11.921791 (917029) main____ INFO      core file size: unlimited
2026-02-23 13:27:11.921799 (917029) main____ INFO      open files    : 131072
2026-02-23 13:27:11.921806 (917029) main____ INFO      file size     : unlimited
2026-02-23 13:27:11.921811 (917029) main____ INFO    ----------------------------------------
2026-02-23 13:27:11.921817 (917029) main____ INFO    Memory statistics:
2026-02-23 13:27:11.921824 (917029) main____ INFO      total physical memory  : 1584164324 kB
2026-02-23 13:27:11.921829 (917029) main____ INFO      free physical memory   : 932259380 kB
2026-02-23 13:27:11.921833 (917029) main____ INFO      committed address space: 440361340 kB
2026-02-23 13:27:11.921839 (917029) main____ INFO    ----------------------------------------
2026-02-23 13:27:11.922386 (917029) main____ INFO    Important environment variables:
2026-02-23 13:27:11.922406 (917029) main____ INFO      JASPER_HOME       : '/usr/licensed/cadence-20210126/jasper_2021.03'
2026-02-23 13:27:11.922414 (917029) main____ INFO      JASPER_INSTALL_DIR: '/scratch/gpfs/LICENSED/x86_64/cadence-20210126/jasper_2021.03'
2026-02-23 13:27:11.922421 (917029) main____ INFO      LANG              : 'en_US.UTF-8'
2026-02-23 13:27:11.922426 (917029) main____ INFO      LM_LICENSE_FILE   : '5280@license.rc.princeton.edu'
2026-02-23 13:27:11.922431 (917029) main____ INFO      TMPDIR            : '/tmp/ab2113/jg_5018481_273'
2026-02-23 13:27:11.922439 (917029) main____ INFO    ----------------------------------------
2026-02-23 13:27:11.926846 (917029) lic_core INFO    Initializing license system ...
2026-02-23 13:27:11.930138 (917029) lic_core INFO    ... license system initialized.
2026-02-23 13:27:11.931452 (917029) lic__man INFO    Claim 'fpv' for <ui>.
2026-02-23 13:27:11.931529 (917029) lic_core INFO    (1) checking out 'jasper_fpv' ...
2026-02-23 13:27:11.941565 (917029) lic_core INFO    ... (1) checkout failed (error: -5) ("FLEXnet ERROR(-5, 0, 0): No such feature exists.")
2026-02-23 13:27:11.941618 (917029) lic_core INFO    (2) checking out 'jasper_fao' ...
2026-02-23 13:27:11.951338 (917029) lic_core INFO    ... (2) checkout succeeded
2026-02-23 13:27:11.976031 (917029) session_ INFO    Starting analysis session with session id 'session_0' (launcher: <local>) ...
2026-02-23 13:27:11.979136 (917029) session_ INFO    Analysis session with session id 'session_0' started (pid: 917037)
2026-02-23 13:27:12.936123 (917029) session_ INFO    Analysis session 'session_0' connected to the console (host: 127.0.0.1:51930)
2026-02-23 13:27:13.563884 (917029) main____ INFO    About to exit: request to exit with status 1 received from analysis session 'session_0'
2026-02-23 13:27:13.638005 (917029) session_ INFO    Analysis session 'session_0' disconnected.
2026-02-23 13:27:13.638252 (917029) lic__man INFO    Unclaim everything for 'session_0'.
2026-02-23 13:27:13.639716 (917029) session_ INFO    Process for analysis session 'session_0' has exited with exit status '1'.
2026-02-23 13:27:15.610767 (917029) lic_core INFO    (2) checkin jasper_fao
2026-02-23 13:27:15.612547 (917029) main____ INFO    Exiting with status 1.
