2026-02-23 13:49:51.784982 (2387214) main____ INFO    ----------------------------------------
2026-02-23 13:49:51.785081 (2387214) main____ INFO    JasperGold version info
2026-02-23 13:49:51.785099 (2387214) main____ INFO      tool      : JasperGold 2021.03
2026-02-23 13:49:51.785106 (2387214) main____ INFO      version   : 2021.03 FCS 64 bits
2026-02-23 13:49:51.785112 (2387214) main____ INFO      build date: 2021.03.23 02:50:43 UTC
2026-02-23 13:49:51.785117 (2387214) main____ INFO    ----------------------------------------
2026-02-23 13:49:51.785122 (2387214) main____ INFO    Runtime info:
2026-02-23 13:49:51.785127 (2387214) main____ INFO      platform  : Linux 5.14.0-570.84.1.el9_6.x86_64 x86_64
2026-02-23 13:49:51.785133 (2387214) main____ INFO      hostname  : della-h14n8
2026-02-23 13:49:51.785140 (2387214) main____ INFO      pid       : 2387214
2026-02-23 13:49:51.785145 (2387214) main____ INFO      arguments : '-style' 'windows' '-batch' '-proj' './verification_results/02996/jgproject' '-tcl' './jasper_verif_check.tcl'
2026-02-23 13:49:51.785153 (2387214) main____ INFO      locale    : UTF-8
2026-02-23 13:49:51.785158 (2387214) main____ INFO    ----------------------------------------
2026-02-23 13:49:51.785163 (2387214) main____ INFO    System resource limits info:
2026-02-23 13:49:51.785168 (2387214) main____ INFO      virtual memory: unlimited
2026-02-23 13:49:51.785173 (2387214) main____ INFO      cpu time      : unlimited
2026-02-23 13:49:51.785178 (2387214) main____ INFO      stack size    : unlimited
2026-02-23 13:49:51.785182 (2387214) main____ INFO      core file size: unlimited
2026-02-23 13:49:51.785189 (2387214) main____ INFO      open files    : 131072
2026-02-23 13:49:51.785194 (2387214) main____ INFO      file size     : unlimited
2026-02-23 13:49:51.785199 (2387214) main____ INFO    ----------------------------------------
2026-02-23 13:49:51.785204 (2387214) main____ INFO    Memory statistics:
2026-02-23 13:49:51.785209 (2387214) main____ INFO      total physical memory  : 1584164340 kB
2026-02-23 13:49:51.785213 (2387214) main____ INFO      free physical memory   : 761172948 kB
2026-02-23 13:49:51.785218 (2387214) main____ INFO      committed address space: 531813984 kB
2026-02-23 13:49:51.785223 (2387214) main____ INFO    ----------------------------------------
2026-02-23 13:49:51.785757 (2387214) main____ INFO    Important environment variables:
2026-02-23 13:49:51.785774 (2387214) main____ INFO      JASPER_HOME       : '/usr/licensed/cadence-20210126/jasper_2021.03'
2026-02-23 13:49:51.785781 (2387214) main____ INFO      JASPER_INSTALL_DIR: '/scratch/gpfs/LICENSED/x86_64/cadence-20210126/jasper_2021.03'
2026-02-23 13:49:51.785788 (2387214) main____ INFO      LANG              : 'en_US.UTF-8'
2026-02-23 13:49:51.785793 (2387214) main____ INFO      LM_LICENSE_FILE   : '5280@license.rc.princeton.edu'
2026-02-23 13:49:51.785799 (2387214) main____ INFO      TMPDIR            : '/tmp/ab2113/jg_5018966_52'
2026-02-23 13:49:51.785803 (2387214) main____ INFO    ----------------------------------------
2026-02-23 13:49:51.786274 (2387214) lic_core INFO    Initializing license system ...
2026-02-23 13:49:51.786879 (2387214) lic_core INFO    ... license system initialized.
2026-02-23 13:49:51.787817 (2387214) lic__man INFO    Claim 'fpv' for <ui>.
2026-02-23 13:49:51.787855 (2387214) lic_core INFO    (1) checking out 'jasper_fpv' ...
2026-02-23 13:49:51.793884 (2387214) lic_core INFO    ... (1) checkout failed (error: -5) ("FLEXnet ERROR(-5, 0, 0): No such feature exists.")
2026-02-23 13:49:51.793913 (2387214) lic_core INFO    (2) checking out 'jasper_fao' ...
2026-02-23 13:49:51.803128 (2387214) lic_core INFO    ... (2) checkout succeeded
2026-02-23 13:49:51.815867 (2387214) session_ INFO    Starting analysis session with session id 'session_0' (launcher: <local>) ...
2026-02-23 13:49:51.818949 (2387214) session_ INFO    Analysis session with session id 'session_0' started (pid: 2387222)
2026-02-23 13:49:52.374416 (2387214) session_ INFO    Analysis session 'session_0' connected to the console (host: 127.0.0.1:43610)
2026-02-23 13:49:53.142647 (2387214) lic__man INFO    Unclaim everything for 'session_0'.
2026-02-23 13:49:53.180935 (2387214) lic__man INFO    Claim 'fpv' for 'session_0'.
2026-02-23 13:49:53.180980 (2387214) lic__man INFO    Claim 'fpv' for 'session_0/prove-0'.
2026-02-23 13:49:53.379830 (2387214) lic__man INFO    Unclaim everything for 'session_0/prove-0'.
2026-02-23 13:49:53.435828 (2387214) main____ INFO    About to exit: request to exit with status 0 received from analysis session 'session_0'
2026-02-23 13:49:53.492958 (2387214) session_ INFO    Analysis session 'session_0' disconnected.
2026-02-23 13:49:53.493131 (2387214) lic__man INFO    Unclaim everything for 'session_0'.
2026-02-23 13:49:53.494029 (2387214) session_ INFO    Process for analysis session 'session_0' has exited with exit status '0'.
2026-02-23 13:49:55.543906 (2387214) lic_core INFO    (2) checkin jasper_fao
2026-02-23 13:49:55.593006 (2387214) main____ INFO    Exiting with status 0.
