2026-02-23 13:39:10.321510 (1447801) main____ INFO    ----------------------------------------
2026-02-23 13:39:10.321610 (1447801) main____ INFO    JasperGold version info
2026-02-23 13:39:10.321630 (1447801) main____ INFO      tool      : JasperGold 2021.03
2026-02-23 13:39:10.321640 (1447801) main____ INFO      version   : 2021.03 FCS 64 bits
2026-02-23 13:39:10.321646 (1447801) main____ INFO      build date: 2021.03.23 02:50:43 UTC
2026-02-23 13:39:10.321651 (1447801) main____ INFO    ----------------------------------------
2026-02-23 13:39:10.321657 (1447801) main____ INFO    Runtime info:
2026-02-23 13:39:10.321663 (1447801) main____ INFO      platform  : Linux 5.14.0-570.84.1.el9_6.x86_64 x86_64
2026-02-23 13:39:10.321669 (1447801) main____ INFO      hostname  : della-h14n5
2026-02-23 13:39:10.321675 (1447801) main____ INFO      pid       : 1447801
2026-02-23 13:39:10.321680 (1447801) main____ INFO      arguments : '-style' 'windows' '-batch' '-proj' './verification_results/00596/jgproject' '-tcl' './jasper_verif_check.tcl'
2026-02-23 13:39:10.321691 (1447801) main____ INFO      locale    : UTF-8
2026-02-23 13:39:10.321697 (1447801) main____ INFO    ----------------------------------------
2026-02-23 13:39:10.321702 (1447801) main____ INFO    System resource limits info:
2026-02-23 13:39:10.321708 (1447801) main____ INFO      virtual memory: unlimited
2026-02-23 13:39:10.321714 (1447801) main____ INFO      cpu time      : unlimited
2026-02-23 13:39:10.321719 (1447801) main____ INFO      stack size    : unlimited
2026-02-23 13:39:10.321725 (1447801) main____ INFO      core file size: unlimited
2026-02-23 13:39:10.321733 (1447801) main____ INFO      open files    : 131072
2026-02-23 13:39:10.321739 (1447801) main____ INFO      file size     : unlimited
2026-02-23 13:39:10.321745 (1447801) main____ INFO    ----------------------------------------
2026-02-23 13:39:10.321750 (1447801) main____ INFO    Memory statistics:
2026-02-23 13:39:10.321755 (1447801) main____ INFO      total physical memory  : 1584164368 kB
2026-02-23 13:39:10.321761 (1447801) main____ INFO      free physical memory   : 702627460 kB
2026-02-23 13:39:10.321766 (1447801) main____ INFO      committed address space: 537541044 kB
2026-02-23 13:39:10.321772 (1447801) main____ INFO    ----------------------------------------
2026-02-23 13:39:10.322352 (1447801) main____ INFO    Important environment variables:
2026-02-23 13:39:10.322375 (1447801) main____ INFO      JASPER_HOME       : '/usr/licensed/cadence-20210126/jasper_2021.03'
2026-02-23 13:39:10.322382 (1447801) main____ INFO      JASPER_INSTALL_DIR: '/scratch/gpfs/LICENSED/x86_64/cadence-20210126/jasper_2021.03'
2026-02-23 13:39:10.322389 (1447801) main____ INFO      LANG              : 'en_US.UTF-8'
2026-02-23 13:39:10.322397 (1447801) main____ INFO      LM_LICENSE_FILE   : '5280@license.rc.princeton.edu'
2026-02-23 13:39:10.322404 (1447801) main____ INFO      TMPDIR            : '/tmp/ab2113/jg_5018706_4'
2026-02-23 13:39:10.322409 (1447801) main____ INFO    ----------------------------------------
2026-02-23 13:39:10.323291 (1447801) lic_core INFO    Initializing license system ...
2026-02-23 13:39:10.324113 (1447801) lic_core INFO    ... license system initialized.
2026-02-23 13:39:10.325165 (1447801) lic__man INFO    Claim 'fpv' for <ui>.
2026-02-23 13:39:10.325218 (1447801) lic_core INFO    (1) checking out 'jasper_fpv' ...
2026-02-23 13:39:10.331284 (1447801) lic_core INFO    ... (1) checkout failed (error: -5) ("FLEXnet ERROR(-5, 0, 0): No such feature exists.")
2026-02-23 13:39:10.331344 (1447801) lic_core INFO    (2) checking out 'jasper_fao' ...
2026-02-23 13:39:10.340587 (1447801) lic_core INFO    ... (2) checkout succeeded
2026-02-23 13:39:10.353051 (1447801) session_ INFO    Starting analysis session with session id 'session_0' (launcher: <local>) ...
2026-02-23 13:39:10.356995 (1447801) session_ INFO    Analysis session with session id 'session_0' started (pid: 1447821)
2026-02-23 13:39:10.945505 (1447801) session_ INFO    Analysis session 'session_0' connected to the console (host: 127.0.0.1:34740)
2026-02-23 13:39:11.468538 (1447801) main____ INFO    About to exit: request to exit with status 1 received from analysis session 'session_0'
2026-02-23 13:39:11.530059 (1447801) session_ INFO    Analysis session 'session_0' disconnected.
2026-02-23 13:39:11.530208 (1447801) lic__man INFO    Unclaim everything for 'session_0'.
2026-02-23 13:39:11.530719 (1447801) session_ INFO    Process for analysis session 'session_0' has exited with exit status '1'.
2026-02-23 13:39:13.574085 (1447801) lic_core INFO    (2) checkin jasper_fao
2026-02-23 13:39:13.575287 (1447801) main____ INFO    Exiting with status 1.
