2026-02-23 13:40:46.839621 (926377) main____ INFO    ----------------------------------------
2026-02-23 13:40:46.839691 (926377) main____ INFO    JasperGold version info
2026-02-23 13:40:46.839708 (926377) main____ INFO      tool      : JasperGold 2021.03
2026-02-23 13:40:46.839716 (926377) main____ INFO      version   : 2021.03 FCS 64 bits
2026-02-23 13:40:46.839720 (926377) main____ INFO      build date: 2021.03.23 02:50:43 UTC
2026-02-23 13:40:46.839724 (926377) main____ INFO    ----------------------------------------
2026-02-23 13:40:46.839728 (926377) main____ INFO    Runtime info:
2026-02-23 13:40:46.839732 (926377) main____ INFO      platform  : Linux 5.14.0-570.84.1.el9_6.x86_64 x86_64
2026-02-23 13:40:46.839737 (926377) main____ INFO      hostname  : della-i13n12
2026-02-23 13:40:46.839741 (926377) main____ INFO      pid       : 926377
2026-02-23 13:40:46.839745 (926377) main____ INFO      arguments : '-style' 'windows' '-batch' '-proj' './verification_results/01465/jgproject' '-tcl' './jasper_verif_check.tcl'
2026-02-23 13:40:46.839752 (926377) main____ INFO      locale    : UTF-8
2026-02-23 13:40:46.839756 (926377) main____ INFO    ----------------------------------------
2026-02-23 13:40:46.839760 (926377) main____ INFO    System resource limits info:
2026-02-23 13:40:46.839764 (926377) main____ INFO      virtual memory: unlimited
2026-02-23 13:40:46.839768 (926377) main____ INFO      cpu time      : unlimited
2026-02-23 13:40:46.839772 (926377) main____ INFO      stack size    : unlimited
2026-02-23 13:40:46.839776 (926377) main____ INFO      core file size: unlimited
2026-02-23 13:40:46.839782 (926377) main____ INFO      open files    : 131072
2026-02-23 13:40:46.839786 (926377) main____ INFO      file size     : unlimited
2026-02-23 13:40:46.839790 (926377) main____ INFO    ----------------------------------------
2026-02-23 13:40:46.839794 (926377) main____ INFO    Memory statistics:
2026-02-23 13:40:46.839798 (926377) main____ INFO      total physical memory  : 394157548 kB
2026-02-23 13:40:46.839802 (926377) main____ INFO      free physical memory   : 224002080 kB
2026-02-23 13:40:46.839805 (926377) main____ INFO      committed address space: 109618052 kB
2026-02-23 13:40:46.839809 (926377) main____ INFO    ----------------------------------------
2026-02-23 13:40:46.840681 (926377) main____ INFO    Important environment variables:
2026-02-23 13:40:46.840696 (926377) main____ INFO      JASPER_HOME       : '/usr/licensed/cadence-20210126/jasper_2021.03'
2026-02-23 13:40:46.840701 (926377) main____ INFO      JASPER_INSTALL_DIR: '/scratch/gpfs/LICENSED/x86_64/cadence-20210126/jasper_2021.03'
2026-02-23 13:40:46.840706 (926377) main____ INFO      LANG              : 'en_US.UTF-8'
2026-02-23 13:40:46.840710 (926377) main____ INFO      LM_LICENSE_FILE   : '5280@license.rc.princeton.edu'
2026-02-23 13:40:46.840715 (926377) main____ INFO      TMPDIR            : '/tmp/ab2113/jg_5018840_22'
2026-02-23 13:40:46.840719 (926377) main____ INFO    ----------------------------------------
2026-02-23 13:40:46.841474 (926377) lic_core INFO    Initializing license system ...
2026-02-23 13:40:46.842223 (926377) lic_core INFO    ... license system initialized.
2026-02-23 13:40:46.842879 (926377) lic__man INFO    Claim 'fpv' for <ui>.
2026-02-23 13:40:46.842912 (926377) lic_core INFO    (1) checking out 'jasper_fpv' ...
2026-02-23 13:40:46.848439 (926377) lic_core INFO    ... (1) checkout failed (error: -5) ("FLEXnet ERROR(-5, 0, 0): No such feature exists.")
2026-02-23 13:40:46.848468 (926377) lic_core INFO    (2) checking out 'jasper_fao' ...
2026-02-23 13:40:46.858340 (926377) lic_core INFO    ... (2) checkout succeeded
2026-02-23 13:40:46.872144 (926377) session_ INFO    Starting analysis session with session id 'session_0' (launcher: <local>) ...
2026-02-23 13:40:46.874706 (926377) session_ INFO    Analysis session with session id 'session_0' started (pid: 926385)
2026-02-23 13:40:47.482948 (926377) session_ INFO    Analysis session 'session_0' connected to the console (host: 127.0.0.1:51484)
2026-02-23 13:40:48.035201 (926377) main____ INFO    About to exit: request to exit with status 1 received from analysis session 'session_0'
2026-02-23 13:40:48.102602 (926377) session_ INFO    Analysis session 'session_0' disconnected.
2026-02-23 13:40:48.102722 (926377) lic__man INFO    Unclaim everything for 'session_0'.
2026-02-23 13:40:48.103276 (926377) session_ INFO    Process for analysis session 'session_0' has exited with exit status '1'.
2026-02-23 13:40:49.994388 (926377) lic_core INFO    (2) checkin jasper_fao
2026-02-23 13:40:49.995819 (926377) main____ INFO    Exiting with status 1.
