2026-02-23 13:54:34.838129 (1955414) main____ INFO    ----------------------------------------
2026-02-23 13:54:34.838207 (1955414) main____ INFO    JasperGold version info
2026-02-23 13:54:34.838222 (1955414) main____ INFO      tool      : JasperGold 2021.03
2026-02-23 13:54:34.838231 (1955414) main____ INFO      version   : 2021.03 FCS 64 bits
2026-02-23 13:54:34.838236 (1955414) main____ INFO      build date: 2021.03.23 02:50:43 UTC
2026-02-23 13:54:34.838240 (1955414) main____ INFO    ----------------------------------------
2026-02-23 13:54:34.838244 (1955414) main____ INFO    Runtime info:
2026-02-23 13:54:34.838249 (1955414) main____ INFO      platform  : Linux 5.14.0-570.84.1.el9_6.x86_64 x86_64
2026-02-23 13:54:34.838255 (1955414) main____ INFO      hostname  : della-r3c1n5
2026-02-23 13:54:34.838259 (1955414) main____ INFO      pid       : 1955414
2026-02-23 13:54:34.838264 (1955414) main____ INFO      arguments : '-style' 'windows' '-batch' '-proj' './verification_results/03933/jgproject' '-tcl' './jasper_verif_check.tcl'
2026-02-23 13:54:34.838272 (1955414) main____ INFO      locale    : UTF-8
2026-02-23 13:54:34.838276 (1955414) main____ INFO    ----------------------------------------
2026-02-23 13:54:34.838280 (1955414) main____ INFO    System resource limits info:
2026-02-23 13:54:34.838284 (1955414) main____ INFO      virtual memory: unlimited
2026-02-23 13:54:34.838289 (1955414) main____ INFO      cpu time      : unlimited
2026-02-23 13:54:34.838293 (1955414) main____ INFO      stack size    : unlimited
2026-02-23 13:54:34.838298 (1955414) main____ INFO      core file size: unlimited
2026-02-23 13:54:34.838304 (1955414) main____ INFO      open files    : 131072
2026-02-23 13:54:34.838309 (1955414) main____ INFO      file size     : unlimited
2026-02-23 13:54:34.838313 (1955414) main____ INFO    ----------------------------------------
2026-02-23 13:54:34.838317 (1955414) main____ INFO    Memory statistics:
2026-02-23 13:54:34.838321 (1955414) main____ INFO      total physical memory  : 195972056 kB
2026-02-23 13:54:34.838326 (1955414) main____ INFO      free physical memory   : 133931828 kB
2026-02-23 13:54:34.838330 (1955414) main____ INFO      committed address space: 56902124 kB
2026-02-23 13:54:34.838333 (1955414) main____ INFO    ----------------------------------------
2026-02-23 13:54:34.839371 (1955414) main____ INFO    Important environment variables:
2026-02-23 13:54:34.839386 (1955414) main____ INFO      JASPER_HOME       : '/usr/licensed/cadence-20210126/jasper_2021.03'
2026-02-23 13:54:34.839392 (1955414) main____ INFO      JASPER_INSTALL_DIR: '/scratch/gpfs/LICENSED/x86_64/cadence-20210126/jasper_2021.03'
2026-02-23 13:54:34.839397 (1955414) main____ INFO      LANG              : 'en_US.UTF-8'
2026-02-23 13:54:34.839402 (1955414) main____ INFO      LM_LICENSE_FILE   : '5280@license.rc.princeton.edu'
2026-02-23 13:54:34.839407 (1955414) main____ INFO      TMPDIR            : '/tmp/ab2113/jg_5019080_71'
2026-02-23 13:54:34.839412 (1955414) main____ INFO    ----------------------------------------
2026-02-23 13:54:34.839870 (1955414) lic_core INFO    Initializing license system ...
2026-02-23 13:54:34.840683 (1955414) lic_core INFO    ... license system initialized.
2026-02-23 13:54:34.841422 (1955414) lic__man INFO    Claim 'fpv' for <ui>.
2026-02-23 13:54:34.841460 (1955414) lic_core INFO    (1) checking out 'jasper_fpv' ...
2026-02-23 13:54:34.847347 (1955414) lic_core INFO    ... (1) checkout failed (error: -5) ("FLEXnet ERROR(-5, 0, 0): No such feature exists.")
2026-02-23 13:54:34.847380 (1955414) lic_core INFO    (2) checking out 'jasper_fao' ...
2026-02-23 13:54:34.858244 (1955414) lic_core INFO    ... (2) checkout succeeded
2026-02-23 13:54:34.873295 (1955414) session_ INFO    Starting analysis session with session id 'session_0' (launcher: <local>) ...
2026-02-23 13:54:34.876524 (1955414) session_ INFO    Analysis session with session id 'session_0' started (pid: 1955422)
2026-02-23 13:54:35.582349 (1955414) session_ INFO    Analysis session 'session_0' connected to the console (host: 127.0.0.1:50486)
2026-02-23 13:54:36.202228 (1955414) main____ INFO    About to exit: request to exit with status 1 received from analysis session 'session_0'
2026-02-23 13:54:36.276862 (1955414) session_ INFO    Analysis session 'session_0' disconnected.
2026-02-23 13:54:36.276987 (1955414) lic__man INFO    Unclaim everything for 'session_0'.
2026-02-23 13:54:36.277394 (1955414) session_ INFO    Process for analysis session 'session_0' has exited with exit status '1'.
2026-02-23 13:54:38.107221 (1955414) lic_core INFO    (2) checkin jasper_fao
2026-02-23 13:54:38.108888 (1955414) main____ INFO    Exiting with status 1.
