2026-02-23 13:48:16.335152 (2381516) main____ INFO    ----------------------------------------
2026-02-23 13:48:16.335229 (2381516) main____ INFO    JasperGold version info
2026-02-23 13:48:16.335246 (2381516) main____ INFO      tool      : JasperGold 2021.03
2026-02-23 13:48:16.335254 (2381516) main____ INFO      version   : 2021.03 FCS 64 bits
2026-02-23 13:48:16.335259 (2381516) main____ INFO      build date: 2021.03.23 02:50:43 UTC
2026-02-23 13:48:16.335264 (2381516) main____ INFO    ----------------------------------------
2026-02-23 13:48:16.335269 (2381516) main____ INFO    Runtime info:
2026-02-23 13:48:16.335274 (2381516) main____ INFO      platform  : Linux 5.14.0-570.84.1.el9_6.x86_64 x86_64
2026-02-23 13:48:16.335280 (2381516) main____ INFO      hostname  : della-h14n8
2026-02-23 13:48:16.335286 (2381516) main____ INFO      pid       : 2381516
2026-02-23 13:48:16.335291 (2381516) main____ INFO      arguments : '-style' 'windows' '-batch' '-proj' './verification_results/02969/jgproject' '-tcl' './jasper_verif_check.tcl'
2026-02-23 13:48:16.335298 (2381516) main____ INFO      locale    : UTF-8
2026-02-23 13:48:16.335303 (2381516) main____ INFO    ----------------------------------------
2026-02-23 13:48:16.335308 (2381516) main____ INFO    System resource limits info:
2026-02-23 13:48:16.335313 (2381516) main____ INFO      virtual memory: unlimited
2026-02-23 13:48:16.335318 (2381516) main____ INFO      cpu time      : unlimited
2026-02-23 13:48:16.335323 (2381516) main____ INFO      stack size    : unlimited
2026-02-23 13:48:16.335328 (2381516) main____ INFO      core file size: unlimited
2026-02-23 13:48:16.335336 (2381516) main____ INFO      open files    : 131072
2026-02-23 13:48:16.335341 (2381516) main____ INFO      file size     : unlimited
2026-02-23 13:48:16.335345 (2381516) main____ INFO    ----------------------------------------
2026-02-23 13:48:16.335350 (2381516) main____ INFO    Memory statistics:
2026-02-23 13:48:16.335356 (2381516) main____ INFO      total physical memory  : 1584164340 kB
2026-02-23 13:48:16.335361 (2381516) main____ INFO      free physical memory   : 762112616 kB
2026-02-23 13:48:16.335366 (2381516) main____ INFO      committed address space: 528859936 kB
2026-02-23 13:48:16.335370 (2381516) main____ INFO    ----------------------------------------
2026-02-23 13:48:16.335909 (2381516) main____ INFO    Important environment variables:
2026-02-23 13:48:16.335923 (2381516) main____ INFO      JASPER_HOME       : '/usr/licensed/cadence-20210126/jasper_2021.03'
2026-02-23 13:48:16.335929 (2381516) main____ INFO      JASPER_INSTALL_DIR: '/scratch/gpfs/LICENSED/x86_64/cadence-20210126/jasper_2021.03'
2026-02-23 13:48:16.335935 (2381516) main____ INFO      LANG              : 'en_US.UTF-8'
2026-02-23 13:48:16.335940 (2381516) main____ INFO      LM_LICENSE_FILE   : '5280@license.rc.princeton.edu'
2026-02-23 13:48:16.335946 (2381516) main____ INFO      TMPDIR            : '/tmp/ab2113/jg_5018966_52'
2026-02-23 13:48:16.335951 (2381516) main____ INFO    ----------------------------------------
2026-02-23 13:48:16.336493 (2381516) lic_core INFO    Initializing license system ...
2026-02-23 13:48:16.337107 (2381516) lic_core INFO    ... license system initialized.
2026-02-23 13:48:16.337955 (2381516) lic__man INFO    Claim 'fpv' for <ui>.
2026-02-23 13:48:16.337994 (2381516) lic_core INFO    (1) checking out 'jasper_fpv' ...
2026-02-23 13:48:16.343539 (2381516) lic_core INFO    ... (1) checkout failed (error: -5) ("FLEXnet ERROR(-5, 0, 0): No such feature exists.")
2026-02-23 13:48:16.343567 (2381516) lic_core INFO    (2) checking out 'jasper_fao' ...
2026-02-23 13:48:16.352737 (2381516) lic_core INFO    ... (2) checkout succeeded
2026-02-23 13:48:16.365031 (2381516) session_ INFO    Starting analysis session with session id 'session_0' (launcher: <local>) ...
2026-02-23 13:48:16.368029 (2381516) session_ INFO    Analysis session with session id 'session_0' started (pid: 2381524)
2026-02-23 13:48:16.912928 (2381516) session_ INFO    Analysis session 'session_0' connected to the console (host: 127.0.0.1:36684)
2026-02-23 13:48:17.666412 (2381516) lic__man INFO    Unclaim everything for 'session_0'.
2026-02-23 13:48:17.722901 (2381516) main____ INFO    About to exit: request to exit with status 3 received from analysis session 'session_0'
2026-02-23 13:48:17.776635 (2381516) session_ INFO    Analysis session 'session_0' disconnected.
2026-02-23 13:48:17.776806 (2381516) lic__man INFO    Unclaim everything for 'session_0'.
2026-02-23 13:48:17.777692 (2381516) session_ INFO    Process for analysis session 'session_0' has exited with exit status '3'.
2026-02-23 13:48:19.627568 (2381516) lic_core INFO    (2) checkin jasper_fao
2026-02-23 13:48:19.629334 (2381516) main____ INFO    Exiting with status 3.
