2026-02-23 13:57:04.729568 (2931040) main____ INFO    ----------------------------------------
2026-02-23 13:57:04.729676 (2931040) main____ INFO    JasperGold version info
2026-02-23 13:57:04.729693 (2931040) main____ INFO      tool      : JasperGold 2021.03
2026-02-23 13:57:04.729703 (2931040) main____ INFO      version   : 2021.03 FCS 64 bits
2026-02-23 13:57:04.729707 (2931040) main____ INFO      build date: 2021.03.23 02:50:43 UTC
2026-02-23 13:57:04.729710 (2931040) main____ INFO    ----------------------------------------
2026-02-23 13:57:04.729714 (2931040) main____ INFO    Runtime info:
2026-02-23 13:57:04.729718 (2931040) main____ INFO      platform  : Linux 5.14.0-570.84.1.el9_6.x86_64 x86_64
2026-02-23 13:57:04.729723 (2931040) main____ INFO      hostname  : della-h12n18
2026-02-23 13:57:04.729727 (2931040) main____ INFO      pid       : 2931040
2026-02-23 13:57:04.729731 (2931040) main____ INFO      arguments : '-style' 'windows' '-batch' '-proj' './verification_results/04234/jgproject' '-tcl' './jasper_verif_check.tcl'
2026-02-23 13:57:04.729738 (2931040) main____ INFO      locale    : UTF-8
2026-02-23 13:57:04.729743 (2931040) main____ INFO    ----------------------------------------
2026-02-23 13:57:04.729746 (2931040) main____ INFO    System resource limits info:
2026-02-23 13:57:04.729750 (2931040) main____ INFO      virtual memory: unlimited
2026-02-23 13:57:04.729753 (2931040) main____ INFO      cpu time      : unlimited
2026-02-23 13:57:04.729757 (2931040) main____ INFO      stack size    : unlimited
2026-02-23 13:57:04.729760 (2931040) main____ INFO      core file size: unlimited
2026-02-23 13:57:04.729766 (2931040) main____ INFO      open files    : 131072
2026-02-23 13:57:04.729770 (2931040) main____ INFO      file size     : unlimited
2026-02-23 13:57:04.729773 (2931040) main____ INFO    ----------------------------------------
2026-02-23 13:57:04.729776 (2931040) main____ INFO    Memory statistics:
2026-02-23 13:57:04.729780 (2931040) main____ INFO      total physical memory  : 1055795796 kB
2026-02-23 13:57:04.729784 (2931040) main____ INFO      free physical memory   : 290662692 kB
2026-02-23 13:57:04.729787 (2931040) main____ INFO      committed address space: 425841528 kB
2026-02-23 13:57:04.729790 (2931040) main____ INFO    ----------------------------------------
2026-02-23 13:57:04.730561 (2931040) main____ INFO    Important environment variables:
2026-02-23 13:57:04.730579 (2931040) main____ INFO      JASPER_HOME       : '/usr/licensed/cadence-20210126/jasper_2021.03'
2026-02-23 13:57:04.730585 (2931040) main____ INFO      JASPER_INSTALL_DIR: '/scratch/gpfs/LICENSED/x86_64/cadence-20210126/jasper_2021.03'
2026-02-23 13:57:04.730589 (2931040) main____ INFO      LANG              : 'en_US.UTF-8'
2026-02-23 13:57:04.730594 (2931040) main____ INFO      LM_LICENSE_FILE   : '5280@license.rc.princeton.edu'
2026-02-23 13:57:04.730598 (2931040) main____ INFO      TMPDIR            : '/tmp/ab2113/jg_5019134_77'
2026-02-23 13:57:04.730601 (2931040) main____ INFO    ----------------------------------------
2026-02-23 13:57:04.731343 (2931040) lic_core INFO    Initializing license system ...
2026-02-23 13:57:04.732028 (2931040) lic_core INFO    ... license system initialized.
2026-02-23 13:57:04.732902 (2931040) lic__man INFO    Claim 'fpv' for <ui>.
2026-02-23 13:57:04.732935 (2931040) lic_core INFO    (1) checking out 'jasper_fpv' ...
2026-02-23 13:57:04.739196 (2931040) lic_core INFO    ... (1) checkout failed (error: -5) ("FLEXnet ERROR(-5, 0, 0): No such feature exists.")
2026-02-23 13:57:04.739250 (2931040) lic_core INFO    (2) checking out 'jasper_fao' ...
2026-02-23 13:57:04.750989 (2931040) lic_core INFO    ... (2) checkout succeeded
2026-02-23 13:57:04.764410 (2931040) session_ INFO    Starting analysis session with session id 'session_0' (launcher: <local>) ...
2026-02-23 13:57:04.766990 (2931040) session_ INFO    Analysis session with session id 'session_0' started (pid: 2931048)
2026-02-23 13:57:05.380323 (2931040) session_ INFO    Analysis session 'session_0' connected to the console (host: 127.0.0.1:34814)
2026-02-23 13:57:05.916495 (2931040) main____ INFO    About to exit: request to exit with status 1 received from analysis session 'session_0'
2026-02-23 13:57:05.975901 (2931040) session_ INFO    Analysis session 'session_0' disconnected.
2026-02-23 13:57:05.976030 (2931040) lic__man INFO    Unclaim everything for 'session_0'.
2026-02-23 13:57:05.976777 (2931040) session_ INFO    Process for analysis session 'session_0' has exited with exit status '1'.
2026-02-23 13:57:08.006750 (2931040) lic_core INFO    (2) checkin jasper_fao
2026-02-23 13:57:08.008252 (2931040) main____ INFO    Exiting with status 1.
