2026-02-23 13:58:57.828316 (1499532) main____ INFO    ----------------------------------------
2026-02-23 13:58:57.828404 (1499532) main____ INFO    JasperGold version info
2026-02-23 13:58:57.828420 (1499532) main____ INFO      tool      : JasperGold 2021.03
2026-02-23 13:58:57.828434 (1499532) main____ INFO      version   : 2021.03 FCS 64 bits
2026-02-23 13:58:57.828439 (1499532) main____ INFO      build date: 2021.03.23 02:50:43 UTC
2026-02-23 13:58:57.828445 (1499532) main____ INFO    ----------------------------------------
2026-02-23 13:58:57.828450 (1499532) main____ INFO    Runtime info:
2026-02-23 13:58:57.828457 (1499532) main____ INFO      platform  : Linux 5.14.0-570.84.1.el9_6.x86_64 x86_64
2026-02-23 13:58:57.828464 (1499532) main____ INFO      hostname  : della-h14n5
2026-02-23 13:58:57.828470 (1499532) main____ INFO      pid       : 1499532
2026-02-23 13:58:57.828476 (1499532) main____ INFO      arguments : '-style' 'windows' '-batch' '-proj' './verification_results/03270/jgproject' '-tcl' './jasper_verif_check.tcl'
2026-02-23 13:58:57.828486 (1499532) main____ INFO      locale    : UTF-8
2026-02-23 13:58:57.828493 (1499532) main____ INFO    ----------------------------------------
2026-02-23 13:58:57.828500 (1499532) main____ INFO    System resource limits info:
2026-02-23 13:58:57.828506 (1499532) main____ INFO      virtual memory: unlimited
2026-02-23 13:58:57.828511 (1499532) main____ INFO      cpu time      : unlimited
2026-02-23 13:58:57.828516 (1499532) main____ INFO      stack size    : unlimited
2026-02-23 13:58:57.828521 (1499532) main____ INFO      core file size: unlimited
2026-02-23 13:58:57.828528 (1499532) main____ INFO      open files    : 131072
2026-02-23 13:58:57.828534 (1499532) main____ INFO      file size     : unlimited
2026-02-23 13:58:57.828539 (1499532) main____ INFO    ----------------------------------------
2026-02-23 13:58:57.828544 (1499532) main____ INFO    Memory statistics:
2026-02-23 13:58:57.828550 (1499532) main____ INFO      total physical memory  : 1584164368 kB
2026-02-23 13:58:57.828556 (1499532) main____ INFO      free physical memory   : 734440728 kB
2026-02-23 13:58:57.828561 (1499532) main____ INFO      committed address space: 505553772 kB
2026-02-23 13:58:57.828565 (1499532) main____ INFO    ----------------------------------------
2026-02-23 13:58:57.829094 (1499532) main____ INFO    Important environment variables:
2026-02-23 13:58:57.829109 (1499532) main____ INFO      JASPER_HOME       : '/usr/licensed/cadence-20210126/jasper_2021.03'
2026-02-23 13:58:57.829116 (1499532) main____ INFO      JASPER_INSTALL_DIR: '/scratch/gpfs/LICENSED/x86_64/cadence-20210126/jasper_2021.03'
2026-02-23 13:58:57.829122 (1499532) main____ INFO      LANG              : 'en_US.UTF-8'
2026-02-23 13:58:57.829129 (1499532) main____ INFO      LM_LICENSE_FILE   : '5280@license.rc.princeton.edu'
2026-02-23 13:58:57.829136 (1499532) main____ INFO      TMPDIR            : '/tmp/ab2113/jg_5018998_58'
2026-02-23 13:58:57.829142 (1499532) main____ INFO    ----------------------------------------
2026-02-23 13:58:57.829589 (1499532) lic_core INFO    Initializing license system ...
2026-02-23 13:58:57.830129 (1499532) lic_core INFO    ... license system initialized.
2026-02-23 13:58:57.830900 (1499532) lic__man INFO    Claim 'fpv' for <ui>.
2026-02-23 13:58:57.830932 (1499532) lic_core INFO    (1) checking out 'jasper_fpv' ...
2026-02-23 13:58:57.836950 (1499532) lic_core INFO    ... (1) checkout failed (error: -5) ("FLEXnet ERROR(-5, 0, 0): No such feature exists.")
2026-02-23 13:58:57.836979 (1499532) lic_core INFO    (2) checking out 'jasper_fao' ...
2026-02-23 13:58:57.845662 (1499532) lic_core INFO    ... (2) checkout succeeded
2026-02-23 13:58:57.856529 (1499532) session_ INFO    Starting analysis session with session id 'session_0' (launcher: <local>) ...
2026-02-23 13:58:57.859879 (1499532) session_ INFO    Analysis session with session id 'session_0' started (pid: 1499540)
2026-02-23 13:58:58.445148 (1499532) session_ INFO    Analysis session 'session_0' connected to the console (host: 127.0.0.1:52002)
2026-02-23 13:58:58.959509 (1499532) main____ INFO    About to exit: request to exit with status 1 received from analysis session 'session_0'
2026-02-23 13:58:59.011798 (1499532) session_ INFO    Analysis session 'session_0' disconnected.
2026-02-23 13:58:59.011935 (1499532) lic__man INFO    Unclaim everything for 'session_0'.
2026-02-23 13:58:59.012554 (1499532) session_ INFO    Process for analysis session 'session_0' has exited with exit status '1'.
2026-02-23 13:59:01.062993 (1499532) lic_core INFO    (2) checkin jasper_fao
2026-02-23 13:59:01.064489 (1499532) main____ INFO    Exiting with status 1.
