2026-02-23 13:39:57.908454 (2852015) main____ INFO    ----------------------------------------
2026-02-23 13:39:57.908521 (2852015) main____ INFO    JasperGold version info
2026-02-23 13:39:57.908539 (2852015) main____ INFO      tool      : JasperGold 2021.03
2026-02-23 13:39:57.908549 (2852015) main____ INFO      version   : 2021.03 FCS 64 bits
2026-02-23 13:39:57.908555 (2852015) main____ INFO      build date: 2021.03.23 02:50:43 UTC
2026-02-23 13:39:57.908560 (2852015) main____ INFO    ----------------------------------------
2026-02-23 13:39:57.908567 (2852015) main____ INFO    Runtime info:
2026-02-23 13:39:57.908574 (2852015) main____ INFO      platform  : Linux 5.14.0-570.84.1.el9_6.x86_64 x86_64
2026-02-23 13:39:57.908581 (2852015) main____ INFO      hostname  : della-h16n9
2026-02-23 13:39:57.908586 (2852015) main____ INFO      pid       : 2852015
2026-02-23 13:39:57.908593 (2852015) main____ INFO      arguments : '-style' 'windows' '-batch' '-proj' './verification_results/01271/jgproject' '-tcl' './jasper_verif_check.tcl'
2026-02-23 13:39:57.908601 (2852015) main____ INFO      locale    : UTF-8
2026-02-23 13:39:57.908607 (2852015) main____ INFO    ----------------------------------------
2026-02-23 13:39:57.908612 (2852015) main____ INFO    System resource limits info:
2026-02-23 13:39:57.908617 (2852015) main____ INFO      virtual memory: unlimited
2026-02-23 13:39:57.908623 (2852015) main____ INFO      cpu time      : unlimited
2026-02-23 13:39:57.908628 (2852015) main____ INFO      stack size    : unlimited
2026-02-23 13:39:57.908634 (2852015) main____ INFO      core file size: unlimited
2026-02-23 13:39:57.908642 (2852015) main____ INFO      open files    : 131072
2026-02-23 13:39:57.908647 (2852015) main____ INFO      file size     : unlimited
2026-02-23 13:39:57.908654 (2852015) main____ INFO    ----------------------------------------
2026-02-23 13:39:57.908661 (2852015) main____ INFO    Memory statistics:
2026-02-23 13:39:57.908667 (2852015) main____ INFO      total physical memory  : 1584164368 kB
2026-02-23 13:39:57.908673 (2852015) main____ INFO      free physical memory   : 834189588 kB
2026-02-23 13:39:57.908678 (2852015) main____ INFO      committed address space: 655427924 kB
2026-02-23 13:39:57.908685 (2852015) main____ INFO    ----------------------------------------
2026-02-23 13:39:57.909237 (2852015) main____ INFO    Important environment variables:
2026-02-23 13:39:57.909252 (2852015) main____ INFO      JASPER_HOME       : '/usr/licensed/cadence-20210126/jasper_2021.03'
2026-02-23 13:39:57.909258 (2852015) main____ INFO      JASPER_INSTALL_DIR: '/scratch/gpfs/LICENSED/x86_64/cadence-20210126/jasper_2021.03'
2026-02-23 13:39:57.909265 (2852015) main____ INFO      LANG              : 'en_US.UTF-8'
2026-02-23 13:39:57.909270 (2852015) main____ INFO      LM_LICENSE_FILE   : '5280@license.rc.princeton.edu'
2026-02-23 13:39:57.909276 (2852015) main____ INFO      TMPDIR            : '/tmp/ab2113/jg_5018829_18'
2026-02-23 13:39:57.909284 (2852015) main____ INFO    ----------------------------------------
2026-02-23 13:39:57.909779 (2852015) lic_core INFO    Initializing license system ...
2026-02-23 13:39:57.910332 (2852015) lic_core INFO    ... license system initialized.
2026-02-23 13:39:57.911122 (2852015) lic__man INFO    Claim 'fpv' for <ui>.
2026-02-23 13:39:57.911156 (2852015) lic_core INFO    (1) checking out 'jasper_fpv' ...
2026-02-23 13:39:57.916971 (2852015) lic_core INFO    ... (1) checkout failed (error: -5) ("FLEXnet ERROR(-5, 0, 0): No such feature exists.")
2026-02-23 13:39:57.917002 (2852015) lic_core INFO    (2) checking out 'jasper_fao' ...
2026-02-23 13:39:57.926312 (2852015) lic_core INFO    ... (2) checkout succeeded
2026-02-23 13:39:57.937287 (2852015) session_ INFO    Starting analysis session with session id 'session_0' (launcher: <local>) ...
2026-02-23 13:39:57.940100 (2852015) session_ INFO    Analysis session with session id 'session_0' started (pid: 2852031)
2026-02-23 13:39:58.477636 (2852015) session_ INFO    Analysis session 'session_0' connected to the console (host: 127.0.0.1:35292)
2026-02-23 13:39:59.031991 (2852015) main____ INFO    About to exit: request to exit with status 1 received from analysis session 'session_0'
2026-02-23 13:39:59.085128 (2852015) session_ INFO    Analysis session 'session_0' disconnected.
2026-02-23 13:39:59.085265 (2852015) lic__man INFO    Unclaim everything for 'session_0'.
2026-02-23 13:39:59.086126 (2852015) session_ INFO    Process for analysis session 'session_0' has exited with exit status '1'.
2026-02-23 13:40:01.136210 (2852015) lic_core INFO    (2) checkin jasper_fao
2026-02-23 13:40:01.137862 (2852015) main____ INFO    Exiting with status 1.
