2026-02-23 13:51:30.339167 (1739295) main____ INFO    ----------------------------------------
2026-02-23 13:51:30.339226 (1739295) main____ INFO    JasperGold version info
2026-02-23 13:51:30.339250 (1739295) main____ INFO      tool      : JasperGold 2021.03
2026-02-23 13:51:30.339258 (1739295) main____ INFO      version   : 2021.03 FCS 64 bits
2026-02-23 13:51:30.339264 (1739295) main____ INFO      build date: 2021.03.23 02:50:43 UTC
2026-02-23 13:51:30.339268 (1739295) main____ INFO    ----------------------------------------
2026-02-23 13:51:30.339273 (1739295) main____ INFO    Runtime info:
2026-02-23 13:51:30.339278 (1739295) main____ INFO      platform  : Linux 5.14.0-570.84.1.el9_6.x86_64 x86_64
2026-02-23 13:51:30.339284 (1739295) main____ INFO      hostname  : della-h14n7
2026-02-23 13:51:30.339289 (1739295) main____ INFO      pid       : 1739295
2026-02-23 13:51:30.339294 (1739295) main____ INFO      arguments : '-style' 'windows' '-batch' '-proj' './verification_results/03132/jgproject' '-tcl' './jasper_verif_check.tcl'
2026-02-23 13:51:30.339301 (1739295) main____ INFO      locale    : UTF-8
2026-02-23 13:51:30.339306 (1739295) main____ INFO    ----------------------------------------
2026-02-23 13:51:30.339310 (1739295) main____ INFO    System resource limits info:
2026-02-23 13:51:30.339315 (1739295) main____ INFO      virtual memory: unlimited
2026-02-23 13:51:30.339320 (1739295) main____ INFO      cpu time      : unlimited
2026-02-23 13:51:30.339324 (1739295) main____ INFO      stack size    : unlimited
2026-02-23 13:51:30.339329 (1739295) main____ INFO      core file size: unlimited
2026-02-23 13:51:30.339336 (1739295) main____ INFO      open files    : 131072
2026-02-23 13:51:30.339340 (1739295) main____ INFO      file size     : unlimited
2026-02-23 13:51:30.339345 (1739295) main____ INFO    ----------------------------------------
2026-02-23 13:51:30.339350 (1739295) main____ INFO    Memory statistics:
2026-02-23 13:51:30.339354 (1739295) main____ INFO      total physical memory  : 1584164356 kB
2026-02-23 13:51:30.339359 (1739295) main____ INFO      free physical memory   : 808348804 kB
2026-02-23 13:51:30.339363 (1739295) main____ INFO      committed address space: 604280908 kB
2026-02-23 13:51:30.339368 (1739295) main____ INFO    ----------------------------------------
2026-02-23 13:51:30.339876 (1739295) main____ INFO    Important environment variables:
2026-02-23 13:51:30.339888 (1739295) main____ INFO      JASPER_HOME       : '/usr/licensed/cadence-20210126/jasper_2021.03'
2026-02-23 13:51:30.339894 (1739295) main____ INFO      JASPER_INSTALL_DIR: '/scratch/gpfs/LICENSED/x86_64/cadence-20210126/jasper_2021.03'
2026-02-23 13:51:30.339899 (1739295) main____ INFO      LANG              : 'en_US.UTF-8'
2026-02-23 13:51:30.339904 (1739295) main____ INFO      LM_LICENSE_FILE   : '5280@license.rc.princeton.edu'
2026-02-23 13:51:30.339910 (1739295) main____ INFO      TMPDIR            : '/tmp/ab2113/jg_5018982_55'
2026-02-23 13:51:30.339914 (1739295) main____ INFO    ----------------------------------------
2026-02-23 13:51:30.340383 (1739295) lic_core INFO    Initializing license system ...
2026-02-23 13:51:30.340872 (1739295) lic_core INFO    ... license system initialized.
2026-02-23 13:51:30.341614 (1739295) lic__man INFO    Claim 'fpv' for <ui>.
2026-02-23 13:51:30.341643 (1739295) lic_core INFO    (1) checking out 'jasper_fpv' ...
2026-02-23 13:51:30.347963 (1739295) lic_core INFO    ... (1) checkout failed (error: -5) ("FLEXnet ERROR(-5, 0, 0): No such feature exists.")
2026-02-23 13:51:30.347987 (1739295) lic_core INFO    (2) checking out 'jasper_fao' ...
2026-02-23 13:51:30.356434 (1739295) lic_core INFO    ... (2) checkout succeeded
2026-02-23 13:51:30.366856 (1739295) session_ INFO    Starting analysis session with session id 'session_0' (launcher: <local>) ...
2026-02-23 13:51:30.369365 (1739295) session_ INFO    Analysis session with session id 'session_0' started (pid: 1739452)
2026-02-23 13:51:30.864177 (1739295) session_ INFO    Analysis session 'session_0' connected to the console (host: 127.0.0.1:43290)
2026-02-23 13:51:31.591307 (1739295) lic__man INFO    Unclaim everything for 'session_0'.
2026-02-23 13:51:31.645302 (1739295) main____ INFO    About to exit: request to exit with status 3 received from analysis session 'session_0'
2026-02-23 13:51:31.688243 (1739295) session_ INFO    Analysis session 'session_0' disconnected.
2026-02-23 13:51:31.688350 (1739295) lic__man INFO    Unclaim everything for 'session_0'.
2026-02-23 13:51:31.688827 (1739295) session_ INFO    Process for analysis session 'session_0' has exited with exit status '3'.
2026-02-23 13:51:33.575680 (1739295) lic_core INFO    (2) checkin jasper_fao
2026-02-23 13:51:33.577194 (1739295) main____ INFO    Exiting with status 3.
