2026-02-23 13:51:17.454654 (4188529) main____ INFO    ----------------------------------------
2026-02-23 13:51:17.454750 (4188529) main____ INFO    JasperGold version info
2026-02-23 13:51:17.454767 (4188529) main____ INFO      tool      : JasperGold 2021.03
2026-02-23 13:51:17.454776 (4188529) main____ INFO      version   : 2021.03 FCS 64 bits
2026-02-23 13:51:17.454781 (4188529) main____ INFO      build date: 2021.03.23 02:50:43 UTC
2026-02-23 13:51:17.454785 (4188529) main____ INFO    ----------------------------------------
2026-02-23 13:51:17.454789 (4188529) main____ INFO    Runtime info:
2026-02-23 13:51:17.454794 (4188529) main____ INFO      platform  : Linux 5.14.0-570.84.1.el9_6.x86_64 x86_64
2026-02-23 13:51:17.454799 (4188529) main____ INFO      hostname  : della-r3c2n6
2026-02-23 13:51:17.454804 (4188529) main____ INFO      pid       : 4188529
2026-02-23 13:51:17.454808 (4188529) main____ INFO      arguments : '-style' 'windows' '-batch' '-proj' './verification_results/03379/jgproject' '-tcl' './jasper_verif_check.tcl'
2026-02-23 13:51:17.454817 (4188529) main____ INFO      locale    : UTF-8
2026-02-23 13:51:17.454821 (4188529) main____ INFO    ----------------------------------------
2026-02-23 13:51:17.454825 (4188529) main____ INFO    System resource limits info:
2026-02-23 13:51:17.454829 (4188529) main____ INFO      virtual memory: unlimited
2026-02-23 13:51:17.454834 (4188529) main____ INFO      cpu time      : unlimited
2026-02-23 13:51:17.454838 (4188529) main____ INFO      stack size    : unlimited
2026-02-23 13:51:17.454842 (4188529) main____ INFO      core file size: unlimited
2026-02-23 13:51:17.454849 (4188529) main____ INFO      open files    : 131072
2026-02-23 13:51:17.454853 (4188529) main____ INFO      file size     : unlimited
2026-02-23 13:51:17.454857 (4188529) main____ INFO    ----------------------------------------
2026-02-23 13:51:17.454861 (4188529) main____ INFO    Memory statistics:
2026-02-23 13:51:17.454865 (4188529) main____ INFO      total physical memory  : 195972160 kB
2026-02-23 13:51:17.454869 (4188529) main____ INFO      free physical memory   : 143767904 kB
2026-02-23 13:51:17.454873 (4188529) main____ INFO      committed address space: 39905208 kB
2026-02-23 13:51:17.454877 (4188529) main____ INFO    ----------------------------------------
2026-02-23 13:51:17.455853 (4188529) main____ INFO    Important environment variables:
2026-02-23 13:51:17.455874 (4188529) main____ INFO      JASPER_HOME       : '/usr/licensed/cadence-20210126/jasper_2021.03'
2026-02-23 13:51:17.455881 (4188529) main____ INFO      JASPER_INSTALL_DIR: '/scratch/gpfs/LICENSED/x86_64/cadence-20210126/jasper_2021.03'
2026-02-23 13:51:17.455887 (4188529) main____ INFO      LANG              : 'en_US.UTF-8'
2026-02-23 13:51:17.455892 (4188529) main____ INFO      LM_LICENSE_FILE   : '5280@license.rc.princeton.edu'
2026-02-23 13:51:17.455897 (4188529) main____ INFO      TMPDIR            : '/tmp/ab2113/jg_5019007_60'
2026-02-23 13:51:17.455901 (4188529) main____ INFO    ----------------------------------------
2026-02-23 13:51:17.456361 (4188529) lic_core INFO    Initializing license system ...
2026-02-23 13:51:17.457175 (4188529) lic_core INFO    ... license system initialized.
2026-02-23 13:51:17.457946 (4188529) lic__man INFO    Claim 'fpv' for <ui>.
2026-02-23 13:51:17.457988 (4188529) lic_core INFO    (1) checking out 'jasper_fpv' ...
2026-02-23 13:51:17.463850 (4188529) lic_core INFO    ... (1) checkout failed (error: -5) ("FLEXnet ERROR(-5, 0, 0): No such feature exists.")
2026-02-23 13:51:17.463908 (4188529) lic_core INFO    (2) checking out 'jasper_fao' ...
2026-02-23 13:51:17.474756 (4188529) lic_core INFO    ... (2) checkout succeeded
2026-02-23 13:51:17.489817 (4188529) session_ INFO    Starting analysis session with session id 'session_0' (launcher: <local>) ...
2026-02-23 13:51:17.492677 (4188529) session_ INFO    Analysis session with session id 'session_0' started (pid: 4188537)
2026-02-23 13:51:18.205334 (4188529) session_ INFO    Analysis session 'session_0' connected to the console (host: 127.0.0.1:51948)
2026-02-23 13:51:18.780294 (4188529) main____ INFO    About to exit: request to exit with status 1 received from analysis session 'session_0'
2026-02-23 13:51:18.853446 (4188529) session_ INFO    Analysis session 'session_0' disconnected.
2026-02-23 13:51:18.853568 (4188529) lic__man INFO    Unclaim everything for 'session_0'.
2026-02-23 13:51:18.853999 (4188529) session_ INFO    Process for analysis session 'session_0' has exited with exit status '1'.
2026-02-23 13:51:20.714344 (4188529) lic_core INFO    (2) checkin jasper_fao
2026-02-23 13:51:20.715913 (4188529) main____ INFO    Exiting with status 1.
