2026-02-23 13:40:55.578587 (2073757) main____ INFO    ----------------------------------------
2026-02-23 13:40:55.578706 (2073757) main____ INFO    JasperGold version info
2026-02-23 13:40:55.578727 (2073757) main____ INFO      tool      : JasperGold 2021.03
2026-02-23 13:40:55.578737 (2073757) main____ INFO      version   : 2021.03 FCS 64 bits
2026-02-23 13:40:55.578743 (2073757) main____ INFO      build date: 2021.03.23 02:50:43 UTC
2026-02-23 13:40:55.578748 (2073757) main____ INFO    ----------------------------------------
2026-02-23 13:40:55.578752 (2073757) main____ INFO    Runtime info:
2026-02-23 13:40:55.578758 (2073757) main____ INFO      platform  : Linux 5.14.0-570.84.1.el9_6.x86_64 x86_64
2026-02-23 13:40:55.578765 (2073757) main____ INFO      hostname  : della-r3c1n15
2026-02-23 13:40:55.578770 (2073757) main____ INFO      pid       : 2073757
2026-02-23 13:40:55.578775 (2073757) main____ INFO      arguments : '-style' 'windows' '-batch' '-proj' './verification_results/01375/jgproject' '-tcl' './jasper_verif_check.tcl'
2026-02-23 13:40:55.578785 (2073757) main____ INFO      locale    : UTF-8
2026-02-23 13:40:55.578790 (2073757) main____ INFO    ----------------------------------------
2026-02-23 13:40:55.578794 (2073757) main____ INFO    System resource limits info:
2026-02-23 13:40:55.578799 (2073757) main____ INFO      virtual memory: unlimited
2026-02-23 13:40:55.578803 (2073757) main____ INFO      cpu time      : unlimited
2026-02-23 13:40:55.578808 (2073757) main____ INFO      stack size    : unlimited
2026-02-23 13:40:55.578813 (2073757) main____ INFO      core file size: unlimited
2026-02-23 13:40:55.578822 (2073757) main____ INFO      open files    : 131072
2026-02-23 13:40:55.578827 (2073757) main____ INFO      file size     : unlimited
2026-02-23 13:40:55.578832 (2073757) main____ INFO    ----------------------------------------
2026-02-23 13:40:55.578837 (2073757) main____ INFO    Memory statistics:
2026-02-23 13:40:55.578842 (2073757) main____ INFO      total physical memory  : 195972072 kB
2026-02-23 13:40:55.578847 (2073757) main____ INFO      free physical memory   : 106733368 kB
2026-02-23 13:40:55.578852 (2073757) main____ INFO      committed address space: 17052280 kB
2026-02-23 13:40:55.578856 (2073757) main____ INFO    ----------------------------------------
2026-02-23 13:40:55.579928 (2073757) main____ INFO    Important environment variables:
2026-02-23 13:40:55.579947 (2073757) main____ INFO      JASPER_HOME       : '/usr/licensed/cadence-20210126/jasper_2021.03'
2026-02-23 13:40:55.579953 (2073757) main____ INFO      JASPER_INSTALL_DIR: '/scratch/gpfs/LICENSED/x86_64/cadence-20210126/jasper_2021.03'
2026-02-23 13:40:55.579959 (2073757) main____ INFO      LANG              : 'en_US.UTF-8'
2026-02-23 13:40:55.579965 (2073757) main____ INFO      LM_LICENSE_FILE   : '5280@license.rc.princeton.edu'
2026-02-23 13:40:55.579970 (2073757) main____ INFO      TMPDIR            : '/tmp/ab2113/jg_5018834_20'
2026-02-23 13:40:55.579974 (2073757) main____ INFO    ----------------------------------------
2026-02-23 13:40:55.580496 (2073757) lic_core INFO    Initializing license system ...
2026-02-23 13:40:55.581382 (2073757) lic_core INFO    ... license system initialized.
2026-02-23 13:40:55.582224 (2073757) lic__man INFO    Claim 'fpv' for <ui>.
2026-02-23 13:40:55.582267 (2073757) lic_core INFO    (1) checking out 'jasper_fpv' ...
2026-02-23 13:40:55.596267 (2073757) lic_core INFO    ... (1) checkout failed (error: -5) ("FLEXnet ERROR(-5, 0, 0): No such feature exists.")
2026-02-23 13:40:55.596318 (2073757) lic_core INFO    (2) checking out 'jasper_fao' ...
2026-02-23 13:40:55.609469 (2073757) lic_core INFO    ... (2) checkout succeeded
2026-02-23 13:40:55.625491 (2073757) session_ INFO    Starting analysis session with session id 'session_0' (launcher: <local>) ...
2026-02-23 13:40:55.628969 (2073757) session_ INFO    Analysis session with session id 'session_0' started (pid: 2073765)
2026-02-23 13:40:56.302121 (2073757) session_ INFO    Analysis session 'session_0' connected to the console (host: 127.0.0.1:59596)
2026-02-23 13:40:56.881296 (2073757) main____ INFO    About to exit: request to exit with status 1 received from analysis session 'session_0'
2026-02-23 13:40:56.959680 (2073757) session_ INFO    Analysis session 'session_0' disconnected.
2026-02-23 13:40:56.959820 (2073757) lic__man INFO    Unclaim everything for 'session_0'.
2026-02-23 13:40:56.960709 (2073757) session_ INFO    Process for analysis session 'session_0' has exited with exit status '1'.
2026-02-23 13:40:58.801888 (2073757) lic_core INFO    (2) checkin jasper_fao
2026-02-23 13:40:58.803496 (2073757) main____ INFO    Exiting with status 1.
