2026-02-23 13:50:07.295452 (4173797) main____ INFO    ----------------------------------------
2026-02-23 13:50:07.295546 (4173797) main____ INFO    JasperGold version info
2026-02-23 13:50:07.295566 (4173797) main____ INFO      tool      : JasperGold 2021.03
2026-02-23 13:50:07.295575 (4173797) main____ INFO      version   : 2021.03 FCS 64 bits
2026-02-23 13:50:07.295581 (4173797) main____ INFO      build date: 2021.03.23 02:50:43 UTC
2026-02-23 13:50:07.295586 (4173797) main____ INFO    ----------------------------------------
2026-02-23 13:50:07.295591 (4173797) main____ INFO    Runtime info:
2026-02-23 13:50:07.295597 (4173797) main____ INFO      platform  : Linux 5.14.0-570.84.1.el9_6.x86_64 x86_64
2026-02-23 13:50:07.295602 (4173797) main____ INFO      hostname  : della-h14n1
2026-02-23 13:50:07.295608 (4173797) main____ INFO      pid       : 4173797
2026-02-23 13:50:07.295613 (4173797) main____ INFO      arguments : '-style' 'windows' '-batch' '-proj' './verification_results/02957/jgproject' '-tcl' './jasper_verif_check.tcl'
2026-02-23 13:50:07.295623 (4173797) main____ INFO      locale    : UTF-8
2026-02-23 13:50:07.295628 (4173797) main____ INFO    ----------------------------------------
2026-02-23 13:50:07.295633 (4173797) main____ INFO    System resource limits info:
2026-02-23 13:50:07.295638 (4173797) main____ INFO      virtual memory: unlimited
2026-02-23 13:50:07.295643 (4173797) main____ INFO      cpu time      : unlimited
2026-02-23 13:50:07.295648 (4173797) main____ INFO      stack size    : unlimited
2026-02-23 13:50:07.295652 (4173797) main____ INFO      core file size: unlimited
2026-02-23 13:50:07.295672 (4173797) main____ INFO      open files    : 131072
2026-02-23 13:50:07.295677 (4173797) main____ INFO      file size     : unlimited
2026-02-23 13:50:07.295682 (4173797) main____ INFO    ----------------------------------------
2026-02-23 13:50:07.295686 (4173797) main____ INFO    Memory statistics:
2026-02-23 13:50:07.295692 (4173797) main____ INFO      total physical memory  : 1584164324 kB
2026-02-23 13:50:07.295697 (4173797) main____ INFO      free physical memory   : 719261748 kB
2026-02-23 13:50:07.295702 (4173797) main____ INFO      committed address space: 573412444 kB
2026-02-23 13:50:07.295708 (4173797) main____ INFO    ----------------------------------------
2026-02-23 13:50:07.296242 (4173797) main____ INFO    Important environment variables:
2026-02-23 13:50:07.296256 (4173797) main____ INFO      JASPER_HOME       : '/usr/licensed/cadence-20210126/jasper_2021.03'
2026-02-23 13:50:07.296262 (4173797) main____ INFO      JASPER_INSTALL_DIR: '/scratch/gpfs/LICENSED/x86_64/cadence-20210126/jasper_2021.03'
2026-02-23 13:50:07.296268 (4173797) main____ INFO      LANG              : 'en_US.UTF-8'
2026-02-23 13:50:07.296274 (4173797) main____ INFO      LM_LICENSE_FILE   : '5280@license.rc.princeton.edu'
2026-02-23 13:50:07.296280 (4173797) main____ INFO      TMPDIR            : '/tmp/ab2113/jg_5018961_51'
2026-02-23 13:50:07.296285 (4173797) main____ INFO    ----------------------------------------
2026-02-23 13:50:07.296942 (4173797) lic_core INFO    Initializing license system ...
2026-02-23 13:50:07.297559 (4173797) lic_core INFO    ... license system initialized.
2026-02-23 13:50:07.298450 (4173797) lic__man INFO    Claim 'fpv' for <ui>.
2026-02-23 13:50:07.298489 (4173797) lic_core INFO    (1) checking out 'jasper_fpv' ...
2026-02-23 13:50:07.304256 (4173797) lic_core INFO    ... (1) checkout failed (error: -5) ("FLEXnet ERROR(-5, 0, 0): No such feature exists.")
2026-02-23 13:50:07.304284 (4173797) lic_core INFO    (2) checking out 'jasper_fao' ...
2026-02-23 13:50:07.313105 (4173797) lic_core INFO    ... (2) checkout succeeded
2026-02-23 13:50:07.325581 (4173797) session_ INFO    Starting analysis session with session id 'session_0' (launcher: <local>) ...
2026-02-23 13:50:07.329374 (4173797) session_ INFO    Analysis session with session id 'session_0' started (pid: 4173805)
2026-02-23 13:50:08.025757 (4173797) session_ INFO    Analysis session 'session_0' connected to the console (host: 127.0.0.1:59506)
2026-02-23 13:50:08.828484 (4173797) lic__man INFO    Unclaim everything for 'session_0'.
2026-02-23 13:50:08.888799 (4173797) main____ INFO    About to exit: request to exit with status 3 received from analysis session 'session_0'
2026-02-23 13:50:08.963014 (4173797) session_ INFO    Analysis session 'session_0' disconnected.
2026-02-23 13:50:08.963183 (4173797) lic__man INFO    Unclaim everything for 'session_0'.
2026-02-23 13:50:08.965241 (4173797) session_ INFO    Process for analysis session 'session_0' has exited with exit status '3'.
2026-02-23 13:50:10.994063 (4173797) lic_core INFO    (2) checkin jasper_fao
2026-02-23 13:50:10.995737 (4173797) main____ INFO    Exiting with status 3.
