2026-02-23 13:48:05.839044 (1949684) main____ INFO    ----------------------------------------
2026-02-23 13:48:05.839149 (1949684) main____ INFO    JasperGold version info
2026-02-23 13:48:05.839166 (1949684) main____ INFO      tool      : JasperGold 2021.03
2026-02-23 13:48:05.839174 (1949684) main____ INFO      version   : 2021.03 FCS 64 bits
2026-02-23 13:48:05.839179 (1949684) main____ INFO      build date: 2021.03.23 02:50:43 UTC
2026-02-23 13:48:05.839183 (1949684) main____ INFO    ----------------------------------------
2026-02-23 13:48:05.839187 (1949684) main____ INFO    Runtime info:
2026-02-23 13:48:05.839193 (1949684) main____ INFO      platform  : Linux 5.14.0-570.84.1.el9_6.x86_64 x86_64
2026-02-23 13:48:05.839198 (1949684) main____ INFO      hostname  : della-r3c1n5
2026-02-23 13:48:05.839203 (1949684) main____ INFO      pid       : 1949684
2026-02-23 13:48:05.839208 (1949684) main____ INFO      arguments : '-style' 'windows' '-batch' '-proj' './verification_results/02824/jgproject' '-tcl' './jasper_verif_check.tcl'
2026-02-23 13:48:05.839216 (1949684) main____ INFO      locale    : UTF-8
2026-02-23 13:48:05.839220 (1949684) main____ INFO    ----------------------------------------
2026-02-23 13:48:05.839224 (1949684) main____ INFO    System resource limits info:
2026-02-23 13:48:05.839229 (1949684) main____ INFO      virtual memory: unlimited
2026-02-23 13:48:05.839233 (1949684) main____ INFO      cpu time      : unlimited
2026-02-23 13:48:05.839238 (1949684) main____ INFO      stack size    : unlimited
2026-02-23 13:48:05.839242 (1949684) main____ INFO      core file size: unlimited
2026-02-23 13:48:05.839249 (1949684) main____ INFO      open files    : 131072
2026-02-23 13:48:05.839254 (1949684) main____ INFO      file size     : unlimited
2026-02-23 13:48:05.839258 (1949684) main____ INFO    ----------------------------------------
2026-02-23 13:48:05.839262 (1949684) main____ INFO    Memory statistics:
2026-02-23 13:48:05.839267 (1949684) main____ INFO      total physical memory  : 195972056 kB
2026-02-23 13:48:05.839271 (1949684) main____ INFO      free physical memory   : 110220144 kB
2026-02-23 13:48:05.839276 (1949684) main____ INFO      committed address space: 55770508 kB
2026-02-23 13:48:05.839280 (1949684) main____ INFO    ----------------------------------------
2026-02-23 13:48:05.840282 (1949684) main____ INFO    Important environment variables:
2026-02-23 13:48:05.840303 (1949684) main____ INFO      JASPER_HOME       : '/usr/licensed/cadence-20210126/jasper_2021.03'
2026-02-23 13:48:05.840309 (1949684) main____ INFO      JASPER_INSTALL_DIR: '/scratch/gpfs/LICENSED/x86_64/cadence-20210126/jasper_2021.03'
2026-02-23 13:48:05.840316 (1949684) main____ INFO      LANG              : 'en_US.UTF-8'
2026-02-23 13:48:05.840321 (1949684) main____ INFO      LM_LICENSE_FILE   : '5280@license.rc.princeton.edu'
2026-02-23 13:48:05.840326 (1949684) main____ INFO      TMPDIR            : '/tmp/ab2113/jg_5018959_49'
2026-02-23 13:48:05.840331 (1949684) main____ INFO    ----------------------------------------
2026-02-23 13:48:05.840835 (1949684) lic_core INFO    Initializing license system ...
2026-02-23 13:48:05.841722 (1949684) lic_core INFO    ... license system initialized.
2026-02-23 13:48:05.842524 (1949684) lic__man INFO    Claim 'fpv' for <ui>.
2026-02-23 13:48:05.842564 (1949684) lic_core INFO    (1) checking out 'jasper_fpv' ...
2026-02-23 13:48:05.848635 (1949684) lic_core INFO    ... (1) checkout failed (error: -5) ("FLEXnet ERROR(-5, 0, 0): No such feature exists.")
2026-02-23 13:48:05.848690 (1949684) lic_core INFO    (2) checking out 'jasper_fao' ...
2026-02-23 13:48:05.859489 (1949684) lic_core INFO    ... (2) checkout succeeded
2026-02-23 13:48:05.874097 (1949684) session_ INFO    Starting analysis session with session id 'session_0' (launcher: <local>) ...
2026-02-23 13:48:05.877193 (1949684) session_ INFO    Analysis session with session id 'session_0' started (pid: 1949692)
2026-02-23 13:48:06.584591 (1949684) session_ INFO    Analysis session 'session_0' connected to the console (host: 127.0.0.1:60332)
2026-02-23 13:48:07.185257 (1949684) main____ INFO    About to exit: request to exit with status 1 received from analysis session 'session_0'
2026-02-23 13:48:07.260211 (1949684) session_ INFO    Analysis session 'session_0' disconnected.
2026-02-23 13:48:07.260347 (1949684) lic__man INFO    Unclaim everything for 'session_0'.
2026-02-23 13:48:07.260690 (1949684) session_ INFO    Process for analysis session 'session_0' has exited with exit status '1'.
2026-02-23 13:48:09.094113 (1949684) lic_core INFO    (2) checkin jasper_fao
2026-02-23 13:48:09.095688 (1949684) main____ INFO    Exiting with status 1.
