2026-02-23 13:51:36.853027 (1741012) main____ INFO    ----------------------------------------
2026-02-23 13:51:36.853093 (1741012) main____ INFO    JasperGold version info
2026-02-23 13:51:36.853108 (1741012) main____ INFO      tool      : JasperGold 2021.03
2026-02-23 13:51:36.853116 (1741012) main____ INFO      version   : 2021.03 FCS 64 bits
2026-02-23 13:51:36.853122 (1741012) main____ INFO      build date: 2021.03.23 02:50:43 UTC
2026-02-23 13:51:36.853127 (1741012) main____ INFO    ----------------------------------------
2026-02-23 13:51:36.853131 (1741012) main____ INFO    Runtime info:
2026-02-23 13:51:36.853137 (1741012) main____ INFO      platform  : Linux 5.14.0-570.84.1.el9_6.x86_64 x86_64
2026-02-23 13:51:36.853143 (1741012) main____ INFO      hostname  : della-h14n7
2026-02-23 13:51:36.853149 (1741012) main____ INFO      pid       : 1741012
2026-02-23 13:51:36.853154 (1741012) main____ INFO      arguments : '-style' 'windows' '-batch' '-proj' './verification_results/03134/jgproject' '-tcl' './jasper_verif_check.tcl'
2026-02-23 13:51:36.853161 (1741012) main____ INFO      locale    : UTF-8
2026-02-23 13:51:36.853166 (1741012) main____ INFO    ----------------------------------------
2026-02-23 13:51:36.853171 (1741012) main____ INFO    System resource limits info:
2026-02-23 13:51:36.853176 (1741012) main____ INFO      virtual memory: unlimited
2026-02-23 13:51:36.853180 (1741012) main____ INFO      cpu time      : unlimited
2026-02-23 13:51:36.853185 (1741012) main____ INFO      stack size    : unlimited
2026-02-23 13:51:36.853190 (1741012) main____ INFO      core file size: unlimited
2026-02-23 13:51:36.853197 (1741012) main____ INFO      open files    : 131072
2026-02-23 13:51:36.853202 (1741012) main____ INFO      file size     : unlimited
2026-02-23 13:51:36.853206 (1741012) main____ INFO    ----------------------------------------
2026-02-23 13:51:36.853211 (1741012) main____ INFO    Memory statistics:
2026-02-23 13:51:36.853216 (1741012) main____ INFO      total physical memory  : 1584164356 kB
2026-02-23 13:51:36.853221 (1741012) main____ INFO      free physical memory   : 809031708 kB
2026-02-23 13:51:36.853226 (1741012) main____ INFO      committed address space: 600937072 kB
2026-02-23 13:51:36.853238 (1741012) main____ INFO    ----------------------------------------
2026-02-23 13:51:36.853746 (1741012) main____ INFO    Important environment variables:
2026-02-23 13:51:36.853758 (1741012) main____ INFO      JASPER_HOME       : '/usr/licensed/cadence-20210126/jasper_2021.03'
2026-02-23 13:51:36.853764 (1741012) main____ INFO      JASPER_INSTALL_DIR: '/scratch/gpfs/LICENSED/x86_64/cadence-20210126/jasper_2021.03'
2026-02-23 13:51:36.853770 (1741012) main____ INFO      LANG              : 'en_US.UTF-8'
2026-02-23 13:51:36.853775 (1741012) main____ INFO      LM_LICENSE_FILE   : '5280@license.rc.princeton.edu'
2026-02-23 13:51:36.853781 (1741012) main____ INFO      TMPDIR            : '/tmp/ab2113/jg_5018982_55'
2026-02-23 13:51:36.853786 (1741012) main____ INFO    ----------------------------------------
2026-02-23 13:51:36.854246 (1741012) lic_core INFO    Initializing license system ...
2026-02-23 13:51:36.854740 (1741012) lic_core INFO    ... license system initialized.
2026-02-23 13:51:36.855511 (1741012) lic__man INFO    Claim 'fpv' for <ui>.
2026-02-23 13:51:36.855542 (1741012) lic_core INFO    (1) checking out 'jasper_fpv' ...
2026-02-23 13:51:36.862104 (1741012) lic_core INFO    ... (1) checkout failed (error: -5) ("FLEXnet ERROR(-5, 0, 0): No such feature exists.")
2026-02-23 13:51:36.862130 (1741012) lic_core INFO    (2) checking out 'jasper_fao' ...
2026-02-23 13:51:36.870979 (1741012) lic_core INFO    ... (2) checkout succeeded
2026-02-23 13:51:36.881460 (1741012) session_ INFO    Starting analysis session with session id 'session_0' (launcher: <local>) ...
2026-02-23 13:51:36.883907 (1741012) session_ INFO    Analysis session with session id 'session_0' started (pid: 1741034)
2026-02-23 13:51:37.380994 (1741012) session_ INFO    Analysis session 'session_0' connected to the console (host: 127.0.0.1:47338)
2026-02-23 13:51:37.863299 (1741012) main____ INFO    About to exit: request to exit with status 1 received from analysis session 'session_0'
2026-02-23 13:51:37.911275 (1741012) session_ INFO    Analysis session 'session_0' disconnected.
2026-02-23 13:51:37.911384 (1741012) lic__man INFO    Unclaim everything for 'session_0'.
2026-02-23 13:51:37.911838 (1741012) session_ INFO    Process for analysis session 'session_0' has exited with exit status '1'.
2026-02-23 13:51:39.971670 (1741012) lic_core INFO    (2) checkin jasper_fao
2026-02-23 13:51:39.973302 (1741012) main____ INFO    Exiting with status 1.
