2026-02-23 13:51:54.115801 (1744781) main____ INFO    ----------------------------------------
2026-02-23 13:51:54.115865 (1744781) main____ INFO    JasperGold version info
2026-02-23 13:51:54.115882 (1744781) main____ INFO      tool      : JasperGold 2021.03
2026-02-23 13:51:54.115890 (1744781) main____ INFO      version   : 2021.03 FCS 64 bits
2026-02-23 13:51:54.115896 (1744781) main____ INFO      build date: 2021.03.23 02:50:43 UTC
2026-02-23 13:51:54.115902 (1744781) main____ INFO    ----------------------------------------
2026-02-23 13:51:54.115909 (1744781) main____ INFO    Runtime info:
2026-02-23 13:51:54.115914 (1744781) main____ INFO      platform  : Linux 5.14.0-570.84.1.el9_6.x86_64 x86_64
2026-02-23 13:51:54.115921 (1744781) main____ INFO      hostname  : della-h14n7
2026-02-23 13:51:54.115927 (1744781) main____ INFO      pid       : 1744781
2026-02-23 13:51:54.115932 (1744781) main____ INFO      arguments : '-style' 'windows' '-batch' '-proj' './verification_results/03139/jgproject' '-tcl' './jasper_verif_check.tcl'
2026-02-23 13:51:54.115940 (1744781) main____ INFO      locale    : UTF-8
2026-02-23 13:51:54.115945 (1744781) main____ INFO    ----------------------------------------
2026-02-23 13:51:54.115950 (1744781) main____ INFO    System resource limits info:
2026-02-23 13:51:54.115956 (1744781) main____ INFO      virtual memory: unlimited
2026-02-23 13:51:54.115961 (1744781) main____ INFO      cpu time      : unlimited
2026-02-23 13:51:54.115966 (1744781) main____ INFO      stack size    : unlimited
2026-02-23 13:51:54.115971 (1744781) main____ INFO      core file size: unlimited
2026-02-23 13:51:54.115978 (1744781) main____ INFO      open files    : 131072
2026-02-23 13:51:54.115983 (1744781) main____ INFO      file size     : unlimited
2026-02-23 13:51:54.115988 (1744781) main____ INFO    ----------------------------------------
2026-02-23 13:51:54.115993 (1744781) main____ INFO    Memory statistics:
2026-02-23 13:51:54.115998 (1744781) main____ INFO      total physical memory  : 1584164356 kB
2026-02-23 13:51:54.116003 (1744781) main____ INFO      free physical memory   : 809306944 kB
2026-02-23 13:51:54.116007 (1744781) main____ INFO      committed address space: 600320796 kB
2026-02-23 13:51:54.116012 (1744781) main____ INFO    ----------------------------------------
2026-02-23 13:51:54.116532 (1744781) main____ INFO    Important environment variables:
2026-02-23 13:51:54.116545 (1744781) main____ INFO      JASPER_HOME       : '/usr/licensed/cadence-20210126/jasper_2021.03'
2026-02-23 13:51:54.116551 (1744781) main____ INFO      JASPER_INSTALL_DIR: '/scratch/gpfs/LICENSED/x86_64/cadence-20210126/jasper_2021.03'
2026-02-23 13:51:54.116557 (1744781) main____ INFO      LANG              : 'en_US.UTF-8'
2026-02-23 13:51:54.116562 (1744781) main____ INFO      LM_LICENSE_FILE   : '5280@license.rc.princeton.edu'
2026-02-23 13:51:54.116567 (1744781) main____ INFO      TMPDIR            : '/tmp/ab2113/jg_5018982_55'
2026-02-23 13:51:54.116572 (1744781) main____ INFO    ----------------------------------------
2026-02-23 13:51:54.117025 (1744781) lic_core INFO    Initializing license system ...
2026-02-23 13:51:54.117550 (1744781) lic_core INFO    ... license system initialized.
2026-02-23 13:51:54.118281 (1744781) lic__man INFO    Claim 'fpv' for <ui>.
2026-02-23 13:51:54.118313 (1744781) lic_core INFO    (1) checking out 'jasper_fpv' ...
2026-02-23 13:51:54.124352 (1744781) lic_core INFO    ... (1) checkout failed (error: -5) ("FLEXnet ERROR(-5, 0, 0): No such feature exists.")
2026-02-23 13:51:54.124376 (1744781) lic_core INFO    (2) checking out 'jasper_fao' ...
2026-02-23 13:51:54.133492 (1744781) lic_core INFO    ... (2) checkout succeeded
2026-02-23 13:51:54.143667 (1744781) session_ INFO    Starting analysis session with session id 'session_0' (launcher: <local>) ...
2026-02-23 13:51:54.146082 (1744781) session_ INFO    Analysis session with session id 'session_0' started (pid: 1744817)
2026-02-23 13:51:54.645927 (1744781) session_ INFO    Analysis session 'session_0' connected to the console (host: 127.0.0.1:33746)
2026-02-23 13:51:55.131317 (1744781) main____ INFO    About to exit: request to exit with status 1 received from analysis session 'session_0'
2026-02-23 13:51:55.179311 (1744781) session_ INFO    Analysis session 'session_0' disconnected.
2026-02-23 13:51:55.179432 (1744781) lic__man INFO    Unclaim everything for 'session_0'.
2026-02-23 13:51:55.180101 (1744781) session_ INFO    Process for analysis session 'session_0' has exited with exit status '1'.
2026-02-23 13:51:57.080811 (1744781) lic_core INFO    (2) checkin jasper_fao
2026-02-23 13:51:57.082189 (1744781) main____ INFO    Exiting with status 1.
