2026-02-23 13:55:39.507152 (2562119) main____ INFO    ----------------------------------------
2026-02-23 13:55:39.507278 (2562119) main____ INFO    JasperGold version info
2026-02-23 13:55:39.507298 (2562119) main____ INFO      tool      : JasperGold 2021.03
2026-02-23 13:55:39.507309 (2562119) main____ INFO      version   : 2021.03 FCS 64 bits
2026-02-23 13:55:39.507314 (2562119) main____ INFO      build date: 2021.03.23 02:50:43 UTC
2026-02-23 13:55:39.507320 (2562119) main____ INFO    ----------------------------------------
2026-02-23 13:55:39.507323 (2562119) main____ INFO    Runtime info:
2026-02-23 13:55:39.507328 (2562119) main____ INFO      platform  : Linux 5.14.0-570.84.1.el9_6.x86_64 x86_64
2026-02-23 13:55:39.507334 (2562119) main____ INFO      hostname  : della-i13n7
2026-02-23 13:55:39.507341 (2562119) main____ INFO      pid       : 2562119
2026-02-23 13:55:39.507345 (2562119) main____ INFO      arguments : '-style' 'windows' '-batch' '-proj' './verification_results/03858/jgproject' '-tcl' './jasper_verif_check.tcl'
2026-02-23 13:55:39.507356 (2562119) main____ INFO      locale    : UTF-8
2026-02-23 13:55:39.507360 (2562119) main____ INFO    ----------------------------------------
2026-02-23 13:55:39.507364 (2562119) main____ INFO    System resource limits info:
2026-02-23 13:55:39.507368 (2562119) main____ INFO      virtual memory: unlimited
2026-02-23 13:55:39.507372 (2562119) main____ INFO      cpu time      : unlimited
2026-02-23 13:55:39.507376 (2562119) main____ INFO      stack size    : unlimited
2026-02-23 13:55:39.507380 (2562119) main____ INFO      core file size: unlimited
2026-02-23 13:55:39.507388 (2562119) main____ INFO      open files    : 131072
2026-02-23 13:55:39.507392 (2562119) main____ INFO      file size     : unlimited
2026-02-23 13:55:39.507396 (2562119) main____ INFO    ----------------------------------------
2026-02-23 13:55:39.507400 (2562119) main____ INFO    Memory statistics:
2026-02-23 13:55:39.507404 (2562119) main____ INFO      total physical memory  : 394157548 kB
2026-02-23 13:55:39.507408 (2562119) main____ INFO      free physical memory   : 120359152 kB
2026-02-23 13:55:39.507412 (2562119) main____ INFO      committed address space: 103614968 kB
2026-02-23 13:55:39.507415 (2562119) main____ INFO    ----------------------------------------
2026-02-23 13:55:39.508371 (2562119) main____ INFO    Important environment variables:
2026-02-23 13:55:39.508401 (2562119) main____ INFO      JASPER_HOME       : '/usr/licensed/cadence-20210126/jasper_2021.03'
2026-02-23 13:55:39.508407 (2562119) main____ INFO      JASPER_INSTALL_DIR: '/scratch/gpfs/LICENSED/x86_64/cadence-20210126/jasper_2021.03'
2026-02-23 13:55:39.508413 (2562119) main____ INFO      LANG              : 'en_US.UTF-8'
2026-02-23 13:55:39.508418 (2562119) main____ INFO      LM_LICENSE_FILE   : '5280@license.rc.princeton.edu'
2026-02-23 13:55:39.508423 (2562119) main____ INFO      TMPDIR            : '/tmp/ab2113/jg_5019071_69'
2026-02-23 13:55:39.508427 (2562119) main____ INFO    ----------------------------------------
2026-02-23 13:55:39.509418 (2562119) lic_core INFO    Initializing license system ...
2026-02-23 13:55:39.510368 (2562119) lic_core INFO    ... license system initialized.
2026-02-23 13:55:39.511198 (2562119) lic__man INFO    Claim 'fpv' for <ui>.
2026-02-23 13:55:39.511255 (2562119) lic_core INFO    (1) checking out 'jasper_fpv' ...
2026-02-23 13:55:39.517206 (2562119) lic_core INFO    ... (1) checkout failed (error: -5) ("FLEXnet ERROR(-5, 0, 0): No such feature exists.")
2026-02-23 13:55:39.517276 (2562119) lic_core INFO    (2) checking out 'jasper_fao' ...
2026-02-23 13:55:39.527706 (2562119) lic_core INFO    ... (2) checkout succeeded
2026-02-23 13:55:39.542260 (2562119) session_ INFO    Starting analysis session with session id 'session_0' (launcher: <local>) ...
2026-02-23 13:55:39.545536 (2562119) session_ INFO    Analysis session with session id 'session_0' started (pid: 2562127)
2026-02-23 13:55:40.287801 (2562119) session_ INFO    Analysis session 'session_0' connected to the console (host: 127.0.0.1:50512)
2026-02-23 13:55:40.864132 (2562119) main____ INFO    About to exit: request to exit with status 1 received from analysis session 'session_0'
2026-02-23 13:55:40.961993 (2562119) session_ INFO    Analysis session 'session_0' disconnected.
2026-02-23 13:55:40.962143 (2562119) lic__man INFO    Unclaim everything for 'session_0'.
2026-02-23 13:55:40.962744 (2562119) session_ INFO    Process for analysis session 'session_0' has exited with exit status '1'.
2026-02-23 13:55:42.863521 (2562119) lic_core INFO    (2) checkin jasper_fao
2026-02-23 13:55:42.865157 (2562119) main____ INFO    Exiting with status 1.
