2026-02-23 12:58:19.163112 (2732400) main____ INFO    ----------------------------------------
2026-02-23 12:58:19.163204 (2732400) main____ INFO    JasperGold version info
2026-02-23 12:58:19.163219 (2732400) main____ INFO      tool      : JasperGold 2021.03
2026-02-23 12:58:19.163228 (2732400) main____ INFO      version   : 2021.03 FCS 64 bits
2026-02-23 12:58:19.163233 (2732400) main____ INFO      build date: 2021.03.23 02:50:43 UTC
2026-02-23 12:58:19.163236 (2732400) main____ INFO    ----------------------------------------
2026-02-23 12:58:19.163240 (2732400) main____ INFO    Runtime info:
2026-02-23 12:58:19.163244 (2732400) main____ INFO      platform  : Linux 5.14.0-570.84.1.el9_6.x86_64 x86_64
2026-02-23 12:58:19.163251 (2732400) main____ INFO      hostname  : della-i13n17
2026-02-23 12:58:19.163255 (2732400) main____ INFO      pid       : 2732400
2026-02-23 12:58:19.163259 (2732400) main____ INFO      arguments : '-style' 'windows' '-batch' '-proj' './verification_results/00318/jgproject' '-tcl' './jasper_verif_check.tcl'
2026-02-23 12:58:19.163268 (2732400) main____ INFO      locale    : UTF-8
2026-02-23 12:58:19.163272 (2732400) main____ INFO    ----------------------------------------
2026-02-23 12:58:19.163276 (2732400) main____ INFO    System resource limits info:
2026-02-23 12:58:19.163280 (2732400) main____ INFO      virtual memory: unlimited
2026-02-23 12:58:19.163284 (2732400) main____ INFO      cpu time      : unlimited
2026-02-23 12:58:19.163288 (2732400) main____ INFO      stack size    : unlimited
2026-02-23 12:58:19.163292 (2732400) main____ INFO      core file size: unlimited
2026-02-23 12:58:19.163299 (2732400) main____ INFO      open files    : 131072
2026-02-23 12:58:19.163303 (2732400) main____ INFO      file size     : unlimited
2026-02-23 12:58:19.163307 (2732400) main____ INFO    ----------------------------------------
2026-02-23 12:58:19.163311 (2732400) main____ INFO    Memory statistics:
2026-02-23 12:58:19.163315 (2732400) main____ INFO      total physical memory  : 394157564 kB
2026-02-23 12:58:19.163319 (2732400) main____ INFO      free physical memory   : 60983104 kB
2026-02-23 12:58:19.163323 (2732400) main____ INFO      committed address space: 139700708 kB
2026-02-23 12:58:19.163326 (2732400) main____ INFO    ----------------------------------------
2026-02-23 12:58:19.164238 (2732400) main____ INFO    Important environment variables:
2026-02-23 12:58:19.164260 (2732400) main____ INFO      JASPER_HOME       : '/usr/licensed/cadence-20210126/jasper_2021.03'
2026-02-23 12:58:19.164266 (2732400) main____ INFO      JASPER_INSTALL_DIR: '/scratch/gpfs/LICENSED/x86_64/cadence-20210126/jasper_2021.03'
2026-02-23 12:58:19.164272 (2732400) main____ INFO      LANG              : 'en_US.UTF-8'
2026-02-23 12:58:19.164277 (2732400) main____ INFO      LM_LICENSE_FILE   : '5280@license.rc.princeton.edu'
2026-02-23 12:58:19.164282 (2732400) main____ INFO      TMPDIR            : '/tmp/ab2113/jg_5017574_147'
2026-02-23 12:58:19.164286 (2732400) main____ INFO    ----------------------------------------
2026-02-23 12:58:19.164756 (2732400) lic_core INFO    Initializing license system ...
2026-02-23 12:58:19.165172 (2732400) lic_core INFO    ... license system initialized.
2026-02-23 12:58:19.165883 (2732400) lic__man INFO    Claim 'fpv' for <ui>.
2026-02-23 12:58:19.165918 (2732400) lic_core INFO    (1) checking out 'jasper_fpv' ...
2026-02-23 12:58:19.171912 (2732400) lic_core INFO    ... (1) checkout failed (error: -5) ("FLEXnet ERROR(-5, 0, 0): No such feature exists.")
2026-02-23 12:58:19.171957 (2732400) lic_core INFO    (2) checking out 'jasper_fao' ...
2026-02-23 12:58:19.182590 (2732400) lic_core INFO    ... (2) checkout succeeded
2026-02-23 12:58:19.196187 (2732400) session_ INFO    Starting analysis session with session id 'session_0' (launcher: <local>) ...
2026-02-23 12:58:19.198960 (2732400) session_ INFO    Analysis session with session id 'session_0' started (pid: 2732408)
2026-02-23 12:58:19.904714 (2732400) session_ INFO    Analysis session 'session_0' connected to the console (host: 127.0.0.1:37708)
2026-02-23 12:58:20.703305 (2732400) lic__man INFO    Unclaim everything for 'session_0'.
2026-02-23 12:58:20.765530 (2732400) main____ INFO    About to exit: request to exit with status 3 received from analysis session 'session_0'
2026-02-23 12:58:20.838212 (2732400) session_ INFO    Analysis session 'session_0' disconnected.
2026-02-23 12:58:20.838325 (2732400) lic__man INFO    Unclaim everything for 'session_0'.
2026-02-23 12:58:20.839093 (2732400) session_ INFO    Process for analysis session 'session_0' has exited with exit status '3'.
2026-02-23 12:58:22.707537 (2732400) lic_core INFO    (2) checkin jasper_fao
2026-02-23 12:58:22.709265 (2732400) main____ INFO    Exiting with status 3.
