2026-02-23 13:51:19.807997 (1736598) main____ INFO    ----------------------------------------
2026-02-23 13:51:19.808066 (1736598) main____ INFO    JasperGold version info
2026-02-23 13:51:19.808082 (1736598) main____ INFO      tool      : JasperGold 2021.03
2026-02-23 13:51:19.808091 (1736598) main____ INFO      version   : 2021.03 FCS 64 bits
2026-02-23 13:51:19.808096 (1736598) main____ INFO      build date: 2021.03.23 02:50:43 UTC
2026-02-23 13:51:19.808101 (1736598) main____ INFO    ----------------------------------------
2026-02-23 13:51:19.808106 (1736598) main____ INFO    Runtime info:
2026-02-23 13:51:19.808112 (1736598) main____ INFO      platform  : Linux 5.14.0-570.84.1.el9_6.x86_64 x86_64
2026-02-23 13:51:19.808118 (1736598) main____ INFO      hostname  : della-h14n7
2026-02-23 13:51:19.808123 (1736598) main____ INFO      pid       : 1736598
2026-02-23 13:51:19.808128 (1736598) main____ INFO      arguments : '-style' 'windows' '-batch' '-proj' './verification_results/03129/jgproject' '-tcl' './jasper_verif_check.tcl'
2026-02-23 13:51:19.808136 (1736598) main____ INFO      locale    : UTF-8
2026-02-23 13:51:19.808141 (1736598) main____ INFO    ----------------------------------------
2026-02-23 13:51:19.808146 (1736598) main____ INFO    System resource limits info:
2026-02-23 13:51:19.808151 (1736598) main____ INFO      virtual memory: unlimited
2026-02-23 13:51:19.808156 (1736598) main____ INFO      cpu time      : unlimited
2026-02-23 13:51:19.808161 (1736598) main____ INFO      stack size    : unlimited
2026-02-23 13:51:19.808166 (1736598) main____ INFO      core file size: unlimited
2026-02-23 13:51:19.808172 (1736598) main____ INFO      open files    : 131072
2026-02-23 13:51:19.808177 (1736598) main____ INFO      file size     : unlimited
2026-02-23 13:51:19.808182 (1736598) main____ INFO    ----------------------------------------
2026-02-23 13:51:19.808187 (1736598) main____ INFO    Memory statistics:
2026-02-23 13:51:19.808192 (1736598) main____ INFO      total physical memory  : 1584164356 kB
2026-02-23 13:51:19.808197 (1736598) main____ INFO      free physical memory   : 809224056 kB
2026-02-23 13:51:19.808202 (1736598) main____ INFO      committed address space: 600709960 kB
2026-02-23 13:51:19.808207 (1736598) main____ INFO    ----------------------------------------
2026-02-23 13:51:19.808728 (1736598) main____ INFO    Important environment variables:
2026-02-23 13:51:19.808740 (1736598) main____ INFO      JASPER_HOME       : '/usr/licensed/cadence-20210126/jasper_2021.03'
2026-02-23 13:51:19.808746 (1736598) main____ INFO      JASPER_INSTALL_DIR: '/scratch/gpfs/LICENSED/x86_64/cadence-20210126/jasper_2021.03'
2026-02-23 13:51:19.808752 (1736598) main____ INFO      LANG              : 'en_US.UTF-8'
2026-02-23 13:51:19.808758 (1736598) main____ INFO      LM_LICENSE_FILE   : '5280@license.rc.princeton.edu'
2026-02-23 13:51:19.808763 (1736598) main____ INFO      TMPDIR            : '/tmp/ab2113/jg_5018982_55'
2026-02-23 13:51:19.808768 (1736598) main____ INFO    ----------------------------------------
2026-02-23 13:51:19.809172 (1736598) lic_core INFO    Initializing license system ...
2026-02-23 13:51:19.809743 (1736598) lic_core INFO    ... license system initialized.
2026-02-23 13:51:19.810492 (1736598) lic__man INFO    Claim 'fpv' for <ui>.
2026-02-23 13:51:19.810524 (1736598) lic_core INFO    (1) checking out 'jasper_fpv' ...
2026-02-23 13:51:19.816283 (1736598) lic_core INFO    ... (1) checkout failed (error: -5) ("FLEXnet ERROR(-5, 0, 0): No such feature exists.")
2026-02-23 13:51:19.816304 (1736598) lic_core INFO    (2) checking out 'jasper_fao' ...
2026-02-23 13:51:19.824848 (1736598) lic_core INFO    ... (2) checkout succeeded
2026-02-23 13:51:19.835067 (1736598) session_ INFO    Starting analysis session with session id 'session_0' (launcher: <local>) ...
2026-02-23 13:51:19.837675 (1736598) session_ INFO    Analysis session with session id 'session_0' started (pid: 1736635)
2026-02-23 13:51:20.371637 (1736598) session_ INFO    Analysis session 'session_0' connected to the console (host: 127.0.0.1:34914)
2026-02-23 13:51:21.125450 (1736598) lic__man INFO    Unclaim everything for 'session_0'.
2026-02-23 13:51:21.155565 (1736598) lic__man INFO    Claim 'fpv' for 'session_0'.
2026-02-23 13:51:21.155596 (1736598) lic__man INFO    Claim 'fpv' for 'session_0/prove-0'.
2026-02-23 13:51:21.313087 (1736598) lic__man INFO    Unclaim everything for 'session_0/prove-0'.
2026-02-23 13:51:21.365280 (1736598) main____ INFO    About to exit: request to exit with status 0 received from analysis session 'session_0'
2026-02-23 13:51:21.420102 (1736598) session_ INFO    Analysis session 'session_0' disconnected.
2026-02-23 13:51:21.420212 (1736598) lic__man INFO    Unclaim everything for 'session_0'.
2026-02-23 13:51:21.420682 (1736598) session_ INFO    Process for analysis session 'session_0' has exited with exit status '0'.
2026-02-23 13:51:23.472663 (1736598) lic_core INFO    (2) checkin jasper_fao
2026-02-23 13:51:23.473965 (1736598) main____ INFO    Exiting with status 0.
