2026-02-23 13:53:31.307683 (1154602) main____ INFO    ----------------------------------------
2026-02-23 13:53:31.307783 (1154602) main____ INFO    JasperGold version info
2026-02-23 13:53:31.307801 (1154602) main____ INFO      tool      : JasperGold 2021.03
2026-02-23 13:53:31.307810 (1154602) main____ INFO      version   : 2021.03 FCS 64 bits
2026-02-23 13:53:31.307815 (1154602) main____ INFO      build date: 2021.03.23 02:50:43 UTC
2026-02-23 13:53:31.307819 (1154602) main____ INFO    ----------------------------------------
2026-02-23 13:53:31.307822 (1154602) main____ INFO    Runtime info:
2026-02-23 13:53:31.307827 (1154602) main____ INFO      platform  : Linux 5.14.0-570.84.1.el9_6.x86_64 x86_64
2026-02-23 13:53:31.307833 (1154602) main____ INFO      hostname  : della-i13n20
2026-02-23 13:53:31.307837 (1154602) main____ INFO      pid       : 1154602
2026-02-23 13:53:31.307841 (1154602) main____ INFO      arguments : '-style' 'windows' '-batch' '-proj' './verification_results/03875/jgproject' '-tcl' './jasper_verif_check.tcl'
2026-02-23 13:53:31.307849 (1154602) main____ INFO      locale    : UTF-8
2026-02-23 13:53:31.307852 (1154602) main____ INFO    ----------------------------------------
2026-02-23 13:53:31.307856 (1154602) main____ INFO    System resource limits info:
2026-02-23 13:53:31.307860 (1154602) main____ INFO      virtual memory: unlimited
2026-02-23 13:53:31.307864 (1154602) main____ INFO      cpu time      : unlimited
2026-02-23 13:53:31.307868 (1154602) main____ INFO      stack size    : unlimited
2026-02-23 13:53:31.307871 (1154602) main____ INFO      core file size: unlimited
2026-02-23 13:53:31.307878 (1154602) main____ INFO      open files    : 131072
2026-02-23 13:53:31.307882 (1154602) main____ INFO      file size     : unlimited
2026-02-23 13:53:31.307885 (1154602) main____ INFO    ----------------------------------------
2026-02-23 13:53:31.307889 (1154602) main____ INFO    Memory statistics:
2026-02-23 13:53:31.307893 (1154602) main____ INFO      total physical memory  : 394157552 kB
2026-02-23 13:53:31.307896 (1154602) main____ INFO      free physical memory   : 204289400 kB
2026-02-23 13:53:31.307900 (1154602) main____ INFO      committed address space: 146205412 kB
2026-02-23 13:53:31.307904 (1154602) main____ INFO    ----------------------------------------
2026-02-23 13:53:31.308809 (1154602) main____ INFO    Important environment variables:
2026-02-23 13:53:31.308824 (1154602) main____ INFO      JASPER_HOME       : '/usr/licensed/cadence-20210126/jasper_2021.03'
2026-02-23 13:53:31.308830 (1154602) main____ INFO      JASPER_INSTALL_DIR: '/scratch/gpfs/LICENSED/x86_64/cadence-20210126/jasper_2021.03'
2026-02-23 13:53:31.308835 (1154602) main____ INFO      LANG              : 'en_US.UTF-8'
2026-02-23 13:53:31.308840 (1154602) main____ INFO      LM_LICENSE_FILE   : '5280@license.rc.princeton.edu'
2026-02-23 13:53:31.308845 (1154602) main____ INFO      TMPDIR            : '/tmp/ab2113/jg_5019072_70'
2026-02-23 13:53:31.308848 (1154602) main____ INFO    ----------------------------------------
2026-02-23 13:53:31.309687 (1154602) lic_core INFO    Initializing license system ...
2026-02-23 13:53:31.310550 (1154602) lic_core INFO    ... license system initialized.
2026-02-23 13:53:31.311346 (1154602) lic__man INFO    Claim 'fpv' for <ui>.
2026-02-23 13:53:31.311388 (1154602) lic_core INFO    (1) checking out 'jasper_fpv' ...
2026-02-23 13:53:31.316479 (1154602) lic_core INFO    ... (1) checkout failed (error: -5) ("FLEXnet ERROR(-5, 0, 0): No such feature exists.")
2026-02-23 13:53:31.316535 (1154602) lic_core INFO    (2) checking out 'jasper_fao' ...
2026-02-23 13:53:31.326943 (1154602) lic_core INFO    ... (2) checkout succeeded
2026-02-23 13:53:31.340809 (1154602) session_ INFO    Starting analysis session with session id 'session_0' (launcher: <local>) ...
2026-02-23 13:53:31.343715 (1154602) session_ INFO    Analysis session with session id 'session_0' started (pid: 1154610)
2026-02-23 13:53:32.061398 (1154602) session_ INFO    Analysis session 'session_0' connected to the console (host: 127.0.0.1:51580)
2026-02-23 13:53:32.899591 (1154602) lic__man INFO    Unclaim everything for 'session_0'.
2026-02-23 13:53:32.948292 (1154602) lic__man INFO    Claim 'fpv' for 'session_0'.
2026-02-23 13:53:32.948348 (1154602) lic__man INFO    Claim 'fpv' for 'session_0/prove-0'.
2026-02-23 13:53:33.100780 (1154602) lic__man INFO    Unclaim everything for 'session_0/prove-0'.
2026-02-23 13:53:33.157255 (1154602) main____ INFO    About to exit: request to exit with status 0 received from analysis session 'session_0'
2026-02-23 13:53:33.250462 (1154602) session_ INFO    Analysis session 'session_0' disconnected.
2026-02-23 13:53:33.250595 (1154602) lic__man INFO    Unclaim everything for 'session_0'.
2026-02-23 13:53:33.251203 (1154602) session_ INFO    Process for analysis session 'session_0' has exited with exit status '0'.
2026-02-23 13:53:35.064140 (1154602) lic_core INFO    (2) checkin jasper_fao
2026-02-23 13:53:35.066411 (1154602) main____ INFO    Exiting with status 0.
