2026-02-23 13:52:42.007271 (2615952) main____ INFO    ----------------------------------------
2026-02-23 13:52:42.007377 (2615952) main____ INFO    JasperGold version info
2026-02-23 13:52:42.007396 (2615952) main____ INFO      tool      : JasperGold 2021.03
2026-02-23 13:52:42.007405 (2615952) main____ INFO      version   : 2021.03 FCS 64 bits
2026-02-23 13:52:42.007410 (2615952) main____ INFO      build date: 2021.03.23 02:50:43 UTC
2026-02-23 13:52:42.007415 (2615952) main____ INFO    ----------------------------------------
2026-02-23 13:52:42.007419 (2615952) main____ INFO    Runtime info:
2026-02-23 13:52:42.007424 (2615952) main____ INFO      platform  : Linux 5.14.0-570.84.1.el9_6.x86_64 x86_64
2026-02-23 13:52:42.007430 (2615952) main____ INFO      hostname  : della-r3c1n7
2026-02-23 13:52:42.007435 (2615952) main____ INFO      pid       : 2615952
2026-02-23 13:52:42.007439 (2615952) main____ INFO      arguments : '-style' 'windows' '-batch' '-proj' './verification_results/03485/jgproject' '-tcl' './jasper_verif_check.tcl'
2026-02-23 13:52:42.007447 (2615952) main____ INFO      locale    : UTF-8
2026-02-23 13:52:42.007451 (2615952) main____ INFO    ----------------------------------------
2026-02-23 13:52:42.007455 (2615952) main____ INFO    System resource limits info:
2026-02-23 13:52:42.007459 (2615952) main____ INFO      virtual memory: unlimited
2026-02-23 13:52:42.007463 (2615952) main____ INFO      cpu time      : unlimited
2026-02-23 13:52:42.007468 (2615952) main____ INFO      stack size    : unlimited
2026-02-23 13:52:42.007472 (2615952) main____ INFO      core file size: unlimited
2026-02-23 13:52:42.007479 (2615952) main____ INFO      open files    : 131072
2026-02-23 13:52:42.007483 (2615952) main____ INFO      file size     : unlimited
2026-02-23 13:52:42.007487 (2615952) main____ INFO    ----------------------------------------
2026-02-23 13:52:42.007491 (2615952) main____ INFO    Memory statistics:
2026-02-23 13:52:42.007495 (2615952) main____ INFO      total physical memory  : 195972072 kB
2026-02-23 13:52:42.007500 (2615952) main____ INFO      free physical memory   : 153418808 kB
2026-02-23 13:52:42.007504 (2615952) main____ INFO      committed address space: 44954972 kB
2026-02-23 13:52:42.007508 (2615952) main____ INFO    ----------------------------------------
2026-02-23 13:52:42.008498 (2615952) main____ INFO    Important environment variables:
2026-02-23 13:52:42.008515 (2615952) main____ INFO      JASPER_HOME       : '/usr/licensed/cadence-20210126/jasper_2021.03'
2026-02-23 13:52:42.008521 (2615952) main____ INFO      JASPER_INSTALL_DIR: '/scratch/gpfs/LICENSED/x86_64/cadence-20210126/jasper_2021.03'
2026-02-23 13:52:42.008527 (2615952) main____ INFO      LANG              : 'en_US.UTF-8'
2026-02-23 13:52:42.008532 (2615952) main____ INFO      LM_LICENSE_FILE   : '5280@license.rc.princeton.edu'
2026-02-23 13:52:42.008537 (2615952) main____ INFO      TMPDIR            : '/tmp/ab2113/jg_5019031_62'
2026-02-23 13:52:42.008541 (2615952) main____ INFO    ----------------------------------------
2026-02-23 13:52:42.009366 (2615952) lic_core INFO    Initializing license system ...
2026-02-23 13:52:42.010191 (2615952) lic_core INFO    ... license system initialized.
2026-02-23 13:52:42.010951 (2615952) lic__man INFO    Claim 'fpv' for <ui>.
2026-02-23 13:52:42.010991 (2615952) lic_core INFO    (1) checking out 'jasper_fpv' ...
2026-02-23 13:52:42.016386 (2615952) lic_core INFO    ... (1) checkout failed (error: -5) ("FLEXnet ERROR(-5, 0, 0): No such feature exists.")
2026-02-23 13:52:42.016440 (2615952) lic_core INFO    (2) checking out 'jasper_fao' ...
2026-02-23 13:52:42.026609 (2615952) lic_core INFO    ... (2) checkout succeeded
2026-02-23 13:52:42.042675 (2615952) session_ INFO    Starting analysis session with session id 'session_0' (launcher: <local>) ...
2026-02-23 13:52:42.045496 (2615952) session_ INFO    Analysis session with session id 'session_0' started (pid: 2615960)
2026-02-23 13:52:42.711087 (2615952) session_ INFO    Analysis session 'session_0' connected to the console (host: 127.0.0.1:51802)
2026-02-23 13:52:43.524197 (2615952) lic__man INFO    Unclaim everything for 'session_0'.
2026-02-23 13:52:43.586237 (2615952) main____ INFO    About to exit: request to exit with status 3 received from analysis session 'session_0'
2026-02-23 13:52:43.653422 (2615952) session_ INFO    Analysis session 'session_0' disconnected.
2026-02-23 13:52:43.653540 (2615952) lic__man INFO    Unclaim everything for 'session_0'.
2026-02-23 13:52:43.654113 (2615952) session_ INFO    Process for analysis session 'session_0' has exited with exit status '3'.
2026-02-23 13:52:45.493465 (2615952) lic_core INFO    (2) checkin jasper_fao
2026-02-23 13:52:45.494895 (2615952) main____ INFO    Exiting with status 3.
