2026-02-23 13:40:38.925593 (1939957) main____ INFO    ----------------------------------------
2026-02-23 13:40:38.925676 (1939957) main____ INFO    JasperGold version info
2026-02-23 13:40:38.925693 (1939957) main____ INFO      tool      : JasperGold 2021.03
2026-02-23 13:40:38.925702 (1939957) main____ INFO      version   : 2021.03 FCS 64 bits
2026-02-23 13:40:38.925707 (1939957) main____ INFO      build date: 2021.03.23 02:50:43 UTC
2026-02-23 13:40:38.925712 (1939957) main____ INFO    ----------------------------------------
2026-02-23 13:40:38.925716 (1939957) main____ INFO    Runtime info:
2026-02-23 13:40:38.925721 (1939957) main____ INFO      platform  : Linux 5.14.0-570.84.1.el9_6.x86_64 x86_64
2026-02-23 13:40:38.925727 (1939957) main____ INFO      hostname  : della-r3c1n5
2026-02-23 13:40:38.925732 (1939957) main____ INFO      pid       : 1939957
2026-02-23 13:40:38.925736 (1939957) main____ INFO      arguments : '-style' 'windows' '-batch' '-proj' './verification_results/01321/jgproject' '-tcl' './jasper_verif_check.tcl'
2026-02-23 13:40:38.925744 (1939957) main____ INFO      locale    : UTF-8
2026-02-23 13:40:38.925749 (1939957) main____ INFO    ----------------------------------------
2026-02-23 13:40:38.925753 (1939957) main____ INFO    System resource limits info:
2026-02-23 13:40:38.925758 (1939957) main____ INFO      virtual memory: unlimited
2026-02-23 13:40:38.925762 (1939957) main____ INFO      cpu time      : unlimited
2026-02-23 13:40:38.925767 (1939957) main____ INFO      stack size    : unlimited
2026-02-23 13:40:38.925771 (1939957) main____ INFO      core file size: unlimited
2026-02-23 13:40:38.925778 (1939957) main____ INFO      open files    : 131072
2026-02-23 13:40:38.925783 (1939957) main____ INFO      file size     : unlimited
2026-02-23 13:40:38.925787 (1939957) main____ INFO    ----------------------------------------
2026-02-23 13:40:38.925791 (1939957) main____ INFO    Memory statistics:
2026-02-23 13:40:38.925796 (1939957) main____ INFO      total physical memory  : 195972056 kB
2026-02-23 13:40:38.925801 (1939957) main____ INFO      free physical memory   : 111223540 kB
2026-02-23 13:40:38.925805 (1939957) main____ INFO      committed address space: 51856748 kB
2026-02-23 13:40:38.925809 (1939957) main____ INFO    ----------------------------------------
2026-02-23 13:40:38.926785 (1939957) main____ INFO    Important environment variables:
2026-02-23 13:40:38.926800 (1939957) main____ INFO      JASPER_HOME       : '/usr/licensed/cadence-20210126/jasper_2021.03'
2026-02-23 13:40:38.926806 (1939957) main____ INFO      JASPER_INSTALL_DIR: '/scratch/gpfs/LICENSED/x86_64/cadence-20210126/jasper_2021.03'
2026-02-23 13:40:38.926812 (1939957) main____ INFO      LANG              : 'en_US.UTF-8'
2026-02-23 13:40:38.926817 (1939957) main____ INFO      LM_LICENSE_FILE   : '5280@license.rc.princeton.edu'
2026-02-23 13:40:38.926822 (1939957) main____ INFO      TMPDIR            : '/tmp/ab2113/jg_5018833_19'
2026-02-23 13:40:38.926826 (1939957) main____ INFO    ----------------------------------------
2026-02-23 13:40:38.927676 (1939957) lic_core INFO    Initializing license system ...
2026-02-23 13:40:38.928492 (1939957) lic_core INFO    ... license system initialized.
2026-02-23 13:40:38.929253 (1939957) lic__man INFO    Claim 'fpv' for <ui>.
2026-02-23 13:40:38.929291 (1939957) lic_core INFO    (1) checking out 'jasper_fpv' ...
2026-02-23 13:40:38.935132 (1939957) lic_core INFO    ... (1) checkout failed (error: -5) ("FLEXnet ERROR(-5, 0, 0): No such feature exists.")
2026-02-23 13:40:38.935168 (1939957) lic_core INFO    (2) checking out 'jasper_fao' ...
2026-02-23 13:40:38.945489 (1939957) lic_core INFO    ... (2) checkout succeeded
2026-02-23 13:40:38.960550 (1939957) session_ INFO    Starting analysis session with session id 'session_0' (launcher: <local>) ...
2026-02-23 13:40:38.963649 (1939957) session_ INFO    Analysis session with session id 'session_0' started (pid: 1939965)
2026-02-23 13:40:39.675980 (1939957) session_ INFO    Analysis session 'session_0' connected to the console (host: 127.0.0.1:59390)
2026-02-23 13:40:40.560230 (1939957) main____ INFO    About to exit: request to exit with status 1 received from analysis session 'session_0'
2026-02-23 13:40:40.639101 (1939957) session_ INFO    Analysis session 'session_0' disconnected.
2026-02-23 13:40:40.639221 (1939957) lic__man INFO    Unclaim everything for 'session_0'.
2026-02-23 13:40:40.639827 (1939957) session_ INFO    Process for analysis session 'session_0' has exited with exit status '1'.
2026-02-23 13:40:42.595877 (1939957) lic_core INFO    (2) checkin jasper_fao
2026-02-23 13:40:42.597544 (1939957) main____ INFO    Exiting with status 1.
