2026-02-23 11:59:20.023905 (2328925) main____ INFO    ----------------------------------------
2026-02-23 11:59:20.023977 (2328925) main____ INFO    JasperGold version info
2026-02-23 11:59:20.023991 (2328925) main____ INFO      tool      : JasperGold 2021.03
2026-02-23 11:59:20.024000 (2328925) main____ INFO      version   : 2021.03 FCS 64 bits
2026-02-23 11:59:20.024005 (2328925) main____ INFO      build date: 2021.03.23 02:50:43 UTC
2026-02-23 11:59:20.024010 (2328925) main____ INFO    ----------------------------------------
2026-02-23 11:59:20.024015 (2328925) main____ INFO    Runtime info:
2026-02-23 11:59:20.024021 (2328925) main____ INFO      platform  : Linux 5.14.0-570.84.1.el9_6.x86_64 x86_64
2026-02-23 11:59:20.024028 (2328925) main____ INFO      hostname  : della-h14n8
2026-02-23 11:59:20.024034 (2328925) main____ INFO      pid       : 2328925
2026-02-23 11:59:20.024040 (2328925) main____ INFO      arguments : '-style' 'windows' '-batch' '-proj' './verification_results/00056/jgproject' '-tcl' './jasper_verif_check.tcl'
2026-02-23 11:59:20.024048 (2328925) main____ INFO      locale    : UTF-8
2026-02-23 11:59:20.024053 (2328925) main____ INFO    ----------------------------------------
2026-02-23 11:59:20.024058 (2328925) main____ INFO    System resource limits info:
2026-02-23 11:59:20.024063 (2328925) main____ INFO      virtual memory: unlimited
2026-02-23 11:59:20.024068 (2328925) main____ INFO      cpu time      : unlimited
2026-02-23 11:59:20.024073 (2328925) main____ INFO      stack size    : unlimited
2026-02-23 11:59:20.024078 (2328925) main____ INFO      core file size: unlimited
2026-02-23 11:59:20.024085 (2328925) main____ INFO      open files    : 131072
2026-02-23 11:59:20.024090 (2328925) main____ INFO      file size     : unlimited
2026-02-23 11:59:20.024095 (2328925) main____ INFO    ----------------------------------------
2026-02-23 11:59:20.024100 (2328925) main____ INFO    Memory statistics:
2026-02-23 11:59:20.024105 (2328925) main____ INFO      total physical memory  : 1584164340 kB
2026-02-23 11:59:20.024110 (2328925) main____ INFO      free physical memory   : 811405876 kB
2026-02-23 11:59:20.024115 (2328925) main____ INFO      committed address space: 501043924 kB
2026-02-23 11:59:20.024119 (2328925) main____ INFO    ----------------------------------------
2026-02-23 11:59:20.024651 (2328925) main____ INFO    Important environment variables:
2026-02-23 11:59:20.024667 (2328925) main____ INFO      JASPER_HOME       : '/usr/licensed/cadence-20210126/jasper_2021.03'
2026-02-23 11:59:20.024673 (2328925) main____ INFO      JASPER_INSTALL_DIR: '/scratch/gpfs/LICENSED/x86_64/cadence-20210126/jasper_2021.03'
2026-02-23 11:59:20.024679 (2328925) main____ INFO      LANG              : 'en_US.UTF-8'
2026-02-23 11:59:20.024685 (2328925) main____ INFO      LM_LICENSE_FILE   : '5280@license.rc.princeton.edu'
2026-02-23 11:59:20.024690 (2328925) main____ INFO      TMPDIR            : '/tmp/ab2113/jg_5015751_57'
2026-02-23 11:59:20.024695 (2328925) main____ INFO    ----------------------------------------
2026-02-23 11:59:20.025192 (2328925) lic_core INFO    Initializing license system ...
2026-02-23 11:59:20.025693 (2328925) lic_core INFO    ... license system initialized.
2026-02-23 11:59:20.026505 (2328925) lic__man INFO    Claim 'fpv' for <ui>.
2026-02-23 11:59:20.026540 (2328925) lic_core INFO    (1) checking out 'jasper_fpv' ...
2026-02-23 11:59:20.033085 (2328925) lic_core INFO    ... (1) checkout failed (error: -5) ("FLEXnet ERROR(-5, 0, 0): No such feature exists.")
2026-02-23 11:59:20.033113 (2328925) lic_core INFO    (2) checking out 'jasper_fao' ...
2026-02-23 11:59:20.042415 (2328925) lic_core INFO    ... (2) checkout succeeded
2026-02-23 11:59:20.053980 (2328925) session_ INFO    Starting analysis session with session id 'session_0' (launcher: <local>) ...
2026-02-23 11:59:20.057210 (2328925) session_ INFO    Analysis session with session id 'session_0' started (pid: 2328934)
2026-02-23 11:59:20.736647 (2328925) session_ INFO    Analysis session 'session_0' connected to the console (host: 127.0.0.1:52642)
2026-02-23 11:59:21.517813 (2328925) lic__man INFO    Unclaim everything for 'session_0'.
2026-02-23 11:59:21.569973 (2328925) lic__man INFO    Claim 'fpv' for 'session_0'.
2026-02-23 11:59:21.570013 (2328925) lic__man INFO    Claim 'fpv' for 'session_0/prove-0'.
2026-02-23 11:59:21.729661 (2328925) lic__man INFO    Unclaim everything for 'session_0/prove-0'.
2026-02-23 11:59:21.785826 (2328925) main____ INFO    About to exit: request to exit with status 0 received from analysis session 'session_0'
2026-02-23 11:59:21.844566 (2328925) session_ INFO    Analysis session 'session_0' disconnected.
2026-02-23 11:59:21.844733 (2328925) lic__man INFO    Unclaim everything for 'session_0'.
2026-02-23 11:59:21.845706 (2328925) session_ INFO    Process for analysis session 'session_0' has exited with exit status '0'.
2026-02-23 11:59:23.693032 (2328925) lic_core INFO    (2) checkin jasper_fao
2026-02-23 11:59:23.695042 (2328925) main____ INFO    Exiting with status 0.
