2026-02-23 13:45:30.401123 (1946718) main____ INFO    ----------------------------------------
2026-02-23 13:45:30.401228 (1946718) main____ INFO    JasperGold version info
2026-02-23 13:45:30.401247 (1946718) main____ INFO      tool      : JasperGold 2021.03
2026-02-23 13:45:30.401256 (1946718) main____ INFO      version   : 2021.03 FCS 64 bits
2026-02-23 13:45:30.401262 (1946718) main____ INFO      build date: 2021.03.23 02:50:43 UTC
2026-02-23 13:45:30.401266 (1946718) main____ INFO    ----------------------------------------
2026-02-23 13:45:30.401270 (1946718) main____ INFO    Runtime info:
2026-02-23 13:45:30.401275 (1946718) main____ INFO      platform  : Linux 5.14.0-570.84.1.el9_6.x86_64 x86_64
2026-02-23 13:45:30.401282 (1946718) main____ INFO      hostname  : della-r3c1n5
2026-02-23 13:45:30.401287 (1946718) main____ INFO      pid       : 1946718
2026-02-23 13:45:30.401292 (1946718) main____ INFO      arguments : '-style' 'windows' '-batch' '-proj' './verification_results/01941/jgproject' '-tcl' './jasper_verif_check.tcl'
2026-02-23 13:45:30.401300 (1946718) main____ INFO      locale    : UTF-8
2026-02-23 13:45:30.401305 (1946718) main____ INFO    ----------------------------------------
2026-02-23 13:45:30.401309 (1946718) main____ INFO    System resource limits info:
2026-02-23 13:45:30.401313 (1946718) main____ INFO      virtual memory: unlimited
2026-02-23 13:45:30.401318 (1946718) main____ INFO      cpu time      : unlimited
2026-02-23 13:45:30.401322 (1946718) main____ INFO      stack size    : unlimited
2026-02-23 13:45:30.401327 (1946718) main____ INFO      core file size: unlimited
2026-02-23 13:45:30.401334 (1946718) main____ INFO      open files    : 131072
2026-02-23 13:45:30.401339 (1946718) main____ INFO      file size     : unlimited
2026-02-23 13:45:30.401343 (1946718) main____ INFO    ----------------------------------------
2026-02-23 13:45:30.401347 (1946718) main____ INFO    Memory statistics:
2026-02-23 13:45:30.401352 (1946718) main____ INFO      total physical memory  : 195972056 kB
2026-02-23 13:45:30.401356 (1946718) main____ INFO      free physical memory   : 110800956 kB
2026-02-23 13:45:30.401361 (1946718) main____ INFO      committed address space: 55118528 kB
2026-02-23 13:45:30.401365 (1946718) main____ INFO    ----------------------------------------
2026-02-23 13:45:30.402423 (1946718) main____ INFO    Important environment variables:
2026-02-23 13:45:30.402447 (1946718) main____ INFO      JASPER_HOME       : '/usr/licensed/cadence-20210126/jasper_2021.03'
2026-02-23 13:45:30.402454 (1946718) main____ INFO      JASPER_INSTALL_DIR: '/scratch/gpfs/LICENSED/x86_64/cadence-20210126/jasper_2021.03'
2026-02-23 13:45:30.402459 (1946718) main____ INFO      LANG              : 'en_US.UTF-8'
2026-02-23 13:45:30.402465 (1946718) main____ INFO      LM_LICENSE_FILE   : '5280@license.rc.princeton.edu'
2026-02-23 13:45:30.402470 (1946718) main____ INFO      TMPDIR            : '/tmp/ab2113/jg_5018879_31'
2026-02-23 13:45:30.402474 (1946718) main____ INFO    ----------------------------------------
2026-02-23 13:45:30.402968 (1946718) lic_core INFO    Initializing license system ...
2026-02-23 13:45:30.403833 (1946718) lic_core INFO    ... license system initialized.
2026-02-23 13:45:30.404639 (1946718) lic__man INFO    Claim 'fpv' for <ui>.
2026-02-23 13:45:30.404684 (1946718) lic_core INFO    (1) checking out 'jasper_fpv' ...
2026-02-23 13:45:30.410175 (1946718) lic_core INFO    ... (1) checkout failed (error: -5) ("FLEXnet ERROR(-5, 0, 0): No such feature exists.")
2026-02-23 13:45:30.410230 (1946718) lic_core INFO    (2) checking out 'jasper_fao' ...
2026-02-23 13:45:30.420936 (1946718) lic_core INFO    ... (2) checkout succeeded
2026-02-23 13:45:30.435486 (1946718) session_ INFO    Starting analysis session with session id 'session_0' (launcher: <local>) ...
2026-02-23 13:45:30.438555 (1946718) session_ INFO    Analysis session with session id 'session_0' started (pid: 1946726)
2026-02-23 13:45:31.144827 (1946718) session_ INFO    Analysis session 'session_0' connected to the console (host: 127.0.0.1:48428)
2026-02-23 13:45:32.075218 (1946718) main____ INFO    About to exit: request to exit with status 1 received from analysis session 'session_0'
2026-02-23 13:45:32.145971 (1946718) session_ INFO    Analysis session 'session_0' disconnected.
2026-02-23 13:45:32.146100 (1946718) lic__man INFO    Unclaim everything for 'session_0'.
2026-02-23 13:45:32.146481 (1946718) session_ INFO    Process for analysis session 'session_0' has exited with exit status '1'.
2026-02-23 13:45:34.096317 (1946718) lic_core INFO    (2) checkin jasper_fao
2026-02-23 13:45:34.097868 (1946718) main____ INFO    Exiting with status 1.
