2026-02-23 13:55:58.027456 (2562597) main____ INFO    ----------------------------------------
2026-02-23 13:55:58.027606 (2562597) main____ INFO    JasperGold version info
2026-02-23 13:55:58.027629 (2562597) main____ INFO      tool      : JasperGold 2021.03
2026-02-23 13:55:58.027641 (2562597) main____ INFO      version   : 2021.03 FCS 64 bits
2026-02-23 13:55:58.027648 (2562597) main____ INFO      build date: 2021.03.23 02:50:43 UTC
2026-02-23 13:55:58.027653 (2562597) main____ INFO    ----------------------------------------
2026-02-23 13:55:58.027658 (2562597) main____ INFO    Runtime info:
2026-02-23 13:55:58.027663 (2562597) main____ INFO      platform  : Linux 5.14.0-570.84.1.el9_6.x86_64 x86_64
2026-02-23 13:55:58.027672 (2562597) main____ INFO      hostname  : della-i13n7
2026-02-23 13:55:58.027677 (2562597) main____ INFO      pid       : 2562597
2026-02-23 13:55:58.027683 (2562597) main____ INFO      arguments : '-style' 'windows' '-batch' '-proj' './verification_results/03863/jgproject' '-tcl' './jasper_verif_check.tcl'
2026-02-23 13:55:58.027694 (2562597) main____ INFO      locale    : UTF-8
2026-02-23 13:55:58.027699 (2562597) main____ INFO    ----------------------------------------
2026-02-23 13:55:58.027704 (2562597) main____ INFO    System resource limits info:
2026-02-23 13:55:58.027711 (2562597) main____ INFO      virtual memory: unlimited
2026-02-23 13:55:58.027717 (2562597) main____ INFO      cpu time      : unlimited
2026-02-23 13:55:58.027722 (2562597) main____ INFO      stack size    : unlimited
2026-02-23 13:55:58.027727 (2562597) main____ INFO      core file size: unlimited
2026-02-23 13:55:58.027738 (2562597) main____ INFO      open files    : 131072
2026-02-23 13:55:58.027743 (2562597) main____ INFO      file size     : unlimited
2026-02-23 13:55:58.027748 (2562597) main____ INFO    ----------------------------------------
2026-02-23 13:55:58.027753 (2562597) main____ INFO    Memory statistics:
2026-02-23 13:55:58.027759 (2562597) main____ INFO      total physical memory  : 394157548 kB
2026-02-23 13:55:58.027766 (2562597) main____ INFO      free physical memory   : 120404980 kB
2026-02-23 13:55:58.027770 (2562597) main____ INFO      committed address space: 103996840 kB
2026-02-23 13:55:58.027775 (2562597) main____ INFO    ----------------------------------------
2026-02-23 13:55:58.028722 (2562597) main____ INFO    Important environment variables:
2026-02-23 13:55:58.028755 (2562597) main____ INFO      JASPER_HOME       : '/usr/licensed/cadence-20210126/jasper_2021.03'
2026-02-23 13:55:58.028763 (2562597) main____ INFO      JASPER_INSTALL_DIR: '/scratch/gpfs/LICENSED/x86_64/cadence-20210126/jasper_2021.03'
2026-02-23 13:55:58.028771 (2562597) main____ INFO      LANG              : 'en_US.UTF-8'
2026-02-23 13:55:58.028779 (2562597) main____ INFO      LM_LICENSE_FILE   : '5280@license.rc.princeton.edu'
2026-02-23 13:55:58.028787 (2562597) main____ INFO      TMPDIR            : '/tmp/ab2113/jg_5019071_69'
2026-02-23 13:55:58.028794 (2562597) main____ INFO    ----------------------------------------
2026-02-23 13:55:58.029858 (2562597) lic_core INFO    Initializing license system ...
2026-02-23 13:55:58.030908 (2562597) lic_core INFO    ... license system initialized.
2026-02-23 13:55:58.031760 (2562597) lic__man INFO    Claim 'fpv' for <ui>.
2026-02-23 13:55:58.031814 (2562597) lic_core INFO    (1) checking out 'jasper_fpv' ...
2026-02-23 13:55:58.037658 (2562597) lic_core INFO    ... (1) checkout failed (error: -5) ("FLEXnet ERROR(-5, 0, 0): No such feature exists.")
2026-02-23 13:55:58.037736 (2562597) lic_core INFO    (2) checking out 'jasper_fao' ...
2026-02-23 13:55:58.048255 (2562597) lic_core INFO    ... (2) checkout succeeded
2026-02-23 13:55:58.063453 (2562597) session_ INFO    Starting analysis session with session id 'session_0' (launcher: <local>) ...
2026-02-23 13:55:58.066909 (2562597) session_ INFO    Analysis session with session id 'session_0' started (pid: 2562605)
2026-02-23 13:55:58.857589 (2562597) session_ INFO    Analysis session 'session_0' connected to the console (host: 127.0.0.1:49654)
2026-02-23 13:55:59.534150 (2562597) main____ INFO    About to exit: request to exit with status 1 received from analysis session 'session_0'
2026-02-23 13:55:59.649594 (2562597) session_ INFO    Analysis session 'session_0' disconnected.
2026-02-23 13:55:59.649747 (2562597) lic__man INFO    Unclaim everything for 'session_0'.
2026-02-23 13:55:59.650673 (2562597) session_ INFO    Process for analysis session 'session_0' has exited with exit status '1'.
2026-02-23 13:56:01.441235 (2562597) lic_core INFO    (2) checkin jasper_fao
2026-02-23 13:56:01.442953 (2562597) main____ INFO    Exiting with status 1.
