2026-02-23 13:50:08.336850 (1952562) main____ INFO    ----------------------------------------
2026-02-23 13:50:08.336933 (1952562) main____ INFO    JasperGold version info
2026-02-23 13:50:08.336950 (1952562) main____ INFO      tool      : JasperGold 2021.03
2026-02-23 13:50:08.336958 (1952562) main____ INFO      version   : 2021.03 FCS 64 bits
2026-02-23 13:50:08.336963 (1952562) main____ INFO      build date: 2021.03.23 02:50:43 UTC
2026-02-23 13:50:08.336967 (1952562) main____ INFO    ----------------------------------------
2026-02-23 13:50:08.336971 (1952562) main____ INFO    Runtime info:
2026-02-23 13:50:08.336976 (1952562) main____ INFO      platform  : Linux 5.14.0-570.84.1.el9_6.x86_64 x86_64
2026-02-23 13:50:08.336982 (1952562) main____ INFO      hostname  : della-r3c1n5
2026-02-23 13:50:08.336987 (1952562) main____ INFO      pid       : 1952562
2026-02-23 13:50:08.336991 (1952562) main____ INFO      arguments : '-style' 'windows' '-batch' '-proj' './verification_results/02857/jgproject' '-tcl' './jasper_verif_check.tcl'
2026-02-23 13:50:08.336999 (1952562) main____ INFO      locale    : UTF-8
2026-02-23 13:50:08.337003 (1952562) main____ INFO    ----------------------------------------
2026-02-23 13:50:08.337007 (1952562) main____ INFO    System resource limits info:
2026-02-23 13:50:08.337012 (1952562) main____ INFO      virtual memory: unlimited
2026-02-23 13:50:08.337016 (1952562) main____ INFO      cpu time      : unlimited
2026-02-23 13:50:08.337021 (1952562) main____ INFO      stack size    : unlimited
2026-02-23 13:50:08.337025 (1952562) main____ INFO      core file size: unlimited
2026-02-23 13:50:08.337032 (1952562) main____ INFO      open files    : 131072
2026-02-23 13:50:08.337036 (1952562) main____ INFO      file size     : unlimited
2026-02-23 13:50:08.337041 (1952562) main____ INFO    ----------------------------------------
2026-02-23 13:50:08.337045 (1952562) main____ INFO    Memory statistics:
2026-02-23 13:50:08.337049 (1952562) main____ INFO      total physical memory  : 195972056 kB
2026-02-23 13:50:08.337054 (1952562) main____ INFO      free physical memory   : 115164624 kB
2026-02-23 13:50:08.337058 (1952562) main____ INFO      committed address space: 55907796 kB
2026-02-23 13:50:08.337062 (1952562) main____ INFO    ----------------------------------------
2026-02-23 13:50:08.338039 (1952562) main____ INFO    Important environment variables:
2026-02-23 13:50:08.338070 (1952562) main____ INFO      JASPER_HOME       : '/usr/licensed/cadence-20210126/jasper_2021.03'
2026-02-23 13:50:08.338076 (1952562) main____ INFO      JASPER_INSTALL_DIR: '/scratch/gpfs/LICENSED/x86_64/cadence-20210126/jasper_2021.03'
2026-02-23 13:50:08.338082 (1952562) main____ INFO      LANG              : 'en_US.UTF-8'
2026-02-23 13:50:08.338087 (1952562) main____ INFO      LM_LICENSE_FILE   : '5280@license.rc.princeton.edu'
2026-02-23 13:50:08.338092 (1952562) main____ INFO      TMPDIR            : '/tmp/ab2113/jg_5018959_49'
2026-02-23 13:50:08.338097 (1952562) main____ INFO    ----------------------------------------
2026-02-23 13:50:08.338556 (1952562) lic_core INFO    Initializing license system ...
2026-02-23 13:50:08.339387 (1952562) lic_core INFO    ... license system initialized.
2026-02-23 13:50:08.340136 (1952562) lic__man INFO    Claim 'fpv' for <ui>.
2026-02-23 13:50:08.340173 (1952562) lic_core INFO    (1) checking out 'jasper_fpv' ...
2026-02-23 13:50:08.345681 (1952562) lic_core INFO    ... (1) checkout failed (error: -5) ("FLEXnet ERROR(-5, 0, 0): No such feature exists.")
2026-02-23 13:50:08.345718 (1952562) lic_core INFO    (2) checking out 'jasper_fao' ...
2026-02-23 13:50:08.356823 (1952562) lic_core INFO    ... (2) checkout succeeded
2026-02-23 13:50:08.372041 (1952562) session_ INFO    Starting analysis session with session id 'session_0' (launcher: <local>) ...
2026-02-23 13:50:08.375276 (1952562) session_ INFO    Analysis session with session id 'session_0' started (pid: 1952574)
2026-02-23 13:50:09.076160 (1952562) session_ INFO    Analysis session 'session_0' connected to the console (host: 127.0.0.1:43406)
2026-02-23 13:50:09.619206 (1952562) main____ INFO    About to exit: request to exit with status 1 received from analysis session 'session_0'
2026-02-23 13:50:09.692719 (1952562) session_ INFO    Analysis session 'session_0' disconnected.
2026-02-23 13:50:09.692849 (1952562) lic__man INFO    Unclaim everything for 'session_0'.
2026-02-23 13:50:09.693232 (1952562) session_ INFO    Process for analysis session 'session_0' has exited with exit status '1'.
2026-02-23 13:50:11.594745 (1952562) lic_core INFO    (2) checkin jasper_fao
2026-02-23 13:50:11.596275 (1952562) main____ INFO    Exiting with status 1.
