2026-02-23 13:42:34.388243 (1140574) main____ INFO    ----------------------------------------
2026-02-23 13:42:34.388352 (1140574) main____ INFO    JasperGold version info
2026-02-23 13:42:34.388372 (1140574) main____ INFO      tool      : JasperGold 2021.03
2026-02-23 13:42:34.388381 (1140574) main____ INFO      version   : 2021.03 FCS 64 bits
2026-02-23 13:42:34.388386 (1140574) main____ INFO      build date: 2021.03.23 02:50:43 UTC
2026-02-23 13:42:34.388390 (1140574) main____ INFO    ----------------------------------------
2026-02-23 13:42:34.388393 (1140574) main____ INFO    Runtime info:
2026-02-23 13:42:34.388398 (1140574) main____ INFO      platform  : Linux 5.14.0-570.84.1.el9_6.x86_64 x86_64
2026-02-23 13:42:34.388403 (1140574) main____ INFO      hostname  : della-i13n20
2026-02-23 13:42:34.388408 (1140574) main____ INFO      pid       : 1140574
2026-02-23 13:42:34.388412 (1140574) main____ INFO      arguments : '-style' 'windows' '-batch' '-proj' './verification_results/01452/jgproject' '-tcl' './jasper_verif_check.tcl'
2026-02-23 13:42:34.388420 (1140574) main____ INFO      locale    : UTF-8
2026-02-23 13:42:34.388424 (1140574) main____ INFO    ----------------------------------------
2026-02-23 13:42:34.388428 (1140574) main____ INFO    System resource limits info:
2026-02-23 13:42:34.388432 (1140574) main____ INFO      virtual memory: unlimited
2026-02-23 13:42:34.388436 (1140574) main____ INFO      cpu time      : unlimited
2026-02-23 13:42:34.388440 (1140574) main____ INFO      stack size    : unlimited
2026-02-23 13:42:34.388444 (1140574) main____ INFO      core file size: unlimited
2026-02-23 13:42:34.388451 (1140574) main____ INFO      open files    : 131072
2026-02-23 13:42:34.388455 (1140574) main____ INFO      file size     : unlimited
2026-02-23 13:42:34.388459 (1140574) main____ INFO    ----------------------------------------
2026-02-23 13:42:34.388463 (1140574) main____ INFO    Memory statistics:
2026-02-23 13:42:34.388467 (1140574) main____ INFO      total physical memory  : 394157552 kB
2026-02-23 13:42:34.388471 (1140574) main____ INFO      free physical memory   : 169494868 kB
2026-02-23 13:42:34.388475 (1140574) main____ INFO      committed address space: 145582396 kB
2026-02-23 13:42:34.388479 (1140574) main____ INFO    ----------------------------------------
2026-02-23 13:42:34.389419 (1140574) main____ INFO    Important environment variables:
2026-02-23 13:42:34.389438 (1140574) main____ INFO      JASPER_HOME       : '/usr/licensed/cadence-20210126/jasper_2021.03'
2026-02-23 13:42:34.389444 (1140574) main____ INFO      JASPER_INSTALL_DIR: '/scratch/gpfs/LICENSED/x86_64/cadence-20210126/jasper_2021.03'
2026-02-23 13:42:34.389449 (1140574) main____ INFO      LANG              : 'en_US.UTF-8'
2026-02-23 13:42:34.389454 (1140574) main____ INFO      LM_LICENSE_FILE   : '5280@license.rc.princeton.edu'
2026-02-23 13:42:34.389458 (1140574) main____ INFO      TMPDIR            : '/tmp/ab2113/jg_5018835_21'
2026-02-23 13:42:34.389463 (1140574) main____ INFO    ----------------------------------------
2026-02-23 13:42:34.390377 (1140574) lic_core INFO    Initializing license system ...
2026-02-23 13:42:34.391293 (1140574) lic_core INFO    ... license system initialized.
2026-02-23 13:42:34.392122 (1140574) lic__man INFO    Claim 'fpv' for <ui>.
2026-02-23 13:42:34.392176 (1140574) lic_core INFO    (1) checking out 'jasper_fpv' ...
2026-02-23 13:42:34.397521 (1140574) lic_core INFO    ... (1) checkout failed (error: -5) ("FLEXnet ERROR(-5, 0, 0): No such feature exists.")
2026-02-23 13:42:34.397575 (1140574) lic_core INFO    (2) checking out 'jasper_fao' ...
2026-02-23 13:42:34.408195 (1140574) lic_core INFO    ... (2) checkout succeeded
2026-02-23 13:42:34.422384 (1140574) session_ INFO    Starting analysis session with session id 'session_0' (launcher: <local>) ...
2026-02-23 13:42:34.425432 (1140574) session_ INFO    Analysis session with session id 'session_0' started (pid: 1140588)
2026-02-23 13:42:35.144221 (1140574) session_ INFO    Analysis session 'session_0' connected to the console (host: 127.0.0.1:59964)
2026-02-23 13:42:36.050230 (1140574) main____ INFO    About to exit: request to exit with status 1 received from analysis session 'session_0'
2026-02-23 13:42:36.127433 (1140574) session_ INFO    Analysis session 'session_0' disconnected.
2026-02-23 13:42:36.127560 (1140574) lic__man INFO    Unclaim everything for 'session_0'.
2026-02-23 13:42:36.128172 (1140574) session_ INFO    Process for analysis session 'session_0' has exited with exit status '1'.
2026-02-23 13:42:38.047307 (1140574) lic_core INFO    (2) checkin jasper_fao
2026-02-23 13:42:38.048913 (1140574) main____ INFO    Exiting with status 1.
