2026-02-23 13:50:29.977244 (4186838) main____ INFO    ----------------------------------------
2026-02-23 13:50:29.977340 (4186838) main____ INFO    JasperGold version info
2026-02-23 13:50:29.977358 (4186838) main____ INFO      tool      : JasperGold 2021.03
2026-02-23 13:50:29.977367 (4186838) main____ INFO      version   : 2021.03 FCS 64 bits
2026-02-23 13:50:29.977372 (4186838) main____ INFO      build date: 2021.03.23 02:50:43 UTC
2026-02-23 13:50:29.977377 (4186838) main____ INFO    ----------------------------------------
2026-02-23 13:50:29.977381 (4186838) main____ INFO    Runtime info:
2026-02-23 13:50:29.977386 (4186838) main____ INFO      platform  : Linux 5.14.0-570.84.1.el9_6.x86_64 x86_64
2026-02-23 13:50:29.977392 (4186838) main____ INFO      hostname  : della-r3c2n6
2026-02-23 13:50:29.977396 (4186838) main____ INFO      pid       : 4186838
2026-02-23 13:50:29.977401 (4186838) main____ INFO      arguments : '-style' 'windows' '-batch' '-proj' './verification_results/03366/jgproject' '-tcl' './jasper_verif_check.tcl'
2026-02-23 13:50:29.977409 (4186838) main____ INFO      locale    : UTF-8
2026-02-23 13:50:29.977413 (4186838) main____ INFO    ----------------------------------------
2026-02-23 13:50:29.977417 (4186838) main____ INFO    System resource limits info:
2026-02-23 13:50:29.977421 (4186838) main____ INFO      virtual memory: unlimited
2026-02-23 13:50:29.977425 (4186838) main____ INFO      cpu time      : unlimited
2026-02-23 13:50:29.977429 (4186838) main____ INFO      stack size    : unlimited
2026-02-23 13:50:29.977434 (4186838) main____ INFO      core file size: unlimited
2026-02-23 13:50:29.977440 (4186838) main____ INFO      open files    : 131072
2026-02-23 13:50:29.977444 (4186838) main____ INFO      file size     : unlimited
2026-02-23 13:50:29.977448 (4186838) main____ INFO    ----------------------------------------
2026-02-23 13:50:29.977452 (4186838) main____ INFO    Memory statistics:
2026-02-23 13:50:29.977457 (4186838) main____ INFO      total physical memory  : 195972160 kB
2026-02-23 13:50:29.977461 (4186838) main____ INFO      free physical memory   : 146776404 kB
2026-02-23 13:50:29.977465 (4186838) main____ INFO      committed address space: 36163744 kB
2026-02-23 13:50:29.977468 (4186838) main____ INFO    ----------------------------------------
2026-02-23 13:50:29.978439 (4186838) main____ INFO    Important environment variables:
2026-02-23 13:50:29.978460 (4186838) main____ INFO      JASPER_HOME       : '/usr/licensed/cadence-20210126/jasper_2021.03'
2026-02-23 13:50:29.978466 (4186838) main____ INFO      JASPER_INSTALL_DIR: '/scratch/gpfs/LICENSED/x86_64/cadence-20210126/jasper_2021.03'
2026-02-23 13:50:29.978472 (4186838) main____ INFO      LANG              : 'en_US.UTF-8'
2026-02-23 13:50:29.978477 (4186838) main____ INFO      LM_LICENSE_FILE   : '5280@license.rc.princeton.edu'
2026-02-23 13:50:29.978482 (4186838) main____ INFO      TMPDIR            : '/tmp/ab2113/jg_5019007_60'
2026-02-23 13:50:29.978486 (4186838) main____ INFO    ----------------------------------------
2026-02-23 13:50:29.979328 (4186838) lic_core INFO    Initializing license system ...
2026-02-23 13:50:29.980168 (4186838) lic_core INFO    ... license system initialized.
2026-02-23 13:50:29.980924 (4186838) lic__man INFO    Claim 'fpv' for <ui>.
2026-02-23 13:50:29.980963 (4186838) lic_core INFO    (1) checking out 'jasper_fpv' ...
2026-02-23 13:50:29.987156 (4186838) lic_core INFO    ... (1) checkout failed (error: -5) ("FLEXnet ERROR(-5, 0, 0): No such feature exists.")
2026-02-23 13:50:29.987220 (4186838) lic_core INFO    (2) checking out 'jasper_fao' ...
2026-02-23 13:50:29.997797 (4186838) lic_core INFO    ... (2) checkout succeeded
2026-02-23 13:50:30.012719 (4186838) session_ INFO    Starting analysis session with session id 'session_0' (launcher: <local>) ...
2026-02-23 13:50:30.015656 (4186838) session_ INFO    Analysis session with session id 'session_0' started (pid: 4186858)
2026-02-23 13:50:30.719777 (4186838) session_ INFO    Analysis session 'session_0' connected to the console (host: 127.0.0.1:49164)
2026-02-23 13:50:31.631313 (4186838) main____ INFO    About to exit: request to exit with status 1 received from analysis session 'session_0'
2026-02-23 13:50:31.705602 (4186838) session_ INFO    Analysis session 'session_0' disconnected.
2026-02-23 13:50:31.705732 (4186838) lic__man INFO    Unclaim everything for 'session_0'.
2026-02-23 13:50:31.706110 (4186838) session_ INFO    Process for analysis session 'session_0' has exited with exit status '1'.
2026-02-23 13:50:33.714749 (4186838) lic_core INFO    (2) checkin jasper_fao
2026-02-23 13:50:33.716126 (4186838) main____ INFO    Exiting with status 1.
