2026-02-23 13:56:36.850649 (527809) main____ INFO    ----------------------------------------
2026-02-23 13:56:36.850723 (527809) main____ INFO    JasperGold version info
2026-02-23 13:56:36.850738 (527809) main____ INFO      tool      : JasperGold 2021.03
2026-02-23 13:56:36.850746 (527809) main____ INFO      version   : 2021.03 FCS 64 bits
2026-02-23 13:56:36.850751 (527809) main____ INFO      build date: 2021.03.23 02:50:43 UTC
2026-02-23 13:56:36.850756 (527809) main____ INFO    ----------------------------------------
2026-02-23 13:56:36.850760 (527809) main____ INFO    Runtime info:
2026-02-23 13:56:36.850765 (527809) main____ INFO      platform  : Linux 5.14.0-570.84.1.el9_6.x86_64 x86_64
2026-02-23 13:56:36.850770 (527809) main____ INFO      hostname  : della-r3c2n9
2026-02-23 13:56:36.850775 (527809) main____ INFO      pid       : 527809
2026-02-23 13:56:36.850780 (527809) main____ INFO      arguments : '-style' 'windows' '-batch' '-proj' './verification_results/04328/jgproject' '-tcl' './jasper_verif_check.tcl'
2026-02-23 13:56:36.850788 (527809) main____ INFO      locale    : UTF-8
2026-02-23 13:56:36.850792 (527809) main____ INFO    ----------------------------------------
2026-02-23 13:56:36.850796 (527809) main____ INFO    System resource limits info:
2026-02-23 13:56:36.850800 (527809) main____ INFO      virtual memory: unlimited
2026-02-23 13:56:36.850805 (527809) main____ INFO      cpu time      : unlimited
2026-02-23 13:56:36.850810 (527809) main____ INFO      stack size    : unlimited
2026-02-23 13:56:36.850814 (527809) main____ INFO      core file size: unlimited
2026-02-23 13:56:36.850821 (527809) main____ INFO      open files    : 131072
2026-02-23 13:56:36.850825 (527809) main____ INFO      file size     : unlimited
2026-02-23 13:56:36.850830 (527809) main____ INFO    ----------------------------------------
2026-02-23 13:56:36.850839 (527809) main____ INFO    Memory statistics:
2026-02-23 13:56:36.850844 (527809) main____ INFO      total physical memory  : 195972072 kB
2026-02-23 13:56:36.850848 (527809) main____ INFO      free physical memory   : 68957156 kB
2026-02-23 13:56:36.850852 (527809) main____ INFO      committed address space: 61650192 kB
2026-02-23 13:56:36.850856 (527809) main____ INFO    ----------------------------------------
2026-02-23 13:56:36.851802 (527809) main____ INFO    Important environment variables:
2026-02-23 13:56:36.851820 (527809) main____ INFO      JASPER_HOME       : '/usr/licensed/cadence-20210126/jasper_2021.03'
2026-02-23 13:56:36.851826 (527809) main____ INFO      JASPER_INSTALL_DIR: '/scratch/gpfs/LICENSED/x86_64/cadence-20210126/jasper_2021.03'
2026-02-23 13:56:36.851832 (527809) main____ INFO      LANG              : 'en_US.UTF-8'
2026-02-23 13:56:36.851844 (527809) main____ INFO      LM_LICENSE_FILE   : '5280@license.rc.princeton.edu'
2026-02-23 13:56:36.851849 (527809) main____ INFO      TMPDIR            : '/tmp/ab2113/jg_5019136_79'
2026-02-23 13:56:36.851853 (527809) main____ INFO    ----------------------------------------
2026-02-23 13:56:36.852612 (527809) lic_core INFO    Initializing license system ...
2026-02-23 13:56:36.853392 (527809) lic_core INFO    ... license system initialized.
2026-02-23 13:56:36.854111 (527809) lic__man INFO    Claim 'fpv' for <ui>.
2026-02-23 13:56:36.854149 (527809) lic_core INFO    (1) checking out 'jasper_fpv' ...
2026-02-23 13:56:36.859933 (527809) lic_core INFO    ... (1) checkout failed (error: -5) ("FLEXnet ERROR(-5, 0, 0): No such feature exists.")
2026-02-23 13:56:36.859973 (527809) lic_core INFO    (2) checking out 'jasper_fao' ...
2026-02-23 13:56:36.870647 (527809) lic_core INFO    ... (2) checkout succeeded
2026-02-23 13:56:36.884740 (527809) session_ INFO    Starting analysis session with session id 'session_0' (launcher: <local>) ...
2026-02-23 13:56:36.887512 (527809) session_ INFO    Analysis session with session id 'session_0' started (pid: 527817)
2026-02-23 13:56:37.547876 (527809) session_ INFO    Analysis session 'session_0' connected to the console (host: 127.0.0.1:40616)
2026-02-23 13:56:38.150932 (527809) main____ INFO    About to exit: request to exit with status 1 received from analysis session 'session_0'
2026-02-23 13:56:38.223679 (527809) session_ INFO    Analysis session 'session_0' disconnected.
2026-02-23 13:56:38.223795 (527809) lic__man INFO    Unclaim everything for 'session_0'.
2026-02-23 13:56:38.224202 (527809) session_ INFO    Process for analysis session 'session_0' has exited with exit status '1'.
2026-02-23 13:56:40.123246 (527809) lic_core INFO    (2) checkin jasper_fao
2026-02-23 13:56:40.124920 (527809) main____ INFO    Exiting with status 1.
