2026-02-23 13:38:37.724722 (94573) main____ INFO    ----------------------------------------
2026-02-23 13:38:37.724820 (94573) main____ INFO    JasperGold version info
2026-02-23 13:38:37.724839 (94573) main____ INFO      tool      : JasperGold 2021.03
2026-02-23 13:38:37.724848 (94573) main____ INFO      version   : 2021.03 FCS 64 bits
2026-02-23 13:38:37.724854 (94573) main____ INFO      build date: 2021.03.23 02:50:43 UTC
2026-02-23 13:38:37.724860 (94573) main____ INFO    ----------------------------------------
2026-02-23 13:38:37.724866 (94573) main____ INFO    Runtime info:
2026-02-23 13:38:37.724872 (94573) main____ INFO      platform  : Linux 5.14.0-570.84.1.el9_6.x86_64 x86_64
2026-02-23 13:38:37.724879 (94573) main____ INFO      hostname  : della-h14n2
2026-02-23 13:38:37.724885 (94573) main____ INFO      pid       : 94573
2026-02-23 13:38:37.724890 (94573) main____ INFO      arguments : '-style' 'windows' '-batch' '-proj' './verification_results/00783/jgproject' '-tcl' './jasper_verif_check.tcl'
2026-02-23 13:38:37.724899 (94573) main____ INFO      locale    : UTF-8
2026-02-23 13:38:37.724905 (94573) main____ INFO    ----------------------------------------
2026-02-23 13:38:37.724910 (94573) main____ INFO    System resource limits info:
2026-02-23 13:38:37.724916 (94573) main____ INFO      virtual memory: unlimited
2026-02-23 13:38:37.724921 (94573) main____ INFO      cpu time      : unlimited
2026-02-23 13:38:37.724926 (94573) main____ INFO      stack size    : unlimited
2026-02-23 13:38:37.724931 (94573) main____ INFO      core file size: unlimited
2026-02-23 13:38:37.724938 (94573) main____ INFO      open files    : 131072
2026-02-23 13:38:37.724944 (94573) main____ INFO      file size     : unlimited
2026-02-23 13:38:37.724948 (94573) main____ INFO    ----------------------------------------
2026-02-23 13:38:37.724953 (94573) main____ INFO    Memory statistics:
2026-02-23 13:38:37.724958 (94573) main____ INFO      total physical memory  : 1584164328 kB
2026-02-23 13:38:37.724963 (94573) main____ INFO      free physical memory   : 734087184 kB
2026-02-23 13:38:37.724970 (94573) main____ INFO      committed address space: 681513512 kB
2026-02-23 13:38:37.724975 (94573) main____ INFO    ----------------------------------------
2026-02-23 13:38:37.725508 (94573) main____ INFO    Important environment variables:
2026-02-23 13:38:37.725521 (94573) main____ INFO      JASPER_HOME       : '/usr/licensed/cadence-20210126/jasper_2021.03'
2026-02-23 13:38:37.725528 (94573) main____ INFO      JASPER_INSTALL_DIR: '/scratch/gpfs/LICENSED/x86_64/cadence-20210126/jasper_2021.03'
2026-02-23 13:38:37.725535 (94573) main____ INFO      LANG              : 'en_US.UTF-8'
2026-02-23 13:38:37.725541 (94573) main____ INFO      LM_LICENSE_FILE   : '5280@license.rc.princeton.edu'
2026-02-23 13:38:37.725547 (94573) main____ INFO      TMPDIR            : '/tmp/ab2113/jg_5018797_8'
2026-02-23 13:38:37.725552 (94573) main____ INFO    ----------------------------------------
2026-02-23 13:38:37.726101 (94573) lic_core INFO    Initializing license system ...
2026-02-23 13:38:37.726802 (94573) lic_core INFO    ... license system initialized.
2026-02-23 13:38:37.727602 (94573) lic__man INFO    Claim 'fpv' for <ui>.
2026-02-23 13:38:37.727643 (94573) lic_core INFO    (1) checking out 'jasper_fpv' ...
2026-02-23 13:38:37.733652 (94573) lic_core INFO    ... (1) checkout failed (error: -5) ("FLEXnet ERROR(-5, 0, 0): No such feature exists.")
2026-02-23 13:38:37.733685 (94573) lic_core INFO    (2) checking out 'jasper_fao' ...
2026-02-23 13:38:37.742485 (94573) lic_core INFO    ... (2) checkout succeeded
2026-02-23 13:38:37.754298 (94573) session_ INFO    Starting analysis session with session id 'session_0' (launcher: <local>) ...
2026-02-23 13:38:37.757194 (94573) session_ INFO    Analysis session with session id 'session_0' started (pid: 94581)
2026-02-23 13:38:38.419066 (94573) session_ INFO    Analysis session 'session_0' connected to the console (host: 127.0.0.1:42208)
2026-02-23 13:38:38.939900 (94573) main____ INFO    About to exit: request to exit with status 1 received from analysis session 'session_0'
2026-02-23 13:38:38.994474 (94573) session_ INFO    Analysis session 'session_0' disconnected.
2026-02-23 13:38:38.994604 (94573) lic__man INFO    Unclaim everything for 'session_0'.
2026-02-23 13:38:38.995581 (94573) session_ INFO    Process for analysis session 'session_0' has exited with exit status '1'.
2026-02-23 13:38:40.967098 (94573) lic_core INFO    (2) checkin jasper_fao
2026-02-23 13:38:40.968570 (94573) main____ INFO    Exiting with status 1.
