2026-02-20 17:54:48.869240 (2563228) main____ INFO    ----------------------------------------
2026-02-20 17:54:48.869355 (2563228) main____ INFO    JasperGold version info
2026-02-20 17:54:48.869376 (2563228) main____ INFO      tool      : JasperGold 2021.03
2026-02-20 17:54:48.869391 (2563228) main____ INFO      version   : 2021.03 FCS 64 bits
2026-02-20 17:54:48.869396 (2563228) main____ INFO      build date: 2021.03.23 02:50:43 UTC
2026-02-20 17:54:48.869400 (2563228) main____ INFO    ----------------------------------------
2026-02-20 17:54:48.869404 (2563228) main____ INFO    Runtime info:
2026-02-20 17:54:48.869409 (2563228) main____ INFO      platform  : Linux 5.14.0-570.84.1.el9_6.x86_64 x86_64
2026-02-20 17:54:48.869415 (2563228) main____ INFO      hostname  : della-i13n22
2026-02-20 17:54:48.869419 (2563228) main____ INFO      pid       : 2563228
2026-02-20 17:54:48.869424 (2563228) main____ INFO      arguments : '-style' 'windows' '-batch' '-proj' 'verification_results/00559/jgproject' '-tcl' './jasper_verif_check.tcl'
2026-02-20 17:54:48.869432 (2563228) main____ INFO      locale    : UTF-8
2026-02-20 17:54:48.869436 (2563228) main____ INFO    ----------------------------------------
2026-02-20 17:54:48.869439 (2563228) main____ INFO    System resource limits info:
2026-02-20 17:54:48.869443 (2563228) main____ INFO      virtual memory: unlimited
2026-02-20 17:54:48.869447 (2563228) main____ INFO      cpu time      : unlimited
2026-02-20 17:54:48.869451 (2563228) main____ INFO      stack size    : unlimited
2026-02-20 17:54:48.869455 (2563228) main____ INFO      core file size: unlimited
2026-02-20 17:54:48.869462 (2563228) main____ INFO      open files    : 131072
2026-02-20 17:54:48.869467 (2563228) main____ INFO      file size     : unlimited
2026-02-20 17:54:48.869471 (2563228) main____ INFO    ----------------------------------------
2026-02-20 17:54:48.869474 (2563228) main____ INFO    Memory statistics:
2026-02-20 17:54:48.869479 (2563228) main____ INFO      total physical memory  : 394157548 kB
2026-02-20 17:54:48.869482 (2563228) main____ INFO      free physical memory   : 188883896 kB
2026-02-20 17:54:48.869486 (2563228) main____ INFO      committed address space: 169801776 kB
2026-02-20 17:54:48.869490 (2563228) main____ INFO    ----------------------------------------
2026-02-20 17:54:48.870360 (2563228) main____ INFO    Important environment variables:
2026-02-20 17:54:48.870378 (2563228) main____ INFO      JASPER_HOME       : '/usr/licensed/cadence-20210126/jasper_2021.03'
2026-02-20 17:54:48.870390 (2563228) main____ INFO      JASPER_INSTALL_DIR: '/scratch/gpfs/LICENSED/x86_64/cadence-20210126/jasper_2021.03'
2026-02-20 17:54:48.870396 (2563228) main____ INFO      LANG              : 'en_US.UTF-8'
2026-02-20 17:54:48.870401 (2563228) main____ INFO      LM_LICENSE_FILE   : '5280@license.rc.princeton.edu'
2026-02-20 17:54:48.870405 (2563228) main____ INFO      TMPDIR            : '/tmp'
2026-02-20 17:54:48.870410 (2563228) main____ INFO    ----------------------------------------
2026-02-20 17:54:48.871377 (2563228) lic_core INFO    Initializing license system ...
2026-02-20 17:54:48.872337 (2563228) lic_core INFO    ... license system initialized.
2026-02-20 17:54:48.873233 (2563228) lic__man INFO    Claim 'fpv' for <ui>.
2026-02-20 17:54:48.873287 (2563228) lic_core INFO    (1) checking out 'jasper_fpv' ...
2026-02-20 17:54:48.878653 (2563228) lic_core INFO    ... (1) checkout failed (error: -5) ("FLEXnet ERROR(-5, 0, 0): No such feature exists.")
2026-02-20 17:54:48.878713 (2563228) lic_core INFO    (2) checking out 'jasper_fao' ...
2026-02-20 17:54:48.888975 (2563228) lic_core INFO    ... (2) checkout succeeded
2026-02-20 17:54:48.903279 (2563228) session_ INFO    Starting analysis session with session id 'session_0' (launcher: <local>) ...
2026-02-20 17:54:48.906676 (2563228) session_ INFO    Analysis session with session id 'session_0' started (pid: 2563236)
2026-02-20 17:54:49.661178 (2563228) session_ INFO    Analysis session 'session_0' connected to the console (host: 127.0.0.1:60940)
2026-02-20 17:54:50.242518 (2563228) main____ INFO    About to exit: request to exit with status 1 received from analysis session 'session_0'
2026-02-20 17:54:50.346507 (2563228) session_ INFO    Analysis session 'session_0' disconnected.
2026-02-20 17:54:50.346643 (2563228) lic__man INFO    Unclaim everything for 'session_0'.
2026-02-20 17:54:50.347425 (2563228) session_ INFO    Process for analysis session 'session_0' has exited with exit status '1'.
2026-02-20 17:54:52.147597 (2563228) lic_core INFO    (2) checkin jasper_fao
2026-02-20 17:54:52.149305 (2563228) main____ INFO    Exiting with status 1.
