2026-02-23 13:44:01.898499 (1944818) main____ INFO    ----------------------------------------
2026-02-23 13:44:01.898594 (1944818) main____ INFO    JasperGold version info
2026-02-23 13:44:01.898611 (1944818) main____ INFO      tool      : JasperGold 2021.03
2026-02-23 13:44:01.898620 (1944818) main____ INFO      version   : 2021.03 FCS 64 bits
2026-02-23 13:44:01.898625 (1944818) main____ INFO      build date: 2021.03.23 02:50:43 UTC
2026-02-23 13:44:01.898630 (1944818) main____ INFO    ----------------------------------------
2026-02-23 13:44:01.898634 (1944818) main____ INFO    Runtime info:
2026-02-23 13:44:01.898639 (1944818) main____ INFO      platform  : Linux 5.14.0-570.84.1.el9_6.x86_64 x86_64
2026-02-23 13:44:01.898645 (1944818) main____ INFO      hostname  : della-r3c1n5
2026-02-23 13:44:01.898650 (1944818) main____ INFO      pid       : 1944818
2026-02-23 13:44:01.898654 (1944818) main____ INFO      arguments : '-style' 'windows' '-batch' '-proj' './verification_results/01920/jgproject' '-tcl' './jasper_verif_check.tcl'
2026-02-23 13:44:01.898663 (1944818) main____ INFO      locale    : UTF-8
2026-02-23 13:44:01.898667 (1944818) main____ INFO    ----------------------------------------
2026-02-23 13:44:01.898671 (1944818) main____ INFO    System resource limits info:
2026-02-23 13:44:01.898676 (1944818) main____ INFO      virtual memory: unlimited
2026-02-23 13:44:01.898680 (1944818) main____ INFO      cpu time      : unlimited
2026-02-23 13:44:01.898685 (1944818) main____ INFO      stack size    : unlimited
2026-02-23 13:44:01.898689 (1944818) main____ INFO      core file size: unlimited
2026-02-23 13:44:01.898696 (1944818) main____ INFO      open files    : 131072
2026-02-23 13:44:01.898701 (1944818) main____ INFO      file size     : unlimited
2026-02-23 13:44:01.898705 (1944818) main____ INFO    ----------------------------------------
2026-02-23 13:44:01.898709 (1944818) main____ INFO    Memory statistics:
2026-02-23 13:44:01.898714 (1944818) main____ INFO      total physical memory  : 195972056 kB
2026-02-23 13:44:01.898719 (1944818) main____ INFO      free physical memory   : 110918656 kB
2026-02-23 13:44:01.898723 (1944818) main____ INFO      committed address space: 55051088 kB
2026-02-23 13:44:01.898728 (1944818) main____ INFO    ----------------------------------------
2026-02-23 13:44:01.899725 (1944818) main____ INFO    Important environment variables:
2026-02-23 13:44:01.899745 (1944818) main____ INFO      JASPER_HOME       : '/usr/licensed/cadence-20210126/jasper_2021.03'
2026-02-23 13:44:01.899752 (1944818) main____ INFO      JASPER_INSTALL_DIR: '/scratch/gpfs/LICENSED/x86_64/cadence-20210126/jasper_2021.03'
2026-02-23 13:44:01.899758 (1944818) main____ INFO      LANG              : 'en_US.UTF-8'
2026-02-23 13:44:01.899764 (1944818) main____ INFO      LM_LICENSE_FILE   : '5280@license.rc.princeton.edu'
2026-02-23 13:44:01.899769 (1944818) main____ INFO      TMPDIR            : '/tmp/ab2113/jg_5018879_31'
2026-02-23 13:44:01.899773 (1944818) main____ INFO    ----------------------------------------
2026-02-23 13:44:01.900666 (1944818) lic_core INFO    Initializing license system ...
2026-02-23 13:44:01.901562 (1944818) lic_core INFO    ... license system initialized.
2026-02-23 13:44:01.902347 (1944818) lic__man INFO    Claim 'fpv' for <ui>.
2026-02-23 13:44:01.902387 (1944818) lic_core INFO    (1) checking out 'jasper_fpv' ...
2026-02-23 13:44:01.907962 (1944818) lic_core INFO    ... (1) checkout failed (error: -5) ("FLEXnet ERROR(-5, 0, 0): No such feature exists.")
2026-02-23 13:44:01.908017 (1944818) lic_core INFO    (2) checking out 'jasper_fao' ...
2026-02-23 13:44:01.918174 (1944818) lic_core INFO    ... (2) checkout succeeded
2026-02-23 13:44:01.932812 (1944818) session_ INFO    Starting analysis session with session id 'session_0' (launcher: <local>) ...
2026-02-23 13:44:01.935874 (1944818) session_ INFO    Analysis session with session id 'session_0' started (pid: 1944826)
2026-02-23 13:44:02.641252 (1944818) session_ INFO    Analysis session 'session_0' connected to the console (host: 127.0.0.1:55130)
2026-02-23 13:44:03.264238 (1944818) main____ INFO    About to exit: request to exit with status 1 received from analysis session 'session_0'
2026-02-23 13:44:03.343807 (1944818) session_ INFO    Analysis session 'session_0' disconnected.
2026-02-23 13:44:03.343928 (1944818) lic__man INFO    Unclaim everything for 'session_0'.
2026-02-23 13:44:03.344309 (1944818) session_ INFO    Process for analysis session 'session_0' has exited with exit status '1'.
2026-02-23 13:44:05.168848 (1944818) lic_core INFO    (2) checkin jasper_fao
2026-02-23 13:44:05.170224 (1944818) main____ INFO    Exiting with status 1.
