2026-02-23 13:54:38.229323 (1357959) main____ INFO    ----------------------------------------
2026-02-23 13:54:38.229406 (1357959) main____ INFO    JasperGold version info
2026-02-23 13:54:38.229421 (1357959) main____ INFO      tool      : JasperGold 2021.03
2026-02-23 13:54:38.229430 (1357959) main____ INFO      version   : 2021.03 FCS 64 bits
2026-02-23 13:54:38.229435 (1357959) main____ INFO      build date: 2021.03.23 02:50:43 UTC
2026-02-23 13:54:38.229439 (1357959) main____ INFO    ----------------------------------------
2026-02-23 13:54:38.229442 (1357959) main____ INFO    Runtime info:
2026-02-23 13:54:38.229447 (1357959) main____ INFO      platform  : Linux 5.14.0-570.84.1.el9_6.x86_64 x86_64
2026-02-23 13:54:38.229452 (1357959) main____ INFO      hostname  : della-i13n21
2026-02-23 13:54:38.229457 (1357959) main____ INFO      pid       : 1357959
2026-02-23 13:54:38.229461 (1357959) main____ INFO      arguments : '-style' 'windows' '-batch' '-proj' './verification_results/02212/jgproject' '-tcl' './jasper_verif_check.tcl'
2026-02-23 13:54:38.229467 (1357959) main____ INFO      locale    : UTF-8
2026-02-23 13:54:38.229471 (1357959) main____ INFO    ----------------------------------------
2026-02-23 13:54:38.229475 (1357959) main____ INFO    System resource limits info:
2026-02-23 13:54:38.229479 (1357959) main____ INFO      virtual memory: unlimited
2026-02-23 13:54:38.229483 (1357959) main____ INFO      cpu time      : unlimited
2026-02-23 13:54:38.229487 (1357959) main____ INFO      stack size    : unlimited
2026-02-23 13:54:38.229491 (1357959) main____ INFO      core file size: unlimited
2026-02-23 13:54:38.229497 (1357959) main____ INFO      open files    : 131072
2026-02-23 13:54:38.229501 (1357959) main____ INFO      file size     : unlimited
2026-02-23 13:54:38.229505 (1357959) main____ INFO    ----------------------------------------
2026-02-23 13:54:38.229508 (1357959) main____ INFO    Memory statistics:
2026-02-23 13:54:38.229512 (1357959) main____ INFO      total physical memory  : 394157548 kB
2026-02-23 13:54:38.229516 (1357959) main____ INFO      free physical memory   : 235580932 kB
2026-02-23 13:54:38.229520 (1357959) main____ INFO      committed address space: 109179024 kB
2026-02-23 13:54:38.229523 (1357959) main____ INFO    ----------------------------------------
2026-02-23 13:54:38.230412 (1357959) main____ INFO    Important environment variables:
2026-02-23 13:54:38.230429 (1357959) main____ INFO      JASPER_HOME       : '/usr/licensed/cadence-20210126/jasper_2021.03'
2026-02-23 13:54:38.230436 (1357959) main____ INFO      JASPER_INSTALL_DIR: '/scratch/gpfs/LICENSED/x86_64/cadence-20210126/jasper_2021.03'
2026-02-23 13:54:38.230441 (1357959) main____ INFO      LANG              : 'en_US.UTF-8'
2026-02-23 13:54:38.230446 (1357959) main____ INFO      LM_LICENSE_FILE   : '5280@license.rc.princeton.edu'
2026-02-23 13:54:38.230451 (1357959) main____ INFO      TMPDIR            : '/tmp/ab2113/jg_5018895_36'
2026-02-23 13:54:38.230455 (1357959) main____ INFO    ----------------------------------------
2026-02-23 13:54:38.231276 (1357959) lic_core INFO    Initializing license system ...
2026-02-23 13:54:38.232063 (1357959) lic_core INFO    ... license system initialized.
2026-02-23 13:54:38.232764 (1357959) lic__man INFO    Claim 'fpv' for <ui>.
2026-02-23 13:54:38.232800 (1357959) lic_core INFO    (1) checking out 'jasper_fpv' ...
2026-02-23 13:54:38.238632 (1357959) lic_core INFO    ... (1) checkout failed (error: -5) ("FLEXnet ERROR(-5, 0, 0): No such feature exists.")
2026-02-23 13:54:38.238669 (1357959) lic_core INFO    (2) checking out 'jasper_fao' ...
2026-02-23 13:54:38.248370 (1357959) lic_core INFO    ... (2) checkout succeeded
2026-02-23 13:54:38.264268 (1357959) session_ INFO    Starting analysis session with session id 'session_0' (launcher: <local>) ...
2026-02-23 13:54:38.267038 (1357959) session_ INFO    Analysis session with session id 'session_0' started (pid: 1357967)
2026-02-23 13:54:38.912148 (1357959) session_ INFO    Analysis session 'session_0' connected to the console (host: 127.0.0.1:53190)
2026-02-23 13:54:39.456228 (1357959) main____ INFO    About to exit: request to exit with status 1 received from analysis session 'session_0'
2026-02-23 13:54:39.529066 (1357959) session_ INFO    Analysis session 'session_0' disconnected.
2026-02-23 13:54:39.529190 (1357959) lic__man INFO    Unclaim everything for 'session_0'.
2026-02-23 13:54:39.529795 (1357959) session_ INFO    Process for analysis session 'session_0' has exited with exit status '1'.
2026-02-23 13:54:41.504295 (1357959) lic_core INFO    (2) checkin jasper_fao
2026-02-23 13:54:41.505836 (1357959) main____ INFO    Exiting with status 1.
