2026-02-23 13:39:26.815056 (1371694) main____ INFO    ----------------------------------------
2026-02-23 13:39:26.815166 (1371694) main____ INFO    JasperGold version info
2026-02-23 13:39:26.815188 (1371694) main____ INFO      tool      : JasperGold 2021.03
2026-02-23 13:39:26.815198 (1371694) main____ INFO      version   : 2021.03 FCS 64 bits
2026-02-23 13:39:26.815204 (1371694) main____ INFO      build date: 2021.03.23 02:50:43 UTC
2026-02-23 13:39:26.815209 (1371694) main____ INFO    ----------------------------------------
2026-02-23 13:39:26.815213 (1371694) main____ INFO    Runtime info:
2026-02-23 13:39:26.815218 (1371694) main____ INFO      platform  : Linux 5.14.0-570.84.1.el9_6.x86_64 x86_64
2026-02-23 13:39:26.815225 (1371694) main____ INFO      hostname  : della-r3c3n3
2026-02-23 13:39:26.815230 (1371694) main____ INFO      pid       : 1371694
2026-02-23 13:39:26.815235 (1371694) main____ INFO      arguments : '-style' 'windows' '-batch' '-proj' './verification_results/00929/jgproject' '-tcl' './jasper_verif_check.tcl'
2026-02-23 13:39:26.815244 (1371694) main____ INFO      locale    : UTF-8
2026-02-23 13:39:26.815248 (1371694) main____ INFO    ----------------------------------------
2026-02-23 13:39:26.815252 (1371694) main____ INFO    System resource limits info:
2026-02-23 13:39:26.815257 (1371694) main____ INFO      virtual memory: unlimited
2026-02-23 13:39:26.815261 (1371694) main____ INFO      cpu time      : unlimited
2026-02-23 13:39:26.815266 (1371694) main____ INFO      stack size    : unlimited
2026-02-23 13:39:26.815270 (1371694) main____ INFO      core file size: unlimited
2026-02-23 13:39:26.815278 (1371694) main____ INFO      open files    : 131072
2026-02-23 13:39:26.815283 (1371694) main____ INFO      file size     : unlimited
2026-02-23 13:39:26.815287 (1371694) main____ INFO    ----------------------------------------
2026-02-23 13:39:26.815291 (1371694) main____ INFO    Memory statistics:
2026-02-23 13:39:26.815296 (1371694) main____ INFO      total physical memory  : 195972168 kB
2026-02-23 13:39:26.815300 (1371694) main____ INFO      free physical memory   : 94658612 kB
2026-02-23 13:39:26.815304 (1371694) main____ INFO      committed address space: 57386948 kB
2026-02-23 13:39:26.815308 (1371694) main____ INFO    ----------------------------------------
2026-02-23 13:39:26.816349 (1371694) main____ INFO    Important environment variables:
2026-02-23 13:39:26.816369 (1371694) main____ INFO      JASPER_HOME       : '/usr/licensed/cadence-20210126/jasper_2021.03'
2026-02-23 13:39:26.816376 (1371694) main____ INFO      JASPER_INSTALL_DIR: '/scratch/gpfs/LICENSED/x86_64/cadence-20210126/jasper_2021.03'
2026-02-23 13:39:26.816382 (1371694) main____ INFO      LANG              : 'en_US.UTF-8'
2026-02-23 13:39:26.816388 (1371694) main____ INFO      LM_LICENSE_FILE   : '5280@license.rc.princeton.edu'
2026-02-23 13:39:26.816393 (1371694) main____ INFO      TMPDIR            : '/tmp/ab2113/jg_5018805_11'
2026-02-23 13:39:26.816398 (1371694) main____ INFO    ----------------------------------------
2026-02-23 13:39:26.816932 (1371694) lic_core INFO    Initializing license system ...
2026-02-23 13:39:26.817887 (1371694) lic_core INFO    ... license system initialized.
2026-02-23 13:39:26.818933 (1371694) lic__man INFO    Claim 'fpv' for <ui>.
2026-02-23 13:39:26.819017 (1371694) lic_core INFO    (1) checking out 'jasper_fpv' ...
2026-02-23 13:39:26.824878 (1371694) lic_core INFO    ... (1) checkout failed (error: -5) ("FLEXnet ERROR(-5, 0, 0): No such feature exists.")
2026-02-23 13:39:26.824948 (1371694) lic_core INFO    (2) checking out 'jasper_fao' ...
2026-02-23 13:39:26.835512 (1371694) lic_core INFO    ... (2) checkout succeeded
2026-02-23 13:39:26.851170 (1371694) session_ INFO    Starting analysis session with session id 'session_0' (launcher: <local>) ...
2026-02-23 13:39:26.854833 (1371694) session_ INFO    Analysis session with session id 'session_0' started (pid: 1371702)
2026-02-23 13:39:27.641143 (1371694) session_ INFO    Analysis session 'session_0' connected to the console (host: 127.0.0.1:60316)
2026-02-23 13:39:28.518140 (1371694) lic__man INFO    Unclaim everything for 'session_0'.
2026-02-23 13:39:28.567231 (1371694) lic__man INFO    Claim 'fpv' for 'session_0'.
2026-02-23 13:39:28.567303 (1371694) lic__man INFO    Claim 'fpv' for 'session_0/prove-0'.
2026-02-23 13:39:28.609074 (1371694) lic__man INFO    Unclaim everything for 'session_0/prove-0'.
2026-02-23 13:39:28.650546 (1371694) main____ INFO    About to exit: request to exit with status 4 received from analysis session 'session_0'
2026-02-23 13:39:28.747550 (1371694) session_ INFO    Analysis session 'session_0' disconnected.
2026-02-23 13:39:28.747697 (1371694) lic__man INFO    Unclaim everything for 'session_0'.
2026-02-23 13:39:28.748230 (1371694) session_ INFO    Process for analysis session 'session_0' has exited with exit status '4'.
2026-02-23 13:39:30.557531 (1371694) lic_core INFO    (2) checkin jasper_fao
2026-02-23 13:39:30.559224 (1371694) main____ INFO    Exiting with status 4.
