2026-02-23 13:48:48.721407 (1709064) main____ INFO    ----------------------------------------
2026-02-23 13:48:48.721483 (1709064) main____ INFO    JasperGold version info
2026-02-23 13:48:48.721500 (1709064) main____ INFO      tool      : JasperGold 2021.03
2026-02-23 13:48:48.721509 (1709064) main____ INFO      version   : 2021.03 FCS 64 bits
2026-02-23 13:48:48.721516 (1709064) main____ INFO      build date: 2021.03.23 02:50:43 UTC
2026-02-23 13:48:48.721521 (1709064) main____ INFO    ----------------------------------------
2026-02-23 13:48:48.721527 (1709064) main____ INFO    Runtime info:
2026-02-23 13:48:48.721532 (1709064) main____ INFO      platform  : Linux 5.14.0-570.84.1.el9_6.x86_64 x86_64
2026-02-23 13:48:48.721538 (1709064) main____ INFO      hostname  : della-h14n7
2026-02-23 13:48:48.721543 (1709064) main____ INFO      pid       : 1709064
2026-02-23 13:48:48.721548 (1709064) main____ INFO      arguments : '-style' 'windows' '-batch' '-proj' './verification_results/03064/jgproject' '-tcl' './jasper_verif_check.tcl'
2026-02-23 13:48:48.721556 (1709064) main____ INFO      locale    : UTF-8
2026-02-23 13:48:48.721562 (1709064) main____ INFO    ----------------------------------------
2026-02-23 13:48:48.721567 (1709064) main____ INFO    System resource limits info:
2026-02-23 13:48:48.721573 (1709064) main____ INFO      virtual memory: unlimited
2026-02-23 13:48:48.721578 (1709064) main____ INFO      cpu time      : unlimited
2026-02-23 13:48:48.721583 (1709064) main____ INFO      stack size    : unlimited
2026-02-23 13:48:48.721587 (1709064) main____ INFO      core file size: unlimited
2026-02-23 13:48:48.721594 (1709064) main____ INFO      open files    : 131072
2026-02-23 13:48:48.721599 (1709064) main____ INFO      file size     : unlimited
2026-02-23 13:48:48.721604 (1709064) main____ INFO    ----------------------------------------
2026-02-23 13:48:48.721608 (1709064) main____ INFO    Memory statistics:
2026-02-23 13:48:48.721614 (1709064) main____ INFO      total physical memory  : 1584164356 kB
2026-02-23 13:48:48.721618 (1709064) main____ INFO      free physical memory   : 809192208 kB
2026-02-23 13:48:48.721623 (1709064) main____ INFO      committed address space: 600901040 kB
2026-02-23 13:48:48.721628 (1709064) main____ INFO    ----------------------------------------
2026-02-23 13:48:48.722135 (1709064) main____ INFO    Important environment variables:
2026-02-23 13:48:48.722150 (1709064) main____ INFO      JASPER_HOME       : '/usr/licensed/cadence-20210126/jasper_2021.03'
2026-02-23 13:48:48.722156 (1709064) main____ INFO      JASPER_INSTALL_DIR: '/scratch/gpfs/LICENSED/x86_64/cadence-20210126/jasper_2021.03'
2026-02-23 13:48:48.722162 (1709064) main____ INFO      LANG              : 'en_US.UTF-8'
2026-02-23 13:48:48.722167 (1709064) main____ INFO      LM_LICENSE_FILE   : '5280@license.rc.princeton.edu'
2026-02-23 13:48:48.722172 (1709064) main____ INFO      TMPDIR            : '/tmp/ab2113/jg_5018981_54'
2026-02-23 13:48:48.722177 (1709064) main____ INFO    ----------------------------------------
2026-02-23 13:48:48.722614 (1709064) lic_core INFO    Initializing license system ...
2026-02-23 13:48:48.723143 (1709064) lic_core INFO    ... license system initialized.
2026-02-23 13:48:48.723890 (1709064) lic__man INFO    Claim 'fpv' for <ui>.
2026-02-23 13:48:48.723922 (1709064) lic_core INFO    (1) checking out 'jasper_fpv' ...
2026-02-23 13:48:48.729910 (1709064) lic_core INFO    ... (1) checkout failed (error: -5) ("FLEXnet ERROR(-5, 0, 0): No such feature exists.")
2026-02-23 13:48:48.729936 (1709064) lic_core INFO    (2) checking out 'jasper_fao' ...
2026-02-23 13:48:48.738909 (1709064) lic_core INFO    ... (2) checkout succeeded
2026-02-23 13:48:48.750289 (1709064) session_ INFO    Starting analysis session with session id 'session_0' (launcher: <local>) ...
2026-02-23 13:48:48.754402 (1709064) session_ INFO    Analysis session with session id 'session_0' started (pid: 1709090)
2026-02-23 13:48:49.399386 (1709064) session_ INFO    Analysis session 'session_0' connected to the console (host: 127.0.0.1:43868)
2026-02-23 13:48:49.904260 (1709064) main____ INFO    About to exit: request to exit with status 1 received from analysis session 'session_0'
2026-02-23 13:48:49.951740 (1709064) session_ INFO    Analysis session 'session_0' disconnected.
2026-02-23 13:48:49.951852 (1709064) lic__man INFO    Unclaim everything for 'session_0'.
2026-02-23 13:48:49.953547 (1709064) session_ INFO    Process for analysis session 'session_0' has exited with exit status '1'.
2026-02-23 13:48:52.010334 (1709064) lic_core INFO    (2) checkin jasper_fao
2026-02-23 13:48:52.011882 (1709064) main____ INFO    Exiting with status 1.
