2026-02-20 17:41:54.247940 (2545407) main____ INFO    ----------------------------------------
2026-02-20 17:41:54.248070 (2545407) main____ INFO    JasperGold version info
2026-02-20 17:41:54.248094 (2545407) main____ INFO      tool      : JasperGold 2021.03
2026-02-20 17:41:54.248103 (2545407) main____ INFO      version   : 2021.03 FCS 64 bits
2026-02-20 17:41:54.248108 (2545407) main____ INFO      build date: 2021.03.23 02:50:43 UTC
2026-02-20 17:41:54.248113 (2545407) main____ INFO    ----------------------------------------
2026-02-20 17:41:54.248117 (2545407) main____ INFO    Runtime info:
2026-02-20 17:41:54.248121 (2545407) main____ INFO      platform  : Linux 5.14.0-570.84.1.el9_6.x86_64 x86_64
2026-02-20 17:41:54.248127 (2545407) main____ INFO      hostname  : della-i13n22
2026-02-20 17:41:54.248132 (2545407) main____ INFO      pid       : 2545407
2026-02-20 17:41:54.248136 (2545407) main____ INFO      arguments : '-style' 'windows' '-batch' '-proj' 'verification_results/00367/jgproject' '-tcl' './jasper_verif_check.tcl'
2026-02-20 17:41:54.248145 (2545407) main____ INFO      locale    : UTF-8
2026-02-20 17:41:54.248149 (2545407) main____ INFO    ----------------------------------------
2026-02-20 17:41:54.248153 (2545407) main____ INFO    System resource limits info:
2026-02-20 17:41:54.248157 (2545407) main____ INFO      virtual memory: unlimited
2026-02-20 17:41:54.248161 (2545407) main____ INFO      cpu time      : unlimited
2026-02-20 17:41:54.248165 (2545407) main____ INFO      stack size    : unlimited
2026-02-20 17:41:54.248169 (2545407) main____ INFO      core file size: unlimited
2026-02-20 17:41:54.248177 (2545407) main____ INFO      open files    : 131072
2026-02-20 17:41:54.248182 (2545407) main____ INFO      file size     : unlimited
2026-02-20 17:41:54.248185 (2545407) main____ INFO    ----------------------------------------
2026-02-20 17:41:54.248189 (2545407) main____ INFO    Memory statistics:
2026-02-20 17:41:54.248193 (2545407) main____ INFO      total physical memory  : 394157548 kB
2026-02-20 17:41:54.248197 (2545407) main____ INFO      free physical memory   : 190725368 kB
2026-02-20 17:41:54.248200 (2545407) main____ INFO      committed address space: 168030212 kB
2026-02-20 17:41:54.248204 (2545407) main____ INFO    ----------------------------------------
2026-02-20 17:41:54.249104 (2545407) main____ INFO    Important environment variables:
2026-02-20 17:41:54.249121 (2545407) main____ INFO      JASPER_HOME       : '/usr/licensed/cadence-20210126/jasper_2021.03'
2026-02-20 17:41:54.249127 (2545407) main____ INFO      JASPER_INSTALL_DIR: '/scratch/gpfs/LICENSED/x86_64/cadence-20210126/jasper_2021.03'
2026-02-20 17:41:54.249133 (2545407) main____ INFO      LANG              : 'en_US.UTF-8'
2026-02-20 17:41:54.249138 (2545407) main____ INFO      LM_LICENSE_FILE   : '5280@license.rc.princeton.edu'
2026-02-20 17:41:54.249142 (2545407) main____ INFO      TMPDIR            : '/tmp'
2026-02-20 17:41:54.249146 (2545407) main____ INFO    ----------------------------------------
2026-02-20 17:41:54.250170 (2545407) lic_core INFO    Initializing license system ...
2026-02-20 17:41:54.250734 (2545407) lic_core INFO    ... license system initialized.
2026-02-20 17:41:54.251590 (2545407) lic__man INFO    Claim 'fpv' for <ui>.
2026-02-20 17:41:54.251637 (2545407) lic_core INFO    (1) checking out 'jasper_fpv' ...
2026-02-20 17:41:54.258174 (2545407) lic_core INFO    ... (1) checkout failed (error: -5) ("FLEXnet ERROR(-5, 0, 0): No such feature exists.")
2026-02-20 17:41:54.258242 (2545407) lic_core INFO    (2) checking out 'jasper_fao' ...
2026-02-20 17:41:54.268473 (2545407) lic_core INFO    ... (2) checkout succeeded
2026-02-20 17:41:54.287084 (2545407) session_ INFO    Starting analysis session with session id 'session_0' (launcher: <local>) ...
2026-02-20 17:41:54.290417 (2545407) session_ INFO    Analysis session with session id 'session_0' started (pid: 2545415)
2026-02-20 17:41:55.043352 (2545407) session_ INFO    Analysis session 'session_0' connected to the console (host: 127.0.0.1:44496)
2026-02-20 17:41:55.623521 (2545407) main____ INFO    About to exit: request to exit with status 1 received from analysis session 'session_0'
2026-02-20 17:41:55.711485 (2545407) session_ INFO    Analysis session 'session_0' disconnected.
2026-02-20 17:41:55.711632 (2545407) lic__man INFO    Unclaim everything for 'session_0'.
2026-02-20 17:41:55.712565 (2545407) session_ INFO    Process for analysis session 'session_0' has exited with exit status '1'.
2026-02-20 17:41:57.538200 (2545407) lic_core INFO    (2) checkin jasper_fao
2026-02-20 17:41:57.539709 (2545407) main____ INFO    Exiting with status 1.
