2026-02-23 13:55:55.709853 (525258) main____ INFO    ----------------------------------------
2026-02-23 13:55:55.709921 (525258) main____ INFO    JasperGold version info
2026-02-23 13:55:55.709936 (525258) main____ INFO      tool      : JasperGold 2021.03
2026-02-23 13:55:55.709944 (525258) main____ INFO      version   : 2021.03 FCS 64 bits
2026-02-23 13:55:55.709949 (525258) main____ INFO      build date: 2021.03.23 02:50:43 UTC
2026-02-23 13:55:55.709953 (525258) main____ INFO    ----------------------------------------
2026-02-23 13:55:55.709957 (525258) main____ INFO    Runtime info:
2026-02-23 13:55:55.709961 (525258) main____ INFO      platform  : Linux 5.14.0-570.84.1.el9_6.x86_64 x86_64
2026-02-23 13:55:55.709966 (525258) main____ INFO      hostname  : della-r3c2n9
2026-02-23 13:55:55.709971 (525258) main____ INFO      pid       : 525258
2026-02-23 13:55:55.709976 (525258) main____ INFO      arguments : '-style' 'windows' '-batch' '-proj' './verification_results/04267/jgproject' '-tcl' './jasper_verif_check.tcl'
2026-02-23 13:55:55.709983 (525258) main____ INFO      locale    : UTF-8
2026-02-23 13:55:55.709987 (525258) main____ INFO    ----------------------------------------
2026-02-23 13:55:55.709991 (525258) main____ INFO    System resource limits info:
2026-02-23 13:55:55.709995 (525258) main____ INFO      virtual memory: unlimited
2026-02-23 13:55:55.709999 (525258) main____ INFO      cpu time      : unlimited
2026-02-23 13:55:55.710004 (525258) main____ INFO      stack size    : unlimited
2026-02-23 13:55:55.710008 (525258) main____ INFO      core file size: unlimited
2026-02-23 13:55:55.710014 (525258) main____ INFO      open files    : 131072
2026-02-23 13:55:55.710018 (525258) main____ INFO      file size     : unlimited
2026-02-23 13:55:55.710022 (525258) main____ INFO    ----------------------------------------
2026-02-23 13:55:55.710026 (525258) main____ INFO    Memory statistics:
2026-02-23 13:55:55.710030 (525258) main____ INFO      total physical memory  : 195972072 kB
2026-02-23 13:55:55.710034 (525258) main____ INFO      free physical memory   : 69519740 kB
2026-02-23 13:55:55.710038 (525258) main____ INFO      committed address space: 58718124 kB
2026-02-23 13:55:55.710041 (525258) main____ INFO    ----------------------------------------
2026-02-23 13:55:55.710984 (525258) main____ INFO    Important environment variables:
2026-02-23 13:55:55.710997 (525258) main____ INFO      JASPER_HOME       : '/usr/licensed/cadence-20210126/jasper_2021.03'
2026-02-23 13:55:55.711004 (525258) main____ INFO      JASPER_INSTALL_DIR: '/scratch/gpfs/LICENSED/x86_64/cadence-20210126/jasper_2021.03'
2026-02-23 13:55:55.711009 (525258) main____ INFO      LANG              : 'en_US.UTF-8'
2026-02-23 13:55:55.711013 (525258) main____ INFO      LM_LICENSE_FILE   : '5280@license.rc.princeton.edu'
2026-02-23 13:55:55.711018 (525258) main____ INFO      TMPDIR            : '/tmp/ab2113/jg_5019135_78'
2026-02-23 13:55:55.711023 (525258) main____ INFO    ----------------------------------------
2026-02-23 13:55:55.711743 (525258) lic_core INFO    Initializing license system ...
2026-02-23 13:55:55.712489 (525258) lic_core INFO    ... license system initialized.
2026-02-23 13:55:55.713163 (525258) lic__man INFO    Claim 'fpv' for <ui>.
2026-02-23 13:55:55.713198 (525258) lic_core INFO    (1) checking out 'jasper_fpv' ...
2026-02-23 13:55:55.718626 (525258) lic_core INFO    ... (1) checkout failed (error: -5) ("FLEXnet ERROR(-5, 0, 0): No such feature exists.")
2026-02-23 13:55:55.718653 (525258) lic_core INFO    (2) checking out 'jasper_fao' ...
2026-02-23 13:55:55.728801 (525258) lic_core INFO    ... (2) checkout succeeded
2026-02-23 13:55:55.742395 (525258) session_ INFO    Starting analysis session with session id 'session_0' (launcher: <local>) ...
2026-02-23 13:55:55.744953 (525258) session_ INFO    Analysis session with session id 'session_0' started (pid: 525282)
2026-02-23 13:55:56.364517 (525258) session_ INFO    Analysis session 'session_0' connected to the console (host: 127.0.0.1:52828)
2026-02-23 13:55:57.303116 (525258) lic__man INFO    Unclaim everything for 'session_0'.
2026-02-23 13:55:57.351672 (525258) lic__man INFO    Claim 'fpv' for 'session_0'.
2026-02-23 13:55:57.351707 (525258) lic__man INFO    Claim 'fpv' for 'session_0/prove-0'.
2026-02-23 13:55:57.720165 (525258) lic__man INFO    Unclaim everything for 'session_0/prove-0'.
2026-02-23 13:55:57.761886 (525258) main____ INFO    About to exit: request to exit with status 0 received from analysis session 'session_0'
2026-02-23 13:55:57.837699 (525258) session_ INFO    Analysis session 'session_0' disconnected.
2026-02-23 13:55:57.837807 (525258) lic__man INFO    Unclaim everything for 'session_0'.
2026-02-23 13:55:57.838255 (525258) session_ INFO    Process for analysis session 'session_0' has exited with exit status '0'.
2026-02-23 13:55:59.665863 (525258) lic_core INFO    (2) checkin jasper_fao
2026-02-23 13:55:59.667336 (525258) main____ INFO    Exiting with status 0.
