2026-02-23 13:57:25.187301 (2690524) main____ INFO    ----------------------------------------
2026-02-23 13:57:25.187432 (2690524) main____ INFO    JasperGold version info
2026-02-23 13:57:25.187453 (2690524) main____ INFO      tool      : JasperGold 2021.03
2026-02-23 13:57:25.187463 (2690524) main____ INFO      version   : 2021.03 FCS 64 bits
2026-02-23 13:57:25.187468 (2690524) main____ INFO      build date: 2021.03.23 02:50:43 UTC
2026-02-23 13:57:25.187473 (2690524) main____ INFO    ----------------------------------------
2026-02-23 13:57:25.187477 (2690524) main____ INFO    Runtime info:
2026-02-23 13:57:25.187482 (2690524) main____ INFO      platform  : Linux 5.14.0-570.84.1.el9_6.x86_64 x86_64
2026-02-23 13:57:25.187490 (2690524) main____ INFO      hostname  : della-r3c3n12
2026-02-23 13:57:25.187495 (2690524) main____ INFO      pid       : 2690524
2026-02-23 13:57:25.187500 (2690524) main____ INFO      arguments : '-style' 'windows' '-batch' '-proj' './verification_results/04157/jgproject' '-tcl' './jasper_verif_check.tcl'
2026-02-23 13:57:25.187509 (2690524) main____ INFO      locale    : UTF-8
2026-02-23 13:57:25.187513 (2690524) main____ INFO    ----------------------------------------
2026-02-23 13:57:25.187517 (2690524) main____ INFO    System resource limits info:
2026-02-23 13:57:25.187522 (2690524) main____ INFO      virtual memory: unlimited
2026-02-23 13:57:25.187526 (2690524) main____ INFO      cpu time      : unlimited
2026-02-23 13:57:25.187531 (2690524) main____ INFO      stack size    : unlimited
2026-02-23 13:57:25.187535 (2690524) main____ INFO      core file size: unlimited
2026-02-23 13:57:25.187544 (2690524) main____ INFO      open files    : 131072
2026-02-23 13:57:25.187548 (2690524) main____ INFO      file size     : unlimited
2026-02-23 13:57:25.187552 (2690524) main____ INFO    ----------------------------------------
2026-02-23 13:57:25.187556 (2690524) main____ INFO    Memory statistics:
2026-02-23 13:57:25.187561 (2690524) main____ INFO      total physical memory  : 195972156 kB
2026-02-23 13:57:25.187565 (2690524) main____ INFO      free physical memory   : 107663092 kB
2026-02-23 13:57:25.187569 (2690524) main____ INFO      committed address space: 61983792 kB
2026-02-23 13:57:25.187573 (2690524) main____ INFO    ----------------------------------------
2026-02-23 13:57:25.188597 (2690524) main____ INFO    Important environment variables:
2026-02-23 13:57:25.188622 (2690524) main____ INFO      JASPER_HOME       : '/usr/licensed/cadence-20210126/jasper_2021.03'
2026-02-23 13:57:25.188629 (2690524) main____ INFO      JASPER_INSTALL_DIR: '/scratch/gpfs/LICENSED/x86_64/cadence-20210126/jasper_2021.03'
2026-02-23 13:57:25.188635 (2690524) main____ INFO      LANG              : 'en_US.UTF-8'
2026-02-23 13:57:25.188640 (2690524) main____ INFO      LM_LICENSE_FILE   : '5280@license.rc.princeton.edu'
2026-02-23 13:57:25.188645 (2690524) main____ INFO      TMPDIR            : '/tmp/ab2113/jg_5019110_75'
2026-02-23 13:57:25.188650 (2690524) main____ INFO    ----------------------------------------
2026-02-23 13:57:25.189694 (2690524) lic_core INFO    Initializing license system ...
2026-02-23 13:57:25.190284 (2690524) lic_core INFO    ... license system initialized.
2026-02-23 13:57:25.191207 (2690524) lic__man INFO    Claim 'fpv' for <ui>.
2026-02-23 13:57:25.191266 (2690524) lic_core INFO    (1) checking out 'jasper_fpv' ...
2026-02-23 13:57:25.196870 (2690524) lic_core INFO    ... (1) checkout failed (error: -5) ("FLEXnet ERROR(-5, 0, 0): No such feature exists.")
2026-02-23 13:57:25.196941 (2690524) lic_core INFO    (2) checking out 'jasper_fao' ...
2026-02-23 13:57:25.207845 (2690524) lic_core INFO    ... (2) checkout succeeded
2026-02-23 13:57:25.224318 (2690524) session_ INFO    Starting analysis session with session id 'session_0' (launcher: <local>) ...
2026-02-23 13:57:25.227859 (2690524) session_ INFO    Analysis session with session id 'session_0' started (pid: 2690532)
2026-02-23 13:57:26.004214 (2690524) session_ INFO    Analysis session 'session_0' connected to the console (host: 127.0.0.1:51970)
2026-02-23 13:57:26.607450 (2690524) main____ INFO    About to exit: request to exit with status 1 received from analysis session 'session_0'
2026-02-23 13:57:26.781234 (2690524) session_ INFO    Analysis session 'session_0' disconnected.
2026-02-23 13:57:26.781381 (2690524) lic__man INFO    Unclaim everything for 'session_0'.
2026-02-23 13:57:26.782011 (2690524) session_ INFO    Process for analysis session 'session_0' has exited with exit status '1'.
2026-02-23 13:57:28.512697 (2690524) lic_core INFO    (2) checkin jasper_fao
2026-02-23 13:57:28.514553 (2690524) main____ INFO    Exiting with status 1.
