2026-02-23 13:53:11.166605 (4179824) main____ INFO    ----------------------------------------
2026-02-23 13:53:11.166707 (4179824) main____ INFO    JasperGold version info
2026-02-23 13:53:11.166729 (4179824) main____ INFO      tool      : JasperGold 2021.03
2026-02-23 13:53:11.166740 (4179824) main____ INFO      version   : 2021.03 FCS 64 bits
2026-02-23 13:53:11.166746 (4179824) main____ INFO      build date: 2021.03.23 02:50:43 UTC
2026-02-23 13:53:11.166751 (4179824) main____ INFO    ----------------------------------------
2026-02-23 13:53:11.166756 (4179824) main____ INFO    Runtime info:
2026-02-23 13:53:11.166762 (4179824) main____ INFO      platform  : Linux 5.14.0-570.84.1.el9_6.x86_64 x86_64
2026-02-23 13:53:11.166768 (4179824) main____ INFO      hostname  : della-h14n1
2026-02-23 13:53:11.166774 (4179824) main____ INFO      pid       : 4179824
2026-02-23 13:53:11.166780 (4179824) main____ INFO      arguments : '-style' 'windows' '-batch' '-proj' './verification_results/03634/jgproject' '-tcl' './jasper_verif_check.tcl'
2026-02-23 13:53:11.166788 (4179824) main____ INFO      locale    : UTF-8
2026-02-23 13:53:11.166793 (4179824) main____ INFO    ----------------------------------------
2026-02-23 13:53:11.166798 (4179824) main____ INFO    System resource limits info:
2026-02-23 13:53:11.166803 (4179824) main____ INFO      virtual memory: unlimited
2026-02-23 13:53:11.166808 (4179824) main____ INFO      cpu time      : unlimited
2026-02-23 13:53:11.166813 (4179824) main____ INFO      stack size    : unlimited
2026-02-23 13:53:11.166818 (4179824) main____ INFO      core file size: unlimited
2026-02-23 13:53:11.166825 (4179824) main____ INFO      open files    : 131072
2026-02-23 13:53:11.166831 (4179824) main____ INFO      file size     : unlimited
2026-02-23 13:53:11.166836 (4179824) main____ INFO    ----------------------------------------
2026-02-23 13:53:11.166841 (4179824) main____ INFO    Memory statistics:
2026-02-23 13:53:11.166846 (4179824) main____ INFO      total physical memory  : 1584164324 kB
2026-02-23 13:53:11.166851 (4179824) main____ INFO      free physical memory   : 717912408 kB
2026-02-23 13:53:11.166856 (4179824) main____ INFO      committed address space: 575082484 kB
2026-02-23 13:53:11.166861 (4179824) main____ INFO    ----------------------------------------
2026-02-23 13:53:11.167413 (4179824) main____ INFO    Important environment variables:
2026-02-23 13:53:11.167428 (4179824) main____ INFO      JASPER_HOME       : '/usr/licensed/cadence-20210126/jasper_2021.03'
2026-02-23 13:53:11.167434 (4179824) main____ INFO      JASPER_INSTALL_DIR: '/scratch/gpfs/LICENSED/x86_64/cadence-20210126/jasper_2021.03'
2026-02-23 13:53:11.167440 (4179824) main____ INFO      LANG              : 'en_US.UTF-8'
2026-02-23 13:53:11.167446 (4179824) main____ INFO      LM_LICENSE_FILE   : '5280@license.rc.princeton.edu'
2026-02-23 13:53:11.167452 (4179824) main____ INFO      TMPDIR            : '/tmp/ab2113/jg_5019052_65'
2026-02-23 13:53:11.167458 (4179824) main____ INFO    ----------------------------------------
2026-02-23 13:53:11.168014 (4179824) lic_core INFO    Initializing license system ...
2026-02-23 13:53:11.168637 (4179824) lic_core INFO    ... license system initialized.
2026-02-23 13:53:11.169463 (4179824) lic__man INFO    Claim 'fpv' for <ui>.
2026-02-23 13:53:11.169499 (4179824) lic_core INFO    (1) checking out 'jasper_fpv' ...
2026-02-23 13:53:11.175639 (4179824) lic_core INFO    ... (1) checkout failed (error: -5) ("FLEXnet ERROR(-5, 0, 0): No such feature exists.")
2026-02-23 13:53:11.175677 (4179824) lic_core INFO    (2) checking out 'jasper_fao' ...
2026-02-23 13:53:11.185105 (4179824) lic_core INFO    ... (2) checkout succeeded
2026-02-23 13:53:11.196585 (4179824) session_ INFO    Starting analysis session with session id 'session_0' (launcher: <local>) ...
2026-02-23 13:53:11.199889 (4179824) session_ INFO    Analysis session with session id 'session_0' started (pid: 4179833)
2026-02-23 13:53:11.858739 (4179824) session_ INFO    Analysis session 'session_0' connected to the console (host: 127.0.0.1:37776)
2026-02-23 13:53:12.749606 (4179824) lic__man INFO    Unclaim everything for 'session_0'.
2026-02-23 13:53:12.808626 (4179824) lic__man INFO    Claim 'fpv' for 'session_0'.
2026-02-23 13:53:12.808674 (4179824) lic__man INFO    Claim 'fpv' for 'session_0/prove-0'.
2026-02-23 13:54:43.195195 (4179824) lic__man INFO    Unclaim everything for 'session_0/prove-0'.
2026-02-23 13:54:43.253797 (4179824) main____ INFO    About to exit: request to exit with status 0 received from analysis session 'session_0'
2026-02-23 13:54:43.342341 (4179824) session_ INFO    Analysis session 'session_0' disconnected.
2026-02-23 13:54:43.342559 (4179824) lic__man INFO    Unclaim everything for 'session_0'.
2026-02-23 13:54:43.342992 (4179824) session_ INFO    Process for analysis session 'session_0' has exited with exit status '0'.
2026-02-23 13:54:45.160499 (4179824) lic_core INFO    (2) checkin jasper_fao
2026-02-23 13:54:45.162474 (4179824) main____ INFO    Exiting with status 0.
