2026-02-23 14:44:18.800092 (1802969) main____ INFO    ----------------------------------------
2026-02-23 14:44:18.800171 (1802969) main____ INFO    JasperGold version info
2026-02-23 14:44:18.800188 (1802969) main____ INFO      tool      : JasperGold 2021.03
2026-02-23 14:44:18.800196 (1802969) main____ INFO      version   : 2021.03 FCS 64 bits
2026-02-23 14:44:18.800201 (1802969) main____ INFO      build date: 2021.03.23 02:50:43 UTC
2026-02-23 14:44:18.800207 (1802969) main____ INFO    ----------------------------------------
2026-02-23 14:44:18.800212 (1802969) main____ INFO    Runtime info:
2026-02-23 14:44:18.800217 (1802969) main____ INFO      platform  : Linux 5.14.0-570.84.1.el9_6.x86_64 x86_64
2026-02-23 14:44:18.800222 (1802969) main____ INFO      hostname  : della-h14n12
2026-02-23 14:44:18.800228 (1802969) main____ INFO      pid       : 1802969
2026-02-23 14:44:18.800233 (1802969) main____ INFO      arguments : '-style' 'windows' '-batch' '-proj' './verification_results/01661/jgproject' '-tcl' './jasper_verif_check.tcl'
2026-02-23 14:44:18.800240 (1802969) main____ INFO      locale    : UTF-8
2026-02-23 14:44:18.800245 (1802969) main____ INFO    ----------------------------------------
2026-02-23 14:44:18.800250 (1802969) main____ INFO    System resource limits info:
2026-02-23 14:44:18.800256 (1802969) main____ INFO      virtual memory: unlimited
2026-02-23 14:44:18.800260 (1802969) main____ INFO      cpu time      : unlimited
2026-02-23 14:44:18.800265 (1802969) main____ INFO      stack size    : unlimited
2026-02-23 14:44:18.800270 (1802969) main____ INFO      core file size: unlimited
2026-02-23 14:44:18.800276 (1802969) main____ INFO      open files    : 131072
2026-02-23 14:44:18.800281 (1802969) main____ INFO      file size     : unlimited
2026-02-23 14:44:18.800286 (1802969) main____ INFO    ----------------------------------------
2026-02-23 14:44:18.800290 (1802969) main____ INFO    Memory statistics:
2026-02-23 14:44:18.800296 (1802969) main____ INFO      total physical memory  : 1584164368 kB
2026-02-23 14:44:18.800301 (1802969) main____ INFO      free physical memory   : 597757704 kB
2026-02-23 14:44:18.800306 (1802969) main____ INFO      committed address space: 587420292 kB
2026-02-23 14:44:18.800310 (1802969) main____ INFO    ----------------------------------------
2026-02-23 14:44:18.800830 (1802969) main____ INFO    Important environment variables:
2026-02-23 14:44:18.800842 (1802969) main____ INFO      JASPER_HOME       : '/usr/licensed/cadence-20210126/jasper_2021.03'
2026-02-23 14:44:18.800848 (1802969) main____ INFO      JASPER_INSTALL_DIR: '/scratch/gpfs/LICENSED/x86_64/cadence-20210126/jasper_2021.03'
2026-02-23 14:44:18.800854 (1802969) main____ INFO      LANG              : 'en_US.UTF-8'
2026-02-23 14:44:18.800859 (1802969) main____ INFO      LM_LICENSE_FILE   : '5280@license.rc.princeton.edu'
2026-02-23 14:44:18.800864 (1802969) main____ INFO      TMPDIR            : '/tmp/ab2113/jg_5018846_25'
2026-02-23 14:44:18.800869 (1802969) main____ INFO    ----------------------------------------
2026-02-23 14:44:18.801374 (1802969) lic_core INFO    Initializing license system ...
2026-02-23 14:44:18.801868 (1802969) lic_core INFO    ... license system initialized.
2026-02-23 14:44:18.802597 (1802969) lic__man INFO    Claim 'fpv' for <ui>.
2026-02-23 14:44:18.802628 (1802969) lic_core INFO    (1) checking out 'jasper_fpv' ...
2026-02-23 14:44:18.809070 (1802969) lic_core INFO    ... (1) checkout failed (error: -5) ("FLEXnet ERROR(-5, 0, 0): No such feature exists.")
2026-02-23 14:44:18.809096 (1802969) lic_core INFO    (2) checking out 'jasper_fao' ...
2026-02-23 14:44:18.818652 (1802969) lic_core INFO    ... (2) checkout succeeded
2026-02-23 14:44:18.830688 (1802969) session_ INFO    Starting analysis session with session id 'session_0' (launcher: <local>) ...
2026-02-23 14:44:18.833227 (1802969) session_ INFO    Analysis session with session id 'session_0' started (pid: 1802977)
2026-02-23 14:44:19.341113 (1802969) session_ INFO    Analysis session 'session_0' connected to the console (host: 127.0.0.1:35636)
2026-02-23 14:44:19.841043 (1802969) main____ INFO    About to exit: request to exit with status 1 received from analysis session 'session_0'
2026-02-23 14:44:19.891529 (1802969) session_ INFO    Analysis session 'session_0' disconnected.
2026-02-23 14:44:19.891645 (1802969) lic__man INFO    Unclaim everything for 'session_0'.
2026-02-23 14:44:19.892279 (1802969) session_ INFO    Process for analysis session 'session_0' has exited with exit status '1'.
2026-02-23 14:44:21.744284 (1802969) lic_core INFO    (2) checkin jasper_fao
2026-02-23 14:44:21.745989 (1802969) main____ INFO    Exiting with status 1.
