2026-02-23 13:18:58.950720 (3615142) main____ INFO    ----------------------------------------
2026-02-23 13:18:58.950792 (3615142) main____ INFO    JasperGold version info
2026-02-23 13:18:58.950806 (3615142) main____ INFO      tool      : JasperGold 2021.03
2026-02-23 13:18:58.950815 (3615142) main____ INFO      version   : 2021.03 FCS 64 bits
2026-02-23 13:18:58.950820 (3615142) main____ INFO      build date: 2021.03.23 02:50:43 UTC
2026-02-23 13:18:58.950824 (3615142) main____ INFO    ----------------------------------------
2026-02-23 13:18:58.950828 (3615142) main____ INFO    Runtime info:
2026-02-23 13:18:58.950833 (3615142) main____ INFO      platform  : Linux 5.14.0-570.84.1.el9_6.x86_64 x86_64
2026-02-23 13:18:58.950838 (3615142) main____ INFO      hostname  : della-r3c3n4
2026-02-23 13:18:58.950843 (3615142) main____ INFO      pid       : 3615142
2026-02-23 13:18:58.950847 (3615142) main____ INFO      arguments : '-style' 'windows' '-batch' '-proj' './verification_results/00437/jgproject' '-tcl' './jasper_verif_check.tcl'
2026-02-23 13:18:58.950855 (3615142) main____ INFO      locale    : UTF-8
2026-02-23 13:18:58.950859 (3615142) main____ INFO    ----------------------------------------
2026-02-23 13:18:58.950863 (3615142) main____ INFO    System resource limits info:
2026-02-23 13:18:58.950867 (3615142) main____ INFO      virtual memory: unlimited
2026-02-23 13:18:58.950872 (3615142) main____ INFO      cpu time      : unlimited
2026-02-23 13:18:58.950876 (3615142) main____ INFO      stack size    : unlimited
2026-02-23 13:18:58.950880 (3615142) main____ INFO      core file size: unlimited
2026-02-23 13:18:58.950887 (3615142) main____ INFO      open files    : 131072
2026-02-23 13:18:58.950892 (3615142) main____ INFO      file size     : unlimited
2026-02-23 13:18:58.950896 (3615142) main____ INFO    ----------------------------------------
2026-02-23 13:18:58.950899 (3615142) main____ INFO    Memory statistics:
2026-02-23 13:18:58.950904 (3615142) main____ INFO      total physical memory  : 195972172 kB
2026-02-23 13:18:58.950908 (3615142) main____ INFO      free physical memory   : 116424744 kB
2026-02-23 13:18:58.950912 (3615142) main____ INFO      committed address space: 36774480 kB
2026-02-23 13:18:58.950916 (3615142) main____ INFO    ----------------------------------------
2026-02-23 13:18:58.951856 (3615142) main____ INFO    Important environment variables:
2026-02-23 13:18:58.951869 (3615142) main____ INFO      JASPER_HOME       : '/usr/licensed/cadence-20210126/jasper_2021.03'
2026-02-23 13:18:58.951875 (3615142) main____ INFO      JASPER_INSTALL_DIR: '/scratch/gpfs/LICENSED/x86_64/cadence-20210126/jasper_2021.03'
2026-02-23 13:18:58.951881 (3615142) main____ INFO      LANG              : 'en_US.UTF-8'
2026-02-23 13:18:58.951886 (3615142) main____ INFO      LM_LICENSE_FILE   : '5280@license.rc.princeton.edu'
2026-02-23 13:18:58.951891 (3615142) main____ INFO      TMPDIR            : '/tmp/ab2113/jg_5018080_236'
2026-02-23 13:18:58.951895 (3615142) main____ INFO    ----------------------------------------
2026-02-23 13:18:58.952652 (3615142) lic_core INFO    Initializing license system ...
2026-02-23 13:18:58.953402 (3615142) lic_core INFO    ... license system initialized.
2026-02-23 13:18:58.954098 (3615142) lic__man INFO    Claim 'fpv' for <ui>.
2026-02-23 13:18:58.954132 (3615142) lic_core INFO    (1) checking out 'jasper_fpv' ...
2026-02-23 13:18:58.959894 (3615142) lic_core INFO    ... (1) checkout failed (error: -5) ("FLEXnet ERROR(-5, 0, 0): No such feature exists.")
2026-02-23 13:18:58.959918 (3615142) lic_core INFO    (2) checking out 'jasper_fao' ...
2026-02-23 13:18:58.970375 (3615142) lic_core INFO    ... (2) checkout succeeded
2026-02-23 13:18:58.984239 (3615142) session_ INFO    Starting analysis session with session id 'session_0' (launcher: <local>) ...
2026-02-23 13:18:58.986837 (3615142) session_ INFO    Analysis session with session id 'session_0' started (pid: 3615150)
2026-02-23 13:18:59.717462 (3615142) session_ INFO    Analysis session 'session_0' connected to the console (host: 127.0.0.1:48792)
2026-02-23 13:19:00.576151 (3615142) main____ INFO    About to exit: request to exit with status 1 received from analysis session 'session_0'
2026-02-23 13:19:00.642243 (3615142) session_ INFO    Analysis session 'session_0' disconnected.
2026-02-23 13:19:00.642356 (3615142) lic__man INFO    Unclaim everything for 'session_0'.
2026-02-23 13:19:00.643507 (3615142) session_ INFO    Process for analysis session 'session_0' has exited with exit status '1'.
2026-02-23 13:19:02.650136 (3615142) lic_core INFO    (2) checkin jasper_fao
2026-02-23 13:19:02.651521 (3615142) main____ INFO    Exiting with status 1.
