2026-02-20 17:52:48.434221 (2560341) main____ INFO    ----------------------------------------
2026-02-20 17:52:48.434338 (2560341) main____ INFO    JasperGold version info
2026-02-20 17:52:48.434359 (2560341) main____ INFO      tool      : JasperGold 2021.03
2026-02-20 17:52:48.434368 (2560341) main____ INFO      version   : 2021.03 FCS 64 bits
2026-02-20 17:52:48.434373 (2560341) main____ INFO      build date: 2021.03.23 02:50:43 UTC
2026-02-20 17:52:48.434378 (2560341) main____ INFO    ----------------------------------------
2026-02-20 17:52:48.434382 (2560341) main____ INFO    Runtime info:
2026-02-20 17:52:48.434396 (2560341) main____ INFO      platform  : Linux 5.14.0-570.84.1.el9_6.x86_64 x86_64
2026-02-20 17:52:48.434403 (2560341) main____ INFO      hostname  : della-i13n22
2026-02-20 17:52:48.434407 (2560341) main____ INFO      pid       : 2560341
2026-02-20 17:52:48.434411 (2560341) main____ INFO      arguments : '-style' 'windows' '-batch' '-proj' 'verification_results/00528/jgproject' '-tcl' './jasper_verif_check.tcl'
2026-02-20 17:52:48.434420 (2560341) main____ INFO      locale    : UTF-8
2026-02-20 17:52:48.434424 (2560341) main____ INFO    ----------------------------------------
2026-02-20 17:52:48.434427 (2560341) main____ INFO    System resource limits info:
2026-02-20 17:52:48.434432 (2560341) main____ INFO      virtual memory: unlimited
2026-02-20 17:52:48.434436 (2560341) main____ INFO      cpu time      : unlimited
2026-02-20 17:52:48.434440 (2560341) main____ INFO      stack size    : unlimited
2026-02-20 17:52:48.434444 (2560341) main____ INFO      core file size: unlimited
2026-02-20 17:52:48.434451 (2560341) main____ INFO      open files    : 131072
2026-02-20 17:52:48.434455 (2560341) main____ INFO      file size     : unlimited
2026-02-20 17:52:48.434459 (2560341) main____ INFO    ----------------------------------------
2026-02-20 17:52:48.434463 (2560341) main____ INFO    Memory statistics:
2026-02-20 17:52:48.434467 (2560341) main____ INFO      total physical memory  : 394157548 kB
2026-02-20 17:52:48.434471 (2560341) main____ INFO      free physical memory   : 189128316 kB
2026-02-20 17:52:48.434475 (2560341) main____ INFO      committed address space: 169614164 kB
2026-02-20 17:52:48.434478 (2560341) main____ INFO    ----------------------------------------
2026-02-20 17:52:48.435353 (2560341) main____ INFO    Important environment variables:
2026-02-20 17:52:48.435372 (2560341) main____ INFO      JASPER_HOME       : '/usr/licensed/cadence-20210126/jasper_2021.03'
2026-02-20 17:52:48.435378 (2560341) main____ INFO      JASPER_INSTALL_DIR: '/scratch/gpfs/LICENSED/x86_64/cadence-20210126/jasper_2021.03'
2026-02-20 17:52:48.435388 (2560341) main____ INFO      LANG              : 'en_US.UTF-8'
2026-02-20 17:52:48.435393 (2560341) main____ INFO      LM_LICENSE_FILE   : '5280@license.rc.princeton.edu'
2026-02-20 17:52:48.435398 (2560341) main____ INFO      TMPDIR            : '/tmp'
2026-02-20 17:52:48.435402 (2560341) main____ INFO    ----------------------------------------
2026-02-20 17:52:48.435947 (2560341) lic_core INFO    Initializing license system ...
2026-02-20 17:52:48.436873 (2560341) lic_core INFO    ... license system initialized.
2026-02-20 17:52:48.437669 (2560341) lic__man INFO    Claim 'fpv' for <ui>.
2026-02-20 17:52:48.437712 (2560341) lic_core INFO    (1) checking out 'jasper_fpv' ...
2026-02-20 17:52:48.443634 (2560341) lic_core INFO    ... (1) checkout failed (error: -5) ("FLEXnet ERROR(-5, 0, 0): No such feature exists.")
2026-02-20 17:52:48.443696 (2560341) lic_core INFO    (2) checking out 'jasper_fao' ...
2026-02-20 17:52:48.453691 (2560341) lic_core INFO    ... (2) checkout succeeded
2026-02-20 17:52:48.468569 (2560341) session_ INFO    Starting analysis session with session id 'session_0' (launcher: <local>) ...
2026-02-20 17:52:48.471862 (2560341) session_ INFO    Analysis session with session id 'session_0' started (pid: 2560349)
2026-02-20 17:52:49.229811 (2560341) session_ INFO    Analysis session 'session_0' connected to the console (host: 127.0.0.1:42414)
2026-02-20 17:52:49.814506 (2560341) main____ INFO    About to exit: request to exit with status 1 received from analysis session 'session_0'
2026-02-20 17:52:49.920453 (2560341) session_ INFO    Analysis session 'session_0' disconnected.
2026-02-20 17:52:49.920610 (2560341) lic__man INFO    Unclaim everything for 'session_0'.
2026-02-20 17:52:49.921216 (2560341) session_ INFO    Process for analysis session 'session_0' has exited with exit status '1'.
2026-02-20 17:52:51.921101 (2560341) lic_core INFO    (2) checkin jasper_fao
2026-02-20 17:52:51.922827 (2560341) main____ INFO    Exiting with status 1.
