2026-02-23 13:55:17.200350 (2619477) main____ INFO    ----------------------------------------
2026-02-23 13:55:17.200428 (2619477) main____ INFO    JasperGold version info
2026-02-23 13:55:17.200445 (2619477) main____ INFO      tool      : JasperGold 2021.03
2026-02-23 13:55:17.200453 (2619477) main____ INFO      version   : 2021.03 FCS 64 bits
2026-02-23 13:55:17.200458 (2619477) main____ INFO      build date: 2021.03.23 02:50:43 UTC
2026-02-23 13:55:17.200462 (2619477) main____ INFO    ----------------------------------------
2026-02-23 13:55:17.200466 (2619477) main____ INFO    Runtime info:
2026-02-23 13:55:17.200471 (2619477) main____ INFO      platform  : Linux 5.14.0-570.84.1.el9_6.x86_64 x86_64
2026-02-23 13:55:17.200476 (2619477) main____ INFO      hostname  : della-r3c1n7
2026-02-23 13:55:17.200481 (2619477) main____ INFO      pid       : 2619477
2026-02-23 13:55:17.200486 (2619477) main____ INFO      arguments : '-style' 'windows' '-batch' '-proj' './verification_results/04175/jgproject' '-tcl' './jasper_verif_check.tcl'
2026-02-23 13:55:17.200493 (2619477) main____ INFO      locale    : UTF-8
2026-02-23 13:55:17.200497 (2619477) main____ INFO    ----------------------------------------
2026-02-23 13:55:17.200501 (2619477) main____ INFO    System resource limits info:
2026-02-23 13:55:17.200505 (2619477) main____ INFO      virtual memory: unlimited
2026-02-23 13:55:17.200510 (2619477) main____ INFO      cpu time      : unlimited
2026-02-23 13:55:17.200514 (2619477) main____ INFO      stack size    : unlimited
2026-02-23 13:55:17.200518 (2619477) main____ INFO      core file size: unlimited
2026-02-23 13:55:17.200525 (2619477) main____ INFO      open files    : 131072
2026-02-23 13:55:17.200529 (2619477) main____ INFO      file size     : unlimited
2026-02-23 13:55:17.200533 (2619477) main____ INFO    ----------------------------------------
2026-02-23 13:55:17.200537 (2619477) main____ INFO    Memory statistics:
2026-02-23 13:55:17.200542 (2619477) main____ INFO      total physical memory  : 195972072 kB
2026-02-23 13:55:17.200546 (2619477) main____ INFO      free physical memory   : 154470204 kB
2026-02-23 13:55:17.200550 (2619477) main____ INFO      committed address space: 43953324 kB
2026-02-23 13:55:17.200554 (2619477) main____ INFO    ----------------------------------------
2026-02-23 13:55:17.201505 (2619477) main____ INFO    Important environment variables:
2026-02-23 13:55:17.201519 (2619477) main____ INFO      JASPER_HOME       : '/usr/licensed/cadence-20210126/jasper_2021.03'
2026-02-23 13:55:17.201525 (2619477) main____ INFO      JASPER_INSTALL_DIR: '/scratch/gpfs/LICENSED/x86_64/cadence-20210126/jasper_2021.03'
2026-02-23 13:55:17.201530 (2619477) main____ INFO      LANG              : 'en_US.UTF-8'
2026-02-23 13:55:17.201535 (2619477) main____ INFO      LM_LICENSE_FILE   : '5280@license.rc.princeton.edu'
2026-02-23 13:55:17.201540 (2619477) main____ INFO      TMPDIR            : '/tmp/ab2113/jg_5019111_76'
2026-02-23 13:55:17.201545 (2619477) main____ INFO    ----------------------------------------
2026-02-23 13:55:17.202314 (2619477) lic_core INFO    Initializing license system ...
2026-02-23 13:55:17.203085 (2619477) lic_core INFO    ... license system initialized.
2026-02-23 13:55:17.203814 (2619477) lic__man INFO    Claim 'fpv' for <ui>.
2026-02-23 13:55:17.203849 (2619477) lic_core INFO    (1) checking out 'jasper_fpv' ...
2026-02-23 13:55:17.209656 (2619477) lic_core INFO    ... (1) checkout failed (error: -5) ("FLEXnet ERROR(-5, 0, 0): No such feature exists.")
2026-02-23 13:55:17.209696 (2619477) lic_core INFO    (2) checking out 'jasper_fao' ...
2026-02-23 13:55:17.220562 (2619477) lic_core INFO    ... (2) checkout succeeded
2026-02-23 13:55:17.235762 (2619477) session_ INFO    Starting analysis session with session id 'session_0' (launcher: <local>) ...
2026-02-23 13:55:17.238436 (2619477) session_ INFO    Analysis session with session id 'session_0' started (pid: 2619485)
2026-02-23 13:55:17.900707 (2619477) session_ INFO    Analysis session 'session_0' connected to the console (host: 127.0.0.1:33502)
2026-02-23 13:55:18.425153 (2619477) main____ INFO    About to exit: request to exit with status 1 received from analysis session 'session_0'
2026-02-23 13:55:18.494976 (2619477) session_ INFO    Analysis session 'session_0' disconnected.
2026-02-23 13:55:18.495091 (2619477) lic__man INFO    Unclaim everything for 'session_0'.
2026-02-23 13:55:18.495661 (2619477) session_ INFO    Process for analysis session 'session_0' has exited with exit status '1'.
2026-02-23 13:55:20.350251 (2619477) lic_core INFO    (2) checkin jasper_fao
2026-02-23 13:55:20.351564 (2619477) main____ INFO    Exiting with status 1.
