2026-02-23 13:53:10.486587 (521203) main____ INFO    ----------------------------------------
2026-02-23 13:53:10.486655 (521203) main____ INFO    JasperGold version info
2026-02-23 13:53:10.486670 (521203) main____ INFO      tool      : JasperGold 2021.03
2026-02-23 13:53:10.486677 (521203) main____ INFO      version   : 2021.03 FCS 64 bits
2026-02-23 13:53:10.486682 (521203) main____ INFO      build date: 2021.03.23 02:50:43 UTC
2026-02-23 13:53:10.486686 (521203) main____ INFO    ----------------------------------------
2026-02-23 13:53:10.486690 (521203) main____ INFO    Runtime info:
2026-02-23 13:53:10.486694 (521203) main____ INFO      platform  : Linux 5.14.0-570.84.1.el9_6.x86_64 x86_64
2026-02-23 13:53:10.486700 (521203) main____ INFO      hostname  : della-r3c2n9
2026-02-23 13:53:10.486705 (521203) main____ INFO      pid       : 521203
2026-02-23 13:53:10.486709 (521203) main____ INFO      arguments : '-style' 'windows' '-batch' '-proj' './verification_results/03459/jgproject' '-tcl' './jasper_verif_check.tcl'
2026-02-23 13:53:10.486716 (521203) main____ INFO      locale    : UTF-8
2026-02-23 13:53:10.486720 (521203) main____ INFO    ----------------------------------------
2026-02-23 13:53:10.486724 (521203) main____ INFO    System resource limits info:
2026-02-23 13:53:10.486728 (521203) main____ INFO      virtual memory: unlimited
2026-02-23 13:53:10.486733 (521203) main____ INFO      cpu time      : unlimited
2026-02-23 13:53:10.486737 (521203) main____ INFO      stack size    : unlimited
2026-02-23 13:53:10.486741 (521203) main____ INFO      core file size: unlimited
2026-02-23 13:53:10.486747 (521203) main____ INFO      open files    : 131072
2026-02-23 13:53:10.486752 (521203) main____ INFO      file size     : unlimited
2026-02-23 13:53:10.486756 (521203) main____ INFO    ----------------------------------------
2026-02-23 13:53:10.486760 (521203) main____ INFO    Memory statistics:
2026-02-23 13:53:10.486764 (521203) main____ INFO      total physical memory  : 195972072 kB
2026-02-23 13:53:10.486768 (521203) main____ INFO      free physical memory   : 68449008 kB
2026-02-23 13:53:10.486772 (521203) main____ INFO      committed address space: 59125016 kB
2026-02-23 13:53:10.486775 (521203) main____ INFO    ----------------------------------------
2026-02-23 13:53:10.487716 (521203) main____ INFO    Important environment variables:
2026-02-23 13:53:10.487730 (521203) main____ INFO      JASPER_HOME       : '/usr/licensed/cadence-20210126/jasper_2021.03'
2026-02-23 13:53:10.487736 (521203) main____ INFO      JASPER_INSTALL_DIR: '/scratch/gpfs/LICENSED/x86_64/cadence-20210126/jasper_2021.03'
2026-02-23 13:53:10.487741 (521203) main____ INFO      LANG              : 'en_US.UTF-8'
2026-02-23 13:53:10.487747 (521203) main____ INFO      LM_LICENSE_FILE   : '5280@license.rc.princeton.edu'
2026-02-23 13:53:10.487752 (521203) main____ INFO      TMPDIR            : '/tmp/ab2113/jg_5019008_61'
2026-02-23 13:53:10.487756 (521203) main____ INFO    ----------------------------------------
2026-02-23 13:53:10.488142 (521203) lic_core INFO    Initializing license system ...
2026-02-23 13:53:10.488891 (521203) lic_core INFO    ... license system initialized.
2026-02-23 13:53:10.489576 (521203) lic__man INFO    Claim 'fpv' for <ui>.
2026-02-23 13:53:10.489612 (521203) lic_core INFO    (1) checking out 'jasper_fpv' ...
2026-02-23 13:53:10.495344 (521203) lic_core INFO    ... (1) checkout failed (error: -5) ("FLEXnet ERROR(-5, 0, 0): No such feature exists.")
2026-02-23 13:53:10.495371 (521203) lic_core INFO    (2) checking out 'jasper_fao' ...
2026-02-23 13:53:10.505702 (521203) lic_core INFO    ... (2) checkout succeeded
2026-02-23 13:53:10.519263 (521203) session_ INFO    Starting analysis session with session id 'session_0' (launcher: <local>) ...
2026-02-23 13:53:10.521824 (521203) session_ INFO    Analysis session with session id 'session_0' started (pid: 521211)
2026-02-23 13:53:11.151869 (521203) session_ INFO    Analysis session 'session_0' connected to the console (host: 127.0.0.1:57716)
2026-02-23 13:53:11.665645 (521203) main____ INFO    About to exit: request to exit with status 1 received from analysis session 'session_0'
2026-02-23 13:53:11.734651 (521203) session_ INFO    Analysis session 'session_0' disconnected.
2026-02-23 13:53:11.734767 (521203) lic__man INFO    Unclaim everything for 'session_0'.
2026-02-23 13:53:11.735460 (521203) session_ INFO    Process for analysis session 'session_0' has exited with exit status '1'.
2026-02-23 13:53:13.626657 (521203) lic_core INFO    (2) checkin jasper_fao
2026-02-23 13:53:13.627904 (521203) main____ INFO    Exiting with status 1.
