2026-02-23 13:41:55.821084 (1478295) main____ INFO    ----------------------------------------
2026-02-23 13:41:55.821171 (1478295) main____ INFO    JasperGold version info
2026-02-23 13:41:55.821190 (1478295) main____ INFO      tool      : JasperGold 2021.03
2026-02-23 13:41:55.821199 (1478295) main____ INFO      version   : 2021.03 FCS 64 bits
2026-02-23 13:41:55.821206 (1478295) main____ INFO      build date: 2021.03.23 02:50:43 UTC
2026-02-23 13:41:55.821212 (1478295) main____ INFO    ----------------------------------------
2026-02-23 13:41:55.821218 (1478295) main____ INFO    Runtime info:
2026-02-23 13:41:55.821223 (1478295) main____ INFO      platform  : Linux 5.14.0-570.84.1.el9_6.x86_64 x86_64
2026-02-23 13:41:55.821229 (1478295) main____ INFO      hostname  : della-h14n5
2026-02-23 13:41:55.821235 (1478295) main____ INFO      pid       : 1478295
2026-02-23 13:41:55.821240 (1478295) main____ INFO      arguments : '-style' 'windows' '-batch' '-proj' './verification_results/01584/jgproject' '-tcl' './jasper_verif_check.tcl'
2026-02-23 13:41:55.821250 (1478295) main____ INFO      locale    : UTF-8
2026-02-23 13:41:55.821256 (1478295) main____ INFO    ----------------------------------------
2026-02-23 13:41:55.821262 (1478295) main____ INFO    System resource limits info:
2026-02-23 13:41:55.821269 (1478295) main____ INFO      virtual memory: unlimited
2026-02-23 13:41:55.821275 (1478295) main____ INFO      cpu time      : unlimited
2026-02-23 13:41:55.821280 (1478295) main____ INFO      stack size    : unlimited
2026-02-23 13:41:55.821285 (1478295) main____ INFO      core file size: unlimited
2026-02-23 13:41:55.821293 (1478295) main____ INFO      open files    : 131072
2026-02-23 13:41:55.821298 (1478295) main____ INFO      file size     : unlimited
2026-02-23 13:41:55.821303 (1478295) main____ INFO    ----------------------------------------
2026-02-23 13:41:55.821308 (1478295) main____ INFO    Memory statistics:
2026-02-23 13:41:55.821314 (1478295) main____ INFO      total physical memory  : 1584164368 kB
2026-02-23 13:41:55.821319 (1478295) main____ INFO      free physical memory   : 701567248 kB
2026-02-23 13:41:55.821326 (1478295) main____ INFO      committed address space: 534330064 kB
2026-02-23 13:41:55.821331 (1478295) main____ INFO    ----------------------------------------
2026-02-23 13:41:55.821890 (1478295) main____ INFO    Important environment variables:
2026-02-23 13:41:55.821906 (1478295) main____ INFO      JASPER_HOME       : '/usr/licensed/cadence-20210126/jasper_2021.03'
2026-02-23 13:41:55.821914 (1478295) main____ INFO      JASPER_INSTALL_DIR: '/scratch/gpfs/LICENSED/x86_64/cadence-20210126/jasper_2021.03'
2026-02-23 13:41:55.821920 (1478295) main____ INFO      LANG              : 'en_US.UTF-8'
2026-02-23 13:41:55.821926 (1478295) main____ INFO      LM_LICENSE_FILE   : '5280@license.rc.princeton.edu'
2026-02-23 13:41:55.821931 (1478295) main____ INFO      TMPDIR            : '/tmp/ab2113/jg_5018842_24'
2026-02-23 13:41:55.821937 (1478295) main____ INFO    ----------------------------------------
2026-02-23 13:41:55.822391 (1478295) lic_core INFO    Initializing license system ...
2026-02-23 13:41:55.823013 (1478295) lic_core INFO    ... license system initialized.
2026-02-23 13:41:55.823864 (1478295) lic__man INFO    Claim 'fpv' for <ui>.
2026-02-23 13:41:55.823900 (1478295) lic_core INFO    (1) checking out 'jasper_fpv' ...
2026-02-23 13:41:55.829752 (1478295) lic_core INFO    ... (1) checkout failed (error: -5) ("FLEXnet ERROR(-5, 0, 0): No such feature exists.")
2026-02-23 13:41:55.829783 (1478295) lic_core INFO    (2) checking out 'jasper_fao' ...
2026-02-23 13:41:55.839557 (1478295) lic_core INFO    ... (2) checkout succeeded
2026-02-23 13:41:55.853143 (1478295) session_ INFO    Starting analysis session with session id 'session_0' (launcher: <local>) ...
2026-02-23 13:41:55.856839 (1478295) session_ INFO    Analysis session with session id 'session_0' started (pid: 1478303)
2026-02-23 13:41:56.491041 (1478295) session_ INFO    Analysis session 'session_0' connected to the console (host: 127.0.0.1:44174)
2026-02-23 13:41:57.303219 (1478295) lic__man INFO    Unclaim everything for 'session_0'.
2026-02-23 13:41:57.342504 (1478295) lic__man INFO    Claim 'fpv' for 'session_0'.
2026-02-23 13:41:57.342547 (1478295) lic__man INFO    Claim 'fpv' for 'session_0/prove-0'.
2026-02-23 13:41:57.517811 (1478295) lic__man INFO    Unclaim everything for 'session_0/prove-0'.
2026-02-23 13:41:57.571526 (1478295) main____ INFO    About to exit: request to exit with status 0 received from analysis session 'session_0'
2026-02-23 13:41:57.631426 (1478295) session_ INFO    Analysis session 'session_0' disconnected.
2026-02-23 13:41:57.631574 (1478295) lic__man INFO    Unclaim everything for 'session_0'.
2026-02-23 13:41:57.632134 (1478295) session_ INFO    Process for analysis session 'session_0' has exited with exit status '0'.
2026-02-23 13:41:59.586313 (1478295) lic_core INFO    (2) checkin jasper_fao
2026-02-23 13:41:59.587711 (1478295) main____ INFO    Exiting with status 0.
