2026-02-23 13:50:20.896980 (2388831) main____ INFO    ----------------------------------------
2026-02-23 13:50:20.897066 (2388831) main____ INFO    JasperGold version info
2026-02-23 13:50:20.897083 (2388831) main____ INFO      tool      : JasperGold 2021.03
2026-02-23 13:50:20.897092 (2388831) main____ INFO      version   : 2021.03 FCS 64 bits
2026-02-23 13:50:20.897098 (2388831) main____ INFO      build date: 2021.03.23 02:50:43 UTC
2026-02-23 13:50:20.897103 (2388831) main____ INFO    ----------------------------------------
2026-02-23 13:50:20.897108 (2388831) main____ INFO    Runtime info:
2026-02-23 13:50:20.897115 (2388831) main____ INFO      platform  : Linux 5.14.0-570.84.1.el9_6.x86_64 x86_64
2026-02-23 13:50:20.897123 (2388831) main____ INFO      hostname  : della-h14n8
2026-02-23 13:50:20.897128 (2388831) main____ INFO      pid       : 2388831
2026-02-23 13:50:20.897133 (2388831) main____ INFO      arguments : '-style' 'windows' '-batch' '-proj' './verification_results/03004/jgproject' '-tcl' './jasper_verif_check.tcl'
2026-02-23 13:50:20.897141 (2388831) main____ INFO      locale    : UTF-8
2026-02-23 13:50:20.897146 (2388831) main____ INFO    ----------------------------------------
2026-02-23 13:50:20.897151 (2388831) main____ INFO    System resource limits info:
2026-02-23 13:50:20.897157 (2388831) main____ INFO      virtual memory: unlimited
2026-02-23 13:50:20.897162 (2388831) main____ INFO      cpu time      : unlimited
2026-02-23 13:50:20.897167 (2388831) main____ INFO      stack size    : unlimited
2026-02-23 13:50:20.897172 (2388831) main____ INFO      core file size: unlimited
2026-02-23 13:50:20.897180 (2388831) main____ INFO      open files    : 131072
2026-02-23 13:50:20.897185 (2388831) main____ INFO      file size     : unlimited
2026-02-23 13:50:20.897190 (2388831) main____ INFO    ----------------------------------------
2026-02-23 13:50:20.897195 (2388831) main____ INFO    Memory statistics:
2026-02-23 13:50:20.897200 (2388831) main____ INFO      total physical memory  : 1584164340 kB
2026-02-23 13:50:20.897205 (2388831) main____ INFO      free physical memory   : 761497124 kB
2026-02-23 13:50:20.897210 (2388831) main____ INFO      committed address space: 504090368 kB
2026-02-23 13:50:20.897215 (2388831) main____ INFO    ----------------------------------------
2026-02-23 13:50:20.897789 (2388831) main____ INFO    Important environment variables:
2026-02-23 13:50:20.897806 (2388831) main____ INFO      JASPER_HOME       : '/usr/licensed/cadence-20210126/jasper_2021.03'
2026-02-23 13:50:20.897812 (2388831) main____ INFO      JASPER_INSTALL_DIR: '/scratch/gpfs/LICENSED/x86_64/cadence-20210126/jasper_2021.03'
2026-02-23 13:50:20.897818 (2388831) main____ INFO      LANG              : 'en_US.UTF-8'
2026-02-23 13:50:20.897824 (2388831) main____ INFO      LM_LICENSE_FILE   : '5280@license.rc.princeton.edu'
2026-02-23 13:50:20.897829 (2388831) main____ INFO      TMPDIR            : '/tmp/ab2113/jg_5018966_52'
2026-02-23 13:50:20.897834 (2388831) main____ INFO    ----------------------------------------
2026-02-23 13:50:20.898395 (2388831) lic_core INFO    Initializing license system ...
2026-02-23 13:50:20.898972 (2388831) lic_core INFO    ... license system initialized.
2026-02-23 13:50:20.900066 (2388831) lic__man INFO    Claim 'fpv' for <ui>.
2026-02-23 13:50:20.900104 (2388831) lic_core INFO    (1) checking out 'jasper_fpv' ...
2026-02-23 13:50:20.906082 (2388831) lic_core INFO    ... (1) checkout failed (error: -5) ("FLEXnet ERROR(-5, 0, 0): No such feature exists.")
2026-02-23 13:50:20.906112 (2388831) lic_core INFO    (2) checking out 'jasper_fao' ...
2026-02-23 13:50:20.915399 (2388831) lic_core INFO    ... (2) checkout succeeded
2026-02-23 13:50:20.927433 (2388831) session_ INFO    Starting analysis session with session id 'session_0' (launcher: <local>) ...
2026-02-23 13:50:20.930268 (2388831) session_ INFO    Analysis session with session id 'session_0' started (pid: 2388839)
2026-02-23 13:50:21.472552 (2388831) session_ INFO    Analysis session 'session_0' connected to the console (host: 127.0.0.1:35088)
2026-02-23 13:50:21.979842 (2388831) main____ INFO    About to exit: request to exit with status 1 received from analysis session 'session_0'
2026-02-23 13:50:22.034850 (2388831) session_ INFO    Analysis session 'session_0' disconnected.
2026-02-23 13:50:22.035011 (2388831) lic__man INFO    Unclaim everything for 'session_0'.
2026-02-23 13:50:22.035642 (2388831) session_ INFO    Process for analysis session 'session_0' has exited with exit status '1'.
2026-02-23 13:50:24.078198 (2388831) lic_core INFO    (2) checkin jasper_fao
2026-02-23 13:50:24.080064 (2388831) main____ INFO    Exiting with status 1.
