2026-02-20 17:57:41.335946 (2566337) main____ INFO    ----------------------------------------
2026-02-20 17:57:41.336056 (2566337) main____ INFO    JasperGold version info
2026-02-20 17:57:41.336075 (2566337) main____ INFO      tool      : JasperGold 2021.03
2026-02-20 17:57:41.336085 (2566337) main____ INFO      version   : 2021.03 FCS 64 bits
2026-02-20 17:57:41.336091 (2566337) main____ INFO      build date: 2021.03.23 02:50:43 UTC
2026-02-20 17:57:41.336096 (2566337) main____ INFO    ----------------------------------------
2026-02-20 17:57:41.336099 (2566337) main____ INFO    Runtime info:
2026-02-20 17:57:41.336104 (2566337) main____ INFO      platform  : Linux 5.14.0-570.84.1.el9_6.x86_64 x86_64
2026-02-20 17:57:41.336109 (2566337) main____ INFO      hostname  : della-i13n22
2026-02-20 17:57:41.336114 (2566337) main____ INFO      pid       : 2566337
2026-02-20 17:57:41.336118 (2566337) main____ INFO      arguments : '-style' 'windows' '-batch' '-proj' 'verification_results/00593/jgproject' '-tcl' './jasper_verif_check.tcl'
2026-02-20 17:57:41.336126 (2566337) main____ INFO      locale    : UTF-8
2026-02-20 17:57:41.336130 (2566337) main____ INFO    ----------------------------------------
2026-02-20 17:57:41.336134 (2566337) main____ INFO    System resource limits info:
2026-02-20 17:57:41.336138 (2566337) main____ INFO      virtual memory: unlimited
2026-02-20 17:57:41.336142 (2566337) main____ INFO      cpu time      : unlimited
2026-02-20 17:57:41.336146 (2566337) main____ INFO      stack size    : unlimited
2026-02-20 17:57:41.336150 (2566337) main____ INFO      core file size: unlimited
2026-02-20 17:57:41.336157 (2566337) main____ INFO      open files    : 131072
2026-02-20 17:57:41.336161 (2566337) main____ INFO      file size     : unlimited
2026-02-20 17:57:41.336165 (2566337) main____ INFO    ----------------------------------------
2026-02-20 17:57:41.336169 (2566337) main____ INFO    Memory statistics:
2026-02-20 17:57:41.336173 (2566337) main____ INFO      total physical memory  : 394157548 kB
2026-02-20 17:57:41.336176 (2566337) main____ INFO      free physical memory   : 185703792 kB
2026-02-20 17:57:41.336180 (2566337) main____ INFO      committed address space: 172995072 kB
2026-02-20 17:57:41.336183 (2566337) main____ INFO    ----------------------------------------
2026-02-20 17:57:41.337062 (2566337) main____ INFO    Important environment variables:
2026-02-20 17:57:41.337081 (2566337) main____ INFO      JASPER_HOME       : '/usr/licensed/cadence-20210126/jasper_2021.03'
2026-02-20 17:57:41.337087 (2566337) main____ INFO      JASPER_INSTALL_DIR: '/scratch/gpfs/LICENSED/x86_64/cadence-20210126/jasper_2021.03'
2026-02-20 17:57:41.337092 (2566337) main____ INFO      LANG              : 'en_US.UTF-8'
2026-02-20 17:57:41.337096 (2566337) main____ INFO      LM_LICENSE_FILE   : '5280@license.rc.princeton.edu'
2026-02-20 17:57:41.337101 (2566337) main____ INFO      TMPDIR            : '/tmp'
2026-02-20 17:57:41.337105 (2566337) main____ INFO    ----------------------------------------
2026-02-20 17:57:41.337994 (2566337) lic_core INFO    Initializing license system ...
2026-02-20 17:57:41.338842 (2566337) lic_core INFO    ... license system initialized.
2026-02-20 17:57:41.339651 (2566337) lic__man INFO    Claim 'fpv' for <ui>.
2026-02-20 17:57:41.339695 (2566337) lic_core INFO    (1) checking out 'jasper_fpv' ...
2026-02-20 17:57:41.345792 (2566337) lic_core INFO    ... (1) checkout failed (error: -5) ("FLEXnet ERROR(-5, 0, 0): No such feature exists.")
2026-02-20 17:57:41.345859 (2566337) lic_core INFO    (2) checking out 'jasper_fao' ...
2026-02-20 17:57:41.355897 (2566337) lic_core INFO    ... (2) checkout succeeded
2026-02-20 17:57:41.371576 (2566337) session_ INFO    Starting analysis session with session id 'session_0' (launcher: <local>) ...
2026-02-20 17:57:41.375468 (2566337) session_ INFO    Analysis session with session id 'session_0' started (pid: 2566345)
2026-02-20 17:57:42.131255 (2566337) session_ INFO    Analysis session 'session_0' connected to the console (host: 127.0.0.1:43902)
2026-02-20 17:57:42.976641 (2566337) lic__man INFO    Unclaim everything for 'session_0'.
2026-02-20 17:57:43.023355 (2566337) lic__man INFO    Claim 'fpv' for 'session_0'.
2026-02-20 17:57:43.023419 (2566337) lic__man INFO    Claim 'fpv' for 'session_0/prove-0'.
2026-02-20 17:57:43.162142 (2566337) lic__man INFO    Unclaim everything for 'session_0/prove-0'.
2026-02-20 17:57:43.219498 (2566337) main____ INFO    About to exit: request to exit with status 0 received from analysis session 'session_0'
2026-02-20 17:57:43.329042 (2566337) session_ INFO    Analysis session 'session_0' disconnected.
2026-02-20 17:57:43.329170 (2566337) lic__man INFO    Unclaim everything for 'session_0'.
2026-02-20 17:57:43.329814 (2566337) session_ INFO    Process for analysis session 'session_0' has exited with exit status '0'.
2026-02-20 17:57:45.127762 (2566337) lic_core INFO    (2) checkin jasper_fao
2026-02-20 17:57:45.129529 (2566337) main____ INFO    Exiting with status 0.
