2026-02-23 14:14:58.982748 (5950) main____ INFO    ----------------------------------------
2026-02-23 14:14:58.982869 (5950) main____ INFO    JasperGold version info
2026-02-23 14:14:58.982888 (5950) main____ INFO      tool      : JasperGold 2021.03
2026-02-23 14:14:58.982897 (5950) main____ INFO      version   : 2021.03 FCS 64 bits
2026-02-23 14:14:58.982903 (5950) main____ INFO      build date: 2021.03.23 02:50:43 UTC
2026-02-23 14:14:58.982907 (5950) main____ INFO    ----------------------------------------
2026-02-23 14:14:58.982911 (5950) main____ INFO    Runtime info:
2026-02-23 14:14:58.982916 (5950) main____ INFO      platform  : Linux 5.14.0-570.84.1.el9_6.x86_64 x86_64
2026-02-23 14:14:58.982923 (5950) main____ INFO      hostname  : della-r3c2n6
2026-02-23 14:14:58.982928 (5950) main____ INFO      pid       : 5950
2026-02-23 14:14:58.982933 (5950) main____ INFO      arguments : '-style' 'windows' '-batch' '-proj' './verification_results/04041/jgproject' '-tcl' './jasper_verif_check.tcl'
2026-02-23 14:14:58.982942 (5950) main____ INFO      locale    : UTF-8
2026-02-23 14:14:58.982946 (5950) main____ INFO    ----------------------------------------
2026-02-23 14:14:58.982950 (5950) main____ INFO    System resource limits info:
2026-02-23 14:14:58.982955 (5950) main____ INFO      virtual memory: unlimited
2026-02-23 14:14:58.982959 (5950) main____ INFO      cpu time      : unlimited
2026-02-23 14:14:58.982964 (5950) main____ INFO      stack size    : unlimited
2026-02-23 14:14:58.982968 (5950) main____ INFO      core file size: unlimited
2026-02-23 14:14:58.982976 (5950) main____ INFO      open files    : 131072
2026-02-23 14:14:58.982981 (5950) main____ INFO      file size     : unlimited
2026-02-23 14:14:58.982985 (5950) main____ INFO    ----------------------------------------
2026-02-23 14:14:58.982989 (5950) main____ INFO    Memory statistics:
2026-02-23 14:14:58.982993 (5950) main____ INFO      total physical memory  : 195972160 kB
2026-02-23 14:14:58.982997 (5950) main____ INFO      free physical memory   : 147108136 kB
2026-02-23 14:14:58.983001 (5950) main____ INFO      committed address space: 57936388 kB
2026-02-23 14:14:58.983005 (5950) main____ INFO    ----------------------------------------
2026-02-23 14:14:58.983994 (5950) main____ INFO    Important environment variables:
2026-02-23 14:14:58.984014 (5950) main____ INFO      JASPER_HOME       : '/usr/licensed/cadence-20210126/jasper_2021.03'
2026-02-23 14:14:58.984020 (5950) main____ INFO      JASPER_INSTALL_DIR: '/scratch/gpfs/LICENSED/x86_64/cadence-20210126/jasper_2021.03'
2026-02-23 14:14:58.984026 (5950) main____ INFO      LANG              : 'en_US.UTF-8'
2026-02-23 14:14:58.984031 (5950) main____ INFO      LM_LICENSE_FILE   : '5280@license.rc.princeton.edu'
2026-02-23 14:14:58.984036 (5950) main____ INFO      TMPDIR            : '/tmp/ab2113/jg_5019092_73'
2026-02-23 14:14:58.984040 (5950) main____ INFO    ----------------------------------------
2026-02-23 14:14:58.984975 (5950) lic_core INFO    Initializing license system ...
2026-02-23 14:14:58.985916 (5950) lic_core INFO    ... license system initialized.
2026-02-23 14:14:58.986738 (5950) lic__man INFO    Claim 'fpv' for <ui>.
2026-02-23 14:14:58.986785 (5950) lic_core INFO    (1) checking out 'jasper_fpv' ...
2026-02-23 14:14:58.992956 (5950) lic_core INFO    ... (1) checkout failed (error: -5) ("FLEXnet ERROR(-5, 0, 0): No such feature exists.")
2026-02-23 14:14:58.993015 (5950) lic_core INFO    (2) checking out 'jasper_fao' ...
2026-02-23 14:14:59.004636 (5950) lic_core INFO    ... (2) checkout succeeded
2026-02-23 14:14:59.020141 (5950) session_ INFO    Starting analysis session with session id 'session_0' (launcher: <local>) ...
2026-02-23 14:14:59.023348 (5950) session_ INFO    Analysis session with session id 'session_0' started (pid: 5958)
2026-02-23 14:14:59.758402 (5950) session_ INFO    Analysis session 'session_0' connected to the console (host: 127.0.0.1:56830)
2026-02-23 14:15:00.343303 (5950) main____ INFO    About to exit: request to exit with status 1 received from analysis session 'session_0'
2026-02-23 14:15:00.423151 (5950) session_ INFO    Analysis session 'session_0' disconnected.
2026-02-23 14:15:00.423290 (5950) lic__man INFO    Unclaim everything for 'session_0'.
2026-02-23 14:15:00.423697 (5950) session_ INFO    Process for analysis session 'session_0' has exited with exit status '1'.
2026-02-23 14:15:02.248435 (5950) lic_core INFO    (2) checkin jasper_fao
2026-02-23 14:15:02.250221 (5950) main____ INFO    Exiting with status 1.
