2026-02-20 17:41:38.199402 (2545019) main____ INFO    ----------------------------------------
2026-02-20 17:41:38.199539 (2545019) main____ INFO    JasperGold version info
2026-02-20 17:41:38.199560 (2545019) main____ INFO      tool      : JasperGold 2021.03
2026-02-20 17:41:38.199571 (2545019) main____ INFO      version   : 2021.03 FCS 64 bits
2026-02-20 17:41:38.199576 (2545019) main____ INFO      build date: 2021.03.23 02:50:43 UTC
2026-02-20 17:41:38.199581 (2545019) main____ INFO    ----------------------------------------
2026-02-20 17:41:38.199585 (2545019) main____ INFO    Runtime info:
2026-02-20 17:41:38.199589 (2545019) main____ INFO      platform  : Linux 5.14.0-570.84.1.el9_6.x86_64 x86_64
2026-02-20 17:41:38.199595 (2545019) main____ INFO      hostname  : della-i13n22
2026-02-20 17:41:38.199600 (2545019) main____ INFO      pid       : 2545019
2026-02-20 17:41:38.199604 (2545019) main____ INFO      arguments : '-style' 'windows' '-batch' '-proj' 'verification_results/00363/jgproject' '-tcl' './jasper_verif_check.tcl'
2026-02-20 17:41:38.199612 (2545019) main____ INFO      locale    : UTF-8
2026-02-20 17:41:38.199616 (2545019) main____ INFO    ----------------------------------------
2026-02-20 17:41:38.199620 (2545019) main____ INFO    System resource limits info:
2026-02-20 17:41:38.199624 (2545019) main____ INFO      virtual memory: unlimited
2026-02-20 17:41:38.199628 (2545019) main____ INFO      cpu time      : unlimited
2026-02-20 17:41:38.199632 (2545019) main____ INFO      stack size    : unlimited
2026-02-20 17:41:38.199636 (2545019) main____ INFO      core file size: unlimited
2026-02-20 17:41:38.199643 (2545019) main____ INFO      open files    : 131072
2026-02-20 17:41:38.199647 (2545019) main____ INFO      file size     : unlimited
2026-02-20 17:41:38.199651 (2545019) main____ INFO    ----------------------------------------
2026-02-20 17:41:38.199654 (2545019) main____ INFO    Memory statistics:
2026-02-20 17:41:38.199659 (2545019) main____ INFO      total physical memory  : 394157548 kB
2026-02-20 17:41:38.199662 (2545019) main____ INFO      free physical memory   : 191420432 kB
2026-02-20 17:41:38.199666 (2545019) main____ INFO      committed address space: 167345984 kB
2026-02-20 17:41:38.199669 (2545019) main____ INFO    ----------------------------------------
2026-02-20 17:41:38.200589 (2545019) main____ INFO    Important environment variables:
2026-02-20 17:41:38.200609 (2545019) main____ INFO      JASPER_HOME       : '/usr/licensed/cadence-20210126/jasper_2021.03'
2026-02-20 17:41:38.200615 (2545019) main____ INFO      JASPER_INSTALL_DIR: '/scratch/gpfs/LICENSED/x86_64/cadence-20210126/jasper_2021.03'
2026-02-20 17:41:38.200621 (2545019) main____ INFO      LANG              : 'en_US.UTF-8'
2026-02-20 17:41:38.200626 (2545019) main____ INFO      LM_LICENSE_FILE   : '5280@license.rc.princeton.edu'
2026-02-20 17:41:38.200630 (2545019) main____ INFO      TMPDIR            : '/tmp'
2026-02-20 17:41:38.200635 (2545019) main____ INFO    ----------------------------------------
2026-02-20 17:41:38.201586 (2545019) lic_core INFO    Initializing license system ...
2026-02-20 17:41:38.202531 (2545019) lic_core INFO    ... license system initialized.
2026-02-20 17:41:38.203380 (2545019) lic__man INFO    Claim 'fpv' for <ui>.
2026-02-20 17:41:38.203439 (2545019) lic_core INFO    (1) checking out 'jasper_fpv' ...
2026-02-20 17:41:38.209274 (2545019) lic_core INFO    ... (1) checkout failed (error: -5) ("FLEXnet ERROR(-5, 0, 0): No such feature exists.")
2026-02-20 17:41:38.209340 (2545019) lic_core INFO    (2) checking out 'jasper_fao' ...
2026-02-20 17:41:38.221071 (2545019) lic_core INFO    ... (2) checkout succeeded
2026-02-20 17:41:38.235971 (2545019) session_ INFO    Starting analysis session with session id 'session_0' (launcher: <local>) ...
2026-02-20 17:41:38.239310 (2545019) session_ INFO    Analysis session with session id 'session_0' started (pid: 2545027)
2026-02-20 17:41:38.991889 (2545019) session_ INFO    Analysis session 'session_0' connected to the console (host: 127.0.0.1:48040)
2026-02-20 17:41:39.835925 (2545019) lic__man INFO    Unclaim everything for 'session_0'.
2026-02-20 17:41:39.884945 (2545019) lic__man INFO    Claim 'fpv' for 'session_0'.
2026-02-20 17:41:39.885019 (2545019) lic__man INFO    Claim 'fpv' for 'session_0/prove-0'.
2026-02-20 17:41:40.012866 (2545019) lic__man INFO    Unclaim everything for 'session_0/prove-0'.
2026-02-20 17:41:40.071498 (2545019) main____ INFO    About to exit: request to exit with status 0 received from analysis session 'session_0'
2026-02-20 17:41:40.192247 (2545019) session_ INFO    Analysis session 'session_0' disconnected.
2026-02-20 17:41:40.192408 (2545019) lic__man INFO    Unclaim everything for 'session_0'.
2026-02-20 17:41:40.193058 (2545019) session_ INFO    Process for analysis session 'session_0' has exited with exit status '0'.
2026-02-20 17:41:42.041434 (2545019) lic_core INFO    (2) checkin jasper_fao
2026-02-20 17:41:42.043167 (2545019) main____ INFO    Exiting with status 0.
