2026-02-17 01:24:40.649570 (2999348) main____ INFO    ----------------------------------------
2026-02-17 01:24:40.649647 (2999348) main____ INFO    JasperGold version info
2026-02-17 01:24:40.649663 (2999348) main____ INFO      tool      : JasperGold 2021.03
2026-02-17 01:24:40.649672 (2999348) main____ INFO      version   : 2021.03 FCS 64 bits
2026-02-17 01:24:40.649677 (2999348) main____ INFO      build date: 2021.03.23 02:50:43 UTC
2026-02-17 01:24:40.649682 (2999348) main____ INFO    ----------------------------------------
2026-02-17 01:24:40.649687 (2999348) main____ INFO    Runtime info:
2026-02-17 01:24:40.649692 (2999348) main____ INFO      platform  : Linux 5.14.0-570.84.1.el9_6.x86_64 x86_64
2026-02-17 01:24:40.649699 (2999348) main____ INFO      hostname  : della9.princeton.edu
2026-02-17 01:24:40.649704 (2999348) main____ INFO      pid       : 2999348
2026-02-17 01:24:40.649709 (2999348) main____ INFO      arguments : '-style' 'windows' '-batch' '-proj' 'verification_results/00012/jgproject' '-tcl' './jasper_verif_check.tcl'
2026-02-17 01:24:40.649718 (2999348) main____ INFO      locale    : UTF-8
2026-02-17 01:24:40.649724 (2999348) main____ INFO    ----------------------------------------
2026-02-17 01:24:40.649728 (2999348) main____ INFO    System resource limits info:
2026-02-17 01:24:40.649733 (2999348) main____ INFO      virtual memory: unlimited
2026-02-17 01:24:40.649738 (2999348) main____ INFO      cpu time      : unlimited
2026-02-17 01:24:40.649743 (2999348) main____ INFO      stack size    : unlimited
2026-02-17 01:24:40.649748 (2999348) main____ INFO      core file size: unlimited
2026-02-17 01:24:40.649756 (2999348) main____ INFO      open files    : 5120
2026-02-17 01:24:40.649767 (2999348) main____ INFO      file size     : unlimited
2026-02-17 01:24:40.649772 (2999348) main____ INFO    ----------------------------------------
2026-02-17 01:24:40.649781 (2999348) main____ INFO    Memory statistics:
2026-02-17 01:24:40.649787 (2999348) main____ INFO      total physical memory  : 1584164336 kB
2026-02-17 01:24:40.649792 (2999348) main____ INFO      free physical memory   : 748557928 kB
2026-02-17 01:24:40.649796 (2999348) main____ INFO      committed address space: 950022864 kB
2026-02-17 01:24:40.649801 (2999348) main____ INFO    ----------------------------------------
2026-02-17 01:24:40.650193 (2999348) main____ INFO    Important environment variables:
2026-02-17 01:24:40.650204 (2999348) main____ INFO      JASPER_INSTALL_DIR: '/usr/licensed/cadence-20210126/jasper_2021.03'
2026-02-17 01:24:40.650212 (2999348) main____ INFO      LANG              : 'en_US.UTF-8'
2026-02-17 01:24:40.650218 (2999348) main____ INFO      LM_LICENSE_FILE   : '5280@license.rc.princeton.edu'
2026-02-17 01:24:40.650224 (2999348) main____ INFO    ----------------------------------------
2026-02-17 01:24:40.651327 (2999348) lic_core INFO    Initializing license system ...
2026-02-17 01:24:40.651744 (2999348) lic_core INFO    ... license system initialized.
2026-02-17 01:24:40.653003 (2999348) lic__man INFO    Claim 'fpv' for <ui>.
2026-02-17 01:24:40.653029 (2999348) lic_core INFO    (1) checking out 'jasper_fpv' ...
2026-02-17 01:24:40.657987 (2999348) lic_core INFO    ... (1) checkout failed (error: -5) ("FLEXnet ERROR(-5, 0, 0): No such feature exists.")
2026-02-17 01:24:40.658011 (2999348) lic_core INFO    (2) checking out 'jasper_fao' ...
2026-02-17 01:24:40.666564 (2999348) lic_core INFO    ... (2) checkout succeeded
2026-02-17 01:24:40.680518 (2999348) session_ INFO    Starting analysis session with session id 'session_0' (launcher: <local>) ...
2026-02-17 01:24:40.682051 (2999348) session_ INFO    Analysis session with session id 'session_0' started (pid: 3000241)
2026-02-17 01:24:41.208757 (2999348) session_ INFO    Analysis session 'session_0' connected to the console (host: 127.0.0.1:35894)
2026-02-17 01:24:41.675881 (2999348) main____ INFO    About to exit: request to exit with status 1 received from analysis session 'session_0'
2026-02-17 01:24:41.728246 (2999348) session_ INFO    Analysis session 'session_0' disconnected.
2026-02-17 01:24:41.728355 (2999348) lic__man INFO    Unclaim everything for 'session_0'.
2026-02-17 01:24:41.728516 (2999348) session_ INFO    Process for analysis session 'session_0' has exited with exit status '1'.
2026-02-17 01:24:43.578529 (2999348) lic_core INFO    (2) checkin jasper_fao
2026-02-17 01:24:43.580202 (2999348) main____ INFO    Exiting with status 1.
