2026-02-23 13:38:18.346264 (1439080) main____ INFO    ----------------------------------------
2026-02-23 13:38:18.346348 (1439080) main____ INFO    JasperGold version info
2026-02-23 13:38:18.346363 (1439080) main____ INFO      tool      : JasperGold 2021.03
2026-02-23 13:38:18.346372 (1439080) main____ INFO      version   : 2021.03 FCS 64 bits
2026-02-23 13:38:18.346378 (1439080) main____ INFO      build date: 2021.03.23 02:50:43 UTC
2026-02-23 13:38:18.346384 (1439080) main____ INFO    ----------------------------------------
2026-02-23 13:38:18.346389 (1439080) main____ INFO    Runtime info:
2026-02-23 13:38:18.346395 (1439080) main____ INFO      platform  : Linux 5.14.0-570.84.1.el9_6.x86_64 x86_64
2026-02-23 13:38:18.346401 (1439080) main____ INFO      hostname  : della-h14n5
2026-02-23 13:38:18.346407 (1439080) main____ INFO      pid       : 1439080
2026-02-23 13:38:18.346412 (1439080) main____ INFO      arguments : '-style' 'windows' '-batch' '-proj' './verification_results/00582/jgproject' '-tcl' './jasper_verif_check.tcl'
2026-02-23 13:38:18.346421 (1439080) main____ INFO      locale    : UTF-8
2026-02-23 13:38:18.346437 (1439080) main____ INFO    ----------------------------------------
2026-02-23 13:38:18.346442 (1439080) main____ INFO    System resource limits info:
2026-02-23 13:38:18.346448 (1439080) main____ INFO      virtual memory: unlimited
2026-02-23 13:38:18.346454 (1439080) main____ INFO      cpu time      : unlimited
2026-02-23 13:38:18.346460 (1439080) main____ INFO      stack size    : unlimited
2026-02-23 13:38:18.346465 (1439080) main____ INFO      core file size: unlimited
2026-02-23 13:38:18.346473 (1439080) main____ INFO      open files    : 131072
2026-02-23 13:38:18.346478 (1439080) main____ INFO      file size     : unlimited
2026-02-23 13:38:18.346483 (1439080) main____ INFO    ----------------------------------------
2026-02-23 13:38:18.346489 (1439080) main____ INFO    Memory statistics:
2026-02-23 13:38:18.346495 (1439080) main____ INFO      total physical memory  : 1584164368 kB
2026-02-23 13:38:18.346500 (1439080) main____ INFO      free physical memory   : 701802828 kB
2026-02-23 13:38:18.346506 (1439080) main____ INFO      committed address space: 534258440 kB
2026-02-23 13:38:18.346511 (1439080) main____ INFO    ----------------------------------------
2026-02-23 13:38:18.347054 (1439080) main____ INFO    Important environment variables:
2026-02-23 13:38:18.347069 (1439080) main____ INFO      JASPER_HOME       : '/usr/licensed/cadence-20210126/jasper_2021.03'
2026-02-23 13:38:18.347076 (1439080) main____ INFO      JASPER_INSTALL_DIR: '/scratch/gpfs/LICENSED/x86_64/cadence-20210126/jasper_2021.03'
2026-02-23 13:38:18.347082 (1439080) main____ INFO      LANG              : 'en_US.UTF-8'
2026-02-23 13:38:18.347089 (1439080) main____ INFO      LM_LICENSE_FILE   : '5280@license.rc.princeton.edu'
2026-02-23 13:38:18.347096 (1439080) main____ INFO      TMPDIR            : '/tmp/ab2113/jg_5018706_4'
2026-02-23 13:38:18.347101 (1439080) main____ INFO    ----------------------------------------
2026-02-23 13:38:18.347640 (1439080) lic_core INFO    Initializing license system ...
2026-02-23 13:38:18.348220 (1439080) lic_core INFO    ... license system initialized.
2026-02-23 13:38:18.349046 (1439080) lic__man INFO    Claim 'fpv' for <ui>.
2026-02-23 13:38:18.349082 (1439080) lic_core INFO    (1) checking out 'jasper_fpv' ...
2026-02-23 13:38:18.355377 (1439080) lic_core INFO    ... (1) checkout failed (error: -5) ("FLEXnet ERROR(-5, 0, 0): No such feature exists.")
2026-02-23 13:38:18.355407 (1439080) lic_core INFO    (2) checking out 'jasper_fao' ...
2026-02-23 13:38:18.364945 (1439080) lic_core INFO    ... (2) checkout succeeded
2026-02-23 13:38:18.377178 (1439080) session_ INFO    Starting analysis session with session id 'session_0' (launcher: <local>) ...
2026-02-23 13:38:18.380384 (1439080) session_ INFO    Analysis session with session id 'session_0' started (pid: 1439088)
2026-02-23 13:38:19.028927 (1439080) session_ INFO    Analysis session 'session_0' connected to the console (host: 127.0.0.1:52788)
2026-02-23 13:38:19.823131 (1439080) lic__man INFO    Unclaim everything for 'session_0'.
2026-02-23 13:38:19.858677 (1439080) lic__man INFO    Claim 'fpv' for 'session_0'.
2026-02-23 13:38:19.858718 (1439080) lic__man INFO    Claim 'fpv' for 'session_0/prove-0'.
2026-02-23 13:38:20.024336 (1439080) lic__man INFO    Unclaim everything for 'session_0/prove-0'.
2026-02-23 13:38:20.078537 (1439080) main____ INFO    About to exit: request to exit with status 0 received from analysis session 'session_0'
2026-02-23 13:38:20.142924 (1439080) session_ INFO    Analysis session 'session_0' disconnected.
2026-02-23 13:38:20.143075 (1439080) lic__man INFO    Unclaim everything for 'session_0'.
2026-02-23 13:38:20.143721 (1439080) session_ INFO    Process for analysis session 'session_0' has exited with exit status '0'.
2026-02-23 13:38:22.085160 (1439080) lic_core INFO    (2) checkin jasper_fao
2026-02-23 13:38:22.086543 (1439080) main____ INFO    Exiting with status 0.
