2026-02-23 13:39:07.830653 (1447256) main____ INFO    ----------------------------------------
2026-02-23 13:39:07.830734 (1447256) main____ INFO    JasperGold version info
2026-02-23 13:39:07.830751 (1447256) main____ INFO      tool      : JasperGold 2021.03
2026-02-23 13:39:07.830760 (1447256) main____ INFO      version   : 2021.03 FCS 64 bits
2026-02-23 13:39:07.830766 (1447256) main____ INFO      build date: 2021.03.23 02:50:43 UTC
2026-02-23 13:39:07.830772 (1447256) main____ INFO    ----------------------------------------
2026-02-23 13:39:07.830778 (1447256) main____ INFO    Runtime info:
2026-02-23 13:39:07.830783 (1447256) main____ INFO      platform  : Linux 5.14.0-570.84.1.el9_6.x86_64 x86_64
2026-02-23 13:39:07.830789 (1447256) main____ INFO      hostname  : della-h14n5
2026-02-23 13:39:07.830795 (1447256) main____ INFO      pid       : 1447256
2026-02-23 13:39:07.830800 (1447256) main____ INFO      arguments : '-style' 'windows' '-batch' '-proj' './verification_results/01016/jgproject' '-tcl' './jasper_verif_check.tcl'
2026-02-23 13:39:07.830809 (1447256) main____ INFO      locale    : UTF-8
2026-02-23 13:39:07.830815 (1447256) main____ INFO    ----------------------------------------
2026-02-23 13:39:07.830820 (1447256) main____ INFO    System resource limits info:
2026-02-23 13:39:07.830827 (1447256) main____ INFO      virtual memory: unlimited
2026-02-23 13:39:07.830831 (1447256) main____ INFO      cpu time      : unlimited
2026-02-23 13:39:07.830836 (1447256) main____ INFO      stack size    : unlimited
2026-02-23 13:39:07.830841 (1447256) main____ INFO      core file size: unlimited
2026-02-23 13:39:07.830850 (1447256) main____ INFO      open files    : 131072
2026-02-23 13:39:07.830856 (1447256) main____ INFO      file size     : unlimited
2026-02-23 13:39:07.830861 (1447256) main____ INFO    ----------------------------------------
2026-02-23 13:39:07.830865 (1447256) main____ INFO    Memory statistics:
2026-02-23 13:39:07.830871 (1447256) main____ INFO      total physical memory  : 1584164368 kB
2026-02-23 13:39:07.830876 (1447256) main____ INFO      free physical memory   : 702729404 kB
2026-02-23 13:39:07.830881 (1447256) main____ INFO      committed address space: 535049468 kB
2026-02-23 13:39:07.830885 (1447256) main____ INFO    ----------------------------------------
2026-02-23 13:39:07.831435 (1447256) main____ INFO    Important environment variables:
2026-02-23 13:39:07.831450 (1447256) main____ INFO      JASPER_HOME       : '/usr/licensed/cadence-20210126/jasper_2021.03'
2026-02-23 13:39:07.831458 (1447256) main____ INFO      JASPER_INSTALL_DIR: '/scratch/gpfs/LICENSED/x86_64/cadence-20210126/jasper_2021.03'
2026-02-23 13:39:07.831464 (1447256) main____ INFO      LANG              : 'en_US.UTF-8'
2026-02-23 13:39:07.831470 (1447256) main____ INFO      LM_LICENSE_FILE   : '5280@license.rc.princeton.edu'
2026-02-23 13:39:07.831476 (1447256) main____ INFO      TMPDIR            : '/tmp/ab2113/jg_5018816_13'
2026-02-23 13:39:07.831481 (1447256) main____ INFO    ----------------------------------------
2026-02-23 13:39:07.832022 (1447256) lic_core INFO    Initializing license system ...
2026-02-23 13:39:07.832604 (1447256) lic_core INFO    ... license system initialized.
2026-02-23 13:39:07.833424 (1447256) lic__man INFO    Claim 'fpv' for <ui>.
2026-02-23 13:39:07.833467 (1447256) lic_core INFO    (1) checking out 'jasper_fpv' ...
2026-02-23 13:39:07.839444 (1447256) lic_core INFO    ... (1) checkout failed (error: -5) ("FLEXnet ERROR(-5, 0, 0): No such feature exists.")
2026-02-23 13:39:07.839477 (1447256) lic_core INFO    (2) checking out 'jasper_fao' ...
2026-02-23 13:39:07.848419 (1447256) lic_core INFO    ... (2) checkout succeeded
2026-02-23 13:39:07.860141 (1447256) session_ INFO    Starting analysis session with session id 'session_0' (launcher: <local>) ...
2026-02-23 13:39:07.863420 (1447256) session_ INFO    Analysis session with session id 'session_0' started (pid: 1447265)
2026-02-23 13:39:08.475466 (1447256) session_ INFO    Analysis session 'session_0' connected to the console (host: 127.0.0.1:38998)
2026-02-23 13:39:08.988530 (1447256) main____ INFO    About to exit: request to exit with status 1 received from analysis session 'session_0'
2026-02-23 13:39:09.044009 (1447256) session_ INFO    Analysis session 'session_0' disconnected.
2026-02-23 13:39:09.044157 (1447256) lic__man INFO    Unclaim everything for 'session_0'.
2026-02-23 13:39:09.044969 (1447256) session_ INFO    Process for analysis session 'session_0' has exited with exit status '1'.
2026-02-23 13:39:11.082321 (1447256) lic_core INFO    (2) checkin jasper_fao
2026-02-23 13:39:11.083821 (1447256) main____ INFO    Exiting with status 1.
