2026-02-23 14:12:30.707711 (1806455) main____ INFO    ----------------------------------------
2026-02-23 14:12:30.707778 (1806455) main____ INFO    JasperGold version info
2026-02-23 14:12:30.707794 (1806455) main____ INFO      tool      : JasperGold 2021.03
2026-02-23 14:12:30.707802 (1806455) main____ INFO      version   : 2021.03 FCS 64 bits
2026-02-23 14:12:30.707807 (1806455) main____ INFO      build date: 2021.03.23 02:50:43 UTC
2026-02-23 14:12:30.707812 (1806455) main____ INFO    ----------------------------------------
2026-02-23 14:12:30.707817 (1806455) main____ INFO    Runtime info:
2026-02-23 14:12:30.707822 (1806455) main____ INFO      platform  : Linux 5.14.0-570.84.1.el9_6.x86_64 x86_64
2026-02-23 14:12:30.707828 (1806455) main____ INFO      hostname  : della-h14n7
2026-02-23 14:12:30.707833 (1806455) main____ INFO      pid       : 1806455
2026-02-23 14:12:30.707838 (1806455) main____ INFO      arguments : '-style' 'windows' '-batch' '-proj' './verification_results/03763/jgproject' '-tcl' './jasper_verif_check.tcl'
2026-02-23 14:12:30.707846 (1806455) main____ INFO      locale    : UTF-8
2026-02-23 14:12:30.707851 (1806455) main____ INFO    ----------------------------------------
2026-02-23 14:12:30.707855 (1806455) main____ INFO    System resource limits info:
2026-02-23 14:12:30.707860 (1806455) main____ INFO      virtual memory: unlimited
2026-02-23 14:12:30.707865 (1806455) main____ INFO      cpu time      : unlimited
2026-02-23 14:12:30.707870 (1806455) main____ INFO      stack size    : unlimited
2026-02-23 14:12:30.707875 (1806455) main____ INFO      core file size: unlimited
2026-02-23 14:12:30.707881 (1806455) main____ INFO      open files    : 131072
2026-02-23 14:12:30.707886 (1806455) main____ INFO      file size     : unlimited
2026-02-23 14:12:30.707891 (1806455) main____ INFO    ----------------------------------------
2026-02-23 14:12:30.707896 (1806455) main____ INFO    Memory statistics:
2026-02-23 14:12:30.707901 (1806455) main____ INFO      total physical memory  : 1584164356 kB
2026-02-23 14:12:30.707906 (1806455) main____ INFO      free physical memory   : 817539968 kB
2026-02-23 14:12:30.707910 (1806455) main____ INFO      committed address space: 595983136 kB
2026-02-23 14:12:30.707915 (1806455) main____ INFO    ----------------------------------------
2026-02-23 14:12:30.708430 (1806455) main____ INFO    Important environment variables:
2026-02-23 14:12:30.708442 (1806455) main____ INFO      JASPER_HOME       : '/usr/licensed/cadence-20210126/jasper_2021.03'
2026-02-23 14:12:30.708448 (1806455) main____ INFO      JASPER_INSTALL_DIR: '/scratch/gpfs/LICENSED/x86_64/cadence-20210126/jasper_2021.03'
2026-02-23 14:12:30.708454 (1806455) main____ INFO      LANG              : 'en_US.UTF-8'
2026-02-23 14:12:30.708459 (1806455) main____ INFO      LM_LICENSE_FILE   : '5280@license.rc.princeton.edu'
2026-02-23 14:12:30.708464 (1806455) main____ INFO      TMPDIR            : '/tmp/ab2113/jg_5019054_67'
2026-02-23 14:12:30.708469 (1806455) main____ INFO    ----------------------------------------
2026-02-23 14:12:30.708856 (1806455) lic_core INFO    Initializing license system ...
2026-02-23 14:12:30.709362 (1806455) lic_core INFO    ... license system initialized.
2026-02-23 14:12:30.710135 (1806455) lic__man INFO    Claim 'fpv' for <ui>.
2026-02-23 14:12:30.710165 (1806455) lic_core INFO    (1) checking out 'jasper_fpv' ...
2026-02-23 14:12:30.715150 (1806455) lic_core INFO    ... (1) checkout failed (error: -5) ("FLEXnet ERROR(-5, 0, 0): No such feature exists.")
2026-02-23 14:12:30.715175 (1806455) lic_core INFO    (2) checking out 'jasper_fao' ...
2026-02-23 14:12:30.723741 (1806455) lic_core INFO    ... (2) checkout succeeded
2026-02-23 14:12:30.735258 (1806455) session_ INFO    Starting analysis session with session id 'session_0' (launcher: <local>) ...
2026-02-23 14:12:30.737753 (1806455) session_ INFO    Analysis session with session id 'session_0' started (pid: 1806515)
2026-02-23 14:12:31.233875 (1806455) session_ INFO    Analysis session 'session_0' connected to the console (host: 127.0.0.1:51196)
2026-02-23 14:12:32.011314 (1806455) main____ INFO    About to exit: request to exit with status 1 received from analysis session 'session_0'
2026-02-23 14:12:32.058174 (1806455) session_ INFO    Analysis session 'session_0' disconnected.
2026-02-23 14:12:32.058294 (1806455) lic__man INFO    Unclaim everything for 'session_0'.
2026-02-23 14:12:32.059144 (1806455) session_ INFO    Process for analysis session 'session_0' has exited with exit status '1'.
2026-02-23 14:12:34.077730 (1806455) lic_core INFO    (2) checkin jasper_fao
2026-02-23 14:12:34.079080 (1806455) main____ INFO    Exiting with status 1.
