2026-02-23 13:55:25.339463 (1956624) main____ INFO    ----------------------------------------
2026-02-23 13:55:25.339562 (1956624) main____ INFO    JasperGold version info
2026-02-23 13:55:25.339578 (1956624) main____ INFO      tool      : JasperGold 2021.03
2026-02-23 13:55:25.339587 (1956624) main____ INFO      version   : 2021.03 FCS 64 bits
2026-02-23 13:55:25.339592 (1956624) main____ INFO      build date: 2021.03.23 02:50:43 UTC
2026-02-23 13:55:25.339596 (1956624) main____ INFO    ----------------------------------------
2026-02-23 13:55:25.339600 (1956624) main____ INFO    Runtime info:
2026-02-23 13:55:25.339605 (1956624) main____ INFO      platform  : Linux 5.14.0-570.84.1.el9_6.x86_64 x86_64
2026-02-23 13:55:25.339611 (1956624) main____ INFO      hostname  : della-r3c1n5
2026-02-23 13:55:25.339615 (1956624) main____ INFO      pid       : 1956624
2026-02-23 13:55:25.339620 (1956624) main____ INFO      arguments : '-style' 'windows' '-batch' '-proj' './verification_results/03946/jgproject' '-tcl' './jasper_verif_check.tcl'
2026-02-23 13:55:25.339628 (1956624) main____ INFO      locale    : UTF-8
2026-02-23 13:55:25.339633 (1956624) main____ INFO    ----------------------------------------
2026-02-23 13:55:25.339637 (1956624) main____ INFO    System resource limits info:
2026-02-23 13:55:25.339641 (1956624) main____ INFO      virtual memory: unlimited
2026-02-23 13:55:25.339645 (1956624) main____ INFO      cpu time      : unlimited
2026-02-23 13:55:25.339650 (1956624) main____ INFO      stack size    : unlimited
2026-02-23 13:55:25.339654 (1956624) main____ INFO      core file size: unlimited
2026-02-23 13:55:25.339661 (1956624) main____ INFO      open files    : 131072
2026-02-23 13:55:25.339665 (1956624) main____ INFO      file size     : unlimited
2026-02-23 13:55:25.339669 (1956624) main____ INFO    ----------------------------------------
2026-02-23 13:55:25.339673 (1956624) main____ INFO    Memory statistics:
2026-02-23 13:55:25.339678 (1956624) main____ INFO      total physical memory  : 195972056 kB
2026-02-23 13:55:25.339682 (1956624) main____ INFO      free physical memory   : 133957644 kB
2026-02-23 13:55:25.339686 (1956624) main____ INFO      committed address space: 57012808 kB
2026-02-23 13:55:25.339690 (1956624) main____ INFO    ----------------------------------------
2026-02-23 13:55:25.340684 (1956624) main____ INFO    Important environment variables:
2026-02-23 13:55:25.340707 (1956624) main____ INFO      JASPER_HOME       : '/usr/licensed/cadence-20210126/jasper_2021.03'
2026-02-23 13:55:25.340713 (1956624) main____ INFO      JASPER_INSTALL_DIR: '/scratch/gpfs/LICENSED/x86_64/cadence-20210126/jasper_2021.03'
2026-02-23 13:55:25.340719 (1956624) main____ INFO      LANG              : 'en_US.UTF-8'
2026-02-23 13:55:25.340724 (1956624) main____ INFO      LM_LICENSE_FILE   : '5280@license.rc.princeton.edu'
2026-02-23 13:55:25.340729 (1956624) main____ INFO      TMPDIR            : '/tmp/ab2113/jg_5019080_71'
2026-02-23 13:55:25.340734 (1956624) main____ INFO    ----------------------------------------
2026-02-23 13:55:25.341609 (1956624) lic_core INFO    Initializing license system ...
2026-02-23 13:55:25.342448 (1956624) lic_core INFO    ... license system initialized.
2026-02-23 13:55:25.343217 (1956624) lic__man INFO    Claim 'fpv' for <ui>.
2026-02-23 13:55:25.343256 (1956624) lic_core INFO    (1) checking out 'jasper_fpv' ...
2026-02-23 13:55:25.348997 (1956624) lic_core INFO    ... (1) checkout failed (error: -5) ("FLEXnet ERROR(-5, 0, 0): No such feature exists.")
2026-02-23 13:55:25.349051 (1956624) lic_core INFO    (2) checking out 'jasper_fao' ...
2026-02-23 13:55:25.360249 (1956624) lic_core INFO    ... (2) checkout succeeded
2026-02-23 13:55:25.375413 (1956624) session_ INFO    Starting analysis session with session id 'session_0' (launcher: <local>) ...
2026-02-23 13:55:25.378567 (1956624) session_ INFO    Analysis session with session id 'session_0' started (pid: 1956632)
2026-02-23 13:55:26.082645 (1956624) session_ INFO    Analysis session 'session_0' connected to the console (host: 127.0.0.1:51882)
2026-02-23 13:55:26.666235 (1956624) main____ INFO    About to exit: request to exit with status 1 received from analysis session 'session_0'
2026-02-23 13:55:26.742207 (1956624) session_ INFO    Analysis session 'session_0' disconnected.
2026-02-23 13:55:26.742339 (1956624) lic__man INFO    Unclaim everything for 'session_0'.
2026-02-23 13:55:26.742716 (1956624) session_ INFO    Process for analysis session 'session_0' has exited with exit status '1'.
2026-02-23 13:55:28.593584 (1956624) lic_core INFO    (2) checkin jasper_fao
2026-02-23 13:55:28.595260 (1956624) main____ INFO    Exiting with status 1.
