2026-02-23 13:54:11.907096 (1954888) main____ INFO    ----------------------------------------
2026-02-23 13:54:11.907202 (1954888) main____ INFO    JasperGold version info
2026-02-23 13:54:11.907219 (1954888) main____ INFO      tool      : JasperGold 2021.03
2026-02-23 13:54:11.907228 (1954888) main____ INFO      version   : 2021.03 FCS 64 bits
2026-02-23 13:54:11.907233 (1954888) main____ INFO      build date: 2021.03.23 02:50:43 UTC
2026-02-23 13:54:11.907238 (1954888) main____ INFO    ----------------------------------------
2026-02-23 13:54:11.907242 (1954888) main____ INFO    Runtime info:
2026-02-23 13:54:11.907247 (1954888) main____ INFO      platform  : Linux 5.14.0-570.84.1.el9_6.x86_64 x86_64
2026-02-23 13:54:11.907253 (1954888) main____ INFO      hostname  : della-r3c1n5
2026-02-23 13:54:11.907258 (1954888) main____ INFO      pid       : 1954888
2026-02-23 13:54:11.907262 (1954888) main____ INFO      arguments : '-style' 'windows' '-batch' '-proj' './verification_results/03927/jgproject' '-tcl' './jasper_verif_check.tcl'
2026-02-23 13:54:11.907271 (1954888) main____ INFO      locale    : UTF-8
2026-02-23 13:54:11.907275 (1954888) main____ INFO    ----------------------------------------
2026-02-23 13:54:11.907279 (1954888) main____ INFO    System resource limits info:
2026-02-23 13:54:11.907283 (1954888) main____ INFO      virtual memory: unlimited
2026-02-23 13:54:11.907288 (1954888) main____ INFO      cpu time      : unlimited
2026-02-23 13:54:11.907292 (1954888) main____ INFO      stack size    : unlimited
2026-02-23 13:54:11.907297 (1954888) main____ INFO      core file size: unlimited
2026-02-23 13:54:11.907304 (1954888) main____ INFO      open files    : 131072
2026-02-23 13:54:11.907308 (1954888) main____ INFO      file size     : unlimited
2026-02-23 13:54:11.907312 (1954888) main____ INFO    ----------------------------------------
2026-02-23 13:54:11.907316 (1954888) main____ INFO    Memory statistics:
2026-02-23 13:54:11.907321 (1954888) main____ INFO      total physical memory  : 195972056 kB
2026-02-23 13:54:11.907325 (1954888) main____ INFO      free physical memory   : 134052184 kB
2026-02-23 13:54:11.907330 (1954888) main____ INFO      committed address space: 56857676 kB
2026-02-23 13:54:11.907334 (1954888) main____ INFO    ----------------------------------------
2026-02-23 13:54:11.908335 (1954888) main____ INFO    Important environment variables:
2026-02-23 13:54:11.908351 (1954888) main____ INFO      JASPER_HOME       : '/usr/licensed/cadence-20210126/jasper_2021.03'
2026-02-23 13:54:11.908358 (1954888) main____ INFO      JASPER_INSTALL_DIR: '/scratch/gpfs/LICENSED/x86_64/cadence-20210126/jasper_2021.03'
2026-02-23 13:54:11.908363 (1954888) main____ INFO      LANG              : 'en_US.UTF-8'
2026-02-23 13:54:11.908368 (1954888) main____ INFO      LM_LICENSE_FILE   : '5280@license.rc.princeton.edu'
2026-02-23 13:54:11.908373 (1954888) main____ INFO      TMPDIR            : '/tmp/ab2113/jg_5019080_71'
2026-02-23 13:54:11.908378 (1954888) main____ INFO    ----------------------------------------
2026-02-23 13:54:11.909238 (1954888) lic_core INFO    Initializing license system ...
2026-02-23 13:54:11.910063 (1954888) lic_core INFO    ... license system initialized.
2026-02-23 13:54:11.910841 (1954888) lic__man INFO    Claim 'fpv' for <ui>.
2026-02-23 13:54:11.910880 (1954888) lic_core INFO    (1) checking out 'jasper_fpv' ...
2026-02-23 13:54:11.916531 (1954888) lic_core INFO    ... (1) checkout failed (error: -5) ("FLEXnet ERROR(-5, 0, 0): No such feature exists.")
2026-02-23 13:54:11.916575 (1954888) lic_core INFO    (2) checking out 'jasper_fao' ...
2026-02-23 13:54:11.926977 (1954888) lic_core INFO    ... (2) checkout succeeded
2026-02-23 13:54:11.942185 (1954888) session_ INFO    Starting analysis session with session id 'session_0' (launcher: <local>) ...
2026-02-23 13:54:11.945408 (1954888) session_ INFO    Analysis session with session id 'session_0' started (pid: 1954896)
2026-02-23 13:54:12.652038 (1954888) session_ INFO    Analysis session 'session_0' connected to the console (host: 127.0.0.1:39476)
2026-02-23 13:54:13.529244 (1954888) main____ INFO    About to exit: request to exit with status 1 received from analysis session 'session_0'
2026-02-23 13:54:13.603311 (1954888) session_ INFO    Analysis session 'session_0' disconnected.
2026-02-23 13:54:13.603434 (1954888) lic__man INFO    Unclaim everything for 'session_0'.
2026-02-23 13:54:13.603807 (1954888) session_ INFO    Process for analysis session 'session_0' has exited with exit status '1'.
2026-02-23 13:54:15.595499 (1954888) lic_core INFO    (2) checkin jasper_fao
2026-02-23 13:54:15.596879 (1954888) main____ INFO    Exiting with status 1.
