2026-02-23 13:41:54.831556 (1941773) main____ INFO    ----------------------------------------
2026-02-23 13:41:54.831640 (1941773) main____ INFO    JasperGold version info
2026-02-23 13:41:54.831657 (1941773) main____ INFO      tool      : JasperGold 2021.03
2026-02-23 13:41:54.831664 (1941773) main____ INFO      version   : 2021.03 FCS 64 bits
2026-02-23 13:41:54.831669 (1941773) main____ INFO      build date: 2021.03.23 02:50:43 UTC
2026-02-23 13:41:54.831674 (1941773) main____ INFO    ----------------------------------------
2026-02-23 13:41:54.831678 (1941773) main____ INFO    Runtime info:
2026-02-23 13:41:54.831683 (1941773) main____ INFO      platform  : Linux 5.14.0-570.84.1.el9_6.x86_64 x86_64
2026-02-23 13:41:54.831688 (1941773) main____ INFO      hostname  : della-r3c1n5
2026-02-23 13:41:54.831693 (1941773) main____ INFO      pid       : 1941773
2026-02-23 13:41:54.831697 (1941773) main____ INFO      arguments : '-style' 'windows' '-batch' '-proj' './verification_results/01342/jgproject' '-tcl' './jasper_verif_check.tcl'
2026-02-23 13:41:54.831706 (1941773) main____ INFO      locale    : UTF-8
2026-02-23 13:41:54.831710 (1941773) main____ INFO    ----------------------------------------
2026-02-23 13:41:54.831714 (1941773) main____ INFO    System resource limits info:
2026-02-23 13:41:54.831718 (1941773) main____ INFO      virtual memory: unlimited
2026-02-23 13:41:54.831722 (1941773) main____ INFO      cpu time      : unlimited
2026-02-23 13:41:54.831727 (1941773) main____ INFO      stack size    : unlimited
2026-02-23 13:41:54.831731 (1941773) main____ INFO      core file size: unlimited
2026-02-23 13:41:54.831737 (1941773) main____ INFO      open files    : 131072
2026-02-23 13:41:54.831742 (1941773) main____ INFO      file size     : unlimited
2026-02-23 13:41:54.831746 (1941773) main____ INFO    ----------------------------------------
2026-02-23 13:41:54.831750 (1941773) main____ INFO    Memory statistics:
2026-02-23 13:41:54.831755 (1941773) main____ INFO      total physical memory  : 195972056 kB
2026-02-23 13:41:54.831760 (1941773) main____ INFO      free physical memory   : 112020672 kB
2026-02-23 13:41:54.831764 (1941773) main____ INFO      committed address space: 51372628 kB
2026-02-23 13:41:54.831768 (1941773) main____ INFO    ----------------------------------------
2026-02-23 13:41:54.832719 (1941773) main____ INFO    Important environment variables:
2026-02-23 13:41:54.832733 (1941773) main____ INFO      JASPER_HOME       : '/usr/licensed/cadence-20210126/jasper_2021.03'
2026-02-23 13:41:54.832739 (1941773) main____ INFO      JASPER_INSTALL_DIR: '/scratch/gpfs/LICENSED/x86_64/cadence-20210126/jasper_2021.03'
2026-02-23 13:41:54.832744 (1941773) main____ INFO      LANG              : 'en_US.UTF-8'
2026-02-23 13:41:54.832749 (1941773) main____ INFO      LM_LICENSE_FILE   : '5280@license.rc.princeton.edu'
2026-02-23 13:41:54.832754 (1941773) main____ INFO      TMPDIR            : '/tmp/ab2113/jg_5018833_19'
2026-02-23 13:41:54.832759 (1941773) main____ INFO    ----------------------------------------
2026-02-23 13:41:54.833586 (1941773) lic_core INFO    Initializing license system ...
2026-02-23 13:41:54.834394 (1941773) lic_core INFO    ... license system initialized.
2026-02-23 13:41:54.835135 (1941773) lic__man INFO    Claim 'fpv' for <ui>.
2026-02-23 13:41:54.835172 (1941773) lic_core INFO    (1) checking out 'jasper_fpv' ...
2026-02-23 13:41:54.840522 (1941773) lic_core INFO    ... (1) checkout failed (error: -5) ("FLEXnet ERROR(-5, 0, 0): No such feature exists.")
2026-02-23 13:41:54.840569 (1941773) lic_core INFO    (2) checking out 'jasper_fao' ...
2026-02-23 13:41:54.850857 (1941773) lic_core INFO    ... (2) checkout succeeded
2026-02-23 13:41:54.865527 (1941773) session_ INFO    Starting analysis session with session id 'session_0' (launcher: <local>) ...
2026-02-23 13:41:54.868603 (1941773) session_ INFO    Analysis session with session id 'session_0' started (pid: 1941781)
2026-02-23 13:41:55.557920 (1941773) session_ INFO    Analysis session 'session_0' connected to the console (host: 127.0.0.1:41006)
2026-02-23 13:41:56.127214 (1941773) main____ INFO    About to exit: request to exit with status 1 received from analysis session 'session_0'
2026-02-23 13:41:56.201509 (1941773) session_ INFO    Analysis session 'session_0' disconnected.
2026-02-23 13:41:56.201642 (1941773) lic__man INFO    Unclaim everything for 'session_0'.
2026-02-23 13:41:56.202175 (1941773) session_ INFO    Process for analysis session 'session_0' has exited with exit status '1'.
2026-02-23 13:41:58.094652 (1941773) lic_core INFO    (2) checkin jasper_fao
2026-02-23 13:41:58.095800 (1941773) main____ INFO    Exiting with status 1.
