2026-02-23 13:49:31.837753 (1951759) main____ INFO    ----------------------------------------
2026-02-23 13:49:31.837828 (1951759) main____ INFO    JasperGold version info
2026-02-23 13:49:31.837845 (1951759) main____ INFO      tool      : JasperGold 2021.03
2026-02-23 13:49:31.837853 (1951759) main____ INFO      version   : 2021.03 FCS 64 bits
2026-02-23 13:49:31.837858 (1951759) main____ INFO      build date: 2021.03.23 02:50:43 UTC
2026-02-23 13:49:31.837863 (1951759) main____ INFO    ----------------------------------------
2026-02-23 13:49:31.837867 (1951759) main____ INFO    Runtime info:
2026-02-23 13:49:31.837871 (1951759) main____ INFO      platform  : Linux 5.14.0-570.84.1.el9_6.x86_64 x86_64
2026-02-23 13:49:31.837877 (1951759) main____ INFO      hostname  : della-r3c1n5
2026-02-23 13:49:31.837882 (1951759) main____ INFO      pid       : 1951759
2026-02-23 13:49:31.837887 (1951759) main____ INFO      arguments : '-style' 'windows' '-batch' '-proj' './verification_results/02847/jgproject' '-tcl' './jasper_verif_check.tcl'
2026-02-23 13:49:31.837895 (1951759) main____ INFO      locale    : UTF-8
2026-02-23 13:49:31.837900 (1951759) main____ INFO    ----------------------------------------
2026-02-23 13:49:31.837904 (1951759) main____ INFO    System resource limits info:
2026-02-23 13:49:31.837908 (1951759) main____ INFO      virtual memory: unlimited
2026-02-23 13:49:31.837913 (1951759) main____ INFO      cpu time      : unlimited
2026-02-23 13:49:31.837917 (1951759) main____ INFO      stack size    : unlimited
2026-02-23 13:49:31.837921 (1951759) main____ INFO      core file size: unlimited
2026-02-23 13:49:31.837928 (1951759) main____ INFO      open files    : 131072
2026-02-23 13:49:31.837932 (1951759) main____ INFO      file size     : unlimited
2026-02-23 13:49:31.837936 (1951759) main____ INFO    ----------------------------------------
2026-02-23 13:49:31.837940 (1951759) main____ INFO    Memory statistics:
2026-02-23 13:49:31.837945 (1951759) main____ INFO      total physical memory  : 195972056 kB
2026-02-23 13:49:31.837949 (1951759) main____ INFO      free physical memory   : 111359608 kB
2026-02-23 13:49:31.837954 (1951759) main____ INFO      committed address space: 55819568 kB
2026-02-23 13:49:31.837957 (1951759) main____ INFO    ----------------------------------------
2026-02-23 13:49:31.838937 (1951759) main____ INFO    Important environment variables:
2026-02-23 13:49:31.838956 (1951759) main____ INFO      JASPER_HOME       : '/usr/licensed/cadence-20210126/jasper_2021.03'
2026-02-23 13:49:31.838962 (1951759) main____ INFO      JASPER_INSTALL_DIR: '/scratch/gpfs/LICENSED/x86_64/cadence-20210126/jasper_2021.03'
2026-02-23 13:49:31.838967 (1951759) main____ INFO      LANG              : 'en_US.UTF-8'
2026-02-23 13:49:31.838972 (1951759) main____ INFO      LM_LICENSE_FILE   : '5280@license.rc.princeton.edu'
2026-02-23 13:49:31.838977 (1951759) main____ INFO      TMPDIR            : '/tmp/ab2113/jg_5018959_49'
2026-02-23 13:49:31.838982 (1951759) main____ INFO    ----------------------------------------
2026-02-23 13:49:31.839817 (1951759) lic_core INFO    Initializing license system ...
2026-02-23 13:49:31.840647 (1951759) lic_core INFO    ... license system initialized.
2026-02-23 13:49:31.841382 (1951759) lic__man INFO    Claim 'fpv' for <ui>.
2026-02-23 13:49:31.841422 (1951759) lic_core INFO    (1) checking out 'jasper_fpv' ...
2026-02-23 13:49:31.848113 (1951759) lic_core INFO    ... (1) checkout failed (error: -5) ("FLEXnet ERROR(-5, 0, 0): No such feature exists.")
2026-02-23 13:49:31.848151 (1951759) lic_core INFO    (2) checking out 'jasper_fao' ...
2026-02-23 13:49:31.858645 (1951759) lic_core INFO    ... (2) checkout succeeded
2026-02-23 13:49:31.873335 (1951759) session_ INFO    Starting analysis session with session id 'session_0' (launcher: <local>) ...
2026-02-23 13:49:31.876440 (1951759) session_ INFO    Analysis session with session id 'session_0' started (pid: 1951767)
2026-02-23 13:49:32.582283 (1951759) session_ INFO    Analysis session 'session_0' connected to the console (host: 127.0.0.1:52496)
2026-02-23 13:49:33.166230 (1951759) main____ INFO    About to exit: request to exit with status 1 received from analysis session 'session_0'
2026-02-23 13:49:33.243519 (1951759) session_ INFO    Analysis session 'session_0' disconnected.
2026-02-23 13:49:33.243648 (1951759) lic__man INFO    Unclaim everything for 'session_0'.
2026-02-23 13:49:33.244001 (1951759) session_ INFO    Process for analysis session 'session_0' has exited with exit status '1'.
2026-02-23 13:49:35.094099 (1951759) lic_core INFO    (2) checkin jasper_fao
2026-02-23 13:49:35.095744 (1951759) main____ INFO    Exiting with status 1.
