2026-02-23 13:49:49.779389 (4172810) main____ INFO    ----------------------------------------
2026-02-23 13:49:49.779467 (4172810) main____ INFO    JasperGold version info
2026-02-23 13:49:49.779486 (4172810) main____ INFO      tool      : JasperGold 2021.03
2026-02-23 13:49:49.779495 (4172810) main____ INFO      version   : 2021.03 FCS 64 bits
2026-02-23 13:49:49.779501 (4172810) main____ INFO      build date: 2021.03.23 02:50:43 UTC
2026-02-23 13:49:49.779505 (4172810) main____ INFO    ----------------------------------------
2026-02-23 13:49:49.779510 (4172810) main____ INFO    Runtime info:
2026-02-23 13:49:49.779515 (4172810) main____ INFO      platform  : Linux 5.14.0-570.84.1.el9_6.x86_64 x86_64
2026-02-23 13:49:49.779522 (4172810) main____ INFO      hostname  : della-h14n1
2026-02-23 13:49:49.779527 (4172810) main____ INFO      pid       : 4172810
2026-02-23 13:49:49.779532 (4172810) main____ INFO      arguments : '-style' 'windows' '-batch' '-proj' './verification_results/02952/jgproject' '-tcl' './jasper_verif_check.tcl'
2026-02-23 13:49:49.779539 (4172810) main____ INFO      locale    : UTF-8
2026-02-23 13:49:49.779544 (4172810) main____ INFO    ----------------------------------------
2026-02-23 13:49:49.779548 (4172810) main____ INFO    System resource limits info:
2026-02-23 13:49:49.779553 (4172810) main____ INFO      virtual memory: unlimited
2026-02-23 13:49:49.779558 (4172810) main____ INFO      cpu time      : unlimited
2026-02-23 13:49:49.779562 (4172810) main____ INFO      stack size    : unlimited
2026-02-23 13:49:49.779567 (4172810) main____ INFO      core file size: unlimited
2026-02-23 13:49:49.779573 (4172810) main____ INFO      open files    : 131072
2026-02-23 13:49:49.779578 (4172810) main____ INFO      file size     : unlimited
2026-02-23 13:49:49.779583 (4172810) main____ INFO    ----------------------------------------
2026-02-23 13:49:49.779587 (4172810) main____ INFO    Memory statistics:
2026-02-23 13:49:49.779592 (4172810) main____ INFO      total physical memory  : 1584164324 kB
2026-02-23 13:49:49.779597 (4172810) main____ INFO      free physical memory   : 719376136 kB
2026-02-23 13:49:49.779601 (4172810) main____ INFO      committed address space: 573016368 kB
2026-02-23 13:49:49.779608 (4172810) main____ INFO    ----------------------------------------
2026-02-23 13:49:49.780140 (4172810) main____ INFO    Important environment variables:
2026-02-23 13:49:49.780154 (4172810) main____ INFO      JASPER_HOME       : '/usr/licensed/cadence-20210126/jasper_2021.03'
2026-02-23 13:49:49.780161 (4172810) main____ INFO      JASPER_INSTALL_DIR: '/scratch/gpfs/LICENSED/x86_64/cadence-20210126/jasper_2021.03'
2026-02-23 13:49:49.780166 (4172810) main____ INFO      LANG              : 'en_US.UTF-8'
2026-02-23 13:49:49.780172 (4172810) main____ INFO      LM_LICENSE_FILE   : '5280@license.rc.princeton.edu'
2026-02-23 13:49:49.780178 (4172810) main____ INFO      TMPDIR            : '/tmp/ab2113/jg_5018961_51'
2026-02-23 13:49:49.780183 (4172810) main____ INFO    ----------------------------------------
2026-02-23 13:49:49.780686 (4172810) lic_core INFO    Initializing license system ...
2026-02-23 13:49:49.781142 (4172810) lic_core INFO    ... license system initialized.
2026-02-23 13:49:49.781898 (4172810) lic__man INFO    Claim 'fpv' for <ui>.
2026-02-23 13:49:49.781929 (4172810) lic_core INFO    (1) checking out 'jasper_fpv' ...
2026-02-23 13:49:49.787553 (4172810) lic_core INFO    ... (1) checkout failed (error: -5) ("FLEXnet ERROR(-5, 0, 0): No such feature exists.")
2026-02-23 13:49:49.787579 (4172810) lic_core INFO    (2) checking out 'jasper_fao' ...
2026-02-23 13:49:49.796968 (4172810) lic_core INFO    ... (2) checkout succeeded
2026-02-23 13:49:49.808517 (4172810) session_ INFO    Starting analysis session with session id 'session_0' (launcher: <local>) ...
2026-02-23 13:49:49.811320 (4172810) session_ INFO    Analysis session with session id 'session_0' started (pid: 4172818)
2026-02-23 13:49:50.391283 (4172810) session_ INFO    Analysis session 'session_0' connected to the console (host: 127.0.0.1:36746)
2026-02-23 13:49:50.911745 (4172810) main____ INFO    About to exit: request to exit with status 1 received from analysis session 'session_0'
2026-02-23 13:49:50.962626 (4172810) session_ INFO    Analysis session 'session_0' disconnected.
2026-02-23 13:49:50.962820 (4172810) lic__man INFO    Unclaim everything for 'session_0'.
2026-02-23 13:49:50.964190 (4172810) session_ INFO    Process for analysis session 'session_0' has exited with exit status '1'.
2026-02-23 13:49:53.016931 (4172810) lic_core INFO    (2) checkin jasper_fao
2026-02-23 13:49:53.018553 (4172810) main____ INFO    Exiting with status 1.
