2026-02-23 13:45:03.601167 (4184417) main____ INFO    ----------------------------------------
2026-02-23 13:45:03.601272 (4184417) main____ INFO    JasperGold version info
2026-02-23 13:45:03.601289 (4184417) main____ INFO      tool      : JasperGold 2021.03
2026-02-23 13:45:03.601298 (4184417) main____ INFO      version   : 2021.03 FCS 64 bits
2026-02-23 13:45:03.601304 (4184417) main____ INFO      build date: 2021.03.23 02:50:43 UTC
2026-02-23 13:45:03.601308 (4184417) main____ INFO    ----------------------------------------
2026-02-23 13:45:03.601312 (4184417) main____ INFO    Runtime info:
2026-02-23 13:45:03.601317 (4184417) main____ INFO      platform  : Linux 5.14.0-570.84.1.el9_6.x86_64 x86_64
2026-02-23 13:45:03.601323 (4184417) main____ INFO      hostname  : della-r3c2n6
2026-02-23 13:45:03.601328 (4184417) main____ INFO      pid       : 4184417
2026-02-23 13:45:03.601332 (4184417) main____ INFO      arguments : '-style' 'windows' '-batch' '-proj' './verification_results/02076/jgproject' '-tcl' './jasper_verif_check.tcl'
2026-02-23 13:45:03.601340 (4184417) main____ INFO      locale    : UTF-8
2026-02-23 13:45:03.601345 (4184417) main____ INFO    ----------------------------------------
2026-02-23 13:45:03.601349 (4184417) main____ INFO    System resource limits info:
2026-02-23 13:45:03.601353 (4184417) main____ INFO      virtual memory: unlimited
2026-02-23 13:45:03.601357 (4184417) main____ INFO      cpu time      : unlimited
2026-02-23 13:45:03.601362 (4184417) main____ INFO      stack size    : unlimited
2026-02-23 13:45:03.601366 (4184417) main____ INFO      core file size: unlimited
2026-02-23 13:45:03.601374 (4184417) main____ INFO      open files    : 131072
2026-02-23 13:45:03.601379 (4184417) main____ INFO      file size     : unlimited
2026-02-23 13:45:03.601383 (4184417) main____ INFO    ----------------------------------------
2026-02-23 13:45:03.601387 (4184417) main____ INFO    Memory statistics:
2026-02-23 13:45:03.601392 (4184417) main____ INFO      total physical memory  : 195972160 kB
2026-02-23 13:45:03.601396 (4184417) main____ INFO      free physical memory   : 144694020 kB
2026-02-23 13:45:03.601400 (4184417) main____ INFO      committed address space: 36051648 kB
2026-02-23 13:45:03.601404 (4184417) main____ INFO    ----------------------------------------
2026-02-23 13:45:03.602380 (4184417) main____ INFO    Important environment variables:
2026-02-23 13:45:03.602402 (4184417) main____ INFO      JASPER_HOME       : '/usr/licensed/cadence-20210126/jasper_2021.03'
2026-02-23 13:45:03.602408 (4184417) main____ INFO      JASPER_INSTALL_DIR: '/scratch/gpfs/LICENSED/x86_64/cadence-20210126/jasper_2021.03'
2026-02-23 13:45:03.602414 (4184417) main____ INFO      LANG              : 'en_US.UTF-8'
2026-02-23 13:45:03.602419 (4184417) main____ INFO      LM_LICENSE_FILE   : '5280@license.rc.princeton.edu'
2026-02-23 13:45:03.602424 (4184417) main____ INFO      TMPDIR            : '/tmp/ab2113/jg_5018893_34'
2026-02-23 13:45:03.602428 (4184417) main____ INFO    ----------------------------------------
2026-02-23 13:45:03.603263 (4184417) lic_core INFO    Initializing license system ...
2026-02-23 13:45:03.604117 (4184417) lic_core INFO    ... license system initialized.
2026-02-23 13:45:03.604902 (4184417) lic__man INFO    Claim 'fpv' for <ui>.
2026-02-23 13:45:03.604943 (4184417) lic_core INFO    (1) checking out 'jasper_fpv' ...
2026-02-23 13:45:03.611438 (4184417) lic_core INFO    ... (1) checkout failed (error: -5) ("FLEXnet ERROR(-5, 0, 0): No such feature exists.")
2026-02-23 13:45:03.611499 (4184417) lic_core INFO    (2) checking out 'jasper_fao' ...
2026-02-23 13:45:03.622488 (4184417) lic_core INFO    ... (2) checkout succeeded
2026-02-23 13:45:03.637319 (4184417) session_ INFO    Starting analysis session with session id 'session_0' (launcher: <local>) ...
2026-02-23 13:45:03.640345 (4184417) session_ INFO    Analysis session with session id 'session_0' started (pid: 4184425)
2026-02-23 13:45:04.332163 (4184417) session_ INFO    Analysis session 'session_0' connected to the console (host: 127.0.0.1:42106)
2026-02-23 13:45:05.159996 (4184417) lic__man INFO    Unclaim everything for 'session_0'.
2026-02-23 13:45:05.202137 (4184417) lic__man INFO    Claim 'fpv' for 'session_0'.
2026-02-23 13:45:05.202183 (4184417) lic__man INFO    Claim 'fpv' for 'session_0/prove-0'.
2026-02-23 13:45:05.333434 (4184417) lic__man INFO    Unclaim everything for 'session_0/prove-0'.
2026-02-23 13:45:05.390291 (4184417) main____ INFO    About to exit: request to exit with status 0 received from analysis session 'session_0'
2026-02-23 13:45:05.466524 (4184417) session_ INFO    Analysis session 'session_0' disconnected.
2026-02-23 13:45:05.466649 (4184417) lic__man INFO    Unclaim everything for 'session_0'.
2026-02-23 13:45:05.467291 (4184417) session_ INFO    Process for analysis session 'session_0' has exited with exit status '0'.
2026-02-23 13:45:07.294850 (4184417) lic_core INFO    (2) checkin jasper_fao
2026-02-23 13:45:07.296363 (4184417) main____ INFO    Exiting with status 0.
