2026-02-23 13:49:34.267170 (4172053) main____ INFO    ----------------------------------------
2026-02-23 13:49:34.267252 (4172053) main____ INFO    JasperGold version info
2026-02-23 13:49:34.267274 (4172053) main____ INFO      tool      : JasperGold 2021.03
2026-02-23 13:49:34.267285 (4172053) main____ INFO      version   : 2021.03 FCS 64 bits
2026-02-23 13:49:34.267291 (4172053) main____ INFO      build date: 2021.03.23 02:50:43 UTC
2026-02-23 13:49:34.267296 (4172053) main____ INFO    ----------------------------------------
2026-02-23 13:49:34.267301 (4172053) main____ INFO    Runtime info:
2026-02-23 13:49:34.267307 (4172053) main____ INFO      platform  : Linux 5.14.0-570.84.1.el9_6.x86_64 x86_64
2026-02-23 13:49:34.267313 (4172053) main____ INFO      hostname  : della-h14n1
2026-02-23 13:49:34.267319 (4172053) main____ INFO      pid       : 4172053
2026-02-23 13:49:34.267324 (4172053) main____ INFO      arguments : '-style' 'windows' '-batch' '-proj' './verification_results/02948/jgproject' '-tcl' './jasper_verif_check.tcl'
2026-02-23 13:49:34.267333 (4172053) main____ INFO      locale    : UTF-8
2026-02-23 13:49:34.267340 (4172053) main____ INFO    ----------------------------------------
2026-02-23 13:49:34.267345 (4172053) main____ INFO    System resource limits info:
2026-02-23 13:49:34.267350 (4172053) main____ INFO      virtual memory: unlimited
2026-02-23 13:49:34.267355 (4172053) main____ INFO      cpu time      : unlimited
2026-02-23 13:49:34.267360 (4172053) main____ INFO      stack size    : unlimited
2026-02-23 13:49:34.267365 (4172053) main____ INFO      core file size: unlimited
2026-02-23 13:49:34.267372 (4172053) main____ INFO      open files    : 131072
2026-02-23 13:49:34.267377 (4172053) main____ INFO      file size     : unlimited
2026-02-23 13:49:34.267382 (4172053) main____ INFO    ----------------------------------------
2026-02-23 13:49:34.267387 (4172053) main____ INFO    Memory statistics:
2026-02-23 13:49:34.267392 (4172053) main____ INFO      total physical memory  : 1584164324 kB
2026-02-23 13:49:34.267398 (4172053) main____ INFO      free physical memory   : 719957604 kB
2026-02-23 13:49:34.267403 (4172053) main____ INFO      committed address space: 572502524 kB
2026-02-23 13:49:34.267408 (4172053) main____ INFO    ----------------------------------------
2026-02-23 13:49:34.267970 (4172053) main____ INFO    Important environment variables:
2026-02-23 13:49:34.267985 (4172053) main____ INFO      JASPER_HOME       : '/usr/licensed/cadence-20210126/jasper_2021.03'
2026-02-23 13:49:34.267991 (4172053) main____ INFO      JASPER_INSTALL_DIR: '/scratch/gpfs/LICENSED/x86_64/cadence-20210126/jasper_2021.03'
2026-02-23 13:49:34.267998 (4172053) main____ INFO      LANG              : 'en_US.UTF-8'
2026-02-23 13:49:34.268004 (4172053) main____ INFO      LM_LICENSE_FILE   : '5280@license.rc.princeton.edu'
2026-02-23 13:49:34.268009 (4172053) main____ INFO      TMPDIR            : '/tmp/ab2113/jg_5018961_51'
2026-02-23 13:49:34.268015 (4172053) main____ INFO    ----------------------------------------
2026-02-23 13:49:34.268563 (4172053) lic_core INFO    Initializing license system ...
2026-02-23 13:49:34.269141 (4172053) lic_core INFO    ... license system initialized.
2026-02-23 13:49:34.269970 (4172053) lic__man INFO    Claim 'fpv' for <ui>.
2026-02-23 13:49:34.270005 (4172053) lic_core INFO    (1) checking out 'jasper_fpv' ...
2026-02-23 13:49:34.276108 (4172053) lic_core INFO    ... (1) checkout failed (error: -5) ("FLEXnet ERROR(-5, 0, 0): No such feature exists.")
2026-02-23 13:49:34.276137 (4172053) lic_core INFO    (2) checking out 'jasper_fao' ...
2026-02-23 13:49:34.285014 (4172053) lic_core INFO    ... (2) checkout succeeded
2026-02-23 13:49:34.295894 (4172053) session_ INFO    Starting analysis session with session id 'session_0' (launcher: <local>) ...
2026-02-23 13:49:34.298970 (4172053) session_ INFO    Analysis session with session id 'session_0' started (pid: 4172061)
2026-02-23 13:49:35.013421 (4172053) session_ INFO    Analysis session 'session_0' connected to the console (host: 127.0.0.1:59364)
2026-02-23 13:49:35.561755 (4172053) main____ INFO    About to exit: request to exit with status 1 received from analysis session 'session_0'
2026-02-23 13:49:35.636780 (4172053) session_ INFO    Analysis session 'session_0' disconnected.
2026-02-23 13:49:35.637004 (4172053) lic__man INFO    Unclaim everything for 'session_0'.
2026-02-23 13:49:35.637718 (4172053) session_ INFO    Process for analysis session 'session_0' has exited with exit status '1'.
2026-02-23 13:49:37.538747 (4172053) lic_core INFO    (2) checkin jasper_fao
2026-02-23 13:49:37.540488 (4172053) main____ INFO    Exiting with status 1.
