2026-02-20 17:59:00.319971 (2568250) main____ INFO    ----------------------------------------
2026-02-20 17:59:00.320078 (2568250) main____ INFO    JasperGold version info
2026-02-20 17:59:00.320099 (2568250) main____ INFO      tool      : JasperGold 2021.03
2026-02-20 17:59:00.320107 (2568250) main____ INFO      version   : 2021.03 FCS 64 bits
2026-02-20 17:59:00.320113 (2568250) main____ INFO      build date: 2021.03.23 02:50:43 UTC
2026-02-20 17:59:00.320117 (2568250) main____ INFO    ----------------------------------------
2026-02-20 17:59:00.320121 (2568250) main____ INFO    Runtime info:
2026-02-20 17:59:00.320125 (2568250) main____ INFO      platform  : Linux 5.14.0-570.84.1.el9_6.x86_64 x86_64
2026-02-20 17:59:00.320131 (2568250) main____ INFO      hostname  : della-i13n22
2026-02-20 17:59:00.320136 (2568250) main____ INFO      pid       : 2568250
2026-02-20 17:59:00.320140 (2568250) main____ INFO      arguments : '-style' 'windows' '-batch' '-proj' 'verification_results/00613/jgproject' '-tcl' './jasper_verif_check.tcl'
2026-02-20 17:59:00.320148 (2568250) main____ INFO      locale    : UTF-8
2026-02-20 17:59:00.320152 (2568250) main____ INFO    ----------------------------------------
2026-02-20 17:59:00.320155 (2568250) main____ INFO    System resource limits info:
2026-02-20 17:59:00.320160 (2568250) main____ INFO      virtual memory: unlimited
2026-02-20 17:59:00.320164 (2568250) main____ INFO      cpu time      : unlimited
2026-02-20 17:59:00.320168 (2568250) main____ INFO      stack size    : unlimited
2026-02-20 17:59:00.320172 (2568250) main____ INFO      core file size: unlimited
2026-02-20 17:59:00.320179 (2568250) main____ INFO      open files    : 131072
2026-02-20 17:59:00.320183 (2568250) main____ INFO      file size     : unlimited
2026-02-20 17:59:00.320186 (2568250) main____ INFO    ----------------------------------------
2026-02-20 17:59:00.320190 (2568250) main____ INFO    Memory statistics:
2026-02-20 17:59:00.320194 (2568250) main____ INFO      total physical memory  : 394157548 kB
2026-02-20 17:59:00.320198 (2568250) main____ INFO      free physical memory   : 183760196 kB
2026-02-20 17:59:00.320202 (2568250) main____ INFO      committed address space: 174790900 kB
2026-02-20 17:59:00.320205 (2568250) main____ INFO    ----------------------------------------
2026-02-20 17:59:00.321078 (2568250) main____ INFO    Important environment variables:
2026-02-20 17:59:00.321099 (2568250) main____ INFO      JASPER_HOME       : '/usr/licensed/cadence-20210126/jasper_2021.03'
2026-02-20 17:59:00.321105 (2568250) main____ INFO      JASPER_INSTALL_DIR: '/scratch/gpfs/LICENSED/x86_64/cadence-20210126/jasper_2021.03'
2026-02-20 17:59:00.321111 (2568250) main____ INFO      LANG              : 'en_US.UTF-8'
2026-02-20 17:59:00.321116 (2568250) main____ INFO      LM_LICENSE_FILE   : '5280@license.rc.princeton.edu'
2026-02-20 17:59:00.321120 (2568250) main____ INFO      TMPDIR            : '/tmp'
2026-02-20 17:59:00.321125 (2568250) main____ INFO    ----------------------------------------
2026-02-20 17:59:00.322035 (2568250) lic_core INFO    Initializing license system ...
2026-02-20 17:59:00.322929 (2568250) lic_core INFO    ... license system initialized.
2026-02-20 17:59:00.323711 (2568250) lic__man INFO    Claim 'fpv' for <ui>.
2026-02-20 17:59:00.323750 (2568250) lic_core INFO    (1) checking out 'jasper_fpv' ...
2026-02-20 17:59:00.329293 (2568250) lic_core INFO    ... (1) checkout failed (error: -5) ("FLEXnet ERROR(-5, 0, 0): No such feature exists.")
2026-02-20 17:59:00.329360 (2568250) lic_core INFO    (2) checking out 'jasper_fao' ...
2026-02-20 17:59:00.340016 (2568250) lic_core INFO    ... (2) checkout succeeded
2026-02-20 17:59:00.354374 (2568250) session_ INFO    Starting analysis session with session id 'session_0' (launcher: <local>) ...
2026-02-20 17:59:00.357566 (2568250) session_ INFO    Analysis session with session id 'session_0' started (pid: 2568258)
2026-02-20 17:59:01.107637 (2568250) session_ INFO    Analysis session 'session_0' connected to the console (host: 127.0.0.1:54008)
2026-02-20 17:59:02.002513 (2568250) main____ INFO    About to exit: request to exit with status 1 received from analysis session 'session_0'
2026-02-20 17:59:02.098788 (2568250) session_ INFO    Analysis session 'session_0' disconnected.
2026-02-20 17:59:02.098938 (2568250) lic__man INFO    Unclaim everything for 'session_0'.
2026-02-20 17:59:02.100351 (2568250) session_ INFO    Process for analysis session 'session_0' has exited with exit status '1'.
2026-02-20 17:59:04.038341 (2568250) lic_core INFO    (2) checkin jasper_fao
2026-02-20 17:59:04.039958 (2568250) main____ INFO    Exiting with status 1.
