2026-02-20 16:53:10.830351 (2500766) main____ INFO    ----------------------------------------
2026-02-20 16:53:10.830468 (2500766) main____ INFO    JasperGold version info
2026-02-20 16:53:10.830491 (2500766) main____ INFO      tool      : JasperGold 2021.03
2026-02-20 16:53:10.830500 (2500766) main____ INFO      version   : 2021.03 FCS 64 bits
2026-02-20 16:53:10.830505 (2500766) main____ INFO      build date: 2021.03.23 02:50:43 UTC
2026-02-20 16:53:10.830509 (2500766) main____ INFO    ----------------------------------------
2026-02-20 16:53:10.830513 (2500766) main____ INFO    Runtime info:
2026-02-20 16:53:10.830517 (2500766) main____ INFO      platform  : Linux 5.14.0-570.84.1.el9_6.x86_64 x86_64
2026-02-20 16:53:10.830522 (2500766) main____ INFO      hostname  : della-i13n22
2026-02-20 16:53:10.830527 (2500766) main____ INFO      pid       : 2500766
2026-02-20 16:53:10.830531 (2500766) main____ INFO      arguments : '-style' 'windows' '-batch' '-proj' 'verification_results/00119/jgproject' '-tcl' './jasper_verif_check.tcl'
2026-02-20 16:53:10.830540 (2500766) main____ INFO      locale    : UTF-8
2026-02-20 16:53:10.830543 (2500766) main____ INFO    ----------------------------------------
2026-02-20 16:53:10.830547 (2500766) main____ INFO    System resource limits info:
2026-02-20 16:53:10.830551 (2500766) main____ INFO      virtual memory: unlimited
2026-02-20 16:53:10.830555 (2500766) main____ INFO      cpu time      : unlimited
2026-02-20 16:53:10.830559 (2500766) main____ INFO      stack size    : unlimited
2026-02-20 16:53:10.830563 (2500766) main____ INFO      core file size: unlimited
2026-02-20 16:53:10.830570 (2500766) main____ INFO      open files    : 131072
2026-02-20 16:53:10.830575 (2500766) main____ INFO      file size     : unlimited
2026-02-20 16:53:10.830578 (2500766) main____ INFO    ----------------------------------------
2026-02-20 16:53:10.830582 (2500766) main____ INFO    Memory statistics:
2026-02-20 16:53:10.830587 (2500766) main____ INFO      total physical memory  : 394157548 kB
2026-02-20 16:53:10.830590 (2500766) main____ INFO      free physical memory   : 204154320 kB
2026-02-20 16:53:10.830594 (2500766) main____ INFO      committed address space: 154042624 kB
2026-02-20 16:53:10.830598 (2500766) main____ INFO    ----------------------------------------
2026-02-20 16:53:10.831486 (2500766) main____ INFO    Important environment variables:
2026-02-20 16:53:10.831511 (2500766) main____ INFO      JASPER_HOME       : '/usr/licensed/cadence-20210126/jasper_2021.03'
2026-02-20 16:53:10.831518 (2500766) main____ INFO      JASPER_INSTALL_DIR: '/scratch/gpfs/LICENSED/x86_64/cadence-20210126/jasper_2021.03'
2026-02-20 16:53:10.831523 (2500766) main____ INFO      LANG              : 'en_US.UTF-8'
2026-02-20 16:53:10.831528 (2500766) main____ INFO      LM_LICENSE_FILE   : '5280@license.rc.princeton.edu'
2026-02-20 16:53:10.831532 (2500766) main____ INFO      TMPDIR            : '/tmp'
2026-02-20 16:53:10.831536 (2500766) main____ INFO    ----------------------------------------
2026-02-20 16:53:10.832490 (2500766) lic_core INFO    Initializing license system ...
2026-02-20 16:53:10.833414 (2500766) lic_core INFO    ... license system initialized.
2026-02-20 16:53:10.834224 (2500766) lic__man INFO    Claim 'fpv' for <ui>.
2026-02-20 16:53:10.834269 (2500766) lic_core INFO    (1) checking out 'jasper_fpv' ...
2026-02-20 16:53:10.839937 (2500766) lic_core INFO    ... (1) checkout failed (error: -5) ("FLEXnet ERROR(-5, 0, 0): No such feature exists.")
2026-02-20 16:53:10.839999 (2500766) lic_core INFO    (2) checking out 'jasper_fao' ...
2026-02-20 16:53:10.850636 (2500766) lic_core INFO    ... (2) checkout succeeded
2026-02-20 16:53:10.865878 (2500766) session_ INFO    Starting analysis session with session id 'session_0' (launcher: <local>) ...
2026-02-20 16:53:10.869219 (2500766) session_ INFO    Analysis session with session id 'session_0' started (pid: 2500774)
2026-02-20 16:53:11.594018 (2500766) session_ INFO    Analysis session 'session_0' connected to the console (host: 127.0.0.1:39708)
2026-02-20 16:53:12.164497 (2500766) main____ INFO    About to exit: request to exit with status 1 received from analysis session 'session_0'
2026-02-20 16:53:12.247800 (2500766) session_ INFO    Analysis session 'session_0' disconnected.
2026-02-20 16:53:12.247939 (2500766) lic__man INFO    Unclaim everything for 'session_0'.
2026-02-20 16:53:12.248603 (2500766) session_ INFO    Process for analysis session 'session_0' has exited with exit status '1'.
2026-02-20 16:53:14.068745 (2500766) lic_core INFO    (2) checkin jasper_fao
2026-02-20 16:53:14.070139 (2500766) main____ INFO    Exiting with status 1.
