2026-02-23 13:49:16.876471 (1951423) main____ INFO    ----------------------------------------
2026-02-23 13:49:16.876557 (1951423) main____ INFO    JasperGold version info
2026-02-23 13:49:16.876573 (1951423) main____ INFO      tool      : JasperGold 2021.03
2026-02-23 13:49:16.876581 (1951423) main____ INFO      version   : 2021.03 FCS 64 bits
2026-02-23 13:49:16.876586 (1951423) main____ INFO      build date: 2021.03.23 02:50:43 UTC
2026-02-23 13:49:16.876590 (1951423) main____ INFO    ----------------------------------------
2026-02-23 13:49:16.876594 (1951423) main____ INFO    Runtime info:
2026-02-23 13:49:16.876599 (1951423) main____ INFO      platform  : Linux 5.14.0-570.84.1.el9_6.x86_64 x86_64
2026-02-23 13:49:16.876604 (1951423) main____ INFO      hostname  : della-r3c1n5
2026-02-23 13:49:16.876609 (1951423) main____ INFO      pid       : 1951423
2026-02-23 13:49:16.876614 (1951423) main____ INFO      arguments : '-style' 'windows' '-batch' '-proj' './verification_results/02843/jgproject' '-tcl' './jasper_verif_check.tcl'
2026-02-23 13:49:16.876621 (1951423) main____ INFO      locale    : UTF-8
2026-02-23 13:49:16.876625 (1951423) main____ INFO    ----------------------------------------
2026-02-23 13:49:16.876629 (1951423) main____ INFO    System resource limits info:
2026-02-23 13:49:16.876633 (1951423) main____ INFO      virtual memory: unlimited
2026-02-23 13:49:16.876638 (1951423) main____ INFO      cpu time      : unlimited
2026-02-23 13:49:16.876642 (1951423) main____ INFO      stack size    : unlimited
2026-02-23 13:49:16.876646 (1951423) main____ INFO      core file size: unlimited
2026-02-23 13:49:16.876653 (1951423) main____ INFO      open files    : 131072
2026-02-23 13:49:16.876657 (1951423) main____ INFO      file size     : unlimited
2026-02-23 13:49:16.876661 (1951423) main____ INFO    ----------------------------------------
2026-02-23 13:49:16.876665 (1951423) main____ INFO    Memory statistics:
2026-02-23 13:49:16.876670 (1951423) main____ INFO      total physical memory  : 195972056 kB
2026-02-23 13:49:16.876674 (1951423) main____ INFO      free physical memory   : 111262072 kB
2026-02-23 13:49:16.876678 (1951423) main____ INFO      committed address space: 55971080 kB
2026-02-23 13:49:16.876682 (1951423) main____ INFO    ----------------------------------------
2026-02-23 13:49:16.877647 (1951423) main____ INFO    Important environment variables:
2026-02-23 13:49:16.877664 (1951423) main____ INFO      JASPER_HOME       : '/usr/licensed/cadence-20210126/jasper_2021.03'
2026-02-23 13:49:16.877670 (1951423) main____ INFO      JASPER_INSTALL_DIR: '/scratch/gpfs/LICENSED/x86_64/cadence-20210126/jasper_2021.03'
2026-02-23 13:49:16.877675 (1951423) main____ INFO      LANG              : 'en_US.UTF-8'
2026-02-23 13:49:16.877680 (1951423) main____ INFO      LM_LICENSE_FILE   : '5280@license.rc.princeton.edu'
2026-02-23 13:49:16.877685 (1951423) main____ INFO      TMPDIR            : '/tmp/ab2113/jg_5018959_49'
2026-02-23 13:49:16.877689 (1951423) main____ INFO    ----------------------------------------
2026-02-23 13:49:16.878538 (1951423) lic_core INFO    Initializing license system ...
2026-02-23 13:49:16.879352 (1951423) lic_core INFO    ... license system initialized.
2026-02-23 13:49:16.880090 (1951423) lic__man INFO    Claim 'fpv' for <ui>.
2026-02-23 13:49:16.880136 (1951423) lic_core INFO    (1) checking out 'jasper_fpv' ...
2026-02-23 13:49:16.885235 (1951423) lic_core INFO    ... (1) checkout failed (error: -5) ("FLEXnet ERROR(-5, 0, 0): No such feature exists.")
2026-02-23 13:49:16.885274 (1951423) lic_core INFO    (2) checking out 'jasper_fao' ...
2026-02-23 13:49:16.895528 (1951423) lic_core INFO    ... (2) checkout succeeded
2026-02-23 13:49:16.910651 (1951423) session_ INFO    Starting analysis session with session id 'session_0' (launcher: <local>) ...
2026-02-23 13:49:16.913801 (1951423) session_ INFO    Analysis session with session id 'session_0' started (pid: 1951431)
2026-02-23 13:49:17.619728 (1951423) session_ INFO    Analysis session 'session_0' connected to the console (host: 127.0.0.1:37136)
2026-02-23 13:49:18.204224 (1951423) main____ INFO    About to exit: request to exit with status 1 received from analysis session 'session_0'
2026-02-23 13:49:18.276403 (1951423) session_ INFO    Analysis session 'session_0' disconnected.
2026-02-23 13:49:18.276527 (1951423) lic__man INFO    Unclaim everything for 'session_0'.
2026-02-23 13:49:18.276864 (1951423) session_ INFO    Process for analysis session 'session_0' has exited with exit status '1'.
2026-02-23 13:49:20.109012 (1951423) lic_core INFO    (2) checkin jasper_fao
2026-02-23 13:49:20.110747 (1951423) main____ INFO    Exiting with status 1.
