2026-02-23 14:14:55.273344 (4475) main____ INFO    ----------------------------------------
2026-02-23 14:14:55.273449 (4475) main____ INFO    JasperGold version info
2026-02-23 14:14:55.273468 (4475) main____ INFO      tool      : JasperGold 2021.03
2026-02-23 14:14:55.273476 (4475) main____ INFO      version   : 2021.03 FCS 64 bits
2026-02-23 14:14:55.273483 (4475) main____ INFO      build date: 2021.03.23 02:50:43 UTC
2026-02-23 14:14:55.273489 (4475) main____ INFO    ----------------------------------------
2026-02-23 14:14:55.273494 (4475) main____ INFO    Runtime info:
2026-02-23 14:14:55.273499 (4475) main____ INFO      platform  : Linux 5.14.0-570.84.1.el9_6.x86_64 x86_64
2026-02-23 14:14:55.273506 (4475) main____ INFO      hostname  : della-h14n1
2026-02-23 14:14:55.273511 (4475) main____ INFO      pid       : 4475
2026-02-23 14:14:55.273517 (4475) main____ INFO      arguments : '-style' 'windows' '-batch' '-proj' './verification_results/02562/jgproject' '-tcl' './jasper_verif_check.tcl'
2026-02-23 14:14:55.273526 (4475) main____ INFO      locale    : UTF-8
2026-02-23 14:14:55.273532 (4475) main____ INFO    ----------------------------------------
2026-02-23 14:14:55.273537 (4475) main____ INFO    System resource limits info:
2026-02-23 14:14:55.273542 (4475) main____ INFO      virtual memory: unlimited
2026-02-23 14:14:55.273548 (4475) main____ INFO      cpu time      : unlimited
2026-02-23 14:14:55.273553 (4475) main____ INFO      stack size    : unlimited
2026-02-23 14:14:55.273558 (4475) main____ INFO      core file size: unlimited
2026-02-23 14:14:55.273565 (4475) main____ INFO      open files    : 131072
2026-02-23 14:14:55.273571 (4475) main____ INFO      file size     : unlimited
2026-02-23 14:14:55.273576 (4475) main____ INFO    ----------------------------------------
2026-02-23 14:14:55.273581 (4475) main____ INFO    Memory statistics:
2026-02-23 14:14:55.273586 (4475) main____ INFO      total physical memory  : 1584164324 kB
2026-02-23 14:14:55.273592 (4475) main____ INFO      free physical memory   : 760324092 kB
2026-02-23 14:14:55.273597 (4475) main____ INFO      committed address space: 561723308 kB
2026-02-23 14:14:55.273602 (4475) main____ INFO    ----------------------------------------
2026-02-23 14:14:55.274159 (4475) main____ INFO    Important environment variables:
2026-02-23 14:14:55.274176 (4475) main____ INFO      JASPER_HOME       : '/usr/licensed/cadence-20210126/jasper_2021.03'
2026-02-23 14:14:55.274183 (4475) main____ INFO      JASPER_INSTALL_DIR: '/scratch/gpfs/LICENSED/x86_64/cadence-20210126/jasper_2021.03'
2026-02-23 14:14:55.274189 (4475) main____ INFO      LANG              : 'en_US.UTF-8'
2026-02-23 14:14:55.274195 (4475) main____ INFO      LM_LICENSE_FILE   : '5280@license.rc.princeton.edu'
2026-02-23 14:14:55.274200 (4475) main____ INFO      TMPDIR            : '/tmp/ab2113/jg_5018921_43'
2026-02-23 14:14:55.274205 (4475) main____ INFO    ----------------------------------------
2026-02-23 14:14:55.274839 (4475) lic_core INFO    Initializing license system ...
2026-02-23 14:14:55.275403 (4475) lic_core INFO    ... license system initialized.
2026-02-23 14:14:55.276315 (4475) lic__man INFO    Claim 'fpv' for <ui>.
2026-02-23 14:14:55.276355 (4475) lic_core INFO    (1) checking out 'jasper_fpv' ...
2026-02-23 14:14:55.282284 (4475) lic_core INFO    ... (1) checkout failed (error: -5) ("FLEXnet ERROR(-5, 0, 0): No such feature exists.")
2026-02-23 14:14:55.282316 (4475) lic_core INFO    (2) checking out 'jasper_fao' ...
2026-02-23 14:14:55.291247 (4475) lic_core INFO    ... (2) checkout succeeded
2026-02-23 14:14:55.303253 (4475) session_ INFO    Starting analysis session with session id 'session_0' (launcher: <local>) ...
2026-02-23 14:14:55.307220 (4475) session_ INFO    Analysis session with session id 'session_0' started (pid: 4483)
2026-02-23 14:14:55.887758 (4475) session_ INFO    Analysis session 'session_0' connected to the console (host: 127.0.0.1:37972)
2026-02-23 14:14:56.705000 (4475) lic__man INFO    Unclaim everything for 'session_0'.
2026-02-23 14:14:56.742275 (4475) lic__man INFO    Claim 'fpv' for 'session_0'.
2026-02-23 14:14:56.742344 (4475) lic__man INFO    Claim 'fpv' for 'session_0/prove-0'.
2026-02-23 14:14:56.927368 (4475) lic__man INFO    Unclaim everything for 'session_0/prove-0'.
2026-02-23 14:14:56.981792 (4475) main____ INFO    About to exit: request to exit with status 0 received from analysis session 'session_0'
2026-02-23 14:14:57.055806 (4475) session_ INFO    Analysis session 'session_0' disconnected.
2026-02-23 14:14:57.055977 (4475) lic__man INFO    Unclaim everything for 'session_0'.
2026-02-23 14:14:57.056686 (4475) session_ INFO    Process for analysis session 'session_0' has exited with exit status '0'.
2026-02-23 14:14:59.040856 (4475) lic_core INFO    (2) checkin jasper_fao
2026-02-23 14:14:59.042774 (4475) main____ INFO    Exiting with status 0.
