2026-02-23 13:45:58.683551 (120597) main____ INFO    ----------------------------------------
2026-02-23 13:45:58.683638 (120597) main____ INFO    JasperGold version info
2026-02-23 13:45:58.683658 (120597) main____ INFO      tool      : JasperGold 2021.03
2026-02-23 13:45:58.683667 (120597) main____ INFO      version   : 2021.03 FCS 64 bits
2026-02-23 13:45:58.683673 (120597) main____ INFO      build date: 2021.03.23 02:50:43 UTC
2026-02-23 13:45:58.683679 (120597) main____ INFO    ----------------------------------------
2026-02-23 13:45:58.683684 (120597) main____ INFO    Runtime info:
2026-02-23 13:45:58.683689 (120597) main____ INFO      platform  : Linux 5.14.0-570.84.1.el9_6.x86_64 x86_64
2026-02-23 13:45:58.683695 (120597) main____ INFO      hostname  : della-h14n2
2026-02-23 13:45:58.683700 (120597) main____ INFO      pid       : 120597
2026-02-23 13:45:58.683706 (120597) main____ INFO      arguments : '-style' 'windows' '-batch' '-proj' './verification_results/02565/jgproject' '-tcl' './jasper_verif_check.tcl'
2026-02-23 13:45:58.683716 (120597) main____ INFO      locale    : UTF-8
2026-02-23 13:45:58.683721 (120597) main____ INFO    ----------------------------------------
2026-02-23 13:45:58.683727 (120597) main____ INFO    System resource limits info:
2026-02-23 13:45:58.683733 (120597) main____ INFO      virtual memory: unlimited
2026-02-23 13:45:58.683738 (120597) main____ INFO      cpu time      : unlimited
2026-02-23 13:45:58.683743 (120597) main____ INFO      stack size    : unlimited
2026-02-23 13:45:58.683749 (120597) main____ INFO      core file size: unlimited
2026-02-23 13:45:58.683757 (120597) main____ INFO      open files    : 131072
2026-02-23 13:45:58.683762 (120597) main____ INFO      file size     : unlimited
2026-02-23 13:45:58.683766 (120597) main____ INFO    ----------------------------------------
2026-02-23 13:45:58.683771 (120597) main____ INFO    Memory statistics:
2026-02-23 13:45:58.683777 (120597) main____ INFO      total physical memory  : 1584164328 kB
2026-02-23 13:45:58.683783 (120597) main____ INFO      free physical memory   : 750265768 kB
2026-02-23 13:45:58.683787 (120597) main____ INFO      committed address space: 676193604 kB
2026-02-23 13:45:58.683792 (120597) main____ INFO    ----------------------------------------
2026-02-23 13:45:58.684331 (120597) main____ INFO    Important environment variables:
2026-02-23 13:45:58.684346 (120597) main____ INFO      JASPER_HOME       : '/usr/licensed/cadence-20210126/jasper_2021.03'
2026-02-23 13:45:58.684353 (120597) main____ INFO      JASPER_INSTALL_DIR: '/scratch/gpfs/LICENSED/x86_64/cadence-20210126/jasper_2021.03'
2026-02-23 13:45:58.684359 (120597) main____ INFO      LANG              : 'en_US.UTF-8'
2026-02-23 13:45:58.684364 (120597) main____ INFO      LM_LICENSE_FILE   : '5280@license.rc.princeton.edu'
2026-02-23 13:45:58.684370 (120597) main____ INFO      TMPDIR            : '/tmp/ab2113/jg_5018922_44'
2026-02-23 13:45:58.684376 (120597) main____ INFO    ----------------------------------------
2026-02-23 13:45:58.684867 (120597) lic_core INFO    Initializing license system ...
2026-02-23 13:45:58.685469 (120597) lic_core INFO    ... license system initialized.
2026-02-23 13:45:58.686288 (120597) lic__man INFO    Claim 'fpv' for <ui>.
2026-02-23 13:45:58.686323 (120597) lic_core INFO    (1) checking out 'jasper_fpv' ...
2026-02-23 13:45:58.692584 (120597) lic_core INFO    ... (1) checkout failed (error: -5) ("FLEXnet ERROR(-5, 0, 0): No such feature exists.")
2026-02-23 13:45:58.692621 (120597) lic_core INFO    (2) checking out 'jasper_fao' ...
2026-02-23 13:45:58.701377 (120597) lic_core INFO    ... (2) checkout succeeded
2026-02-23 13:45:58.713143 (120597) session_ INFO    Starting analysis session with session id 'session_0' (launcher: <local>) ...
2026-02-23 13:45:58.717056 (120597) session_ INFO    Analysis session with session id 'session_0' started (pid: 120745)
2026-02-23 13:45:59.285079 (120597) session_ INFO    Analysis session 'session_0' connected to the console (host: 127.0.0.1:39456)
2026-02-23 13:46:00.097918 (120597) main____ INFO    About to exit: request to exit with status 1 received from analysis session 'session_0'
2026-02-23 13:46:00.150842 (120597) session_ INFO    Analysis session 'session_0' disconnected.
2026-02-23 13:46:00.150983 (120597) lic__man INFO    Unclaim everything for 'session_0'.
2026-02-23 13:46:00.151747 (120597) session_ INFO    Process for analysis session 'session_0' has exited with exit status '1'.
2026-02-23 13:46:02.004260 (120597) lic_core INFO    (2) checkin jasper_fao
2026-02-23 13:46:02.005589 (120597) main____ INFO    Exiting with status 1.
