2026-02-23 13:53:17.874535 (1757116) main____ INFO    ----------------------------------------
2026-02-23 13:53:17.874605 (1757116) main____ INFO    JasperGold version info
2026-02-23 13:53:17.874622 (1757116) main____ INFO      tool      : JasperGold 2021.03
2026-02-23 13:53:17.874631 (1757116) main____ INFO      version   : 2021.03 FCS 64 bits
2026-02-23 13:53:17.874636 (1757116) main____ INFO      build date: 2021.03.23 02:50:43 UTC
2026-02-23 13:53:17.874641 (1757116) main____ INFO    ----------------------------------------
2026-02-23 13:53:17.874646 (1757116) main____ INFO    Runtime info:
2026-02-23 13:53:17.874652 (1757116) main____ INFO      platform  : Linux 5.14.0-570.84.1.el9_6.x86_64 x86_64
2026-02-23 13:53:17.874657 (1757116) main____ INFO      hostname  : della-h14n7
2026-02-23 13:53:17.874663 (1757116) main____ INFO      pid       : 1757116
2026-02-23 13:53:17.874668 (1757116) main____ INFO      arguments : '-style' 'windows' '-batch' '-proj' './verification_results/03162/jgproject' '-tcl' './jasper_verif_check.tcl'
2026-02-23 13:53:17.874675 (1757116) main____ INFO      locale    : UTF-8
2026-02-23 13:53:17.874680 (1757116) main____ INFO    ----------------------------------------
2026-02-23 13:53:17.874685 (1757116) main____ INFO    System resource limits info:
2026-02-23 13:53:17.874690 (1757116) main____ INFO      virtual memory: unlimited
2026-02-23 13:53:17.874695 (1757116) main____ INFO      cpu time      : unlimited
2026-02-23 13:53:17.874699 (1757116) main____ INFO      stack size    : unlimited
2026-02-23 13:53:17.874704 (1757116) main____ INFO      core file size: unlimited
2026-02-23 13:53:17.874711 (1757116) main____ INFO      open files    : 131072
2026-02-23 13:53:17.874716 (1757116) main____ INFO      file size     : unlimited
2026-02-23 13:53:17.874721 (1757116) main____ INFO    ----------------------------------------
2026-02-23 13:53:17.874726 (1757116) main____ INFO    Memory statistics:
2026-02-23 13:53:17.874731 (1757116) main____ INFO      total physical memory  : 1584164356 kB
2026-02-23 13:53:17.874735 (1757116) main____ INFO      free physical memory   : 801845740 kB
2026-02-23 13:53:17.874740 (1757116) main____ INFO      committed address space: 612954816 kB
2026-02-23 13:53:17.874745 (1757116) main____ INFO    ----------------------------------------
2026-02-23 13:53:17.875264 (1757116) main____ INFO    Important environment variables:
2026-02-23 13:53:17.875277 (1757116) main____ INFO      JASPER_HOME       : '/usr/licensed/cadence-20210126/jasper_2021.03'
2026-02-23 13:53:17.875283 (1757116) main____ INFO      JASPER_INSTALL_DIR: '/scratch/gpfs/LICENSED/x86_64/cadence-20210126/jasper_2021.03'
2026-02-23 13:53:17.875289 (1757116) main____ INFO      LANG              : 'en_US.UTF-8'
2026-02-23 13:53:17.875294 (1757116) main____ INFO      LM_LICENSE_FILE   : '5280@license.rc.princeton.edu'
2026-02-23 13:53:17.875300 (1757116) main____ INFO      TMPDIR            : '/tmp/ab2113/jg_5018982_55'
2026-02-23 13:53:17.875304 (1757116) main____ INFO    ----------------------------------------
2026-02-23 13:53:17.875740 (1757116) lic_core INFO    Initializing license system ...
2026-02-23 13:53:17.876273 (1757116) lic_core INFO    ... license system initialized.
2026-02-23 13:53:17.877007 (1757116) lic__man INFO    Claim 'fpv' for <ui>.
2026-02-23 13:53:17.877039 (1757116) lic_core INFO    (1) checking out 'jasper_fpv' ...
2026-02-23 13:53:17.882454 (1757116) lic_core INFO    ... (1) checkout failed (error: -5) ("FLEXnet ERROR(-5, 0, 0): No such feature exists.")
2026-02-23 13:53:17.882480 (1757116) lic_core INFO    (2) checking out 'jasper_fao' ...
2026-02-23 13:53:17.890930 (1757116) lic_core INFO    ... (2) checkout succeeded
2026-02-23 13:53:17.902668 (1757116) session_ INFO    Starting analysis session with session id 'session_0' (launcher: <local>) ...
2026-02-23 13:53:17.905221 (1757116) session_ INFO    Analysis session with session id 'session_0' started (pid: 1757138)
2026-02-23 13:53:18.407194 (1757116) session_ INFO    Analysis session 'session_0' connected to the console (host: 127.0.0.1:50896)
2026-02-23 13:53:19.146345 (1757116) lic__man INFO    Unclaim everything for 'session_0'.
2026-02-23 13:53:19.202302 (1757116) main____ INFO    About to exit: request to exit with status 3 received from analysis session 'session_0'
2026-02-23 13:53:19.249563 (1757116) session_ INFO    Analysis session 'session_0' disconnected.
2026-02-23 13:53:19.249680 (1757116) lic__man INFO    Unclaim everything for 'session_0'.
2026-02-23 13:53:19.250163 (1757116) session_ INFO    Process for analysis session 'session_0' has exited with exit status '3'.
2026-02-23 13:53:21.105963 (1757116) lic_core INFO    (2) checkin jasper_fao
2026-02-23 13:53:21.107241 (1757116) main____ INFO    Exiting with status 3.
