2026-02-23 13:44:52.904963 (920031) main____ INFO    ----------------------------------------
2026-02-23 13:44:52.905051 (920031) main____ INFO    JasperGold version info
2026-02-23 13:44:52.905065 (920031) main____ INFO      tool      : JasperGold 2021.03
2026-02-23 13:44:52.905074 (920031) main____ INFO      version   : 2021.03 FCS 64 bits
2026-02-23 13:44:52.905081 (920031) main____ INFO      build date: 2021.03.23 02:50:43 UTC
2026-02-23 13:44:52.905087 (920031) main____ INFO    ----------------------------------------
2026-02-23 13:44:52.905092 (920031) main____ INFO    Runtime info:
2026-02-23 13:44:52.905097 (920031) main____ INFO      platform  : Linux 5.14.0-570.84.1.el9_6.x86_64 x86_64
2026-02-23 13:44:52.905103 (920031) main____ INFO      hostname  : della-h14n16
2026-02-23 13:44:52.905109 (920031) main____ INFO      pid       : 920031
2026-02-23 13:44:52.905114 (920031) main____ INFO      arguments : '-style' 'windows' '-batch' '-proj' './verification_results/02265/jgproject' '-tcl' './jasper_verif_check.tcl'
2026-02-23 13:44:52.905122 (920031) main____ INFO      locale    : UTF-8
2026-02-23 13:44:52.905127 (920031) main____ INFO    ----------------------------------------
2026-02-23 13:44:52.905133 (920031) main____ INFO    System resource limits info:
2026-02-23 13:44:52.905139 (920031) main____ INFO      virtual memory: unlimited
2026-02-23 13:44:52.905144 (920031) main____ INFO      cpu time      : unlimited
2026-02-23 13:44:52.905150 (920031) main____ INFO      stack size    : unlimited
2026-02-23 13:44:52.905156 (920031) main____ INFO      core file size: unlimited
2026-02-23 13:44:52.905164 (920031) main____ INFO      open files    : 131072
2026-02-23 13:44:52.905170 (920031) main____ INFO      file size     : unlimited
2026-02-23 13:44:52.905175 (920031) main____ INFO    ----------------------------------------
2026-02-23 13:44:52.905180 (920031) main____ INFO    Memory statistics:
2026-02-23 13:44:52.905185 (920031) main____ INFO      total physical memory  : 1584164324 kB
2026-02-23 13:44:52.905189 (920031) main____ INFO      free physical memory   : 933569000 kB
2026-02-23 13:44:52.905194 (920031) main____ INFO      committed address space: 438154660 kB
2026-02-23 13:44:52.905199 (920031) main____ INFO    ----------------------------------------
2026-02-23 13:44:52.905737 (920031) main____ INFO    Important environment variables:
2026-02-23 13:44:52.905753 (920031) main____ INFO      JASPER_HOME       : '/usr/licensed/cadence-20210126/jasper_2021.03'
2026-02-23 13:44:52.905759 (920031) main____ INFO      JASPER_INSTALL_DIR: '/scratch/gpfs/LICENSED/x86_64/cadence-20210126/jasper_2021.03'
2026-02-23 13:44:52.905766 (920031) main____ INFO      LANG              : 'en_US.UTF-8'
2026-02-23 13:44:52.905771 (920031) main____ INFO      LM_LICENSE_FILE   : '5280@license.rc.princeton.edu'
2026-02-23 13:44:52.905777 (920031) main____ INFO      TMPDIR            : '/tmp/ab2113/jg_5018903_38'
2026-02-23 13:44:52.905782 (920031) main____ INFO    ----------------------------------------
2026-02-23 13:44:52.906211 (920031) lic_core INFO    Initializing license system ...
2026-02-23 13:44:52.906810 (920031) lic_core INFO    ... license system initialized.
2026-02-23 13:44:52.907613 (920031) lic__man INFO    Claim 'fpv' for <ui>.
2026-02-23 13:44:52.907648 (920031) lic_core INFO    (1) checking out 'jasper_fpv' ...
2026-02-23 13:44:52.913366 (920031) lic_core INFO    ... (1) checkout failed (error: -5) ("FLEXnet ERROR(-5, 0, 0): No such feature exists.")
2026-02-23 13:44:52.913399 (920031) lic_core INFO    (2) checking out 'jasper_fao' ...
2026-02-23 13:44:52.922097 (920031) lic_core INFO    ... (2) checkout succeeded
2026-02-23 13:44:52.933991 (920031) session_ INFO    Starting analysis session with session id 'session_0' (launcher: <local>) ...
2026-02-23 13:44:52.937040 (920031) session_ INFO    Analysis session with session id 'session_0' started (pid: 920040)
2026-02-23 13:44:53.664762 (920031) session_ INFO    Analysis session 'session_0' connected to the console (host: 127.0.0.1:34414)
2026-02-23 13:44:54.535686 (920031) main____ INFO    About to exit: request to exit with status 1 received from analysis session 'session_0'
2026-02-23 13:44:54.660386 (920031) session_ INFO    Analysis session 'session_0' disconnected.
2026-02-23 13:44:54.660972 (920031) lic__man INFO    Unclaim everything for 'session_0'.
2026-02-23 13:44:54.662118 (920031) session_ INFO    Process for analysis session 'session_0' has exited with exit status '1'.
2026-02-23 13:44:56.592401 (920031) lic_core INFO    (2) checkin jasper_fao
2026-02-23 13:44:56.593636 (920031) main____ INFO    Exiting with status 1.
