2026-02-23 13:53:38.281009 (3918221) main____ INFO    ----------------------------------------
2026-02-23 13:53:38.281111 (3918221) main____ INFO    JasperGold version info
2026-02-23 13:53:38.281129 (3918221) main____ INFO      tool      : JasperGold 2021.03
2026-02-23 13:53:38.281138 (3918221) main____ INFO      version   : 2021.03 FCS 64 bits
2026-02-23 13:53:38.281143 (3918221) main____ INFO      build date: 2021.03.23 02:50:43 UTC
2026-02-23 13:53:38.281147 (3918221) main____ INFO    ----------------------------------------
2026-02-23 13:53:38.281152 (3918221) main____ INFO    Runtime info:
2026-02-23 13:53:38.281156 (3918221) main____ INFO      platform  : Linux 5.14.0-570.84.1.el9_6.x86_64 x86_64
2026-02-23 13:53:38.281162 (3918221) main____ INFO      hostname  : della-r3c3n11
2026-02-23 13:53:38.281172 (3918221) main____ INFO      pid       : 3918221
2026-02-23 13:53:38.281177 (3918221) main____ INFO      arguments : '-style' 'windows' '-batch' '-proj' './verification_results/03777/jgproject' '-tcl' './jasper_verif_check.tcl'
2026-02-23 13:53:38.281185 (3918221) main____ INFO      locale    : UTF-8
2026-02-23 13:53:38.281189 (3918221) main____ INFO    ----------------------------------------
2026-02-23 13:53:38.281193 (3918221) main____ INFO    System resource limits info:
2026-02-23 13:53:38.281198 (3918221) main____ INFO      virtual memory: unlimited
2026-02-23 13:53:38.281203 (3918221) main____ INFO      cpu time      : unlimited
2026-02-23 13:53:38.281207 (3918221) main____ INFO      stack size    : unlimited
2026-02-23 13:53:38.281211 (3918221) main____ INFO      core file size: unlimited
2026-02-23 13:53:38.281218 (3918221) main____ INFO      open files    : 131072
2026-02-23 13:53:38.281223 (3918221) main____ INFO      file size     : unlimited
2026-02-23 13:53:38.281227 (3918221) main____ INFO    ----------------------------------------
2026-02-23 13:53:38.281231 (3918221) main____ INFO    Memory statistics:
2026-02-23 13:53:38.281235 (3918221) main____ INFO      total physical memory  : 195972156 kB
2026-02-23 13:53:38.281239 (3918221) main____ INFO      free physical memory   : 85575140 kB
2026-02-23 13:53:38.281243 (3918221) main____ INFO      committed address space: 61327484 kB
2026-02-23 13:53:38.281247 (3918221) main____ INFO    ----------------------------------------
2026-02-23 13:53:38.282218 (3918221) main____ INFO    Important environment variables:
2026-02-23 13:53:38.282236 (3918221) main____ INFO      JASPER_HOME       : '/usr/licensed/cadence-20210126/jasper_2021.03'
2026-02-23 13:53:38.282243 (3918221) main____ INFO      JASPER_INSTALL_DIR: '/scratch/gpfs/LICENSED/x86_64/cadence-20210126/jasper_2021.03'
2026-02-23 13:53:38.282248 (3918221) main____ INFO      LANG              : 'en_US.UTF-8'
2026-02-23 13:53:38.282253 (3918221) main____ INFO      LM_LICENSE_FILE   : '5280@license.rc.princeton.edu'
2026-02-23 13:53:38.282258 (3918221) main____ INFO      TMPDIR            : '/tmp/ab2113/jg_5019070_68'
2026-02-23 13:53:38.282263 (3918221) main____ INFO    ----------------------------------------
2026-02-23 13:53:38.283101 (3918221) lic_core INFO    Initializing license system ...
2026-02-23 13:53:38.283957 (3918221) lic_core INFO    ... license system initialized.
2026-02-23 13:53:38.284730 (3918221) lic__man INFO    Claim 'fpv' for <ui>.
2026-02-23 13:53:38.284770 (3918221) lic_core INFO    (1) checking out 'jasper_fpv' ...
2026-02-23 13:53:38.290724 (3918221) lic_core INFO    ... (1) checkout failed (error: -5) ("FLEXnet ERROR(-5, 0, 0): No such feature exists.")
2026-02-23 13:53:38.290781 (3918221) lic_core INFO    (2) checking out 'jasper_fao' ...
2026-02-23 13:53:38.301186 (3918221) lic_core INFO    ... (2) checkout succeeded
2026-02-23 13:53:38.315696 (3918221) session_ INFO    Starting analysis session with session id 'session_0' (launcher: <local>) ...
2026-02-23 13:53:38.318613 (3918221) session_ INFO    Analysis session with session id 'session_0' started (pid: 3918230)
2026-02-23 13:53:39.018202 (3918221) session_ INFO    Analysis session 'session_0' connected to the console (host: 127.0.0.1:33396)
2026-02-23 13:53:39.552211 (3918221) main____ INFO    About to exit: request to exit with status 1 received from analysis session 'session_0'
2026-02-23 13:53:39.628039 (3918221) session_ INFO    Analysis session 'session_0' disconnected.
2026-02-23 13:53:39.628177 (3918221) lic__man INFO    Unclaim everything for 'session_0'.
2026-02-23 13:53:39.628816 (3918221) session_ INFO    Process for analysis session 'session_0' has exited with exit status '1'.
2026-02-23 13:53:41.536098 (3918221) lic_core INFO    (2) checkin jasper_fao
2026-02-23 13:53:41.537628 (3918221) main____ INFO    Exiting with status 1.
