2026-02-23 13:43:31.264144 (1376026) main____ INFO    ----------------------------------------
2026-02-23 13:43:31.264256 (1376026) main____ INFO    JasperGold version info
2026-02-23 13:43:31.264275 (1376026) main____ INFO      tool      : JasperGold 2021.03
2026-02-23 13:43:31.264284 (1376026) main____ INFO      version   : 2021.03 FCS 64 bits
2026-02-23 13:43:31.264289 (1376026) main____ INFO      build date: 2021.03.23 02:50:43 UTC
2026-02-23 13:43:31.264294 (1376026) main____ INFO    ----------------------------------------
2026-02-23 13:43:31.264298 (1376026) main____ INFO    Runtime info:
2026-02-23 13:43:31.264303 (1376026) main____ INFO      platform  : Linux 5.14.0-570.84.1.el9_6.x86_64 x86_64
2026-02-23 13:43:31.264310 (1376026) main____ INFO      hostname  : della-r3c3n3
2026-02-23 13:43:31.264315 (1376026) main____ INFO      pid       : 1376026
2026-02-23 13:43:31.264320 (1376026) main____ INFO      arguments : '-style' 'windows' '-batch' '-proj' './verification_results/01825/jgproject' '-tcl' './jasper_verif_check.tcl'
2026-02-23 13:43:31.264328 (1376026) main____ INFO      locale    : UTF-8
2026-02-23 13:43:31.264333 (1376026) main____ INFO    ----------------------------------------
2026-02-23 13:43:31.264337 (1376026) main____ INFO    System resource limits info:
2026-02-23 13:43:31.264342 (1376026) main____ INFO      virtual memory: unlimited
2026-02-23 13:43:31.264346 (1376026) main____ INFO      cpu time      : unlimited
2026-02-23 13:43:31.264351 (1376026) main____ INFO      stack size    : unlimited
2026-02-23 13:43:31.264356 (1376026) main____ INFO      core file size: unlimited
2026-02-23 13:43:31.264364 (1376026) main____ INFO      open files    : 131072
2026-02-23 13:43:31.264368 (1376026) main____ INFO      file size     : unlimited
2026-02-23 13:43:31.264373 (1376026) main____ INFO    ----------------------------------------
2026-02-23 13:43:31.264377 (1376026) main____ INFO    Memory statistics:
2026-02-23 13:43:31.264381 (1376026) main____ INFO      total physical memory  : 195972168 kB
2026-02-23 13:43:31.264386 (1376026) main____ INFO      free physical memory   : 107539128 kB
2026-02-23 13:43:31.264390 (1376026) main____ INFO      committed address space: 56903124 kB
2026-02-23 13:43:31.264394 (1376026) main____ INFO    ----------------------------------------
2026-02-23 13:43:31.265446 (1376026) main____ INFO    Important environment variables:
2026-02-23 13:43:31.265464 (1376026) main____ INFO      JASPER_HOME       : '/usr/licensed/cadence-20210126/jasper_2021.03'
2026-02-23 13:43:31.265471 (1376026) main____ INFO      JASPER_INSTALL_DIR: '/scratch/gpfs/LICENSED/x86_64/cadence-20210126/jasper_2021.03'
2026-02-23 13:43:31.265477 (1376026) main____ INFO      LANG              : 'en_US.UTF-8'
2026-02-23 13:43:31.265482 (1376026) main____ INFO      LM_LICENSE_FILE   : '5280@license.rc.princeton.edu'
2026-02-23 13:43:31.265487 (1376026) main____ INFO      TMPDIR            : '/tmp/ab2113/jg_5018861_29'
2026-02-23 13:43:31.265492 (1376026) main____ INFO    ----------------------------------------
2026-02-23 13:43:31.266090 (1376026) lic_core INFO    Initializing license system ...
2026-02-23 13:43:31.267016 (1376026) lic_core INFO    ... license system initialized.
2026-02-23 13:43:31.267883 (1376026) lic__man INFO    Claim 'fpv' for <ui>.
2026-02-23 13:43:31.267923 (1376026) lic_core INFO    (1) checking out 'jasper_fpv' ...
2026-02-23 13:43:31.273600 (1376026) lic_core INFO    ... (1) checkout failed (error: -5) ("FLEXnet ERROR(-5, 0, 0): No such feature exists.")
2026-02-23 13:43:31.273652 (1376026) lic_core INFO    (2) checking out 'jasper_fao' ...
2026-02-23 13:43:31.285481 (1376026) lic_core INFO    ... (2) checkout succeeded
2026-02-23 13:43:31.301154 (1376026) session_ INFO    Starting analysis session with session id 'session_0' (launcher: <local>) ...
2026-02-23 13:43:31.304316 (1376026) session_ INFO    Analysis session with session id 'session_0' started (pid: 1376034)
2026-02-23 13:43:32.108544 (1376026) session_ INFO    Analysis session 'session_0' connected to the console (host: 127.0.0.1:43280)
2026-02-23 13:43:32.981357 (1376026) lic__man INFO    Unclaim everything for 'session_0'.
2026-02-23 13:43:33.274991 (1376026) lic__man INFO    Claim 'fpv' for 'session_0'.
2026-02-23 13:43:33.275044 (1376026) lic__man INFO    Claim 'fpv' for 'session_0/prove-0'.
2026-02-23 13:43:33.429237 (1376026) lic__man INFO    Unclaim everything for 'session_0/prove-0'.
2026-02-23 13:43:33.486535 (1376026) main____ INFO    About to exit: request to exit with status 0 received from analysis session 'session_0'
2026-02-23 13:43:33.583302 (1376026) session_ INFO    Analysis session 'session_0' disconnected.
2026-02-23 13:43:33.583470 (1376026) lic__man INFO    Unclaim everything for 'session_0'.
2026-02-23 13:43:33.584035 (1376026) session_ INFO    Process for analysis session 'session_0' has exited with exit status '0'.
2026-02-23 13:43:35.538294 (1376026) lic_core INFO    (2) checkin jasper_fao
2026-02-23 13:43:35.540052 (1376026) main____ INFO    Exiting with status 0.
