2026-02-23 13:52:00.420649 (2079159) main____ INFO    ----------------------------------------
2026-02-23 13:52:00.420740 (2079159) main____ INFO    JasperGold version info
2026-02-23 13:52:00.420759 (2079159) main____ INFO      tool      : JasperGold 2021.03
2026-02-23 13:52:00.420768 (2079159) main____ INFO      version   : 2021.03 FCS 64 bits
2026-02-23 13:52:00.420773 (2079159) main____ INFO      build date: 2021.03.23 02:50:43 UTC
2026-02-23 13:52:00.420778 (2079159) main____ INFO    ----------------------------------------
2026-02-23 13:52:00.420782 (2079159) main____ INFO    Runtime info:
2026-02-23 13:52:00.420787 (2079159) main____ INFO      platform  : Linux 5.14.0-570.84.1.el9_6.x86_64 x86_64
2026-02-23 13:52:00.420793 (2079159) main____ INFO      hostname  : della-r3c1n15
2026-02-23 13:52:00.420798 (2079159) main____ INFO      pid       : 2079159
2026-02-23 13:52:00.420803 (2079159) main____ INFO      arguments : '-style' 'windows' '-batch' '-proj' './verification_results/03524/jgproject' '-tcl' './jasper_verif_check.tcl'
2026-02-23 13:52:00.420812 (2079159) main____ INFO      locale    : UTF-8
2026-02-23 13:52:00.420816 (2079159) main____ INFO    ----------------------------------------
2026-02-23 13:52:00.420820 (2079159) main____ INFO    System resource limits info:
2026-02-23 13:52:00.420824 (2079159) main____ INFO      virtual memory: unlimited
2026-02-23 13:52:00.420829 (2079159) main____ INFO      cpu time      : unlimited
2026-02-23 13:52:00.420833 (2079159) main____ INFO      stack size    : unlimited
2026-02-23 13:52:00.420838 (2079159) main____ INFO      core file size: unlimited
2026-02-23 13:52:00.420845 (2079159) main____ INFO      open files    : 131072
2026-02-23 13:52:00.420850 (2079159) main____ INFO      file size     : unlimited
2026-02-23 13:52:00.420854 (2079159) main____ INFO    ----------------------------------------
2026-02-23 13:52:00.420858 (2079159) main____ INFO    Memory statistics:
2026-02-23 13:52:00.420863 (2079159) main____ INFO      total physical memory  : 195972072 kB
2026-02-23 13:52:00.420867 (2079159) main____ INFO      free physical memory   : 106811276 kB
2026-02-23 13:52:00.420871 (2079159) main____ INFO      committed address space: 17052980 kB
2026-02-23 13:52:00.420875 (2079159) main____ INFO    ----------------------------------------
2026-02-23 13:52:00.421826 (2079159) main____ INFO    Important environment variables:
2026-02-23 13:52:00.421841 (2079159) main____ INFO      JASPER_HOME       : '/usr/licensed/cadence-20210126/jasper_2021.03'
2026-02-23 13:52:00.421848 (2079159) main____ INFO      JASPER_INSTALL_DIR: '/scratch/gpfs/LICENSED/x86_64/cadence-20210126/jasper_2021.03'
2026-02-23 13:52:00.421853 (2079159) main____ INFO      LANG              : 'en_US.UTF-8'
2026-02-23 13:52:00.421859 (2079159) main____ INFO      LM_LICENSE_FILE   : '5280@license.rc.princeton.edu'
2026-02-23 13:52:00.421864 (2079159) main____ INFO      TMPDIR            : '/tmp/ab2113/jg_5019032_63'
2026-02-23 13:52:00.421868 (2079159) main____ INFO    ----------------------------------------
2026-02-23 13:52:00.423670 (2079159) lic_core INFO    Initializing license system ...
2026-02-23 13:52:00.424090 (2079159) lic_core INFO    ... license system initialized.
2026-02-23 13:52:00.424872 (2079159) lic__man INFO    Claim 'fpv' for <ui>.
2026-02-23 13:52:00.424907 (2079159) lic_core INFO    (1) checking out 'jasper_fpv' ...
2026-02-23 13:52:00.430753 (2079159) lic_core INFO    ... (1) checkout failed (error: -5) ("FLEXnet ERROR(-5, 0, 0): No such feature exists.")
2026-02-23 13:52:00.430780 (2079159) lic_core INFO    (2) checking out 'jasper_fao' ...
2026-02-23 13:52:00.441282 (2079159) lic_core INFO    ... (2) checkout succeeded
2026-02-23 13:52:00.456517 (2079159) session_ INFO    Starting analysis session with session id 'session_0' (launcher: <local>) ...
2026-02-23 13:52:00.459400 (2079159) session_ INFO    Analysis session with session id 'session_0' started (pid: 2079167)
2026-02-23 13:52:01.179857 (2079159) session_ INFO    Analysis session 'session_0' connected to the console (host: 127.0.0.1:60626)
2026-02-23 13:52:02.077330 (2079159) main____ INFO    About to exit: request to exit with status 1 received from analysis session 'session_0'
2026-02-23 13:52:02.171922 (2079159) session_ INFO    Analysis session 'session_0' disconnected.
2026-02-23 13:52:02.172088 (2079159) lic__man INFO    Unclaim everything for 'session_0'.
2026-02-23 13:52:02.172738 (2079159) session_ INFO    Process for analysis session 'session_0' has exited with exit status '1'.
2026-02-23 13:52:04.183042 (2079159) lic_core INFO    (2) checkin jasper_fao
2026-02-23 13:52:04.184738 (2079159) main____ INFO    Exiting with status 1.
