2026-02-23 13:52:42.952845 (2080082) main____ INFO    ----------------------------------------
2026-02-23 13:52:42.952955 (2080082) main____ INFO    JasperGold version info
2026-02-23 13:52:42.952975 (2080082) main____ INFO      tool      : JasperGold 2021.03
2026-02-23 13:52:42.952985 (2080082) main____ INFO      version   : 2021.03 FCS 64 bits
2026-02-23 13:52:42.952991 (2080082) main____ INFO      build date: 2021.03.23 02:50:43 UTC
2026-02-23 13:52:42.952996 (2080082) main____ INFO    ----------------------------------------
2026-02-23 13:52:42.953000 (2080082) main____ INFO    Runtime info:
2026-02-23 13:52:42.953006 (2080082) main____ INFO      platform  : Linux 5.14.0-570.84.1.el9_6.x86_64 x86_64
2026-02-23 13:52:42.953014 (2080082) main____ INFO      hostname  : della-r3c1n15
2026-02-23 13:52:42.953020 (2080082) main____ INFO      pid       : 2080082
2026-02-23 13:52:42.953025 (2080082) main____ INFO      arguments : '-style' 'windows' '-batch' '-proj' './verification_results/03535/jgproject' '-tcl' './jasper_verif_check.tcl'
2026-02-23 13:52:42.953036 (2080082) main____ INFO      locale    : UTF-8
2026-02-23 13:52:42.953040 (2080082) main____ INFO    ----------------------------------------
2026-02-23 13:52:42.953045 (2080082) main____ INFO    System resource limits info:
2026-02-23 13:52:42.953050 (2080082) main____ INFO      virtual memory: unlimited
2026-02-23 13:52:42.953055 (2080082) main____ INFO      cpu time      : unlimited
2026-02-23 13:52:42.953060 (2080082) main____ INFO      stack size    : unlimited
2026-02-23 13:52:42.953065 (2080082) main____ INFO      core file size: unlimited
2026-02-23 13:52:42.953074 (2080082) main____ INFO      open files    : 131072
2026-02-23 13:52:42.953079 (2080082) main____ INFO      file size     : unlimited
2026-02-23 13:52:42.953084 (2080082) main____ INFO    ----------------------------------------
2026-02-23 13:52:42.953088 (2080082) main____ INFO    Memory statistics:
2026-02-23 13:52:42.953093 (2080082) main____ INFO      total physical memory  : 195972072 kB
2026-02-23 13:52:42.953097 (2080082) main____ INFO      free physical memory   : 107184720 kB
2026-02-23 13:52:42.953102 (2080082) main____ INFO      committed address space: 16724016 kB
2026-02-23 13:52:42.953107 (2080082) main____ INFO    ----------------------------------------
2026-02-23 13:52:42.954204 (2080082) main____ INFO    Important environment variables:
2026-02-23 13:52:42.954231 (2080082) main____ INFO      JASPER_HOME       : '/usr/licensed/cadence-20210126/jasper_2021.03'
2026-02-23 13:52:42.954239 (2080082) main____ INFO      JASPER_INSTALL_DIR: '/scratch/gpfs/LICENSED/x86_64/cadence-20210126/jasper_2021.03'
2026-02-23 13:52:42.954245 (2080082) main____ INFO      LANG              : 'en_US.UTF-8'
2026-02-23 13:52:42.954250 (2080082) main____ INFO      LM_LICENSE_FILE   : '5280@license.rc.princeton.edu'
2026-02-23 13:52:42.954256 (2080082) main____ INFO      TMPDIR            : '/tmp/ab2113/jg_5019032_63'
2026-02-23 13:52:42.954261 (2080082) main____ INFO    ----------------------------------------
2026-02-23 13:52:42.955227 (2080082) lic_core INFO    Initializing license system ...
2026-02-23 13:52:42.956162 (2080082) lic_core INFO    ... license system initialized.
2026-02-23 13:52:42.957037 (2080082) lic__man INFO    Claim 'fpv' for <ui>.
2026-02-23 13:52:42.957085 (2080082) lic_core INFO    (1) checking out 'jasper_fpv' ...
2026-02-23 13:52:42.962803 (2080082) lic_core INFO    ... (1) checkout failed (error: -5) ("FLEXnet ERROR(-5, 0, 0): No such feature exists.")
2026-02-23 13:52:42.962840 (2080082) lic_core INFO    (2) checking out 'jasper_fao' ...
2026-02-23 13:52:42.973828 (2080082) lic_core INFO    ... (2) checkout succeeded
2026-02-23 13:52:42.989747 (2080082) session_ INFO    Starting analysis session with session id 'session_0' (launcher: <local>) ...
2026-02-23 13:52:42.993822 (2080082) session_ INFO    Analysis session with session id 'session_0' started (pid: 2080090)
2026-02-23 13:52:43.732265 (2080082) session_ INFO    Analysis session 'session_0' connected to the console (host: 127.0.0.1:34800)
2026-02-23 13:52:44.663305 (2080082) lic__man INFO    Unclaim everything for 'session_0'.
2026-02-23 13:52:44.716441 (2080082) lic__man INFO    Claim 'fpv' for 'session_0'.
2026-02-23 13:52:44.716492 (2080082) lic__man INFO    Claim 'fpv' for 'session_0/prove-0'.
2026-02-23 13:52:44.996093 (2080082) lic__man INFO    Unclaim everything for 'session_0/prove-0'.
2026-02-23 13:52:45.053267 (2080082) main____ INFO    About to exit: request to exit with status 0 received from analysis session 'session_0'
2026-02-23 13:52:45.150512 (2080082) session_ INFO    Analysis session 'session_0' disconnected.
2026-02-23 13:52:45.150658 (2080082) lic__man INFO    Unclaim everything for 'session_0'.
2026-02-23 13:52:45.151426 (2080082) session_ INFO    Process for analysis session 'session_0' has exited with exit status '0'.
2026-02-23 13:52:47.159692 (2080082) lic_core INFO    (2) checkin jasper_fao
2026-02-23 13:52:47.161388 (2080082) main____ INFO    Exiting with status 0.
