Job 5019198 Task 87 -> IDs 4301-4350
▶️  Processing 04714 ...
🔍 Verifying 04714 ...
  module: ./04714/module.v
  sva   : ./04714/sva.sv
  tcl   : ./jasper_verif_check.tcl
✅ 04714 VERIF RUN OK
▶️  Processing 04715 ...
🔍 Verifying 04715 ...
  module: ./04715/module.v
  sva   : ./04715/sva.sv
  tcl   : ./jasper_verif_check.tcl
✅ 04715 VERIF RUN OK
▶️  Processing 04716 ...
🔍 Verifying 04716 ...
  module: ./04716/module.v
  sva   : ./04716/sva.sv
  tcl   : ./jasper_verif_check.tcl
✅ 04716 VERIF RUN OK
▶️  Processing 04717 ...
🔍 Verifying 04717 ...
  module: ./04717/module.v
  sva   : ./04717/sva.sv
  tcl   : ./jasper_verif_check.tcl
✅ 04717 VERIF RUN OK
▶️  Processing 04718 ...
🔍 Verifying 04718 ...
  module: ./04718/module.v
  sva   : ./04718/sva.sv
  tcl   : ./jasper_verif_check.tcl
❌ 04718 VERIF RUN FAIL (rc=3)
▶️  Processing 04719 ...
🔍 Verifying 04719 ...
  module: ./04719/module.v
  sva   : ./04719/sva.sv
  tcl   : ./jasper_verif_check.tcl
✅ 04719 VERIF RUN OK
▶️  Processing 04720 ...
🔍 Verifying 04720 ...
  module: ./04720/module.v
  sva   : ./04720/sva.sv
  tcl   : ./jasper_verif_check.tcl
❌ 04720 VERIF RUN FAIL (rc=1)
▶️  Processing 04721 ...
🔍 Verifying 04721 ...
  module: ./04721/module.v
  sva   : ./04721/sva.sv
  tcl   : ./jasper_verif_check.tcl
❌ 04721 VERIF RUN FAIL (rc=1)
▶️  Processing 04722 ...
🔍 Verifying 04722 ...
  module: ./04722/module.v
  sva   : ./04722/sva.sv
  tcl   : ./jasper_verif_check.tcl
✅ 04722 VERIF RUN OK
▶️  Processing 04723 ...
🔍 Verifying 04723 ...
  module: ./04723/module.v
  sva   : ./04723/sva.sv
  tcl   : ./jasper_verif_check.tcl
✅ 04723 VERIF RUN OK
▶️  Processing 04724 ...
🔍 Verifying 04724 ...
  module: ./04724/module.v
  sva   : ./04724/sva.sv
  tcl   : ./jasper_verif_check.tcl
❌ 04724 VERIF RUN FAIL (rc=1)
▶️  Processing 04725 ...
🔍 Verifying 04725 ...
  module: ./04725/module.v
  sva   : ./04725/sva.sv
  tcl   : ./jasper_verif_check.tcl
✅ 04725 VERIF RUN OK
▶️  Processing 04726 ...
🔍 Verifying 04726 ...
  module: ./04726/module.v
  sva   : ./04726/sva.sv
  tcl   : ./jasper_verif_check.tcl
✅ 04726 VERIF RUN OK
▶️  Processing 04727 ...
🔍 Verifying 04727 ...
  module: ./04727/module.v
  sva   : ./04727/sva.sv
  tcl   : ./jasper_verif_check.tcl
❌ 04727 VERIF RUN FAIL (rc=1)
▶️  Processing 04728 ...
🔍 Verifying 04728 ...
  module: ./04728/module.v
  sva   : ./04728/sva.sv
  tcl   : ./jasper_verif_check.tcl
❌ 04728 VERIF RUN FAIL (rc=1)
▶️  Processing 04729 ...
🔍 Verifying 04729 ...
  module: ./04729/module.v
  sva   : ./04729/sva.sv
  tcl   : ./jasper_verif_check.tcl
❌ 04729 VERIF RUN FAIL (rc=1)
▶️  Processing 04730 ...
🔍 Verifying 04730 ...
  module: ./04730/module.v
  sva   : ./04730/sva.sv
  tcl   : ./jasper_verif_check.tcl
❌ 04730 VERIF RUN FAIL (rc=1)
▶️  Processing 04731 ...
🔍 Verifying 04731 ...
  module: ./04731/module.v
  sva   : ./04731/sva.sv
  tcl   : ./jasper_verif_check.tcl
❌ 04731 VERIF RUN FAIL (rc=1)
▶️  Processing 04732 ...
🔍 Verifying 04732 ...
  module: ./04732/module.v
  sva   : ./04732/sva.sv
  tcl   : ./jasper_verif_check.tcl
❌ 04732 VERIF RUN FAIL (rc=1)
▶️  Processing 04733 ...
🔍 Verifying 04733 ...
  module: ./04733/module.v
  sva   : ./04733/sva.sv
  tcl   : ./jasper_verif_check.tcl
❌ 04733 VERIF RUN FAIL (rc=1)
▶️  Processing 04734 ...
🔍 Verifying 04734 ...
  module: ./04734/module.v
  sva   : ./04734/sva.sv
  tcl   : ./jasper_verif_check.tcl
❌ 04734 VERIF RUN FAIL (rc=1)
▶️  Processing 04735 ...
🔍 Verifying 04735 ...
  module: ./04735/module.v
  sva   : ./04735/sva.sv
  tcl   : ./jasper_verif_check.tcl
✅ 04735 VERIF RUN OK
▶️  Processing 04736 ...
🔍 Verifying 04736 ...
  module: ./04736/module.v
  sva   : ./04736/sva.sv
  tcl   : ./jasper_verif_check.tcl
❌ 04736 VERIF RUN FAIL (rc=1)
▶️  Processing 04737 ...
🔍 Verifying 04737 ...
  module: ./04737/module.v
  sva   : ./04737/sva.sv
  tcl   : ./jasper_verif_check.tcl
❌ 04737 VERIF RUN FAIL (rc=1)
▶️  Processing 04738 ...
🔍 Verifying 04738 ...
  module: ./04738/module.v
  sva   : ./04738/sva.sv
  tcl   : ./jasper_verif_check.tcl
❌ 04738 VERIF RUN FAIL (rc=1)
▶️  Processing 04739 ...
🔍 Verifying 04739 ...
  module: ./04739/module.v
  sva   : ./04739/sva.sv
  tcl   : ./jasper_verif_check.tcl
✅ 04739 VERIF RUN OK
▶️  Processing 04740 ...
🔍 Verifying 04740 ...
  module: ./04740/module.v
  sva   : ./04740/sva.sv
  tcl   : ./jasper_verif_check.tcl
❌ 04740 VERIF RUN FAIL (rc=1)
▶️  Processing 04741 ...
🔍 Verifying 04741 ...
  module: ./04741/module.v
  sva   : ./04741/sva.sv
  tcl   : ./jasper_verif_check.tcl
❌ 04741 VERIF RUN FAIL (rc=1)
▶️  Processing 04742 ...
🔍 Verifying 04742 ...
  module: ./04742/module.v
  sva   : ./04742/sva.sv
  tcl   : ./jasper_verif_check.tcl
❌ 04742 VERIF RUN FAIL (rc=1)
▶️  Processing 04743 ...
🔍 Verifying 04743 ...
  module: ./04743/module.v
  sva   : ./04743/sva.sv
  tcl   : ./jasper_verif_check.tcl
❌ 04743 VERIF RUN FAIL (rc=1)
▶️  Processing 04744 ...
🔍 Verifying 04744 ...
  module: ./04744/module.v
  sva   : ./04744/sva.sv
  tcl   : ./jasper_verif_check.tcl
❌ 04744 VERIF RUN FAIL (rc=1)
▶️  Processing 04745 ...
🔍 Verifying 04745 ...
  module: ./04745/module.v
  sva   : ./04745/sva.sv
  tcl   : ./jasper_verif_check.tcl
✅ 04745 VERIF RUN OK
▶️  Processing 04746 ...
🔍 Verifying 04746 ...
  module: ./04746/module.v
  sva   : ./04746/sva.sv
  tcl   : ./jasper_verif_check.tcl
❌ 04746 VERIF RUN FAIL (rc=1)
▶️  Processing 04747 ...
🔍 Verifying 04747 ...
  module: ./04747/module.v
  sva   : ./04747/sva.sv
  tcl   : ./jasper_verif_check.tcl
✅ 04747 VERIF RUN OK
▶️  Processing 04748 ...
🔍 Verifying 04748 ...
  module: ./04748/module.v
  sva   : ./04748/sva.sv
  tcl   : ./jasper_verif_check.tcl
❌ 04748 VERIF RUN FAIL (rc=1)
▶️  Processing 04749 ...
🔍 Verifying 04749 ...
  module: ./04749/module.v
  sva   : ./04749/sva.sv
  tcl   : ./jasper_verif_check.tcl
❌ 04749 VERIF RUN FAIL (rc=1)
▶️  Processing 04750 ...
🔍 Verifying 04750 ...
  module: ./04750/module.v
  sva   : ./04750/sva.sv
  tcl   : ./jasper_verif_check.tcl
❌ 04750 VERIF RUN FAIL (rc=1)
▶️  Processing 04751 ...
🔍 Verifying 04751 ...
  module: ./04751/module.v
  sva   : ./04751/sva.sv
  tcl   : ./jasper_verif_check.tcl
❌ 04751 VERIF RUN FAIL (rc=1)
▶️  Processing 04752 ...
🔍 Verifying 04752 ...
  module: ./04752/module.v
  sva   : ./04752/sva.sv
  tcl   : ./jasper_verif_check.tcl
❌ 04752 VERIF RUN FAIL (rc=1)
▶️  Processing 04753 ...
🔍 Verifying 04753 ...
  module: ./04753/module.v
  sva   : ./04753/sva.sv
  tcl   : ./jasper_verif_check.tcl
❌ 04753 VERIF RUN FAIL (rc=1)
▶️  Processing 04754 ...
🔍 Verifying 04754 ...
  module: ./04754/module.v
  sva   : ./04754/sva.sv
  tcl   : ./jasper_verif_check.tcl
❌ 04754 VERIF RUN FAIL (rc=3)
▶️  Processing 04755 ...
🔍 Verifying 04755 ...
  module: ./04755/module.v
  sva   : ./04755/sva.sv
  tcl   : ./jasper_verif_check.tcl
✅ 04755 VERIF RUN OK
▶️  Processing 04756 ...
🔍 Verifying 04756 ...
  module: ./04756/module.v
  sva   : ./04756/sva.sv
  tcl   : ./jasper_verif_check.tcl
❌ 04756 VERIF RUN FAIL (rc=1)
▶️  Processing 04757 ...
🔍 Verifying 04757 ...
  module: ./04757/module.v
  sva   : ./04757/sva.sv
  tcl   : ./jasper_verif_check.tcl
✅ 04757 VERIF RUN OK
▶️  Processing 04758 ...
🔍 Verifying 04758 ...
  module: ./04758/module.v
  sva   : ./04758/sva.sv
  tcl   : ./jasper_verif_check.tcl
❌ 04758 VERIF RUN FAIL (rc=1)
▶️  Processing 04759 ...
🔍 Verifying 04759 ...
  module: ./04759/module.v
  sva   : ./04759/sva.sv
  tcl   : ./jasper_verif_check.tcl
❌ 04759 VERIF RUN FAIL (rc=1)
▶️  Processing 04760 ...
🔍 Verifying 04760 ...
  module: ./04760/module.v
  sva   : ./04760/sva.sv
  tcl   : ./jasper_verif_check.tcl
❌ 04760 VERIF RUN FAIL (rc=4)
▶️  Processing 04761 ...
🔍 Verifying 04761 ...
  module: ./04761/module.v
  sva   : ./04761/sva.sv
  tcl   : ./jasper_verif_check.tcl
✅ 04761 VERIF RUN OK
▶️  Processing 04762 ...
🔍 Verifying 04762 ...
  module: ./04762/module.v
  sva   : ./04762/sva.sv
  tcl   : ./jasper_verif_check.tcl
❌ 04762 VERIF RUN FAIL (rc=1)
▶️  Processing 04763 ...
🔍 Verifying 04763 ...
  module: ./04763/module.v
  sva   : ./04763/sva.sv
  tcl   : ./jasper_verif_check.tcl
❌ 04763 VERIF RUN FAIL (rc=3)
✅ Chunk 87 finished
