Job 5018817 Task 14 -> IDs 651-700
▶️  Processing 01064 ...
🔍 Verifying 01064 ...
  module: ./01064/module.v
  sva   : ./01064/sva.sv
  tcl   : ./jasper_verif_check.tcl
❌ 01064 VERIF RUN FAIL (rc=1)
▶️  Processing 01065 ...
🔍 Verifying 01065 ...
  module: ./01065/module.v
  sva   : ./01065/sva.sv
  tcl   : ./jasper_verif_check.tcl
❌ 01065 VERIF RUN FAIL (rc=1)
▶️  Processing 01066 ...
🔍 Verifying 01066 ...
  module: ./01066/module.v
  sva   : ./01066/sva.sv
  tcl   : ./jasper_verif_check.tcl
❌ 01066 VERIF RUN FAIL (rc=1)
▶️  Processing 01067 ...
🔍 Verifying 01067 ...
  module: ./01067/module.v
  sva   : ./01067/sva.sv
  tcl   : ./jasper_verif_check.tcl
❌ 01067 VERIF RUN FAIL (rc=3)
▶️  Processing 01068 ...
🔍 Verifying 01068 ...
  module: ./01068/module.v
  sva   : ./01068/sva.sv
  tcl   : ./jasper_verif_check.tcl
✅ 01068 VERIF RUN OK
▶️  Processing 01069 ...
🔍 Verifying 01069 ...
  module: ./01069/module.v
  sva   : ./01069/sva.sv
  tcl   : ./jasper_verif_check.tcl
❌ 01069 VERIF RUN FAIL (rc=1)
▶️  Processing 01070 ...
🔍 Verifying 01070 ...
  module: ./01070/module.v
  sva   : ./01070/sva.sv
  tcl   : ./jasper_verif_check.tcl
❌ 01070 VERIF RUN FAIL (rc=1)
▶️  Processing 01071 ...
🔍 Verifying 01071 ...
  module: ./01071/module.v
  sva   : ./01071/sva.sv
  tcl   : ./jasper_verif_check.tcl
✅ 01071 VERIF RUN OK
▶️  Processing 01072 ...
🔍 Verifying 01072 ...
  module: ./01072/module.v
  sva   : ./01072/sva.sv
  tcl   : ./jasper_verif_check.tcl
❌ 01072 VERIF RUN FAIL (rc=1)
▶️  Processing 01073 ...
🔍 Verifying 01073 ...
  module: ./01073/module.v
  sva   : ./01073/sva.sv
  tcl   : ./jasper_verif_check.tcl
❌ 01073 VERIF RUN FAIL (rc=1)
▶️  Processing 01074 ...
🔍 Verifying 01074 ...
  module: ./01074/module.v
  sva   : ./01074/sva.sv
  tcl   : ./jasper_verif_check.tcl
❌ 01074 VERIF RUN FAIL (rc=1)
▶️  Processing 01075 ...
🔍 Verifying 01075 ...
  module: ./01075/module.v
  sva   : ./01075/sva.sv
  tcl   : ./jasper_verif_check.tcl
❌ 01075 VERIF RUN FAIL (rc=1)
▶️  Processing 01076 ...
🔍 Verifying 01076 ...
  module: ./01076/module.v
  sva   : ./01076/sva.sv
  tcl   : ./jasper_verif_check.tcl
❌ 01076 VERIF RUN FAIL (rc=3)
▶️  Processing 01077 ...
🔍 Verifying 01077 ...
  module: ./01077/module.v
  sva   : ./01077/sva.sv
  tcl   : ./jasper_verif_check.tcl
❌ 01077 VERIF RUN FAIL (rc=3)
▶️  Processing 01078 ...
🔍 Verifying 01078 ...
  module: ./01078/module.v
  sva   : ./01078/sva.sv
  tcl   : ./jasper_verif_check.tcl
❌ 01078 VERIF RUN FAIL (rc=1)
▶️  Processing 01079 ...
🔍 Verifying 01079 ...
  module: ./01079/module.v
  sva   : ./01079/sva.sv
  tcl   : ./jasper_verif_check.tcl
❌ 01079 VERIF RUN FAIL (rc=1)
▶️  Processing 01080 ...
🔍 Verifying 01080 ...
  module: ./01080/module.v
  sva   : ./01080/sva.sv
  tcl   : ./jasper_verif_check.tcl
✅ 01080 VERIF RUN OK
▶️  Processing 01081 ...
🔍 Verifying 01081 ...
  module: ./01081/module.v
  sva   : ./01081/sva.sv
  tcl   : ./jasper_verif_check.tcl
❌ 01081 VERIF RUN FAIL (rc=3)
▶️  Processing 01082 ...
🔍 Verifying 01082 ...
  module: ./01082/module.v
  sva   : ./01082/sva.sv
  tcl   : ./jasper_verif_check.tcl
❌ 01082 VERIF RUN FAIL (rc=1)
▶️  Processing 01083 ...
🔍 Verifying 01083 ...
  module: ./01083/module.v
  sva   : ./01083/sva.sv
  tcl   : ./jasper_verif_check.tcl
✅ 01083 VERIF RUN OK
▶️  Processing 01084 ...
🔍 Verifying 01084 ...
  module: ./01084/module.v
  sva   : ./01084/sva.sv
  tcl   : ./jasper_verif_check.tcl
❌ 01084 VERIF RUN FAIL (rc=1)
▶️  Processing 01085 ...
🔍 Verifying 01085 ...
  module: ./01085/module.v
  sva   : ./01085/sva.sv
  tcl   : ./jasper_verif_check.tcl
❌ 01085 VERIF RUN FAIL (rc=1)
▶️  Processing 01086 ...
🔍 Verifying 01086 ...
  module: ./01086/module.v
  sva   : ./01086/sva.sv
  tcl   : ./jasper_verif_check.tcl
❌ 01086 VERIF RUN FAIL (rc=1)
▶️  Processing 01087 ...
🔍 Verifying 01087 ...
  module: ./01087/module.v
  sva   : ./01087/sva.sv
  tcl   : ./jasper_verif_check.tcl
❌ 01087 VERIF RUN FAIL (rc=1)
▶️  Processing 01088 ...
🔍 Verifying 01088 ...
  module: ./01088/module.v
  sva   : ./01088/sva.sv
  tcl   : ./jasper_verif_check.tcl
✅ 01088 VERIF RUN OK
▶️  Processing 01089 ...
🔍 Verifying 01089 ...
  module: ./01089/module.v
  sva   : ./01089/sva.sv
  tcl   : ./jasper_verif_check.tcl
✅ 01089 VERIF RUN OK
▶️  Processing 01090 ...
🔍 Verifying 01090 ...
  module: ./01090/module.v
  sva   : ./01090/sva.sv
  tcl   : ./jasper_verif_check.tcl
❌ 01090 VERIF RUN FAIL (rc=1)
▶️  Processing 01091 ...
🔍 Verifying 01091 ...
  module: ./01091/module.v
  sva   : ./01091/sva.sv
  tcl   : ./jasper_verif_check.tcl
❌ 01091 VERIF RUN FAIL (rc=1)
▶️  Processing 01092 ...
🔍 Verifying 01092 ...
  module: ./01092/module.v
  sva   : ./01092/sva.sv
  tcl   : ./jasper_verif_check.tcl
✅ 01092 VERIF RUN OK
▶️  Processing 01093 ...
🔍 Verifying 01093 ...
  module: ./01093/module.v
  sva   : ./01093/sva.sv
  tcl   : ./jasper_verif_check.tcl
❌ 01093 VERIF RUN FAIL (rc=1)
▶️  Processing 01094 ...
🔍 Verifying 01094 ...
  module: ./01094/module.v
  sva   : ./01094/sva.sv
  tcl   : ./jasper_verif_check.tcl
❌ 01094 VERIF RUN FAIL (rc=1)
▶️  Processing 01095 ...
🔍 Verifying 01095 ...
  module: ./01095/module.v
  sva   : ./01095/sva.sv
  tcl   : ./jasper_verif_check.tcl
❌ 01095 VERIF RUN FAIL (rc=1)
▶️  Processing 01096 ...
🔍 Verifying 01096 ...
  module: ./01096/module.v
  sva   : ./01096/sva.sv
  tcl   : ./jasper_verif_check.tcl
❌ 01096 VERIF RUN FAIL (rc=1)
▶️  Processing 01097 ...
🔍 Verifying 01097 ...
  module: ./01097/module.v
  sva   : ./01097/sva.sv
  tcl   : ./jasper_verif_check.tcl
✅ 01097 VERIF RUN OK
▶️  Processing 01098 ...
🔍 Verifying 01098 ...
  module: ./01098/module.v
  sva   : ./01098/sva.sv
  tcl   : ./jasper_verif_check.tcl
✅ 01098 VERIF RUN OK
▶️  Processing 01099 ...
🔍 Verifying 01099 ...
  module: ./01099/module.v
  sva   : ./01099/sva.sv
  tcl   : ./jasper_verif_check.tcl
❌ 01099 VERIF RUN FAIL (rc=1)
▶️  Processing 01100 ...
🔍 Verifying 01100 ...
  module: ./01100/module.v
  sva   : ./01100/sva.sv
  tcl   : ./jasper_verif_check.tcl
❌ 01100 VERIF RUN FAIL (rc=1)
▶️  Processing 01101 ...
🔍 Verifying 01101 ...
  module: ./01101/module.v
  sva   : ./01101/sva.sv
  tcl   : ./jasper_verif_check.tcl
❌ 01101 VERIF RUN FAIL (rc=1)
▶️  Processing 01102 ...
🔍 Verifying 01102 ...
  module: ./01102/module.v
  sva   : ./01102/sva.sv
  tcl   : ./jasper_verif_check.tcl
❌ 01102 VERIF RUN FAIL (rc=1)
▶️  Processing 01103 ...
🔍 Verifying 01103 ...
  module: ./01103/module.v
  sva   : ./01103/sva.sv
  tcl   : ./jasper_verif_check.tcl
❌ 01103 VERIF RUN FAIL (rc=1)
▶️  Processing 01104 ...
🔍 Verifying 01104 ...
  module: ./01104/module.v
  sva   : ./01104/sva.sv
  tcl   : ./jasper_verif_check.tcl
❌ 01104 VERIF RUN FAIL (rc=1)
▶️  Processing 01105 ...
🔍 Verifying 01105 ...
  module: ./01105/module.v
  sva   : ./01105/sva.sv
  tcl   : ./jasper_verif_check.tcl
❌ 01105 VERIF RUN FAIL (rc=1)
▶️  Processing 01106 ...
🔍 Verifying 01106 ...
  module: ./01106/module.v
  sva   : ./01106/sva.sv
  tcl   : ./jasper_verif_check.tcl
❌ 01106 VERIF RUN FAIL (rc=3)
▶️  Processing 01107 ...
🔍 Verifying 01107 ...
  module: ./01107/module.v
  sva   : ./01107/sva.sv
  tcl   : ./jasper_verif_check.tcl
✅ 01107 VERIF RUN OK
▶️  Processing 01108 ...
🔍 Verifying 01108 ...
  module: ./01108/module.v
  sva   : ./01108/sva.sv
  tcl   : ./jasper_verif_check.tcl
❌ 01108 VERIF RUN FAIL (rc=1)
▶️  Processing 01109 ...
🔍 Verifying 01109 ...
  module: ./01109/module.v
  sva   : ./01109/sva.sv
  tcl   : ./jasper_verif_check.tcl
❌ 01109 VERIF RUN FAIL (rc=1)
▶️  Processing 01110 ...
🔍 Verifying 01110 ...
  module: ./01110/module.v
  sva   : ./01110/sva.sv
  tcl   : ./jasper_verif_check.tcl
✅ 01110 VERIF RUN OK
▶️  Processing 01111 ...
🔍 Verifying 01111 ...
  module: ./01111/module.v
  sva   : ./01111/sva.sv
  tcl   : ./jasper_verif_check.tcl
❌ 01111 VERIF RUN FAIL (rc=1)
▶️  Processing 01112 ...
🔍 Verifying 01112 ...
  module: ./01112/module.v
  sva   : ./01112/sva.sv
  tcl   : ./jasper_verif_check.tcl
❌ 01112 VERIF RUN FAIL (rc=1)
▶️  Processing 01113 ...
🔍 Verifying 01113 ...
  module: ./01113/module.v
  sva   : ./01113/sva.sv
  tcl   : ./jasper_verif_check.tcl
❌ 01113 VERIF RUN FAIL (rc=3)
✅ Chunk 14 finished
