Job 5018997 Task 57 -> IDs 2801-2850
▶️  Processing 03214 ...
🔍 Verifying 03214 ...
  module: ./03214/module.v
  sva   : ./03214/sva.sv
  tcl   : ./jasper_verif_check.tcl
✅ 03214 VERIF RUN OK
▶️  Processing 03215 ...
🔍 Verifying 03215 ...
  module: ./03215/module.v
  sva   : ./03215/sva.sv
  tcl   : ./jasper_verif_check.tcl
❌ 03215 VERIF RUN FAIL (rc=3)
▶️  Processing 03216 ...
🔍 Verifying 03216 ...
  module: ./03216/module.v
  sva   : ./03216/sva.sv
  tcl   : ./jasper_verif_check.tcl
❌ 03216 VERIF RUN FAIL (rc=1)
▶️  Processing 03217 ...
🔍 Verifying 03217 ...
  module: ./03217/module.v
  sva   : ./03217/sva.sv
  tcl   : ./jasper_verif_check.tcl
❌ 03217 VERIF RUN FAIL (rc=1)
▶️  Processing 03218 ...
🔍 Verifying 03218 ...
  module: ./03218/module.v
  sva   : ./03218/sva.sv
  tcl   : ./jasper_verif_check.tcl
❌ 03218 VERIF RUN FAIL (rc=3)
▶️  Processing 03219 ...
🔍 Verifying 03219 ...
  module: ./03219/module.v
  sva   : ./03219/sva.sv
  tcl   : ./jasper_verif_check.tcl
❌ 03219 VERIF RUN FAIL (rc=1)
▶️  Processing 03220 ...
🔍 Verifying 03220 ...
  module: ./03220/module.v
  sva   : ./03220/sva.sv
  tcl   : ./jasper_verif_check.tcl
❌ 03220 VERIF RUN FAIL (rc=3)
▶️  Processing 03221 ...
🔍 Verifying 03221 ...
  module: ./03221/module.v
  sva   : ./03221/sva.sv
  tcl   : ./jasper_verif_check.tcl
❌ 03221 VERIF RUN FAIL (rc=1)
▶️  Processing 03222 ...
🔍 Verifying 03222 ...
  module: ./03222/module.v
  sva   : ./03222/sva.sv
  tcl   : ./jasper_verif_check.tcl
✅ 03222 VERIF RUN OK
▶️  Processing 03223 ...
🔍 Verifying 03223 ...
  module: ./03223/module.v
  sva   : ./03223/sva.sv
  tcl   : ./jasper_verif_check.tcl
❌ 03223 VERIF RUN FAIL (rc=1)
▶️  Processing 03224 ...
🔍 Verifying 03224 ...
  module: ./03224/module.v
  sva   : ./03224/sva.sv
  tcl   : ./jasper_verif_check.tcl
❌ 03224 VERIF RUN FAIL (rc=1)
▶️  Processing 03225 ...
🔍 Verifying 03225 ...
  module: ./03225/module.v
  sva   : ./03225/sva.sv
  tcl   : ./jasper_verif_check.tcl
❌ 03225 VERIF RUN FAIL (rc=1)
▶️  Processing 03226 ...
🔍 Verifying 03226 ...
  module: ./03226/module.v
  sva   : ./03226/sva.sv
  tcl   : ./jasper_verif_check.tcl
❌ 03226 VERIF RUN FAIL (rc=1)
▶️  Processing 03227 ...
🔍 Verifying 03227 ...
  module: ./03227/module.v
  sva   : ./03227/sva.sv
  tcl   : ./jasper_verif_check.tcl
❌ 03227 VERIF RUN FAIL (rc=1)
▶️  Processing 03228 ...
🔍 Verifying 03228 ...
  module: ./03228/module.v
  sva   : ./03228/sva.sv
  tcl   : ./jasper_verif_check.tcl
❌ 03228 VERIF RUN FAIL (rc=1)
▶️  Processing 03229 ...
🔍 Verifying 03229 ...
  module: ./03229/module.v
  sva   : ./03229/sva.sv
  tcl   : ./jasper_verif_check.tcl
❌ 03229 VERIF RUN FAIL (rc=1)
▶️  Processing 03230 ...
🔍 Verifying 03230 ...
  module: ./03230/module.v
  sva   : ./03230/sva.sv
  tcl   : ./jasper_verif_check.tcl
❌ 03230 VERIF RUN FAIL (rc=1)
▶️  Processing 03231 ...
🔍 Verifying 03231 ...
  module: ./03231/module.v
  sva   : ./03231/sva.sv
  tcl   : ./jasper_verif_check.tcl
❌ 03231 VERIF RUN FAIL (rc=1)
▶️  Processing 03232 ...
🔍 Verifying 03232 ...
  module: ./03232/module.v
  sva   : ./03232/sva.sv
  tcl   : ./jasper_verif_check.tcl
✅ 03232 VERIF RUN OK
▶️  Processing 03233 ...
🔍 Verifying 03233 ...
  module: ./03233/module.v
  sva   : ./03233/sva.sv
  tcl   : ./jasper_verif_check.tcl
✅ 03233 VERIF RUN OK
▶️  Processing 03234 ...
🔍 Verifying 03234 ...
  module: ./03234/module.v
  sva   : ./03234/sva.sv
  tcl   : ./jasper_verif_check.tcl
✅ 03234 VERIF RUN OK
▶️  Processing 03235 ...
🔍 Verifying 03235 ...
  module: ./03235/module.v
  sva   : ./03235/sva.sv
  tcl   : ./jasper_verif_check.tcl
✅ 03235 VERIF RUN OK
▶️  Processing 03236 ...
🔍 Verifying 03236 ...
  module: ./03236/module.v
  sva   : ./03236/sva.sv
  tcl   : ./jasper_verif_check.tcl
❌ 03236 VERIF RUN FAIL (rc=1)
▶️  Processing 03237 ...
🔍 Verifying 03237 ...
  module: ./03237/module.v
  sva   : ./03237/sva.sv
  tcl   : ./jasper_verif_check.tcl
❌ 03237 VERIF RUN FAIL (rc=1)
▶️  Processing 03238 ...
🔍 Verifying 03238 ...
  module: ./03238/module.v
  sva   : ./03238/sva.sv
  tcl   : ./jasper_verif_check.tcl
✅ 03238 VERIF RUN OK
▶️  Processing 03239 ...
🔍 Verifying 03239 ...
  module: ./03239/module.v
  sva   : ./03239/sva.sv
  tcl   : ./jasper_verif_check.tcl
❌ 03239 VERIF RUN FAIL (rc=1)
▶️  Processing 03240 ...
🔍 Verifying 03240 ...
  module: ./03240/module.v
  sva   : ./03240/sva.sv
  tcl   : ./jasper_verif_check.tcl
❌ 03240 VERIF RUN FAIL (rc=1)
▶️  Processing 03241 ...
🔍 Verifying 03241 ...
  module: ./03241/module.v
  sva   : ./03241/sva.sv
  tcl   : ./jasper_verif_check.tcl
❌ 03241 VERIF RUN FAIL (rc=1)
▶️  Processing 03242 ...
🔍 Verifying 03242 ...
  module: ./03242/module.v
  sva   : ./03242/sva.sv
  tcl   : ./jasper_verif_check.tcl
❌ 03242 VERIF RUN FAIL (rc=1)
▶️  Processing 03243 ...
🔍 Verifying 03243 ...
  module: ./03243/module.v
  sva   : ./03243/sva.sv
  tcl   : ./jasper_verif_check.tcl
❌ 03243 VERIF RUN FAIL (rc=1)
▶️  Processing 03244 ...
🔍 Verifying 03244 ...
  module: ./03244/module.v
  sva   : ./03244/sva.sv
  tcl   : ./jasper_verif_check.tcl
❌ 03244 VERIF RUN FAIL (rc=3)
▶️  Processing 03245 ...
🔍 Verifying 03245 ...
  module: ./03245/module.v
  sva   : ./03245/sva.sv
  tcl   : ./jasper_verif_check.tcl
✅ 03245 VERIF RUN OK
▶️  Processing 03246 ...
🔍 Verifying 03246 ...
  module: ./03246/module.v
  sva   : ./03246/sva.sv
  tcl   : ./jasper_verif_check.tcl
❌ 03246 VERIF RUN FAIL (rc=1)
▶️  Processing 03247 ...
🔍 Verifying 03247 ...
  module: ./03247/module.v
  sva   : ./03247/sva.sv
  tcl   : ./jasper_verif_check.tcl
❌ 03247 VERIF RUN FAIL (rc=1)
▶️  Processing 03248 ...
🔍 Verifying 03248 ...
  module: ./03248/module.v
  sva   : ./03248/sva.sv
  tcl   : ./jasper_verif_check.tcl
❌ 03248 VERIF RUN FAIL (rc=1)
▶️  Processing 03249 ...
🔍 Verifying 03249 ...
  module: ./03249/module.v
  sva   : ./03249/sva.sv
  tcl   : ./jasper_verif_check.tcl
❌ 03249 VERIF RUN FAIL (rc=1)
▶️  Processing 03250 ...
🔍 Verifying 03250 ...
  module: ./03250/module.v
  sva   : ./03250/sva.sv
  tcl   : ./jasper_verif_check.tcl
❌ 03250 VERIF RUN FAIL (rc=1)
▶️  Processing 03251 ...
🔍 Verifying 03251 ...
  module: ./03251/module.v
  sva   : ./03251/sva.sv
  tcl   : ./jasper_verif_check.tcl
✅ 03251 VERIF RUN OK
▶️  Processing 03252 ...
🔍 Verifying 03252 ...
  module: ./03252/module.v
  sva   : ./03252/sva.sv
  tcl   : ./jasper_verif_check.tcl
❌ 03252 VERIF RUN FAIL (rc=1)
▶️  Processing 03253 ...
🔍 Verifying 03253 ...
  module: ./03253/module.v
  sva   : ./03253/sva.sv
  tcl   : ./jasper_verif_check.tcl
✅ 03253 VERIF RUN OK
▶️  Processing 03254 ...
🔍 Verifying 03254 ...
  module: ./03254/module.v
  sva   : ./03254/sva.sv
  tcl   : ./jasper_verif_check.tcl
❌ 03254 VERIF RUN FAIL (rc=1)
▶️  Processing 03255 ...
🔍 Verifying 03255 ...
  module: ./03255/module.v
  sva   : ./03255/sva.sv
  tcl   : ./jasper_verif_check.tcl
❌ 03255 VERIF RUN FAIL (rc=1)
▶️  Processing 03256 ...
🔍 Verifying 03256 ...
  module: ./03256/module.v
  sva   : ./03256/sva.sv
  tcl   : ./jasper_verif_check.tcl
❌ 03256 VERIF RUN FAIL (rc=1)
▶️  Processing 03257 ...
🔍 Verifying 03257 ...
  module: ./03257/module.v
  sva   : ./03257/sva.sv
  tcl   : ./jasper_verif_check.tcl
❌ 03257 VERIF RUN FAIL (rc=1)
▶️  Processing 03258 ...
🔍 Verifying 03258 ...
  module: ./03258/module.v
  sva   : ./03258/sva.sv
  tcl   : ./jasper_verif_check.tcl
❌ 03258 VERIF RUN FAIL (rc=1)
▶️  Processing 03259 ...
🔍 Verifying 03259 ...
  module: ./03259/module.v
  sva   : ./03259/sva.sv
  tcl   : ./jasper_verif_check.tcl
❌ 03259 VERIF RUN FAIL (rc=1)
▶️  Processing 03260 ...
🔍 Verifying 03260 ...
  module: ./03260/module.v
  sva   : ./03260/sva.sv
  tcl   : ./jasper_verif_check.tcl
❌ 03260 VERIF RUN FAIL (rc=1)
▶️  Processing 03261 ...
🔍 Verifying 03261 ...
  module: ./03261/module.v
  sva   : ./03261/sva.sv
  tcl   : ./jasper_verif_check.tcl
✅ 03261 VERIF RUN OK
▶️  Processing 03262 ...
🔍 Verifying 03262 ...
  module: ./03262/module.v
  sva   : ./03262/sva.sv
  tcl   : ./jasper_verif_check.tcl
❌ 03262 VERIF RUN FAIL (rc=1)
▶️  Processing 03263 ...
🔍 Verifying 03263 ...
  module: ./03263/module.v
  sva   : ./03263/sva.sv
  tcl   : ./jasper_verif_check.tcl
✅ 03263 VERIF RUN OK
✅ Chunk 57 finished
