Job 5019170 Task 83 -> IDs 4101-4150
▶️  Processing 04514 ...
🔍 Verifying 04514 ...
  module: ./04514/module.v
  sva   : ./04514/sva.sv
  tcl   : ./jasper_verif_check.tcl
❌ 04514 VERIF RUN FAIL (rc=1)
▶️  Processing 04515 ...
🔍 Verifying 04515 ...
  module: ./04515/module.v
  sva   : ./04515/sva.sv
  tcl   : ./jasper_verif_check.tcl
❌ 04515 VERIF RUN FAIL (rc=1)
▶️  Processing 04516 ...
🔍 Verifying 04516 ...
  module: ./04516/module.v
  sva   : ./04516/sva.sv
  tcl   : ./jasper_verif_check.tcl
✅ 04516 VERIF RUN OK
▶️  Processing 04517 ...
🔍 Verifying 04517 ...
  module: ./04517/module.v
  sva   : ./04517/sva.sv
  tcl   : ./jasper_verif_check.tcl
❌ 04517 VERIF RUN FAIL (rc=1)
▶️  Processing 04518 ...
🔍 Verifying 04518 ...
  module: ./04518/module.v
  sva   : ./04518/sva.sv
  tcl   : ./jasper_verif_check.tcl
❌ 04518 VERIF RUN FAIL (rc=3)
▶️  Processing 04519 ...
🔍 Verifying 04519 ...
  module: ./04519/module.v
  sva   : ./04519/sva.sv
  tcl   : ./jasper_verif_check.tcl
❌ 04519 VERIF RUN FAIL (rc=1)
▶️  Processing 04520 ...
🔍 Verifying 04520 ...
  module: ./04520/module.v
  sva   : ./04520/sva.sv
  tcl   : ./jasper_verif_check.tcl
❌ 04520 VERIF RUN FAIL (rc=1)
▶️  Processing 04521 ...
🔍 Verifying 04521 ...
  module: ./04521/module.v
  sva   : ./04521/sva.sv
  tcl   : ./jasper_verif_check.tcl
❌ 04521 VERIF RUN FAIL (rc=3)
▶️  Processing 04522 ...
🔍 Verifying 04522 ...
  module: ./04522/module.v
  sva   : ./04522/sva.sv
  tcl   : ./jasper_verif_check.tcl
❌ 04522 VERIF RUN FAIL (rc=1)
▶️  Processing 04523 ...
🔍 Verifying 04523 ...
  module: ./04523/module.v
  sva   : ./04523/sva.sv
  tcl   : ./jasper_verif_check.tcl
❌ 04523 VERIF RUN FAIL (rc=1)
▶️  Processing 04524 ...
🔍 Verifying 04524 ...
  module: ./04524/module.v
  sva   : ./04524/sva.sv
  tcl   : ./jasper_verif_check.tcl
❌ 04524 VERIF RUN FAIL (rc=1)
▶️  Processing 04525 ...
🔍 Verifying 04525 ...
  module: ./04525/module.v
  sva   : ./04525/sva.sv
  tcl   : ./jasper_verif_check.tcl
❌ 04525 VERIF RUN FAIL (rc=1)
▶️  Processing 04526 ...
🔍 Verifying 04526 ...
  module: ./04526/module.v
  sva   : ./04526/sva.sv
  tcl   : ./jasper_verif_check.tcl
❌ 04526 VERIF RUN FAIL (rc=1)
▶️  Processing 04527 ...
🔍 Verifying 04527 ...
  module: ./04527/module.v
  sva   : ./04527/sva.sv
  tcl   : ./jasper_verif_check.tcl
✅ 04527 VERIF RUN OK
▶️  Processing 04528 ...
🔍 Verifying 04528 ...
  module: ./04528/module.v
  sva   : ./04528/sva.sv
  tcl   : ./jasper_verif_check.tcl
❌ 04528 VERIF RUN FAIL (rc=1)
▶️  Processing 04529 ...
🔍 Verifying 04529 ...
  module: ./04529/module.v
  sva   : ./04529/sva.sv
  tcl   : ./jasper_verif_check.tcl
❌ 04529 VERIF RUN FAIL (rc=1)
▶️  Processing 04530 ...
🔍 Verifying 04530 ...
  module: ./04530/module.v
  sva   : ./04530/sva.sv
  tcl   : ./jasper_verif_check.tcl
❌ 04530 VERIF RUN FAIL (rc=1)
▶️  Processing 04531 ...
🔍 Verifying 04531 ...
  module: ./04531/module.v
  sva   : ./04531/sva.sv
  tcl   : ./jasper_verif_check.tcl
✅ 04531 VERIF RUN OK
▶️  Processing 04532 ...
🔍 Verifying 04532 ...
  module: ./04532/module.v
  sva   : ./04532/sva.sv
  tcl   : ./jasper_verif_check.tcl
❌ 04532 VERIF RUN FAIL (rc=1)
▶️  Processing 04533 ...
🔍 Verifying 04533 ...
  module: ./04533/module.v
  sva   : ./04533/sva.sv
  tcl   : ./jasper_verif_check.tcl
❌ 04533 VERIF RUN FAIL (rc=1)
▶️  Processing 04534 ...
🔍 Verifying 04534 ...
  module: ./04534/module.v
  sva   : ./04534/sva.sv
  tcl   : ./jasper_verif_check.tcl
✅ 04534 VERIF RUN OK
▶️  Processing 04535 ...
🔍 Verifying 04535 ...
  module: ./04535/module.v
  sva   : ./04535/sva.sv
  tcl   : ./jasper_verif_check.tcl
✅ 04535 VERIF RUN OK
▶️  Processing 04536 ...
🔍 Verifying 04536 ...
  module: ./04536/module.v
  sva   : ./04536/sva.sv
  tcl   : ./jasper_verif_check.tcl
❌ 04536 VERIF RUN FAIL (rc=1)
▶️  Processing 04537 ...
🔍 Verifying 04537 ...
  module: ./04537/module.v
  sva   : ./04537/sva.sv
  tcl   : ./jasper_verif_check.tcl
✅ 04537 VERIF RUN OK
▶️  Processing 04538 ...
🔍 Verifying 04538 ...
  module: ./04538/module.v
  sva   : ./04538/sva.sv
  tcl   : ./jasper_verif_check.tcl
❌ 04538 VERIF RUN FAIL (rc=1)
▶️  Processing 04539 ...
🔍 Verifying 04539 ...
  module: ./04539/module.v
  sva   : ./04539/sva.sv
  tcl   : ./jasper_verif_check.tcl
✅ 04539 VERIF RUN OK
▶️  Processing 04540 ...
🔍 Verifying 04540 ...
  module: ./04540/module.v
  sva   : ./04540/sva.sv
  tcl   : ./jasper_verif_check.tcl
❌ 04540 VERIF RUN FAIL (rc=3)
▶️  Processing 04541 ...
🔍 Verifying 04541 ...
  module: ./04541/module.v
  sva   : ./04541/sva.sv
  tcl   : ./jasper_verif_check.tcl
❌ 04541 VERIF RUN FAIL (rc=1)
▶️  Processing 04542 ...
🔍 Verifying 04542 ...
  module: ./04542/module.v
  sva   : ./04542/sva.sv
  tcl   : ./jasper_verif_check.tcl
❌ 04542 VERIF RUN FAIL (rc=1)
▶️  Processing 04543 ...
🔍 Verifying 04543 ...
  module: ./04543/module.v
  sva   : ./04543/sva.sv
  tcl   : ./jasper_verif_check.tcl
❌ 04543 VERIF RUN FAIL (rc=1)
▶️  Processing 04544 ...
🔍 Verifying 04544 ...
  module: ./04544/module.v
  sva   : ./04544/sva.sv
  tcl   : ./jasper_verif_check.tcl
❌ 04544 VERIF RUN FAIL (rc=1)
▶️  Processing 04545 ...
🔍 Verifying 04545 ...
  module: ./04545/module.v
  sva   : ./04545/sva.sv
  tcl   : ./jasper_verif_check.tcl
❌ 04545 VERIF RUN FAIL (rc=1)
▶️  Processing 04546 ...
🔍 Verifying 04546 ...
  module: ./04546/module.v
  sva   : ./04546/sva.sv
  tcl   : ./jasper_verif_check.tcl
❌ 04546 VERIF RUN FAIL (rc=3)
▶️  Processing 04547 ...
🔍 Verifying 04547 ...
  module: ./04547/module.v
  sva   : ./04547/sva.sv
  tcl   : ./jasper_verif_check.tcl
❌ 04547 VERIF RUN FAIL (rc=1)
▶️  Processing 04548 ...
🔍 Verifying 04548 ...
  module: ./04548/module.v
  sva   : ./04548/sva.sv
  tcl   : ./jasper_verif_check.tcl
❌ 04548 VERIF RUN FAIL (rc=1)
▶️  Processing 04549 ...
🔍 Verifying 04549 ...
  module: ./04549/module.v
  sva   : ./04549/sva.sv
  tcl   : ./jasper_verif_check.tcl
❌ 04549 VERIF RUN FAIL (rc=1)
▶️  Processing 04550 ...
🔍 Verifying 04550 ...
  module: ./04550/module.v
  sva   : ./04550/sva.sv
  tcl   : ./jasper_verif_check.tcl
❌ 04550 VERIF RUN FAIL (rc=1)
▶️  Processing 04551 ...
🔍 Verifying 04551 ...
  module: ./04551/module.v
  sva   : ./04551/sva.sv
  tcl   : ./jasper_verif_check.tcl
❌ 04551 VERIF RUN FAIL (rc=4)
▶️  Processing 04552 ...
🔍 Verifying 04552 ...
  module: ./04552/module.v
  sva   : ./04552/sva.sv
  tcl   : ./jasper_verif_check.tcl
✅ 04552 VERIF RUN OK
▶️  Processing 04553 ...
🔍 Verifying 04553 ...
  module: ./04553/module.v
  sva   : ./04553/sva.sv
  tcl   : ./jasper_verif_check.tcl
❌ 04553 VERIF RUN FAIL (rc=3)
▶️  Processing 04554 ...
🔍 Verifying 04554 ...
  module: ./04554/module.v
  sva   : ./04554/sva.sv
  tcl   : ./jasper_verif_check.tcl
✅ 04554 VERIF RUN OK
▶️  Processing 04555 ...
🔍 Verifying 04555 ...
  module: ./04555/module.v
  sva   : ./04555/sva.sv
  tcl   : ./jasper_verif_check.tcl
❌ 04555 VERIF RUN FAIL (rc=1)
▶️  Processing 04556 ...
🔍 Verifying 04556 ...
  module: ./04556/module.v
  sva   : ./04556/sva.sv
  tcl   : ./jasper_verif_check.tcl
❌ 04556 VERIF RUN FAIL (rc=1)
▶️  Processing 04557 ...
🔍 Verifying 04557 ...
  module: ./04557/module.v
  sva   : ./04557/sva.sv
  tcl   : ./jasper_verif_check.tcl
❌ 04557 VERIF RUN FAIL (rc=1)
▶️  Processing 04558 ...
🔍 Verifying 04558 ...
  module: ./04558/module.v
  sva   : ./04558/sva.sv
  tcl   : ./jasper_verif_check.tcl
❌ 04558 VERIF RUN FAIL (rc=1)
▶️  Processing 04559 ...
🔍 Verifying 04559 ...
  module: ./04559/module.v
  sva   : ./04559/sva.sv
  tcl   : ./jasper_verif_check.tcl
✅ 04559 VERIF RUN OK
▶️  Processing 04560 ...
🔍 Verifying 04560 ...
  module: ./04560/module.v
  sva   : ./04560/sva.sv
  tcl   : ./jasper_verif_check.tcl
❌ 04560 VERIF RUN FAIL (rc=1)
▶️  Processing 04561 ...
🔍 Verifying 04561 ...
  module: ./04561/module.v
  sva   : ./04561/sva.sv
  tcl   : ./jasper_verif_check.tcl
❌ 04561 VERIF RUN FAIL (rc=1)
▶️  Processing 04562 ...
🔍 Verifying 04562 ...
  module: ./04562/module.v
  sva   : ./04562/sva.sv
  tcl   : ./jasper_verif_check.tcl
❌ 04562 VERIF RUN FAIL (rc=3)
▶️  Processing 04563 ...
🔍 Verifying 04563 ...
  module: ./04563/module.v
  sva   : ./04563/sva.sv
  tcl   : ./jasper_verif_check.tcl
❌ 04563 VERIF RUN FAIL (rc=1)
✅ Chunk 83 finished
