Job 5018835 Task 21 -> IDs 1001-1050
▶️  Processing 01414 ...
🔍 Verifying 01414 ...
  module: ./01414/module.v
  sva   : ./01414/sva.sv
  tcl   : ./jasper_verif_check.tcl
✅ 01414 VERIF RUN OK
▶️  Processing 01415 ...
🔍 Verifying 01415 ...
  module: ./01415/module.v
  sva   : ./01415/sva.sv
  tcl   : ./jasper_verif_check.tcl
❌ 01415 VERIF RUN FAIL (rc=3)
▶️  Processing 01416 ...
🔍 Verifying 01416 ...
  module: ./01416/module.v
  sva   : ./01416/sva.sv
  tcl   : ./jasper_verif_check.tcl
❌ 01416 VERIF RUN FAIL (rc=3)
▶️  Processing 01417 ...
🔍 Verifying 01417 ...
  module: ./01417/module.v
  sva   : ./01417/sva.sv
  tcl   : ./jasper_verif_check.tcl
❌ 01417 VERIF RUN FAIL (rc=1)
▶️  Processing 01418 ...
🔍 Verifying 01418 ...
  module: ./01418/module.v
  sva   : ./01418/sva.sv
  tcl   : ./jasper_verif_check.tcl
❌ 01418 VERIF RUN FAIL (rc=3)
▶️  Processing 01419 ...
🔍 Verifying 01419 ...
  module: ./01419/module.v
  sva   : ./01419/sva.sv
  tcl   : ./jasper_verif_check.tcl
❌ 01419 VERIF RUN FAIL (rc=1)
▶️  Processing 01420 ...
🔍 Verifying 01420 ...
  module: ./01420/module.v
  sva   : ./01420/sva.sv
  tcl   : ./jasper_verif_check.tcl
✅ 01420 VERIF RUN OK
▶️  Processing 01421 ...
🔍 Verifying 01421 ...
  module: ./01421/module.v
  sva   : ./01421/sva.sv
  tcl   : ./jasper_verif_check.tcl
❌ 01421 VERIF RUN FAIL (rc=1)
▶️  Processing 01422 ...
🔍 Verifying 01422 ...
  module: ./01422/module.v
  sva   : ./01422/sva.sv
  tcl   : ./jasper_verif_check.tcl
❌ 01422 VERIF RUN FAIL (rc=1)
▶️  Processing 01423 ...
🔍 Verifying 01423 ...
  module: ./01423/module.v
  sva   : ./01423/sva.sv
  tcl   : ./jasper_verif_check.tcl
✅ 01423 VERIF RUN OK
▶️  Processing 01424 ...
🔍 Verifying 01424 ...
  module: ./01424/module.v
  sva   : ./01424/sva.sv
  tcl   : ./jasper_verif_check.tcl
✅ 01424 VERIF RUN OK
▶️  Processing 01425 ...
🔍 Verifying 01425 ...
  module: ./01425/module.v
  sva   : ./01425/sva.sv
  tcl   : ./jasper_verif_check.tcl
❌ 01425 VERIF RUN FAIL (rc=1)
▶️  Processing 01426 ...
🔍 Verifying 01426 ...
  module: ./01426/module.v
  sva   : ./01426/sva.sv
  tcl   : ./jasper_verif_check.tcl
❌ 01426 VERIF RUN FAIL (rc=1)
▶️  Processing 01427 ...
🔍 Verifying 01427 ...
  module: ./01427/module.v
  sva   : ./01427/sva.sv
  tcl   : ./jasper_verif_check.tcl
❌ 01427 VERIF RUN FAIL (rc=1)
▶️  Processing 01428 ...
🔍 Verifying 01428 ...
  module: ./01428/module.v
  sva   : ./01428/sva.sv
  tcl   : ./jasper_verif_check.tcl
❌ 01428 VERIF RUN FAIL (rc=1)
▶️  Processing 01429 ...
🔍 Verifying 01429 ...
  module: ./01429/module.v
  sva   : ./01429/sva.sv
  tcl   : ./jasper_verif_check.tcl
❌ 01429 VERIF RUN FAIL (rc=1)
▶️  Processing 01430 ...
🔍 Verifying 01430 ...
  module: ./01430/module.v
  sva   : ./01430/sva.sv
  tcl   : ./jasper_verif_check.tcl
✅ 01430 VERIF RUN OK
▶️  Processing 01431 ...
🔍 Verifying 01431 ...
  module: ./01431/module.v
  sva   : ./01431/sva.sv
  tcl   : ./jasper_verif_check.tcl
❌ 01431 VERIF RUN FAIL (rc=1)
▶️  Processing 01432 ...
🔍 Verifying 01432 ...
  module: ./01432/module.v
  sva   : ./01432/sva.sv
  tcl   : ./jasper_verif_check.tcl
❌ 01432 VERIF RUN FAIL (rc=1)
▶️  Processing 01433 ...
🔍 Verifying 01433 ...
  module: ./01433/module.v
  sva   : ./01433/sva.sv
  tcl   : ./jasper_verif_check.tcl
✅ 01433 VERIF RUN OK
▶️  Processing 01434 ...
🔍 Verifying 01434 ...
  module: ./01434/module.v
  sva   : ./01434/sva.sv
  tcl   : ./jasper_verif_check.tcl
❌ 01434 VERIF RUN FAIL (rc=3)
▶️  Processing 01435 ...
🔍 Verifying 01435 ...
  module: ./01435/module.v
  sva   : ./01435/sva.sv
  tcl   : ./jasper_verif_check.tcl
❌ 01435 VERIF RUN FAIL (rc=1)
▶️  Processing 01436 ...
🔍 Verifying 01436 ...
  module: ./01436/module.v
  sva   : ./01436/sva.sv
  tcl   : ./jasper_verif_check.tcl
❌ 01436 VERIF RUN FAIL (rc=1)
▶️  Processing 01437 ...
🔍 Verifying 01437 ...
  module: ./01437/module.v
  sva   : ./01437/sva.sv
  tcl   : ./jasper_verif_check.tcl
❌ 01437 VERIF RUN FAIL (rc=1)
▶️  Processing 01438 ...
🔍 Verifying 01438 ...
  module: ./01438/module.v
  sva   : ./01438/sva.sv
  tcl   : ./jasper_verif_check.tcl
❌ 01438 VERIF RUN FAIL (rc=1)
▶️  Processing 01439 ...
🔍 Verifying 01439 ...
  module: ./01439/module.v
  sva   : ./01439/sva.sv
  tcl   : ./jasper_verif_check.tcl
❌ 01439 VERIF RUN FAIL (rc=3)
▶️  Processing 01440 ...
🔍 Verifying 01440 ...
  module: ./01440/module.v
  sva   : ./01440/sva.sv
  tcl   : ./jasper_verif_check.tcl
❌ 01440 VERIF RUN FAIL (rc=1)
▶️  Processing 01441 ...
🔍 Verifying 01441 ...
  module: ./01441/module.v
  sva   : ./01441/sva.sv
  tcl   : ./jasper_verif_check.tcl
❌ 01441 VERIF RUN FAIL (rc=1)
▶️  Processing 01442 ...
🔍 Verifying 01442 ...
  module: ./01442/module.v
  sva   : ./01442/sva.sv
  tcl   : ./jasper_verif_check.tcl
✅ 01442 VERIF RUN OK
▶️  Processing 01443 ...
🔍 Verifying 01443 ...
  module: ./01443/module.v
  sva   : ./01443/sva.sv
  tcl   : ./jasper_verif_check.tcl
❌ 01443 VERIF RUN FAIL (rc=1)
▶️  Processing 01444 ...
🔍 Verifying 01444 ...
  module: ./01444/module.v
  sva   : ./01444/sva.sv
  tcl   : ./jasper_verif_check.tcl
❌ 01444 VERIF RUN FAIL (rc=1)
▶️  Processing 01445 ...
🔍 Verifying 01445 ...
  module: ./01445/module.v
  sva   : ./01445/sva.sv
  tcl   : ./jasper_verif_check.tcl
❌ 01445 VERIF RUN FAIL (rc=1)
▶️  Processing 01446 ...
🔍 Verifying 01446 ...
  module: ./01446/module.v
  sva   : ./01446/sva.sv
  tcl   : ./jasper_verif_check.tcl
✅ 01446 VERIF RUN OK
▶️  Processing 01447 ...
🔍 Verifying 01447 ...
  module: ./01447/module.v
  sva   : ./01447/sva.sv
  tcl   : ./jasper_verif_check.tcl
❌ 01447 VERIF RUN FAIL (rc=1)
▶️  Processing 01448 ...
🔍 Verifying 01448 ...
  module: ./01448/module.v
  sva   : ./01448/sva.sv
  tcl   : ./jasper_verif_check.tcl
❌ 01448 VERIF RUN FAIL (rc=1)
▶️  Processing 01449 ...
🔍 Verifying 01449 ...
  module: ./01449/module.v
  sva   : ./01449/sva.sv
  tcl   : ./jasper_verif_check.tcl
❌ 01449 VERIF RUN FAIL (rc=1)
▶️  Processing 01450 ...
🔍 Verifying 01450 ...
  module: ./01450/module.v
  sva   : ./01450/sva.sv
  tcl   : ./jasper_verif_check.tcl
❌ 01450 VERIF RUN FAIL (rc=1)
▶️  Processing 01451 ...
🔍 Verifying 01451 ...
  module: ./01451/module.v
  sva   : ./01451/sva.sv
  tcl   : ./jasper_verif_check.tcl
✅ 01451 VERIF RUN OK
▶️  Processing 01452 ...
🔍 Verifying 01452 ...
  module: ./01452/module.v
  sva   : ./01452/sva.sv
  tcl   : ./jasper_verif_check.tcl
❌ 01452 VERIF RUN FAIL (rc=1)
▶️  Processing 01453 ...
🔍 Verifying 01453 ...
  module: ./01453/module.v
  sva   : ./01453/sva.sv
  tcl   : ./jasper_verif_check.tcl
✅ 01453 VERIF RUN OK
▶️  Processing 01454 ...
🔍 Verifying 01454 ...
  module: ./01454/module.v
  sva   : ./01454/sva.sv
  tcl   : ./jasper_verif_check.tcl
❌ 01454 VERIF RUN FAIL (rc=1)
▶️  Processing 01455 ...
🔍 Verifying 01455 ...
  module: ./01455/module.v
  sva   : ./01455/sva.sv
  tcl   : ./jasper_verif_check.tcl
❌ 01455 VERIF RUN FAIL (rc=1)
▶️  Processing 01456 ...
🔍 Verifying 01456 ...
  module: ./01456/module.v
  sva   : ./01456/sva.sv
  tcl   : ./jasper_verif_check.tcl
❌ 01456 VERIF RUN FAIL (rc=3)
▶️  Processing 01457 ...
🔍 Verifying 01457 ...
  module: ./01457/module.v
  sva   : ./01457/sva.sv
  tcl   : ./jasper_verif_check.tcl
✅ 01457 VERIF RUN OK
▶️  Processing 01458 ...
🔍 Verifying 01458 ...
  module: ./01458/module.v
  sva   : ./01458/sva.sv
  tcl   : ./jasper_verif_check.tcl
❌ 01458 VERIF RUN FAIL (rc=3)
▶️  Processing 01459 ...
🔍 Verifying 01459 ...
  module: ./01459/module.v
  sva   : ./01459/sva.sv
  tcl   : ./jasper_verif_check.tcl
✅ 01459 VERIF RUN OK
▶️  Processing 01460 ...
🔍 Verifying 01460 ...
  module: ./01460/module.v
  sva   : ./01460/sva.sv
  tcl   : ./jasper_verif_check.tcl
✅ 01460 VERIF RUN OK
▶️  Processing 01461 ...
🔍 Verifying 01461 ...
  module: ./01461/module.v
  sva   : ./01461/sva.sv
  tcl   : ./jasper_verif_check.tcl
❌ 01461 VERIF RUN FAIL (rc=1)
▶️  Processing 01462 ...
🔍 Verifying 01462 ...
  module: ./01462/module.v
  sva   : ./01462/sva.sv
  tcl   : ./jasper_verif_check.tcl
❌ 01462 VERIF RUN FAIL (rc=1)
▶️  Processing 01463 ...
🔍 Verifying 01463 ...
  module: ./01463/module.v
  sva   : ./01463/sva.sv
  tcl   : ./jasper_verif_check.tcl
❌ 01463 VERIF RUN FAIL (rc=1)
✅ Chunk 21 finished
