Job 5018904 Task 39 -> IDs 1901-1950
▶️  Processing 02314 ...
🔍 Verifying 02314 ...
  module: ./02314/module.v
  sva   : ./02314/sva.sv
  tcl   : ./jasper_verif_check.tcl
✅ 02314 VERIF RUN OK
▶️  Processing 02315 ...
🔍 Verifying 02315 ...
  module: ./02315/module.v
  sva   : ./02315/sva.sv
  tcl   : ./jasper_verif_check.tcl
❌ 02315 VERIF RUN FAIL (rc=1)
▶️  Processing 02316 ...
🔍 Verifying 02316 ...
  module: ./02316/module.v
  sva   : ./02316/sva.sv
  tcl   : ./jasper_verif_check.tcl
✅ 02316 VERIF RUN OK
▶️  Processing 02317 ...
🔍 Verifying 02317 ...
  module: ./02317/module.v
  sva   : ./02317/sva.sv
  tcl   : ./jasper_verif_check.tcl
❌ 02317 VERIF RUN FAIL (rc=3)
▶️  Processing 02318 ...
🔍 Verifying 02318 ...
  module: ./02318/module.v
  sva   : ./02318/sva.sv
  tcl   : ./jasper_verif_check.tcl
❌ 02318 VERIF RUN FAIL (rc=1)
▶️  Processing 02319 ...
🔍 Verifying 02319 ...
  module: ./02319/module.v
  sva   : ./02319/sva.sv
  tcl   : ./jasper_verif_check.tcl
✅ 02319 VERIF RUN OK
▶️  Processing 02320 ...
🔍 Verifying 02320 ...
  module: ./02320/module.v
  sva   : ./02320/sva.sv
  tcl   : ./jasper_verif_check.tcl
❌ 02320 VERIF RUN FAIL (rc=1)
▶️  Processing 02321 ...
🔍 Verifying 02321 ...
  module: ./02321/module.v
  sva   : ./02321/sva.sv
  tcl   : ./jasper_verif_check.tcl
✅ 02321 VERIF RUN OK
▶️  Processing 02322 ...
🔍 Verifying 02322 ...
  module: ./02322/module.v
  sva   : ./02322/sva.sv
  tcl   : ./jasper_verif_check.tcl
❌ 02322 VERIF RUN FAIL (rc=1)
▶️  Processing 02323 ...
🔍 Verifying 02323 ...
  module: ./02323/module.v
  sva   : ./02323/sva.sv
  tcl   : ./jasper_verif_check.tcl
❌ 02323 VERIF RUN FAIL (rc=1)
▶️  Processing 02324 ...
🔍 Verifying 02324 ...
  module: ./02324/module.v
  sva   : ./02324/sva.sv
  tcl   : ./jasper_verif_check.tcl
❌ 02324 VERIF RUN FAIL (rc=1)
▶️  Processing 02325 ...
🔍 Verifying 02325 ...
  module: ./02325/module.v
  sva   : ./02325/sva.sv
  tcl   : ./jasper_verif_check.tcl
❌ 02325 VERIF RUN FAIL (rc=1)
▶️  Processing 02326 ...
🔍 Verifying 02326 ...
  module: ./02326/module.v
  sva   : ./02326/sva.sv
  tcl   : ./jasper_verif_check.tcl
❌ 02326 VERIF RUN FAIL (rc=1)
▶️  Processing 02327 ...
🔍 Verifying 02327 ...
  module: ./02327/module.v
  sva   : ./02327/sva.sv
  tcl   : ./jasper_verif_check.tcl
✅ 02327 VERIF RUN OK
▶️  Processing 02328 ...
🔍 Verifying 02328 ...
  module: ./02328/module.v
  sva   : ./02328/sva.sv
  tcl   : ./jasper_verif_check.tcl
❌ 02328 VERIF RUN FAIL (rc=1)
▶️  Processing 02329 ...
🔍 Verifying 02329 ...
  module: ./02329/module.v
  sva   : ./02329/sva.sv
  tcl   : ./jasper_verif_check.tcl
❌ 02329 VERIF RUN FAIL (rc=4)
▶️  Processing 02330 ...
🔍 Verifying 02330 ...
  module: ./02330/module.v
  sva   : ./02330/sva.sv
  tcl   : ./jasper_verif_check.tcl
✅ 02330 VERIF RUN OK
▶️  Processing 02331 ...
🔍 Verifying 02331 ...
  module: ./02331/module.v
  sva   : ./02331/sva.sv
  tcl   : ./jasper_verif_check.tcl
❌ 02331 VERIF RUN FAIL (rc=1)
▶️  Processing 02332 ...
🔍 Verifying 02332 ...
  module: ./02332/module.v
  sva   : ./02332/sva.sv
  tcl   : ./jasper_verif_check.tcl
✅ 02332 VERIF RUN OK
▶️  Processing 02333 ...
🔍 Verifying 02333 ...
  module: ./02333/module.v
  sva   : ./02333/sva.sv
  tcl   : ./jasper_verif_check.tcl
✅ 02333 VERIF RUN OK
▶️  Processing 02334 ...
🔍 Verifying 02334 ...
  module: ./02334/module.v
  sva   : ./02334/sva.sv
  tcl   : ./jasper_verif_check.tcl
✅ 02334 VERIF RUN OK
▶️  Processing 02335 ...
🔍 Verifying 02335 ...
  module: ./02335/module.v
  sva   : ./02335/sva.sv
  tcl   : ./jasper_verif_check.tcl
❌ 02335 VERIF RUN FAIL (rc=1)
▶️  Processing 02336 ...
🔍 Verifying 02336 ...
  module: ./02336/module.v
  sva   : ./02336/sva.sv
  tcl   : ./jasper_verif_check.tcl
❌ 02336 VERIF RUN FAIL (rc=1)
▶️  Processing 02337 ...
🔍 Verifying 02337 ...
  module: ./02337/module.v
  sva   : ./02337/sva.sv
  tcl   : ./jasper_verif_check.tcl
❌ 02337 VERIF RUN FAIL (rc=1)
▶️  Processing 02338 ...
🔍 Verifying 02338 ...
  module: ./02338/module.v
  sva   : ./02338/sva.sv
  tcl   : ./jasper_verif_check.tcl
❌ 02338 VERIF RUN FAIL (rc=1)
▶️  Processing 02339 ...
🔍 Verifying 02339 ...
  module: ./02339/module.v
  sva   : ./02339/sva.sv
  tcl   : ./jasper_verif_check.tcl
✅ 02339 VERIF RUN OK
▶️  Processing 02340 ...
🔍 Verifying 02340 ...
  module: ./02340/module.v
  sva   : ./02340/sva.sv
  tcl   : ./jasper_verif_check.tcl
❌ 02340 VERIF RUN FAIL (rc=3)
▶️  Processing 02341 ...
🔍 Verifying 02341 ...
  module: ./02341/module.v
  sva   : ./02341/sva.sv
  tcl   : ./jasper_verif_check.tcl
❌ 02341 VERIF RUN FAIL (rc=3)
▶️  Processing 02342 ...
🔍 Verifying 02342 ...
  module: ./02342/module.v
  sva   : ./02342/sva.sv
  tcl   : ./jasper_verif_check.tcl
❌ 02342 VERIF RUN FAIL (rc=1)
▶️  Processing 02343 ...
🔍 Verifying 02343 ...
  module: ./02343/module.v
  sva   : ./02343/sva.sv
  tcl   : ./jasper_verif_check.tcl
❌ 02343 VERIF RUN FAIL (rc=1)
▶️  Processing 02344 ...
🔍 Verifying 02344 ...
  module: ./02344/module.v
  sva   : ./02344/sva.sv
  tcl   : ./jasper_verif_check.tcl
❌ 02344 VERIF RUN FAIL (rc=1)
▶️  Processing 02345 ...
🔍 Verifying 02345 ...
  module: ./02345/module.v
  sva   : ./02345/sva.sv
  tcl   : ./jasper_verif_check.tcl
❌ 02345 VERIF RUN FAIL (rc=1)
▶️  Processing 02346 ...
🔍 Verifying 02346 ...
  module: ./02346/module.v
  sva   : ./02346/sva.sv
  tcl   : ./jasper_verif_check.tcl
❌ 02346 VERIF RUN FAIL (rc=1)
▶️  Processing 02347 ...
🔍 Verifying 02347 ...
  module: ./02347/module.v
  sva   : ./02347/sva.sv
  tcl   : ./jasper_verif_check.tcl
❌ 02347 VERIF RUN FAIL (rc=1)
▶️  Processing 02348 ...
🔍 Verifying 02348 ...
  module: ./02348/module.v
  sva   : ./02348/sva.sv
  tcl   : ./jasper_verif_check.tcl
❌ 02348 VERIF RUN FAIL (rc=1)
▶️  Processing 02349 ...
🔍 Verifying 02349 ...
  module: ./02349/module.v
  sva   : ./02349/sva.sv
  tcl   : ./jasper_verif_check.tcl
❌ 02349 VERIF RUN FAIL (rc=1)
▶️  Processing 02350 ...
🔍 Verifying 02350 ...
  module: ./02350/module.v
  sva   : ./02350/sva.sv
  tcl   : ./jasper_verif_check.tcl
❌ 02350 VERIF RUN FAIL (rc=1)
▶️  Processing 02351 ...
🔍 Verifying 02351 ...
  module: ./02351/module.v
  sva   : ./02351/sva.sv
  tcl   : ./jasper_verif_check.tcl
❌ 02351 VERIF RUN FAIL (rc=1)
▶️  Processing 02352 ...
🔍 Verifying 02352 ...
  module: ./02352/module.v
  sva   : ./02352/sva.sv
  tcl   : ./jasper_verif_check.tcl
✅ 02352 VERIF RUN OK
▶️  Processing 02353 ...
🔍 Verifying 02353 ...
  module: ./02353/module.v
  sva   : ./02353/sva.sv
  tcl   : ./jasper_verif_check.tcl
❌ 02353 VERIF RUN FAIL (rc=3)
▶️  Processing 02354 ...
🔍 Verifying 02354 ...
  module: ./02354/module.v
  sva   : ./02354/sva.sv
  tcl   : ./jasper_verif_check.tcl
❌ 02354 VERIF RUN FAIL (rc=1)
▶️  Processing 02355 ...
🔍 Verifying 02355 ...
  module: ./02355/module.v
  sva   : ./02355/sva.sv
  tcl   : ./jasper_verif_check.tcl
✅ 02355 VERIF RUN OK
▶️  Processing 02356 ...
🔍 Verifying 02356 ...
  module: ./02356/module.v
  sva   : ./02356/sva.sv
  tcl   : ./jasper_verif_check.tcl
❌ 02356 VERIF RUN FAIL (rc=1)
▶️  Processing 02357 ...
🔍 Verifying 02357 ...
  module: ./02357/module.v
  sva   : ./02357/sva.sv
  tcl   : ./jasper_verif_check.tcl
❌ 02357 VERIF RUN FAIL (rc=4)
▶️  Processing 02358 ...
🔍 Verifying 02358 ...
  module: ./02358/module.v
  sva   : ./02358/sva.sv
  tcl   : ./jasper_verif_check.tcl
❌ 02358 VERIF RUN FAIL (rc=1)
▶️  Processing 02359 ...
🔍 Verifying 02359 ...
  module: ./02359/module.v
  sva   : ./02359/sva.sv
  tcl   : ./jasper_verif_check.tcl
❌ 02359 VERIF RUN FAIL (rc=1)
▶️  Processing 02360 ...
🔍 Verifying 02360 ...
  module: ./02360/module.v
  sva   : ./02360/sva.sv
  tcl   : ./jasper_verif_check.tcl
❌ 02360 VERIF RUN FAIL (rc=1)
▶️  Processing 02361 ...
🔍 Verifying 02361 ...
  module: ./02361/module.v
  sva   : ./02361/sva.sv
  tcl   : ./jasper_verif_check.tcl
❌ 02361 VERIF RUN FAIL (rc=1)
▶️  Processing 02362 ...
🔍 Verifying 02362 ...
  module: ./02362/module.v
  sva   : ./02362/sva.sv
  tcl   : ./jasper_verif_check.tcl
✅ 02362 VERIF RUN OK
▶️  Processing 02363 ...
🔍 Verifying 02363 ...
  module: ./02363/module.v
  sva   : ./02363/sva.sv
  tcl   : ./jasper_verif_check.tcl
❌ 02363 VERIF RUN FAIL (rc=1)
✅ Chunk 39 finished
