Job 5018966 Task 52 -> IDs 2551-2600
▶️  Processing 02964 ...
🔍 Verifying 02964 ...
  module: ./02964/module.v
  sva   : ./02964/sva.sv
  tcl   : ./jasper_verif_check.tcl
❌ 02964 VERIF RUN FAIL (rc=1)
▶️  Processing 02965 ...
🔍 Verifying 02965 ...
  module: ./02965/module.v
  sva   : ./02965/sva.sv
  tcl   : ./jasper_verif_check.tcl
❌ 02965 VERIF RUN FAIL (rc=1)
▶️  Processing 02966 ...
🔍 Verifying 02966 ...
  module: ./02966/module.v
  sva   : ./02966/sva.sv
  tcl   : ./jasper_verif_check.tcl
❌ 02966 VERIF RUN FAIL (rc=1)
▶️  Processing 02967 ...
🔍 Verifying 02967 ...
  module: ./02967/module.v
  sva   : ./02967/sva.sv
  tcl   : ./jasper_verif_check.tcl
✅ 02967 VERIF RUN OK
▶️  Processing 02968 ...
🔍 Verifying 02968 ...
  module: ./02968/module.v
  sva   : ./02968/sva.sv
  tcl   : ./jasper_verif_check.tcl
❌ 02968 VERIF RUN FAIL (rc=1)
▶️  Processing 02969 ...
🔍 Verifying 02969 ...
  module: ./02969/module.v
  sva   : ./02969/sva.sv
  tcl   : ./jasper_verif_check.tcl
❌ 02969 VERIF RUN FAIL (rc=3)
▶️  Processing 02970 ...
🔍 Verifying 02970 ...
  module: ./02970/module.v
  sva   : ./02970/sva.sv
  tcl   : ./jasper_verif_check.tcl
❌ 02970 VERIF RUN FAIL (rc=1)
▶️  Processing 02971 ...
🔍 Verifying 02971 ...
  module: ./02971/module.v
  sva   : ./02971/sva.sv
  tcl   : ./jasper_verif_check.tcl
❌ 02971 VERIF RUN FAIL (rc=1)
▶️  Processing 02972 ...
🔍 Verifying 02972 ...
  module: ./02972/module.v
  sva   : ./02972/sva.sv
  tcl   : ./jasper_verif_check.tcl
❌ 02972 VERIF RUN FAIL (rc=3)
▶️  Processing 02973 ...
🔍 Verifying 02973 ...
  module: ./02973/module.v
  sva   : ./02973/sva.sv
  tcl   : ./jasper_verif_check.tcl
✅ 02973 VERIF RUN OK
▶️  Processing 02974 ...
🔍 Verifying 02974 ...
  module: ./02974/module.v
  sva   : ./02974/sva.sv
  tcl   : ./jasper_verif_check.tcl
✅ 02974 VERIF RUN OK
▶️  Processing 02975 ...
🔍 Verifying 02975 ...
  module: ./02975/module.v
  sva   : ./02975/sva.sv
  tcl   : ./jasper_verif_check.tcl
❌ 02975 VERIF RUN FAIL (rc=3)
▶️  Processing 02976 ...
🔍 Verifying 02976 ...
  module: ./02976/module.v
  sva   : ./02976/sva.sv
  tcl   : ./jasper_verif_check.tcl
❌ 02976 VERIF RUN FAIL (rc=1)
▶️  Processing 02977 ...
🔍 Verifying 02977 ...
  module: ./02977/module.v
  sva   : ./02977/sva.sv
  tcl   : ./jasper_verif_check.tcl
❌ 02977 VERIF RUN FAIL (rc=1)
▶️  Processing 02978 ...
🔍 Verifying 02978 ...
  module: ./02978/module.v
  sva   : ./02978/sva.sv
  tcl   : ./jasper_verif_check.tcl
❌ 02978 VERIF RUN FAIL (rc=1)
▶️  Processing 02979 ...
🔍 Verifying 02979 ...
  module: ./02979/module.v
  sva   : ./02979/sva.sv
  tcl   : ./jasper_verif_check.tcl
❌ 02979 VERIF RUN FAIL (rc=1)
▶️  Processing 02980 ...
🔍 Verifying 02980 ...
  module: ./02980/module.v
  sva   : ./02980/sva.sv
  tcl   : ./jasper_verif_check.tcl
❌ 02980 VERIF RUN FAIL (rc=1)
▶️  Processing 02981 ...
🔍 Verifying 02981 ...
  module: ./02981/module.v
  sva   : ./02981/sva.sv
  tcl   : ./jasper_verif_check.tcl
❌ 02981 VERIF RUN FAIL (rc=3)
▶️  Processing 02982 ...
🔍 Verifying 02982 ...
  module: ./02982/module.v
  sva   : ./02982/sva.sv
  tcl   : ./jasper_verif_check.tcl
❌ 02982 VERIF RUN FAIL (rc=1)
▶️  Processing 02983 ...
🔍 Verifying 02983 ...
  module: ./02983/module.v
  sva   : ./02983/sva.sv
  tcl   : ./jasper_verif_check.tcl
❌ 02983 VERIF RUN FAIL (rc=1)
▶️  Processing 02984 ...
🔍 Verifying 02984 ...
  module: ./02984/module.v
  sva   : ./02984/sva.sv
  tcl   : ./jasper_verif_check.tcl
❌ 02984 VERIF RUN FAIL (rc=3)
▶️  Processing 02985 ...
🔍 Verifying 02985 ...
  module: ./02985/module.v
  sva   : ./02985/sva.sv
  tcl   : ./jasper_verif_check.tcl
❌ 02985 VERIF RUN FAIL (rc=1)
▶️  Processing 02986 ...
🔍 Verifying 02986 ...
  module: ./02986/module.v
  sva   : ./02986/sva.sv
  tcl   : ./jasper_verif_check.tcl
❌ 02986 VERIF RUN FAIL (rc=1)
▶️  Processing 02987 ...
🔍 Verifying 02987 ...
  module: ./02987/module.v
  sva   : ./02987/sva.sv
  tcl   : ./jasper_verif_check.tcl
❌ 02987 VERIF RUN FAIL (rc=1)
▶️  Processing 02988 ...
🔍 Verifying 02988 ...
  module: ./02988/module.v
  sva   : ./02988/sva.sv
  tcl   : ./jasper_verif_check.tcl
✅ 02988 VERIF RUN OK
▶️  Processing 02989 ...
🔍 Verifying 02989 ...
  module: ./02989/module.v
  sva   : ./02989/sva.sv
  tcl   : ./jasper_verif_check.tcl
❌ 02989 VERIF RUN FAIL (rc=1)
▶️  Processing 02990 ...
🔍 Verifying 02990 ...
  module: ./02990/module.v
  sva   : ./02990/sva.sv
  tcl   : ./jasper_verif_check.tcl
❌ 02990 VERIF RUN FAIL (rc=1)
▶️  Processing 02991 ...
🔍 Verifying 02991 ...
  module: ./02991/module.v
  sva   : ./02991/sva.sv
  tcl   : ./jasper_verif_check.tcl
❌ 02991 VERIF RUN FAIL (rc=1)
▶️  Processing 02992 ...
🔍 Verifying 02992 ...
  module: ./02992/module.v
  sva   : ./02992/sva.sv
  tcl   : ./jasper_verif_check.tcl
✅ 02992 VERIF RUN OK
▶️  Processing 02993 ...
🔍 Verifying 02993 ...
  module: ./02993/module.v
  sva   : ./02993/sva.sv
  tcl   : ./jasper_verif_check.tcl
❌ 02993 VERIF RUN FAIL (rc=1)
▶️  Processing 02994 ...
🔍 Verifying 02994 ...
  module: ./02994/module.v
  sva   : ./02994/sva.sv
  tcl   : ./jasper_verif_check.tcl
✅ 02994 VERIF RUN OK
▶️  Processing 02995 ...
🔍 Verifying 02995 ...
  module: ./02995/module.v
  sva   : ./02995/sva.sv
  tcl   : ./jasper_verif_check.tcl
❌ 02995 VERIF RUN FAIL (rc=1)
▶️  Processing 02996 ...
🔍 Verifying 02996 ...
  module: ./02996/module.v
  sva   : ./02996/sva.sv
  tcl   : ./jasper_verif_check.tcl
✅ 02996 VERIF RUN OK
▶️  Processing 02997 ...
🔍 Verifying 02997 ...
  module: ./02997/module.v
  sva   : ./02997/sva.sv
  tcl   : ./jasper_verif_check.tcl
❌ 02997 VERIF RUN FAIL (rc=1)
▶️  Processing 02998 ...
🔍 Verifying 02998 ...
  module: ./02998/module.v
  sva   : ./02998/sva.sv
  tcl   : ./jasper_verif_check.tcl
✅ 02998 VERIF RUN OK
▶️  Processing 02999 ...
🔍 Verifying 02999 ...
  module: ./02999/module.v
  sva   : ./02999/sva.sv
  tcl   : ./jasper_verif_check.tcl
❌ 02999 VERIF RUN FAIL (rc=1)
▶️  Processing 03000 ...
🔍 Verifying 03000 ...
  module: ./03000/module.v
  sva   : ./03000/sva.sv
  tcl   : ./jasper_verif_check.tcl
✅ 03000 VERIF RUN OK
▶️  Processing 03001 ...
🔍 Verifying 03001 ...
  module: ./03001/module.v
  sva   : ./03001/sva.sv
  tcl   : ./jasper_verif_check.tcl
❌ 03001 VERIF RUN FAIL (rc=1)
▶️  Processing 03002 ...
🔍 Verifying 03002 ...
  module: ./03002/module.v
  sva   : ./03002/sva.sv
  tcl   : ./jasper_verif_check.tcl
❌ 03002 VERIF RUN FAIL (rc=1)
▶️  Processing 03003 ...
🔍 Verifying 03003 ...
  module: ./03003/module.v
  sva   : ./03003/sva.sv
  tcl   : ./jasper_verif_check.tcl
❌ 03003 VERIF RUN FAIL (rc=3)
▶️  Processing 03004 ...
🔍 Verifying 03004 ...
  module: ./03004/module.v
  sva   : ./03004/sva.sv
  tcl   : ./jasper_verif_check.tcl
❌ 03004 VERIF RUN FAIL (rc=1)
▶️  Processing 03005 ...
🔍 Verifying 03005 ...
  module: ./03005/module.v
  sva   : ./03005/sva.sv
  tcl   : ./jasper_verif_check.tcl
❌ 03005 VERIF RUN FAIL (rc=1)
▶️  Processing 03006 ...
🔍 Verifying 03006 ...
  module: ./03006/module.v
  sva   : ./03006/sva.sv
  tcl   : ./jasper_verif_check.tcl
❌ 03006 VERIF RUN FAIL (rc=1)
▶️  Processing 03007 ...
🔍 Verifying 03007 ...
  module: ./03007/module.v
  sva   : ./03007/sva.sv
  tcl   : ./jasper_verif_check.tcl
❌ 03007 VERIF RUN FAIL (rc=1)
▶️  Processing 03008 ...
🔍 Verifying 03008 ...
  module: ./03008/module.v
  sva   : ./03008/sva.sv
  tcl   : ./jasper_verif_check.tcl
❌ 03008 VERIF RUN FAIL (rc=1)
▶️  Processing 03009 ...
🔍 Verifying 03009 ...
  module: ./03009/module.v
  sva   : ./03009/sva.sv
  tcl   : ./jasper_verif_check.tcl
❌ 03009 VERIF RUN FAIL (rc=1)
▶️  Processing 03010 ...
🔍 Verifying 03010 ...
  module: ./03010/module.v
  sva   : ./03010/sva.sv
  tcl   : ./jasper_verif_check.tcl
❌ 03010 VERIF RUN FAIL (rc=1)
▶️  Processing 03011 ...
🔍 Verifying 03011 ...
  module: ./03011/module.v
  sva   : ./03011/sva.sv
  tcl   : ./jasper_verif_check.tcl
❌ 03011 VERIF RUN FAIL (rc=1)
▶️  Processing 03012 ...
🔍 Verifying 03012 ...
  module: ./03012/module.v
  sva   : ./03012/sva.sv
  tcl   : ./jasper_verif_check.tcl
❌ 03012 VERIF RUN FAIL (rc=1)
▶️  Processing 03013 ...
🔍 Verifying 03013 ...
  module: ./03013/module.v
  sva   : ./03013/sva.sv
  tcl   : ./jasper_verif_check.tcl
✅ 03013 VERIF RUN OK
✅ Chunk 52 finished
