Job 5019135 Task 78 -> IDs 3851-3900
▶️  Processing 04264 ...
🔍 Verifying 04264 ...
  module: ./04264/module.v
  sva   : ./04264/sva.sv
  tcl   : ./jasper_verif_check.tcl
✅ 04264 VERIF RUN OK
▶️  Processing 04265 ...
🔍 Verifying 04265 ...
  module: ./04265/module.v
  sva   : ./04265/sva.sv
  tcl   : ./jasper_verif_check.tcl
❌ 04265 VERIF RUN FAIL (rc=1)
▶️  Processing 04266 ...
🔍 Verifying 04266 ...
  module: ./04266/module.v
  sva   : ./04266/sva.sv
  tcl   : ./jasper_verif_check.tcl
❌ 04266 VERIF RUN FAIL (rc=1)
▶️  Processing 04267 ...
🔍 Verifying 04267 ...
  module: ./04267/module.v
  sva   : ./04267/sva.sv
  tcl   : ./jasper_verif_check.tcl
✅ 04267 VERIF RUN OK
▶️  Processing 04268 ...
🔍 Verifying 04268 ...
  module: ./04268/module.v
  sva   : ./04268/sva.sv
  tcl   : ./jasper_verif_check.tcl
❌ 04268 VERIF RUN FAIL (rc=1)
▶️  Processing 04269 ...
🔍 Verifying 04269 ...
  module: ./04269/module.v
  sva   : ./04269/sva.sv
  tcl   : ./jasper_verif_check.tcl
❌ 04269 VERIF RUN FAIL (rc=1)
▶️  Processing 04270 ...
🔍 Verifying 04270 ...
  module: ./04270/module.v
  sva   : ./04270/sva.sv
  tcl   : ./jasper_verif_check.tcl
❌ 04270 VERIF RUN FAIL (rc=3)
▶️  Processing 04271 ...
🔍 Verifying 04271 ...
  module: ./04271/module.v
  sva   : ./04271/sva.sv
  tcl   : ./jasper_verif_check.tcl
✅ 04271 VERIF RUN OK
▶️  Processing 04272 ...
🔍 Verifying 04272 ...
  module: ./04272/module.v
  sva   : ./04272/sva.sv
  tcl   : ./jasper_verif_check.tcl
❌ 04272 VERIF RUN FAIL (rc=1)
▶️  Processing 04273 ...
🔍 Verifying 04273 ...
  module: ./04273/module.v
  sva   : ./04273/sva.sv
  tcl   : ./jasper_verif_check.tcl
❌ 04273 VERIF RUN FAIL (rc=3)
▶️  Processing 04274 ...
🔍 Verifying 04274 ...
  module: ./04274/module.v
  sva   : ./04274/sva.sv
  tcl   : ./jasper_verif_check.tcl
❌ 04274 VERIF RUN FAIL (rc=1)
▶️  Processing 04275 ...
🔍 Verifying 04275 ...
  module: ./04275/module.v
  sva   : ./04275/sva.sv
  tcl   : ./jasper_verif_check.tcl
❌ 04275 VERIF RUN FAIL (rc=1)
▶️  Processing 04276 ...
🔍 Verifying 04276 ...
  module: ./04276/module.v
  sva   : ./04276/sva.sv
  tcl   : ./jasper_verif_check.tcl
✅ 04276 VERIF RUN OK
▶️  Processing 04277 ...
🔍 Verifying 04277 ...
  module: ./04277/module.v
  sva   : ./04277/sva.sv
  tcl   : ./jasper_verif_check.tcl
❌ 04277 VERIF RUN FAIL (rc=1)
▶️  Processing 04278 ...
🔍 Verifying 04278 ...
  module: ./04278/module.v
  sva   : ./04278/sva.sv
  tcl   : ./jasper_verif_check.tcl
❌ 04278 VERIF RUN FAIL (rc=1)
▶️  Processing 04279 ...
🔍 Verifying 04279 ...
  module: ./04279/module.v
  sva   : ./04279/sva.sv
  tcl   : ./jasper_verif_check.tcl
❌ 04279 VERIF RUN FAIL (rc=1)
▶️  Processing 04280 ...
🔍 Verifying 04280 ...
  module: ./04280/module.v
  sva   : ./04280/sva.sv
  tcl   : ./jasper_verif_check.tcl
❌ 04280 VERIF RUN FAIL (rc=1)
▶️  Processing 04281 ...
🔍 Verifying 04281 ...
  module: ./04281/module.v
  sva   : ./04281/sva.sv
  tcl   : ./jasper_verif_check.tcl
❌ 04281 VERIF RUN FAIL (rc=1)
▶️  Processing 04282 ...
🔍 Verifying 04282 ...
  module: ./04282/module.v
  sva   : ./04282/sva.sv
  tcl   : ./jasper_verif_check.tcl
✅ 04282 VERIF RUN OK
▶️  Processing 04283 ...
🔍 Verifying 04283 ...
  module: ./04283/module.v
  sva   : ./04283/sva.sv
  tcl   : ./jasper_verif_check.tcl
❌ 04283 VERIF RUN FAIL (rc=3)
▶️  Processing 04284 ...
🔍 Verifying 04284 ...
  module: ./04284/module.v
  sva   : ./04284/sva.sv
  tcl   : ./jasper_verif_check.tcl
✅ 04284 VERIF RUN OK
▶️  Processing 04285 ...
🔍 Verifying 04285 ...
  module: ./04285/module.v
  sva   : ./04285/sva.sv
  tcl   : ./jasper_verif_check.tcl
❌ 04285 VERIF RUN FAIL (rc=3)
▶️  Processing 04286 ...
🔍 Verifying 04286 ...
  module: ./04286/module.v
  sva   : ./04286/sva.sv
  tcl   : ./jasper_verif_check.tcl
❌ 04286 VERIF RUN FAIL (rc=3)
▶️  Processing 04287 ...
🔍 Verifying 04287 ...
  module: ./04287/module.v
  sva   : ./04287/sva.sv
  tcl   : ./jasper_verif_check.tcl
❌ 04287 VERIF RUN FAIL (rc=1)
▶️  Processing 04288 ...
🔍 Verifying 04288 ...
  module: ./04288/module.v
  sva   : ./04288/sva.sv
  tcl   : ./jasper_verif_check.tcl
❌ 04288 VERIF RUN FAIL (rc=1)
▶️  Processing 04289 ...
🔍 Verifying 04289 ...
  module: ./04289/module.v
  sva   : ./04289/sva.sv
  tcl   : ./jasper_verif_check.tcl
❌ 04289 VERIF RUN FAIL (rc=1)
▶️  Processing 04290 ...
🔍 Verifying 04290 ...
  module: ./04290/module.v
  sva   : ./04290/sva.sv
  tcl   : ./jasper_verif_check.tcl
❌ 04290 VERIF RUN FAIL (rc=1)
▶️  Processing 04291 ...
🔍 Verifying 04291 ...
  module: ./04291/module.v
  sva   : ./04291/sva.sv
  tcl   : ./jasper_verif_check.tcl
✅ 04291 VERIF RUN OK
▶️  Processing 04292 ...
🔍 Verifying 04292 ...
  module: ./04292/module.v
  sva   : ./04292/sva.sv
  tcl   : ./jasper_verif_check.tcl
❌ 04292 VERIF RUN FAIL (rc=1)
▶️  Processing 04293 ...
🔍 Verifying 04293 ...
  module: ./04293/module.v
  sva   : ./04293/sva.sv
  tcl   : ./jasper_verif_check.tcl
❌ 04293 VERIF RUN FAIL (rc=1)
▶️  Processing 04294 ...
🔍 Verifying 04294 ...
  module: ./04294/module.v
  sva   : ./04294/sva.sv
  tcl   : ./jasper_verif_check.tcl
❌ 04294 VERIF RUN FAIL (rc=1)
▶️  Processing 04295 ...
🔍 Verifying 04295 ...
  module: ./04295/module.v
  sva   : ./04295/sva.sv
  tcl   : ./jasper_verif_check.tcl
❌ 04295 VERIF RUN FAIL (rc=1)
▶️  Processing 04296 ...
🔍 Verifying 04296 ...
  module: ./04296/module.v
  sva   : ./04296/sva.sv
  tcl   : ./jasper_verif_check.tcl
✅ 04296 VERIF RUN OK
▶️  Processing 04297 ...
🔍 Verifying 04297 ...
  module: ./04297/module.v
  sva   : ./04297/sva.sv
  tcl   : ./jasper_verif_check.tcl
❌ 04297 VERIF RUN FAIL (rc=1)
▶️  Processing 04298 ...
🔍 Verifying 04298 ...
  module: ./04298/module.v
  sva   : ./04298/sva.sv
  tcl   : ./jasper_verif_check.tcl
✅ 04298 VERIF RUN OK
▶️  Processing 04299 ...
🔍 Verifying 04299 ...
  module: ./04299/module.v
  sva   : ./04299/sva.sv
  tcl   : ./jasper_verif_check.tcl
✅ 04299 VERIF RUN OK
▶️  Processing 04300 ...
🔍 Verifying 04300 ...
  module: ./04300/module.v
  sva   : ./04300/sva.sv
  tcl   : ./jasper_verif_check.tcl
❌ 04300 VERIF RUN FAIL (rc=1)
▶️  Processing 04301 ...
🔍 Verifying 04301 ...
  module: ./04301/module.v
  sva   : ./04301/sva.sv
  tcl   : ./jasper_verif_check.tcl
✅ 04301 VERIF RUN OK
▶️  Processing 04302 ...
🔍 Verifying 04302 ...
  module: ./04302/module.v
  sva   : ./04302/sva.sv
  tcl   : ./jasper_verif_check.tcl
❌ 04302 VERIF RUN FAIL (rc=4)
▶️  Processing 04303 ...
🔍 Verifying 04303 ...
  module: ./04303/module.v
  sva   : ./04303/sva.sv
  tcl   : ./jasper_verif_check.tcl
✅ 04303 VERIF RUN OK
▶️  Processing 04304 ...
🔍 Verifying 04304 ...
  module: ./04304/module.v
  sva   : ./04304/sva.sv
  tcl   : ./jasper_verif_check.tcl
✅ 04304 VERIF RUN OK
▶️  Processing 04305 ...
🔍 Verifying 04305 ...
  module: ./04305/module.v
  sva   : ./04305/sva.sv
  tcl   : ./jasper_verif_check.tcl
✅ 04305 VERIF RUN OK
▶️  Processing 04306 ...
🔍 Verifying 04306 ...
  module: ./04306/module.v
  sva   : ./04306/sva.sv
  tcl   : ./jasper_verif_check.tcl
❌ 04306 VERIF RUN FAIL (rc=1)
▶️  Processing 04307 ...
🔍 Verifying 04307 ...
  module: ./04307/module.v
  sva   : ./04307/sva.sv
  tcl   : ./jasper_verif_check.tcl
❌ 04307 VERIF RUN FAIL (rc=1)
▶️  Processing 04308 ...
🔍 Verifying 04308 ...
  module: ./04308/module.v
  sva   : ./04308/sva.sv
  tcl   : ./jasper_verif_check.tcl
❌ 04308 VERIF RUN FAIL (rc=1)
▶️  Processing 04309 ...
🔍 Verifying 04309 ...
  module: ./04309/module.v
  sva   : ./04309/sva.sv
  tcl   : ./jasper_verif_check.tcl
❌ 04309 VERIF RUN FAIL (rc=1)
▶️  Processing 04310 ...
🔍 Verifying 04310 ...
  module: ./04310/module.v
  sva   : ./04310/sva.sv
  tcl   : ./jasper_verif_check.tcl
❌ 04310 VERIF RUN FAIL (rc=4)
▶️  Processing 04311 ...
🔍 Verifying 04311 ...
  module: ./04311/module.v
  sva   : ./04311/sva.sv
  tcl   : ./jasper_verif_check.tcl
✅ 04311 VERIF RUN OK
▶️  Processing 04312 ...
🔍 Verifying 04312 ...
  module: ./04312/module.v
  sva   : ./04312/sva.sv
  tcl   : ./jasper_verif_check.tcl
❌ 04312 VERIF RUN FAIL (rc=1)
▶️  Processing 04313 ...
🔍 Verifying 04313 ...
  module: ./04313/module.v
  sva   : ./04313/sva.sv
  tcl   : ./jasper_verif_check.tcl
❌ 04313 VERIF RUN FAIL (rc=1)
✅ Chunk 78 finished
