Job 5018960 Task 50 -> IDs 2451-2500
▶️  Processing 02864 ...
🔍 Verifying 02864 ...
  module: ./02864/module.v
  sva   : ./02864/sva.sv
  tcl   : ./jasper_verif_check.tcl
✅ 02864 VERIF RUN OK
▶️  Processing 02865 ...
🔍 Verifying 02865 ...
  module: ./02865/module.v
  sva   : ./02865/sva.sv
  tcl   : ./jasper_verif_check.tcl
❌ 02865 VERIF RUN FAIL (rc=3)
▶️  Processing 02866 ...
🔍 Verifying 02866 ...
  module: ./02866/module.v
  sva   : ./02866/sva.sv
  tcl   : ./jasper_verif_check.tcl
✅ 02866 VERIF RUN OK
▶️  Processing 02867 ...
🔍 Verifying 02867 ...
  module: ./02867/module.v
  sva   : ./02867/sva.sv
  tcl   : ./jasper_verif_check.tcl
❌ 02867 VERIF RUN FAIL (rc=1)
▶️  Processing 02868 ...
🔍 Verifying 02868 ...
  module: ./02868/module.v
  sva   : ./02868/sva.sv
  tcl   : ./jasper_verif_check.tcl
❌ 02868 VERIF RUN FAIL (rc=1)
▶️  Processing 02869 ...
🔍 Verifying 02869 ...
  module: ./02869/module.v
  sva   : ./02869/sva.sv
  tcl   : ./jasper_verif_check.tcl
❌ 02869 VERIF RUN FAIL (rc=1)
▶️  Processing 02870 ...
🔍 Verifying 02870 ...
  module: ./02870/module.v
  sva   : ./02870/sva.sv
  tcl   : ./jasper_verif_check.tcl
❌ 02870 VERIF RUN FAIL (rc=1)
▶️  Processing 02871 ...
🔍 Verifying 02871 ...
  module: ./02871/module.v
  sva   : ./02871/sva.sv
  tcl   : ./jasper_verif_check.tcl
❌ 02871 VERIF RUN FAIL (rc=1)
▶️  Processing 02872 ...
🔍 Verifying 02872 ...
  module: ./02872/module.v
  sva   : ./02872/sva.sv
  tcl   : ./jasper_verif_check.tcl
❌ 02872 VERIF RUN FAIL (rc=1)
▶️  Processing 02873 ...
🔍 Verifying 02873 ...
  module: ./02873/module.v
  sva   : ./02873/sva.sv
  tcl   : ./jasper_verif_check.tcl
❌ 02873 VERIF RUN FAIL (rc=1)
▶️  Processing 02874 ...
🔍 Verifying 02874 ...
  module: ./02874/module.v
  sva   : ./02874/sva.sv
  tcl   : ./jasper_verif_check.tcl
❌ 02874 VERIF RUN FAIL (rc=1)
▶️  Processing 02875 ...
🔍 Verifying 02875 ...
  module: ./02875/module.v
  sva   : ./02875/sva.sv
  tcl   : ./jasper_verif_check.tcl
❌ 02875 VERIF RUN FAIL (rc=3)
▶️  Processing 02876 ...
🔍 Verifying 02876 ...
  module: ./02876/module.v
  sva   : ./02876/sva.sv
  tcl   : ./jasper_verif_check.tcl
❌ 02876 VERIF RUN FAIL (rc=1)
▶️  Processing 02877 ...
🔍 Verifying 02877 ...
  module: ./02877/module.v
  sva   : ./02877/sva.sv
  tcl   : ./jasper_verif_check.tcl
❌ 02877 VERIF RUN FAIL (rc=1)
▶️  Processing 02878 ...
🔍 Verifying 02878 ...
  module: ./02878/module.v
  sva   : ./02878/sva.sv
  tcl   : ./jasper_verif_check.tcl
❌ 02878 VERIF RUN FAIL (rc=1)
▶️  Processing 02879 ...
🔍 Verifying 02879 ...
  module: ./02879/module.v
  sva   : ./02879/sva.sv
  tcl   : ./jasper_verif_check.tcl
❌ 02879 VERIF RUN FAIL (rc=3)
▶️  Processing 02880 ...
🔍 Verifying 02880 ...
  module: ./02880/module.v
  sva   : ./02880/sva.sv
  tcl   : ./jasper_verif_check.tcl
❌ 02880 VERIF RUN FAIL (rc=1)
▶️  Processing 02881 ...
🔍 Verifying 02881 ...
  module: ./02881/module.v
  sva   : ./02881/sva.sv
  tcl   : ./jasper_verif_check.tcl
✅ 02881 VERIF RUN OK
▶️  Processing 02882 ...
🔍 Verifying 02882 ...
  module: ./02882/module.v
  sva   : ./02882/sva.sv
  tcl   : ./jasper_verif_check.tcl
❌ 02882 VERIF RUN FAIL (rc=1)
▶️  Processing 02883 ...
🔍 Verifying 02883 ...
  module: ./02883/module.v
  sva   : ./02883/sva.sv
  tcl   : ./jasper_verif_check.tcl
✅ 02883 VERIF RUN OK
▶️  Processing 02884 ...
🔍 Verifying 02884 ...
  module: ./02884/module.v
  sva   : ./02884/sva.sv
  tcl   : ./jasper_verif_check.tcl
❌ 02884 VERIF RUN FAIL (rc=1)
▶️  Processing 02885 ...
🔍 Verifying 02885 ...
  module: ./02885/module.v
  sva   : ./02885/sva.sv
  tcl   : ./jasper_verif_check.tcl
✅ 02885 VERIF RUN OK
▶️  Processing 02886 ...
🔍 Verifying 02886 ...
  module: ./02886/module.v
  sva   : ./02886/sva.sv
  tcl   : ./jasper_verif_check.tcl
❌ 02886 VERIF RUN FAIL (rc=1)
▶️  Processing 02887 ...
🔍 Verifying 02887 ...
  module: ./02887/module.v
  sva   : ./02887/sva.sv
  tcl   : ./jasper_verif_check.tcl
❌ 02887 VERIF RUN FAIL (rc=1)
▶️  Processing 02888 ...
🔍 Verifying 02888 ...
  module: ./02888/module.v
  sva   : ./02888/sva.sv
  tcl   : ./jasper_verif_check.tcl
✅ 02888 VERIF RUN OK
▶️  Processing 02889 ...
🔍 Verifying 02889 ...
  module: ./02889/module.v
  sva   : ./02889/sva.sv
  tcl   : ./jasper_verif_check.tcl
❌ 02889 VERIF RUN FAIL (rc=1)
▶️  Processing 02890 ...
🔍 Verifying 02890 ...
  module: ./02890/module.v
  sva   : ./02890/sva.sv
  tcl   : ./jasper_verif_check.tcl
❌ 02890 VERIF RUN FAIL (rc=1)
▶️  Processing 02891 ...
🔍 Verifying 02891 ...
  module: ./02891/module.v
  sva   : ./02891/sva.sv
  tcl   : ./jasper_verif_check.tcl
✅ 02891 VERIF RUN OK
▶️  Processing 02892 ...
🔍 Verifying 02892 ...
  module: ./02892/module.v
  sva   : ./02892/sva.sv
  tcl   : ./jasper_verif_check.tcl
✅ 02892 VERIF RUN OK
▶️  Processing 02893 ...
🔍 Verifying 02893 ...
  module: ./02893/module.v
  sva   : ./02893/sva.sv
  tcl   : ./jasper_verif_check.tcl
❌ 02893 VERIF RUN FAIL (rc=1)
▶️  Processing 02894 ...
🔍 Verifying 02894 ...
  module: ./02894/module.v
  sva   : ./02894/sva.sv
  tcl   : ./jasper_verif_check.tcl
❌ 02894 VERIF RUN FAIL (rc=1)
▶️  Processing 02895 ...
🔍 Verifying 02895 ...
  module: ./02895/module.v
  sva   : ./02895/sva.sv
  tcl   : ./jasper_verif_check.tcl
❌ 02895 VERIF RUN FAIL (rc=1)
▶️  Processing 02896 ...
🔍 Verifying 02896 ...
  module: ./02896/module.v
  sva   : ./02896/sva.sv
  tcl   : ./jasper_verif_check.tcl
❌ 02896 VERIF RUN FAIL (rc=1)
▶️  Processing 02897 ...
🔍 Verifying 02897 ...
  module: ./02897/module.v
  sva   : ./02897/sva.sv
  tcl   : ./jasper_verif_check.tcl
❌ 02897 VERIF RUN FAIL (rc=1)
▶️  Processing 02898 ...
🔍 Verifying 02898 ...
  module: ./02898/module.v
  sva   : ./02898/sva.sv
  tcl   : ./jasper_verif_check.tcl
✅ 02898 VERIF RUN OK
▶️  Processing 02899 ...
🔍 Verifying 02899 ...
  module: ./02899/module.v
  sva   : ./02899/sva.sv
  tcl   : ./jasper_verif_check.tcl
✅ 02899 VERIF RUN OK
▶️  Processing 02900 ...
🔍 Verifying 02900 ...
  module: ./02900/module.v
  sva   : ./02900/sva.sv
  tcl   : ./jasper_verif_check.tcl
❌ 02900 VERIF RUN FAIL (rc=1)
▶️  Processing 02901 ...
🔍 Verifying 02901 ...
  module: ./02901/module.v
  sva   : ./02901/sva.sv
  tcl   : ./jasper_verif_check.tcl
✅ 02901 VERIF RUN OK
▶️  Processing 02902 ...
🔍 Verifying 02902 ...
  module: ./02902/module.v
  sva   : ./02902/sva.sv
  tcl   : ./jasper_verif_check.tcl
❌ 02902 VERIF RUN FAIL (rc=1)
▶️  Processing 02903 ...
🔍 Verifying 02903 ...
  module: ./02903/module.v
  sva   : ./02903/sva.sv
  tcl   : ./jasper_verif_check.tcl
❌ 02903 VERIF RUN FAIL (rc=1)
▶️  Processing 02904 ...
🔍 Verifying 02904 ...
  module: ./02904/module.v
  sva   : ./02904/sva.sv
  tcl   : ./jasper_verif_check.tcl
❌ 02904 VERIF RUN FAIL (rc=1)
▶️  Processing 02905 ...
🔍 Verifying 02905 ...
  module: ./02905/module.v
  sva   : ./02905/sva.sv
  tcl   : ./jasper_verif_check.tcl
❌ 02905 VERIF RUN FAIL (rc=1)
▶️  Processing 02906 ...
🔍 Verifying 02906 ...
  module: ./02906/module.v
  sva   : ./02906/sva.sv
  tcl   : ./jasper_verif_check.tcl
❌ 02906 VERIF RUN FAIL (rc=1)
▶️  Processing 02907 ...
🔍 Verifying 02907 ...
  module: ./02907/module.v
  sva   : ./02907/sva.sv
  tcl   : ./jasper_verif_check.tcl
✅ 02907 VERIF RUN OK
▶️  Processing 02908 ...
🔍 Verifying 02908 ...
  module: ./02908/module.v
  sva   : ./02908/sva.sv
  tcl   : ./jasper_verif_check.tcl
❌ 02908 VERIF RUN FAIL (rc=1)
▶️  Processing 02909 ...
🔍 Verifying 02909 ...
  module: ./02909/module.v
  sva   : ./02909/sva.sv
  tcl   : ./jasper_verif_check.tcl
❌ 02909 VERIF RUN FAIL (rc=1)
▶️  Processing 02910 ...
🔍 Verifying 02910 ...
  module: ./02910/module.v
  sva   : ./02910/sva.sv
  tcl   : ./jasper_verif_check.tcl
❌ 02910 VERIF RUN FAIL (rc=1)
▶️  Processing 02911 ...
🔍 Verifying 02911 ...
  module: ./02911/module.v
  sva   : ./02911/sva.sv
  tcl   : ./jasper_verif_check.tcl
❌ 02911 VERIF RUN FAIL (rc=1)
▶️  Processing 02912 ...
🔍 Verifying 02912 ...
  module: ./02912/module.v
  sva   : ./02912/sva.sv
  tcl   : ./jasper_verif_check.tcl
✅ 02912 VERIF RUN OK
▶️  Processing 02913 ...
🔍 Verifying 02913 ...
  module: ./02913/module.v
  sva   : ./02913/sva.sv
  tcl   : ./jasper_verif_check.tcl
✅ 02913 VERIF RUN OK
✅ Chunk 50 finished
