Job 5018902 Task 37 -> IDs 1801-1850
▶️  Processing 02214 ...
🔍 Verifying 02214 ...
  module: ./02214/module.v
  sva   : ./02214/sva.sv
  tcl   : ./jasper_verif_check.tcl
❌ 02214 VERIF RUN FAIL (rc=1)
▶️  Processing 02215 ...
🔍 Verifying 02215 ...
  module: ./02215/module.v
  sva   : ./02215/sva.sv
  tcl   : ./jasper_verif_check.tcl
❌ 02215 VERIF RUN FAIL (rc=1)
▶️  Processing 02216 ...
🔍 Verifying 02216 ...
  module: ./02216/module.v
  sva   : ./02216/sva.sv
  tcl   : ./jasper_verif_check.tcl
❌ 02216 VERIF RUN FAIL (rc=1)
▶️  Processing 02217 ...
🔍 Verifying 02217 ...
  module: ./02217/module.v
  sva   : ./02217/sva.sv
  tcl   : ./jasper_verif_check.tcl
❌ 02217 VERIF RUN FAIL (rc=1)
▶️  Processing 02218 ...
🔍 Verifying 02218 ...
  module: ./02218/module.v
  sva   : ./02218/sva.sv
  tcl   : ./jasper_verif_check.tcl
❌ 02218 VERIF RUN FAIL (rc=1)
▶️  Processing 02219 ...
🔍 Verifying 02219 ...
  module: ./02219/module.v
  sva   : ./02219/sva.sv
  tcl   : ./jasper_verif_check.tcl
❌ 02219 VERIF RUN FAIL (rc=1)
▶️  Processing 02220 ...
🔍 Verifying 02220 ...
  module: ./02220/module.v
  sva   : ./02220/sva.sv
  tcl   : ./jasper_verif_check.tcl
❌ 02220 VERIF RUN FAIL (rc=1)
▶️  Processing 02221 ...
🔍 Verifying 02221 ...
  module: ./02221/module.v
  sva   : ./02221/sva.sv
  tcl   : ./jasper_verif_check.tcl
❌ 02221 VERIF RUN FAIL (rc=1)
▶️  Processing 02222 ...
🔍 Verifying 02222 ...
  module: ./02222/module.v
  sva   : ./02222/sva.sv
  tcl   : ./jasper_verif_check.tcl
❌ 02222 VERIF RUN FAIL (rc=1)
▶️  Processing 02223 ...
🔍 Verifying 02223 ...
  module: ./02223/module.v
  sva   : ./02223/sva.sv
  tcl   : ./jasper_verif_check.tcl
✅ 02223 VERIF RUN OK
▶️  Processing 02224 ...
🔍 Verifying 02224 ...
  module: ./02224/module.v
  sva   : ./02224/sva.sv
  tcl   : ./jasper_verif_check.tcl
❌ 02224 VERIF RUN FAIL (rc=1)
▶️  Processing 02225 ...
🔍 Verifying 02225 ...
  module: ./02225/module.v
  sva   : ./02225/sva.sv
  tcl   : ./jasper_verif_check.tcl
✅ 02225 VERIF RUN OK
▶️  Processing 02226 ...
🔍 Verifying 02226 ...
  module: ./02226/module.v
  sva   : ./02226/sva.sv
  tcl   : ./jasper_verif_check.tcl
❌ 02226 VERIF RUN FAIL (rc=1)
▶️  Processing 02227 ...
🔍 Verifying 02227 ...
  module: ./02227/module.v
  sva   : ./02227/sva.sv
  tcl   : ./jasper_verif_check.tcl
❌ 02227 VERIF RUN FAIL (rc=1)
▶️  Processing 02228 ...
🔍 Verifying 02228 ...
  module: ./02228/module.v
  sva   : ./02228/sva.sv
  tcl   : ./jasper_verif_check.tcl
❌ 02228 VERIF RUN FAIL (rc=1)
▶️  Processing 02229 ...
🔍 Verifying 02229 ...
  module: ./02229/module.v
  sva   : ./02229/sva.sv
  tcl   : ./jasper_verif_check.tcl
❌ 02229 VERIF RUN FAIL (rc=1)
▶️  Processing 02230 ...
🔍 Verifying 02230 ...
  module: ./02230/module.v
  sva   : ./02230/sva.sv
  tcl   : ./jasper_verif_check.tcl
✅ 02230 VERIF RUN OK
▶️  Processing 02231 ...
🔍 Verifying 02231 ...
  module: ./02231/module.v
  sva   : ./02231/sva.sv
  tcl   : ./jasper_verif_check.tcl
❌ 02231 VERIF RUN FAIL (rc=1)
▶️  Processing 02232 ...
🔍 Verifying 02232 ...
  module: ./02232/module.v
  sva   : ./02232/sva.sv
  tcl   : ./jasper_verif_check.tcl
❌ 02232 VERIF RUN FAIL (rc=1)
▶️  Processing 02233 ...
🔍 Verifying 02233 ...
  module: ./02233/module.v
  sva   : ./02233/sva.sv
  tcl   : ./jasper_verif_check.tcl
❌ 02233 VERIF RUN FAIL (rc=1)
▶️  Processing 02234 ...
🔍 Verifying 02234 ...
  module: ./02234/module.v
  sva   : ./02234/sva.sv
  tcl   : ./jasper_verif_check.tcl
✅ 02234 VERIF RUN OK
▶️  Processing 02235 ...
🔍 Verifying 02235 ...
  module: ./02235/module.v
  sva   : ./02235/sva.sv
  tcl   : ./jasper_verif_check.tcl
❌ 02235 VERIF RUN FAIL (rc=1)
▶️  Processing 02236 ...
🔍 Verifying 02236 ...
  module: ./02236/module.v
  sva   : ./02236/sva.sv
  tcl   : ./jasper_verif_check.tcl
❌ 02236 VERIF RUN FAIL (rc=1)
▶️  Processing 02237 ...
🔍 Verifying 02237 ...
  module: ./02237/module.v
  sva   : ./02237/sva.sv
  tcl   : ./jasper_verif_check.tcl
❌ 02237 VERIF RUN FAIL (rc=1)
▶️  Processing 02238 ...
🔍 Verifying 02238 ...
  module: ./02238/module.v
  sva   : ./02238/sva.sv
  tcl   : ./jasper_verif_check.tcl
❌ 02238 VERIF RUN FAIL (rc=1)
▶️  Processing 02239 ...
🔍 Verifying 02239 ...
  module: ./02239/module.v
  sva   : ./02239/sva.sv
  tcl   : ./jasper_verif_check.tcl
❌ 02239 VERIF RUN FAIL (rc=1)
▶️  Processing 02240 ...
🔍 Verifying 02240 ...
  module: ./02240/module.v
  sva   : ./02240/sva.sv
  tcl   : ./jasper_verif_check.tcl
❌ 02240 VERIF RUN FAIL (rc=3)
▶️  Processing 02241 ...
🔍 Verifying 02241 ...
  module: ./02241/module.v
  sva   : ./02241/sva.sv
  tcl   : ./jasper_verif_check.tcl
❌ 02241 VERIF RUN FAIL (rc=1)
▶️  Processing 02242 ...
🔍 Verifying 02242 ...
  module: ./02242/module.v
  sva   : ./02242/sva.sv
  tcl   : ./jasper_verif_check.tcl
✅ 02242 VERIF RUN OK
▶️  Processing 02243 ...
🔍 Verifying 02243 ...
  module: ./02243/module.v
  sva   : ./02243/sva.sv
  tcl   : ./jasper_verif_check.tcl
✅ 02243 VERIF RUN OK
▶️  Processing 02244 ...
🔍 Verifying 02244 ...
  module: ./02244/module.v
  sva   : ./02244/sva.sv
  tcl   : ./jasper_verif_check.tcl
❌ 02244 VERIF RUN FAIL (rc=3)
▶️  Processing 02245 ...
🔍 Verifying 02245 ...
  module: ./02245/module.v
  sva   : ./02245/sva.sv
  tcl   : ./jasper_verif_check.tcl
❌ 02245 VERIF RUN FAIL (rc=1)
▶️  Processing 02246 ...
🔍 Verifying 02246 ...
  module: ./02246/module.v
  sva   : ./02246/sva.sv
  tcl   : ./jasper_verif_check.tcl
✅ 02246 VERIF RUN OK
▶️  Processing 02247 ...
🔍 Verifying 02247 ...
  module: ./02247/module.v
  sva   : ./02247/sva.sv
  tcl   : ./jasper_verif_check.tcl
✅ 02247 VERIF RUN OK
▶️  Processing 02248 ...
🔍 Verifying 02248 ...
  module: ./02248/module.v
  sva   : ./02248/sva.sv
  tcl   : ./jasper_verif_check.tcl
❌ 02248 VERIF RUN FAIL (rc=1)
▶️  Processing 02249 ...
🔍 Verifying 02249 ...
  module: ./02249/module.v
  sva   : ./02249/sva.sv
  tcl   : ./jasper_verif_check.tcl
✅ 02249 VERIF RUN OK
▶️  Processing 02250 ...
🔍 Verifying 02250 ...
  module: ./02250/module.v
  sva   : ./02250/sva.sv
  tcl   : ./jasper_verif_check.tcl
❌ 02250 VERIF RUN FAIL (rc=1)
▶️  Processing 02251 ...
🔍 Verifying 02251 ...
  module: ./02251/module.v
  sva   : ./02251/sva.sv
  tcl   : ./jasper_verif_check.tcl
❌ 02251 VERIF RUN FAIL (rc=1)
▶️  Processing 02252 ...
🔍 Verifying 02252 ...
  module: ./02252/module.v
  sva   : ./02252/sva.sv
  tcl   : ./jasper_verif_check.tcl
✅ 02252 VERIF RUN OK
▶️  Processing 02253 ...
🔍 Verifying 02253 ...
  module: ./02253/module.v
  sva   : ./02253/sva.sv
  tcl   : ./jasper_verif_check.tcl
❌ 02253 VERIF RUN FAIL (rc=1)
▶️  Processing 02254 ...
🔍 Verifying 02254 ...
  module: ./02254/module.v
  sva   : ./02254/sva.sv
  tcl   : ./jasper_verif_check.tcl
✅ 02254 VERIF RUN OK
▶️  Processing 02255 ...
🔍 Verifying 02255 ...
  module: ./02255/module.v
  sva   : ./02255/sva.sv
  tcl   : ./jasper_verif_check.tcl
❌ 02255 VERIF RUN FAIL (rc=1)
▶️  Processing 02256 ...
🔍 Verifying 02256 ...
  module: ./02256/module.v
  sva   : ./02256/sva.sv
  tcl   : ./jasper_verif_check.tcl
✅ 02256 VERIF RUN OK
▶️  Processing 02257 ...
🔍 Verifying 02257 ...
  module: ./02257/module.v
  sva   : ./02257/sva.sv
  tcl   : ./jasper_verif_check.tcl
❌ 02257 VERIF RUN FAIL (rc=1)
▶️  Processing 02258 ...
🔍 Verifying 02258 ...
  module: ./02258/module.v
  sva   : ./02258/sva.sv
  tcl   : ./jasper_verif_check.tcl
❌ 02258 VERIF RUN FAIL (rc=1)
▶️  Processing 02259 ...
🔍 Verifying 02259 ...
  module: ./02259/module.v
  sva   : ./02259/sva.sv
  tcl   : ./jasper_verif_check.tcl
❌ 02259 VERIF RUN FAIL (rc=1)
▶️  Processing 02260 ...
🔍 Verifying 02260 ...
  module: ./02260/module.v
  sva   : ./02260/sva.sv
  tcl   : ./jasper_verif_check.tcl
❌ 02260 VERIF RUN FAIL (rc=1)
▶️  Processing 02261 ...
🔍 Verifying 02261 ...
  module: ./02261/module.v
  sva   : ./02261/sva.sv
  tcl   : ./jasper_verif_check.tcl
❌ 02261 VERIF RUN FAIL (rc=1)
▶️  Processing 02262 ...
🔍 Verifying 02262 ...
  module: ./02262/module.v
  sva   : ./02262/sva.sv
  tcl   : ./jasper_verif_check.tcl
❌ 02262 VERIF RUN FAIL (rc=1)
▶️  Processing 02263 ...
🔍 Verifying 02263 ...
  module: ./02263/module.v
  sva   : ./02263/sva.sv
  tcl   : ./jasper_verif_check.tcl
❌ 02263 VERIF RUN FAIL (rc=1)
✅ Chunk 37 finished
