Job 5018840 Task 22 -> IDs 1051-1100
▶️  Processing 01464 ...
🔍 Verifying 01464 ...
  module: ./01464/module.v
  sva   : ./01464/sva.sv
  tcl   : ./jasper_verif_check.tcl
❌ 01464 VERIF RUN FAIL (rc=1)
▶️  Processing 01465 ...
🔍 Verifying 01465 ...
  module: ./01465/module.v
  sva   : ./01465/sva.sv
  tcl   : ./jasper_verif_check.tcl
❌ 01465 VERIF RUN FAIL (rc=1)
▶️  Processing 01466 ...
🔍 Verifying 01466 ...
  module: ./01466/module.v
  sva   : ./01466/sva.sv
  tcl   : ./jasper_verif_check.tcl
✅ 01466 VERIF RUN OK
▶️  Processing 01467 ...
🔍 Verifying 01467 ...
  module: ./01467/module.v
  sva   : ./01467/sva.sv
  tcl   : ./jasper_verif_check.tcl
❌ 01467 VERIF RUN FAIL (rc=1)
▶️  Processing 01468 ...
🔍 Verifying 01468 ...
  module: ./01468/module.v
  sva   : ./01468/sva.sv
  tcl   : ./jasper_verif_check.tcl
❌ 01468 VERIF RUN FAIL (rc=3)
▶️  Processing 01469 ...
🔍 Verifying 01469 ...
  module: ./01469/module.v
  sva   : ./01469/sva.sv
  tcl   : ./jasper_verif_check.tcl
✅ 01469 VERIF RUN OK
▶️  Processing 01470 ...
🔍 Verifying 01470 ...
  module: ./01470/module.v
  sva   : ./01470/sva.sv
  tcl   : ./jasper_verif_check.tcl
❌ 01470 VERIF RUN FAIL (rc=1)
▶️  Processing 01471 ...
🔍 Verifying 01471 ...
  module: ./01471/module.v
  sva   : ./01471/sva.sv
  tcl   : ./jasper_verif_check.tcl
✅ 01471 VERIF RUN OK
▶️  Processing 01472 ...
🔍 Verifying 01472 ...
  module: ./01472/module.v
  sva   : ./01472/sva.sv
  tcl   : ./jasper_verif_check.tcl
✅ 01472 VERIF RUN OK
▶️  Processing 01473 ...
🔍 Verifying 01473 ...
  module: ./01473/module.v
  sva   : ./01473/sva.sv
  tcl   : ./jasper_verif_check.tcl
❌ 01473 VERIF RUN FAIL (rc=1)
▶️  Processing 01474 ...
🔍 Verifying 01474 ...
  module: ./01474/module.v
  sva   : ./01474/sva.sv
  tcl   : ./jasper_verif_check.tcl
✅ 01474 VERIF RUN OK
▶️  Processing 01475 ...
🔍 Verifying 01475 ...
  module: ./01475/module.v
  sva   : ./01475/sva.sv
  tcl   : ./jasper_verif_check.tcl
❌ 01475 VERIF RUN FAIL (rc=1)
▶️  Processing 01476 ...
🔍 Verifying 01476 ...
  module: ./01476/module.v
  sva   : ./01476/sva.sv
  tcl   : ./jasper_verif_check.tcl
✅ 01476 VERIF RUN OK
▶️  Processing 01477 ...
🔍 Verifying 01477 ...
  module: ./01477/module.v
  sva   : ./01477/sva.sv
  tcl   : ./jasper_verif_check.tcl
❌ 01477 VERIF RUN FAIL (rc=1)
▶️  Processing 01478 ...
🔍 Verifying 01478 ...
  module: ./01478/module.v
  sva   : ./01478/sva.sv
  tcl   : ./jasper_verif_check.tcl
❌ 01478 VERIF RUN FAIL (rc=1)
▶️  Processing 01479 ...
🔍 Verifying 01479 ...
  module: ./01479/module.v
  sva   : ./01479/sva.sv
  tcl   : ./jasper_verif_check.tcl
✅ 01479 VERIF RUN OK
▶️  Processing 01480 ...
🔍 Verifying 01480 ...
  module: ./01480/module.v
  sva   : ./01480/sva.sv
  tcl   : ./jasper_verif_check.tcl
✅ 01480 VERIF RUN OK
▶️  Processing 01481 ...
🔍 Verifying 01481 ...
  module: ./01481/module.v
  sva   : ./01481/sva.sv
  tcl   : ./jasper_verif_check.tcl
✅ 01481 VERIF RUN OK
▶️  Processing 01482 ...
🔍 Verifying 01482 ...
  module: ./01482/module.v
  sva   : ./01482/sva.sv
  tcl   : ./jasper_verif_check.tcl
❌ 01482 VERIF RUN FAIL (rc=1)
▶️  Processing 01483 ...
🔍 Verifying 01483 ...
  module: ./01483/module.v
  sva   : ./01483/sva.sv
  tcl   : ./jasper_verif_check.tcl
✅ 01483 VERIF RUN OK
▶️  Processing 01484 ...
🔍 Verifying 01484 ...
  module: ./01484/module.v
  sva   : ./01484/sva.sv
  tcl   : ./jasper_verif_check.tcl
❌ 01484 VERIF RUN FAIL (rc=1)
▶️  Processing 01485 ...
🔍 Verifying 01485 ...
  module: ./01485/module.v
  sva   : ./01485/sva.sv
  tcl   : ./jasper_verif_check.tcl
❌ 01485 VERIF RUN FAIL (rc=1)
▶️  Processing 01486 ...
🔍 Verifying 01486 ...
  module: ./01486/module.v
  sva   : ./01486/sva.sv
  tcl   : ./jasper_verif_check.tcl
❌ 01486 VERIF RUN FAIL (rc=1)
▶️  Processing 01487 ...
🔍 Verifying 01487 ...
  module: ./01487/module.v
  sva   : ./01487/sva.sv
  tcl   : ./jasper_verif_check.tcl
❌ 01487 VERIF RUN FAIL (rc=1)
▶️  Processing 01488 ...
🔍 Verifying 01488 ...
  module: ./01488/module.v
  sva   : ./01488/sva.sv
  tcl   : ./jasper_verif_check.tcl
❌ 01488 VERIF RUN FAIL (rc=1)
▶️  Processing 01489 ...
🔍 Verifying 01489 ...
  module: ./01489/module.v
  sva   : ./01489/sva.sv
  tcl   : ./jasper_verif_check.tcl
❌ 01489 VERIF RUN FAIL (rc=1)
▶️  Processing 01490 ...
🔍 Verifying 01490 ...
  module: ./01490/module.v
  sva   : ./01490/sva.sv
  tcl   : ./jasper_verif_check.tcl
❌ 01490 VERIF RUN FAIL (rc=1)
▶️  Processing 01491 ...
🔍 Verifying 01491 ...
  module: ./01491/module.v
  sva   : ./01491/sva.sv
  tcl   : ./jasper_verif_check.tcl
✅ 01491 VERIF RUN OK
▶️  Processing 01492 ...
🔍 Verifying 01492 ...
  module: ./01492/module.v
  sva   : ./01492/sva.sv
  tcl   : ./jasper_verif_check.tcl
❌ 01492 VERIF RUN FAIL (rc=3)
▶️  Processing 01493 ...
🔍 Verifying 01493 ...
  module: ./01493/module.v
  sva   : ./01493/sva.sv
  tcl   : ./jasper_verif_check.tcl
❌ 01493 VERIF RUN FAIL (rc=1)
▶️  Processing 01494 ...
🔍 Verifying 01494 ...
  module: ./01494/module.v
  sva   : ./01494/sva.sv
  tcl   : ./jasper_verif_check.tcl
❌ 01494 VERIF RUN FAIL (rc=1)
▶️  Processing 01495 ...
🔍 Verifying 01495 ...
  module: ./01495/module.v
  sva   : ./01495/sva.sv
  tcl   : ./jasper_verif_check.tcl
✅ 01495 VERIF RUN OK
▶️  Processing 01496 ...
🔍 Verifying 01496 ...
  module: ./01496/module.v
  sva   : ./01496/sva.sv
  tcl   : ./jasper_verif_check.tcl
✅ 01496 VERIF RUN OK
▶️  Processing 01497 ...
🔍 Verifying 01497 ...
  module: ./01497/module.v
  sva   : ./01497/sva.sv
  tcl   : ./jasper_verif_check.tcl
✅ 01497 VERIF RUN OK
▶️  Processing 01498 ...
🔍 Verifying 01498 ...
  module: ./01498/module.v
  sva   : ./01498/sva.sv
  tcl   : ./jasper_verif_check.tcl
❌ 01498 VERIF RUN FAIL (rc=1)
▶️  Processing 01499 ...
🔍 Verifying 01499 ...
  module: ./01499/module.v
  sva   : ./01499/sva.sv
  tcl   : ./jasper_verif_check.tcl
❌ 01499 VERIF RUN FAIL (rc=1)
▶️  Processing 01500 ...
🔍 Verifying 01500 ...
  module: ./01500/module.v
  sva   : ./01500/sva.sv
  tcl   : ./jasper_verif_check.tcl
❌ 01500 VERIF RUN FAIL (rc=1)
▶️  Processing 01501 ...
🔍 Verifying 01501 ...
  module: ./01501/module.v
  sva   : ./01501/sva.sv
  tcl   : ./jasper_verif_check.tcl
❌ 01501 VERIF RUN FAIL (rc=1)
▶️  Processing 01502 ...
🔍 Verifying 01502 ...
  module: ./01502/module.v
  sva   : ./01502/sva.sv
  tcl   : ./jasper_verif_check.tcl
❌ 01502 VERIF RUN FAIL (rc=1)
▶️  Processing 01503 ...
🔍 Verifying 01503 ...
  module: ./01503/module.v
  sva   : ./01503/sva.sv
  tcl   : ./jasper_verif_check.tcl
❌ 01503 VERIF RUN FAIL (rc=3)
▶️  Processing 01504 ...
🔍 Verifying 01504 ...
  module: ./01504/module.v
  sva   : ./01504/sva.sv
  tcl   : ./jasper_verif_check.tcl
✅ 01504 VERIF RUN OK
▶️  Processing 01505 ...
🔍 Verifying 01505 ...
  module: ./01505/module.v
  sva   : ./01505/sva.sv
  tcl   : ./jasper_verif_check.tcl
❌ 01505 VERIF RUN FAIL (rc=3)
▶️  Processing 01506 ...
🔍 Verifying 01506 ...
  module: ./01506/module.v
  sva   : ./01506/sva.sv
  tcl   : ./jasper_verif_check.tcl
❌ 01506 VERIF RUN FAIL (rc=1)
▶️  Processing 01507 ...
🔍 Verifying 01507 ...
  module: ./01507/module.v
  sva   : ./01507/sva.sv
  tcl   : ./jasper_verif_check.tcl
❌ 01507 VERIF RUN FAIL (rc=1)
▶️  Processing 01508 ...
🔍 Verifying 01508 ...
  module: ./01508/module.v
  sva   : ./01508/sva.sv
  tcl   : ./jasper_verif_check.tcl
❌ 01508 VERIF RUN FAIL (rc=1)
▶️  Processing 01509 ...
🔍 Verifying 01509 ...
  module: ./01509/module.v
  sva   : ./01509/sva.sv
  tcl   : ./jasper_verif_check.tcl
❌ 01509 VERIF RUN FAIL (rc=1)
▶️  Processing 01510 ...
🔍 Verifying 01510 ...
  module: ./01510/module.v
  sva   : ./01510/sva.sv
  tcl   : ./jasper_verif_check.tcl
❌ 01510 VERIF RUN FAIL (rc=1)
▶️  Processing 01511 ...
🔍 Verifying 01511 ...
  module: ./01511/module.v
  sva   : ./01511/sva.sv
  tcl   : ./jasper_verif_check.tcl
❌ 01511 VERIF RUN FAIL (rc=1)
▶️  Processing 01512 ...
🔍 Verifying 01512 ...
  module: ./01512/module.v
  sva   : ./01512/sva.sv
  tcl   : ./jasper_verif_check.tcl
❌ 01512 VERIF RUN FAIL (rc=1)
▶️  Processing 01513 ...
🔍 Verifying 01513 ...
  module: ./01513/module.v
  sva   : ./01513/sva.sv
  tcl   : ./jasper_verif_check.tcl
❌ 01513 VERIF RUN FAIL (rc=1)
✅ Chunk 22 finished
