Job 5018913 Task 41 -> IDs 2001-2050
▶️  Processing 02414 ...
🔍 Verifying 02414 ...
  module: ./02414/module.v
  sva   : ./02414/sva.sv
  tcl   : ./jasper_verif_check.tcl
❌ 02414 VERIF RUN FAIL (rc=1)
▶️  Processing 02415 ...
🔍 Verifying 02415 ...
  module: ./02415/module.v
  sva   : ./02415/sva.sv
  tcl   : ./jasper_verif_check.tcl
❌ 02415 VERIF RUN FAIL (rc=1)
▶️  Processing 02416 ...
🔍 Verifying 02416 ...
  module: ./02416/module.v
  sva   : ./02416/sva.sv
  tcl   : ./jasper_verif_check.tcl
❌ 02416 VERIF RUN FAIL (rc=1)
▶️  Processing 02417 ...
🔍 Verifying 02417 ...
  module: ./02417/module.v
  sva   : ./02417/sva.sv
  tcl   : ./jasper_verif_check.tcl
✅ 02417 VERIF RUN OK
▶️  Processing 02418 ...
🔍 Verifying 02418 ...
  module: ./02418/module.v
  sva   : ./02418/sva.sv
  tcl   : ./jasper_verif_check.tcl
❌ 02418 VERIF RUN FAIL (rc=1)
▶️  Processing 02419 ...
🔍 Verifying 02419 ...
  module: ./02419/module.v
  sva   : ./02419/sva.sv
  tcl   : ./jasper_verif_check.tcl
✅ 02419 VERIF RUN OK
▶️  Processing 02420 ...
🔍 Verifying 02420 ...
  module: ./02420/module.v
  sva   : ./02420/sva.sv
  tcl   : ./jasper_verif_check.tcl
❌ 02420 VERIF RUN FAIL (rc=1)
▶️  Processing 02421 ...
🔍 Verifying 02421 ...
  module: ./02421/module.v
  sva   : ./02421/sva.sv
  tcl   : ./jasper_verif_check.tcl
❌ 02421 VERIF RUN FAIL (rc=1)
▶️  Processing 02422 ...
🔍 Verifying 02422 ...
  module: ./02422/module.v
  sva   : ./02422/sva.sv
  tcl   : ./jasper_verif_check.tcl
✅ 02422 VERIF RUN OK
▶️  Processing 02423 ...
🔍 Verifying 02423 ...
  module: ./02423/module.v
  sva   : ./02423/sva.sv
  tcl   : ./jasper_verif_check.tcl
❌ 02423 VERIF RUN FAIL (rc=1)
▶️  Processing 02424 ...
🔍 Verifying 02424 ...
  module: ./02424/module.v
  sva   : ./02424/sva.sv
  tcl   : ./jasper_verif_check.tcl
✅ 02424 VERIF RUN OK
▶️  Processing 02425 ...
🔍 Verifying 02425 ...
  module: ./02425/module.v
  sva   : ./02425/sva.sv
  tcl   : ./jasper_verif_check.tcl
❌ 02425 VERIF RUN FAIL (rc=1)
▶️  Processing 02426 ...
🔍 Verifying 02426 ...
  module: ./02426/module.v
  sva   : ./02426/sva.sv
  tcl   : ./jasper_verif_check.tcl
❌ 02426 VERIF RUN FAIL (rc=1)
▶️  Processing 02427 ...
🔍 Verifying 02427 ...
  module: ./02427/module.v
  sva   : ./02427/sva.sv
  tcl   : ./jasper_verif_check.tcl
❌ 02427 VERIF RUN FAIL (rc=1)
▶️  Processing 02428 ...
🔍 Verifying 02428 ...
  module: ./02428/module.v
  sva   : ./02428/sva.sv
  tcl   : ./jasper_verif_check.tcl
❌ 02428 VERIF RUN FAIL (rc=1)
▶️  Processing 02429 ...
🔍 Verifying 02429 ...
  module: ./02429/module.v
  sva   : ./02429/sva.sv
  tcl   : ./jasper_verif_check.tcl
❌ 02429 VERIF RUN FAIL (rc=1)
▶️  Processing 02430 ...
🔍 Verifying 02430 ...
  module: ./02430/module.v
  sva   : ./02430/sva.sv
  tcl   : ./jasper_verif_check.tcl
❌ 02430 VERIF RUN FAIL (rc=1)
▶️  Processing 02431 ...
🔍 Verifying 02431 ...
  module: ./02431/module.v
  sva   : ./02431/sva.sv
  tcl   : ./jasper_verif_check.tcl
❌ 02431 VERIF RUN FAIL (rc=1)
▶️  Processing 02432 ...
🔍 Verifying 02432 ...
  module: ./02432/module.v
  sva   : ./02432/sva.sv
  tcl   : ./jasper_verif_check.tcl
✅ 02432 VERIF RUN OK
▶️  Processing 02433 ...
🔍 Verifying 02433 ...
  module: ./02433/module.v
  sva   : ./02433/sva.sv
  tcl   : ./jasper_verif_check.tcl
✅ 02433 VERIF RUN OK
▶️  Processing 02434 ...
🔍 Verifying 02434 ...
  module: ./02434/module.v
  sva   : ./02434/sva.sv
  tcl   : ./jasper_verif_check.tcl
✅ 02434 VERIF RUN OK
▶️  Processing 02435 ...
🔍 Verifying 02435 ...
  module: ./02435/module.v
  sva   : ./02435/sva.sv
  tcl   : ./jasper_verif_check.tcl
❌ 02435 VERIF RUN FAIL (rc=1)
▶️  Processing 02436 ...
🔍 Verifying 02436 ...
  module: ./02436/module.v
  sva   : ./02436/sva.sv
  tcl   : ./jasper_verif_check.tcl
✅ 02436 VERIF RUN OK
▶️  Processing 02437 ...
🔍 Verifying 02437 ...
  module: ./02437/module.v
  sva   : ./02437/sva.sv
  tcl   : ./jasper_verif_check.tcl
❌ 02437 VERIF RUN FAIL (rc=1)
▶️  Processing 02438 ...
🔍 Verifying 02438 ...
  module: ./02438/module.v
  sva   : ./02438/sva.sv
  tcl   : ./jasper_verif_check.tcl
❌ 02438 VERIF RUN FAIL (rc=1)
▶️  Processing 02439 ...
🔍 Verifying 02439 ...
  module: ./02439/module.v
  sva   : ./02439/sva.sv
  tcl   : ./jasper_verif_check.tcl
❌ 02439 VERIF RUN FAIL (rc=1)
▶️  Processing 02440 ...
🔍 Verifying 02440 ...
  module: ./02440/module.v
  sva   : ./02440/sva.sv
  tcl   : ./jasper_verif_check.tcl
❌ 02440 VERIF RUN FAIL (rc=1)
▶️  Processing 02441 ...
🔍 Verifying 02441 ...
  module: ./02441/module.v
  sva   : ./02441/sva.sv
  tcl   : ./jasper_verif_check.tcl
✅ 02441 VERIF RUN OK
▶️  Processing 02442 ...
🔍 Verifying 02442 ...
  module: ./02442/module.v
  sva   : ./02442/sva.sv
  tcl   : ./jasper_verif_check.tcl
✅ 02442 VERIF RUN OK
▶️  Processing 02443 ...
🔍 Verifying 02443 ...
  module: ./02443/module.v
  sva   : ./02443/sva.sv
  tcl   : ./jasper_verif_check.tcl
❌ 02443 VERIF RUN FAIL (rc=1)
▶️  Processing 02444 ...
🔍 Verifying 02444 ...
  module: ./02444/module.v
  sva   : ./02444/sva.sv
  tcl   : ./jasper_verif_check.tcl
✅ 02444 VERIF RUN OK
▶️  Processing 02445 ...
🔍 Verifying 02445 ...
  module: ./02445/module.v
  sva   : ./02445/sva.sv
  tcl   : ./jasper_verif_check.tcl
❌ 02445 VERIF RUN FAIL (rc=1)
▶️  Processing 02446 ...
🔍 Verifying 02446 ...
  module: ./02446/module.v
  sva   : ./02446/sva.sv
  tcl   : ./jasper_verif_check.tcl
❌ 02446 VERIF RUN FAIL (rc=1)
▶️  Processing 02447 ...
🔍 Verifying 02447 ...
  module: ./02447/module.v
  sva   : ./02447/sva.sv
  tcl   : ./jasper_verif_check.tcl
✅ 02447 VERIF RUN OK
▶️  Processing 02448 ...
🔍 Verifying 02448 ...
  module: ./02448/module.v
  sva   : ./02448/sva.sv
  tcl   : ./jasper_verif_check.tcl
❌ 02448 VERIF RUN FAIL (rc=1)
▶️  Processing 02449 ...
🔍 Verifying 02449 ...
  module: ./02449/module.v
  sva   : ./02449/sva.sv
  tcl   : ./jasper_verif_check.tcl
❌ 02449 VERIF RUN FAIL (rc=1)
▶️  Processing 02450 ...
🔍 Verifying 02450 ...
  module: ./02450/module.v
  sva   : ./02450/sva.sv
  tcl   : ./jasper_verif_check.tcl
✅ 02450 VERIF RUN OK
▶️  Processing 02451 ...
🔍 Verifying 02451 ...
  module: ./02451/module.v
  sva   : ./02451/sva.sv
  tcl   : ./jasper_verif_check.tcl
✅ 02451 VERIF RUN OK
▶️  Processing 02452 ...
🔍 Verifying 02452 ...
  module: ./02452/module.v
  sva   : ./02452/sva.sv
  tcl   : ./jasper_verif_check.tcl
❌ 02452 VERIF RUN FAIL (rc=1)
▶️  Processing 02453 ...
🔍 Verifying 02453 ...
  module: ./02453/module.v
  sva   : ./02453/sva.sv
  tcl   : ./jasper_verif_check.tcl
✅ 02453 VERIF RUN OK
▶️  Processing 02454 ...
🔍 Verifying 02454 ...
  module: ./02454/module.v
  sva   : ./02454/sva.sv
  tcl   : ./jasper_verif_check.tcl
❌ 02454 VERIF RUN FAIL (rc=1)
▶️  Processing 02455 ...
🔍 Verifying 02455 ...
  module: ./02455/module.v
  sva   : ./02455/sva.sv
  tcl   : ./jasper_verif_check.tcl
❌ 02455 VERIF RUN FAIL (rc=1)
▶️  Processing 02456 ...
🔍 Verifying 02456 ...
  module: ./02456/module.v
  sva   : ./02456/sva.sv
  tcl   : ./jasper_verif_check.tcl
❌ 02456 VERIF RUN FAIL (rc=1)
▶️  Processing 02457 ...
🔍 Verifying 02457 ...
  module: ./02457/module.v
  sva   : ./02457/sva.sv
  tcl   : ./jasper_verif_check.tcl
❌ 02457 VERIF RUN FAIL (rc=1)
▶️  Processing 02458 ...
🔍 Verifying 02458 ...
  module: ./02458/module.v
  sva   : ./02458/sva.sv
  tcl   : ./jasper_verif_check.tcl
❌ 02458 VERIF RUN FAIL (rc=1)
▶️  Processing 02459 ...
🔍 Verifying 02459 ...
  module: ./02459/module.v
  sva   : ./02459/sva.sv
  tcl   : ./jasper_verif_check.tcl
✅ 02459 VERIF RUN OK
▶️  Processing 02460 ...
🔍 Verifying 02460 ...
  module: ./02460/module.v
  sva   : ./02460/sva.sv
  tcl   : ./jasper_verif_check.tcl
❌ 02460 VERIF RUN FAIL (rc=1)
▶️  Processing 02461 ...
🔍 Verifying 02461 ...
  module: ./02461/module.v
  sva   : ./02461/sva.sv
  tcl   : ./jasper_verif_check.tcl
❌ 02461 VERIF RUN FAIL (rc=1)
▶️  Processing 02462 ...
🔍 Verifying 02462 ...
  module: ./02462/module.v
  sva   : ./02462/sva.sv
  tcl   : ./jasper_verif_check.tcl
❌ 02462 VERIF RUN FAIL (rc=1)
▶️  Processing 02463 ...
🔍 Verifying 02463 ...
  module: ./02463/module.v
  sva   : ./02463/sva.sv
  tcl   : ./jasper_verif_check.tcl
❌ 02463 VERIF RUN FAIL (rc=1)
✅ Chunk 41 finished
