Job 5018804 Task 10 -> IDs 451-500
▶️  Processing 00864 ...
🔍 Verifying 00864 ...
  module: ./00864/module.v
  sva   : ./00864/sva.sv
  tcl   : ./jasper_verif_check.tcl
❌ 00864 VERIF RUN FAIL (rc=1)
▶️  Processing 00865 ...
🔍 Verifying 00865 ...
  module: ./00865/module.v
  sva   : ./00865/sva.sv
  tcl   : ./jasper_verif_check.tcl
✅ 00865 VERIF RUN OK
▶️  Processing 00866 ...
🔍 Verifying 00866 ...
  module: ./00866/module.v
  sva   : ./00866/sva.sv
  tcl   : ./jasper_verif_check.tcl
✅ 00866 VERIF RUN OK
▶️  Processing 00867 ...
🔍 Verifying 00867 ...
  module: ./00867/module.v
  sva   : ./00867/sva.sv
  tcl   : ./jasper_verif_check.tcl
❌ 00867 VERIF RUN FAIL (rc=1)
▶️  Processing 00868 ...
🔍 Verifying 00868 ...
  module: ./00868/module.v
  sva   : ./00868/sva.sv
  tcl   : ./jasper_verif_check.tcl
❌ 00868 VERIF RUN FAIL (rc=1)
▶️  Processing 00869 ...
🔍 Verifying 00869 ...
  module: ./00869/module.v
  sva   : ./00869/sva.sv
  tcl   : ./jasper_verif_check.tcl
❌ 00869 VERIF RUN FAIL (rc=1)
▶️  Processing 00870 ...
🔍 Verifying 00870 ...
  module: ./00870/module.v
  sva   : ./00870/sva.sv
  tcl   : ./jasper_verif_check.tcl
❌ 00870 VERIF RUN FAIL (rc=1)
▶️  Processing 00871 ...
🔍 Verifying 00871 ...
  module: ./00871/module.v
  sva   : ./00871/sva.sv
  tcl   : ./jasper_verif_check.tcl
❌ 00871 VERIF RUN FAIL (rc=1)
▶️  Processing 00872 ...
🔍 Verifying 00872 ...
  module: ./00872/module.v
  sva   : ./00872/sva.sv
  tcl   : ./jasper_verif_check.tcl
❌ 00872 VERIF RUN FAIL (rc=3)
▶️  Processing 00873 ...
🔍 Verifying 00873 ...
  module: ./00873/module.v
  sva   : ./00873/sva.sv
  tcl   : ./jasper_verif_check.tcl
❌ 00873 VERIF RUN FAIL (rc=1)
▶️  Processing 00874 ...
🔍 Verifying 00874 ...
  module: ./00874/module.v
  sva   : ./00874/sva.sv
  tcl   : ./jasper_verif_check.tcl
✅ 00874 VERIF RUN OK
▶️  Processing 00875 ...
🔍 Verifying 00875 ...
  module: ./00875/module.v
  sva   : ./00875/sva.sv
  tcl   : ./jasper_verif_check.tcl
❌ 00875 VERIF RUN FAIL (rc=1)
▶️  Processing 00876 ...
🔍 Verifying 00876 ...
  module: ./00876/module.v
  sva   : ./00876/sva.sv
  tcl   : ./jasper_verif_check.tcl
❌ 00876 VERIF RUN FAIL (rc=1)
▶️  Processing 00877 ...
🔍 Verifying 00877 ...
  module: ./00877/module.v
  sva   : ./00877/sva.sv
  tcl   : ./jasper_verif_check.tcl
❌ 00877 VERIF RUN FAIL (rc=4)
▶️  Processing 00878 ...
🔍 Verifying 00878 ...
  module: ./00878/module.v
  sva   : ./00878/sva.sv
  tcl   : ./jasper_verif_check.tcl
❌ 00878 VERIF RUN FAIL (rc=1)
▶️  Processing 00879 ...
🔍 Verifying 00879 ...
  module: ./00879/module.v
  sva   : ./00879/sva.sv
  tcl   : ./jasper_verif_check.tcl
❌ 00879 VERIF RUN FAIL (rc=1)
▶️  Processing 00880 ...
🔍 Verifying 00880 ...
  module: ./00880/module.v
  sva   : ./00880/sva.sv
  tcl   : ./jasper_verif_check.tcl
✅ 00880 VERIF RUN OK
▶️  Processing 00881 ...
🔍 Verifying 00881 ...
  module: ./00881/module.v
  sva   : ./00881/sva.sv
  tcl   : ./jasper_verif_check.tcl
❌ 00881 VERIF RUN FAIL (rc=3)
▶️  Processing 00882 ...
🔍 Verifying 00882 ...
  module: ./00882/module.v
  sva   : ./00882/sva.sv
  tcl   : ./jasper_verif_check.tcl
❌ 00882 VERIF RUN FAIL (rc=1)
▶️  Processing 00883 ...
🔍 Verifying 00883 ...
  module: ./00883/module.v
  sva   : ./00883/sva.sv
  tcl   : ./jasper_verif_check.tcl
❌ 00883 VERIF RUN FAIL (rc=1)
▶️  Processing 00884 ...
🔍 Verifying 00884 ...
  module: ./00884/module.v
  sva   : ./00884/sva.sv
  tcl   : ./jasper_verif_check.tcl
❌ 00884 VERIF RUN FAIL (rc=4)
▶️  Processing 00885 ...
🔍 Verifying 00885 ...
  module: ./00885/module.v
  sva   : ./00885/sva.sv
  tcl   : ./jasper_verif_check.tcl
❌ 00885 VERIF RUN FAIL (rc=1)
▶️  Processing 00886 ...
🔍 Verifying 00886 ...
  module: ./00886/module.v
  sva   : ./00886/sva.sv
  tcl   : ./jasper_verif_check.tcl
❌ 00886 VERIF RUN FAIL (rc=1)
▶️  Processing 00887 ...
🔍 Verifying 00887 ...
  module: ./00887/module.v
  sva   : ./00887/sva.sv
  tcl   : ./jasper_verif_check.tcl
❌ 00887 VERIF RUN FAIL (rc=1)
▶️  Processing 00888 ...
🔍 Verifying 00888 ...
  module: ./00888/module.v
  sva   : ./00888/sva.sv
  tcl   : ./jasper_verif_check.tcl
❌ 00888 VERIF RUN FAIL (rc=1)
▶️  Processing 00889 ...
🔍 Verifying 00889 ...
  module: ./00889/module.v
  sva   : ./00889/sva.sv
  tcl   : ./jasper_verif_check.tcl
✅ 00889 VERIF RUN OK
▶️  Processing 00890 ...
🔍 Verifying 00890 ...
  module: ./00890/module.v
  sva   : ./00890/sva.sv
  tcl   : ./jasper_verif_check.tcl
❌ 00890 VERIF RUN FAIL (rc=1)
▶️  Processing 00891 ...
🔍 Verifying 00891 ...
  module: ./00891/module.v
  sva   : ./00891/sva.sv
  tcl   : ./jasper_verif_check.tcl
❌ 00891 VERIF RUN FAIL (rc=1)
▶️  Processing 00892 ...
🔍 Verifying 00892 ...
  module: ./00892/module.v
  sva   : ./00892/sva.sv
  tcl   : ./jasper_verif_check.tcl
✅ 00892 VERIF RUN OK
▶️  Processing 00893 ...
🔍 Verifying 00893 ...
  module: ./00893/module.v
  sva   : ./00893/sva.sv
  tcl   : ./jasper_verif_check.tcl
❌ 00893 VERIF RUN FAIL (rc=1)
▶️  Processing 00894 ...
🔍 Verifying 00894 ...
  module: ./00894/module.v
  sva   : ./00894/sva.sv
  tcl   : ./jasper_verif_check.tcl
❌ 00894 VERIF RUN FAIL (rc=1)
▶️  Processing 00895 ...
🔍 Verifying 00895 ...
  module: ./00895/module.v
  sva   : ./00895/sva.sv
  tcl   : ./jasper_verif_check.tcl
✅ 00895 VERIF RUN OK
▶️  Processing 00896 ...
🔍 Verifying 00896 ...
  module: ./00896/module.v
  sva   : ./00896/sva.sv
  tcl   : ./jasper_verif_check.tcl
❌ 00896 VERIF RUN FAIL (rc=1)
▶️  Processing 00897 ...
🔍 Verifying 00897 ...
  module: ./00897/module.v
  sva   : ./00897/sva.sv
  tcl   : ./jasper_verif_check.tcl
✅ 00897 VERIF RUN OK
▶️  Processing 00898 ...
🔍 Verifying 00898 ...
  module: ./00898/module.v
  sva   : ./00898/sva.sv
  tcl   : ./jasper_verif_check.tcl
❌ 00898 VERIF RUN FAIL (rc=1)
▶️  Processing 00899 ...
🔍 Verifying 00899 ...
  module: ./00899/module.v
  sva   : ./00899/sva.sv
  tcl   : ./jasper_verif_check.tcl
✅ 00899 VERIF RUN OK
▶️  Processing 00900 ...
🔍 Verifying 00900 ...
  module: ./00900/module.v
  sva   : ./00900/sva.sv
  tcl   : ./jasper_verif_check.tcl
❌ 00900 VERIF RUN FAIL (rc=1)
▶️  Processing 00901 ...
🔍 Verifying 00901 ...
  module: ./00901/module.v
  sva   : ./00901/sva.sv
  tcl   : ./jasper_verif_check.tcl
✅ 00901 VERIF RUN OK
▶️  Processing 00902 ...
🔍 Verifying 00902 ...
  module: ./00902/module.v
  sva   : ./00902/sva.sv
  tcl   : ./jasper_verif_check.tcl
❌ 00902 VERIF RUN FAIL (rc=1)
▶️  Processing 00903 ...
🔍 Verifying 00903 ...
  module: ./00903/module.v
  sva   : ./00903/sva.sv
  tcl   : ./jasper_verif_check.tcl
❌ 00903 VERIF RUN FAIL (rc=1)
▶️  Processing 00904 ...
🔍 Verifying 00904 ...
  module: ./00904/module.v
  sva   : ./00904/sva.sv
  tcl   : ./jasper_verif_check.tcl
❌ 00904 VERIF RUN FAIL (rc=1)
▶️  Processing 00905 ...
🔍 Verifying 00905 ...
  module: ./00905/module.v
  sva   : ./00905/sva.sv
  tcl   : ./jasper_verif_check.tcl
❌ 00905 VERIF RUN FAIL (rc=1)
▶️  Processing 00906 ...
🔍 Verifying 00906 ...
  module: ./00906/module.v
  sva   : ./00906/sva.sv
  tcl   : ./jasper_verif_check.tcl
❌ 00906 VERIF RUN FAIL (rc=1)
▶️  Processing 00907 ...
🔍 Verifying 00907 ...
  module: ./00907/module.v
  sva   : ./00907/sva.sv
  tcl   : ./jasper_verif_check.tcl
✅ 00907 VERIF RUN OK
▶️  Processing 00908 ...
🔍 Verifying 00908 ...
  module: ./00908/module.v
  sva   : ./00908/sva.sv
  tcl   : ./jasper_verif_check.tcl
❌ 00908 VERIF RUN FAIL (rc=1)
▶️  Processing 00909 ...
🔍 Verifying 00909 ...
  module: ./00909/module.v
  sva   : ./00909/sva.sv
  tcl   : ./jasper_verif_check.tcl
❌ 00909 VERIF RUN FAIL (rc=1)
▶️  Processing 00910 ...
🔍 Verifying 00910 ...
  module: ./00910/module.v
  sva   : ./00910/sva.sv
  tcl   : ./jasper_verif_check.tcl
❌ 00910 VERIF RUN FAIL (rc=1)
▶️  Processing 00911 ...
🔍 Verifying 00911 ...
  module: ./00911/module.v
  sva   : ./00911/sva.sv
  tcl   : ./jasper_verif_check.tcl
✅ 00911 VERIF RUN OK
▶️  Processing 00912 ...
🔍 Verifying 00912 ...
  module: ./00912/module.v
  sva   : ./00912/sva.sv
  tcl   : ./jasper_verif_check.tcl
❌ 00912 VERIF RUN FAIL (rc=1)
▶️  Processing 00913 ...
🔍 Verifying 00913 ...
  module: ./00913/module.v
  sva   : ./00913/sva.sv
  tcl   : ./jasper_verif_check.tcl
❌ 00913 VERIF RUN FAIL (rc=1)
✅ Chunk 10 finished
