Job 5018841 Task 23 -> IDs 1101-1150
▶️  Processing 01514 ...
🔍 Verifying 01514 ...
  module: ./01514/module.v
  sva   : ./01514/sva.sv
  tcl   : ./jasper_verif_check.tcl
❌ 01514 VERIF RUN FAIL (rc=1)
▶️  Processing 01515 ...
🔍 Verifying 01515 ...
  module: ./01515/module.v
  sva   : ./01515/sva.sv
  tcl   : ./jasper_verif_check.tcl
❌ 01515 VERIF RUN FAIL (rc=1)
▶️  Processing 01516 ...
🔍 Verifying 01516 ...
  module: ./01516/module.v
  sva   : ./01516/sva.sv
  tcl   : ./jasper_verif_check.tcl
✅ 01516 VERIF RUN OK
▶️  Processing 01517 ...
🔍 Verifying 01517 ...
  module: ./01517/module.v
  sva   : ./01517/sva.sv
  tcl   : ./jasper_verif_check.tcl
✅ 01517 VERIF RUN OK
▶️  Processing 01518 ...
🔍 Verifying 01518 ...
  module: ./01518/module.v
  sva   : ./01518/sva.sv
  tcl   : ./jasper_verif_check.tcl
✅ 01518 VERIF RUN OK
▶️  Processing 01519 ...
🔍 Verifying 01519 ...
  module: ./01519/module.v
  sva   : ./01519/sva.sv
  tcl   : ./jasper_verif_check.tcl
✅ 01519 VERIF RUN OK
▶️  Processing 01520 ...
🔍 Verifying 01520 ...
  module: ./01520/module.v
  sva   : ./01520/sva.sv
  tcl   : ./jasper_verif_check.tcl
❌ 01520 VERIF RUN FAIL (rc=1)
▶️  Processing 01521 ...
🔍 Verifying 01521 ...
  module: ./01521/module.v
  sva   : ./01521/sva.sv
  tcl   : ./jasper_verif_check.tcl
❌ 01521 VERIF RUN FAIL (rc=4)
▶️  Processing 01522 ...
🔍 Verifying 01522 ...
  module: ./01522/module.v
  sva   : ./01522/sva.sv
  tcl   : ./jasper_verif_check.tcl
✅ 01522 VERIF RUN OK
▶️  Processing 01523 ...
🔍 Verifying 01523 ...
  module: ./01523/module.v
  sva   : ./01523/sva.sv
  tcl   : ./jasper_verif_check.tcl
❌ 01523 VERIF RUN FAIL (rc=1)
▶️  Processing 01524 ...
🔍 Verifying 01524 ...
  module: ./01524/module.v
  sva   : ./01524/sva.sv
  tcl   : ./jasper_verif_check.tcl
✅ 01524 VERIF RUN OK
▶️  Processing 01525 ...
🔍 Verifying 01525 ...
  module: ./01525/module.v
  sva   : ./01525/sva.sv
  tcl   : ./jasper_verif_check.tcl
❌ 01525 VERIF RUN FAIL (rc=3)
▶️  Processing 01526 ...
🔍 Verifying 01526 ...
  module: ./01526/module.v
  sva   : ./01526/sva.sv
  tcl   : ./jasper_verif_check.tcl
❌ 01526 VERIF RUN FAIL (rc=1)
▶️  Processing 01527 ...
🔍 Verifying 01527 ...
  module: ./01527/module.v
  sva   : ./01527/sva.sv
  tcl   : ./jasper_verif_check.tcl
❌ 01527 VERIF RUN FAIL (rc=1)
▶️  Processing 01528 ...
🔍 Verifying 01528 ...
  module: ./01528/module.v
  sva   : ./01528/sva.sv
  tcl   : ./jasper_verif_check.tcl
❌ 01528 VERIF RUN FAIL (rc=1)
▶️  Processing 01529 ...
🔍 Verifying 01529 ...
  module: ./01529/module.v
  sva   : ./01529/sva.sv
  tcl   : ./jasper_verif_check.tcl
❌ 01529 VERIF RUN FAIL (rc=1)
▶️  Processing 01530 ...
🔍 Verifying 01530 ...
  module: ./01530/module.v
  sva   : ./01530/sva.sv
  tcl   : ./jasper_verif_check.tcl
❌ 01530 VERIF RUN FAIL (rc=1)
▶️  Processing 01531 ...
🔍 Verifying 01531 ...
  module: ./01531/module.v
  sva   : ./01531/sva.sv
  tcl   : ./jasper_verif_check.tcl
❌ 01531 VERIF RUN FAIL (rc=1)
▶️  Processing 01532 ...
🔍 Verifying 01532 ...
  module: ./01532/module.v
  sva   : ./01532/sva.sv
  tcl   : ./jasper_verif_check.tcl
❌ 01532 VERIF RUN FAIL (rc=1)
▶️  Processing 01533 ...
🔍 Verifying 01533 ...
  module: ./01533/module.v
  sva   : ./01533/sva.sv
  tcl   : ./jasper_verif_check.tcl
❌ 01533 VERIF RUN FAIL (rc=1)
▶️  Processing 01534 ...
🔍 Verifying 01534 ...
  module: ./01534/module.v
  sva   : ./01534/sva.sv
  tcl   : ./jasper_verif_check.tcl
❌ 01534 VERIF RUN FAIL (rc=1)
▶️  Processing 01535 ...
🔍 Verifying 01535 ...
  module: ./01535/module.v
  sva   : ./01535/sva.sv
  tcl   : ./jasper_verif_check.tcl
❌ 01535 VERIF RUN FAIL (rc=1)
▶️  Processing 01536 ...
🔍 Verifying 01536 ...
  module: ./01536/module.v
  sva   : ./01536/sva.sv
  tcl   : ./jasper_verif_check.tcl
✅ 01536 VERIF RUN OK
▶️  Processing 01537 ...
🔍 Verifying 01537 ...
  module: ./01537/module.v
  sva   : ./01537/sva.sv
  tcl   : ./jasper_verif_check.tcl
❌ 01537 VERIF RUN FAIL (rc=1)
▶️  Processing 01538 ...
🔍 Verifying 01538 ...
  module: ./01538/module.v
  sva   : ./01538/sva.sv
  tcl   : ./jasper_verif_check.tcl
❌ 01538 VERIF RUN FAIL (rc=1)
▶️  Processing 01539 ...
🔍 Verifying 01539 ...
  module: ./01539/module.v
  sva   : ./01539/sva.sv
  tcl   : ./jasper_verif_check.tcl
❌ 01539 VERIF RUN FAIL (rc=1)
▶️  Processing 01540 ...
🔍 Verifying 01540 ...
  module: ./01540/module.v
  sva   : ./01540/sva.sv
  tcl   : ./jasper_verif_check.tcl
❌ 01540 VERIF RUN FAIL (rc=1)
▶️  Processing 01541 ...
🔍 Verifying 01541 ...
  module: ./01541/module.v
  sva   : ./01541/sva.sv
  tcl   : ./jasper_verif_check.tcl
✅ 01541 VERIF RUN OK
▶️  Processing 01542 ...
🔍 Verifying 01542 ...
  module: ./01542/module.v
  sva   : ./01542/sva.sv
  tcl   : ./jasper_verif_check.tcl
❌ 01542 VERIF RUN FAIL (rc=1)
▶️  Processing 01543 ...
🔍 Verifying 01543 ...
  module: ./01543/module.v
  sva   : ./01543/sva.sv
  tcl   : ./jasper_verif_check.tcl
❌ 01543 VERIF RUN FAIL (rc=1)
▶️  Processing 01544 ...
🔍 Verifying 01544 ...
  module: ./01544/module.v
  sva   : ./01544/sva.sv
  tcl   : ./jasper_verif_check.tcl
✅ 01544 VERIF RUN OK
▶️  Processing 01545 ...
🔍 Verifying 01545 ...
  module: ./01545/module.v
  sva   : ./01545/sva.sv
  tcl   : ./jasper_verif_check.tcl
❌ 01545 VERIF RUN FAIL (rc=1)
▶️  Processing 01546 ...
🔍 Verifying 01546 ...
  module: ./01546/module.v
  sva   : ./01546/sva.sv
  tcl   : ./jasper_verif_check.tcl
❌ 01546 VERIF RUN FAIL (rc=1)
▶️  Processing 01547 ...
🔍 Verifying 01547 ...
  module: ./01547/module.v
  sva   : ./01547/sva.sv
  tcl   : ./jasper_verif_check.tcl
❌ 01547 VERIF RUN FAIL (rc=1)
▶️  Processing 01548 ...
🔍 Verifying 01548 ...
  module: ./01548/module.v
  sva   : ./01548/sva.sv
  tcl   : ./jasper_verif_check.tcl
❌ 01548 VERIF RUN FAIL (rc=1)
▶️  Processing 01549 ...
🔍 Verifying 01549 ...
  module: ./01549/module.v
  sva   : ./01549/sva.sv
  tcl   : ./jasper_verif_check.tcl
✅ 01549 VERIF RUN OK
▶️  Processing 01550 ...
🔍 Verifying 01550 ...
  module: ./01550/module.v
  sva   : ./01550/sva.sv
  tcl   : ./jasper_verif_check.tcl
❌ 01550 VERIF RUN FAIL (rc=3)
▶️  Processing 01551 ...
🔍 Verifying 01551 ...
  module: ./01551/module.v
  sva   : ./01551/sva.sv
  tcl   : ./jasper_verif_check.tcl
✅ 01551 VERIF RUN OK
▶️  Processing 01552 ...
🔍 Verifying 01552 ...
  module: ./01552/module.v
  sva   : ./01552/sva.sv
  tcl   : ./jasper_verif_check.tcl
❌ 01552 VERIF RUN FAIL (rc=1)
▶️  Processing 01553 ...
🔍 Verifying 01553 ...
  module: ./01553/module.v
  sva   : ./01553/sva.sv
  tcl   : ./jasper_verif_check.tcl
❌ 01553 VERIF RUN FAIL (rc=1)
▶️  Processing 01554 ...
🔍 Verifying 01554 ...
  module: ./01554/module.v
  sva   : ./01554/sva.sv
  tcl   : ./jasper_verif_check.tcl
✅ 01554 VERIF RUN OK
▶️  Processing 01555 ...
🔍 Verifying 01555 ...
  module: ./01555/module.v
  sva   : ./01555/sva.sv
  tcl   : ./jasper_verif_check.tcl
❌ 01555 VERIF RUN FAIL (rc=1)
▶️  Processing 01556 ...
🔍 Verifying 01556 ...
  module: ./01556/module.v
  sva   : ./01556/sva.sv
  tcl   : ./jasper_verif_check.tcl
❌ 01556 VERIF RUN FAIL (rc=1)
▶️  Processing 01557 ...
🔍 Verifying 01557 ...
  module: ./01557/module.v
  sva   : ./01557/sva.sv
  tcl   : ./jasper_verif_check.tcl
❌ 01557 VERIF RUN FAIL (rc=1)
▶️  Processing 01558 ...
🔍 Verifying 01558 ...
  module: ./01558/module.v
  sva   : ./01558/sva.sv
  tcl   : ./jasper_verif_check.tcl
❌ 01558 VERIF RUN FAIL (rc=1)
▶️  Processing 01559 ...
🔍 Verifying 01559 ...
  module: ./01559/module.v
  sva   : ./01559/sva.sv
  tcl   : ./jasper_verif_check.tcl
✅ 01559 VERIF RUN OK
▶️  Processing 01560 ...
🔍 Verifying 01560 ...
  module: ./01560/module.v
  sva   : ./01560/sva.sv
  tcl   : ./jasper_verif_check.tcl
❌ 01560 VERIF RUN FAIL (rc=1)
▶️  Processing 01561 ...
🔍 Verifying 01561 ...
  module: ./01561/module.v
  sva   : ./01561/sva.sv
  tcl   : ./jasper_verif_check.tcl
❌ 01561 VERIF RUN FAIL (rc=1)
▶️  Processing 01562 ...
🔍 Verifying 01562 ...
  module: ./01562/module.v
  sva   : ./01562/sva.sv
  tcl   : ./jasper_verif_check.tcl
❌ 01562 VERIF RUN FAIL (rc=1)
▶️  Processing 01563 ...
🔍 Verifying 01563 ...
  module: ./01563/module.v
  sva   : ./01563/sva.sv
  tcl   : ./jasper_verif_check.tcl
❌ 01563 VERIF RUN FAIL (rc=1)
✅ Chunk 23 finished
