Job 5018862 Task 30 -> IDs 1451-1500
▶️  Processing 01864 ...
🔍 Verifying 01864 ...
  module: ./01864/module.v
  sva   : ./01864/sva.sv
  tcl   : ./jasper_verif_check.tcl
❌ 01864 VERIF RUN FAIL (rc=1)
▶️  Processing 01865 ...
🔍 Verifying 01865 ...
  module: ./01865/module.v
  sva   : ./01865/sva.sv
  tcl   : ./jasper_verif_check.tcl
❌ 01865 VERIF RUN FAIL (rc=1)
▶️  Processing 01866 ...
🔍 Verifying 01866 ...
  module: ./01866/module.v
  sva   : ./01866/sva.sv
  tcl   : ./jasper_verif_check.tcl
✅ 01866 VERIF RUN OK
▶️  Processing 01867 ...
🔍 Verifying 01867 ...
  module: ./01867/module.v
  sva   : ./01867/sva.sv
  tcl   : ./jasper_verif_check.tcl
❌ 01867 VERIF RUN FAIL (rc=1)
▶️  Processing 01868 ...
🔍 Verifying 01868 ...
  module: ./01868/module.v
  sva   : ./01868/sva.sv
  tcl   : ./jasper_verif_check.tcl
✅ 01868 VERIF RUN OK
▶️  Processing 01869 ...
🔍 Verifying 01869 ...
  module: ./01869/module.v
  sva   : ./01869/sva.sv
  tcl   : ./jasper_verif_check.tcl
✅ 01869 VERIF RUN OK
▶️  Processing 01870 ...
🔍 Verifying 01870 ...
  module: ./01870/module.v
  sva   : ./01870/sva.sv
  tcl   : ./jasper_verif_check.tcl
❌ 01870 VERIF RUN FAIL (rc=1)
▶️  Processing 01871 ...
🔍 Verifying 01871 ...
  module: ./01871/module.v
  sva   : ./01871/sva.sv
  tcl   : ./jasper_verif_check.tcl
❌ 01871 VERIF RUN FAIL (rc=3)
▶️  Processing 01872 ...
🔍 Verifying 01872 ...
  module: ./01872/module.v
  sva   : ./01872/sva.sv
  tcl   : ./jasper_verif_check.tcl
❌ 01872 VERIF RUN FAIL (rc=3)
▶️  Processing 01873 ...
🔍 Verifying 01873 ...
  module: ./01873/module.v
  sva   : ./01873/sva.sv
  tcl   : ./jasper_verif_check.tcl
❌ 01873 VERIF RUN FAIL (rc=1)
▶️  Processing 01874 ...
🔍 Verifying 01874 ...
  module: ./01874/module.v
  sva   : ./01874/sva.sv
  tcl   : ./jasper_verif_check.tcl
❌ 01874 VERIF RUN FAIL (rc=1)
▶️  Processing 01875 ...
🔍 Verifying 01875 ...
  module: ./01875/module.v
  sva   : ./01875/sva.sv
  tcl   : ./jasper_verif_check.tcl
❌ 01875 VERIF RUN FAIL (rc=1)
▶️  Processing 01876 ...
🔍 Verifying 01876 ...
  module: ./01876/module.v
  sva   : ./01876/sva.sv
  tcl   : ./jasper_verif_check.tcl
❌ 01876 VERIF RUN FAIL (rc=1)
▶️  Processing 01877 ...
🔍 Verifying 01877 ...
  module: ./01877/module.v
  sva   : ./01877/sva.sv
  tcl   : ./jasper_verif_check.tcl
❌ 01877 VERIF RUN FAIL (rc=1)
▶️  Processing 01878 ...
🔍 Verifying 01878 ...
  module: ./01878/module.v
  sva   : ./01878/sva.sv
  tcl   : ./jasper_verif_check.tcl
❌ 01878 VERIF RUN FAIL (rc=1)
▶️  Processing 01879 ...
🔍 Verifying 01879 ...
  module: ./01879/module.v
  sva   : ./01879/sva.sv
  tcl   : ./jasper_verif_check.tcl
❌ 01879 VERIF RUN FAIL (rc=1)
▶️  Processing 01880 ...
🔍 Verifying 01880 ...
  module: ./01880/module.v
  sva   : ./01880/sva.sv
  tcl   : ./jasper_verif_check.tcl
❌ 01880 VERIF RUN FAIL (rc=1)
▶️  Processing 01881 ...
🔍 Verifying 01881 ...
  module: ./01881/module.v
  sva   : ./01881/sva.sv
  tcl   : ./jasper_verif_check.tcl
❌ 01881 VERIF RUN FAIL (rc=3)
▶️  Processing 01882 ...
🔍 Verifying 01882 ...
  module: ./01882/module.v
  sva   : ./01882/sva.sv
  tcl   : ./jasper_verif_check.tcl
❌ 01882 VERIF RUN FAIL (rc=1)
▶️  Processing 01883 ...
🔍 Verifying 01883 ...
  module: ./01883/module.v
  sva   : ./01883/sva.sv
  tcl   : ./jasper_verif_check.tcl
✅ 01883 VERIF RUN OK
▶️  Processing 01884 ...
🔍 Verifying 01884 ...
  module: ./01884/module.v
  sva   : ./01884/sva.sv
  tcl   : ./jasper_verif_check.tcl
❌ 01884 VERIF RUN FAIL (rc=1)
▶️  Processing 01885 ...
🔍 Verifying 01885 ...
  module: ./01885/module.v
  sva   : ./01885/sva.sv
  tcl   : ./jasper_verif_check.tcl
❌ 01885 VERIF RUN FAIL (rc=1)
▶️  Processing 01886 ...
🔍 Verifying 01886 ...
  module: ./01886/module.v
  sva   : ./01886/sva.sv
  tcl   : ./jasper_verif_check.tcl
❌ 01886 VERIF RUN FAIL (rc=1)
▶️  Processing 01887 ...
🔍 Verifying 01887 ...
  module: ./01887/module.v
  sva   : ./01887/sva.sv
  tcl   : ./jasper_verif_check.tcl
❌ 01887 VERIF RUN FAIL (rc=1)
▶️  Processing 01888 ...
🔍 Verifying 01888 ...
  module: ./01888/module.v
  sva   : ./01888/sva.sv
  tcl   : ./jasper_verif_check.tcl
❌ 01888 VERIF RUN FAIL (rc=1)
▶️  Processing 01889 ...
🔍 Verifying 01889 ...
  module: ./01889/module.v
  sva   : ./01889/sva.sv
  tcl   : ./jasper_verif_check.tcl
❌ 01889 VERIF RUN FAIL (rc=3)
▶️  Processing 01890 ...
🔍 Verifying 01890 ...
  module: ./01890/module.v
  sva   : ./01890/sva.sv
  tcl   : ./jasper_verif_check.tcl
✅ 01890 VERIF RUN OK
▶️  Processing 01891 ...
🔍 Verifying 01891 ...
  module: ./01891/module.v
  sva   : ./01891/sva.sv
  tcl   : ./jasper_verif_check.tcl
❌ 01891 VERIF RUN FAIL (rc=1)
▶️  Processing 01892 ...
🔍 Verifying 01892 ...
  module: ./01892/module.v
  sva   : ./01892/sva.sv
  tcl   : ./jasper_verif_check.tcl
❌ 01892 VERIF RUN FAIL (rc=1)
▶️  Processing 01893 ...
🔍 Verifying 01893 ...
  module: ./01893/module.v
  sva   : ./01893/sva.sv
  tcl   : ./jasper_verif_check.tcl
✅ 01893 VERIF RUN OK
▶️  Processing 01894 ...
🔍 Verifying 01894 ...
  module: ./01894/module.v
  sva   : ./01894/sva.sv
  tcl   : ./jasper_verif_check.tcl
❌ 01894 VERIF RUN FAIL (rc=1)
▶️  Processing 01895 ...
🔍 Verifying 01895 ...
  module: ./01895/module.v
  sva   : ./01895/sva.sv
  tcl   : ./jasper_verif_check.tcl
❌ 01895 VERIF RUN FAIL (rc=1)
▶️  Processing 01896 ...
🔍 Verifying 01896 ...
  module: ./01896/module.v
  sva   : ./01896/sva.sv
  tcl   : ./jasper_verif_check.tcl
❌ 01896 VERIF RUN FAIL (rc=1)
▶️  Processing 01897 ...
🔍 Verifying 01897 ...
  module: ./01897/module.v
  sva   : ./01897/sva.sv
  tcl   : ./jasper_verif_check.tcl
❌ 01897 VERIF RUN FAIL (rc=3)
▶️  Processing 01898 ...
🔍 Verifying 01898 ...
  module: ./01898/module.v
  sva   : ./01898/sva.sv
  tcl   : ./jasper_verif_check.tcl
❌ 01898 VERIF RUN FAIL (rc=1)
▶️  Processing 01899 ...
🔍 Verifying 01899 ...
  module: ./01899/module.v
  sva   : ./01899/sva.sv
  tcl   : ./jasper_verif_check.tcl
❌ 01899 VERIF RUN FAIL (rc=1)
▶️  Processing 01900 ...
🔍 Verifying 01900 ...
  module: ./01900/module.v
  sva   : ./01900/sva.sv
  tcl   : ./jasper_verif_check.tcl
❌ 01900 VERIF RUN FAIL (rc=1)
▶️  Processing 01901 ...
🔍 Verifying 01901 ...
  module: ./01901/module.v
  sva   : ./01901/sva.sv
  tcl   : ./jasper_verif_check.tcl
❌ 01901 VERIF RUN FAIL (rc=1)
▶️  Processing 01902 ...
🔍 Verifying 01902 ...
  module: ./01902/module.v
  sva   : ./01902/sva.sv
  tcl   : ./jasper_verif_check.tcl
❌ 01902 VERIF RUN FAIL (rc=1)
▶️  Processing 01903 ...
🔍 Verifying 01903 ...
  module: ./01903/module.v
  sva   : ./01903/sva.sv
  tcl   : ./jasper_verif_check.tcl
❌ 01903 VERIF RUN FAIL (rc=1)
▶️  Processing 01904 ...
🔍 Verifying 01904 ...
  module: ./01904/module.v
  sva   : ./01904/sva.sv
  tcl   : ./jasper_verif_check.tcl
✅ 01904 VERIF RUN OK
▶️  Processing 01905 ...
🔍 Verifying 01905 ...
  module: ./01905/module.v
  sva   : ./01905/sva.sv
  tcl   : ./jasper_verif_check.tcl
❌ 01905 VERIF RUN FAIL (rc=1)
▶️  Processing 01906 ...
🔍 Verifying 01906 ...
  module: ./01906/module.v
  sva   : ./01906/sva.sv
  tcl   : ./jasper_verif_check.tcl
❌ 01906 VERIF RUN FAIL (rc=1)
▶️  Processing 01907 ...
🔍 Verifying 01907 ...
  module: ./01907/module.v
  sva   : ./01907/sva.sv
  tcl   : ./jasper_verif_check.tcl
❌ 01907 VERIF RUN FAIL (rc=1)
▶️  Processing 01908 ...
🔍 Verifying 01908 ...
  module: ./01908/module.v
  sva   : ./01908/sva.sv
  tcl   : ./jasper_verif_check.tcl
✅ 01908 VERIF RUN OK
▶️  Processing 01909 ...
🔍 Verifying 01909 ...
  module: ./01909/module.v
  sva   : ./01909/sva.sv
  tcl   : ./jasper_verif_check.tcl
❌ 01909 VERIF RUN FAIL (rc=1)
▶️  Processing 01910 ...
🔍 Verifying 01910 ...
  module: ./01910/module.v
  sva   : ./01910/sva.sv
  tcl   : ./jasper_verif_check.tcl
❌ 01910 VERIF RUN FAIL (rc=1)
▶️  Processing 01911 ...
🔍 Verifying 01911 ...
  module: ./01911/module.v
  sva   : ./01911/sva.sv
  tcl   : ./jasper_verif_check.tcl
❌ 01911 VERIF RUN FAIL (rc=1)
▶️  Processing 01912 ...
🔍 Verifying 01912 ...
  module: ./01912/module.v
  sva   : ./01912/sva.sv
  tcl   : ./jasper_verif_check.tcl
❌ 01912 VERIF RUN FAIL (rc=1)
▶️  Processing 01913 ...
🔍 Verifying 01913 ...
  module: ./01913/module.v
  sva   : ./01913/sva.sv
  tcl   : ./jasper_verif_check.tcl
✅ 01913 VERIF RUN OK
✅ Chunk 30 finished
