Job 5018922 Task 44 -> IDs 2151-2200
▶️  Processing 02564 ...
🔍 Verifying 02564 ...
  module: ./02564/module.v
  sva   : ./02564/sva.sv
  tcl   : ./jasper_verif_check.tcl
❌ 02564 VERIF RUN FAIL (rc=1)
▶️  Processing 02565 ...
🔍 Verifying 02565 ...
  module: ./02565/module.v
  sva   : ./02565/sva.sv
  tcl   : ./jasper_verif_check.tcl
❌ 02565 VERIF RUN FAIL (rc=1)
▶️  Processing 02566 ...
🔍 Verifying 02566 ...
  module: ./02566/module.v
  sva   : ./02566/sva.sv
  tcl   : ./jasper_verif_check.tcl
✅ 02566 VERIF RUN OK
▶️  Processing 02567 ...
🔍 Verifying 02567 ...
  module: ./02567/module.v
  sva   : ./02567/sva.sv
  tcl   : ./jasper_verif_check.tcl
❌ 02567 VERIF RUN FAIL (rc=1)
▶️  Processing 02568 ...
🔍 Verifying 02568 ...
  module: ./02568/module.v
  sva   : ./02568/sva.sv
  tcl   : ./jasper_verif_check.tcl
❌ 02568 VERIF RUN FAIL (rc=1)
▶️  Processing 02569 ...
🔍 Verifying 02569 ...
  module: ./02569/module.v
  sva   : ./02569/sva.sv
  tcl   : ./jasper_verif_check.tcl
✅ 02569 VERIF RUN OK
▶️  Processing 02570 ...
🔍 Verifying 02570 ...
  module: ./02570/module.v
  sva   : ./02570/sva.sv
  tcl   : ./jasper_verif_check.tcl
❌ 02570 VERIF RUN FAIL (rc=1)
▶️  Processing 02571 ...
🔍 Verifying 02571 ...
  module: ./02571/module.v
  sva   : ./02571/sva.sv
  tcl   : ./jasper_verif_check.tcl
❌ 02571 VERIF RUN FAIL (rc=1)
▶️  Processing 02572 ...
🔍 Verifying 02572 ...
  module: ./02572/module.v
  sva   : ./02572/sva.sv
  tcl   : ./jasper_verif_check.tcl
✅ 02572 VERIF RUN OK
▶️  Processing 02573 ...
🔍 Verifying 02573 ...
  module: ./02573/module.v
  sva   : ./02573/sva.sv
  tcl   : ./jasper_verif_check.tcl
❌ 02573 VERIF RUN FAIL (rc=1)
▶️  Processing 02574 ...
🔍 Verifying 02574 ...
  module: ./02574/module.v
  sva   : ./02574/sva.sv
  tcl   : ./jasper_verif_check.tcl
❌ 02574 VERIF RUN FAIL (rc=1)
▶️  Processing 02575 ...
🔍 Verifying 02575 ...
  module: ./02575/module.v
  sva   : ./02575/sva.sv
  tcl   : ./jasper_verif_check.tcl
❌ 02575 VERIF RUN FAIL (rc=1)
▶️  Processing 02576 ...
🔍 Verifying 02576 ...
  module: ./02576/module.v
  sva   : ./02576/sva.sv
  tcl   : ./jasper_verif_check.tcl
❌ 02576 VERIF RUN FAIL (rc=1)
▶️  Processing 02577 ...
🔍 Verifying 02577 ...
  module: ./02577/module.v
  sva   : ./02577/sva.sv
  tcl   : ./jasper_verif_check.tcl
❌ 02577 VERIF RUN FAIL (rc=1)
▶️  Processing 02578 ...
🔍 Verifying 02578 ...
  module: ./02578/module.v
  sva   : ./02578/sva.sv
  tcl   : ./jasper_verif_check.tcl
✅ 02578 VERIF RUN OK
▶️  Processing 02579 ...
🔍 Verifying 02579 ...
  module: ./02579/module.v
  sva   : ./02579/sva.sv
  tcl   : ./jasper_verif_check.tcl
✅ 02579 VERIF RUN OK
▶️  Processing 02580 ...
🔍 Verifying 02580 ...
  module: ./02580/module.v
  sva   : ./02580/sva.sv
  tcl   : ./jasper_verif_check.tcl
❌ 02580 VERIF RUN FAIL (rc=1)
▶️  Processing 02581 ...
🔍 Verifying 02581 ...
  module: ./02581/module.v
  sva   : ./02581/sva.sv
  tcl   : ./jasper_verif_check.tcl
❌ 02581 VERIF RUN FAIL (rc=1)
▶️  Processing 02582 ...
🔍 Verifying 02582 ...
  module: ./02582/module.v
  sva   : ./02582/sva.sv
  tcl   : ./jasper_verif_check.tcl
❌ 02582 VERIF RUN FAIL (rc=3)
▶️  Processing 02583 ...
🔍 Verifying 02583 ...
  module: ./02583/module.v
  sva   : ./02583/sva.sv
  tcl   : ./jasper_verif_check.tcl
✅ 02583 VERIF RUN OK
▶️  Processing 02584 ...
🔍 Verifying 02584 ...
  module: ./02584/module.v
  sva   : ./02584/sva.sv
  tcl   : ./jasper_verif_check.tcl
❌ 02584 VERIF RUN FAIL (rc=1)
▶️  Processing 02585 ...
🔍 Verifying 02585 ...
  module: ./02585/module.v
  sva   : ./02585/sva.sv
  tcl   : ./jasper_verif_check.tcl
❌ 02585 VERIF RUN FAIL (rc=1)
▶️  Processing 02586 ...
🔍 Verifying 02586 ...
  module: ./02586/module.v
  sva   : ./02586/sva.sv
  tcl   : ./jasper_verif_check.tcl
❌ 02586 VERIF RUN FAIL (rc=3)
▶️  Processing 02587 ...
🔍 Verifying 02587 ...
  module: ./02587/module.v
  sva   : ./02587/sva.sv
  tcl   : ./jasper_verif_check.tcl
✅ 02587 VERIF RUN OK
▶️  Processing 02588 ...
🔍 Verifying 02588 ...
  module: ./02588/module.v
  sva   : ./02588/sva.sv
  tcl   : ./jasper_verif_check.tcl
✅ 02588 VERIF RUN OK
▶️  Processing 02589 ...
🔍 Verifying 02589 ...
  module: ./02589/module.v
  sva   : ./02589/sva.sv
  tcl   : ./jasper_verif_check.tcl
❌ 02589 VERIF RUN FAIL (rc=1)
▶️  Processing 02590 ...
🔍 Verifying 02590 ...
  module: ./02590/module.v
  sva   : ./02590/sva.sv
  tcl   : ./jasper_verif_check.tcl
❌ 02590 VERIF RUN FAIL (rc=1)
▶️  Processing 02591 ...
🔍 Verifying 02591 ...
  module: ./02591/module.v
  sva   : ./02591/sva.sv
  tcl   : ./jasper_verif_check.tcl
❌ 02591 VERIF RUN FAIL (rc=1)
▶️  Processing 02592 ...
🔍 Verifying 02592 ...
  module: ./02592/module.v
  sva   : ./02592/sva.sv
  tcl   : ./jasper_verif_check.tcl
❌ 02592 VERIF RUN FAIL (rc=1)
▶️  Processing 02593 ...
🔍 Verifying 02593 ...
  module: ./02593/module.v
  sva   : ./02593/sva.sv
  tcl   : ./jasper_verif_check.tcl
❌ 02593 VERIF RUN FAIL (rc=1)
▶️  Processing 02594 ...
🔍 Verifying 02594 ...
  module: ./02594/module.v
  sva   : ./02594/sva.sv
  tcl   : ./jasper_verif_check.tcl
❌ 02594 VERIF RUN FAIL (rc=1)
▶️  Processing 02595 ...
🔍 Verifying 02595 ...
  module: ./02595/module.v
  sva   : ./02595/sva.sv
  tcl   : ./jasper_verif_check.tcl
✅ 02595 VERIF RUN OK
▶️  Processing 02596 ...
🔍 Verifying 02596 ...
  module: ./02596/module.v
  sva   : ./02596/sva.sv
  tcl   : ./jasper_verif_check.tcl
✅ 02596 VERIF RUN OK
▶️  Processing 02597 ...
🔍 Verifying 02597 ...
  module: ./02597/module.v
  sva   : ./02597/sva.sv
  tcl   : ./jasper_verif_check.tcl
❌ 02597 VERIF RUN FAIL (rc=1)
▶️  Processing 02598 ...
🔍 Verifying 02598 ...
  module: ./02598/module.v
  sva   : ./02598/sva.sv
  tcl   : ./jasper_verif_check.tcl
❌ 02598 VERIF RUN FAIL (rc=1)
▶️  Processing 02599 ...
🔍 Verifying 02599 ...
  module: ./02599/module.v
  sva   : ./02599/sva.sv
  tcl   : ./jasper_verif_check.tcl
❌ 02599 VERIF RUN FAIL (rc=1)
▶️  Processing 02600 ...
🔍 Verifying 02600 ...
  module: ./02600/module.v
  sva   : ./02600/sva.sv
  tcl   : ./jasper_verif_check.tcl
❌ 02600 VERIF RUN FAIL (rc=1)
▶️  Processing 02601 ...
🔍 Verifying 02601 ...
  module: ./02601/module.v
  sva   : ./02601/sva.sv
  tcl   : ./jasper_verif_check.tcl
❌ 02601 VERIF RUN FAIL (rc=1)
▶️  Processing 02602 ...
🔍 Verifying 02602 ...
  module: ./02602/module.v
  sva   : ./02602/sva.sv
  tcl   : ./jasper_verif_check.tcl
❌ 02602 VERIF RUN FAIL (rc=1)
▶️  Processing 02603 ...
🔍 Verifying 02603 ...
  module: ./02603/module.v
  sva   : ./02603/sva.sv
  tcl   : ./jasper_verif_check.tcl
❌ 02603 VERIF RUN FAIL (rc=3)
▶️  Processing 02604 ...
🔍 Verifying 02604 ...
  module: ./02604/module.v
  sva   : ./02604/sva.sv
  tcl   : ./jasper_verif_check.tcl
❌ 02604 VERIF RUN FAIL (rc=1)
▶️  Processing 02605 ...
🔍 Verifying 02605 ...
  module: ./02605/module.v
  sva   : ./02605/sva.sv
  tcl   : ./jasper_verif_check.tcl
❌ 02605 VERIF RUN FAIL (rc=3)
▶️  Processing 02606 ...
🔍 Verifying 02606 ...
  module: ./02606/module.v
  sva   : ./02606/sva.sv
  tcl   : ./jasper_verif_check.tcl
❌ 02606 VERIF RUN FAIL (rc=1)
▶️  Processing 02607 ...
🔍 Verifying 02607 ...
  module: ./02607/module.v
  sva   : ./02607/sva.sv
  tcl   : ./jasper_verif_check.tcl
❌ 02607 VERIF RUN FAIL (rc=1)
▶️  Processing 02608 ...
🔍 Verifying 02608 ...
  module: ./02608/module.v
  sva   : ./02608/sva.sv
  tcl   : ./jasper_verif_check.tcl
❌ 02608 VERIF RUN FAIL (rc=1)
▶️  Processing 02609 ...
🔍 Verifying 02609 ...
  module: ./02609/module.v
  sva   : ./02609/sva.sv
  tcl   : ./jasper_verif_check.tcl
❌ 02609 VERIF RUN FAIL (rc=1)
▶️  Processing 02610 ...
🔍 Verifying 02610 ...
  module: ./02610/module.v
  sva   : ./02610/sva.sv
  tcl   : ./jasper_verif_check.tcl
❌ 02610 VERIF RUN FAIL (rc=1)
▶️  Processing 02611 ...
🔍 Verifying 02611 ...
  module: ./02611/module.v
  sva   : ./02611/sva.sv
  tcl   : ./jasper_verif_check.tcl
✅ 02611 VERIF RUN OK
▶️  Processing 02612 ...
🔍 Verifying 02612 ...
  module: ./02612/module.v
  sva   : ./02612/sva.sv
  tcl   : ./jasper_verif_check.tcl
❌ 02612 VERIF RUN FAIL (rc=4)
▶️  Processing 02613 ...
🔍 Verifying 02613 ...
  module: ./02613/module.v
  sva   : ./02613/sva.sv
  tcl   : ./jasper_verif_check.tcl
❌ 02613 VERIF RUN FAIL (rc=3)
✅ Chunk 44 finished
