Job 5018861 Task 29 -> IDs 1401-1450
▶️  Processing 01814 ...
🔍 Verifying 01814 ...
  module: ./01814/module.v
  sva   : ./01814/sva.sv
  tcl   : ./jasper_verif_check.tcl
❌ 01814 VERIF RUN FAIL (rc=3)
▶️  Processing 01815 ...
🔍 Verifying 01815 ...
  module: ./01815/module.v
  sva   : ./01815/sva.sv
  tcl   : ./jasper_verif_check.tcl
✅ 01815 VERIF RUN OK
▶️  Processing 01816 ...
🔍 Verifying 01816 ...
  module: ./01816/module.v
  sva   : ./01816/sva.sv
  tcl   : ./jasper_verif_check.tcl
❌ 01816 VERIF RUN FAIL (rc=1)
▶️  Processing 01817 ...
🔍 Verifying 01817 ...
  module: ./01817/module.v
  sva   : ./01817/sva.sv
  tcl   : ./jasper_verif_check.tcl
❌ 01817 VERIF RUN FAIL (rc=1)
▶️  Processing 01818 ...
🔍 Verifying 01818 ...
  module: ./01818/module.v
  sva   : ./01818/sva.sv
  tcl   : ./jasper_verif_check.tcl
❌ 01818 VERIF RUN FAIL (rc=1)
▶️  Processing 01819 ...
🔍 Verifying 01819 ...
  module: ./01819/module.v
  sva   : ./01819/sva.sv
  tcl   : ./jasper_verif_check.tcl
❌ 01819 VERIF RUN FAIL (rc=1)
▶️  Processing 01820 ...
🔍 Verifying 01820 ...
  module: ./01820/module.v
  sva   : ./01820/sva.sv
  tcl   : ./jasper_verif_check.tcl
❌ 01820 VERIF RUN FAIL (rc=1)
▶️  Processing 01821 ...
🔍 Verifying 01821 ...
  module: ./01821/module.v
  sva   : ./01821/sva.sv
  tcl   : ./jasper_verif_check.tcl
❌ 01821 VERIF RUN FAIL (rc=1)
▶️  Processing 01822 ...
🔍 Verifying 01822 ...
  module: ./01822/module.v
  sva   : ./01822/sva.sv
  tcl   : ./jasper_verif_check.tcl
❌ 01822 VERIF RUN FAIL (rc=3)
▶️  Processing 01823 ...
🔍 Verifying 01823 ...
  module: ./01823/module.v
  sva   : ./01823/sva.sv
  tcl   : ./jasper_verif_check.tcl
❌ 01823 VERIF RUN FAIL (rc=1)
▶️  Processing 01824 ...
🔍 Verifying 01824 ...
  module: ./01824/module.v
  sva   : ./01824/sva.sv
  tcl   : ./jasper_verif_check.tcl
❌ 01824 VERIF RUN FAIL (rc=1)
▶️  Processing 01825 ...
🔍 Verifying 01825 ...
  module: ./01825/module.v
  sva   : ./01825/sva.sv
  tcl   : ./jasper_verif_check.tcl
✅ 01825 VERIF RUN OK
▶️  Processing 01826 ...
🔍 Verifying 01826 ...
  module: ./01826/module.v
  sva   : ./01826/sva.sv
  tcl   : ./jasper_verif_check.tcl
❌ 01826 VERIF RUN FAIL (rc=1)
▶️  Processing 01827 ...
🔍 Verifying 01827 ...
  module: ./01827/module.v
  sva   : ./01827/sva.sv
  tcl   : ./jasper_verif_check.tcl
❌ 01827 VERIF RUN FAIL (rc=1)
▶️  Processing 01828 ...
🔍 Verifying 01828 ...
  module: ./01828/module.v
  sva   : ./01828/sva.sv
  tcl   : ./jasper_verif_check.tcl
❌ 01828 VERIF RUN FAIL (rc=1)
▶️  Processing 01829 ...
🔍 Verifying 01829 ...
  module: ./01829/module.v
  sva   : ./01829/sva.sv
  tcl   : ./jasper_verif_check.tcl
❌ 01829 VERIF RUN FAIL (rc=1)
▶️  Processing 01830 ...
🔍 Verifying 01830 ...
  module: ./01830/module.v
  sva   : ./01830/sva.sv
  tcl   : ./jasper_verif_check.tcl
✅ 01830 VERIF RUN OK
▶️  Processing 01831 ...
🔍 Verifying 01831 ...
  module: ./01831/module.v
  sva   : ./01831/sva.sv
  tcl   : ./jasper_verif_check.tcl
❌ 01831 VERIF RUN FAIL (rc=1)
▶️  Processing 01832 ...
🔍 Verifying 01832 ...
  module: ./01832/module.v
  sva   : ./01832/sva.sv
  tcl   : ./jasper_verif_check.tcl
❌ 01832 VERIF RUN FAIL (rc=1)
▶️  Processing 01833 ...
🔍 Verifying 01833 ...
  module: ./01833/module.v
  sva   : ./01833/sva.sv
  tcl   : ./jasper_verif_check.tcl
✅ 01833 VERIF RUN OK
▶️  Processing 01834 ...
🔍 Verifying 01834 ...
  module: ./01834/module.v
  sva   : ./01834/sva.sv
  tcl   : ./jasper_verif_check.tcl
❌ 01834 VERIF RUN FAIL (rc=1)
▶️  Processing 01835 ...
🔍 Verifying 01835 ...
  module: ./01835/module.v
  sva   : ./01835/sva.sv
  tcl   : ./jasper_verif_check.tcl
❌ 01835 VERIF RUN FAIL (rc=1)
▶️  Processing 01836 ...
🔍 Verifying 01836 ...
  module: ./01836/module.v
  sva   : ./01836/sva.sv
  tcl   : ./jasper_verif_check.tcl
❌ 01836 VERIF RUN FAIL (rc=1)
▶️  Processing 01837 ...
🔍 Verifying 01837 ...
  module: ./01837/module.v
  sva   : ./01837/sva.sv
  tcl   : ./jasper_verif_check.tcl
❌ 01837 VERIF RUN FAIL (rc=1)
▶️  Processing 01838 ...
🔍 Verifying 01838 ...
  module: ./01838/module.v
  sva   : ./01838/sva.sv
  tcl   : ./jasper_verif_check.tcl
❌ 01838 VERIF RUN FAIL (rc=1)
▶️  Processing 01839 ...
🔍 Verifying 01839 ...
  module: ./01839/module.v
  sva   : ./01839/sva.sv
  tcl   : ./jasper_verif_check.tcl
❌ 01839 VERIF RUN FAIL (rc=1)
▶️  Processing 01840 ...
🔍 Verifying 01840 ...
  module: ./01840/module.v
  sva   : ./01840/sva.sv
  tcl   : ./jasper_verif_check.tcl
✅ 01840 VERIF RUN OK
▶️  Processing 01841 ...
🔍 Verifying 01841 ...
  module: ./01841/module.v
  sva   : ./01841/sva.sv
  tcl   : ./jasper_verif_check.tcl
❌ 01841 VERIF RUN FAIL (rc=1)
▶️  Processing 01842 ...
🔍 Verifying 01842 ...
  module: ./01842/module.v
  sva   : ./01842/sva.sv
  tcl   : ./jasper_verif_check.tcl
✅ 01842 VERIF RUN OK
▶️  Processing 01843 ...
🔍 Verifying 01843 ...
  module: ./01843/module.v
  sva   : ./01843/sva.sv
  tcl   : ./jasper_verif_check.tcl
❌ 01843 VERIF RUN FAIL (rc=1)
▶️  Processing 01844 ...
🔍 Verifying 01844 ...
  module: ./01844/module.v
  sva   : ./01844/sva.sv
  tcl   : ./jasper_verif_check.tcl
❌ 01844 VERIF RUN FAIL (rc=4)
▶️  Processing 01845 ...
🔍 Verifying 01845 ...
  module: ./01845/module.v
  sva   : ./01845/sva.sv
  tcl   : ./jasper_verif_check.tcl
❌ 01845 VERIF RUN FAIL (rc=3)
▶️  Processing 01846 ...
🔍 Verifying 01846 ...
  module: ./01846/module.v
  sva   : ./01846/sva.sv
  tcl   : ./jasper_verif_check.tcl
❌ 01846 VERIF RUN FAIL (rc=1)
▶️  Processing 01847 ...
🔍 Verifying 01847 ...
  module: ./01847/module.v
  sva   : ./01847/sva.sv
  tcl   : ./jasper_verif_check.tcl
❌ 01847 VERIF RUN FAIL (rc=1)
▶️  Processing 01848 ...
🔍 Verifying 01848 ...
  module: ./01848/module.v
  sva   : ./01848/sva.sv
  tcl   : ./jasper_verif_check.tcl
❌ 01848 VERIF RUN FAIL (rc=1)
▶️  Processing 01849 ...
🔍 Verifying 01849 ...
  module: ./01849/module.v
  sva   : ./01849/sva.sv
  tcl   : ./jasper_verif_check.tcl
❌ 01849 VERIF RUN FAIL (rc=1)
▶️  Processing 01850 ...
🔍 Verifying 01850 ...
  module: ./01850/module.v
  sva   : ./01850/sva.sv
  tcl   : ./jasper_verif_check.tcl
❌ 01850 VERIF RUN FAIL (rc=1)
▶️  Processing 01851 ...
🔍 Verifying 01851 ...
  module: ./01851/module.v
  sva   : ./01851/sva.sv
  tcl   : ./jasper_verif_check.tcl
❌ 01851 VERIF RUN FAIL (rc=1)
▶️  Processing 01852 ...
🔍 Verifying 01852 ...
  module: ./01852/module.v
  sva   : ./01852/sva.sv
  tcl   : ./jasper_verif_check.tcl
❌ 01852 VERIF RUN FAIL (rc=1)
▶️  Processing 01853 ...
🔍 Verifying 01853 ...
  module: ./01853/module.v
  sva   : ./01853/sva.sv
  tcl   : ./jasper_verif_check.tcl
❌ 01853 VERIF RUN FAIL (rc=3)
▶️  Processing 01854 ...
🔍 Verifying 01854 ...
  module: ./01854/module.v
  sva   : ./01854/sva.sv
  tcl   : ./jasper_verif_check.tcl
❌ 01854 VERIF RUN FAIL (rc=1)
▶️  Processing 01855 ...
🔍 Verifying 01855 ...
  module: ./01855/module.v
  sva   : ./01855/sva.sv
  tcl   : ./jasper_verif_check.tcl
❌ 01855 VERIF RUN FAIL (rc=1)
▶️  Processing 01856 ...
🔍 Verifying 01856 ...
  module: ./01856/module.v
  sva   : ./01856/sva.sv
  tcl   : ./jasper_verif_check.tcl
❌ 01856 VERIF RUN FAIL (rc=1)
▶️  Processing 01857 ...
🔍 Verifying 01857 ...
  module: ./01857/module.v
  sva   : ./01857/sva.sv
  tcl   : ./jasper_verif_check.tcl
❌ 01857 VERIF RUN FAIL (rc=1)
▶️  Processing 01858 ...
🔍 Verifying 01858 ...
  module: ./01858/module.v
  sva   : ./01858/sva.sv
  tcl   : ./jasper_verif_check.tcl
✅ 01858 VERIF RUN OK
▶️  Processing 01859 ...
🔍 Verifying 01859 ...
  module: ./01859/module.v
  sva   : ./01859/sva.sv
  tcl   : ./jasper_verif_check.tcl
✅ 01859 VERIF RUN OK
▶️  Processing 01860 ...
🔍 Verifying 01860 ...
  module: ./01860/module.v
  sva   : ./01860/sva.sv
  tcl   : ./jasper_verif_check.tcl
❌ 01860 VERIF RUN FAIL (rc=1)
▶️  Processing 01861 ...
🔍 Verifying 01861 ...
  module: ./01861/module.v
  sva   : ./01861/sva.sv
  tcl   : ./jasper_verif_check.tcl
✅ 01861 VERIF RUN OK
▶️  Processing 01862 ...
🔍 Verifying 01862 ...
  module: ./01862/module.v
  sva   : ./01862/sva.sv
  tcl   : ./jasper_verif_check.tcl
❌ 01862 VERIF RUN FAIL (rc=1)
▶️  Processing 01863 ...
🔍 Verifying 01863 ...
  module: ./01863/module.v
  sva   : ./01863/sva.sv
  tcl   : ./jasper_verif_check.tcl
❌ 01863 VERIF RUN FAIL (rc=1)
✅ Chunk 29 finished
