Job 5018848 Task 27 -> IDs 1301-1350
▶️  Processing 01714 ...
🔍 Verifying 01714 ...
  module: ./01714/module.v
  sva   : ./01714/sva.sv
  tcl   : ./jasper_verif_check.tcl
❌ 01714 VERIF RUN FAIL (rc=1)
▶️  Processing 01715 ...
🔍 Verifying 01715 ...
  module: ./01715/module.v
  sva   : ./01715/sva.sv
  tcl   : ./jasper_verif_check.tcl
❌ 01715 VERIF RUN FAIL (rc=1)
▶️  Processing 01716 ...
🔍 Verifying 01716 ...
  module: ./01716/module.v
  sva   : ./01716/sva.sv
  tcl   : ./jasper_verif_check.tcl
❌ 01716 VERIF RUN FAIL (rc=1)
▶️  Processing 01717 ...
🔍 Verifying 01717 ...
  module: ./01717/module.v
  sva   : ./01717/sva.sv
  tcl   : ./jasper_verif_check.tcl
❌ 01717 VERIF RUN FAIL (rc=1)
▶️  Processing 01718 ...
🔍 Verifying 01718 ...
  module: ./01718/module.v
  sva   : ./01718/sva.sv
  tcl   : ./jasper_verif_check.tcl
❌ 01718 VERIF RUN FAIL (rc=1)
▶️  Processing 01719 ...
🔍 Verifying 01719 ...
  module: ./01719/module.v
  sva   : ./01719/sva.sv
  tcl   : ./jasper_verif_check.tcl
❌ 01719 VERIF RUN FAIL (rc=1)
▶️  Processing 01720 ...
🔍 Verifying 01720 ...
  module: ./01720/module.v
  sva   : ./01720/sva.sv
  tcl   : ./jasper_verif_check.tcl
❌ 01720 VERIF RUN FAIL (rc=1)
▶️  Processing 01721 ...
🔍 Verifying 01721 ...
  module: ./01721/module.v
  sva   : ./01721/sva.sv
  tcl   : ./jasper_verif_check.tcl
❌ 01721 VERIF RUN FAIL (rc=1)
▶️  Processing 01722 ...
🔍 Verifying 01722 ...
  module: ./01722/module.v
  sva   : ./01722/sva.sv
  tcl   : ./jasper_verif_check.tcl
❌ 01722 VERIF RUN FAIL (rc=1)
▶️  Processing 01723 ...
🔍 Verifying 01723 ...
  module: ./01723/module.v
  sva   : ./01723/sva.sv
  tcl   : ./jasper_verif_check.tcl
❌ 01723 VERIF RUN FAIL (rc=1)
▶️  Processing 01724 ...
🔍 Verifying 01724 ...
  module: ./01724/module.v
  sva   : ./01724/sva.sv
  tcl   : ./jasper_verif_check.tcl
❌ 01724 VERIF RUN FAIL (rc=1)
▶️  Processing 01725 ...
🔍 Verifying 01725 ...
  module: ./01725/module.v
  sva   : ./01725/sva.sv
  tcl   : ./jasper_verif_check.tcl
❌ 01725 VERIF RUN FAIL (rc=1)
▶️  Processing 01726 ...
🔍 Verifying 01726 ...
  module: ./01726/module.v
  sva   : ./01726/sva.sv
  tcl   : ./jasper_verif_check.tcl
❌ 01726 VERIF RUN FAIL (rc=1)
▶️  Processing 01727 ...
🔍 Verifying 01727 ...
  module: ./01727/module.v
  sva   : ./01727/sva.sv
  tcl   : ./jasper_verif_check.tcl
❌ 01727 VERIF RUN FAIL (rc=1)
▶️  Processing 01728 ...
🔍 Verifying 01728 ...
  module: ./01728/module.v
  sva   : ./01728/sva.sv
  tcl   : ./jasper_verif_check.tcl
❌ 01728 VERIF RUN FAIL (rc=1)
▶️  Processing 01729 ...
🔍 Verifying 01729 ...
  module: ./01729/module.v
  sva   : ./01729/sva.sv
  tcl   : ./jasper_verif_check.tcl
❌ 01729 VERIF RUN FAIL (rc=1)
▶️  Processing 01730 ...
🔍 Verifying 01730 ...
  module: ./01730/module.v
  sva   : ./01730/sva.sv
  tcl   : ./jasper_verif_check.tcl
❌ 01730 VERIF RUN FAIL (rc=1)
▶️  Processing 01731 ...
🔍 Verifying 01731 ...
  module: ./01731/module.v
  sva   : ./01731/sva.sv
  tcl   : ./jasper_verif_check.tcl
❌ 01731 VERIF RUN FAIL (rc=1)
▶️  Processing 01732 ...
🔍 Verifying 01732 ...
  module: ./01732/module.v
  sva   : ./01732/sva.sv
  tcl   : ./jasper_verif_check.tcl
❌ 01732 VERIF RUN FAIL (rc=1)
▶️  Processing 01733 ...
🔍 Verifying 01733 ...
  module: ./01733/module.v
  sva   : ./01733/sva.sv
  tcl   : ./jasper_verif_check.tcl
✅ 01733 VERIF RUN OK
▶️  Processing 01734 ...
🔍 Verifying 01734 ...
  module: ./01734/module.v
  sva   : ./01734/sva.sv
  tcl   : ./jasper_verif_check.tcl
❌ 01734 VERIF RUN FAIL (rc=1)
▶️  Processing 01735 ...
🔍 Verifying 01735 ...
  module: ./01735/module.v
  sva   : ./01735/sva.sv
  tcl   : ./jasper_verif_check.tcl
✅ 01735 VERIF RUN OK
▶️  Processing 01736 ...
🔍 Verifying 01736 ...
  module: ./01736/module.v
  sva   : ./01736/sva.sv
  tcl   : ./jasper_verif_check.tcl
❌ 01736 VERIF RUN FAIL (rc=1)
▶️  Processing 01737 ...
🔍 Verifying 01737 ...
  module: ./01737/module.v
  sva   : ./01737/sva.sv
  tcl   : ./jasper_verif_check.tcl
❌ 01737 VERIF RUN FAIL (rc=1)
▶️  Processing 01738 ...
🔍 Verifying 01738 ...
  module: ./01738/module.v
  sva   : ./01738/sva.sv
  tcl   : ./jasper_verif_check.tcl
❌ 01738 VERIF RUN FAIL (rc=1)
▶️  Processing 01739 ...
🔍 Verifying 01739 ...
  module: ./01739/module.v
  sva   : ./01739/sva.sv
  tcl   : ./jasper_verif_check.tcl
❌ 01739 VERIF RUN FAIL (rc=1)
▶️  Processing 01740 ...
🔍 Verifying 01740 ...
  module: ./01740/module.v
  sva   : ./01740/sva.sv
  tcl   : ./jasper_verif_check.tcl
❌ 01740 VERIF RUN FAIL (rc=1)
▶️  Processing 01741 ...
🔍 Verifying 01741 ...
  module: ./01741/module.v
  sva   : ./01741/sva.sv
  tcl   : ./jasper_verif_check.tcl
❌ 01741 VERIF RUN FAIL (rc=1)
▶️  Processing 01742 ...
🔍 Verifying 01742 ...
  module: ./01742/module.v
  sva   : ./01742/sva.sv
  tcl   : ./jasper_verif_check.tcl
❌ 01742 VERIF RUN FAIL (rc=1)
▶️  Processing 01743 ...
🔍 Verifying 01743 ...
  module: ./01743/module.v
  sva   : ./01743/sva.sv
  tcl   : ./jasper_verif_check.tcl
✅ 01743 VERIF RUN OK
▶️  Processing 01744 ...
🔍 Verifying 01744 ...
  module: ./01744/module.v
  sva   : ./01744/sva.sv
  tcl   : ./jasper_verif_check.tcl
❌ 01744 VERIF RUN FAIL (rc=1)
▶️  Processing 01745 ...
🔍 Verifying 01745 ...
  module: ./01745/module.v
  sva   : ./01745/sva.sv
  tcl   : ./jasper_verif_check.tcl
❌ 01745 VERIF RUN FAIL (rc=1)
▶️  Processing 01746 ...
🔍 Verifying 01746 ...
  module: ./01746/module.v
  sva   : ./01746/sva.sv
  tcl   : ./jasper_verif_check.tcl
❌ 01746 VERIF RUN FAIL (rc=1)
▶️  Processing 01747 ...
🔍 Verifying 01747 ...
  module: ./01747/module.v
  sva   : ./01747/sva.sv
  tcl   : ./jasper_verif_check.tcl
❌ 01747 VERIF RUN FAIL (rc=1)
▶️  Processing 01748 ...
🔍 Verifying 01748 ...
  module: ./01748/module.v
  sva   : ./01748/sva.sv
  tcl   : ./jasper_verif_check.tcl
❌ 01748 VERIF RUN FAIL (rc=1)
▶️  Processing 01749 ...
🔍 Verifying 01749 ...
  module: ./01749/module.v
  sva   : ./01749/sva.sv
  tcl   : ./jasper_verif_check.tcl
❌ 01749 VERIF RUN FAIL (rc=1)
▶️  Processing 01750 ...
🔍 Verifying 01750 ...
  module: ./01750/module.v
  sva   : ./01750/sva.sv
  tcl   : ./jasper_verif_check.tcl
❌ 01750 VERIF RUN FAIL (rc=1)
▶️  Processing 01751 ...
🔍 Verifying 01751 ...
  module: ./01751/module.v
  sva   : ./01751/sva.sv
  tcl   : ./jasper_verif_check.tcl
❌ 01751 VERIF RUN FAIL (rc=3)
▶️  Processing 01752 ...
🔍 Verifying 01752 ...
  module: ./01752/module.v
  sva   : ./01752/sva.sv
  tcl   : ./jasper_verif_check.tcl
✅ 01752 VERIF RUN OK
▶️  Processing 01753 ...
🔍 Verifying 01753 ...
  module: ./01753/module.v
  sva   : ./01753/sva.sv
  tcl   : ./jasper_verif_check.tcl
❌ 01753 VERIF RUN FAIL (rc=1)
▶️  Processing 01754 ...
🔍 Verifying 01754 ...
  module: ./01754/module.v
  sva   : ./01754/sva.sv
  tcl   : ./jasper_verif_check.tcl
✅ 01754 VERIF RUN OK
▶️  Processing 01755 ...
🔍 Verifying 01755 ...
  module: ./01755/module.v
  sva   : ./01755/sva.sv
  tcl   : ./jasper_verif_check.tcl
❌ 01755 VERIF RUN FAIL (rc=1)
▶️  Processing 01756 ...
🔍 Verifying 01756 ...
  module: ./01756/module.v
  sva   : ./01756/sva.sv
  tcl   : ./jasper_verif_check.tcl
✅ 01756 VERIF RUN OK
▶️  Processing 01757 ...
🔍 Verifying 01757 ...
  module: ./01757/module.v
  sva   : ./01757/sva.sv
  tcl   : ./jasper_verif_check.tcl
❌ 01757 VERIF RUN FAIL (rc=1)
▶️  Processing 01758 ...
🔍 Verifying 01758 ...
  module: ./01758/module.v
  sva   : ./01758/sva.sv
  tcl   : ./jasper_verif_check.tcl
✅ 01758 VERIF RUN OK
▶️  Processing 01759 ...
🔍 Verifying 01759 ...
  module: ./01759/module.v
  sva   : ./01759/sva.sv
  tcl   : ./jasper_verif_check.tcl
✅ 01759 VERIF RUN OK
▶️  Processing 01760 ...
🔍 Verifying 01760 ...
  module: ./01760/module.v
  sva   : ./01760/sva.sv
  tcl   : ./jasper_verif_check.tcl
❌ 01760 VERIF RUN FAIL (rc=1)
▶️  Processing 01761 ...
🔍 Verifying 01761 ...
  module: ./01761/module.v
  sva   : ./01761/sva.sv
  tcl   : ./jasper_verif_check.tcl
✅ 01761 VERIF RUN OK
▶️  Processing 01762 ...
🔍 Verifying 01762 ...
  module: ./01762/module.v
  sva   : ./01762/sva.sv
  tcl   : ./jasper_verif_check.tcl
❌ 01762 VERIF RUN FAIL (rc=1)
▶️  Processing 01763 ...
🔍 Verifying 01763 ...
  module: ./01763/module.v
  sva   : ./01763/sva.sv
  tcl   : ./jasper_verif_check.tcl
❌ 01763 VERIF RUN FAIL (rc=1)
✅ Chunk 27 finished
