Job 5019070 Task 68 -> IDs 3351-3400
▶️  Processing 03764 ...
🔍 Verifying 03764 ...
  module: ./03764/module.v
  sva   : ./03764/sva.sv
  tcl   : ./jasper_verif_check.tcl
❌ 03764 VERIF RUN FAIL (rc=3)
▶️  Processing 03765 ...
🔍 Verifying 03765 ...
  module: ./03765/module.v
  sva   : ./03765/sva.sv
  tcl   : ./jasper_verif_check.tcl
❌ 03765 VERIF RUN FAIL (rc=3)
▶️  Processing 03766 ...
🔍 Verifying 03766 ...
  module: ./03766/module.v
  sva   : ./03766/sva.sv
  tcl   : ./jasper_verif_check.tcl
✅ 03766 VERIF RUN OK
▶️  Processing 03767 ...
🔍 Verifying 03767 ...
  module: ./03767/module.v
  sva   : ./03767/sva.sv
  tcl   : ./jasper_verif_check.tcl
❌ 03767 VERIF RUN FAIL (rc=1)
▶️  Processing 03768 ...
🔍 Verifying 03768 ...
  module: ./03768/module.v
  sva   : ./03768/sva.sv
  tcl   : ./jasper_verif_check.tcl
✅ 03768 VERIF RUN OK
▶️  Processing 03769 ...
🔍 Verifying 03769 ...
  module: ./03769/module.v
  sva   : ./03769/sva.sv
  tcl   : ./jasper_verif_check.tcl
❌ 03769 VERIF RUN FAIL (rc=1)
▶️  Processing 03770 ...
🔍 Verifying 03770 ...
  module: ./03770/module.v
  sva   : ./03770/sva.sv
  tcl   : ./jasper_verif_check.tcl
✅ 03770 VERIF RUN OK
▶️  Processing 03771 ...
🔍 Verifying 03771 ...
  module: ./03771/module.v
  sva   : ./03771/sva.sv
  tcl   : ./jasper_verif_check.tcl
❌ 03771 VERIF RUN FAIL (rc=1)
▶️  Processing 03772 ...
🔍 Verifying 03772 ...
  module: ./03772/module.v
  sva   : ./03772/sva.sv
  tcl   : ./jasper_verif_check.tcl
❌ 03772 VERIF RUN FAIL (rc=1)
▶️  Processing 03773 ...
🔍 Verifying 03773 ...
  module: ./03773/module.v
  sva   : ./03773/sva.sv
  tcl   : ./jasper_verif_check.tcl
❌ 03773 VERIF RUN FAIL (rc=1)
▶️  Processing 03774 ...
🔍 Verifying 03774 ...
  module: ./03774/module.v
  sva   : ./03774/sva.sv
  tcl   : ./jasper_verif_check.tcl
❌ 03774 VERIF RUN FAIL (rc=3)
▶️  Processing 03775 ...
🔍 Verifying 03775 ...
  module: ./03775/module.v
  sva   : ./03775/sva.sv
  tcl   : ./jasper_verif_check.tcl
❌ 03775 VERIF RUN FAIL (rc=1)
▶️  Processing 03776 ...
🔍 Verifying 03776 ...
  module: ./03776/module.v
  sva   : ./03776/sva.sv
  tcl   : ./jasper_verif_check.tcl
❌ 03776 VERIF RUN FAIL (rc=1)
▶️  Processing 03777 ...
🔍 Verifying 03777 ...
  module: ./03777/module.v
  sva   : ./03777/sva.sv
  tcl   : ./jasper_verif_check.tcl
❌ 03777 VERIF RUN FAIL (rc=1)
▶️  Processing 03778 ...
🔍 Verifying 03778 ...
  module: ./03778/module.v
  sva   : ./03778/sva.sv
  tcl   : ./jasper_verif_check.tcl
✅ 03778 VERIF RUN OK
▶️  Processing 03779 ...
🔍 Verifying 03779 ...
  module: ./03779/module.v
  sva   : ./03779/sva.sv
  tcl   : ./jasper_verif_check.tcl
❌ 03779 VERIF RUN FAIL (rc=1)
▶️  Processing 03780 ...
🔍 Verifying 03780 ...
  module: ./03780/module.v
  sva   : ./03780/sva.sv
  tcl   : ./jasper_verif_check.tcl
❌ 03780 VERIF RUN FAIL (rc=1)
▶️  Processing 03781 ...
🔍 Verifying 03781 ...
  module: ./03781/module.v
  sva   : ./03781/sva.sv
  tcl   : ./jasper_verif_check.tcl
❌ 03781 VERIF RUN FAIL (rc=1)
▶️  Processing 03782 ...
🔍 Verifying 03782 ...
  module: ./03782/module.v
  sva   : ./03782/sva.sv
  tcl   : ./jasper_verif_check.tcl
❌ 03782 VERIF RUN FAIL (rc=1)
▶️  Processing 03783 ...
🔍 Verifying 03783 ...
  module: ./03783/module.v
  sva   : ./03783/sva.sv
  tcl   : ./jasper_verif_check.tcl
❌ 03783 VERIF RUN FAIL (rc=1)
▶️  Processing 03784 ...
🔍 Verifying 03784 ...
  module: ./03784/module.v
  sva   : ./03784/sva.sv
  tcl   : ./jasper_verif_check.tcl
✅ 03784 VERIF RUN OK
▶️  Processing 03785 ...
🔍 Verifying 03785 ...
  module: ./03785/module.v
  sva   : ./03785/sva.sv
  tcl   : ./jasper_verif_check.tcl
❌ 03785 VERIF RUN FAIL (rc=1)
▶️  Processing 03786 ...
🔍 Verifying 03786 ...
  module: ./03786/module.v
  sva   : ./03786/sva.sv
  tcl   : ./jasper_verif_check.tcl
❌ 03786 VERIF RUN FAIL (rc=3)
▶️  Processing 03787 ...
🔍 Verifying 03787 ...
  module: ./03787/module.v
  sva   : ./03787/sva.sv
  tcl   : ./jasper_verif_check.tcl
❌ 03787 VERIF RUN FAIL (rc=1)
▶️  Processing 03788 ...
🔍 Verifying 03788 ...
  module: ./03788/module.v
  sva   : ./03788/sva.sv
  tcl   : ./jasper_verif_check.tcl
❌ 03788 VERIF RUN FAIL (rc=1)
▶️  Processing 03789 ...
🔍 Verifying 03789 ...
  module: ./03789/module.v
  sva   : ./03789/sva.sv
  tcl   : ./jasper_verif_check.tcl
❌ 03789 VERIF RUN FAIL (rc=1)
▶️  Processing 03790 ...
🔍 Verifying 03790 ...
  module: ./03790/module.v
  sva   : ./03790/sva.sv
  tcl   : ./jasper_verif_check.tcl
❌ 03790 VERIF RUN FAIL (rc=1)
▶️  Processing 03791 ...
🔍 Verifying 03791 ...
  module: ./03791/module.v
  sva   : ./03791/sva.sv
  tcl   : ./jasper_verif_check.tcl
✅ 03791 VERIF RUN OK
▶️  Processing 03792 ...
🔍 Verifying 03792 ...
  module: ./03792/module.v
  sva   : ./03792/sva.sv
  tcl   : ./jasper_verif_check.tcl
✅ 03792 VERIF RUN OK
▶️  Processing 03793 ...
🔍 Verifying 03793 ...
  module: ./03793/module.v
  sva   : ./03793/sva.sv
  tcl   : ./jasper_verif_check.tcl
❌ 03793 VERIF RUN FAIL (rc=1)
▶️  Processing 03794 ...
🔍 Verifying 03794 ...
  module: ./03794/module.v
  sva   : ./03794/sva.sv
  tcl   : ./jasper_verif_check.tcl
❌ 03794 VERIF RUN FAIL (rc=4)
▶️  Processing 03795 ...
🔍 Verifying 03795 ...
  module: ./03795/module.v
  sva   : ./03795/sva.sv
  tcl   : ./jasper_verif_check.tcl
❌ 03795 VERIF RUN FAIL (rc=1)
▶️  Processing 03796 ...
🔍 Verifying 03796 ...
  module: ./03796/module.v
  sva   : ./03796/sva.sv
  tcl   : ./jasper_verif_check.tcl
❌ 03796 VERIF RUN FAIL (rc=1)
▶️  Processing 03797 ...
🔍 Verifying 03797 ...
  module: ./03797/module.v
  sva   : ./03797/sva.sv
  tcl   : ./jasper_verif_check.tcl
❌ 03797 VERIF RUN FAIL (rc=1)
▶️  Processing 03798 ...
🔍 Verifying 03798 ...
  module: ./03798/module.v
  sva   : ./03798/sva.sv
  tcl   : ./jasper_verif_check.tcl
✅ 03798 VERIF RUN OK
▶️  Processing 03799 ...
🔍 Verifying 03799 ...
  module: ./03799/module.v
  sva   : ./03799/sva.sv
  tcl   : ./jasper_verif_check.tcl
❌ 03799 VERIF RUN FAIL (rc=3)
▶️  Processing 03800 ...
🔍 Verifying 03800 ...
  module: ./03800/module.v
  sva   : ./03800/sva.sv
  tcl   : ./jasper_verif_check.tcl
❌ 03800 VERIF RUN FAIL (rc=3)
▶️  Processing 03801 ...
🔍 Verifying 03801 ...
  module: ./03801/module.v
  sva   : ./03801/sva.sv
  tcl   : ./jasper_verif_check.tcl
❌ 03801 VERIF RUN FAIL (rc=3)
▶️  Processing 03802 ...
🔍 Verifying 03802 ...
  module: ./03802/module.v
  sva   : ./03802/sva.sv
  tcl   : ./jasper_verif_check.tcl
❌ 03802 VERIF RUN FAIL (rc=1)
▶️  Processing 03803 ...
🔍 Verifying 03803 ...
  module: ./03803/module.v
  sva   : ./03803/sva.sv
  tcl   : ./jasper_verif_check.tcl
❌ 03803 VERIF RUN FAIL (rc=1)
▶️  Processing 03804 ...
🔍 Verifying 03804 ...
  module: ./03804/module.v
  sva   : ./03804/sva.sv
  tcl   : ./jasper_verif_check.tcl
❌ 03804 VERIF RUN FAIL (rc=1)
▶️  Processing 03805 ...
🔍 Verifying 03805 ...
  module: ./03805/module.v
  sva   : ./03805/sva.sv
  tcl   : ./jasper_verif_check.tcl
✅ 03805 VERIF RUN OK
▶️  Processing 03806 ...
🔍 Verifying 03806 ...
  module: ./03806/module.v
  sva   : ./03806/sva.sv
  tcl   : ./jasper_verif_check.tcl
❌ 03806 VERIF RUN FAIL (rc=1)
▶️  Processing 03807 ...
🔍 Verifying 03807 ...
  module: ./03807/module.v
  sva   : ./03807/sva.sv
  tcl   : ./jasper_verif_check.tcl
✅ 03807 VERIF RUN OK
▶️  Processing 03808 ...
🔍 Verifying 03808 ...
  module: ./03808/module.v
  sva   : ./03808/sva.sv
  tcl   : ./jasper_verif_check.tcl
❌ 03808 VERIF RUN FAIL (rc=1)
▶️  Processing 03809 ...
🔍 Verifying 03809 ...
  module: ./03809/module.v
  sva   : ./03809/sva.sv
  tcl   : ./jasper_verif_check.tcl
❌ 03809 VERIF RUN FAIL (rc=1)
▶️  Processing 03810 ...
🔍 Verifying 03810 ...
  module: ./03810/module.v
  sva   : ./03810/sva.sv
  tcl   : ./jasper_verif_check.tcl
❌ 03810 VERIF RUN FAIL (rc=1)
▶️  Processing 03811 ...
🔍 Verifying 03811 ...
  module: ./03811/module.v
  sva   : ./03811/sva.sv
  tcl   : ./jasper_verif_check.tcl
❌ 03811 VERIF RUN FAIL (rc=1)
▶️  Processing 03812 ...
🔍 Verifying 03812 ...
  module: ./03812/module.v
  sva   : ./03812/sva.sv
  tcl   : ./jasper_verif_check.tcl
❌ 03812 VERIF RUN FAIL (rc=1)
▶️  Processing 03813 ...
🔍 Verifying 03813 ...
  module: ./03813/module.v
  sva   : ./03813/sva.sv
  tcl   : ./jasper_verif_check.tcl
❌ 03813 VERIF RUN FAIL (rc=1)
✅ Chunk 68 finished
