2026-02-23 13:46:09.039510 (122208) main____ INFO    ----------------------------------------
2026-02-23 13:46:09.039598 (122208) main____ INFO    JasperGold version info
2026-02-23 13:46:09.039619 (122208) main____ INFO      tool      : JasperGold 2021.03
2026-02-23 13:46:09.039629 (122208) main____ INFO      version   : 2021.03 FCS 64 bits
2026-02-23 13:46:09.039634 (122208) main____ INFO      build date: 2021.03.23 02:50:43 UTC
2026-02-23 13:46:09.039639 (122208) main____ INFO    ----------------------------------------
2026-02-23 13:46:09.039645 (122208) main____ INFO    Runtime info:
2026-02-23 13:46:09.039651 (122208) main____ INFO      platform  : Linux 5.14.0-570.84.1.el9_6.x86_64 x86_64
2026-02-23 13:46:09.039659 (122208) main____ INFO      hostname  : della-h14n2
2026-02-23 13:46:09.039664 (122208) main____ INFO      pid       : 122208
2026-02-23 13:46:09.039669 (122208) main____ INFO      arguments : '-style' 'windows' '-batch' '-proj' './verification_results/02426/jgproject' '-tcl' './jasper_verif_check.tcl'
2026-02-23 13:46:09.039679 (122208) main____ INFO      locale    : UTF-8
2026-02-23 13:46:09.039684 (122208) main____ INFO    ----------------------------------------
2026-02-23 13:46:09.039689 (122208) main____ INFO    System resource limits info:
2026-02-23 13:46:09.039694 (122208) main____ INFO      virtual memory: unlimited
2026-02-23 13:46:09.039700 (122208) main____ INFO      cpu time      : unlimited
2026-02-23 13:46:09.039705 (122208) main____ INFO      stack size    : unlimited
2026-02-23 13:46:09.039710 (122208) main____ INFO      core file size: unlimited
2026-02-23 13:46:09.039718 (122208) main____ INFO      open files    : 131072
2026-02-23 13:46:09.039723 (122208) main____ INFO      file size     : unlimited
2026-02-23 13:46:09.039727 (122208) main____ INFO    ----------------------------------------
2026-02-23 13:46:09.039732 (122208) main____ INFO    Memory statistics:
2026-02-23 13:46:09.039738 (122208) main____ INFO      total physical memory  : 1584164328 kB
2026-02-23 13:46:09.039744 (122208) main____ INFO      free physical memory   : 749458944 kB
2026-02-23 13:46:09.039750 (122208) main____ INFO      committed address space: 674727152 kB
2026-02-23 13:46:09.039754 (122208) main____ INFO    ----------------------------------------
2026-02-23 13:46:09.040303 (122208) main____ INFO    Important environment variables:
2026-02-23 13:46:09.040321 (122208) main____ INFO      JASPER_HOME       : '/usr/licensed/cadence-20210126/jasper_2021.03'
2026-02-23 13:46:09.040328 (122208) main____ INFO      JASPER_INSTALL_DIR: '/scratch/gpfs/LICENSED/x86_64/cadence-20210126/jasper_2021.03'
2026-02-23 13:46:09.040334 (122208) main____ INFO      LANG              : 'en_US.UTF-8'
2026-02-23 13:46:09.040339 (122208) main____ INFO      LM_LICENSE_FILE   : '5280@license.rc.princeton.edu'
2026-02-23 13:46:09.040345 (122208) main____ INFO      TMPDIR            : '/tmp/ab2113/jg_5018913_41'
2026-02-23 13:46:09.040352 (122208) main____ INFO    ----------------------------------------
2026-02-23 13:46:09.040998 (122208) lic_core INFO    Initializing license system ...
2026-02-23 13:46:09.041669 (122208) lic_core INFO    ... license system initialized.
2026-02-23 13:46:09.042450 (122208) lic__man INFO    Claim 'fpv' for <ui>.
2026-02-23 13:46:09.042488 (122208) lic_core INFO    (1) checking out 'jasper_fpv' ...
2026-02-23 13:46:09.048083 (122208) lic_core INFO    ... (1) checkout failed (error: -5) ("FLEXnet ERROR(-5, 0, 0): No such feature exists.")
2026-02-23 13:46:09.048115 (122208) lic_core INFO    (2) checking out 'jasper_fao' ...
2026-02-23 13:46:09.057166 (122208) lic_core INFO    ... (2) checkout succeeded
2026-02-23 13:46:09.068386 (122208) session_ INFO    Starting analysis session with session id 'session_0' (launcher: <local>) ...
2026-02-23 13:46:09.071414 (122208) session_ INFO    Analysis session with session id 'session_0' started (pid: 122224)
2026-02-23 13:46:09.648598 (122208) session_ INFO    Analysis session 'session_0' connected to the console (host: 127.0.0.1:34074)
2026-02-23 13:46:10.158901 (122208) main____ INFO    About to exit: request to exit with status 1 received from analysis session 'session_0'
2026-02-23 13:46:10.211523 (122208) session_ INFO    Analysis session 'session_0' disconnected.
2026-02-23 13:46:10.211655 (122208) lic__man INFO    Unclaim everything for 'session_0'.
2026-02-23 13:46:10.212186 (122208) session_ INFO    Process for analysis session 'session_0' has exited with exit status '1'.
2026-02-23 13:46:12.063313 (122208) lic_core INFO    (2) checkin jasper_fao
2026-02-23 13:46:12.064750 (122208) main____ INFO    Exiting with status 1.
