2026-02-23 13:54:27.343261 (1955268) main____ INFO    ----------------------------------------
2026-02-23 13:54:27.343349 (1955268) main____ INFO    JasperGold version info
2026-02-23 13:54:27.343365 (1955268) main____ INFO      tool      : JasperGold 2021.03
2026-02-23 13:54:27.343373 (1955268) main____ INFO      version   : 2021.03 FCS 64 bits
2026-02-23 13:54:27.343378 (1955268) main____ INFO      build date: 2021.03.23 02:50:43 UTC
2026-02-23 13:54:27.343383 (1955268) main____ INFO    ----------------------------------------
2026-02-23 13:54:27.343387 (1955268) main____ INFO    Runtime info:
2026-02-23 13:54:27.343391 (1955268) main____ INFO      platform  : Linux 5.14.0-570.84.1.el9_6.x86_64 x86_64
2026-02-23 13:54:27.343397 (1955268) main____ INFO      hostname  : della-r3c1n5
2026-02-23 13:54:27.343402 (1955268) main____ INFO      pid       : 1955268
2026-02-23 13:54:27.343406 (1955268) main____ INFO      arguments : '-style' 'windows' '-batch' '-proj' './verification_results/03931/jgproject' '-tcl' './jasper_verif_check.tcl'
2026-02-23 13:54:27.343415 (1955268) main____ INFO      locale    : UTF-8
2026-02-23 13:54:27.343419 (1955268) main____ INFO    ----------------------------------------
2026-02-23 13:54:27.343423 (1955268) main____ INFO    System resource limits info:
2026-02-23 13:54:27.343427 (1955268) main____ INFO      virtual memory: unlimited
2026-02-23 13:54:27.343432 (1955268) main____ INFO      cpu time      : unlimited
2026-02-23 13:54:27.343436 (1955268) main____ INFO      stack size    : unlimited
2026-02-23 13:54:27.343441 (1955268) main____ INFO      core file size: unlimited
2026-02-23 13:54:27.343448 (1955268) main____ INFO      open files    : 131072
2026-02-23 13:54:27.343452 (1955268) main____ INFO      file size     : unlimited
2026-02-23 13:54:27.343456 (1955268) main____ INFO    ----------------------------------------
2026-02-23 13:54:27.343460 (1955268) main____ INFO    Memory statistics:
2026-02-23 13:54:27.343465 (1955268) main____ INFO      total physical memory  : 195972056 kB
2026-02-23 13:54:27.343469 (1955268) main____ INFO      free physical memory   : 134057812 kB
2026-02-23 13:54:27.343473 (1955268) main____ INFO      committed address space: 56883364 kB
2026-02-23 13:54:27.343477 (1955268) main____ INFO    ----------------------------------------
2026-02-23 13:54:27.344482 (1955268) main____ INFO    Important environment variables:
2026-02-23 13:54:27.344500 (1955268) main____ INFO      JASPER_HOME       : '/usr/licensed/cadence-20210126/jasper_2021.03'
2026-02-23 13:54:27.344506 (1955268) main____ INFO      JASPER_INSTALL_DIR: '/scratch/gpfs/LICENSED/x86_64/cadence-20210126/jasper_2021.03'
2026-02-23 13:54:27.344512 (1955268) main____ INFO      LANG              : 'en_US.UTF-8'
2026-02-23 13:54:27.344517 (1955268) main____ INFO      LM_LICENSE_FILE   : '5280@license.rc.princeton.edu'
2026-02-23 13:54:27.344522 (1955268) main____ INFO      TMPDIR            : '/tmp/ab2113/jg_5019080_71'
2026-02-23 13:54:27.344526 (1955268) main____ INFO    ----------------------------------------
2026-02-23 13:54:27.345025 (1955268) lic_core INFO    Initializing license system ...
2026-02-23 13:54:27.345487 (1955268) lic_core INFO    ... license system initialized.
2026-02-23 13:54:27.346256 (1955268) lic__man INFO    Claim 'fpv' for <ui>.
2026-02-23 13:54:27.346295 (1955268) lic_core INFO    (1) checking out 'jasper_fpv' ...
2026-02-23 13:54:27.351940 (1955268) lic_core INFO    ... (1) checkout failed (error: -5) ("FLEXnet ERROR(-5, 0, 0): No such feature exists.")
2026-02-23 13:54:27.351995 (1955268) lic_core INFO    (2) checking out 'jasper_fao' ...
2026-02-23 13:54:27.362886 (1955268) lic_core INFO    ... (2) checkout succeeded
2026-02-23 13:54:27.378141 (1955268) session_ INFO    Starting analysis session with session id 'session_0' (launcher: <local>) ...
2026-02-23 13:54:27.381460 (1955268) session_ INFO    Analysis session with session id 'session_0' started (pid: 1955276)
2026-02-23 13:54:28.085333 (1955268) session_ INFO    Analysis session 'session_0' connected to the console (host: 127.0.0.1:45096)
2026-02-23 13:54:29.014249 (1955268) main____ INFO    About to exit: request to exit with status 1 received from analysis session 'session_0'
2026-02-23 13:54:29.089782 (1955268) session_ INFO    Analysis session 'session_0' disconnected.
2026-02-23 13:54:29.089904 (1955268) lic__man INFO    Unclaim everything for 'session_0'.
2026-02-23 13:54:29.090351 (1955268) session_ INFO    Process for analysis session 'session_0' has exited with exit status '1'.
2026-02-23 13:54:31.096293 (1955268) lic_core INFO    (2) checkin jasper_fao
2026-02-23 13:54:31.098044 (1955268) main____ INFO    Exiting with status 1.
