2026-02-23 13:54:44.201393 (164487) main____ INFO    ----------------------------------------
2026-02-23 13:54:44.201495 (164487) main____ INFO    JasperGold version info
2026-02-23 13:54:44.201514 (164487) main____ INFO      tool      : JasperGold 2021.03
2026-02-23 13:54:44.201525 (164487) main____ INFO      version   : 2021.03 FCS 64 bits
2026-02-23 13:54:44.201531 (164487) main____ INFO      build date: 2021.03.23 02:50:43 UTC
2026-02-23 13:54:44.201537 (164487) main____ INFO    ----------------------------------------
2026-02-23 13:54:44.201542 (164487) main____ INFO    Runtime info:
2026-02-23 13:54:44.201548 (164487) main____ INFO      platform  : Linux 5.14.0-570.84.1.el9_6.x86_64 x86_64
2026-02-23 13:54:44.201555 (164487) main____ INFO      hostname  : della-h14n2
2026-02-23 13:54:44.201561 (164487) main____ INFO      pid       : 164487
2026-02-23 13:54:44.201566 (164487) main____ INFO      arguments : '-style' 'windows' '-batch' '-proj' './verification_results/03709/jgproject' '-tcl' './jasper_verif_check.tcl'
2026-02-23 13:54:44.201576 (164487) main____ INFO      locale    : UTF-8
2026-02-23 13:54:44.201581 (164487) main____ INFO    ----------------------------------------
2026-02-23 13:54:44.201586 (164487) main____ INFO    System resource limits info:
2026-02-23 13:54:44.201592 (164487) main____ INFO      virtual memory: unlimited
2026-02-23 13:54:44.201597 (164487) main____ INFO      cpu time      : unlimited
2026-02-23 13:54:44.201602 (164487) main____ INFO      stack size    : unlimited
2026-02-23 13:54:44.201607 (164487) main____ INFO      core file size: unlimited
2026-02-23 13:54:44.201615 (164487) main____ INFO      open files    : 131072
2026-02-23 13:54:44.201620 (164487) main____ INFO      file size     : unlimited
2026-02-23 13:54:44.201626 (164487) main____ INFO    ----------------------------------------
2026-02-23 13:54:44.201632 (164487) main____ INFO    Memory statistics:
2026-02-23 13:54:44.201639 (164487) main____ INFO      total physical memory  : 1584164328 kB
2026-02-23 13:54:44.201643 (164487) main____ INFO      free physical memory   : 749358008 kB
2026-02-23 13:54:44.201649 (164487) main____ INFO      committed address space: 673201172 kB
2026-02-23 13:54:44.201655 (164487) main____ INFO    ----------------------------------------
2026-02-23 13:54:44.202216 (164487) main____ INFO    Important environment variables:
2026-02-23 13:54:44.202232 (164487) main____ INFO      JASPER_HOME       : '/usr/licensed/cadence-20210126/jasper_2021.03'
2026-02-23 13:54:44.202238 (164487) main____ INFO      JASPER_INSTALL_DIR: '/scratch/gpfs/LICENSED/x86_64/cadence-20210126/jasper_2021.03'
2026-02-23 13:54:44.202245 (164487) main____ INFO      LANG              : 'en_US.UTF-8'
2026-02-23 13:54:44.202251 (164487) main____ INFO      LM_LICENSE_FILE   : '5280@license.rc.princeton.edu'
2026-02-23 13:54:44.202256 (164487) main____ INFO      TMPDIR            : '/tmp/ab2113/jg_5019053_66'
2026-02-23 13:54:44.202262 (164487) main____ INFO    ----------------------------------------
2026-02-23 13:54:44.202777 (164487) lic_core INFO    Initializing license system ...
2026-02-23 13:54:44.203273 (164487) lic_core INFO    ... license system initialized.
2026-02-23 13:54:44.204080 (164487) lic__man INFO    Claim 'fpv' for <ui>.
2026-02-23 13:54:44.204117 (164487) lic_core INFO    (1) checking out 'jasper_fpv' ...
2026-02-23 13:54:44.209653 (164487) lic_core INFO    ... (1) checkout failed (error: -5) ("FLEXnet ERROR(-5, 0, 0): No such feature exists.")
2026-02-23 13:54:44.209713 (164487) lic_core INFO    (2) checking out 'jasper_fao' ...
2026-02-23 13:54:44.219116 (164487) lic_core INFO    ... (2) checkout succeeded
2026-02-23 13:54:44.230325 (164487) session_ INFO    Starting analysis session with session id 'session_0' (launcher: <local>) ...
2026-02-23 13:54:44.233304 (164487) session_ INFO    Analysis session with session id 'session_0' started (pid: 164495)
2026-02-23 13:54:44.861765 (164487) session_ INFO    Analysis session 'session_0' connected to the console (host: 127.0.0.1:55702)
2026-02-23 13:54:45.383913 (164487) main____ INFO    About to exit: request to exit with status 1 received from analysis session 'session_0'
2026-02-23 13:54:45.443574 (164487) session_ INFO    Analysis session 'session_0' disconnected.
2026-02-23 13:54:45.443723 (164487) lic__man INFO    Unclaim everything for 'session_0'.
2026-02-23 13:54:45.444683 (164487) session_ INFO    Process for analysis session 'session_0' has exited with exit status '1'.
2026-02-23 13:54:47.469045 (164487) lic_core INFO    (2) checkin jasper_fao
2026-02-23 13:54:47.470705 (164487) main____ INFO    Exiting with status 1.
