2026-02-23 13:40:56.175246 (1467383) main____ INFO    ----------------------------------------
2026-02-23 13:40:56.175322 (1467383) main____ INFO    JasperGold version info
2026-02-23 13:40:56.175340 (1467383) main____ INFO      tool      : JasperGold 2021.03
2026-02-23 13:40:56.175350 (1467383) main____ INFO      version   : 2021.03 FCS 64 bits
2026-02-23 13:40:56.175356 (1467383) main____ INFO      build date: 2021.03.23 02:50:43 UTC
2026-02-23 13:40:56.175363 (1467383) main____ INFO    ----------------------------------------
2026-02-23 13:40:56.175368 (1467383) main____ INFO    Runtime info:
2026-02-23 13:40:56.175374 (1467383) main____ INFO      platform  : Linux 5.14.0-570.84.1.el9_6.x86_64 x86_64
2026-02-23 13:40:56.175380 (1467383) main____ INFO      hostname  : della-h14n5
2026-02-23 13:40:56.175385 (1467383) main____ INFO      pid       : 1467383
2026-02-23 13:40:56.175390 (1467383) main____ INFO      arguments : '-style' 'windows' '-batch' '-proj' './verification_results/01187/jgproject' '-tcl' './jasper_verif_check.tcl'
2026-02-23 13:40:56.175399 (1467383) main____ INFO      locale    : UTF-8
2026-02-23 13:40:56.175404 (1467383) main____ INFO    ----------------------------------------
2026-02-23 13:40:56.175409 (1467383) main____ INFO    System resource limits info:
2026-02-23 13:40:56.175413 (1467383) main____ INFO      virtual memory: unlimited
2026-02-23 13:40:56.175419 (1467383) main____ INFO      cpu time      : unlimited
2026-02-23 13:40:56.175424 (1467383) main____ INFO      stack size    : unlimited
2026-02-23 13:40:56.175435 (1467383) main____ INFO      core file size: unlimited
2026-02-23 13:40:56.175442 (1467383) main____ INFO      open files    : 131072
2026-02-23 13:40:56.175447 (1467383) main____ INFO      file size     : unlimited
2026-02-23 13:40:56.175452 (1467383) main____ INFO    ----------------------------------------
2026-02-23 13:40:56.175458 (1467383) main____ INFO    Memory statistics:
2026-02-23 13:40:56.175464 (1467383) main____ INFO      total physical memory  : 1584164368 kB
2026-02-23 13:40:56.175470 (1467383) main____ INFO      free physical memory   : 701302800 kB
2026-02-23 13:40:56.175474 (1467383) main____ INFO      committed address space: 536419544 kB
2026-02-23 13:40:56.175479 (1467383) main____ INFO    ----------------------------------------
2026-02-23 13:40:56.175986 (1467383) main____ INFO    Important environment variables:
2026-02-23 13:40:56.176000 (1467383) main____ INFO      JASPER_HOME       : '/usr/licensed/cadence-20210126/jasper_2021.03'
2026-02-23 13:40:56.176007 (1467383) main____ INFO      JASPER_INSTALL_DIR: '/scratch/gpfs/LICENSED/x86_64/cadence-20210126/jasper_2021.03'
2026-02-23 13:40:56.176012 (1467383) main____ INFO      LANG              : 'en_US.UTF-8'
2026-02-23 13:40:56.176017 (1467383) main____ INFO      LM_LICENSE_FILE   : '5280@license.rc.princeton.edu'
2026-02-23 13:40:56.176024 (1467383) main____ INFO      TMPDIR            : '/tmp/ab2113/jg_5018827_16'
2026-02-23 13:40:56.176029 (1467383) main____ INFO    ----------------------------------------
2026-02-23 13:40:56.176480 (1467383) lic_core INFO    Initializing license system ...
2026-02-23 13:40:56.177016 (1467383) lic_core INFO    ... license system initialized.
2026-02-23 13:40:56.177788 (1467383) lic__man INFO    Claim 'fpv' for <ui>.
2026-02-23 13:40:56.177822 (1467383) lic_core INFO    (1) checking out 'jasper_fpv' ...
2026-02-23 13:40:56.183696 (1467383) lic_core INFO    ... (1) checkout failed (error: -5) ("FLEXnet ERROR(-5, 0, 0): No such feature exists.")
2026-02-23 13:40:56.183727 (1467383) lic_core INFO    (2) checking out 'jasper_fao' ...
2026-02-23 13:40:56.193210 (1467383) lic_core INFO    ... (2) checkout succeeded
2026-02-23 13:40:56.204405 (1467383) session_ INFO    Starting analysis session with session id 'session_0' (launcher: <local>) ...
2026-02-23 13:40:56.208287 (1467383) session_ INFO    Analysis session with session id 'session_0' started (pid: 1467404)
2026-02-23 13:40:56.769225 (1467383) session_ INFO    Analysis session 'session_0' connected to the console (host: 127.0.0.1:49444)
2026-02-23 13:40:57.272516 (1467383) main____ INFO    About to exit: request to exit with status 1 received from analysis session 'session_0'
2026-02-23 13:40:57.328781 (1467383) session_ INFO    Analysis session 'session_0' disconnected.
2026-02-23 13:40:57.328920 (1467383) lic__man INFO    Unclaim everything for 'session_0'.
2026-02-23 13:40:57.329717 (1467383) session_ INFO    Process for analysis session 'session_0' has exited with exit status '1'.
2026-02-23 13:40:59.176859 (1467383) lic_core INFO    (2) checkin jasper_fao
2026-02-23 13:40:59.178416 (1467383) main____ INFO    Exiting with status 1.
