2026-02-23 13:40:08.419192 (2854008) main____ INFO    ----------------------------------------
2026-02-23 13:40:08.419272 (2854008) main____ INFO    JasperGold version info
2026-02-23 13:40:08.419292 (2854008) main____ INFO      tool      : JasperGold 2021.03
2026-02-23 13:40:08.419302 (2854008) main____ INFO      version   : 2021.03 FCS 64 bits
2026-02-23 13:40:08.419308 (2854008) main____ INFO      build date: 2021.03.23 02:50:43 UTC
2026-02-23 13:40:08.419314 (2854008) main____ INFO    ----------------------------------------
2026-02-23 13:40:08.419319 (2854008) main____ INFO    Runtime info:
2026-02-23 13:40:08.419325 (2854008) main____ INFO      platform  : Linux 5.14.0-570.84.1.el9_6.x86_64 x86_64
2026-02-23 13:40:08.419331 (2854008) main____ INFO      hostname  : della-h16n9
2026-02-23 13:40:08.419337 (2854008) main____ INFO      pid       : 2854008
2026-02-23 13:40:08.419343 (2854008) main____ INFO      arguments : '-style' 'windows' '-batch' '-proj' './verification_results/01274/jgproject' '-tcl' './jasper_verif_check.tcl'
2026-02-23 13:40:08.419352 (2854008) main____ INFO      locale    : UTF-8
2026-02-23 13:40:08.419358 (2854008) main____ INFO    ----------------------------------------
2026-02-23 13:40:08.419363 (2854008) main____ INFO    System resource limits info:
2026-02-23 13:40:08.419369 (2854008) main____ INFO      virtual memory: unlimited
2026-02-23 13:40:08.419374 (2854008) main____ INFO      cpu time      : unlimited
2026-02-23 13:40:08.419381 (2854008) main____ INFO      stack size    : unlimited
2026-02-23 13:40:08.419386 (2854008) main____ INFO      core file size: unlimited
2026-02-23 13:40:08.419394 (2854008) main____ INFO      open files    : 131072
2026-02-23 13:40:08.419400 (2854008) main____ INFO      file size     : unlimited
2026-02-23 13:40:08.419405 (2854008) main____ INFO    ----------------------------------------
2026-02-23 13:40:08.419410 (2854008) main____ INFO    Memory statistics:
2026-02-23 13:40:08.419418 (2854008) main____ INFO      total physical memory  : 1584164368 kB
2026-02-23 13:40:08.419423 (2854008) main____ INFO      free physical memory   : 834820264 kB
2026-02-23 13:40:08.419429 (2854008) main____ INFO      committed address space: 652426360 kB
2026-02-23 13:40:08.419434 (2854008) main____ INFO    ----------------------------------------
2026-02-23 13:40:08.420000 (2854008) main____ INFO    Important environment variables:
2026-02-23 13:40:08.420015 (2854008) main____ INFO      JASPER_HOME       : '/usr/licensed/cadence-20210126/jasper_2021.03'
2026-02-23 13:40:08.420022 (2854008) main____ INFO      JASPER_INSTALL_DIR: '/scratch/gpfs/LICENSED/x86_64/cadence-20210126/jasper_2021.03'
2026-02-23 13:40:08.420029 (2854008) main____ INFO      LANG              : 'en_US.UTF-8'
2026-02-23 13:40:08.420035 (2854008) main____ INFO      LM_LICENSE_FILE   : '5280@license.rc.princeton.edu'
2026-02-23 13:40:08.420041 (2854008) main____ INFO      TMPDIR            : '/tmp/ab2113/jg_5018829_18'
2026-02-23 13:40:08.420046 (2854008) main____ INFO    ----------------------------------------
2026-02-23 13:40:08.420584 (2854008) lic_core INFO    Initializing license system ...
2026-02-23 13:40:08.421098 (2854008) lic_core INFO    ... license system initialized.
2026-02-23 13:40:08.421919 (2854008) lic__man INFO    Claim 'fpv' for <ui>.
2026-02-23 13:40:08.421956 (2854008) lic_core INFO    (1) checking out 'jasper_fpv' ...
2026-02-23 13:40:08.427879 (2854008) lic_core INFO    ... (1) checkout failed (error: -5) ("FLEXnet ERROR(-5, 0, 0): No such feature exists.")
2026-02-23 13:40:08.427918 (2854008) lic_core INFO    (2) checking out 'jasper_fao' ...
2026-02-23 13:40:08.437237 (2854008) lic_core INFO    ... (2) checkout succeeded
2026-02-23 13:40:08.448338 (2854008) session_ INFO    Starting analysis session with session id 'session_0' (launcher: <local>) ...
2026-02-23 13:40:08.451311 (2854008) session_ INFO    Analysis session with session id 'session_0' started (pid: 2854051)
2026-02-23 13:40:08.989554 (2854008) session_ INFO    Analysis session 'session_0' connected to the console (host: 127.0.0.1:43762)
2026-02-23 13:40:09.766042 (2854008) lic__man INFO    Unclaim everything for 'session_0'.
2026-02-23 13:40:09.798317 (2854008) lic__man INFO    Claim 'fpv' for 'session_0'.
2026-02-23 13:40:09.798348 (2854008) lic__man INFO    Claim 'fpv' for 'session_0/prove-0'.
2026-02-23 13:40:09.953025 (2854008) lic__man INFO    Unclaim everything for 'session_0/prove-0'.
2026-02-23 13:40:10.006972 (2854008) main____ INFO    About to exit: request to exit with status 0 received from analysis session 'session_0'
2026-02-23 13:40:10.061296 (2854008) session_ INFO    Analysis session 'session_0' disconnected.
2026-02-23 13:40:10.061425 (2854008) lic__man INFO    Unclaim everything for 'session_0'.
2026-02-23 13:40:10.062366 (2854008) session_ INFO    Process for analysis session 'session_0' has exited with exit status '0'.
2026-02-23 13:40:12.113809 (2854008) lic_core INFO    (2) checkin jasper_fao
2026-02-23 13:40:12.115461 (2854008) main____ INFO    Exiting with status 0.
