2026-02-23 13:50:23.338593 (1952860) main____ INFO    ----------------------------------------
2026-02-23 13:50:23.338715 (1952860) main____ INFO    JasperGold version info
2026-02-23 13:50:23.338732 (1952860) main____ INFO      tool      : JasperGold 2021.03
2026-02-23 13:50:23.338741 (1952860) main____ INFO      version   : 2021.03 FCS 64 bits
2026-02-23 13:50:23.338746 (1952860) main____ INFO      build date: 2021.03.23 02:50:43 UTC
2026-02-23 13:50:23.338751 (1952860) main____ INFO    ----------------------------------------
2026-02-23 13:50:23.338755 (1952860) main____ INFO    Runtime info:
2026-02-23 13:50:23.338760 (1952860) main____ INFO      platform  : Linux 5.14.0-570.84.1.el9_6.x86_64 x86_64
2026-02-23 13:50:23.338766 (1952860) main____ INFO      hostname  : della-r3c1n5
2026-02-23 13:50:23.338770 (1952860) main____ INFO      pid       : 1952860
2026-02-23 13:50:23.338775 (1952860) main____ INFO      arguments : '-style' 'windows' '-batch' '-proj' './verification_results/02861/jgproject' '-tcl' './jasper_verif_check.tcl'
2026-02-23 13:50:23.338784 (1952860) main____ INFO      locale    : UTF-8
2026-02-23 13:50:23.338788 (1952860) main____ INFO    ----------------------------------------
2026-02-23 13:50:23.338792 (1952860) main____ INFO    System resource limits info:
2026-02-23 13:50:23.338796 (1952860) main____ INFO      virtual memory: unlimited
2026-02-23 13:50:23.338801 (1952860) main____ INFO      cpu time      : unlimited
2026-02-23 13:50:23.338805 (1952860) main____ INFO      stack size    : unlimited
2026-02-23 13:50:23.338809 (1952860) main____ INFO      core file size: unlimited
2026-02-23 13:50:23.338816 (1952860) main____ INFO      open files    : 131072
2026-02-23 13:50:23.338821 (1952860) main____ INFO      file size     : unlimited
2026-02-23 13:50:23.338825 (1952860) main____ INFO    ----------------------------------------
2026-02-23 13:50:23.338829 (1952860) main____ INFO    Memory statistics:
2026-02-23 13:50:23.338833 (1952860) main____ INFO      total physical memory  : 195972056 kB
2026-02-23 13:50:23.338837 (1952860) main____ INFO      free physical memory   : 115171832 kB
2026-02-23 13:50:23.338842 (1952860) main____ INFO      committed address space: 55804108 kB
2026-02-23 13:50:23.338845 (1952860) main____ INFO    ----------------------------------------
2026-02-23 13:50:23.339888 (1952860) main____ INFO    Important environment variables:
2026-02-23 13:50:23.339908 (1952860) main____ INFO      JASPER_HOME       : '/usr/licensed/cadence-20210126/jasper_2021.03'
2026-02-23 13:50:23.339914 (1952860) main____ INFO      JASPER_INSTALL_DIR: '/scratch/gpfs/LICENSED/x86_64/cadence-20210126/jasper_2021.03'
2026-02-23 13:50:23.339920 (1952860) main____ INFO      LANG              : 'en_US.UTF-8'
2026-02-23 13:50:23.339925 (1952860) main____ INFO      LM_LICENSE_FILE   : '5280@license.rc.princeton.edu'
2026-02-23 13:50:23.339929 (1952860) main____ INFO      TMPDIR            : '/tmp/ab2113/jg_5018959_49'
2026-02-23 13:50:23.339934 (1952860) main____ INFO    ----------------------------------------
2026-02-23 13:50:23.340808 (1952860) lic_core INFO    Initializing license system ...
2026-02-23 13:50:23.341673 (1952860) lic_core INFO    ... license system initialized.
2026-02-23 13:50:23.342460 (1952860) lic__man INFO    Claim 'fpv' for <ui>.
2026-02-23 13:50:23.342501 (1952860) lic_core INFO    (1) checking out 'jasper_fpv' ...
2026-02-23 13:50:23.348192 (1952860) lic_core INFO    ... (1) checkout failed (error: -5) ("FLEXnet ERROR(-5, 0, 0): No such feature exists.")
2026-02-23 13:50:23.348238 (1952860) lic_core INFO    (2) checking out 'jasper_fao' ...
2026-02-23 13:50:23.359482 (1952860) lic_core INFO    ... (2) checkout succeeded
2026-02-23 13:50:23.374018 (1952860) session_ INFO    Starting analysis session with session id 'session_0' (launcher: <local>) ...
2026-02-23 13:50:23.377144 (1952860) session_ INFO    Analysis session with session id 'session_0' started (pid: 1952868)
2026-02-23 13:50:24.089337 (1952860) session_ INFO    Analysis session 'session_0' connected to the console (host: 127.0.0.1:57892)
2026-02-23 13:50:24.974215 (1952860) main____ INFO    About to exit: request to exit with status 1 received from analysis session 'session_0'
2026-02-23 13:50:25.046648 (1952860) session_ INFO    Analysis session 'session_0' disconnected.
2026-02-23 13:50:25.046784 (1952860) lic__man INFO    Unclaim everything for 'session_0'.
2026-02-23 13:50:25.047181 (1952860) session_ INFO    Process for analysis session 'session_0' has exited with exit status '1'.
2026-02-23 13:50:27.081575 (1952860) lic_core INFO    (2) checkin jasper_fao
2026-02-23 13:50:27.083325 (1952860) main____ INFO    Exiting with status 1.
