2026-02-23 13:49:42.865406 (4152888) main____ INFO    ----------------------------------------
2026-02-23 13:49:42.865502 (4152888) main____ INFO    JasperGold version info
2026-02-23 13:49:42.865520 (4152888) main____ INFO      tool      : JasperGold 2021.03
2026-02-23 13:49:42.865529 (4152888) main____ INFO      version   : 2021.03 FCS 64 bits
2026-02-23 13:49:42.865535 (4152888) main____ INFO      build date: 2021.03.23 02:50:43 UTC
2026-02-23 13:49:42.865539 (4152888) main____ INFO    ----------------------------------------
2026-02-23 13:49:42.865543 (4152888) main____ INFO    Runtime info:
2026-02-23 13:49:42.865550 (4152888) main____ INFO      platform  : Linux 5.14.0-570.84.1.el9_6.x86_64 x86_64
2026-02-23 13:49:42.865556 (4152888) main____ INFO      hostname  : della-r3c2n12
2026-02-23 13:49:42.865561 (4152888) main____ INFO      pid       : 4152888
2026-02-23 13:49:42.865565 (4152888) main____ INFO      arguments : '-style' 'windows' '-batch' '-proj' './verification_results/02709/jgproject' '-tcl' './jasper_verif_check.tcl'
2026-02-23 13:49:42.865573 (4152888) main____ INFO      locale    : UTF-8
2026-02-23 13:49:42.865577 (4152888) main____ INFO    ----------------------------------------
2026-02-23 13:49:42.865581 (4152888) main____ INFO    System resource limits info:
2026-02-23 13:49:42.865586 (4152888) main____ INFO      virtual memory: unlimited
2026-02-23 13:49:42.865590 (4152888) main____ INFO      cpu time      : unlimited
2026-02-23 13:49:42.865594 (4152888) main____ INFO      stack size    : unlimited
2026-02-23 13:49:42.865599 (4152888) main____ INFO      core file size: unlimited
2026-02-23 13:49:42.865606 (4152888) main____ INFO      open files    : 131072
2026-02-23 13:49:42.865610 (4152888) main____ INFO      file size     : unlimited
2026-02-23 13:49:42.865614 (4152888) main____ INFO    ----------------------------------------
2026-02-23 13:49:42.865618 (4152888) main____ INFO    Memory statistics:
2026-02-23 13:49:42.865623 (4152888) main____ INFO      total physical memory  : 195972072 kB
2026-02-23 13:49:42.865627 (4152888) main____ INFO      free physical memory   : 125838536 kB
2026-02-23 13:49:42.865632 (4152888) main____ INFO      committed address space: 45742152 kB
2026-02-23 13:49:42.865636 (4152888) main____ INFO    ----------------------------------------
2026-02-23 13:49:42.866610 (4152888) main____ INFO    Important environment variables:
2026-02-23 13:49:42.866633 (4152888) main____ INFO      JASPER_HOME       : '/usr/licensed/cadence-20210126/jasper_2021.03'
2026-02-23 13:49:42.866641 (4152888) main____ INFO      JASPER_INSTALL_DIR: '/scratch/gpfs/LICENSED/x86_64/cadence-20210126/jasper_2021.03'
2026-02-23 13:49:42.866646 (4152888) main____ INFO      LANG              : 'en_US.UTF-8'
2026-02-23 13:49:42.866652 (4152888) main____ INFO      LM_LICENSE_FILE   : '5280@license.rc.princeton.edu'
2026-02-23 13:49:42.866657 (4152888) main____ INFO      TMPDIR            : '/tmp/ab2113/jg_5018946_46'
2026-02-23 13:49:42.866661 (4152888) main____ INFO    ----------------------------------------
2026-02-23 13:49:42.867543 (4152888) lic_core INFO    Initializing license system ...
2026-02-23 13:49:42.868390 (4152888) lic_core INFO    ... license system initialized.
2026-02-23 13:49:42.869167 (4152888) lic__man INFO    Claim 'fpv' for <ui>.
2026-02-23 13:49:42.869209 (4152888) lic_core INFO    (1) checking out 'jasper_fpv' ...
2026-02-23 13:49:42.874952 (4152888) lic_core INFO    ... (1) checkout failed (error: -5) ("FLEXnet ERROR(-5, 0, 0): No such feature exists.")
2026-02-23 13:49:42.875018 (4152888) lic_core INFO    (2) checking out 'jasper_fao' ...
2026-02-23 13:49:42.885608 (4152888) lic_core INFO    ... (2) checkout succeeded
2026-02-23 13:49:42.900207 (4152888) session_ INFO    Starting analysis session with session id 'session_0' (launcher: <local>) ...
2026-02-23 13:49:42.903000 (4152888) session_ INFO    Analysis session with session id 'session_0' started (pid: 4152896)
2026-02-23 13:49:43.622830 (4152888) session_ INFO    Analysis session 'session_0' connected to the console (host: 127.0.0.1:43132)
2026-02-23 13:49:44.247083 (4152888) main____ INFO    About to exit: request to exit with status 1 received from analysis session 'session_0'
2026-02-23 13:49:44.319827 (4152888) session_ INFO    Analysis session 'session_0' disconnected.
2026-02-23 13:49:44.319971 (4152888) lic__man INFO    Unclaim everything for 'session_0'.
2026-02-23 13:49:44.320583 (4152888) session_ INFO    Process for analysis session 'session_0' has exited with exit status '1'.
2026-02-23 13:49:46.152898 (4152888) lic_core INFO    (2) checkin jasper_fao
2026-02-23 13:49:46.154593 (4152888) main____ INFO    Exiting with status 1.
