2026-02-23 13:58:20.727671 (2934519) main____ INFO    ----------------------------------------
2026-02-23 13:58:20.727772 (2934519) main____ INFO    JasperGold version info
2026-02-23 13:58:20.727792 (2934519) main____ INFO      tool      : JasperGold 2021.03
2026-02-23 13:58:20.727802 (2934519) main____ INFO      version   : 2021.03 FCS 64 bits
2026-02-23 13:58:20.727806 (2934519) main____ INFO      build date: 2021.03.23 02:50:43 UTC
2026-02-23 13:58:20.727809 (2934519) main____ INFO    ----------------------------------------
2026-02-23 13:58:20.727813 (2934519) main____ INFO    Runtime info:
2026-02-23 13:58:20.727817 (2934519) main____ INFO      platform  : Linux 5.14.0-570.84.1.el9_6.x86_64 x86_64
2026-02-23 13:58:20.727821 (2934519) main____ INFO      hostname  : della-h12n18
2026-02-23 13:58:20.727825 (2934519) main____ INFO      pid       : 2934519
2026-02-23 13:58:20.727829 (2934519) main____ INFO      arguments : '-style' 'windows' '-batch' '-proj' './verification_results/04255/jgproject' '-tcl' './jasper_verif_check.tcl'
2026-02-23 13:58:20.727836 (2934519) main____ INFO      locale    : UTF-8
2026-02-23 13:58:20.727839 (2934519) main____ INFO    ----------------------------------------
2026-02-23 13:58:20.727843 (2934519) main____ INFO    System resource limits info:
2026-02-23 13:58:20.727846 (2934519) main____ INFO      virtual memory: unlimited
2026-02-23 13:58:20.727850 (2934519) main____ INFO      cpu time      : unlimited
2026-02-23 13:58:20.727854 (2934519) main____ INFO      stack size    : unlimited
2026-02-23 13:58:20.727857 (2934519) main____ INFO      core file size: unlimited
2026-02-23 13:58:20.727863 (2934519) main____ INFO      open files    : 131072
2026-02-23 13:58:20.727866 (2934519) main____ INFO      file size     : unlimited
2026-02-23 13:58:20.727870 (2934519) main____ INFO    ----------------------------------------
2026-02-23 13:58:20.727874 (2934519) main____ INFO    Memory statistics:
2026-02-23 13:58:20.727879 (2934519) main____ INFO      total physical memory  : 1055795796 kB
2026-02-23 13:58:20.727882 (2934519) main____ INFO      free physical memory   : 291375552 kB
2026-02-23 13:58:20.727885 (2934519) main____ INFO      committed address space: 426784140 kB
2026-02-23 13:58:20.727889 (2934519) main____ INFO    ----------------------------------------
2026-02-23 13:58:20.728668 (2934519) main____ INFO    Important environment variables:
2026-02-23 13:58:20.728707 (2934519) main____ INFO      JASPER_HOME       : '/usr/licensed/cadence-20210126/jasper_2021.03'
2026-02-23 13:58:20.728713 (2934519) main____ INFO      JASPER_INSTALL_DIR: '/scratch/gpfs/LICENSED/x86_64/cadence-20210126/jasper_2021.03'
2026-02-23 13:58:20.728718 (2934519) main____ INFO      LANG              : 'en_US.UTF-8'
2026-02-23 13:58:20.728722 (2934519) main____ INFO      LM_LICENSE_FILE   : '5280@license.rc.princeton.edu'
2026-02-23 13:58:20.728726 (2934519) main____ INFO      TMPDIR            : '/tmp/ab2113/jg_5019134_77'
2026-02-23 13:58:20.728730 (2934519) main____ INFO    ----------------------------------------
2026-02-23 13:58:20.729511 (2934519) lic_core INFO    Initializing license system ...
2026-02-23 13:58:20.729969 (2934519) lic_core INFO    ... license system initialized.
2026-02-23 13:58:20.730868 (2934519) lic__man INFO    Claim 'fpv' for <ui>.
2026-02-23 13:58:20.730902 (2934519) lic_core INFO    (1) checking out 'jasper_fpv' ...
2026-02-23 13:58:20.737195 (2934519) lic_core INFO    ... (1) checkout failed (error: -5) ("FLEXnet ERROR(-5, 0, 0): No such feature exists.")
2026-02-23 13:58:20.737252 (2934519) lic_core INFO    (2) checking out 'jasper_fao' ...
2026-02-23 13:58:20.748948 (2934519) lic_core INFO    ... (2) checkout succeeded
2026-02-23 13:58:20.762289 (2934519) session_ INFO    Starting analysis session with session id 'session_0' (launcher: <local>) ...
2026-02-23 13:58:20.764869 (2934519) session_ INFO    Analysis session with session id 'session_0' started (pid: 2934527)
2026-02-23 13:58:21.378302 (2934519) session_ INFO    Analysis session 'session_0' connected to the console (host: 127.0.0.1:50800)
2026-02-23 13:58:22.198507 (2934519) lic__man INFO    Unclaim everything for 'session_0'.
2026-02-23 13:58:22.239238 (2934519) lic__man INFO    Claim 'fpv' for 'session_0'.
2026-02-23 13:58:22.239279 (2934519) lic__man INFO    Claim 'fpv' for 'session_0/prove-0'.
2026-02-23 13:58:22.377406 (2934519) lic__man INFO    Unclaim everything for 'session_0/prove-0'.
2026-02-23 13:58:22.433507 (2934519) main____ INFO    About to exit: request to exit with status 0 received from analysis session 'session_0'
2026-02-23 13:58:22.507140 (2934519) session_ INFO    Analysis session 'session_0' disconnected.
2026-02-23 13:58:22.507257 (2934519) lic__man INFO    Unclaim everything for 'session_0'.
2026-02-23 13:58:22.508007 (2934519) session_ INFO    Process for analysis session 'session_0' has exited with exit status '0'.
2026-02-23 13:58:24.509639 (2934519) lic_core INFO    (2) checkin jasper_fao
2026-02-23 13:58:24.511332 (2934519) main____ INFO    Exiting with status 0.
