2026-02-23 13:51:59.806391 (1746043) main____ INFO    ----------------------------------------
2026-02-23 13:51:59.806459 (1746043) main____ INFO    JasperGold version info
2026-02-23 13:51:59.806476 (1746043) main____ INFO      tool      : JasperGold 2021.03
2026-02-23 13:51:59.806484 (1746043) main____ INFO      version   : 2021.03 FCS 64 bits
2026-02-23 13:51:59.806489 (1746043) main____ INFO      build date: 2021.03.23 02:50:43 UTC
2026-02-23 13:51:59.806494 (1746043) main____ INFO    ----------------------------------------
2026-02-23 13:51:59.806499 (1746043) main____ INFO    Runtime info:
2026-02-23 13:51:59.806505 (1746043) main____ INFO      platform  : Linux 5.14.0-570.84.1.el9_6.x86_64 x86_64
2026-02-23 13:51:59.806511 (1746043) main____ INFO      hostname  : della-h14n7
2026-02-23 13:51:59.806516 (1746043) main____ INFO      pid       : 1746043
2026-02-23 13:51:59.806521 (1746043) main____ INFO      arguments : '-style' 'windows' '-batch' '-proj' './verification_results/03715/jgproject' '-tcl' './jasper_verif_check.tcl'
2026-02-23 13:51:59.806529 (1746043) main____ INFO      locale    : UTF-8
2026-02-23 13:51:59.806534 (1746043) main____ INFO    ----------------------------------------
2026-02-23 13:51:59.806539 (1746043) main____ INFO    System resource limits info:
2026-02-23 13:51:59.806544 (1746043) main____ INFO      virtual memory: unlimited
2026-02-23 13:51:59.806549 (1746043) main____ INFO      cpu time      : unlimited
2026-02-23 13:51:59.806554 (1746043) main____ INFO      stack size    : unlimited
2026-02-23 13:51:59.806559 (1746043) main____ INFO      core file size: unlimited
2026-02-23 13:51:59.806566 (1746043) main____ INFO      open files    : 131072
2026-02-23 13:51:59.806571 (1746043) main____ INFO      file size     : unlimited
2026-02-23 13:51:59.806576 (1746043) main____ INFO    ----------------------------------------
2026-02-23 13:51:59.806580 (1746043) main____ INFO    Memory statistics:
2026-02-23 13:51:59.806586 (1746043) main____ INFO      total physical memory  : 1584164356 kB
2026-02-23 13:51:59.806590 (1746043) main____ INFO      free physical memory   : 808545016 kB
2026-02-23 13:51:59.806595 (1746043) main____ INFO      committed address space: 609722456 kB
2026-02-23 13:51:59.806600 (1746043) main____ INFO    ----------------------------------------
2026-02-23 13:51:59.807103 (1746043) main____ INFO    Important environment variables:
2026-02-23 13:51:59.807115 (1746043) main____ INFO      JASPER_HOME       : '/usr/licensed/cadence-20210126/jasper_2021.03'
2026-02-23 13:51:59.807121 (1746043) main____ INFO      JASPER_INSTALL_DIR: '/scratch/gpfs/LICENSED/x86_64/cadence-20210126/jasper_2021.03'
2026-02-23 13:51:59.807127 (1746043) main____ INFO      LANG              : 'en_US.UTF-8'
2026-02-23 13:51:59.807133 (1746043) main____ INFO      LM_LICENSE_FILE   : '5280@license.rc.princeton.edu'
2026-02-23 13:51:59.807138 (1746043) main____ INFO      TMPDIR            : '/tmp/ab2113/jg_5019054_67'
2026-02-23 13:51:59.807143 (1746043) main____ INFO    ----------------------------------------
2026-02-23 13:51:59.807566 (1746043) lic_core INFO    Initializing license system ...
2026-02-23 13:51:59.808055 (1746043) lic_core INFO    ... license system initialized.
2026-02-23 13:51:59.808781 (1746043) lic__man INFO    Claim 'fpv' for <ui>.
2026-02-23 13:51:59.808812 (1746043) lic_core INFO    (1) checking out 'jasper_fpv' ...
2026-02-23 13:51:59.814967 (1746043) lic_core INFO    ... (1) checkout failed (error: -5) ("FLEXnet ERROR(-5, 0, 0): No such feature exists.")
2026-02-23 13:51:59.814994 (1746043) lic_core INFO    (2) checking out 'jasper_fao' ...
2026-02-23 13:51:59.824549 (1746043) lic_core INFO    ... (2) checkout succeeded
2026-02-23 13:51:59.836119 (1746043) session_ INFO    Starting analysis session with session id 'session_0' (launcher: <local>) ...
2026-02-23 13:51:59.838591 (1746043) session_ INFO    Analysis session with session id 'session_0' started (pid: 1746065)
2026-02-23 13:52:00.354732 (1746043) session_ INFO    Analysis session 'session_0' connected to the console (host: 127.0.0.1:56988)
2026-02-23 13:52:00.915340 (1746043) main____ INFO    About to exit: request to exit with status 1 received from analysis session 'session_0'
2026-02-23 13:52:00.964799 (1746043) session_ INFO    Analysis session 'session_0' disconnected.
2026-02-23 13:52:00.964925 (1746043) lic__man INFO    Unclaim everything for 'session_0'.
2026-02-23 13:52:00.965372 (1746043) session_ INFO    Process for analysis session 'session_0' has exited with exit status '1'.
2026-02-23 13:52:03.020687 (1746043) lic_core INFO    (2) checkin jasper_fao
2026-02-23 13:52:03.021910 (1746043) main____ INFO    Exiting with status 1.
