2026-02-20 17:47:56.919870 (2553629) main____ INFO    ----------------------------------------
2026-02-20 17:47:56.919987 (2553629) main____ INFO    JasperGold version info
2026-02-20 17:47:56.920009 (2553629) main____ INFO      tool      : JasperGold 2021.03
2026-02-20 17:47:56.920019 (2553629) main____ INFO      version   : 2021.03 FCS 64 bits
2026-02-20 17:47:56.920024 (2553629) main____ INFO      build date: 2021.03.23 02:50:43 UTC
2026-02-20 17:47:56.920029 (2553629) main____ INFO    ----------------------------------------
2026-02-20 17:47:56.920033 (2553629) main____ INFO    Runtime info:
2026-02-20 17:47:56.920038 (2553629) main____ INFO      platform  : Linux 5.14.0-570.84.1.el9_6.x86_64 x86_64
2026-02-20 17:47:56.920044 (2553629) main____ INFO      hostname  : della-i13n22
2026-02-20 17:47:56.920048 (2553629) main____ INFO      pid       : 2553629
2026-02-20 17:47:56.920052 (2553629) main____ INFO      arguments : '-style' 'windows' '-batch' '-proj' 'verification_results/00457/jgproject' '-tcl' './jasper_verif_check.tcl'
2026-02-20 17:47:56.920060 (2553629) main____ INFO      locale    : UTF-8
2026-02-20 17:47:56.920064 (2553629) main____ INFO    ----------------------------------------
2026-02-20 17:47:56.920068 (2553629) main____ INFO    System resource limits info:
2026-02-20 17:47:56.920072 (2553629) main____ INFO      virtual memory: unlimited
2026-02-20 17:47:56.920076 (2553629) main____ INFO      cpu time      : unlimited
2026-02-20 17:47:56.920080 (2553629) main____ INFO      stack size    : unlimited
2026-02-20 17:47:56.920084 (2553629) main____ INFO      core file size: unlimited
2026-02-20 17:47:56.920092 (2553629) main____ INFO      open files    : 131072
2026-02-20 17:47:56.920096 (2553629) main____ INFO      file size     : unlimited
2026-02-20 17:47:56.920100 (2553629) main____ INFO    ----------------------------------------
2026-02-20 17:47:56.920103 (2553629) main____ INFO    Memory statistics:
2026-02-20 17:47:56.920108 (2553629) main____ INFO      total physical memory  : 394157548 kB
2026-02-20 17:47:56.920111 (2553629) main____ INFO      free physical memory   : 191024088 kB
2026-02-20 17:47:56.920115 (2553629) main____ INFO      committed address space: 167791596 kB
2026-02-20 17:47:56.920119 (2553629) main____ INFO    ----------------------------------------
2026-02-20 17:47:56.921005 (2553629) main____ INFO    Important environment variables:
2026-02-20 17:47:56.921023 (2553629) main____ INFO      JASPER_HOME       : '/usr/licensed/cadence-20210126/jasper_2021.03'
2026-02-20 17:47:56.921029 (2553629) main____ INFO      JASPER_INSTALL_DIR: '/scratch/gpfs/LICENSED/x86_64/cadence-20210126/jasper_2021.03'
2026-02-20 17:47:56.921034 (2553629) main____ INFO      LANG              : 'en_US.UTF-8'
2026-02-20 17:47:56.921039 (2553629) main____ INFO      LM_LICENSE_FILE   : '5280@license.rc.princeton.edu'
2026-02-20 17:47:56.921043 (2553629) main____ INFO      TMPDIR            : '/tmp'
2026-02-20 17:47:56.921047 (2553629) main____ INFO    ----------------------------------------
2026-02-20 17:47:56.922010 (2553629) lic_core INFO    Initializing license system ...
2026-02-20 17:47:56.922980 (2553629) lic_core INFO    ... license system initialized.
2026-02-20 17:47:56.923840 (2553629) lic__man INFO    Claim 'fpv' for <ui>.
2026-02-20 17:47:56.923887 (2553629) lic_core INFO    (1) checking out 'jasper_fpv' ...
2026-02-20 17:47:56.929960 (2553629) lic_core INFO    ... (1) checkout failed (error: -5) ("FLEXnet ERROR(-5, 0, 0): No such feature exists.")
2026-02-20 17:47:56.930035 (2553629) lic_core INFO    (2) checking out 'jasper_fao' ...
2026-02-20 17:47:56.940022 (2553629) lic_core INFO    ... (2) checkout succeeded
2026-02-20 17:47:56.955292 (2553629) session_ INFO    Starting analysis session with session id 'session_0' (launcher: <local>) ...
2026-02-20 17:47:56.958874 (2553629) session_ INFO    Analysis session with session id 'session_0' started (pid: 2553637)
2026-02-20 17:47:57.711994 (2553629) session_ INFO    Analysis session 'session_0' connected to the console (host: 127.0.0.1:57968)
2026-02-20 17:47:58.366520 (2553629) main____ INFO    About to exit: request to exit with status 1 received from analysis session 'session_0'
2026-02-20 17:47:58.468034 (2553629) session_ INFO    Analysis session 'session_0' disconnected.
2026-02-20 17:47:58.468185 (2553629) lic__man INFO    Unclaim everything for 'session_0'.
2026-02-20 17:47:58.468791 (2553629) session_ INFO    Process for analysis session 'session_0' has exited with exit status '1'.
2026-02-20 17:48:00.473455 (2553629) lic_core INFO    (2) checkin jasper_fao
2026-02-20 17:48:00.474915 (2553629) main____ INFO    Exiting with status 1.
