2026-02-23 13:56:14.252281 (4185619) main____ INFO    ----------------------------------------
2026-02-23 13:56:14.252366 (4185619) main____ INFO    JasperGold version info
2026-02-23 13:56:14.252388 (4185619) main____ INFO      tool      : JasperGold 2021.03
2026-02-23 13:56:14.252399 (4185619) main____ INFO      version   : 2021.03 FCS 64 bits
2026-02-23 13:56:14.252404 (4185619) main____ INFO      build date: 2021.03.23 02:50:43 UTC
2026-02-23 13:56:14.252409 (4185619) main____ INFO    ----------------------------------------
2026-02-23 13:56:14.252415 (4185619) main____ INFO    Runtime info:
2026-02-23 13:56:14.252420 (4185619) main____ INFO      platform  : Linux 5.14.0-570.84.1.el9_6.x86_64 x86_64
2026-02-23 13:56:14.252426 (4185619) main____ INFO      hostname  : della-h14n1
2026-02-23 13:56:14.252432 (4185619) main____ INFO      pid       : 4185619
2026-02-23 13:56:14.252437 (4185619) main____ INFO      arguments : '-style' 'windows' '-batch' '-proj' './verification_results/03659/jgproject' '-tcl' './jasper_verif_check.tcl'
2026-02-23 13:56:14.252445 (4185619) main____ INFO      locale    : UTF-8
2026-02-23 13:56:14.252450 (4185619) main____ INFO    ----------------------------------------
2026-02-23 13:56:14.252455 (4185619) main____ INFO    System resource limits info:
2026-02-23 13:56:14.252460 (4185619) main____ INFO      virtual memory: unlimited
2026-02-23 13:56:14.252465 (4185619) main____ INFO      cpu time      : unlimited
2026-02-23 13:56:14.252470 (4185619) main____ INFO      stack size    : unlimited
2026-02-23 13:56:14.252475 (4185619) main____ INFO      core file size: unlimited
2026-02-23 13:56:14.252482 (4185619) main____ INFO      open files    : 131072
2026-02-23 13:56:14.252488 (4185619) main____ INFO      file size     : unlimited
2026-02-23 13:56:14.252493 (4185619) main____ INFO    ----------------------------------------
2026-02-23 13:56:14.252498 (4185619) main____ INFO    Memory statistics:
2026-02-23 13:56:14.252503 (4185619) main____ INFO      total physical memory  : 1584164324 kB
2026-02-23 13:56:14.252508 (4185619) main____ INFO      free physical memory   : 730050068 kB
2026-02-23 13:56:14.252513 (4185619) main____ INFO      committed address space: 578679760 kB
2026-02-23 13:56:14.252518 (4185619) main____ INFO    ----------------------------------------
2026-02-23 13:56:14.253071 (4185619) main____ INFO    Important environment variables:
2026-02-23 13:56:14.253086 (4185619) main____ INFO      JASPER_HOME       : '/usr/licensed/cadence-20210126/jasper_2021.03'
2026-02-23 13:56:14.253092 (4185619) main____ INFO      JASPER_INSTALL_DIR: '/scratch/gpfs/LICENSED/x86_64/cadence-20210126/jasper_2021.03'
2026-02-23 13:56:14.253098 (4185619) main____ INFO      LANG              : 'en_US.UTF-8'
2026-02-23 13:56:14.253104 (4185619) main____ INFO      LM_LICENSE_FILE   : '5280@license.rc.princeton.edu'
2026-02-23 13:56:14.253109 (4185619) main____ INFO      TMPDIR            : '/tmp/ab2113/jg_5019052_65'
2026-02-23 13:56:14.253114 (4185619) main____ INFO    ----------------------------------------
2026-02-23 13:56:14.253669 (4185619) lic_core INFO    Initializing license system ...
2026-02-23 13:56:14.254227 (4185619) lic_core INFO    ... license system initialized.
2026-02-23 13:56:14.255055 (4185619) lic__man INFO    Claim 'fpv' for <ui>.
2026-02-23 13:56:14.255090 (4185619) lic_core INFO    (1) checking out 'jasper_fpv' ...
2026-02-23 13:56:14.260942 (4185619) lic_core INFO    ... (1) checkout failed (error: -5) ("FLEXnet ERROR(-5, 0, 0): No such feature exists.")
2026-02-23 13:56:14.260973 (4185619) lic_core INFO    (2) checking out 'jasper_fao' ...
2026-02-23 13:56:14.269728 (4185619) lic_core INFO    ... (2) checkout succeeded
2026-02-23 13:56:14.282757 (4185619) session_ INFO    Starting analysis session with session id 'session_0' (launcher: <local>) ...
2026-02-23 13:56:14.285959 (4185619) session_ INFO    Analysis session with session id 'session_0' started (pid: 4185627)
2026-02-23 13:56:14.862906 (4185619) session_ INFO    Analysis session 'session_0' connected to the console (host: 127.0.0.1:51764)
2026-02-23 13:56:15.404808 (4185619) main____ INFO    About to exit: request to exit with status 1 received from analysis session 'session_0'
2026-02-23 13:56:15.478201 (4185619) session_ INFO    Analysis session 'session_0' disconnected.
2026-02-23 13:56:15.478420 (4185619) lic__man INFO    Unclaim everything for 'session_0'.
2026-02-23 13:56:15.480101 (4185619) session_ INFO    Process for analysis session 'session_0' has exited with exit status '1'.
2026-02-23 13:56:17.512220 (4185619) lic_core INFO    (2) checkin jasper_fao
2026-02-23 13:56:17.514138 (4185619) main____ INFO    Exiting with status 1.
