2026-02-23 13:45:47.422492 (992920) main____ INFO    ----------------------------------------
2026-02-23 13:45:47.422607 (992920) main____ INFO    JasperGold version info
2026-02-23 13:45:47.422627 (992920) main____ INFO      tool      : JasperGold 2021.03
2026-02-23 13:45:47.422637 (992920) main____ INFO      version   : 2021.03 FCS 64 bits
2026-02-23 13:45:47.422643 (992920) main____ INFO      build date: 2021.03.23 02:50:43 UTC
2026-02-23 13:45:47.422648 (992920) main____ INFO    ----------------------------------------
2026-02-23 13:45:47.422653 (992920) main____ INFO    Runtime info:
2026-02-23 13:45:47.422658 (992920) main____ INFO      platform  : Linux 5.14.0-570.84.1.el9_6.x86_64 x86_64
2026-02-23 13:45:47.422664 (992920) main____ INFO      hostname  : della-h16n4
2026-02-23 13:45:47.422671 (992920) main____ INFO      pid       : 992920
2026-02-23 13:45:47.422676 (992920) main____ INFO      arguments : '-style' 'windows' '-batch' '-proj' './verification_results/02470/jgproject' '-tcl' './jasper_verif_check.tcl'
2026-02-23 13:45:47.422691 (992920) main____ INFO      locale    : UTF-8
2026-02-23 13:45:47.422696 (992920) main____ INFO    ----------------------------------------
2026-02-23 13:45:47.422701 (992920) main____ INFO    System resource limits info:
2026-02-23 13:45:47.422706 (992920) main____ INFO      virtual memory: unlimited
2026-02-23 13:45:47.422711 (992920) main____ INFO      cpu time      : unlimited
2026-02-23 13:45:47.422716 (992920) main____ INFO      stack size    : unlimited
2026-02-23 13:45:47.422721 (992920) main____ INFO      core file size: unlimited
2026-02-23 13:45:47.422731 (992920) main____ INFO      open files    : 131072
2026-02-23 13:45:47.422737 (992920) main____ INFO      file size     : unlimited
2026-02-23 13:45:47.422742 (992920) main____ INFO    ----------------------------------------
2026-02-23 13:45:47.422748 (992920) main____ INFO    Memory statistics:
2026-02-23 13:45:47.422754 (992920) main____ INFO      total physical memory  : 1584164328 kB
2026-02-23 13:45:47.422759 (992920) main____ INFO      free physical memory   : 744791232 kB
2026-02-23 13:45:47.422764 (992920) main____ INFO      committed address space: 732222780 kB
2026-02-23 13:45:47.422769 (992920) main____ INFO    ----------------------------------------
2026-02-23 13:45:47.423412 (992920) main____ INFO    Important environment variables:
2026-02-23 13:45:47.423431 (992920) main____ INFO      JASPER_HOME       : '/usr/licensed/cadence-20210126/jasper_2021.03'
2026-02-23 13:45:47.423438 (992920) main____ INFO      JASPER_INSTALL_DIR: '/scratch/gpfs/LICENSED/x86_64/cadence-20210126/jasper_2021.03'
2026-02-23 13:45:47.423445 (992920) main____ INFO      LANG              : 'en_US.UTF-8'
2026-02-23 13:45:47.423450 (992920) main____ INFO      LM_LICENSE_FILE   : '5280@license.rc.princeton.edu'
2026-02-23 13:45:47.423456 (992920) main____ INFO      TMPDIR            : '/tmp/ab2113/jg_5018914_42'
2026-02-23 13:45:47.423461 (992920) main____ INFO    ----------------------------------------
2026-02-23 13:45:47.424249 (992920) lic_core INFO    Initializing license system ...
2026-02-23 13:45:47.425288 (992920) lic_core INFO    ... license system initialized.
2026-02-23 13:45:47.426389 (992920) lic__man INFO    Claim 'fpv' for <ui>.
2026-02-23 13:45:47.426439 (992920) lic_core INFO    (1) checking out 'jasper_fpv' ...
2026-02-23 13:45:47.433934 (992920) lic_core INFO    ... (1) checkout failed (error: -5) ("FLEXnet ERROR(-5, 0, 0): No such feature exists.")
2026-02-23 13:45:47.434040 (992920) lic_core INFO    (2) checking out 'jasper_fao' ...
2026-02-23 13:45:47.443498 (992920) lic_core INFO    ... (2) checkout succeeded
2026-02-23 13:45:47.457241 (992920) session_ INFO    Starting analysis session with session id 'session_0' (launcher: <local>) ...
2026-02-23 13:45:47.463085 (992920) session_ INFO    Analysis session with session id 'session_0' started (pid: 992928)
2026-02-23 13:45:48.206717 (992920) session_ INFO    Analysis session 'session_0' connected to the console (host: 127.0.0.1:50126)
2026-02-23 13:45:49.061893 (992920) main____ INFO    About to exit: request to exit with status 1 received from analysis session 'session_0'
2026-02-23 13:45:49.136866 (992920) session_ INFO    Analysis session 'session_0' disconnected.
2026-02-23 13:45:49.137056 (992920) lic__man INFO    Unclaim everything for 'session_0'.
2026-02-23 13:45:49.138420 (992920) session_ INFO    Process for analysis session 'session_0' has exited with exit status '1'.
2026-02-23 13:45:51.128455 (992920) lic_core INFO    (2) checkin jasper_fao
2026-02-23 13:45:51.129971 (992920) main____ INFO    Exiting with status 1.
