2026-02-23 13:39:41.703501 (99401) main____ INFO    ----------------------------------------
2026-02-23 13:39:41.703578 (99401) main____ INFO    JasperGold version info
2026-02-23 13:39:41.703593 (99401) main____ INFO      tool      : JasperGold 2021.03
2026-02-23 13:39:41.703602 (99401) main____ INFO      version   : 2021.03 FCS 64 bits
2026-02-23 13:39:41.703609 (99401) main____ INFO      build date: 2021.03.23 02:50:43 UTC
2026-02-23 13:39:41.703615 (99401) main____ INFO    ----------------------------------------
2026-02-23 13:39:41.703621 (99401) main____ INFO    Runtime info:
2026-02-23 13:39:41.703627 (99401) main____ INFO      platform  : Linux 5.14.0-570.84.1.el9_6.x86_64 x86_64
2026-02-23 13:39:41.703633 (99401) main____ INFO      hostname  : della-h14n2
2026-02-23 13:39:41.703639 (99401) main____ INFO      pid       : 99401
2026-02-23 13:39:41.703645 (99401) main____ INFO      arguments : '-style' 'windows' '-batch' '-proj' './verification_results/00800/jgproject' '-tcl' './jasper_verif_check.tcl'
2026-02-23 13:39:41.703653 (99401) main____ INFO      locale    : UTF-8
2026-02-23 13:39:41.703659 (99401) main____ INFO    ----------------------------------------
2026-02-23 13:39:41.703664 (99401) main____ INFO    System resource limits info:
2026-02-23 13:39:41.703670 (99401) main____ INFO      virtual memory: unlimited
2026-02-23 13:39:41.703676 (99401) main____ INFO      cpu time      : unlimited
2026-02-23 13:39:41.703682 (99401) main____ INFO      stack size    : unlimited
2026-02-23 13:39:41.703688 (99401) main____ INFO      core file size: unlimited
2026-02-23 13:39:41.703695 (99401) main____ INFO      open files    : 131072
2026-02-23 13:39:41.703701 (99401) main____ INFO      file size     : unlimited
2026-02-23 13:39:41.703705 (99401) main____ INFO    ----------------------------------------
2026-02-23 13:39:41.703711 (99401) main____ INFO    Memory statistics:
2026-02-23 13:39:41.703717 (99401) main____ INFO      total physical memory  : 1584164328 kB
2026-02-23 13:39:41.703723 (99401) main____ INFO      free physical memory   : 736165564 kB
2026-02-23 13:39:41.703727 (99401) main____ INFO      committed address space: 686279240 kB
2026-02-23 13:39:41.703733 (99401) main____ INFO    ----------------------------------------
2026-02-23 13:39:41.704277 (99401) main____ INFO    Important environment variables:
2026-02-23 13:39:41.704291 (99401) main____ INFO      JASPER_HOME       : '/usr/licensed/cadence-20210126/jasper_2021.03'
2026-02-23 13:39:41.704298 (99401) main____ INFO      JASPER_INSTALL_DIR: '/scratch/gpfs/LICENSED/x86_64/cadence-20210126/jasper_2021.03'
2026-02-23 13:39:41.704303 (99401) main____ INFO      LANG              : 'en_US.UTF-8'
2026-02-23 13:39:41.704309 (99401) main____ INFO      LM_LICENSE_FILE   : '5280@license.rc.princeton.edu'
2026-02-23 13:39:41.704315 (99401) main____ INFO      TMPDIR            : '/tmp/ab2113/jg_5018797_8'
2026-02-23 13:39:41.704321 (99401) main____ INFO    ----------------------------------------
2026-02-23 13:39:41.704877 (99401) lic_core INFO    Initializing license system ...
2026-02-23 13:39:41.705414 (99401) lic_core INFO    ... license system initialized.
2026-02-23 13:39:41.706206 (99401) lic__man INFO    Claim 'fpv' for <ui>.
2026-02-23 13:39:41.706240 (99401) lic_core INFO    (1) checking out 'jasper_fpv' ...
2026-02-23 13:39:41.712807 (99401) lic_core INFO    ... (1) checkout failed (error: -5) ("FLEXnet ERROR(-5, 0, 0): No such feature exists.")
2026-02-23 13:39:41.713054 (99401) lic_core INFO    (2) checking out 'jasper_fao' ...
2026-02-23 13:39:41.722460 (99401) lic_core INFO    ... (2) checkout succeeded
2026-02-23 13:39:41.733251 (99401) session_ INFO    Starting analysis session with session id 'session_0' (launcher: <local>) ...
2026-02-23 13:39:41.736245 (99401) session_ INFO    Analysis session with session id 'session_0' started (pid: 99409)
2026-02-23 13:39:42.345631 (99401) session_ INFO    Analysis session 'session_0' connected to the console (host: 127.0.0.1:46468)
2026-02-23 13:39:43.125190 (99401) lic__man INFO    Unclaim everything for 'session_0'.
2026-02-23 13:39:43.184907 (99401) main____ INFO    About to exit: request to exit with status 3 received from analysis session 'session_0'
2026-02-23 13:39:43.239378 (99401) session_ INFO    Analysis session 'session_0' disconnected.
2026-02-23 13:39:43.239560 (99401) lic__man INFO    Unclaim everything for 'session_0'.
2026-02-23 13:39:43.240349 (99401) session_ INFO    Process for analysis session 'session_0' has exited with exit status '3'.
2026-02-23 13:39:45.091008 (99401) lic_core INFO    (2) checkin jasper_fao
2026-02-23 13:39:45.092273 (99401) main____ INFO    Exiting with status 3.
