2026-02-23 14:02:03.223504 (2943430) main____ INFO    ----------------------------------------
2026-02-23 14:02:03.223607 (2943430) main____ INFO    JasperGold version info
2026-02-23 14:02:03.223628 (2943430) main____ INFO      tool      : JasperGold 2021.03
2026-02-23 14:02:03.223637 (2943430) main____ INFO      version   : 2021.03 FCS 64 bits
2026-02-23 14:02:03.223641 (2943430) main____ INFO      build date: 2021.03.23 02:50:43 UTC
2026-02-23 14:02:03.223645 (2943430) main____ INFO    ----------------------------------------
2026-02-23 14:02:03.223648 (2943430) main____ INFO    Runtime info:
2026-02-23 14:02:03.223652 (2943430) main____ INFO      platform  : Linux 5.14.0-570.84.1.el9_6.x86_64 x86_64
2026-02-23 14:02:03.223656 (2943430) main____ INFO      hostname  : della-h12n18
2026-02-23 14:02:03.223660 (2943430) main____ INFO      pid       : 2943430
2026-02-23 14:02:03.223664 (2943430) main____ INFO      arguments : '-style' 'windows' '-batch' '-proj' './verification_results/04704/jgproject' '-tcl' './jasper_verif_check.tcl'
2026-02-23 14:02:03.223672 (2943430) main____ INFO      locale    : UTF-8
2026-02-23 14:02:03.223675 (2943430) main____ INFO    ----------------------------------------
2026-02-23 14:02:03.223679 (2943430) main____ INFO    System resource limits info:
2026-02-23 14:02:03.223682 (2943430) main____ INFO      virtual memory: unlimited
2026-02-23 14:02:03.223686 (2943430) main____ INFO      cpu time      : unlimited
2026-02-23 14:02:03.223689 (2943430) main____ INFO      stack size    : unlimited
2026-02-23 14:02:03.223692 (2943430) main____ INFO      core file size: unlimited
2026-02-23 14:02:03.223699 (2943430) main____ INFO      open files    : 131072
2026-02-23 14:02:03.223702 (2943430) main____ INFO      file size     : unlimited
2026-02-23 14:02:03.223705 (2943430) main____ INFO    ----------------------------------------
2026-02-23 14:02:03.223709 (2943430) main____ INFO    Memory statistics:
2026-02-23 14:02:03.223712 (2943430) main____ INFO      total physical memory  : 1055795796 kB
2026-02-23 14:02:03.223716 (2943430) main____ INFO      free physical memory   : 289239620 kB
2026-02-23 14:02:03.223720 (2943430) main____ INFO      committed address space: 429770444 kB
2026-02-23 14:02:03.223724 (2943430) main____ INFO    ----------------------------------------
2026-02-23 14:02:03.224506 (2943430) main____ INFO    Important environment variables:
2026-02-23 14:02:03.224522 (2943430) main____ INFO      JASPER_HOME       : '/usr/licensed/cadence-20210126/jasper_2021.03'
2026-02-23 14:02:03.224528 (2943430) main____ INFO      JASPER_INSTALL_DIR: '/scratch/gpfs/LICENSED/x86_64/cadence-20210126/jasper_2021.03'
2026-02-23 14:02:03.224533 (2943430) main____ INFO      LANG              : 'en_US.UTF-8'
2026-02-23 14:02:03.224537 (2943430) main____ INFO      LM_LICENSE_FILE   : '5280@license.rc.princeton.edu'
2026-02-23 14:02:03.224542 (2943430) main____ INFO      TMPDIR            : '/tmp/ab2113/jg_5019197_86'
2026-02-23 14:02:03.224545 (2943430) main____ INFO    ----------------------------------------
2026-02-23 14:02:03.225351 (2943430) lic_core INFO    Initializing license system ...
2026-02-23 14:02:03.226074 (2943430) lic_core INFO    ... license system initialized.
2026-02-23 14:02:03.227009 (2943430) lic__man INFO    Claim 'fpv' for <ui>.
2026-02-23 14:02:03.227049 (2943430) lic_core INFO    (1) checking out 'jasper_fpv' ...
2026-02-23 14:02:03.232790 (2943430) lic_core INFO    ... (1) checkout failed (error: -5) ("FLEXnet ERROR(-5, 0, 0): No such feature exists.")
2026-02-23 14:02:03.232853 (2943430) lic_core INFO    (2) checking out 'jasper_fao' ...
2026-02-23 14:02:03.244416 (2943430) lic_core INFO    ... (2) checkout succeeded
2026-02-23 14:02:03.257961 (2943430) session_ INFO    Starting analysis session with session id 'session_0' (launcher: <local>) ...
2026-02-23 14:02:03.260626 (2943430) session_ INFO    Analysis session with session id 'session_0' started (pid: 2943438)
2026-02-23 14:02:03.882839 (2943430) session_ INFO    Analysis session 'session_0' connected to the console (host: 127.0.0.1:40012)
2026-02-23 14:02:04.441494 (2943430) main____ INFO    About to exit: request to exit with status 1 received from analysis session 'session_0'
2026-02-23 14:02:04.506035 (2943430) session_ INFO    Analysis session 'session_0' disconnected.
2026-02-23 14:02:04.506177 (2943430) lic__man INFO    Unclaim everything for 'session_0'.
2026-02-23 14:02:04.506658 (2943430) session_ INFO    Process for analysis session 'session_0' has exited with exit status '1'.
2026-02-23 14:02:06.506905 (2943430) lic_core INFO    (2) checkin jasper_fao
2026-02-23 14:02:06.508714 (2943430) main____ INFO    Exiting with status 1.
