2026-02-23 13:47:18.311610 (131402) main____ INFO    ----------------------------------------
2026-02-23 13:47:18.311677 (131402) main____ INFO    JasperGold version info
2026-02-23 13:47:18.311692 (131402) main____ INFO      tool      : JasperGold 2021.03
2026-02-23 13:47:18.311700 (131402) main____ INFO      version   : 2021.03 FCS 64 bits
2026-02-23 13:47:18.311706 (131402) main____ INFO      build date: 2021.03.23 02:50:43 UTC
2026-02-23 13:47:18.311711 (131402) main____ INFO    ----------------------------------------
2026-02-23 13:47:18.311717 (131402) main____ INFO    Runtime info:
2026-02-23 13:47:18.311723 (131402) main____ INFO      platform  : Linux 5.14.0-570.84.1.el9_6.x86_64 x86_64
2026-02-23 13:47:18.311730 (131402) main____ INFO      hostname  : della-h14n2
2026-02-23 13:47:18.311736 (131402) main____ INFO      pid       : 131402
2026-02-23 13:47:18.311740 (131402) main____ INFO      arguments : '-style' 'windows' '-batch' '-proj' './verification_results/02392/jgproject' '-tcl' './jasper_verif_check.tcl'
2026-02-23 13:47:18.311749 (131402) main____ INFO      locale    : UTF-8
2026-02-23 13:47:18.311755 (131402) main____ INFO    ----------------------------------------
2026-02-23 13:47:18.311761 (131402) main____ INFO    System resource limits info:
2026-02-23 13:47:18.311767 (131402) main____ INFO      virtual memory: unlimited
2026-02-23 13:47:18.311773 (131402) main____ INFO      cpu time      : unlimited
2026-02-23 13:47:18.311779 (131402) main____ INFO      stack size    : unlimited
2026-02-23 13:47:18.311784 (131402) main____ INFO      core file size: unlimited
2026-02-23 13:47:18.311791 (131402) main____ INFO      open files    : 131072
2026-02-23 13:47:18.311796 (131402) main____ INFO      file size     : unlimited
2026-02-23 13:47:18.311801 (131402) main____ INFO    ----------------------------------------
2026-02-23 13:47:18.311807 (131402) main____ INFO    Memory statistics:
2026-02-23 13:47:18.311817 (131402) main____ INFO      total physical memory  : 1584164328 kB
2026-02-23 13:47:18.311823 (131402) main____ INFO      free physical memory   : 739092260 kB
2026-02-23 13:47:18.311827 (131402) main____ INFO      committed address space: 681510824 kB
2026-02-23 13:47:18.311834 (131402) main____ INFO    ----------------------------------------
2026-02-23 13:47:18.312342 (131402) main____ INFO    Important environment variables:
2026-02-23 13:47:18.312356 (131402) main____ INFO      JASPER_HOME       : '/usr/licensed/cadence-20210126/jasper_2021.03'
2026-02-23 13:47:18.312362 (131402) main____ INFO      JASPER_INSTALL_DIR: '/scratch/gpfs/LICENSED/x86_64/cadence-20210126/jasper_2021.03'
2026-02-23 13:47:18.312370 (131402) main____ INFO      LANG              : 'en_US.UTF-8'
2026-02-23 13:47:18.312376 (131402) main____ INFO      LM_LICENSE_FILE   : '5280@license.rc.princeton.edu'
2026-02-23 13:47:18.312383 (131402) main____ INFO      TMPDIR            : '/tmp/ab2113/jg_5018912_40'
2026-02-23 13:47:18.312388 (131402) main____ INFO    ----------------------------------------
2026-02-23 13:47:18.312854 (131402) lic_core INFO    Initializing license system ...
2026-02-23 13:47:18.313379 (131402) lic_core INFO    ... license system initialized.
2026-02-23 13:47:18.314135 (131402) lic__man INFO    Claim 'fpv' for <ui>.
2026-02-23 13:47:18.314166 (131402) lic_core INFO    (1) checking out 'jasper_fpv' ...
2026-02-23 13:47:18.320329 (131402) lic_core INFO    ... (1) checkout failed (error: -5) ("FLEXnet ERROR(-5, 0, 0): No such feature exists.")
2026-02-23 13:47:18.320355 (131402) lic_core INFO    (2) checking out 'jasper_fao' ...
2026-02-23 13:47:18.328993 (131402) lic_core INFO    ... (2) checkout succeeded
2026-02-23 13:47:18.339416 (131402) session_ INFO    Starting analysis session with session id 'session_0' (launcher: <local>) ...
2026-02-23 13:47:18.342382 (131402) session_ INFO    Analysis session with session id 'session_0' started (pid: 131410)
2026-02-23 13:47:18.956630 (131402) session_ INFO    Analysis session 'session_0' connected to the console (host: 127.0.0.1:49302)
2026-02-23 13:47:19.753173 (131402) lic__man INFO    Unclaim everything for 'session_0'.
2026-02-23 13:47:19.796822 (131402) lic__man INFO    Claim 'fpv' for 'session_0'.
2026-02-23 13:47:19.796869 (131402) lic__man INFO    Claim 'fpv' for 'session_0/prove-0'.
2026-02-23 13:47:19.988195 (131402) lic__man INFO    Unclaim everything for 'session_0/prove-0'.
2026-02-23 13:47:20.041905 (131402) main____ INFO    About to exit: request to exit with status 0 received from analysis session 'session_0'
2026-02-23 13:47:20.107913 (131402) session_ INFO    Analysis session 'session_0' disconnected.
2026-02-23 13:47:20.108050 (131402) lic__man INFO    Unclaim everything for 'session_0'.
2026-02-23 13:47:20.109694 (131402) session_ INFO    Process for analysis session 'session_0' has exited with exit status '0'.
2026-02-23 13:47:21.967279 (131402) lic_core INFO    (2) checkin jasper_fao
2026-02-23 13:47:21.968595 (131402) main____ INFO    Exiting with status 0.
