2026-02-23 13:45:37.866573 (4147523) main____ INFO    ----------------------------------------
2026-02-23 13:45:37.866668 (4147523) main____ INFO    JasperGold version info
2026-02-23 13:45:37.866686 (4147523) main____ INFO      tool      : JasperGold 2021.03
2026-02-23 13:45:37.866695 (4147523) main____ INFO      version   : 2021.03 FCS 64 bits
2026-02-23 13:45:37.866700 (4147523) main____ INFO      build date: 2021.03.23 02:50:43 UTC
2026-02-23 13:45:37.866705 (4147523) main____ INFO    ----------------------------------------
2026-02-23 13:45:37.866709 (4147523) main____ INFO    Runtime info:
2026-02-23 13:45:37.866714 (4147523) main____ INFO      platform  : Linux 5.14.0-570.84.1.el9_6.x86_64 x86_64
2026-02-23 13:45:37.866720 (4147523) main____ INFO      hostname  : della-r3c2n12
2026-02-23 13:45:37.866725 (4147523) main____ INFO      pid       : 4147523
2026-02-23 13:45:37.866729 (4147523) main____ INFO      arguments : '-style' 'windows' '-batch' '-proj' './verification_results/01807/jgproject' '-tcl' './jasper_verif_check.tcl'
2026-02-23 13:45:37.866737 (4147523) main____ INFO      locale    : UTF-8
2026-02-23 13:45:37.866742 (4147523) main____ INFO    ----------------------------------------
2026-02-23 13:45:37.866746 (4147523) main____ INFO    System resource limits info:
2026-02-23 13:45:37.866750 (4147523) main____ INFO      virtual memory: unlimited
2026-02-23 13:45:37.866755 (4147523) main____ INFO      cpu time      : unlimited
2026-02-23 13:45:37.866760 (4147523) main____ INFO      stack size    : unlimited
2026-02-23 13:45:37.866764 (4147523) main____ INFO      core file size: unlimited
2026-02-23 13:45:37.866771 (4147523) main____ INFO      open files    : 131072
2026-02-23 13:45:37.866775 (4147523) main____ INFO      file size     : unlimited
2026-02-23 13:45:37.866779 (4147523) main____ INFO    ----------------------------------------
2026-02-23 13:45:37.866783 (4147523) main____ INFO    Memory statistics:
2026-02-23 13:45:37.866788 (4147523) main____ INFO      total physical memory  : 195972072 kB
2026-02-23 13:45:37.866792 (4147523) main____ INFO      free physical memory   : 128888164 kB
2026-02-23 13:45:37.866796 (4147523) main____ INFO      committed address space: 43585772 kB
2026-02-23 13:45:37.866800 (4147523) main____ INFO    ----------------------------------------
2026-02-23 13:45:37.867762 (4147523) main____ INFO    Important environment variables:
2026-02-23 13:45:37.867780 (4147523) main____ INFO      JASPER_HOME       : '/usr/licensed/cadence-20210126/jasper_2021.03'
2026-02-23 13:45:37.867786 (4147523) main____ INFO      JASPER_INSTALL_DIR: '/scratch/gpfs/LICENSED/x86_64/cadence-20210126/jasper_2021.03'
2026-02-23 13:45:37.867792 (4147523) main____ INFO      LANG              : 'en_US.UTF-8'
2026-02-23 13:45:37.867797 (4147523) main____ INFO      LM_LICENSE_FILE   : '5280@license.rc.princeton.edu'
2026-02-23 13:45:37.867803 (4147523) main____ INFO      TMPDIR            : '/tmp/ab2113/jg_5018860_28'
2026-02-23 13:45:37.867808 (4147523) main____ INFO    ----------------------------------------
2026-02-23 13:45:37.868624 (4147523) lic_core INFO    Initializing license system ...
2026-02-23 13:45:37.869436 (4147523) lic_core INFO    ... license system initialized.
2026-02-23 13:45:37.870165 (4147523) lic__man INFO    Claim 'fpv' for <ui>.
2026-02-23 13:45:37.870202 (4147523) lic_core INFO    (1) checking out 'jasper_fpv' ...
2026-02-23 13:45:37.875877 (4147523) lic_core INFO    ... (1) checkout failed (error: -5) ("FLEXnet ERROR(-5, 0, 0): No such feature exists.")
2026-02-23 13:45:37.875933 (4147523) lic_core INFO    (2) checking out 'jasper_fao' ...
2026-02-23 13:45:37.886510 (4147523) lic_core INFO    ... (2) checkout succeeded
2026-02-23 13:45:37.901070 (4147523) session_ INFO    Starting analysis session with session id 'session_0' (launcher: <local>) ...
2026-02-23 13:45:37.903848 (4147523) session_ INFO    Analysis session with session id 'session_0' started (pid: 4147531)
2026-02-23 13:45:38.618553 (4147523) session_ INFO    Analysis session 'session_0' connected to the console (host: 127.0.0.1:50810)
2026-02-23 13:45:39.455664 (4147523) lic__man INFO    Unclaim everything for 'session_0'.
2026-02-23 13:45:39.497486 (4147523) lic__man INFO    Claim 'fpv' for 'session_0'.
2026-02-23 13:45:39.497536 (4147523) lic__man INFO    Claim 'fpv' for 'session_0/prove-0'.
2026-02-23 13:45:39.647555 (4147523) lic__man INFO    Unclaim everything for 'session_0/prove-0'.
2026-02-23 13:45:39.705075 (4147523) main____ INFO    About to exit: request to exit with status 0 received from analysis session 'session_0'
2026-02-23 13:45:39.786727 (4147523) session_ INFO    Analysis session 'session_0' disconnected.
2026-02-23 13:45:39.786858 (4147523) lic__man INFO    Unclaim everything for 'session_0'.
2026-02-23 13:45:39.787571 (4147523) session_ INFO    Process for analysis session 'session_0' has exited with exit status '0'.
2026-02-23 13:45:41.627965 (4147523) lic_core INFO    (2) checkin jasper_fao
2026-02-23 13:45:41.629337 (4147523) main____ INFO    Exiting with status 0.
