2026-02-23 13:50:11.206509 (4173975) main____ INFO    ----------------------------------------
2026-02-23 13:50:11.206603 (4173975) main____ INFO    JasperGold version info
2026-02-23 13:50:11.206627 (4173975) main____ INFO      tool      : JasperGold 2021.03
2026-02-23 13:50:11.206638 (4173975) main____ INFO      version   : 2021.03 FCS 64 bits
2026-02-23 13:50:11.206644 (4173975) main____ INFO      build date: 2021.03.23 02:50:43 UTC
2026-02-23 13:50:11.206649 (4173975) main____ INFO    ----------------------------------------
2026-02-23 13:50:11.206654 (4173975) main____ INFO    Runtime info:
2026-02-23 13:50:11.206670 (4173975) main____ INFO      platform  : Linux 5.14.0-570.84.1.el9_6.x86_64 x86_64
2026-02-23 13:50:11.206677 (4173975) main____ INFO      hostname  : della-h14n1
2026-02-23 13:50:11.206683 (4173975) main____ INFO      pid       : 4173975
2026-02-23 13:50:11.206689 (4173975) main____ INFO      arguments : '-style' 'windows' '-batch' '-proj' './verification_results/02958/jgproject' '-tcl' './jasper_verif_check.tcl'
2026-02-23 13:50:11.206697 (4173975) main____ INFO      locale    : UTF-8
2026-02-23 13:50:11.206702 (4173975) main____ INFO    ----------------------------------------
2026-02-23 13:50:11.206707 (4173975) main____ INFO    System resource limits info:
2026-02-23 13:50:11.206713 (4173975) main____ INFO      virtual memory: unlimited
2026-02-23 13:50:11.206718 (4173975) main____ INFO      cpu time      : unlimited
2026-02-23 13:50:11.206725 (4173975) main____ INFO      stack size    : unlimited
2026-02-23 13:50:11.206731 (4173975) main____ INFO      core file size: unlimited
2026-02-23 13:50:11.206739 (4173975) main____ INFO      open files    : 131072
2026-02-23 13:50:11.206744 (4173975) main____ INFO      file size     : unlimited
2026-02-23 13:50:11.206749 (4173975) main____ INFO    ----------------------------------------
2026-02-23 13:50:11.206754 (4173975) main____ INFO    Memory statistics:
2026-02-23 13:50:11.206761 (4173975) main____ INFO      total physical memory  : 1584164324 kB
2026-02-23 13:50:11.206766 (4173975) main____ INFO      free physical memory   : 719062524 kB
2026-02-23 13:50:11.206771 (4173975) main____ INFO      committed address space: 573688440 kB
2026-02-23 13:50:11.206776 (4173975) main____ INFO    ----------------------------------------
2026-02-23 13:50:11.207341 (4173975) main____ INFO    Important environment variables:
2026-02-23 13:50:11.207355 (4173975) main____ INFO      JASPER_HOME       : '/usr/licensed/cadence-20210126/jasper_2021.03'
2026-02-23 13:50:11.207362 (4173975) main____ INFO      JASPER_INSTALL_DIR: '/scratch/gpfs/LICENSED/x86_64/cadence-20210126/jasper_2021.03'
2026-02-23 13:50:11.207367 (4173975) main____ INFO      LANG              : 'en_US.UTF-8'
2026-02-23 13:50:11.207373 (4173975) main____ INFO      LM_LICENSE_FILE   : '5280@license.rc.princeton.edu'
2026-02-23 13:50:11.207379 (4173975) main____ INFO      TMPDIR            : '/tmp/ab2113/jg_5018961_51'
2026-02-23 13:50:11.207384 (4173975) main____ INFO    ----------------------------------------
2026-02-23 13:50:11.207913 (4173975) lic_core INFO    Initializing license system ...
2026-02-23 13:50:11.208475 (4173975) lic_core INFO    ... license system initialized.
2026-02-23 13:50:11.209387 (4173975) lic__man INFO    Claim 'fpv' for <ui>.
2026-02-23 13:50:11.209423 (4173975) lic_core INFO    (1) checking out 'jasper_fpv' ...
2026-02-23 13:50:11.216123 (4173975) lic_core INFO    ... (1) checkout failed (error: -5) ("FLEXnet ERROR(-5, 0, 0): No such feature exists.")
2026-02-23 13:50:11.216153 (4173975) lic_core INFO    (2) checking out 'jasper_fao' ...
2026-02-23 13:50:11.226135 (4173975) lic_core INFO    ... (2) checkout succeeded
2026-02-23 13:50:11.237724 (4173975) session_ INFO    Starting analysis session with session id 'session_0' (launcher: <local>) ...
2026-02-23 13:50:11.240962 (4173975) session_ INFO    Analysis session with session id 'session_0' started (pid: 4173983)
2026-02-23 13:50:11.874001 (4173975) session_ INFO    Analysis session 'session_0' connected to the console (host: 127.0.0.1:60470)
2026-02-23 13:50:12.680218 (4173975) lic__man INFO    Unclaim everything for 'session_0'.
2026-02-23 13:50:12.723720 (4173975) lic__man INFO    Claim 'fpv' for 'session_0'.
2026-02-23 13:50:12.723757 (4173975) lic__man INFO    Claim 'fpv' for 'session_0/prove-0'.
2026-02-23 13:50:12.765395 (4173975) lic__man INFO    Unclaim everything for 'session_0/prove-0'.
2026-02-23 13:50:12.807749 (4173975) main____ INFO    About to exit: request to exit with status 4 received from analysis session 'session_0'
2026-02-23 13:50:12.858233 (4173975) session_ INFO    Analysis session 'session_0' disconnected.
2026-02-23 13:50:12.858366 (4173975) lic__man INFO    Unclaim everything for 'session_0'.
2026-02-23 13:50:12.859491 (4173975) session_ INFO    Process for analysis session 'session_0' has exited with exit status '4'.
2026-02-23 13:50:14.915667 (4173975) lic_core INFO    (2) checkin jasper_fao
2026-02-23 13:50:14.917264 (4173975) main____ INFO    Exiting with status 4.
