2026-02-23 13:59:44.230430 (3920685) main____ INFO    ----------------------------------------
2026-02-23 13:59:44.230521 (3920685) main____ INFO    JasperGold version info
2026-02-23 13:59:44.230539 (3920685) main____ INFO      tool      : JasperGold 2021.03
2026-02-23 13:59:44.230548 (3920685) main____ INFO      version   : 2021.03 FCS 64 bits
2026-02-23 13:59:44.230553 (3920685) main____ INFO      build date: 2021.03.23 02:50:43 UTC
2026-02-23 13:59:44.230557 (3920685) main____ INFO    ----------------------------------------
2026-02-23 13:59:44.230561 (3920685) main____ INFO    Runtime info:
2026-02-23 13:59:44.230566 (3920685) main____ INFO      platform  : Linux 5.14.0-570.84.1.el9_6.x86_64 x86_64
2026-02-23 13:59:44.230572 (3920685) main____ INFO      hostname  : della-r3c3n11
2026-02-23 13:59:44.230576 (3920685) main____ INFO      pid       : 3920685
2026-02-23 13:59:44.230581 (3920685) main____ INFO      arguments : '-style' 'windows' '-batch' '-proj' './verification_results/03801/jgproject' '-tcl' './jasper_verif_check.tcl'
2026-02-23 13:59:44.230589 (3920685) main____ INFO      locale    : UTF-8
2026-02-23 13:59:44.230593 (3920685) main____ INFO    ----------------------------------------
2026-02-23 13:59:44.230597 (3920685) main____ INFO    System resource limits info:
2026-02-23 13:59:44.230601 (3920685) main____ INFO      virtual memory: unlimited
2026-02-23 13:59:44.230605 (3920685) main____ INFO      cpu time      : unlimited
2026-02-23 13:59:44.230610 (3920685) main____ INFO      stack size    : unlimited
2026-02-23 13:59:44.230614 (3920685) main____ INFO      core file size: unlimited
2026-02-23 13:59:44.230620 (3920685) main____ INFO      open files    : 131072
2026-02-23 13:59:44.230625 (3920685) main____ INFO      file size     : unlimited
2026-02-23 13:59:44.230629 (3920685) main____ INFO    ----------------------------------------
2026-02-23 13:59:44.230633 (3920685) main____ INFO    Memory statistics:
2026-02-23 13:59:44.230637 (3920685) main____ INFO      total physical memory  : 195972156 kB
2026-02-23 13:59:44.230641 (3920685) main____ INFO      free physical memory   : 89377988 kB
2026-02-23 13:59:44.230645 (3920685) main____ INFO      committed address space: 61443984 kB
2026-02-23 13:59:44.230650 (3920685) main____ INFO    ----------------------------------------
2026-02-23 13:59:44.231604 (3920685) main____ INFO    Important environment variables:
2026-02-23 13:59:44.231618 (3920685) main____ INFO      JASPER_HOME       : '/usr/licensed/cadence-20210126/jasper_2021.03'
2026-02-23 13:59:44.231624 (3920685) main____ INFO      JASPER_INSTALL_DIR: '/scratch/gpfs/LICENSED/x86_64/cadence-20210126/jasper_2021.03'
2026-02-23 13:59:44.231630 (3920685) main____ INFO      LANG              : 'en_US.UTF-8'
2026-02-23 13:59:44.231634 (3920685) main____ INFO      LM_LICENSE_FILE   : '5280@license.rc.princeton.edu'
2026-02-23 13:59:44.231639 (3920685) main____ INFO      TMPDIR            : '/tmp/ab2113/jg_5019070_68'
2026-02-23 13:59:44.231644 (3920685) main____ INFO    ----------------------------------------
2026-02-23 13:59:44.232431 (3920685) lic_core INFO    Initializing license system ...
2026-02-23 13:59:44.232850 (3920685) lic_core INFO    ... license system initialized.
2026-02-23 13:59:44.233536 (3920685) lic__man INFO    Claim 'fpv' for <ui>.
2026-02-23 13:59:44.233570 (3920685) lic_core INFO    (1) checking out 'jasper_fpv' ...
2026-02-23 13:59:44.239514 (3920685) lic_core INFO    ... (1) checkout failed (error: -5) ("FLEXnet ERROR(-5, 0, 0): No such feature exists.")
2026-02-23 13:59:44.239557 (3920685) lic_core INFO    (2) checking out 'jasper_fao' ...
2026-02-23 13:59:44.250414 (3920685) lic_core INFO    ... (2) checkout succeeded
2026-02-23 13:59:44.265428 (3920685) session_ INFO    Starting analysis session with session id 'session_0' (launcher: <local>) ...
2026-02-23 13:59:44.268231 (3920685) session_ INFO    Analysis session with session id 'session_0' started (pid: 3920693)
2026-02-23 13:59:44.966345 (3920685) session_ INFO    Analysis session 'session_0' connected to the console (host: 127.0.0.1:34472)
2026-02-23 13:59:45.807685 (3920685) lic__man INFO    Unclaim everything for 'session_0'.
2026-02-23 13:59:45.870270 (3920685) main____ INFO    About to exit: request to exit with status 3 received from analysis session 'session_0'
2026-02-23 13:59:45.940897 (3920685) session_ INFO    Analysis session 'session_0' disconnected.
2026-02-23 13:59:45.941013 (3920685) lic__man INFO    Unclaim everything for 'session_0'.
2026-02-23 13:59:45.941617 (3920685) session_ INFO    Process for analysis session 'session_0' has exited with exit status '3'.
2026-02-23 13:59:47.979000 (3920685) lic_core INFO    (2) checkin jasper_fao
2026-02-23 13:59:47.980613 (3920685) main____ INFO    Exiting with status 3.
