2026-02-23 13:51:06.836098 (1733504) main____ INFO    ----------------------------------------
2026-02-23 13:51:06.836175 (1733504) main____ INFO    JasperGold version info
2026-02-23 13:51:06.836191 (1733504) main____ INFO      tool      : JasperGold 2021.03
2026-02-23 13:51:06.836199 (1733504) main____ INFO      version   : 2021.03 FCS 64 bits
2026-02-23 13:51:06.836205 (1733504) main____ INFO      build date: 2021.03.23 02:50:43 UTC
2026-02-23 13:51:06.836210 (1733504) main____ INFO    ----------------------------------------
2026-02-23 13:51:06.836215 (1733504) main____ INFO    Runtime info:
2026-02-23 13:51:06.836220 (1733504) main____ INFO      platform  : Linux 5.14.0-570.84.1.el9_6.x86_64 x86_64
2026-02-23 13:51:06.836226 (1733504) main____ INFO      hostname  : della-h14n7
2026-02-23 13:51:06.836243 (1733504) main____ INFO      pid       : 1733504
2026-02-23 13:51:06.836248 (1733504) main____ INFO      arguments : '-style' 'windows' '-batch' '-proj' './verification_results/03125/jgproject' '-tcl' './jasper_verif_check.tcl'
2026-02-23 13:51:06.836256 (1733504) main____ INFO      locale    : UTF-8
2026-02-23 13:51:06.836260 (1733504) main____ INFO    ----------------------------------------
2026-02-23 13:51:06.836265 (1733504) main____ INFO    System resource limits info:
2026-02-23 13:51:06.836270 (1733504) main____ INFO      virtual memory: unlimited
2026-02-23 13:51:06.836275 (1733504) main____ INFO      cpu time      : unlimited
2026-02-23 13:51:06.836280 (1733504) main____ INFO      stack size    : unlimited
2026-02-23 13:51:06.836285 (1733504) main____ INFO      core file size: unlimited
2026-02-23 13:51:06.836292 (1733504) main____ INFO      open files    : 131072
2026-02-23 13:51:06.836297 (1733504) main____ INFO      file size     : unlimited
2026-02-23 13:51:06.836301 (1733504) main____ INFO    ----------------------------------------
2026-02-23 13:51:06.836306 (1733504) main____ INFO    Memory statistics:
2026-02-23 13:51:06.836311 (1733504) main____ INFO      total physical memory  : 1584164356 kB
2026-02-23 13:51:06.836316 (1733504) main____ INFO      free physical memory   : 809535128 kB
2026-02-23 13:51:06.836320 (1733504) main____ INFO      committed address space: 602931252 kB
2026-02-23 13:51:06.836325 (1733504) main____ INFO    ----------------------------------------
2026-02-23 13:51:06.836838 (1733504) main____ INFO    Important environment variables:
2026-02-23 13:51:06.836850 (1733504) main____ INFO      JASPER_HOME       : '/usr/licensed/cadence-20210126/jasper_2021.03'
2026-02-23 13:51:06.836856 (1733504) main____ INFO      JASPER_INSTALL_DIR: '/scratch/gpfs/LICENSED/x86_64/cadence-20210126/jasper_2021.03'
2026-02-23 13:51:06.836861 (1733504) main____ INFO      LANG              : 'en_US.UTF-8'
2026-02-23 13:51:06.836867 (1733504) main____ INFO      LM_LICENSE_FILE   : '5280@license.rc.princeton.edu'
2026-02-23 13:51:06.836872 (1733504) main____ INFO      TMPDIR            : '/tmp/ab2113/jg_5018982_55'
2026-02-23 13:51:06.836877 (1733504) main____ INFO    ----------------------------------------
2026-02-23 13:51:06.837285 (1733504) lic_core INFO    Initializing license system ...
2026-02-23 13:51:06.837771 (1733504) lic_core INFO    ... license system initialized.
2026-02-23 13:51:06.838568 (1733504) lic__man INFO    Claim 'fpv' for <ui>.
2026-02-23 13:51:06.838598 (1733504) lic_core INFO    (1) checking out 'jasper_fpv' ...
2026-02-23 13:51:06.845071 (1733504) lic_core INFO    ... (1) checkout failed (error: -5) ("FLEXnet ERROR(-5, 0, 0): No such feature exists.")
2026-02-23 13:51:06.845098 (1733504) lic_core INFO    (2) checking out 'jasper_fao' ...
2026-02-23 13:51:06.854079 (1733504) lic_core INFO    ... (2) checkout succeeded
2026-02-23 13:51:06.864495 (1733504) session_ INFO    Starting analysis session with session id 'session_0' (launcher: <local>) ...
2026-02-23 13:51:06.866839 (1733504) session_ INFO    Analysis session with session id 'session_0' started (pid: 1733544)
2026-02-23 13:51:07.352770 (1733504) session_ INFO    Analysis session 'session_0' connected to the console (host: 127.0.0.1:53720)
2026-02-23 13:51:08.142314 (1733504) main____ INFO    About to exit: request to exit with status 1 received from analysis session 'session_0'
2026-02-23 13:51:08.188729 (1733504) session_ INFO    Analysis session 'session_0' disconnected.
2026-02-23 13:51:08.188838 (1733504) lic__man INFO    Unclaim everything for 'session_0'.
2026-02-23 13:51:08.189467 (1733504) session_ INFO    Process for analysis session 'session_0' has exited with exit status '1'.
2026-02-23 13:51:10.075822 (1733504) lic_core INFO    (2) checkin jasper_fao
2026-02-23 13:51:10.077374 (1733504) main____ INFO    Exiting with status 1.
