2026-02-20 16:49:34.315675 (2494314) main____ INFO    ----------------------------------------
2026-02-20 16:49:34.315787 (2494314) main____ INFO    JasperGold version info
2026-02-20 16:49:34.315807 (2494314) main____ INFO      tool      : JasperGold 2021.03
2026-02-20 16:49:34.315816 (2494314) main____ INFO      version   : 2021.03 FCS 64 bits
2026-02-20 16:49:34.315821 (2494314) main____ INFO      build date: 2021.03.23 02:50:43 UTC
2026-02-20 16:49:34.315826 (2494314) main____ INFO    ----------------------------------------
2026-02-20 16:49:34.315830 (2494314) main____ INFO    Runtime info:
2026-02-20 16:49:34.315835 (2494314) main____ INFO      platform  : Linux 5.14.0-570.84.1.el9_6.x86_64 x86_64
2026-02-20 16:49:34.315841 (2494314) main____ INFO      hostname  : della-i13n22
2026-02-20 16:49:34.315845 (2494314) main____ INFO      pid       : 2494314
2026-02-20 16:49:34.315850 (2494314) main____ INFO      arguments : '-style' 'windows' '-batch' '-proj' 'verification_results/00067/jgproject' '-tcl' './jasper_verif_check.tcl'
2026-02-20 16:49:34.315858 (2494314) main____ INFO      locale    : UTF-8
2026-02-20 16:49:34.315862 (2494314) main____ INFO    ----------------------------------------
2026-02-20 16:49:34.315866 (2494314) main____ INFO    System resource limits info:
2026-02-20 16:49:34.315870 (2494314) main____ INFO      virtual memory: unlimited
2026-02-20 16:49:34.315875 (2494314) main____ INFO      cpu time      : unlimited
2026-02-20 16:49:34.315878 (2494314) main____ INFO      stack size    : unlimited
2026-02-20 16:49:34.315883 (2494314) main____ INFO      core file size: unlimited
2026-02-20 16:49:34.315890 (2494314) main____ INFO      open files    : 131072
2026-02-20 16:49:34.315895 (2494314) main____ INFO      file size     : unlimited
2026-02-20 16:49:34.315898 (2494314) main____ INFO    ----------------------------------------
2026-02-20 16:49:34.315902 (2494314) main____ INFO    Memory statistics:
2026-02-20 16:49:34.315906 (2494314) main____ INFO      total physical memory  : 394157548 kB
2026-02-20 16:49:34.315910 (2494314) main____ INFO      free physical memory   : 208443752 kB
2026-02-20 16:49:34.315914 (2494314) main____ INFO      committed address space: 149207592 kB
2026-02-20 16:49:34.315918 (2494314) main____ INFO    ----------------------------------------
2026-02-20 16:49:34.316804 (2494314) main____ INFO    Important environment variables:
2026-02-20 16:49:34.316822 (2494314) main____ INFO      JASPER_HOME       : '/usr/licensed/cadence-20210126/jasper_2021.03'
2026-02-20 16:49:34.316828 (2494314) main____ INFO      JASPER_INSTALL_DIR: '/scratch/gpfs/LICENSED/x86_64/cadence-20210126/jasper_2021.03'
2026-02-20 16:49:34.316834 (2494314) main____ INFO      LANG              : 'en_US.UTF-8'
2026-02-20 16:49:34.316838 (2494314) main____ INFO      LM_LICENSE_FILE   : '5280@license.rc.princeton.edu'
2026-02-20 16:49:34.316843 (2494314) main____ INFO      TMPDIR            : '/tmp'
2026-02-20 16:49:34.316848 (2494314) main____ INFO    ----------------------------------------
2026-02-20 16:49:34.317796 (2494314) lic_core INFO    Initializing license system ...
2026-02-20 16:49:34.318674 (2494314) lic_core INFO    ... license system initialized.
2026-02-20 16:49:34.319490 (2494314) lic__man INFO    Claim 'fpv' for <ui>.
2026-02-20 16:49:34.319537 (2494314) lic_core INFO    (1) checking out 'jasper_fpv' ...
2026-02-20 16:49:34.325220 (2494314) lic_core INFO    ... (1) checkout failed (error: -5) ("FLEXnet ERROR(-5, 0, 0): No such feature exists.")
2026-02-20 16:49:34.325279 (2494314) lic_core INFO    (2) checking out 'jasper_fao' ...
2026-02-20 16:49:34.335543 (2494314) lic_core INFO    ... (2) checkout succeeded
2026-02-20 16:49:34.350586 (2494314) session_ INFO    Starting analysis session with session id 'session_0' (launcher: <local>) ...
2026-02-20 16:49:34.353672 (2494314) session_ INFO    Analysis session with session id 'session_0' started (pid: 2494322)
2026-02-20 16:49:35.069011 (2494314) session_ INFO    Analysis session 'session_0' connected to the console (host: 127.0.0.1:51856)
2026-02-20 16:49:35.676511 (2494314) main____ INFO    About to exit: request to exit with status 1 received from analysis session 'session_0'
2026-02-20 16:49:35.762318 (2494314) session_ INFO    Analysis session 'session_0' disconnected.
2026-02-20 16:49:35.762473 (2494314) lic__man INFO    Unclaim everything for 'session_0'.
2026-02-20 16:49:35.763090 (2494314) session_ INFO    Process for analysis session 'session_0' has exited with exit status '1'.
2026-02-20 16:49:37.582070 (2494314) lic_core INFO    (2) checkin jasper_fao
2026-02-20 16:49:37.583532 (2494314) main____ INFO    Exiting with status 1.
