2026-02-23 13:49:30.170252 (140972) main____ INFO    ----------------------------------------
2026-02-23 13:49:30.170337 (140972) main____ INFO    JasperGold version info
2026-02-23 13:49:30.170354 (140972) main____ INFO      tool      : JasperGold 2021.03
2026-02-23 13:49:30.170364 (140972) main____ INFO      version   : 2021.03 FCS 64 bits
2026-02-23 13:49:30.170371 (140972) main____ INFO      build date: 2021.03.23 02:50:43 UTC
2026-02-23 13:49:30.170377 (140972) main____ INFO    ----------------------------------------
2026-02-23 13:49:30.170383 (140972) main____ INFO    Runtime info:
2026-02-23 13:49:30.170390 (140972) main____ INFO      platform  : Linux 5.14.0-570.84.1.el9_6.x86_64 x86_64
2026-02-23 13:49:30.170397 (140972) main____ INFO      hostname  : della-h14n2
2026-02-23 13:49:30.170404 (140972) main____ INFO      pid       : 140972
2026-02-23 13:49:30.170409 (140972) main____ INFO      arguments : '-style' 'windows' '-batch' '-proj' './verification_results/03216/jgproject' '-tcl' './jasper_verif_check.tcl'
2026-02-23 13:49:30.170419 (140972) main____ INFO      locale    : UTF-8
2026-02-23 13:49:30.170425 (140972) main____ INFO    ----------------------------------------
2026-02-23 13:49:30.170430 (140972) main____ INFO    System resource limits info:
2026-02-23 13:49:30.170435 (140972) main____ INFO      virtual memory: unlimited
2026-02-23 13:49:30.170440 (140972) main____ INFO      cpu time      : unlimited
2026-02-23 13:49:30.170445 (140972) main____ INFO      stack size    : unlimited
2026-02-23 13:49:30.170451 (140972) main____ INFO      core file size: unlimited
2026-02-23 13:49:30.170459 (140972) main____ INFO      open files    : 131072
2026-02-23 13:49:30.170466 (140972) main____ INFO      file size     : unlimited
2026-02-23 13:49:30.170473 (140972) main____ INFO    ----------------------------------------
2026-02-23 13:49:30.170478 (140972) main____ INFO    Memory statistics:
2026-02-23 13:49:30.170485 (140972) main____ INFO      total physical memory  : 1584164328 kB
2026-02-23 13:49:30.170491 (140972) main____ INFO      free physical memory   : 737101820 kB
2026-02-23 13:49:30.170498 (140972) main____ INFO      committed address space: 686609156 kB
2026-02-23 13:49:30.170503 (140972) main____ INFO    ----------------------------------------
2026-02-23 13:49:30.171092 (140972) main____ INFO    Important environment variables:
2026-02-23 13:49:30.171107 (140972) main____ INFO      JASPER_HOME       : '/usr/licensed/cadence-20210126/jasper_2021.03'
2026-02-23 13:49:30.171115 (140972) main____ INFO      JASPER_INSTALL_DIR: '/scratch/gpfs/LICENSED/x86_64/cadence-20210126/jasper_2021.03'
2026-02-23 13:49:30.171122 (140972) main____ INFO      LANG              : 'en_US.UTF-8'
2026-02-23 13:49:30.171128 (140972) main____ INFO      LM_LICENSE_FILE   : '5280@license.rc.princeton.edu'
2026-02-23 13:49:30.171134 (140972) main____ INFO      TMPDIR            : '/tmp/ab2113/jg_5018997_57'
2026-02-23 13:49:30.171139 (140972) main____ INFO    ----------------------------------------
2026-02-23 13:49:30.171732 (140972) lic_core INFO    Initializing license system ...
2026-02-23 13:49:30.172354 (140972) lic_core INFO    ... license system initialized.
2026-02-23 13:49:30.173191 (140972) lic__man INFO    Claim 'fpv' for <ui>.
2026-02-23 13:49:30.173228 (140972) lic_core INFO    (1) checking out 'jasper_fpv' ...
2026-02-23 13:49:30.179399 (140972) lic_core INFO    ... (1) checkout failed (error: -5) ("FLEXnet ERROR(-5, 0, 0): No such feature exists.")
2026-02-23 13:49:30.179429 (140972) lic_core INFO    (2) checking out 'jasper_fao' ...
2026-02-23 13:49:30.188986 (140972) lic_core INFO    ... (2) checkout succeeded
2026-02-23 13:49:30.201835 (140972) session_ INFO    Starting analysis session with session id 'session_0' (launcher: <local>) ...
2026-02-23 13:49:30.206058 (140972) session_ INFO    Analysis session with session id 'session_0' started (pid: 140980)
2026-02-23 13:49:30.914362 (140972) session_ INFO    Analysis session 'session_0' connected to the console (host: 127.0.0.1:54788)
2026-02-23 13:49:31.475925 (140972) main____ INFO    About to exit: request to exit with status 1 received from analysis session 'session_0'
2026-02-23 13:49:31.540026 (140972) session_ INFO    Analysis session 'session_0' disconnected.
2026-02-23 13:49:31.540164 (140972) lic__man INFO    Unclaim everything for 'session_0'.
2026-02-23 13:49:31.540789 (140972) session_ INFO    Process for analysis session 'session_0' has exited with exit status '1'.
2026-02-23 13:49:33.468018 (140972) lic_core INFO    (2) checkin jasper_fao
2026-02-23 13:49:33.469796 (140972) main____ INFO    Exiting with status 1.
