2026-02-23 13:43:32.687200 (930598) main____ INFO    ----------------------------------------
2026-02-23 13:43:32.687267 (930598) main____ INFO    JasperGold version info
2026-02-23 13:43:32.687284 (930598) main____ INFO      tool      : JasperGold 2021.03
2026-02-23 13:43:32.687292 (930598) main____ INFO      version   : 2021.03 FCS 64 bits
2026-02-23 13:43:32.687296 (930598) main____ INFO      build date: 2021.03.23 02:50:43 UTC
2026-02-23 13:43:32.687300 (930598) main____ INFO    ----------------------------------------
2026-02-23 13:43:32.687304 (930598) main____ INFO    Runtime info:
2026-02-23 13:43:32.687308 (930598) main____ INFO      platform  : Linux 5.14.0-570.84.1.el9_6.x86_64 x86_64
2026-02-23 13:43:32.687313 (930598) main____ INFO      hostname  : della-i13n12
2026-02-23 13:43:32.687317 (930598) main____ INFO      pid       : 930598
2026-02-23 13:43:32.687321 (930598) main____ INFO      arguments : '-style' 'windows' '-batch' '-proj' './verification_results/01508/jgproject' '-tcl' './jasper_verif_check.tcl'
2026-02-23 13:43:32.687327 (930598) main____ INFO      locale    : UTF-8
2026-02-23 13:43:32.687331 (930598) main____ INFO    ----------------------------------------
2026-02-23 13:43:32.687335 (930598) main____ INFO    System resource limits info:
2026-02-23 13:43:32.687339 (930598) main____ INFO      virtual memory: unlimited
2026-02-23 13:43:32.687342 (930598) main____ INFO      cpu time      : unlimited
2026-02-23 13:43:32.687346 (930598) main____ INFO      stack size    : unlimited
2026-02-23 13:43:32.687350 (930598) main____ INFO      core file size: unlimited
2026-02-23 13:43:32.687356 (930598) main____ INFO      open files    : 131072
2026-02-23 13:43:32.687360 (930598) main____ INFO      file size     : unlimited
2026-02-23 13:43:32.687364 (930598) main____ INFO    ----------------------------------------
2026-02-23 13:43:32.687367 (930598) main____ INFO    Memory statistics:
2026-02-23 13:43:32.687371 (930598) main____ INFO      total physical memory  : 394157548 kB
2026-02-23 13:43:32.687375 (930598) main____ INFO      free physical memory   : 224033780 kB
2026-02-23 13:43:32.687378 (930598) main____ INFO      committed address space: 109661308 kB
2026-02-23 13:43:32.687382 (930598) main____ INFO    ----------------------------------------
2026-02-23 13:43:32.688256 (930598) main____ INFO    Important environment variables:
2026-02-23 13:43:32.688270 (930598) main____ INFO      JASPER_HOME       : '/usr/licensed/cadence-20210126/jasper_2021.03'
2026-02-23 13:43:32.688276 (930598) main____ INFO      JASPER_INSTALL_DIR: '/scratch/gpfs/LICENSED/x86_64/cadence-20210126/jasper_2021.03'
2026-02-23 13:43:32.688281 (930598) main____ INFO      LANG              : 'en_US.UTF-8'
2026-02-23 13:43:32.688286 (930598) main____ INFO      LM_LICENSE_FILE   : '5280@license.rc.princeton.edu'
2026-02-23 13:43:32.688290 (930598) main____ INFO      TMPDIR            : '/tmp/ab2113/jg_5018840_22'
2026-02-23 13:43:32.688294 (930598) main____ INFO    ----------------------------------------
2026-02-23 13:43:32.689035 (930598) lic_core INFO    Initializing license system ...
2026-02-23 13:43:32.689780 (930598) lic_core INFO    ... license system initialized.
2026-02-23 13:43:32.690446 (930598) lic__man INFO    Claim 'fpv' for <ui>.
2026-02-23 13:43:32.690477 (930598) lic_core INFO    (1) checking out 'jasper_fpv' ...
2026-02-23 13:43:32.696278 (930598) lic_core INFO    ... (1) checkout failed (error: -5) ("FLEXnet ERROR(-5, 0, 0): No such feature exists.")
2026-02-23 13:43:32.696309 (930598) lic_core INFO    (2) checking out 'jasper_fao' ...
2026-02-23 13:43:32.706161 (930598) lic_core INFO    ... (2) checkout succeeded
2026-02-23 13:43:32.719059 (930598) session_ INFO    Starting analysis session with session id 'session_0' (launcher: <local>) ...
2026-02-23 13:43:32.721628 (930598) session_ INFO    Analysis session with session id 'session_0' started (pid: 930606)
2026-02-23 13:43:33.391132 (930598) session_ INFO    Analysis session 'session_0' connected to the console (host: 127.0.0.1:60430)
2026-02-23 13:43:33.924196 (930598) main____ INFO    About to exit: request to exit with status 1 received from analysis session 'session_0'
2026-02-23 13:43:33.990532 (930598) session_ INFO    Analysis session 'session_0' disconnected.
2026-02-23 13:43:33.990658 (930598) lic__man INFO    Unclaim everything for 'session_0'.
2026-02-23 13:43:33.991156 (930598) session_ INFO    Process for analysis session 'session_0' has exited with exit status '1'.
2026-02-23 13:43:35.991508 (930598) lic_core INFO    (2) checkin jasper_fao
2026-02-23 13:43:35.992994 (930598) main____ INFO    Exiting with status 1.
