2026-02-23 13:45:35.741918 (117928) main____ INFO    ----------------------------------------
2026-02-23 13:45:35.742000 (117928) main____ INFO    JasperGold version info
2026-02-23 13:45:35.742017 (117928) main____ INFO      tool      : JasperGold 2021.03
2026-02-23 13:45:35.742025 (117928) main____ INFO      version   : 2021.03 FCS 64 bits
2026-02-23 13:45:35.742031 (117928) main____ INFO      build date: 2021.03.23 02:50:43 UTC
2026-02-23 13:45:35.742036 (117928) main____ INFO    ----------------------------------------
2026-02-23 13:45:35.742040 (117928) main____ INFO    Runtime info:
2026-02-23 13:45:35.742045 (117928) main____ INFO      platform  : Linux 5.14.0-570.84.1.el9_6.x86_64 x86_64
2026-02-23 13:45:35.742053 (117928) main____ INFO      hostname  : della-h14n2
2026-02-23 13:45:35.742060 (117928) main____ INFO      pid       : 117928
2026-02-23 13:45:35.742066 (117928) main____ INFO      arguments : '-style' 'windows' '-batch' '-proj' './verification_results/02417/jgproject' '-tcl' './jasper_verif_check.tcl'
2026-02-23 13:45:35.742075 (117928) main____ INFO      locale    : UTF-8
2026-02-23 13:45:35.742080 (117928) main____ INFO    ----------------------------------------
2026-02-23 13:45:35.742085 (117928) main____ INFO    System resource limits info:
2026-02-23 13:45:35.742091 (117928) main____ INFO      virtual memory: unlimited
2026-02-23 13:45:35.742097 (117928) main____ INFO      cpu time      : unlimited
2026-02-23 13:45:35.742102 (117928) main____ INFO      stack size    : unlimited
2026-02-23 13:45:35.742107 (117928) main____ INFO      core file size: unlimited
2026-02-23 13:45:35.742115 (117928) main____ INFO      open files    : 131072
2026-02-23 13:45:35.742121 (117928) main____ INFO      file size     : unlimited
2026-02-23 13:45:35.742125 (117928) main____ INFO    ----------------------------------------
2026-02-23 13:45:35.742130 (117928) main____ INFO    Memory statistics:
2026-02-23 13:45:35.742135 (117928) main____ INFO      total physical memory  : 1584164328 kB
2026-02-23 13:45:35.742141 (117928) main____ INFO      free physical memory   : 750818804 kB
2026-02-23 13:45:35.742146 (117928) main____ INFO      committed address space: 670876388 kB
2026-02-23 13:45:35.742151 (117928) main____ INFO    ----------------------------------------
2026-02-23 13:45:35.742680 (117928) main____ INFO    Important environment variables:
2026-02-23 13:45:35.742695 (117928) main____ INFO      JASPER_HOME       : '/usr/licensed/cadence-20210126/jasper_2021.03'
2026-02-23 13:45:35.742702 (117928) main____ INFO      JASPER_INSTALL_DIR: '/scratch/gpfs/LICENSED/x86_64/cadence-20210126/jasper_2021.03'
2026-02-23 13:45:35.742708 (117928) main____ INFO      LANG              : 'en_US.UTF-8'
2026-02-23 13:45:35.742714 (117928) main____ INFO      LM_LICENSE_FILE   : '5280@license.rc.princeton.edu'
2026-02-23 13:45:35.742720 (117928) main____ INFO      TMPDIR            : '/tmp/ab2113/jg_5018913_41'
2026-02-23 13:45:35.742725 (117928) main____ INFO    ----------------------------------------
2026-02-23 13:45:35.743222 (117928) lic_core INFO    Initializing license system ...
2026-02-23 13:45:35.743778 (117928) lic_core INFO    ... license system initialized.
2026-02-23 13:45:35.744573 (117928) lic__man INFO    Claim 'fpv' for <ui>.
2026-02-23 13:45:35.744608 (117928) lic_core INFO    (1) checking out 'jasper_fpv' ...
2026-02-23 13:45:35.750593 (117928) lic_core INFO    ... (1) checkout failed (error: -5) ("FLEXnet ERROR(-5, 0, 0): No such feature exists.")
2026-02-23 13:45:35.750629 (117928) lic_core INFO    (2) checking out 'jasper_fao' ...
2026-02-23 13:45:35.759472 (117928) lic_core INFO    ... (2) checkout succeeded
2026-02-23 13:45:35.772006 (117928) session_ INFO    Starting analysis session with session id 'session_0' (launcher: <local>) ...
2026-02-23 13:45:35.775053 (117928) session_ INFO    Analysis session with session id 'session_0' started (pid: 117936)
2026-02-23 13:45:36.432673 (117928) session_ INFO    Analysis session 'session_0' connected to the console (host: 127.0.0.1:34184)
2026-02-23 13:45:37.237565 (117928) lic__man INFO    Unclaim everything for 'session_0'.
2026-02-23 13:45:37.273994 (117928) lic__man INFO    Claim 'fpv' for 'session_0'.
2026-02-23 13:45:37.274035 (117928) lic__man INFO    Claim 'fpv' for 'session_0/prove-0'.
2026-02-23 13:45:37.446781 (117928) lic__man INFO    Unclaim everything for 'session_0/prove-0'.
2026-02-23 13:45:37.501889 (117928) main____ INFO    About to exit: request to exit with status 0 received from analysis session 'session_0'
2026-02-23 13:45:37.561488 (117928) session_ INFO    Analysis session 'session_0' disconnected.
2026-02-23 13:45:37.561610 (117928) lic__man INFO    Unclaim everything for 'session_0'.
2026-02-23 13:45:37.562514 (117928) session_ INFO    Process for analysis session 'session_0' has exited with exit status '0'.
2026-02-23 13:45:39.470562 (117928) lic_core INFO    (2) checkin jasper_fao
2026-02-23 13:45:39.472127 (117928) main____ INFO    Exiting with status 0.
