2026-02-20 17:59:33.891564 (2568973) main____ INFO    ----------------------------------------
2026-02-20 17:59:33.891687 (2568973) main____ INFO    JasperGold version info
2026-02-20 17:59:33.891711 (2568973) main____ INFO      tool      : JasperGold 2021.03
2026-02-20 17:59:33.891721 (2568973) main____ INFO      version   : 2021.03 FCS 64 bits
2026-02-20 17:59:33.891726 (2568973) main____ INFO      build date: 2021.03.23 02:50:43 UTC
2026-02-20 17:59:33.891730 (2568973) main____ INFO    ----------------------------------------
2026-02-20 17:59:33.891734 (2568973) main____ INFO    Runtime info:
2026-02-20 17:59:33.891739 (2568973) main____ INFO      platform  : Linux 5.14.0-570.84.1.el9_6.x86_64 x86_64
2026-02-20 17:59:33.891745 (2568973) main____ INFO      hostname  : della-i13n22
2026-02-20 17:59:33.891749 (2568973) main____ INFO      pid       : 2568973
2026-02-20 17:59:33.891753 (2568973) main____ INFO      arguments : '-style' 'windows' '-batch' '-proj' 'verification_results/00622/jgproject' '-tcl' './jasper_verif_check.tcl'
2026-02-20 17:59:33.891762 (2568973) main____ INFO      locale    : UTF-8
2026-02-20 17:59:33.891767 (2568973) main____ INFO    ----------------------------------------
2026-02-20 17:59:33.891770 (2568973) main____ INFO    System resource limits info:
2026-02-20 17:59:33.891775 (2568973) main____ INFO      virtual memory: unlimited
2026-02-20 17:59:33.891779 (2568973) main____ INFO      cpu time      : unlimited
2026-02-20 17:59:33.891783 (2568973) main____ INFO      stack size    : unlimited
2026-02-20 17:59:33.891787 (2568973) main____ INFO      core file size: unlimited
2026-02-20 17:59:33.891795 (2568973) main____ INFO      open files    : 131072
2026-02-20 17:59:33.891799 (2568973) main____ INFO      file size     : unlimited
2026-02-20 17:59:33.891803 (2568973) main____ INFO    ----------------------------------------
2026-02-20 17:59:33.891807 (2568973) main____ INFO    Memory statistics:
2026-02-20 17:59:33.891811 (2568973) main____ INFO      total physical memory  : 394157548 kB
2026-02-20 17:59:33.891815 (2568973) main____ INFO      free physical memory   : 185155180 kB
2026-02-20 17:59:33.891819 (2568973) main____ INFO      committed address space: 173206980 kB
2026-02-20 17:59:33.891823 (2568973) main____ INFO    ----------------------------------------
2026-02-20 17:59:33.892714 (2568973) main____ INFO    Important environment variables:
2026-02-20 17:59:33.892738 (2568973) main____ INFO      JASPER_HOME       : '/usr/licensed/cadence-20210126/jasper_2021.03'
2026-02-20 17:59:33.892744 (2568973) main____ INFO      JASPER_INSTALL_DIR: '/scratch/gpfs/LICENSED/x86_64/cadence-20210126/jasper_2021.03'
2026-02-20 17:59:33.892750 (2568973) main____ INFO      LANG              : 'en_US.UTF-8'
2026-02-20 17:59:33.892754 (2568973) main____ INFO      LM_LICENSE_FILE   : '5280@license.rc.princeton.edu'
2026-02-20 17:59:33.892759 (2568973) main____ INFO      TMPDIR            : '/tmp'
2026-02-20 17:59:33.892763 (2568973) main____ INFO    ----------------------------------------
2026-02-20 17:59:33.893731 (2568973) lic_core INFO    Initializing license system ...
2026-02-20 17:59:33.894226 (2568973) lic_core INFO    ... license system initialized.
2026-02-20 17:59:33.895024 (2568973) lic__man INFO    Claim 'fpv' for <ui>.
2026-02-20 17:59:33.895070 (2568973) lic_core INFO    (1) checking out 'jasper_fpv' ...
2026-02-20 17:59:33.901010 (2568973) lic_core INFO    ... (1) checkout failed (error: -5) ("FLEXnet ERROR(-5, 0, 0): No such feature exists.")
2026-02-20 17:59:33.901082 (2568973) lic_core INFO    (2) checking out 'jasper_fao' ...
2026-02-20 17:59:33.911299 (2568973) lic_core INFO    ... (2) checkout succeeded
2026-02-20 17:59:33.925646 (2568973) session_ INFO    Starting analysis session with session id 'session_0' (launcher: <local>) ...
2026-02-20 17:59:33.929101 (2568973) session_ INFO    Analysis session with session id 'session_0' started (pid: 2568981)
2026-02-20 17:59:34.682369 (2568973) session_ INFO    Analysis session 'session_0' connected to the console (host: 127.0.0.1:42642)
2026-02-20 17:59:35.285515 (2568973) main____ INFO    About to exit: request to exit with status 1 received from analysis session 'session_0'
2026-02-20 17:59:35.392363 (2568973) session_ INFO    Analysis session 'session_0' disconnected.
2026-02-20 17:59:35.392518 (2568973) lic__man INFO    Unclaim everything for 'session_0'.
2026-02-20 17:59:35.393140 (2568973) session_ INFO    Process for analysis session 'session_0' has exited with exit status '1'.
2026-02-20 17:59:37.391776 (2568973) lic_core INFO    (2) checkin jasper_fao
2026-02-20 17:59:37.393216 (2568973) main____ INFO    Exiting with status 1.
