2026-02-17 01:24:50.570070 (3043095) main____ INFO    ----------------------------------------
2026-02-17 01:24:50.570157 (3043095) main____ INFO    JasperGold version info
2026-02-17 01:24:50.570174 (3043095) main____ INFO      tool      : JasperGold 2021.03
2026-02-17 01:24:50.570183 (3043095) main____ INFO      version   : 2021.03 FCS 64 bits
2026-02-17 01:24:50.570188 (3043095) main____ INFO      build date: 2021.03.23 02:50:43 UTC
2026-02-17 01:24:50.570193 (3043095) main____ INFO    ----------------------------------------
2026-02-17 01:24:50.570198 (3043095) main____ INFO    Runtime info:
2026-02-17 01:24:50.570206 (3043095) main____ INFO      platform  : Linux 5.14.0-570.84.1.el9_6.x86_64 x86_64
2026-02-17 01:24:50.570212 (3043095) main____ INFO      hostname  : della9.princeton.edu
2026-02-17 01:24:50.570219 (3043095) main____ INFO      pid       : 3043095
2026-02-17 01:24:50.570224 (3043095) main____ INFO      arguments : '-style' 'windows' '-batch' '-proj' 'verification_results/00015/jgproject' '-tcl' './jasper_verif_check.tcl'
2026-02-17 01:24:50.570234 (3043095) main____ INFO      locale    : UTF-8
2026-02-17 01:24:50.570240 (3043095) main____ INFO    ----------------------------------------
2026-02-17 01:24:50.570246 (3043095) main____ INFO    System resource limits info:
2026-02-17 01:24:50.570252 (3043095) main____ INFO      virtual memory: unlimited
2026-02-17 01:24:50.570257 (3043095) main____ INFO      cpu time      : unlimited
2026-02-17 01:24:50.570263 (3043095) main____ INFO      stack size    : unlimited
2026-02-17 01:24:50.570269 (3043095) main____ INFO      core file size: unlimited
2026-02-17 01:24:50.570277 (3043095) main____ INFO      open files    : 5120
2026-02-17 01:24:50.570283 (3043095) main____ INFO      file size     : unlimited
2026-02-17 01:24:50.570289 (3043095) main____ INFO    ----------------------------------------
2026-02-17 01:24:50.570295 (3043095) main____ INFO    Memory statistics:
2026-02-17 01:24:50.570301 (3043095) main____ INFO      total physical memory  : 1584164336 kB
2026-02-17 01:24:50.570307 (3043095) main____ INFO      free physical memory   : 751676544 kB
2026-02-17 01:24:50.570312 (3043095) main____ INFO      committed address space: 947451672 kB
2026-02-17 01:24:50.570317 (3043095) main____ INFO    ----------------------------------------
2026-02-17 01:24:50.570712 (3043095) main____ INFO    Important environment variables:
2026-02-17 01:24:50.570722 (3043095) main____ INFO      JASPER_INSTALL_DIR: '/usr/licensed/cadence-20210126/jasper_2021.03'
2026-02-17 01:24:50.570730 (3043095) main____ INFO      LANG              : 'en_US.UTF-8'
2026-02-17 01:24:50.570735 (3043095) main____ INFO      LM_LICENSE_FILE   : '5280@license.rc.princeton.edu'
2026-02-17 01:24:50.570742 (3043095) main____ INFO    ----------------------------------------
2026-02-17 01:24:50.572032 (3043095) lic_core INFO    Initializing license system ...
2026-02-17 01:24:50.572653 (3043095) lic_core INFO    ... license system initialized.
2026-02-17 01:24:50.573383 (3043095) lic__man INFO    Claim 'fpv' for <ui>.
2026-02-17 01:24:50.573406 (3043095) lic_core INFO    (1) checking out 'jasper_fpv' ...
2026-02-17 01:24:50.578496 (3043095) lic_core INFO    ... (1) checkout failed (error: -5) ("FLEXnet ERROR(-5, 0, 0): No such feature exists.")
2026-02-17 01:24:50.578519 (3043095) lic_core INFO    (2) checking out 'jasper_fao' ...
2026-02-17 01:24:50.587315 (3043095) lic_core INFO    ... (2) checkout succeeded
2026-02-17 01:24:50.599155 (3043095) session_ INFO    Starting analysis session with session id 'session_0' (launcher: <local>) ...
2026-02-17 01:24:50.600833 (3043095) session_ INFO    Analysis session with session id 'session_0' started (pid: 3043995)
2026-02-17 01:24:51.171554 (3043095) session_ INFO    Analysis session 'session_0' connected to the console (host: 127.0.0.1:35582)
2026-02-17 01:24:51.733920 (3043095) main____ INFO    About to exit: request to exit with status 1 received from analysis session 'session_0'
2026-02-17 01:24:51.793373 (3043095) session_ INFO    Analysis session 'session_0' disconnected.
2026-02-17 01:24:51.793490 (3043095) lic__man INFO    Unclaim everything for 'session_0'.
2026-02-17 01:24:51.793645 (3043095) session_ INFO    Process for analysis session 'session_0' has exited with exit status '1'.
2026-02-17 01:24:53.837112 (3043095) lic_core INFO    (2) checkin jasper_fao
2026-02-17 01:24:53.838853 (3043095) main____ INFO    Exiting with status 1.
