2026-02-23 13:40:28.806583 (1462135) main____ INFO    ----------------------------------------
2026-02-23 13:40:28.806670 (1462135) main____ INFO    JasperGold version info
2026-02-23 13:40:28.806687 (1462135) main____ INFO      tool      : JasperGold 2021.03
2026-02-23 13:40:28.806697 (1462135) main____ INFO      version   : 2021.03 FCS 64 bits
2026-02-23 13:40:28.806702 (1462135) main____ INFO      build date: 2021.03.23 02:50:43 UTC
2026-02-23 13:40:28.806708 (1462135) main____ INFO    ----------------------------------------
2026-02-23 13:40:28.806713 (1462135) main____ INFO    Runtime info:
2026-02-23 13:40:28.806719 (1462135) main____ INFO      platform  : Linux 5.14.0-570.84.1.el9_6.x86_64 x86_64
2026-02-23 13:40:28.806726 (1462135) main____ INFO      hostname  : della-h14n5
2026-02-23 13:40:28.806732 (1462135) main____ INFO      pid       : 1462135
2026-02-23 13:40:28.806738 (1462135) main____ INFO      arguments : '-style' 'windows' '-batch' '-proj' './verification_results/00997/jgproject' '-tcl' './jasper_verif_check.tcl'
2026-02-23 13:40:28.806748 (1462135) main____ INFO      locale    : UTF-8
2026-02-23 13:40:28.806755 (1462135) main____ INFO    ----------------------------------------
2026-02-23 13:40:28.806760 (1462135) main____ INFO    System resource limits info:
2026-02-23 13:40:28.806764 (1462135) main____ INFO      virtual memory: unlimited
2026-02-23 13:40:28.806769 (1462135) main____ INFO      cpu time      : unlimited
2026-02-23 13:40:28.806774 (1462135) main____ INFO      stack size    : unlimited
2026-02-23 13:40:28.806780 (1462135) main____ INFO      core file size: unlimited
2026-02-23 13:40:28.806787 (1462135) main____ INFO      open files    : 131072
2026-02-23 13:40:28.806792 (1462135) main____ INFO      file size     : unlimited
2026-02-23 13:40:28.806797 (1462135) main____ INFO    ----------------------------------------
2026-02-23 13:40:28.806802 (1462135) main____ INFO    Memory statistics:
2026-02-23 13:40:28.806808 (1462135) main____ INFO      total physical memory  : 1584164368 kB
2026-02-23 13:40:28.806813 (1462135) main____ INFO      free physical memory   : 702404244 kB
2026-02-23 13:40:28.806818 (1462135) main____ INFO      committed address space: 532323076 kB
2026-02-23 13:40:28.806823 (1462135) main____ INFO    ----------------------------------------
2026-02-23 13:40:28.807326 (1462135) main____ INFO    Important environment variables:
2026-02-23 13:40:28.807339 (1462135) main____ INFO      JASPER_HOME       : '/usr/licensed/cadence-20210126/jasper_2021.03'
2026-02-23 13:40:28.807347 (1462135) main____ INFO      JASPER_INSTALL_DIR: '/scratch/gpfs/LICENSED/x86_64/cadence-20210126/jasper_2021.03'
2026-02-23 13:40:28.807354 (1462135) main____ INFO      LANG              : 'en_US.UTF-8'
2026-02-23 13:40:28.807361 (1462135) main____ INFO      LM_LICENSE_FILE   : '5280@license.rc.princeton.edu'
2026-02-23 13:40:28.807367 (1462135) main____ INFO      TMPDIR            : '/tmp/ab2113/jg_5018806_12'
2026-02-23 13:40:28.807373 (1462135) main____ INFO    ----------------------------------------
2026-02-23 13:40:28.807814 (1462135) lic_core INFO    Initializing license system ...
2026-02-23 13:40:28.808343 (1462135) lic_core INFO    ... license system initialized.
2026-02-23 13:40:28.809060 (1462135) lic__man INFO    Claim 'fpv' for <ui>.
2026-02-23 13:40:28.809091 (1462135) lic_core INFO    (1) checking out 'jasper_fpv' ...
2026-02-23 13:40:28.814880 (1462135) lic_core INFO    ... (1) checkout failed (error: -5) ("FLEXnet ERROR(-5, 0, 0): No such feature exists.")
2026-02-23 13:40:28.814911 (1462135) lic_core INFO    (2) checking out 'jasper_fao' ...
2026-02-23 13:40:28.823990 (1462135) lic_core INFO    ... (2) checkout succeeded
2026-02-23 13:40:28.835442 (1462135) session_ INFO    Starting analysis session with session id 'session_0' (launcher: <local>) ...
2026-02-23 13:40:28.838544 (1462135) session_ INFO    Analysis session with session id 'session_0' started (pid: 1462145)
2026-02-23 13:40:29.477748 (1462135) session_ INFO    Analysis session 'session_0' connected to the console (host: 127.0.0.1:41032)
2026-02-23 13:40:30.273945 (1462135) lic__man INFO    Unclaim everything for 'session_0'.
2026-02-23 13:40:30.310170 (1462135) lic__man INFO    Claim 'fpv' for 'session_0'.
2026-02-23 13:40:30.310232 (1462135) lic__man INFO    Claim 'fpv' for 'session_0/prove-0'.
2026-02-23 13:40:30.514775 (1462135) lic__man INFO    Unclaim everything for 'session_0/prove-0'.
2026-02-23 13:40:30.569487 (1462135) main____ INFO    About to exit: request to exit with status 0 received from analysis session 'session_0'
2026-02-23 13:40:30.630624 (1462135) session_ INFO    Analysis session 'session_0' disconnected.
2026-02-23 13:40:30.630761 (1462135) lic__man INFO    Unclaim everything for 'session_0'.
2026-02-23 13:40:30.631474 (1462135) session_ INFO    Process for analysis session 'session_0' has exited with exit status '0'.
2026-02-23 13:40:32.587150 (1462135) lic_core INFO    (2) checkin jasper_fao
2026-02-23 13:40:32.588656 (1462135) main____ INFO    Exiting with status 0.
