2026-02-23 14:21:40.426635 (1394858) main____ INFO    ----------------------------------------
2026-02-23 14:21:40.426751 (1394858) main____ INFO    JasperGold version info
2026-02-23 14:21:40.426773 (1394858) main____ INFO      tool      : JasperGold 2021.03
2026-02-23 14:21:40.426784 (1394858) main____ INFO      version   : 2021.03 FCS 64 bits
2026-02-23 14:21:40.426790 (1394858) main____ INFO      build date: 2021.03.23 02:50:43 UTC
2026-02-23 14:21:40.426795 (1394858) main____ INFO    ----------------------------------------
2026-02-23 14:21:40.426799 (1394858) main____ INFO    Runtime info:
2026-02-23 14:21:40.426804 (1394858) main____ INFO      platform  : Linux 5.14.0-570.84.1.el9_6.x86_64 x86_64
2026-02-23 14:21:40.426811 (1394858) main____ INFO      hostname  : della-r3c3n3
2026-02-23 14:21:40.426816 (1394858) main____ INFO      pid       : 1394858
2026-02-23 14:21:40.426822 (1394858) main____ INFO      arguments : '-style' 'windows' '-batch' '-proj' './verification_results/02761/jgproject' '-tcl' './jasper_verif_check.tcl'
2026-02-23 14:21:40.426831 (1394858) main____ INFO      locale    : UTF-8
2026-02-23 14:21:40.426835 (1394858) main____ INFO    ----------------------------------------
2026-02-23 14:21:40.426840 (1394858) main____ INFO    System resource limits info:
2026-02-23 14:21:40.426845 (1394858) main____ INFO      virtual memory: unlimited
2026-02-23 14:21:40.426850 (1394858) main____ INFO      cpu time      : unlimited
2026-02-23 14:21:40.426855 (1394858) main____ INFO      stack size    : unlimited
2026-02-23 14:21:40.426860 (1394858) main____ INFO      core file size: unlimited
2026-02-23 14:21:40.426867 (1394858) main____ INFO      open files    : 131072
2026-02-23 14:21:40.426872 (1394858) main____ INFO      file size     : unlimited
2026-02-23 14:21:40.426876 (1394858) main____ INFO    ----------------------------------------
2026-02-23 14:21:40.426881 (1394858) main____ INFO    Memory statistics:
2026-02-23 14:21:40.426886 (1394858) main____ INFO      total physical memory  : 195972168 kB
2026-02-23 14:21:40.426890 (1394858) main____ INFO      free physical memory   : 112426608 kB
2026-02-23 14:21:40.426895 (1394858) main____ INFO      committed address space: 59071976 kB
2026-02-23 14:21:40.426900 (1394858) main____ INFO    ----------------------------------------
2026-02-23 14:21:40.427982 (1394858) main____ INFO    Important environment variables:
2026-02-23 14:21:40.428004 (1394858) main____ INFO      JASPER_HOME       : '/usr/licensed/cadence-20210126/jasper_2021.03'
2026-02-23 14:21:40.428011 (1394858) main____ INFO      JASPER_INSTALL_DIR: '/scratch/gpfs/LICENSED/x86_64/cadence-20210126/jasper_2021.03'
2026-02-23 14:21:40.428017 (1394858) main____ INFO      LANG              : 'en_US.UTF-8'
2026-02-23 14:21:40.428023 (1394858) main____ INFO      LM_LICENSE_FILE   : '5280@license.rc.princeton.edu'
2026-02-23 14:21:40.428028 (1394858) main____ INFO      TMPDIR            : '/tmp/ab2113/jg_5018947_47'
2026-02-23 14:21:40.428033 (1394858) main____ INFO    ----------------------------------------
2026-02-23 14:21:40.428996 (1394858) lic_core INFO    Initializing license system ...
2026-02-23 14:21:40.429950 (1394858) lic_core INFO    ... license system initialized.
2026-02-23 14:21:40.431007 (1394858) lic__man INFO    Claim 'fpv' for <ui>.
2026-02-23 14:21:40.431095 (1394858) lic_core INFO    (1) checking out 'jasper_fpv' ...
2026-02-23 14:21:40.437372 (1394858) lic_core INFO    ... (1) checkout failed (error: -5) ("FLEXnet ERROR(-5, 0, 0): No such feature exists.")
2026-02-23 14:21:40.437453 (1394858) lic_core INFO    (2) checking out 'jasper_fao' ...
2026-02-23 14:21:40.447991 (1394858) lic_core INFO    ... (2) checkout succeeded
2026-02-23 14:21:40.463597 (1394858) session_ INFO    Starting analysis session with session id 'session_0' (launcher: <local>) ...
2026-02-23 14:21:40.467365 (1394858) session_ INFO    Analysis session with session id 'session_0' started (pid: 1394866)
2026-02-23 14:21:41.251412 (1394858) session_ INFO    Analysis session 'session_0' connected to the console (host: 127.0.0.1:46914)
2026-02-23 14:21:41.849537 (1394858) main____ INFO    About to exit: request to exit with status 1 received from analysis session 'session_0'
2026-02-23 14:21:41.947189 (1394858) session_ INFO    Analysis session 'session_0' disconnected.
2026-02-23 14:21:41.947357 (1394858) lic__man INFO    Unclaim everything for 'session_0'.
2026-02-23 14:21:41.947947 (1394858) session_ INFO    Process for analysis session 'session_0' has exited with exit status '1'.
2026-02-23 14:21:43.956475 (1394858) lic_core INFO    (2) checkin jasper_fao
2026-02-23 14:21:43.958101 (1394858) main____ INFO    Exiting with status 1.
