2026-02-20 16:52:28.889762 (2499359) main____ INFO    ----------------------------------------
2026-02-20 16:52:28.889872 (2499359) main____ INFO    JasperGold version info
2026-02-20 16:52:28.889891 (2499359) main____ INFO      tool      : JasperGold 2021.03
2026-02-20 16:52:28.889901 (2499359) main____ INFO      version   : 2021.03 FCS 64 bits
2026-02-20 16:52:28.889906 (2499359) main____ INFO      build date: 2021.03.23 02:50:43 UTC
2026-02-20 16:52:28.889910 (2499359) main____ INFO    ----------------------------------------
2026-02-20 16:52:28.889914 (2499359) main____ INFO    Runtime info:
2026-02-20 16:52:28.889919 (2499359) main____ INFO      platform  : Linux 5.14.0-570.84.1.el9_6.x86_64 x86_64
2026-02-20 16:52:28.889925 (2499359) main____ INFO      hostname  : della-i13n22
2026-02-20 16:52:28.889929 (2499359) main____ INFO      pid       : 2499359
2026-02-20 16:52:28.889933 (2499359) main____ INFO      arguments : '-style' 'windows' '-batch' '-proj' 'verification_results/00109/jgproject' '-tcl' './jasper_verif_check.tcl'
2026-02-20 16:52:28.889941 (2499359) main____ INFO      locale    : UTF-8
2026-02-20 16:52:28.889945 (2499359) main____ INFO    ----------------------------------------
2026-02-20 16:52:28.889949 (2499359) main____ INFO    System resource limits info:
2026-02-20 16:52:28.889953 (2499359) main____ INFO      virtual memory: unlimited
2026-02-20 16:52:28.889956 (2499359) main____ INFO      cpu time      : unlimited
2026-02-20 16:52:28.889960 (2499359) main____ INFO      stack size    : unlimited
2026-02-20 16:52:28.889964 (2499359) main____ INFO      core file size: unlimited
2026-02-20 16:52:28.889971 (2499359) main____ INFO      open files    : 131072
2026-02-20 16:52:28.889975 (2499359) main____ INFO      file size     : unlimited
2026-02-20 16:52:28.889979 (2499359) main____ INFO    ----------------------------------------
2026-02-20 16:52:28.889982 (2499359) main____ INFO    Memory statistics:
2026-02-20 16:52:28.889986 (2499359) main____ INFO      total physical memory  : 394157548 kB
2026-02-20 16:52:28.889990 (2499359) main____ INFO      free physical memory   : 203636496 kB
2026-02-20 16:52:28.889994 (2499359) main____ INFO      committed address space: 155118496 kB
2026-02-20 16:52:28.889997 (2499359) main____ INFO    ----------------------------------------
2026-02-20 16:52:28.890874 (2499359) main____ INFO    Important environment variables:
2026-02-20 16:52:28.890895 (2499359) main____ INFO      JASPER_HOME       : '/usr/licensed/cadence-20210126/jasper_2021.03'
2026-02-20 16:52:28.890901 (2499359) main____ INFO      JASPER_INSTALL_DIR: '/scratch/gpfs/LICENSED/x86_64/cadence-20210126/jasper_2021.03'
2026-02-20 16:52:28.890906 (2499359) main____ INFO      LANG              : 'en_US.UTF-8'
2026-02-20 16:52:28.890911 (2499359) main____ INFO      LM_LICENSE_FILE   : '5280@license.rc.princeton.edu'
2026-02-20 16:52:28.890916 (2499359) main____ INFO      TMPDIR            : '/tmp'
2026-02-20 16:52:28.890920 (2499359) main____ INFO    ----------------------------------------
2026-02-20 16:52:28.891866 (2499359) lic_core INFO    Initializing license system ...
2026-02-20 16:52:28.892394 (2499359) lic_core INFO    ... license system initialized.
2026-02-20 16:52:28.893158 (2499359) lic__man INFO    Claim 'fpv' for <ui>.
2026-02-20 16:52:28.893198 (2499359) lic_core INFO    (1) checking out 'jasper_fpv' ...
2026-02-20 16:52:28.898936 (2499359) lic_core INFO    ... (1) checkout failed (error: -5) ("FLEXnet ERROR(-5, 0, 0): No such feature exists.")
2026-02-20 16:52:28.899001 (2499359) lic_core INFO    (2) checking out 'jasper_fao' ...
2026-02-20 16:52:28.908803 (2499359) lic_core INFO    ... (2) checkout succeeded
2026-02-20 16:52:28.923502 (2499359) session_ INFO    Starting analysis session with session id 'session_0' (launcher: <local>) ...
2026-02-20 16:52:28.926838 (2499359) session_ INFO    Analysis session with session id 'session_0' started (pid: 2499367)
2026-02-20 16:52:29.666465 (2499359) session_ INFO    Analysis session 'session_0' connected to the console (host: 127.0.0.1:39990)
2026-02-20 16:52:30.362531 (2499359) main____ INFO    About to exit: request to exit with status 1 received from analysis session 'session_0'
2026-02-20 16:52:30.475222 (2499359) session_ INFO    Analysis session 'session_0' disconnected.
2026-02-20 16:52:30.475399 (2499359) lic__man INFO    Unclaim everything for 'session_0'.
2026-02-20 16:52:30.476202 (2499359) session_ INFO    Process for analysis session 'session_0' has exited with exit status '1'.
2026-02-20 16:52:32.469302 (2499359) lic_core INFO    (2) checkin jasper_fao
2026-02-20 16:52:32.471016 (2499359) main____ INFO    Exiting with status 1.
