2026-02-23 13:39:10.468945 (1135057) main____ INFO    ----------------------------------------
2026-02-23 13:39:10.469050 (1135057) main____ INFO    JasperGold version info
2026-02-23 13:39:10.469069 (1135057) main____ INFO      tool      : JasperGold 2021.03
2026-02-23 13:39:10.469079 (1135057) main____ INFO      version   : 2021.03 FCS 64 bits
2026-02-23 13:39:10.469084 (1135057) main____ INFO      build date: 2021.03.23 02:50:43 UTC
2026-02-23 13:39:10.469088 (1135057) main____ INFO    ----------------------------------------
2026-02-23 13:39:10.469092 (1135057) main____ INFO    Runtime info:
2026-02-23 13:39:10.469096 (1135057) main____ INFO      platform  : Linux 5.14.0-570.84.1.el9_6.x86_64 x86_64
2026-02-23 13:39:10.469102 (1135057) main____ INFO      hostname  : della-i13n20
2026-02-23 13:39:10.469107 (1135057) main____ INFO      pid       : 1135057
2026-02-23 13:39:10.469111 (1135057) main____ INFO      arguments : '-style' 'windows' '-batch' '-proj' './verification_results/00474/jgproject' '-tcl' './jasper_verif_check.tcl'
2026-02-23 13:39:10.469119 (1135057) main____ INFO      locale    : UTF-8
2026-02-23 13:39:10.469123 (1135057) main____ INFO    ----------------------------------------
2026-02-23 13:39:10.469139 (1135057) main____ INFO    System resource limits info:
2026-02-23 13:39:10.469143 (1135057) main____ INFO      virtual memory: unlimited
2026-02-23 13:39:10.469147 (1135057) main____ INFO      cpu time      : unlimited
2026-02-23 13:39:10.469151 (1135057) main____ INFO      stack size    : unlimited
2026-02-23 13:39:10.469155 (1135057) main____ INFO      core file size: unlimited
2026-02-23 13:39:10.469162 (1135057) main____ INFO      open files    : 131072
2026-02-23 13:39:10.469167 (1135057) main____ INFO      file size     : unlimited
2026-02-23 13:39:10.469171 (1135057) main____ INFO    ----------------------------------------
2026-02-23 13:39:10.469174 (1135057) main____ INFO    Memory statistics:
2026-02-23 13:39:10.469179 (1135057) main____ INFO      total physical memory  : 394157552 kB
2026-02-23 13:39:10.469182 (1135057) main____ INFO      free physical memory   : 162536880 kB
2026-02-23 13:39:10.469186 (1135057) main____ INFO      committed address space: 146584808 kB
2026-02-23 13:39:10.469190 (1135057) main____ INFO    ----------------------------------------
2026-02-23 13:39:10.470098 (1135057) main____ INFO    Important environment variables:
2026-02-23 13:39:10.470121 (1135057) main____ INFO      JASPER_HOME       : '/usr/licensed/cadence-20210126/jasper_2021.03'
2026-02-23 13:39:10.470133 (1135057) main____ INFO      JASPER_INSTALL_DIR: '/scratch/gpfs/LICENSED/x86_64/cadence-20210126/jasper_2021.03'
2026-02-23 13:39:10.470139 (1135057) main____ INFO      LANG              : 'en_US.UTF-8'
2026-02-23 13:39:10.470144 (1135057) main____ INFO      LM_LICENSE_FILE   : '5280@license.rc.princeton.edu'
2026-02-23 13:39:10.470148 (1135057) main____ INFO      TMPDIR            : '/tmp/ab2113/jg_5018698_2'
2026-02-23 13:39:10.470152 (1135057) main____ INFO    ----------------------------------------
2026-02-23 13:39:10.470677 (1135057) lic_core INFO    Initializing license system ...
2026-02-23 13:39:10.471166 (1135057) lic_core INFO    ... license system initialized.
2026-02-23 13:39:10.471918 (1135057) lic__man INFO    Claim 'fpv' for <ui>.
2026-02-23 13:39:10.471961 (1135057) lic_core INFO    (1) checking out 'jasper_fpv' ...
2026-02-23 13:39:10.477766 (1135057) lic_core INFO    ... (1) checkout failed (error: -5) ("FLEXnet ERROR(-5, 0, 0): No such feature exists.")
2026-02-23 13:39:10.477827 (1135057) lic_core INFO    (2) checking out 'jasper_fao' ...
2026-02-23 13:39:10.488216 (1135057) lic_core INFO    ... (2) checkout succeeded
2026-02-23 13:39:10.501959 (1135057) session_ INFO    Starting analysis session with session id 'session_0' (launcher: <local>) ...
2026-02-23 13:39:10.505168 (1135057) session_ INFO    Analysis session with session id 'session_0' started (pid: 1135066)
2026-02-23 13:39:11.240478 (1135057) session_ INFO    Analysis session 'session_0' connected to the console (host: 127.0.0.1:54976)
2026-02-23 13:39:12.084283 (1135057) lic__man INFO    Unclaim everything for 'session_0'.
2026-02-23 13:39:12.130473 (1135057) lic__man INFO    Claim 'fpv' for 'session_0'.
2026-02-23 13:39:12.130528 (1135057) lic__man INFO    Claim 'fpv' for 'session_0/prove-0'.
2026-02-23 13:39:12.358958 (1135057) lic__man INFO    Unclaim everything for 'session_0/prove-0'.
2026-02-23 13:39:12.417246 (1135057) main____ INFO    About to exit: request to exit with status 0 received from analysis session 'session_0'
2026-02-23 13:39:12.521072 (1135057) session_ INFO    Analysis session 'session_0' disconnected.
2026-02-23 13:39:12.521217 (1135057) lic__man INFO    Unclaim everything for 'session_0'.
2026-02-23 13:39:12.521870 (1135057) session_ INFO    Process for analysis session 'session_0' has exited with exit status '0'.
2026-02-23 13:39:14.526372 (1135057) lic_core INFO    (2) checkin jasper_fao
2026-02-23 13:39:14.527774 (1135057) main____ INFO    Exiting with status 0.
