2026-02-23 12:57:12.354857 (101988) main____ INFO    ----------------------------------------
2026-02-23 12:57:12.354953 (101988) main____ INFO    JasperGold version info
2026-02-23 12:57:12.354970 (101988) main____ INFO      tool      : JasperGold 2021.03
2026-02-23 12:57:12.354977 (101988) main____ INFO      version   : 2021.03 FCS 64 bits
2026-02-23 12:57:12.354982 (101988) main____ INFO      build date: 2021.03.23 02:50:43 UTC
2026-02-23 12:57:12.354986 (101988) main____ INFO    ----------------------------------------
2026-02-23 12:57:12.354990 (101988) main____ INFO    Runtime info:
2026-02-23 12:57:12.354995 (101988) main____ INFO      platform  : Linux 5.14.0-570.84.1.el9_6.x86_64 x86_64
2026-02-23 12:57:12.355000 (101988) main____ INFO      hostname  : della-i13n16
2026-02-23 12:57:12.355005 (101988) main____ INFO      pid       : 101988
2026-02-23 12:57:12.355009 (101988) main____ INFO      arguments : '-style' 'windows' '-batch' '-proj' './verification_results/00307/jgproject' '-tcl' './jasper_verif_check.tcl'
2026-02-23 12:57:12.355016 (101988) main____ INFO      locale    : UTF-8
2026-02-23 12:57:12.355020 (101988) main____ INFO    ----------------------------------------
2026-02-23 12:57:12.355024 (101988) main____ INFO    System resource limits info:
2026-02-23 12:57:12.355028 (101988) main____ INFO      virtual memory: unlimited
2026-02-23 12:57:12.355032 (101988) main____ INFO      cpu time      : unlimited
2026-02-23 12:57:12.355036 (101988) main____ INFO      stack size    : unlimited
2026-02-23 12:57:12.355040 (101988) main____ INFO      core file size: unlimited
2026-02-23 12:57:12.355046 (101988) main____ INFO      open files    : 131072
2026-02-23 12:57:12.355050 (101988) main____ INFO      file size     : unlimited
2026-02-23 12:57:12.355054 (101988) main____ INFO    ----------------------------------------
2026-02-23 12:57:12.355058 (101988) main____ INFO    Memory statistics:
2026-02-23 12:57:12.355063 (101988) main____ INFO      total physical memory  : 394157548 kB
2026-02-23 12:57:12.355067 (101988) main____ INFO      free physical memory   : 137654088 kB
2026-02-23 12:57:12.355071 (101988) main____ INFO      committed address space: 189292556 kB
2026-02-23 12:57:12.355075 (101988) main____ INFO    ----------------------------------------
2026-02-23 12:57:12.355957 (101988) main____ INFO    Important environment variables:
2026-02-23 12:57:12.355972 (101988) main____ INFO      JASPER_HOME       : '/usr/licensed/cadence-20210126/jasper_2021.03'
2026-02-23 12:57:12.355977 (101988) main____ INFO      JASPER_INSTALL_DIR: '/scratch/gpfs/LICENSED/x86_64/cadence-20210126/jasper_2021.03'
2026-02-23 12:57:12.355983 (101988) main____ INFO      LANG              : 'en_US.UTF-8'
2026-02-23 12:57:12.355987 (101988) main____ INFO      LM_LICENSE_FILE   : '5280@license.rc.princeton.edu'
2026-02-23 12:57:12.355992 (101988) main____ INFO      TMPDIR            : '/tmp/ab2113/jg_5017541_140'
2026-02-23 12:57:12.355997 (101988) main____ INFO    ----------------------------------------
2026-02-23 12:57:12.356862 (101988) lic_core INFO    Initializing license system ...
2026-02-23 12:57:12.357770 (101988) lic_core INFO    ... license system initialized.
2026-02-23 12:57:12.358536 (101988) lic__man INFO    Claim 'fpv' for <ui>.
2026-02-23 12:57:12.358576 (101988) lic_core INFO    (1) checking out 'jasper_fpv' ...
2026-02-23 12:57:12.364615 (101988) lic_core INFO    ... (1) checkout failed (error: -5) ("FLEXnet ERROR(-5, 0, 0): No such feature exists.")
2026-02-23 12:57:12.364660 (101988) lic_core INFO    (2) checking out 'jasper_fao' ...
2026-02-23 12:57:12.375215 (101988) lic_core INFO    ... (2) checkout succeeded
2026-02-23 12:57:12.389076 (101988) session_ INFO    Starting analysis session with session id 'session_0' (launcher: <local>) ...
2026-02-23 12:57:12.392009 (101988) session_ INFO    Analysis session with session id 'session_0' started (pid: 101996)
2026-02-23 12:57:13.127930 (101988) session_ INFO    Analysis session 'session_0' connected to the console (host: 127.0.0.1:48746)
2026-02-23 12:57:13.776352 (101988) main____ INFO    About to exit: request to exit with status 1 received from analysis session 'session_0'
2026-02-23 12:57:13.859223 (101988) session_ INFO    Analysis session 'session_0' disconnected.
2026-02-23 12:57:13.859371 (101988) lic__man INFO    Unclaim everything for 'session_0'.
2026-02-23 12:57:13.859510 (101988) session_ INFO    Process for analysis session 'session_0' has exited with exit status '1'.
2026-02-23 12:57:15.682111 (101988) lic_core INFO    (2) checkin jasper_fao
2026-02-23 12:57:15.684200 (101988) main____ INFO    Exiting with status 1.
