2026-02-23 14:01:24.357303 (537865) main____ INFO    ----------------------------------------
2026-02-23 14:01:24.357379 (537865) main____ INFO    JasperGold version info
2026-02-23 14:01:24.357394 (537865) main____ INFO      tool      : JasperGold 2021.03
2026-02-23 14:01:24.357402 (537865) main____ INFO      version   : 2021.03 FCS 64 bits
2026-02-23 14:01:24.357407 (537865) main____ INFO      build date: 2021.03.23 02:50:43 UTC
2026-02-23 14:01:24.357411 (537865) main____ INFO    ----------------------------------------
2026-02-23 14:01:24.357415 (537865) main____ INFO    Runtime info:
2026-02-23 14:01:24.357420 (537865) main____ INFO      platform  : Linux 5.14.0-570.84.1.el9_6.x86_64 x86_64
2026-02-23 14:01:24.357425 (537865) main____ INFO      hostname  : della-r3c2n9
2026-02-23 14:01:24.357430 (537865) main____ INFO      pid       : 537865
2026-02-23 14:01:24.357434 (537865) main____ INFO      arguments : '-style' 'windows' '-batch' '-proj' './verification_results/04801/jgproject' '-tcl' './jasper_verif_check.tcl'
2026-02-23 14:01:24.357441 (537865) main____ INFO      locale    : UTF-8
2026-02-23 14:01:24.357446 (537865) main____ INFO    ----------------------------------------
2026-02-23 14:01:24.357449 (537865) main____ INFO    System resource limits info:
2026-02-23 14:01:24.357454 (537865) main____ INFO      virtual memory: unlimited
2026-02-23 14:01:24.357458 (537865) main____ INFO      cpu time      : unlimited
2026-02-23 14:01:24.357462 (537865) main____ INFO      stack size    : unlimited
2026-02-23 14:01:24.357466 (537865) main____ INFO      core file size: unlimited
2026-02-23 14:01:24.357473 (537865) main____ INFO      open files    : 131072
2026-02-23 14:01:24.357477 (537865) main____ INFO      file size     : unlimited
2026-02-23 14:01:24.357481 (537865) main____ INFO    ----------------------------------------
2026-02-23 14:01:24.357485 (537865) main____ INFO    Memory statistics:
2026-02-23 14:01:24.357489 (537865) main____ INFO      total physical memory  : 195972072 kB
2026-02-23 14:01:24.357493 (537865) main____ INFO      free physical memory   : 67214268 kB
2026-02-23 14:01:24.357497 (537865) main____ INFO      committed address space: 64581964 kB
2026-02-23 14:01:24.357501 (537865) main____ INFO    ----------------------------------------
2026-02-23 14:01:24.358457 (537865) main____ INFO    Important environment variables:
2026-02-23 14:01:24.358474 (537865) main____ INFO      JASPER_HOME       : '/usr/licensed/cadence-20210126/jasper_2021.03'
2026-02-23 14:01:24.358480 (537865) main____ INFO      JASPER_INSTALL_DIR: '/scratch/gpfs/LICENSED/x86_64/cadence-20210126/jasper_2021.03'
2026-02-23 14:01:24.358485 (537865) main____ INFO      LANG              : 'en_US.UTF-8'
2026-02-23 14:01:24.358490 (537865) main____ INFO      LM_LICENSE_FILE   : '5280@license.rc.princeton.edu'
2026-02-23 14:01:24.358495 (537865) main____ INFO      TMPDIR            : '/tmp/ab2113/jg_5018694_88'
2026-02-23 14:01:24.358499 (537865) main____ INFO    ----------------------------------------
2026-02-23 14:01:24.359279 (537865) lic_core INFO    Initializing license system ...
2026-02-23 14:01:24.360060 (537865) lic_core INFO    ... license system initialized.
2026-02-23 14:01:24.360780 (537865) lic__man INFO    Claim 'fpv' for <ui>.
2026-02-23 14:01:24.360817 (537865) lic_core INFO    (1) checking out 'jasper_fpv' ...
2026-02-23 14:01:24.366286 (537865) lic_core INFO    ... (1) checkout failed (error: -5) ("FLEXnet ERROR(-5, 0, 0): No such feature exists.")
2026-02-23 14:01:24.366325 (537865) lic_core INFO    (2) checking out 'jasper_fao' ...
2026-02-23 14:01:24.376580 (537865) lic_core INFO    ... (2) checkout succeeded
2026-02-23 14:01:24.390789 (537865) session_ INFO    Starting analysis session with session id 'session_0' (launcher: <local>) ...
2026-02-23 14:01:24.393577 (537865) session_ INFO    Analysis session with session id 'session_0' started (pid: 537873)
2026-02-23 14:01:25.058268 (537865) session_ INFO    Analysis session 'session_0' connected to the console (host: 127.0.0.1:43574)
2026-02-23 14:01:25.540935 (537865) main____ INFO    About to exit: request to exit with status 1 received from analysis session 'session_0'
2026-02-23 14:01:25.610343 (537865) session_ INFO    Analysis session 'session_0' disconnected.
2026-02-23 14:01:25.610456 (537865) lic__man INFO    Unclaim everything for 'session_0'.
2026-02-23 14:01:25.610864 (537865) session_ INFO    Process for analysis session 'session_0' has exited with exit status '1'.
2026-02-23 14:01:27.622181 (537865) lic_core INFO    (2) checkin jasper_fao
2026-02-23 14:01:27.623673 (537865) main____ INFO    Exiting with status 1.
