2026-02-23 11:59:56.324160 (2329465) main____ INFO    ----------------------------------------
2026-02-23 11:59:56.324243 (2329465) main____ INFO    JasperGold version info
2026-02-23 11:59:56.324269 (2329465) main____ INFO      tool      : JasperGold 2021.03
2026-02-23 11:59:56.324278 (2329465) main____ INFO      version   : 2021.03 FCS 64 bits
2026-02-23 11:59:56.324285 (2329465) main____ INFO      build date: 2021.03.23 02:50:43 UTC
2026-02-23 11:59:56.324291 (2329465) main____ INFO    ----------------------------------------
2026-02-23 11:59:56.324296 (2329465) main____ INFO    Runtime info:
2026-02-23 11:59:56.324301 (2329465) main____ INFO      platform  : Linux 5.14.0-570.84.1.el9_6.x86_64 x86_64
2026-02-23 11:59:56.324308 (2329465) main____ INFO      hostname  : della-h14n8
2026-02-23 11:59:56.324313 (2329465) main____ INFO      pid       : 2329465
2026-02-23 11:59:56.324319 (2329465) main____ INFO      arguments : '-style' 'windows' '-batch' '-proj' './verification_results/00059/jgproject' '-tcl' './jasper_verif_check.tcl'
2026-02-23 11:59:56.324327 (2329465) main____ INFO      locale    : UTF-8
2026-02-23 11:59:56.324334 (2329465) main____ INFO    ----------------------------------------
2026-02-23 11:59:56.324340 (2329465) main____ INFO    System resource limits info:
2026-02-23 11:59:56.324345 (2329465) main____ INFO      virtual memory: unlimited
2026-02-23 11:59:56.324350 (2329465) main____ INFO      cpu time      : unlimited
2026-02-23 11:59:56.324356 (2329465) main____ INFO      stack size    : unlimited
2026-02-23 11:59:56.324361 (2329465) main____ INFO      core file size: unlimited
2026-02-23 11:59:56.324369 (2329465) main____ INFO      open files    : 131072
2026-02-23 11:59:56.324375 (2329465) main____ INFO      file size     : unlimited
2026-02-23 11:59:56.324381 (2329465) main____ INFO    ----------------------------------------
2026-02-23 11:59:56.324386 (2329465) main____ INFO    Memory statistics:
2026-02-23 11:59:56.324391 (2329465) main____ INFO      total physical memory  : 1584164340 kB
2026-02-23 11:59:56.324396 (2329465) main____ INFO      free physical memory   : 803036884 kB
2026-02-23 11:59:56.324402 (2329465) main____ INFO      committed address space: 535812156 kB
2026-02-23 11:59:56.324407 (2329465) main____ INFO    ----------------------------------------
2026-02-23 11:59:56.324970 (2329465) main____ INFO    Important environment variables:
2026-02-23 11:59:56.324986 (2329465) main____ INFO      JASPER_HOME       : '/usr/licensed/cadence-20210126/jasper_2021.03'
2026-02-23 11:59:56.324992 (2329465) main____ INFO      JASPER_INSTALL_DIR: '/scratch/gpfs/LICENSED/x86_64/cadence-20210126/jasper_2021.03'
2026-02-23 11:59:56.324998 (2329465) main____ INFO      LANG              : 'en_US.UTF-8'
2026-02-23 11:59:56.325004 (2329465) main____ INFO      LM_LICENSE_FILE   : '5280@license.rc.princeton.edu'
2026-02-23 11:59:56.325009 (2329465) main____ INFO      TMPDIR            : '/tmp/ab2113/jg_5015788_60'
2026-02-23 11:59:56.325015 (2329465) main____ INFO    ----------------------------------------
2026-02-23 11:59:56.325585 (2329465) lic_core INFO    Initializing license system ...
2026-02-23 11:59:56.326199 (2329465) lic_core INFO    ... license system initialized.
2026-02-23 11:59:56.327049 (2329465) lic__man INFO    Claim 'fpv' for <ui>.
2026-02-23 11:59:56.327088 (2329465) lic_core INFO    (1) checking out 'jasper_fpv' ...
2026-02-23 11:59:56.333463 (2329465) lic_core INFO    ... (1) checkout failed (error: -5) ("FLEXnet ERROR(-5, 0, 0): No such feature exists.")
2026-02-23 11:59:56.333492 (2329465) lic_core INFO    (2) checking out 'jasper_fao' ...
2026-02-23 11:59:56.342364 (2329465) lic_core INFO    ... (2) checkout succeeded
2026-02-23 11:59:56.354508 (2329465) session_ INFO    Starting analysis session with session id 'session_0' (launcher: <local>) ...
2026-02-23 11:59:56.357963 (2329465) session_ INFO    Analysis session with session id 'session_0' started (pid: 2329473)
2026-02-23 11:59:57.069750 (2329465) session_ INFO    Analysis session 'session_0' connected to the console (host: 127.0.0.1:35272)
2026-02-23 11:59:57.649843 (2329465) main____ INFO    About to exit: request to exit with status 1 received from analysis session 'session_0'
2026-02-23 11:59:57.707708 (2329465) session_ INFO    Analysis session 'session_0' disconnected.
2026-02-23 11:59:57.707878 (2329465) lic__man INFO    Unclaim everything for 'session_0'.
2026-02-23 11:59:57.709241 (2329465) session_ INFO    Process for analysis session 'session_0' has exited with exit status '1'.
2026-02-23 11:59:59.577689 (2329465) lic_core INFO    (2) checkin jasper_fao
2026-02-23 11:59:59.579241 (2329465) main____ INFO    Exiting with status 1.
