2026-02-23 13:48:53.885397 (4151710) main____ INFO    ----------------------------------------
2026-02-23 13:48:53.885484 (4151710) main____ INFO    JasperGold version info
2026-02-23 13:48:53.885501 (4151710) main____ INFO      tool      : JasperGold 2021.03
2026-02-23 13:48:53.885510 (4151710) main____ INFO      version   : 2021.03 FCS 64 bits
2026-02-23 13:48:53.885515 (4151710) main____ INFO      build date: 2021.03.23 02:50:43 UTC
2026-02-23 13:48:53.885519 (4151710) main____ INFO    ----------------------------------------
2026-02-23 13:48:53.885523 (4151710) main____ INFO    Runtime info:
2026-02-23 13:48:53.885528 (4151710) main____ INFO      platform  : Linux 5.14.0-570.84.1.el9_6.x86_64 x86_64
2026-02-23 13:48:53.885533 (4151710) main____ INFO      hostname  : della-r3c2n12
2026-02-23 13:48:53.885538 (4151710) main____ INFO      pid       : 4151710
2026-02-23 13:48:53.885542 (4151710) main____ INFO      arguments : '-style' 'windows' '-batch' '-proj' './verification_results/02696/jgproject' '-tcl' './jasper_verif_check.tcl'
2026-02-23 13:48:53.885550 (4151710) main____ INFO      locale    : UTF-8
2026-02-23 13:48:53.885554 (4151710) main____ INFO    ----------------------------------------
2026-02-23 13:48:53.885558 (4151710) main____ INFO    System resource limits info:
2026-02-23 13:48:53.885563 (4151710) main____ INFO      virtual memory: unlimited
2026-02-23 13:48:53.885567 (4151710) main____ INFO      cpu time      : unlimited
2026-02-23 13:48:53.885572 (4151710) main____ INFO      stack size    : unlimited
2026-02-23 13:48:53.885576 (4151710) main____ INFO      core file size: unlimited
2026-02-23 13:48:53.885583 (4151710) main____ INFO      open files    : 131072
2026-02-23 13:48:53.885589 (4151710) main____ INFO      file size     : unlimited
2026-02-23 13:48:53.885594 (4151710) main____ INFO    ----------------------------------------
2026-02-23 13:48:53.885597 (4151710) main____ INFO    Memory statistics:
2026-02-23 13:48:53.885602 (4151710) main____ INFO      total physical memory  : 195972072 kB
2026-02-23 13:48:53.885606 (4151710) main____ INFO      free physical memory   : 127858056 kB
2026-02-23 13:48:53.885610 (4151710) main____ INFO      committed address space: 44664976 kB
2026-02-23 13:48:53.885614 (4151710) main____ INFO    ----------------------------------------
2026-02-23 13:48:53.886586 (4151710) main____ INFO    Important environment variables:
2026-02-23 13:48:53.886606 (4151710) main____ INFO      JASPER_HOME       : '/usr/licensed/cadence-20210126/jasper_2021.03'
2026-02-23 13:48:53.886613 (4151710) main____ INFO      JASPER_INSTALL_DIR: '/scratch/gpfs/LICENSED/x86_64/cadence-20210126/jasper_2021.03'
2026-02-23 13:48:53.886619 (4151710) main____ INFO      LANG              : 'en_US.UTF-8'
2026-02-23 13:48:53.886625 (4151710) main____ INFO      LM_LICENSE_FILE   : '5280@license.rc.princeton.edu'
2026-02-23 13:48:53.886630 (4151710) main____ INFO      TMPDIR            : '/tmp/ab2113/jg_5018946_46'
2026-02-23 13:48:53.886634 (4151710) main____ INFO    ----------------------------------------
2026-02-23 13:48:53.887465 (4151710) lic_core INFO    Initializing license system ...
2026-02-23 13:48:53.888288 (4151710) lic_core INFO    ... license system initialized.
2026-02-23 13:48:53.889038 (4151710) lic__man INFO    Claim 'fpv' for <ui>.
2026-02-23 13:48:53.889081 (4151710) lic_core INFO    (1) checking out 'jasper_fpv' ...
2026-02-23 13:48:53.895065 (4151710) lic_core INFO    ... (1) checkout failed (error: -5) ("FLEXnet ERROR(-5, 0, 0): No such feature exists.")
2026-02-23 13:48:53.895120 (4151710) lic_core INFO    (2) checking out 'jasper_fao' ...
2026-02-23 13:48:53.905335 (4151710) lic_core INFO    ... (2) checkout succeeded
2026-02-23 13:48:53.920039 (4151710) session_ INFO    Starting analysis session with session id 'session_0' (launcher: <local>) ...
2026-02-23 13:48:53.922839 (4151710) session_ INFO    Analysis session with session id 'session_0' started (pid: 4151718)
2026-02-23 13:48:54.643009 (4151710) session_ INFO    Analysis session 'session_0' connected to the console (host: 127.0.0.1:42668)
2026-02-23 13:48:55.501808 (4151710) lic__man INFO    Unclaim everything for 'session_0'.
2026-02-23 13:48:55.570684 (4151710) lic__man INFO    Claim 'fpv' for 'session_0'.
2026-02-23 13:48:55.570736 (4151710) lic__man INFO    Claim 'fpv' for 'session_0/prove-0'.
2026-02-23 13:48:55.739641 (4151710) lic__man INFO    Unclaim everything for 'session_0/prove-0'.
2026-02-23 13:48:55.797074 (4151710) main____ INFO    About to exit: request to exit with status 0 received from analysis session 'session_0'
2026-02-23 13:48:55.879849 (4151710) session_ INFO    Analysis session 'session_0' disconnected.
2026-02-23 13:48:55.880005 (4151710) lic__man INFO    Unclaim everything for 'session_0'.
2026-02-23 13:48:55.880548 (4151710) session_ INFO    Process for analysis session 'session_0' has exited with exit status '0'.
2026-02-23 13:48:57.704846 (4151710) lic_core INFO    (2) checkin jasper_fao
2026-02-23 13:48:57.706519 (4151710) main____ INFO    Exiting with status 0.
