2026-02-20 16:50:08.818570 (2495224) main____ INFO    ----------------------------------------
2026-02-20 16:50:08.818689 (2495224) main____ INFO    JasperGold version info
2026-02-20 16:50:08.818710 (2495224) main____ INFO      tool      : JasperGold 2021.03
2026-02-20 16:50:08.818720 (2495224) main____ INFO      version   : 2021.03 FCS 64 bits
2026-02-20 16:50:08.818725 (2495224) main____ INFO      build date: 2021.03.23 02:50:43 UTC
2026-02-20 16:50:08.818729 (2495224) main____ INFO    ----------------------------------------
2026-02-20 16:50:08.818733 (2495224) main____ INFO    Runtime info:
2026-02-20 16:50:08.818739 (2495224) main____ INFO      platform  : Linux 5.14.0-570.84.1.el9_6.x86_64 x86_64
2026-02-20 16:50:08.818745 (2495224) main____ INFO      hostname  : della-i13n22
2026-02-20 16:50:08.818750 (2495224) main____ INFO      pid       : 2495224
2026-02-20 16:50:08.818754 (2495224) main____ INFO      arguments : '-style' 'windows' '-batch' '-proj' 'verification_results/00076/jgproject' '-tcl' './jasper_verif_check.tcl'
2026-02-20 16:50:08.818762 (2495224) main____ INFO      locale    : UTF-8
2026-02-20 16:50:08.818767 (2495224) main____ INFO    ----------------------------------------
2026-02-20 16:50:08.818770 (2495224) main____ INFO    System resource limits info:
2026-02-20 16:50:08.818775 (2495224) main____ INFO      virtual memory: unlimited
2026-02-20 16:50:08.818779 (2495224) main____ INFO      cpu time      : unlimited
2026-02-20 16:50:08.818783 (2495224) main____ INFO      stack size    : unlimited
2026-02-20 16:50:08.818788 (2495224) main____ INFO      core file size: unlimited
2026-02-20 16:50:08.818795 (2495224) main____ INFO      open files    : 131072
2026-02-20 16:50:08.818799 (2495224) main____ INFO      file size     : unlimited
2026-02-20 16:50:08.818803 (2495224) main____ INFO    ----------------------------------------
2026-02-20 16:50:08.818807 (2495224) main____ INFO    Memory statistics:
2026-02-20 16:50:08.818811 (2495224) main____ INFO      total physical memory  : 394157548 kB
2026-02-20 16:50:08.818815 (2495224) main____ INFO      free physical memory   : 208496592 kB
2026-02-20 16:50:08.818818 (2495224) main____ INFO      committed address space: 149821140 kB
2026-02-20 16:50:08.818822 (2495224) main____ INFO    ----------------------------------------
2026-02-20 16:50:08.819700 (2495224) main____ INFO    Important environment variables:
2026-02-20 16:50:08.819720 (2495224) main____ INFO      JASPER_HOME       : '/usr/licensed/cadence-20210126/jasper_2021.03'
2026-02-20 16:50:08.819726 (2495224) main____ INFO      JASPER_INSTALL_DIR: '/scratch/gpfs/LICENSED/x86_64/cadence-20210126/jasper_2021.03'
2026-02-20 16:50:08.819731 (2495224) main____ INFO      LANG              : 'en_US.UTF-8'
2026-02-20 16:50:08.819737 (2495224) main____ INFO      LM_LICENSE_FILE   : '5280@license.rc.princeton.edu'
2026-02-20 16:50:08.819741 (2495224) main____ INFO      TMPDIR            : '/tmp'
2026-02-20 16:50:08.819746 (2495224) main____ INFO    ----------------------------------------
2026-02-20 16:50:08.820712 (2495224) lic_core INFO    Initializing license system ...
2026-02-20 16:50:08.821646 (2495224) lic_core INFO    ... license system initialized.
2026-02-20 16:50:08.822489 (2495224) lic__man INFO    Claim 'fpv' for <ui>.
2026-02-20 16:50:08.822532 (2495224) lic_core INFO    (1) checking out 'jasper_fpv' ...
2026-02-20 16:50:08.828473 (2495224) lic_core INFO    ... (1) checkout failed (error: -5) ("FLEXnet ERROR(-5, 0, 0): No such feature exists.")
2026-02-20 16:50:08.828542 (2495224) lic_core INFO    (2) checking out 'jasper_fao' ...
2026-02-20 16:50:08.838803 (2495224) lic_core INFO    ... (2) checkout succeeded
2026-02-20 16:50:08.853457 (2495224) session_ INFO    Starting analysis session with session id 'session_0' (launcher: <local>) ...
2026-02-20 16:50:08.856799 (2495224) session_ INFO    Analysis session with session id 'session_0' started (pid: 2495232)
2026-02-20 16:50:09.574094 (2495224) session_ INFO    Analysis session 'session_0' connected to the console (host: 127.0.0.1:44628)
2026-02-20 16:50:10.142482 (2495224) main____ INFO    About to exit: request to exit with status 1 received from analysis session 'session_0'
2026-02-20 16:50:10.229441 (2495224) session_ INFO    Analysis session 'session_0' disconnected.
2026-02-20 16:50:10.229575 (2495224) lic__man INFO    Unclaim everything for 'session_0'.
2026-02-20 16:50:10.230179 (2495224) session_ INFO    Process for analysis session 'session_0' has exited with exit status '1'.
2026-02-20 16:50:12.046703 (2495224) lic_core INFO    (2) checkin jasper_fao
2026-02-20 16:50:12.048182 (2495224) main____ INFO    Exiting with status 1.
