2026-02-23 13:40:24.786665 (1136936) main____ INFO    ----------------------------------------
2026-02-23 13:40:24.786775 (1136936) main____ INFO    JasperGold version info
2026-02-23 13:40:24.786796 (1136936) main____ INFO      tool      : JasperGold 2021.03
2026-02-23 13:40:24.786806 (1136936) main____ INFO      version   : 2021.03 FCS 64 bits
2026-02-23 13:40:24.786811 (1136936) main____ INFO      build date: 2021.03.23 02:50:43 UTC
2026-02-23 13:40:24.786815 (1136936) main____ INFO    ----------------------------------------
2026-02-23 13:40:24.786819 (1136936) main____ INFO    Runtime info:
2026-02-23 13:40:24.786824 (1136936) main____ INFO      platform  : Linux 5.14.0-570.84.1.el9_6.x86_64 x86_64
2026-02-23 13:40:24.786831 (1136936) main____ INFO      hostname  : della-i13n20
2026-02-23 13:40:24.786836 (1136936) main____ INFO      pid       : 1136936
2026-02-23 13:40:24.786840 (1136936) main____ INFO      arguments : '-style' 'windows' '-batch' '-proj' './verification_results/01417/jgproject' '-tcl' './jasper_verif_check.tcl'
2026-02-23 13:40:24.786851 (1136936) main____ INFO      locale    : UTF-8
2026-02-23 13:40:24.786855 (1136936) main____ INFO    ----------------------------------------
2026-02-23 13:40:24.786860 (1136936) main____ INFO    System resource limits info:
2026-02-23 13:40:24.786864 (1136936) main____ INFO      virtual memory: unlimited
2026-02-23 13:40:24.786869 (1136936) main____ INFO      cpu time      : unlimited
2026-02-23 13:40:24.786874 (1136936) main____ INFO      stack size    : unlimited
2026-02-23 13:40:24.786878 (1136936) main____ INFO      core file size: unlimited
2026-02-23 13:40:24.786886 (1136936) main____ INFO      open files    : 131072
2026-02-23 13:40:24.786891 (1136936) main____ INFO      file size     : unlimited
2026-02-23 13:40:24.786895 (1136936) main____ INFO    ----------------------------------------
2026-02-23 13:40:24.786899 (1136936) main____ INFO    Memory statistics:
2026-02-23 13:40:24.786904 (1136936) main____ INFO      total physical memory  : 394157552 kB
2026-02-23 13:40:24.786908 (1136936) main____ INFO      free physical memory   : 168900888 kB
2026-02-23 13:40:24.786912 (1136936) main____ INFO      committed address space: 144606096 kB
2026-02-23 13:40:24.786916 (1136936) main____ INFO    ----------------------------------------
2026-02-23 13:40:24.787865 (1136936) main____ INFO    Important environment variables:
2026-02-23 13:40:24.787884 (1136936) main____ INFO      JASPER_HOME       : '/usr/licensed/cadence-20210126/jasper_2021.03'
2026-02-23 13:40:24.787890 (1136936) main____ INFO      JASPER_INSTALL_DIR: '/scratch/gpfs/LICENSED/x86_64/cadence-20210126/jasper_2021.03'
2026-02-23 13:40:24.787895 (1136936) main____ INFO      LANG              : 'en_US.UTF-8'
2026-02-23 13:40:24.787900 (1136936) main____ INFO      LM_LICENSE_FILE   : '5280@license.rc.princeton.edu'
2026-02-23 13:40:24.787905 (1136936) main____ INFO      TMPDIR            : '/tmp/ab2113/jg_5018835_21'
2026-02-23 13:40:24.787909 (1136936) main____ INFO    ----------------------------------------
2026-02-23 13:40:24.788474 (1136936) lic_core INFO    Initializing license system ...
2026-02-23 13:40:24.788994 (1136936) lic_core INFO    ... license system initialized.
2026-02-23 13:40:24.789820 (1136936) lic__man INFO    Claim 'fpv' for <ui>.
2026-02-23 13:40:24.789867 (1136936) lic_core INFO    (1) checking out 'jasper_fpv' ...
2026-02-23 13:40:24.795983 (1136936) lic_core INFO    ... (1) checkout failed (error: -5) ("FLEXnet ERROR(-5, 0, 0): No such feature exists.")
2026-02-23 13:40:24.796040 (1136936) lic_core INFO    (2) checking out 'jasper_fao' ...
2026-02-23 13:40:24.806596 (1136936) lic_core INFO    ... (2) checkout succeeded
2026-02-23 13:40:24.820795 (1136936) session_ INFO    Starting analysis session with session id 'session_0' (launcher: <local>) ...
2026-02-23 13:40:24.824171 (1136936) session_ INFO    Analysis session with session id 'session_0' started (pid: 1136944)
2026-02-23 13:40:25.535321 (1136936) session_ INFO    Analysis session 'session_0' connected to the console (host: 127.0.0.1:34192)
2026-02-23 13:40:26.108239 (1136936) main____ INFO    About to exit: request to exit with status 1 received from analysis session 'session_0'
2026-02-23 13:40:26.192071 (1136936) session_ INFO    Analysis session 'session_0' disconnected.
2026-02-23 13:40:26.192213 (1136936) lic__man INFO    Unclaim everything for 'session_0'.
2026-02-23 13:40:26.192795 (1136936) session_ INFO    Process for analysis session 'session_0' has exited with exit status '1'.
2026-02-23 13:40:28.047863 (1136936) lic_core INFO    (2) checkin jasper_fao
2026-02-23 13:40:28.049549 (1136936) main____ INFO    Exiting with status 1.
