2026-02-23 13:59:26.848658 (1501011) main____ INFO    ----------------------------------------
2026-02-23 13:59:26.848752 (1501011) main____ INFO    JasperGold version info
2026-02-23 13:59:26.848771 (1501011) main____ INFO      tool      : JasperGold 2021.03
2026-02-23 13:59:26.848781 (1501011) main____ INFO      version   : 2021.03 FCS 64 bits
2026-02-23 13:59:26.848788 (1501011) main____ INFO      build date: 2021.03.23 02:50:43 UTC
2026-02-23 13:59:26.848794 (1501011) main____ INFO    ----------------------------------------
2026-02-23 13:59:26.848799 (1501011) main____ INFO    Runtime info:
2026-02-23 13:59:26.848804 (1501011) main____ INFO      platform  : Linux 5.14.0-570.84.1.el9_6.x86_64 x86_64
2026-02-23 13:59:26.848811 (1501011) main____ INFO      hostname  : della-h14n5
2026-02-23 13:59:26.848817 (1501011) main____ INFO      pid       : 1501011
2026-02-23 13:59:26.848822 (1501011) main____ INFO      arguments : '-style' 'windows' '-batch' '-proj' './verification_results/03278/jgproject' '-tcl' './jasper_verif_check.tcl'
2026-02-23 13:59:26.848831 (1501011) main____ INFO      locale    : UTF-8
2026-02-23 13:59:26.848837 (1501011) main____ INFO    ----------------------------------------
2026-02-23 13:59:26.848843 (1501011) main____ INFO    System resource limits info:
2026-02-23 13:59:26.848848 (1501011) main____ INFO      virtual memory: unlimited
2026-02-23 13:59:26.848854 (1501011) main____ INFO      cpu time      : unlimited
2026-02-23 13:59:26.848860 (1501011) main____ INFO      stack size    : unlimited
2026-02-23 13:59:26.848865 (1501011) main____ INFO      core file size: unlimited
2026-02-23 13:59:26.848873 (1501011) main____ INFO      open files    : 131072
2026-02-23 13:59:26.848879 (1501011) main____ INFO      file size     : unlimited
2026-02-23 13:59:26.848884 (1501011) main____ INFO    ----------------------------------------
2026-02-23 13:59:26.848889 (1501011) main____ INFO    Memory statistics:
2026-02-23 13:59:26.848895 (1501011) main____ INFO      total physical memory  : 1584164368 kB
2026-02-23 13:59:26.848899 (1501011) main____ INFO      free physical memory   : 732997072 kB
2026-02-23 13:59:26.848904 (1501011) main____ INFO      committed address space: 507242648 kB
2026-02-23 13:59:26.848909 (1501011) main____ INFO    ----------------------------------------
2026-02-23 13:59:26.849439 (1501011) main____ INFO    Important environment variables:
2026-02-23 13:59:26.849454 (1501011) main____ INFO      JASPER_HOME       : '/usr/licensed/cadence-20210126/jasper_2021.03'
2026-02-23 13:59:26.849462 (1501011) main____ INFO      JASPER_INSTALL_DIR: '/scratch/gpfs/LICENSED/x86_64/cadence-20210126/jasper_2021.03'
2026-02-23 13:59:26.849469 (1501011) main____ INFO      LANG              : 'en_US.UTF-8'
2026-02-23 13:59:26.849476 (1501011) main____ INFO      LM_LICENSE_FILE   : '5280@license.rc.princeton.edu'
2026-02-23 13:59:26.849481 (1501011) main____ INFO      TMPDIR            : '/tmp/ab2113/jg_5018998_58'
2026-02-23 13:59:26.849486 (1501011) main____ INFO    ----------------------------------------
2026-02-23 13:59:26.850015 (1501011) lic_core INFO    Initializing license system ...
2026-02-23 13:59:26.850594 (1501011) lic_core INFO    ... license system initialized.
2026-02-23 13:59:26.851381 (1501011) lic__man INFO    Claim 'fpv' for <ui>.
2026-02-23 13:59:26.851417 (1501011) lic_core INFO    (1) checking out 'jasper_fpv' ...
2026-02-23 13:59:26.856307 (1501011) lic_core INFO    ... (1) checkout failed (error: -5) ("FLEXnet ERROR(-5, 0, 0): No such feature exists.")
2026-02-23 13:59:26.856336 (1501011) lic_core INFO    (2) checking out 'jasper_fao' ...
2026-02-23 13:59:26.865603 (1501011) lic_core INFO    ... (2) checkout succeeded
2026-02-23 13:59:26.876774 (1501011) session_ INFO    Starting analysis session with session id 'session_0' (launcher: <local>) ...
2026-02-23 13:59:26.879841 (1501011) session_ INFO    Analysis session with session id 'session_0' started (pid: 1501019)
2026-02-23 13:59:27.478305 (1501011) session_ INFO    Analysis session 'session_0' connected to the console (host: 127.0.0.1:44540)
2026-02-23 13:59:28.285310 (1501011) lic__man INFO    Unclaim everything for 'session_0'.
2026-02-23 13:59:28.322098 (1501011) lic__man INFO    Claim 'fpv' for 'session_0'.
2026-02-23 13:59:28.322138 (1501011) lic__man INFO    Claim 'fpv' for 'session_0/prove-0'.
2026-02-23 13:59:28.483631 (1501011) lic__man INFO    Unclaim everything for 'session_0/prove-0'.
2026-02-23 13:59:28.543500 (1501011) main____ INFO    About to exit: request to exit with status 0 received from analysis session 'session_0'
2026-02-23 13:59:28.606742 (1501011) session_ INFO    Analysis session 'session_0' disconnected.
2026-02-23 13:59:28.606878 (1501011) lic__man INFO    Unclaim everything for 'session_0'.
2026-02-23 13:59:28.607549 (1501011) session_ INFO    Process for analysis session 'session_0' has exited with exit status '0'.
2026-02-23 13:59:30.584567 (1501011) lic_core INFO    (2) checkin jasper_fao
2026-02-23 13:59:30.586023 (1501011) main____ INFO    Exiting with status 0.
