2026-02-23 13:59:51.840748 (3188818) main____ INFO    ----------------------------------------
2026-02-23 13:59:51.840814 (3188818) main____ INFO    JasperGold version info
2026-02-23 13:59:51.840828 (3188818) main____ INFO      tool      : JasperGold 2021.03
2026-02-23 13:59:51.840837 (3188818) main____ INFO      version   : 2021.03 FCS 64 bits
2026-02-23 13:59:51.840843 (3188818) main____ INFO      build date: 2021.03.23 02:50:43 UTC
2026-02-23 13:59:51.840847 (3188818) main____ INFO    ----------------------------------------
2026-02-23 13:59:51.840851 (3188818) main____ INFO    Runtime info:
2026-02-23 13:59:51.840855 (3188818) main____ INFO      platform  : Linux 5.14.0-570.84.1.el9_6.x86_64 x86_64
2026-02-23 13:59:51.840862 (3188818) main____ INFO      hostname  : della-r3c3n1
2026-02-23 13:59:51.840866 (3188818) main____ INFO      pid       : 3188818
2026-02-23 13:59:51.840870 (3188818) main____ INFO      arguments : '-style' 'windows' '-batch' '-proj' './verification_results/04644/jgproject' '-tcl' './jasper_verif_check.tcl'
2026-02-23 13:59:51.840878 (3188818) main____ INFO      locale    : UTF-8
2026-02-23 13:59:51.840883 (3188818) main____ INFO    ----------------------------------------
2026-02-23 13:59:51.840887 (3188818) main____ INFO    System resource limits info:
2026-02-23 13:59:51.840891 (3188818) main____ INFO      virtual memory: unlimited
2026-02-23 13:59:51.840895 (3188818) main____ INFO      cpu time      : unlimited
2026-02-23 13:59:51.840900 (3188818) main____ INFO      stack size    : unlimited
2026-02-23 13:59:51.840905 (3188818) main____ INFO      core file size: unlimited
2026-02-23 13:59:51.840911 (3188818) main____ INFO      open files    : 131072
2026-02-23 13:59:51.840916 (3188818) main____ INFO      file size     : unlimited
2026-02-23 13:59:51.840921 (3188818) main____ INFO    ----------------------------------------
2026-02-23 13:59:51.840925 (3188818) main____ INFO    Memory statistics:
2026-02-23 13:59:51.840929 (3188818) main____ INFO      total physical memory  : 195972176 kB
2026-02-23 13:59:51.840934 (3188818) main____ INFO      free physical memory   : 119152100 kB
2026-02-23 13:59:51.840938 (3188818) main____ INFO      committed address space: 22110480 kB
2026-02-23 13:59:51.840944 (3188818) main____ INFO    ----------------------------------------
2026-02-23 13:59:51.841892 (3188818) main____ INFO    Important environment variables:
2026-02-23 13:59:51.841908 (3188818) main____ INFO      JASPER_HOME       : '/usr/licensed/cadence-20210126/jasper_2021.03'
2026-02-23 13:59:51.841916 (3188818) main____ INFO      JASPER_INSTALL_DIR: '/scratch/gpfs/LICENSED/x86_64/cadence-20210126/jasper_2021.03'
2026-02-23 13:59:51.841921 (3188818) main____ INFO      LANG              : 'en_US.UTF-8'
2026-02-23 13:59:51.841926 (3188818) main____ INFO      LM_LICENSE_FILE   : '5280@license.rc.princeton.edu'
2026-02-23 13:59:51.841932 (3188818) main____ INFO      TMPDIR            : '/tmp/ab2113/jg_5019172_85'
2026-02-23 13:59:51.841937 (3188818) main____ INFO    ----------------------------------------
2026-02-23 13:59:51.842689 (3188818) lic_core INFO    Initializing license system ...
2026-02-23 13:59:51.843459 (3188818) lic_core INFO    ... license system initialized.
2026-02-23 13:59:51.844149 (3188818) lic__man INFO    Claim 'fpv' for <ui>.
2026-02-23 13:59:51.844184 (3188818) lic_core INFO    (1) checking out 'jasper_fpv' ...
2026-02-23 13:59:51.849887 (3188818) lic_core INFO    ... (1) checkout failed (error: -5) ("FLEXnet ERROR(-5, 0, 0): No such feature exists.")
2026-02-23 13:59:51.849916 (3188818) lic_core INFO    (2) checking out 'jasper_fao' ...
2026-02-23 13:59:51.860368 (3188818) lic_core INFO    ... (2) checkout succeeded
2026-02-23 13:59:51.874699 (3188818) session_ INFO    Starting analysis session with session id 'session_0' (launcher: <local>) ...
2026-02-23 13:59:51.877230 (3188818) session_ INFO    Analysis session with session id 'session_0' started (pid: 3188826)
2026-02-23 13:59:52.556684 (3188818) session_ INFO    Analysis session 'session_0' connected to the console (host: 127.0.0.1:60278)
2026-02-23 13:59:53.414467 (3188818) main____ INFO    About to exit: request to exit with status 1 received from analysis session 'session_0'
2026-02-23 13:59:53.482221 (3188818) session_ INFO    Analysis session 'session_0' disconnected.
2026-02-23 13:59:53.482334 (3188818) lic__man INFO    Unclaim everything for 'session_0'.
2026-02-23 13:59:53.483062 (3188818) session_ INFO    Process for analysis session 'session_0' has exited with exit status '1'.
2026-02-23 13:59:55.522737 (3188818) lic_core INFO    (2) checkin jasper_fao
2026-02-23 13:59:55.524196 (3188818) main____ INFO    Exiting with status 1.
