2026-02-23 15:00:32.131409 (2958265) main____ INFO    ----------------------------------------
2026-02-23 15:00:32.131517 (2958265) main____ INFO    JasperGold version info
2026-02-23 15:00:32.131538 (2958265) main____ INFO      tool      : JasperGold 2021.03
2026-02-23 15:00:32.131547 (2958265) main____ INFO      version   : 2021.03 FCS 64 bits
2026-02-23 15:00:32.131551 (2958265) main____ INFO      build date: 2021.03.23 02:50:43 UTC
2026-02-23 15:00:32.131555 (2958265) main____ INFO    ----------------------------------------
2026-02-23 15:00:32.131558 (2958265) main____ INFO    Runtime info:
2026-02-23 15:00:32.131562 (2958265) main____ INFO      platform  : Linux 5.14.0-570.84.1.el9_6.x86_64 x86_64
2026-02-23 15:00:32.131567 (2958265) main____ INFO      hostname  : della-h12n18
2026-02-23 15:00:32.131571 (2958265) main____ INFO      pid       : 2958265
2026-02-23 15:00:32.131575 (2958265) main____ INFO      arguments : '-style' 'windows' '-batch' '-proj' './verification_results/04736/jgproject' '-tcl' './jasper_verif_check.tcl'
2026-02-23 15:00:32.131583 (2958265) main____ INFO      locale    : UTF-8
2026-02-23 15:00:32.131587 (2958265) main____ INFO    ----------------------------------------
2026-02-23 15:00:32.131591 (2958265) main____ INFO    System resource limits info:
2026-02-23 15:00:32.131595 (2958265) main____ INFO      virtual memory: unlimited
2026-02-23 15:00:32.131598 (2958265) main____ INFO      cpu time      : unlimited
2026-02-23 15:00:32.131602 (2958265) main____ INFO      stack size    : unlimited
2026-02-23 15:00:32.131605 (2958265) main____ INFO      core file size: unlimited
2026-02-23 15:00:32.131611 (2958265) main____ INFO      open files    : 131072
2026-02-23 15:00:32.131615 (2958265) main____ INFO      file size     : unlimited
2026-02-23 15:00:32.131618 (2958265) main____ INFO    ----------------------------------------
2026-02-23 15:00:32.131622 (2958265) main____ INFO    Memory statistics:
2026-02-23 15:00:32.131625 (2958265) main____ INFO      total physical memory  : 1055795796 kB
2026-02-23 15:00:32.131629 (2958265) main____ INFO      free physical memory   : 274561388 kB
2026-02-23 15:00:32.131632 (2958265) main____ INFO      committed address space: 470104100 kB
2026-02-23 15:00:32.131635 (2958265) main____ INFO    ----------------------------------------
2026-02-23 15:00:32.132413 (2958265) main____ INFO    Important environment variables:
2026-02-23 15:00:32.132434 (2958265) main____ INFO      JASPER_HOME       : '/usr/licensed/cadence-20210126/jasper_2021.03'
2026-02-23 15:00:32.132441 (2958265) main____ INFO      JASPER_INSTALL_DIR: '/scratch/gpfs/LICENSED/x86_64/cadence-20210126/jasper_2021.03'
2026-02-23 15:00:32.132446 (2958265) main____ INFO      LANG              : 'en_US.UTF-8'
2026-02-23 15:00:32.132451 (2958265) main____ INFO      LM_LICENSE_FILE   : '5280@license.rc.princeton.edu'
2026-02-23 15:00:32.132455 (2958265) main____ INFO      TMPDIR            : '/tmp/ab2113/jg_5019198_87'
2026-02-23 15:00:32.132459 (2958265) main____ INFO    ----------------------------------------
2026-02-23 15:00:32.133268 (2958265) lic_core INFO    Initializing license system ...
2026-02-23 15:00:32.134046 (2958265) lic_core INFO    ... license system initialized.
2026-02-23 15:00:32.135016 (2958265) lic__man INFO    Claim 'fpv' for <ui>.
2026-02-23 15:00:32.135054 (2958265) lic_core INFO    (1) checking out 'jasper_fpv' ...
2026-02-23 15:00:32.141215 (2958265) lic_core INFO    ... (1) checkout failed (error: -5) ("FLEXnet ERROR(-5, 0, 0): No such feature exists.")
2026-02-23 15:00:32.141267 (2958265) lic_core INFO    (2) checking out 'jasper_fao' ...
2026-02-23 15:00:32.152291 (2958265) lic_core INFO    ... (2) checkout succeeded
2026-02-23 15:00:32.165588 (2958265) session_ INFO    Starting analysis session with session id 'session_0' (launcher: <local>) ...
2026-02-23 15:00:32.168247 (2958265) session_ INFO    Analysis session with session id 'session_0' started (pid: 2958273)
2026-02-23 15:00:32.790232 (2958265) session_ INFO    Analysis session 'session_0' connected to the console (host: 127.0.0.1:38346)
2026-02-23 15:00:33.332538 (2958265) main____ INFO    About to exit: request to exit with status 1 received from analysis session 'session_0'
2026-02-23 15:00:33.393896 (2958265) session_ INFO    Analysis session 'session_0' disconnected.
2026-02-23 15:00:33.394029 (2958265) lic__man INFO    Unclaim everything for 'session_0'.
2026-02-23 15:00:33.394987 (2958265) session_ INFO    Process for analysis session 'session_0' has exited with exit status '1'.
2026-02-23 15:00:35.437705 (2958265) lic_core INFO    (2) checkin jasper_fao
2026-02-23 15:00:35.439452 (2958265) main____ INFO    Exiting with status 1.
