2026-02-23 13:49:38.837592 (1951914) main____ INFO    ----------------------------------------
2026-02-23 13:49:38.837679 (1951914) main____ INFO    JasperGold version info
2026-02-23 13:49:38.837696 (1951914) main____ INFO      tool      : JasperGold 2021.03
2026-02-23 13:49:38.837704 (1951914) main____ INFO      version   : 2021.03 FCS 64 bits
2026-02-23 13:49:38.837709 (1951914) main____ INFO      build date: 2021.03.23 02:50:43 UTC
2026-02-23 13:49:38.837714 (1951914) main____ INFO    ----------------------------------------
2026-02-23 13:49:38.837718 (1951914) main____ INFO    Runtime info:
2026-02-23 13:49:38.837722 (1951914) main____ INFO      platform  : Linux 5.14.0-570.84.1.el9_6.x86_64 x86_64
2026-02-23 13:49:38.837728 (1951914) main____ INFO      hostname  : della-r3c1n5
2026-02-23 13:49:38.837733 (1951914) main____ INFO      pid       : 1951914
2026-02-23 13:49:38.837738 (1951914) main____ INFO      arguments : '-style' 'windows' '-batch' '-proj' './verification_results/02849/jgproject' '-tcl' './jasper_verif_check.tcl'
2026-02-23 13:49:38.837746 (1951914) main____ INFO      locale    : UTF-8
2026-02-23 13:49:38.837750 (1951914) main____ INFO    ----------------------------------------
2026-02-23 13:49:38.837754 (1951914) main____ INFO    System resource limits info:
2026-02-23 13:49:38.837758 (1951914) main____ INFO      virtual memory: unlimited
2026-02-23 13:49:38.837763 (1951914) main____ INFO      cpu time      : unlimited
2026-02-23 13:49:38.837767 (1951914) main____ INFO      stack size    : unlimited
2026-02-23 13:49:38.837771 (1951914) main____ INFO      core file size: unlimited
2026-02-23 13:49:38.837778 (1951914) main____ INFO      open files    : 131072
2026-02-23 13:49:38.837783 (1951914) main____ INFO      file size     : unlimited
2026-02-23 13:49:38.837787 (1951914) main____ INFO    ----------------------------------------
2026-02-23 13:49:38.837791 (1951914) main____ INFO    Memory statistics:
2026-02-23 13:49:38.837795 (1951914) main____ INFO      total physical memory  : 195972056 kB
2026-02-23 13:49:38.837800 (1951914) main____ INFO      free physical memory   : 111383880 kB
2026-02-23 13:49:38.837804 (1951914) main____ INFO      committed address space: 55779376 kB
2026-02-23 13:49:38.837807 (1951914) main____ INFO    ----------------------------------------
2026-02-23 13:49:38.838815 (1951914) main____ INFO    Important environment variables:
2026-02-23 13:49:38.838835 (1951914) main____ INFO      JASPER_HOME       : '/usr/licensed/cadence-20210126/jasper_2021.03'
2026-02-23 13:49:38.838841 (1951914) main____ INFO      JASPER_INSTALL_DIR: '/scratch/gpfs/LICENSED/x86_64/cadence-20210126/jasper_2021.03'
2026-02-23 13:49:38.838847 (1951914) main____ INFO      LANG              : 'en_US.UTF-8'
2026-02-23 13:49:38.838852 (1951914) main____ INFO      LM_LICENSE_FILE   : '5280@license.rc.princeton.edu'
2026-02-23 13:49:38.838857 (1951914) main____ INFO      TMPDIR            : '/tmp/ab2113/jg_5018959_49'
2026-02-23 13:49:38.838861 (1951914) main____ INFO    ----------------------------------------
2026-02-23 13:49:38.839357 (1951914) lic_core INFO    Initializing license system ...
2026-02-23 13:49:38.839801 (1951914) lic_core INFO    ... license system initialized.
2026-02-23 13:49:38.840590 (1951914) lic__man INFO    Claim 'fpv' for <ui>.
2026-02-23 13:49:38.840630 (1951914) lic_core INFO    (1) checking out 'jasper_fpv' ...
2026-02-23 13:49:38.846990 (1951914) lic_core INFO    ... (1) checkout failed (error: -5) ("FLEXnet ERROR(-5, 0, 0): No such feature exists.")
2026-02-23 13:49:38.847036 (1951914) lic_core INFO    (2) checking out 'jasper_fao' ...
2026-02-23 13:49:38.857843 (1951914) lic_core INFO    ... (2) checkout succeeded
2026-02-23 13:49:38.873077 (1951914) session_ INFO    Starting analysis session with session id 'session_0' (launcher: <local>) ...
2026-02-23 13:49:38.876220 (1951914) session_ INFO    Analysis session with session id 'session_0' started (pid: 1951922)
2026-02-23 13:49:39.578014 (1951914) session_ INFO    Analysis session 'session_0' connected to the console (host: 127.0.0.1:43462)
2026-02-23 13:49:40.189236 (1951914) main____ INFO    About to exit: request to exit with status 1 received from analysis session 'session_0'
2026-02-23 13:49:40.267501 (1951914) session_ INFO    Analysis session 'session_0' disconnected.
2026-02-23 13:49:40.267626 (1951914) lic__man INFO    Unclaim everything for 'session_0'.
2026-02-23 13:49:40.267975 (1951914) session_ INFO    Process for analysis session 'session_0' has exited with exit status '1'.
2026-02-23 13:49:42.093435 (1951914) lic_core INFO    (2) checkin jasper_fao
2026-02-23 13:49:42.095261 (1951914) main____ INFO    Exiting with status 1.
