2026-02-23 13:45:11.864376 (1946266) main____ INFO    ----------------------------------------
2026-02-23 13:45:11.864473 (1946266) main____ INFO    JasperGold version info
2026-02-23 13:45:11.864491 (1946266) main____ INFO      tool      : JasperGold 2021.03
2026-02-23 13:45:11.864499 (1946266) main____ INFO      version   : 2021.03 FCS 64 bits
2026-02-23 13:45:11.864505 (1946266) main____ INFO      build date: 2021.03.23 02:50:43 UTC
2026-02-23 13:45:11.864509 (1946266) main____ INFO    ----------------------------------------
2026-02-23 13:45:11.864514 (1946266) main____ INFO    Runtime info:
2026-02-23 13:45:11.864518 (1946266) main____ INFO      platform  : Linux 5.14.0-570.84.1.el9_6.x86_64 x86_64
2026-02-23 13:45:11.864524 (1946266) main____ INFO      hostname  : della-r3c1n5
2026-02-23 13:45:11.864530 (1946266) main____ INFO      pid       : 1946266
2026-02-23 13:45:11.864534 (1946266) main____ INFO      arguments : '-style' 'windows' '-batch' '-proj' './verification_results/01936/jgproject' '-tcl' './jasper_verif_check.tcl'
2026-02-23 13:45:11.864543 (1946266) main____ INFO      locale    : UTF-8
2026-02-23 13:45:11.864548 (1946266) main____ INFO    ----------------------------------------
2026-02-23 13:45:11.864552 (1946266) main____ INFO    System resource limits info:
2026-02-23 13:45:11.864557 (1946266) main____ INFO      virtual memory: unlimited
2026-02-23 13:45:11.864561 (1946266) main____ INFO      cpu time      : unlimited
2026-02-23 13:45:11.864566 (1946266) main____ INFO      stack size    : unlimited
2026-02-23 13:45:11.864570 (1946266) main____ INFO      core file size: unlimited
2026-02-23 13:45:11.864577 (1946266) main____ INFO      open files    : 131072
2026-02-23 13:45:11.864581 (1946266) main____ INFO      file size     : unlimited
2026-02-23 13:45:11.864586 (1946266) main____ INFO    ----------------------------------------
2026-02-23 13:45:11.864590 (1946266) main____ INFO    Memory statistics:
2026-02-23 13:45:11.864595 (1946266) main____ INFO      total physical memory  : 195972056 kB
2026-02-23 13:45:11.864599 (1946266) main____ INFO      free physical memory   : 110776112 kB
2026-02-23 13:45:11.864603 (1946266) main____ INFO      committed address space: 55130416 kB
2026-02-23 13:45:11.864607 (1946266) main____ INFO    ----------------------------------------
2026-02-23 13:45:11.865598 (1946266) main____ INFO    Important environment variables:
2026-02-23 13:45:11.865617 (1946266) main____ INFO      JASPER_HOME       : '/usr/licensed/cadence-20210126/jasper_2021.03'
2026-02-23 13:45:11.865623 (1946266) main____ INFO      JASPER_INSTALL_DIR: '/scratch/gpfs/LICENSED/x86_64/cadence-20210126/jasper_2021.03'
2026-02-23 13:45:11.865629 (1946266) main____ INFO      LANG              : 'en_US.UTF-8'
2026-02-23 13:45:11.865634 (1946266) main____ INFO      LM_LICENSE_FILE   : '5280@license.rc.princeton.edu'
2026-02-23 13:45:11.865639 (1946266) main____ INFO      TMPDIR            : '/tmp/ab2113/jg_5018879_31'
2026-02-23 13:45:11.865643 (1946266) main____ INFO    ----------------------------------------
2026-02-23 13:45:11.866148 (1946266) lic_core INFO    Initializing license system ...
2026-02-23 13:45:11.867021 (1946266) lic_core INFO    ... license system initialized.
2026-02-23 13:45:11.867827 (1946266) lic__man INFO    Claim 'fpv' for <ui>.
2026-02-23 13:45:11.867871 (1946266) lic_core INFO    (1) checking out 'jasper_fpv' ...
2026-02-23 13:45:11.873821 (1946266) lic_core INFO    ... (1) checkout failed (error: -5) ("FLEXnet ERROR(-5, 0, 0): No such feature exists.")
2026-02-23 13:45:11.873875 (1946266) lic_core INFO    (2) checking out 'jasper_fao' ...
2026-02-23 13:45:11.884102 (1946266) lic_core INFO    ... (2) checkout succeeded
2026-02-23 13:45:11.898865 (1946266) session_ INFO    Starting analysis session with session id 'session_0' (launcher: <local>) ...
2026-02-23 13:45:11.902025 (1946266) session_ INFO    Analysis session with session id 'session_0' started (pid: 1946274)
2026-02-23 13:45:12.599053 (1946266) session_ INFO    Analysis session 'session_0' connected to the console (host: 127.0.0.1:60914)
2026-02-23 13:45:13.484629 (1946266) lic__man INFO    Unclaim everything for 'session_0'.
2026-02-23 13:45:13.530287 (1946266) lic__man INFO    Claim 'fpv' for 'session_0'.
2026-02-23 13:45:13.530339 (1946266) lic__man INFO    Claim 'fpv' for 'session_0/prove-0'.
2026-02-23 13:45:13.693019 (1946266) lic__man INFO    Unclaim everything for 'session_0/prove-0'.
2026-02-23 13:45:13.750222 (1946266) main____ INFO    About to exit: request to exit with status 0 received from analysis session 'session_0'
2026-02-23 13:45:13.831778 (1946266) session_ INFO    Analysis session 'session_0' disconnected.
2026-02-23 13:45:13.831909 (1946266) lic__man INFO    Unclaim everything for 'session_0'.
2026-02-23 13:45:13.832278 (1946266) session_ INFO    Process for analysis session 'session_0' has exited with exit status '0'.
2026-02-23 13:45:15.658038 (1946266) lic_core INFO    (2) checkin jasper_fao
2026-02-23 13:45:15.659692 (1946266) main____ INFO    Exiting with status 0.
