2026-02-23 13:41:26.719689 (1778061) main____ INFO    ----------------------------------------
2026-02-23 13:41:26.719769 (1778061) main____ INFO    JasperGold version info
2026-02-23 13:41:26.719786 (1778061) main____ INFO      tool      : JasperGold 2021.03
2026-02-23 13:41:26.719794 (1778061) main____ INFO      version   : 2021.03 FCS 64 bits
2026-02-23 13:41:26.719800 (1778061) main____ INFO      build date: 2021.03.23 02:50:43 UTC
2026-02-23 13:41:26.719805 (1778061) main____ INFO    ----------------------------------------
2026-02-23 13:41:26.719810 (1778061) main____ INFO    Runtime info:
2026-02-23 13:41:26.719815 (1778061) main____ INFO      platform  : Linux 5.14.0-570.84.1.el9_6.x86_64 x86_64
2026-02-23 13:41:26.719821 (1778061) main____ INFO      hostname  : della-h14n12
2026-02-23 13:41:26.719826 (1778061) main____ INFO      pid       : 1778061
2026-02-23 13:41:26.719831 (1778061) main____ INFO      arguments : '-style' 'windows' '-batch' '-proj' './verification_results/01616/jgproject' '-tcl' './jasper_verif_check.tcl'
2026-02-23 13:41:26.719839 (1778061) main____ INFO      locale    : UTF-8
2026-02-23 13:41:26.719843 (1778061) main____ INFO    ----------------------------------------
2026-02-23 13:41:26.719848 (1778061) main____ INFO    System resource limits info:
2026-02-23 13:41:26.719853 (1778061) main____ INFO      virtual memory: unlimited
2026-02-23 13:41:26.719858 (1778061) main____ INFO      cpu time      : unlimited
2026-02-23 13:41:26.719863 (1778061) main____ INFO      stack size    : unlimited
2026-02-23 13:41:26.719868 (1778061) main____ INFO      core file size: unlimited
2026-02-23 13:41:26.719875 (1778061) main____ INFO      open files    : 131072
2026-02-23 13:41:26.719880 (1778061) main____ INFO      file size     : unlimited
2026-02-23 13:41:26.719884 (1778061) main____ INFO    ----------------------------------------
2026-02-23 13:41:26.719889 (1778061) main____ INFO    Memory statistics:
2026-02-23 13:41:26.719894 (1778061) main____ INFO      total physical memory  : 1584164368 kB
2026-02-23 13:41:26.719899 (1778061) main____ INFO      free physical memory   : 702109372 kB
2026-02-23 13:41:26.719904 (1778061) main____ INFO      committed address space: 497939324 kB
2026-02-23 13:41:26.719908 (1778061) main____ INFO    ----------------------------------------
2026-02-23 13:41:26.720432 (1778061) main____ INFO    Important environment variables:
2026-02-23 13:41:26.720447 (1778061) main____ INFO      JASPER_HOME       : '/usr/licensed/cadence-20210126/jasper_2021.03'
2026-02-23 13:41:26.720452 (1778061) main____ INFO      JASPER_INSTALL_DIR: '/scratch/gpfs/LICENSED/x86_64/cadence-20210126/jasper_2021.03'
2026-02-23 13:41:26.720458 (1778061) main____ INFO      LANG              : 'en_US.UTF-8'
2026-02-23 13:41:26.720464 (1778061) main____ INFO      LM_LICENSE_FILE   : '5280@license.rc.princeton.edu'
2026-02-23 13:41:26.720469 (1778061) main____ INFO      TMPDIR            : '/tmp/ab2113/jg_5018846_25'
2026-02-23 13:41:26.720474 (1778061) main____ INFO    ----------------------------------------
2026-02-23 13:41:26.720985 (1778061) lic_core INFO    Initializing license system ...
2026-02-23 13:41:26.721498 (1778061) lic_core INFO    ... license system initialized.
2026-02-23 13:41:26.722244 (1778061) lic__man INFO    Claim 'fpv' for <ui>.
2026-02-23 13:41:26.722274 (1778061) lic_core INFO    (1) checking out 'jasper_fpv' ...
2026-02-23 13:41:26.727430 (1778061) lic_core INFO    ... (1) checkout failed (error: -5) ("FLEXnet ERROR(-5, 0, 0): No such feature exists.")
2026-02-23 13:41:26.727458 (1778061) lic_core INFO    (2) checking out 'jasper_fao' ...
2026-02-23 13:41:26.736700 (1778061) lic_core INFO    ... (2) checkout succeeded
2026-02-23 13:41:26.747381 (1778061) session_ INFO    Starting analysis session with session id 'session_0' (launcher: <local>) ...
2026-02-23 13:41:26.750295 (1778061) session_ INFO    Analysis session with session id 'session_0' started (pid: 1778073)
2026-02-23 13:41:27.262321 (1778061) session_ INFO    Analysis session 'session_0' connected to the console (host: 127.0.0.1:36736)
2026-02-23 13:41:27.748028 (1778061) main____ INFO    About to exit: request to exit with status 1 received from analysis session 'session_0'
2026-02-23 13:41:27.796624 (1778061) session_ INFO    Analysis session 'session_0' disconnected.
2026-02-23 13:41:27.796753 (1778061) lic__man INFO    Unclaim everything for 'session_0'.
2026-02-23 13:41:27.797245 (1778061) session_ INFO    Process for analysis session 'session_0' has exited with exit status '1'.
2026-02-23 13:41:29.651806 (1778061) lic_core INFO    (2) checkin jasper_fao
2026-02-23 13:41:29.653370 (1778061) main____ INFO    Exiting with status 1.
