2026-02-23 13:45:46.793141 (119054) main____ INFO    ----------------------------------------
2026-02-23 13:45:46.793216 (119054) main____ INFO    JasperGold version info
2026-02-23 13:45:46.793231 (119054) main____ INFO      tool      : JasperGold 2021.03
2026-02-23 13:45:46.793241 (119054) main____ INFO      version   : 2021.03 FCS 64 bits
2026-02-23 13:45:46.793246 (119054) main____ INFO      build date: 2021.03.23 02:50:43 UTC
2026-02-23 13:45:46.793251 (119054) main____ INFO    ----------------------------------------
2026-02-23 13:45:46.793256 (119054) main____ INFO    Runtime info:
2026-02-23 13:45:46.793262 (119054) main____ INFO      platform  : Linux 5.14.0-570.84.1.el9_6.x86_64 x86_64
2026-02-23 13:45:46.793269 (119054) main____ INFO      hostname  : della-h14n2
2026-02-23 13:45:46.793275 (119054) main____ INFO      pid       : 119054
2026-02-23 13:45:46.793281 (119054) main____ INFO      arguments : '-style' 'windows' '-batch' '-proj' './verification_results/02370/jgproject' '-tcl' './jasper_verif_check.tcl'
2026-02-23 13:45:46.793288 (119054) main____ INFO      locale    : UTF-8
2026-02-23 13:45:46.793293 (119054) main____ INFO    ----------------------------------------
2026-02-23 13:45:46.793299 (119054) main____ INFO    System resource limits info:
2026-02-23 13:45:46.793305 (119054) main____ INFO      virtual memory: unlimited
2026-02-23 13:45:46.793310 (119054) main____ INFO      cpu time      : unlimited
2026-02-23 13:45:46.793315 (119054) main____ INFO      stack size    : unlimited
2026-02-23 13:45:46.793320 (119054) main____ INFO      core file size: unlimited
2026-02-23 13:45:46.793327 (119054) main____ INFO      open files    : 131072
2026-02-23 13:45:46.793333 (119054) main____ INFO      file size     : unlimited
2026-02-23 13:45:46.793338 (119054) main____ INFO    ----------------------------------------
2026-02-23 13:45:46.793342 (119054) main____ INFO    Memory statistics:
2026-02-23 13:45:46.793348 (119054) main____ INFO      total physical memory  : 1584164328 kB
2026-02-23 13:45:46.793354 (119054) main____ INFO      free physical memory   : 751129852 kB
2026-02-23 13:45:46.793359 (119054) main____ INFO      committed address space: 670412668 kB
2026-02-23 13:45:46.793363 (119054) main____ INFO    ----------------------------------------
2026-02-23 13:45:46.793882 (119054) main____ INFO    Important environment variables:
2026-02-23 13:45:46.793896 (119054) main____ INFO      JASPER_HOME       : '/usr/licensed/cadence-20210126/jasper_2021.03'
2026-02-23 13:45:46.793902 (119054) main____ INFO      JASPER_INSTALL_DIR: '/scratch/gpfs/LICENSED/x86_64/cadence-20210126/jasper_2021.03'
2026-02-23 13:45:46.793908 (119054) main____ INFO      LANG              : 'en_US.UTF-8'
2026-02-23 13:45:46.793915 (119054) main____ INFO      LM_LICENSE_FILE   : '5280@license.rc.princeton.edu'
2026-02-23 13:45:46.793920 (119054) main____ INFO      TMPDIR            : '/tmp/ab2113/jg_5018912_40'
2026-02-23 13:45:46.793925 (119054) main____ INFO    ----------------------------------------
2026-02-23 13:45:46.794423 (119054) lic_core INFO    Initializing license system ...
2026-02-23 13:45:46.794983 (119054) lic_core INFO    ... license system initialized.
2026-02-23 13:45:46.795760 (119054) lic__man INFO    Claim 'fpv' for <ui>.
2026-02-23 13:45:46.795793 (119054) lic_core INFO    (1) checking out 'jasper_fpv' ...
2026-02-23 13:45:46.801001 (119054) lic_core INFO    ... (1) checkout failed (error: -5) ("FLEXnet ERROR(-5, 0, 0): No such feature exists.")
2026-02-23 13:45:46.801031 (119054) lic_core INFO    (2) checking out 'jasper_fao' ...
2026-02-23 13:45:46.810277 (119054) lic_core INFO    ... (2) checkout succeeded
2026-02-23 13:45:46.821796 (119054) session_ INFO    Starting analysis session with session id 'session_0' (launcher: <local>) ...
2026-02-23 13:45:46.824708 (119054) session_ INFO    Analysis session with session id 'session_0' started (pid: 119062)
2026-02-23 13:45:47.430161 (119054) session_ INFO    Analysis session 'session_0' connected to the console (host: 127.0.0.1:37962)
2026-02-23 13:45:47.933890 (119054) main____ INFO    About to exit: request to exit with status 1 received from analysis session 'session_0'
2026-02-23 13:45:47.988131 (119054) session_ INFO    Analysis session 'session_0' disconnected.
2026-02-23 13:45:47.988297 (119054) lic__man INFO    Unclaim everything for 'session_0'.
2026-02-23 13:45:47.989748 (119054) session_ INFO    Process for analysis session 'session_0' has exited with exit status '1'.
2026-02-23 13:45:49.966873 (119054) lic_core INFO    (2) checkin jasper_fao
2026-02-23 13:45:49.968534 (119054) main____ INFO    Exiting with status 1.
