2026-02-23 14:00:52.359846 (2941298) main____ INFO    ----------------------------------------
2026-02-23 14:00:52.359959 (2941298) main____ INFO    JasperGold version info
2026-02-23 14:00:52.359980 (2941298) main____ INFO      tool      : JasperGold 2021.03
2026-02-23 14:00:52.359991 (2941298) main____ INFO      version   : 2021.03 FCS 64 bits
2026-02-23 14:00:52.359995 (2941298) main____ INFO      build date: 2021.03.23 02:50:43 UTC
2026-02-23 14:00:52.359999 (2941298) main____ INFO    ----------------------------------------
2026-02-23 14:00:52.360003 (2941298) main____ INFO    Runtime info:
2026-02-23 14:00:52.360007 (2941298) main____ INFO      platform  : Linux 5.14.0-570.84.1.el9_6.x86_64 x86_64
2026-02-23 14:00:52.360012 (2941298) main____ INFO      hostname  : della-h12n18
2026-02-23 14:00:52.360016 (2941298) main____ INFO      pid       : 2941298
2026-02-23 14:00:52.360019 (2941298) main____ INFO      arguments : '-style' 'windows' '-batch' '-proj' './verification_results/04693/jgproject' '-tcl' './jasper_verif_check.tcl'
2026-02-23 14:00:52.360028 (2941298) main____ INFO      locale    : UTF-8
2026-02-23 14:00:52.360031 (2941298) main____ INFO    ----------------------------------------
2026-02-23 14:00:52.360035 (2941298) main____ INFO    System resource limits info:
2026-02-23 14:00:52.360039 (2941298) main____ INFO      virtual memory: unlimited
2026-02-23 14:00:52.360042 (2941298) main____ INFO      cpu time      : unlimited
2026-02-23 14:00:52.360046 (2941298) main____ INFO      stack size    : unlimited
2026-02-23 14:00:52.360049 (2941298) main____ INFO      core file size: unlimited
2026-02-23 14:00:52.360055 (2941298) main____ INFO      open files    : 131072
2026-02-23 14:00:52.360059 (2941298) main____ INFO      file size     : unlimited
2026-02-23 14:00:52.360062 (2941298) main____ INFO    ----------------------------------------
2026-02-23 14:00:52.360065 (2941298) main____ INFO    Memory statistics:
2026-02-23 14:00:52.360069 (2941298) main____ INFO      total physical memory  : 1055795796 kB
2026-02-23 14:00:52.360073 (2941298) main____ INFO      free physical memory   : 288136908 kB
2026-02-23 14:00:52.360076 (2941298) main____ INFO      committed address space: 430976356 kB
2026-02-23 14:00:52.360080 (2941298) main____ INFO    ----------------------------------------
2026-02-23 14:00:52.360867 (2941298) main____ INFO    Important environment variables:
2026-02-23 14:00:52.360910 (2941298) main____ INFO      JASPER_HOME       : '/usr/licensed/cadence-20210126/jasper_2021.03'
2026-02-23 14:00:52.360916 (2941298) main____ INFO      JASPER_INSTALL_DIR: '/scratch/gpfs/LICENSED/x86_64/cadence-20210126/jasper_2021.03'
2026-02-23 14:00:52.360920 (2941298) main____ INFO      LANG              : 'en_US.UTF-8'
2026-02-23 14:00:52.360924 (2941298) main____ INFO      LM_LICENSE_FILE   : '5280@license.rc.princeton.edu'
2026-02-23 14:00:52.360929 (2941298) main____ INFO      TMPDIR            : '/tmp/ab2113/jg_5019197_86'
2026-02-23 14:00:52.360932 (2941298) main____ INFO    ----------------------------------------
2026-02-23 14:00:52.361751 (2941298) lic_core INFO    Initializing license system ...
2026-02-23 14:00:52.362532 (2941298) lic_core INFO    ... license system initialized.
2026-02-23 14:00:52.363458 (2941298) lic__man INFO    Claim 'fpv' for <ui>.
2026-02-23 14:00:52.363496 (2941298) lic_core INFO    (1) checking out 'jasper_fpv' ...
2026-02-23 14:00:52.369995 (2941298) lic_core INFO    ... (1) checkout failed (error: -5) ("FLEXnet ERROR(-5, 0, 0): No such feature exists.")
2026-02-23 14:00:52.370053 (2941298) lic_core INFO    (2) checking out 'jasper_fao' ...
2026-02-23 14:00:52.381684 (2941298) lic_core INFO    ... (2) checkout succeeded
2026-02-23 14:00:52.395474 (2941298) session_ INFO    Starting analysis session with session id 'session_0' (launcher: <local>) ...
2026-02-23 14:00:52.398221 (2941298) session_ INFO    Analysis session with session id 'session_0' started (pid: 2941306)
2026-02-23 14:00:53.020827 (2941298) session_ INFO    Analysis session 'session_0' connected to the console (host: 127.0.0.1:44776)
2026-02-23 14:00:53.564496 (2941298) main____ INFO    About to exit: request to exit with status 1 received from analysis session 'session_0'
2026-02-23 14:00:53.628195 (2941298) session_ INFO    Analysis session 'session_0' disconnected.
2026-02-23 14:00:53.628334 (2941298) lic__man INFO    Unclaim everything for 'session_0'.
2026-02-23 14:00:53.628821 (2941298) session_ INFO    Process for analysis session 'session_0' has exited with exit status '1'.
2026-02-23 14:00:55.510786 (2941298) lic_core INFO    (2) checkin jasper_fao
2026-02-23 14:00:55.512488 (2941298) main____ INFO    Exiting with status 1.
