2026-02-20 16:46:37.389067 (2490041) main____ INFO    ----------------------------------------
2026-02-20 16:46:37.389186 (2490041) main____ INFO    JasperGold version info
2026-02-20 16:46:37.389209 (2490041) main____ INFO      tool      : JasperGold 2021.03
2026-02-20 16:46:37.389218 (2490041) main____ INFO      version   : 2021.03 FCS 64 bits
2026-02-20 16:46:37.389223 (2490041) main____ INFO      build date: 2021.03.23 02:50:43 UTC
2026-02-20 16:46:37.389228 (2490041) main____ INFO    ----------------------------------------
2026-02-20 16:46:37.389232 (2490041) main____ INFO    Runtime info:
2026-02-20 16:46:37.389236 (2490041) main____ INFO      platform  : Linux 5.14.0-570.84.1.el9_6.x86_64 x86_64
2026-02-20 16:46:37.389242 (2490041) main____ INFO      hostname  : della-i13n22
2026-02-20 16:46:37.389247 (2490041) main____ INFO      pid       : 2490041
2026-02-20 16:46:37.389251 (2490041) main____ INFO      arguments : '-style' 'windows' '-batch' '-proj' 'verification_results/00021/jgproject' '-tcl' './jasper_verif_check.tcl'
2026-02-20 16:46:37.389259 (2490041) main____ INFO      locale    : UTF-8
2026-02-20 16:46:37.389263 (2490041) main____ INFO    ----------------------------------------
2026-02-20 16:46:37.389266 (2490041) main____ INFO    System resource limits info:
2026-02-20 16:46:37.389271 (2490041) main____ INFO      virtual memory: unlimited
2026-02-20 16:46:37.389275 (2490041) main____ INFO      cpu time      : unlimited
2026-02-20 16:46:37.389279 (2490041) main____ INFO      stack size    : unlimited
2026-02-20 16:46:37.389283 (2490041) main____ INFO      core file size: unlimited
2026-02-20 16:46:37.389291 (2490041) main____ INFO      open files    : 131072
2026-02-20 16:46:37.389295 (2490041) main____ INFO      file size     : unlimited
2026-02-20 16:46:37.389299 (2490041) main____ INFO    ----------------------------------------
2026-02-20 16:46:37.389303 (2490041) main____ INFO    Memory statistics:
2026-02-20 16:46:37.389307 (2490041) main____ INFO      total physical memory  : 394157548 kB
2026-02-20 16:46:37.389310 (2490041) main____ INFO      free physical memory   : 209824484 kB
2026-02-20 16:46:37.389314 (2490041) main____ INFO      committed address space: 148780532 kB
2026-02-20 16:46:37.389318 (2490041) main____ INFO    ----------------------------------------
2026-02-20 16:46:37.390220 (2490041) main____ INFO    Important environment variables:
2026-02-20 16:46:37.390242 (2490041) main____ INFO      JASPER_HOME       : '/usr/licensed/cadence-20210126/jasper_2021.03'
2026-02-20 16:46:37.390248 (2490041) main____ INFO      JASPER_INSTALL_DIR: '/scratch/gpfs/LICENSED/x86_64/cadence-20210126/jasper_2021.03'
2026-02-20 16:46:37.390253 (2490041) main____ INFO      LANG              : 'en_US.UTF-8'
2026-02-20 16:46:37.390258 (2490041) main____ INFO      LM_LICENSE_FILE   : '5280@license.rc.princeton.edu'
2026-02-20 16:46:37.390263 (2490041) main____ INFO      TMPDIR            : '/tmp'
2026-02-20 16:46:37.390268 (2490041) main____ INFO    ----------------------------------------
2026-02-20 16:46:37.390837 (2490041) lic_core INFO    Initializing license system ...
2026-02-20 16:46:37.391752 (2490041) lic_core INFO    ... license system initialized.
2026-02-20 16:46:37.392548 (2490041) lic__man INFO    Claim 'fpv' for <ui>.
2026-02-20 16:46:37.392592 (2490041) lic_core INFO    (1) checking out 'jasper_fpv' ...
2026-02-20 16:46:37.397938 (2490041) lic_core INFO    ... (1) checkout failed (error: -5) ("FLEXnet ERROR(-5, 0, 0): No such feature exists.")
2026-02-20 16:46:37.398002 (2490041) lic_core INFO    (2) checking out 'jasper_fao' ...
2026-02-20 16:46:37.408415 (2490041) lic_core INFO    ... (2) checkout succeeded
2026-02-20 16:46:37.422892 (2490041) session_ INFO    Starting analysis session with session id 'session_0' (launcher: <local>) ...
2026-02-20 16:46:37.426224 (2490041) session_ INFO    Analysis session with session id 'session_0' started (pid: 2490049)
2026-02-20 16:46:38.149100 (2490041) session_ INFO    Analysis session 'session_0' connected to the console (host: 127.0.0.1:40302)
2026-02-20 16:46:38.719513 (2490041) main____ INFO    About to exit: request to exit with status 1 received from analysis session 'session_0'
2026-02-20 16:46:38.801291 (2490041) session_ INFO    Analysis session 'session_0' disconnected.
2026-02-20 16:46:38.801434 (2490041) lic__man INFO    Unclaim everything for 'session_0'.
2026-02-20 16:46:38.802128 (2490041) session_ INFO    Process for analysis session 'session_0' has exited with exit status '1'.
2026-02-20 16:46:40.624713 (2490041) lic_core INFO    (2) checkin jasper_fao
2026-02-20 16:46:40.626191 (2490041) main____ INFO    Exiting with status 1.
