2026-02-23 13:46:29.321764 (924781) main____ INFO    ----------------------------------------
2026-02-23 13:46:29.321867 (924781) main____ INFO    JasperGold version info
2026-02-23 13:46:29.321882 (924781) main____ INFO      tool      : JasperGold 2021.03
2026-02-23 13:46:29.321891 (924781) main____ INFO      version   : 2021.03 FCS 64 bits
2026-02-23 13:46:29.321898 (924781) main____ INFO      build date: 2021.03.23 02:50:43 UTC
2026-02-23 13:46:29.321903 (924781) main____ INFO    ----------------------------------------
2026-02-23 13:46:29.321908 (924781) main____ INFO    Runtime info:
2026-02-23 13:46:29.321913 (924781) main____ INFO      platform  : Linux 5.14.0-570.84.1.el9_6.x86_64 x86_64
2026-02-23 13:46:29.321920 (924781) main____ INFO      hostname  : della-h14n16
2026-02-23 13:46:29.321925 (924781) main____ INFO      pid       : 924781
2026-02-23 13:46:29.321930 (924781) main____ INFO      arguments : '-style' 'windows' '-batch' '-proj' './verification_results/02290/jgproject' '-tcl' './jasper_verif_check.tcl'
2026-02-23 13:46:29.321940 (924781) main____ INFO      locale    : UTF-8
2026-02-23 13:46:29.321945 (924781) main____ INFO    ----------------------------------------
2026-02-23 13:46:29.321950 (924781) main____ INFO    System resource limits info:
2026-02-23 13:46:29.321955 (924781) main____ INFO      virtual memory: unlimited
2026-02-23 13:46:29.321960 (924781) main____ INFO      cpu time      : unlimited
2026-02-23 13:46:29.321965 (924781) main____ INFO      stack size    : unlimited
2026-02-23 13:46:29.321971 (924781) main____ INFO      core file size: unlimited
2026-02-23 13:46:29.321979 (924781) main____ INFO      open files    : 131072
2026-02-23 13:46:29.321984 (924781) main____ INFO      file size     : unlimited
2026-02-23 13:46:29.321989 (924781) main____ INFO    ----------------------------------------
2026-02-23 13:46:29.321993 (924781) main____ INFO    Memory statistics:
2026-02-23 13:46:29.321999 (924781) main____ INFO      total physical memory  : 1584164324 kB
2026-02-23 13:46:29.322004 (924781) main____ INFO      free physical memory   : 927862924 kB
2026-02-23 13:46:29.322009 (924781) main____ INFO      committed address space: 447923200 kB
2026-02-23 13:46:29.322013 (924781) main____ INFO    ----------------------------------------
2026-02-23 13:46:29.322551 (924781) main____ INFO    Important environment variables:
2026-02-23 13:46:29.322565 (924781) main____ INFO      JASPER_HOME       : '/usr/licensed/cadence-20210126/jasper_2021.03'
2026-02-23 13:46:29.322572 (924781) main____ INFO      JASPER_INSTALL_DIR: '/scratch/gpfs/LICENSED/x86_64/cadence-20210126/jasper_2021.03'
2026-02-23 13:46:29.322578 (924781) main____ INFO      LANG              : 'en_US.UTF-8'
2026-02-23 13:46:29.322592 (924781) main____ INFO      LM_LICENSE_FILE   : '5280@license.rc.princeton.edu'
2026-02-23 13:46:29.322598 (924781) main____ INFO      TMPDIR            : '/tmp/ab2113/jg_5018903_38'
2026-02-23 13:46:29.322604 (924781) main____ INFO    ----------------------------------------
2026-02-23 13:46:29.323155 (924781) lic_core INFO    Initializing license system ...
2026-02-23 13:46:29.323778 (924781) lic_core INFO    ... license system initialized.
2026-02-23 13:46:29.325216 (924781) lic__man INFO    Claim 'fpv' for <ui>.
2026-02-23 13:46:29.325413 (924781) lic_core INFO    (1) checking out 'jasper_fpv' ...
2026-02-23 13:46:29.331718 (924781) lic_core INFO    ... (1) checkout failed (error: -5) ("FLEXnet ERROR(-5, 0, 0): No such feature exists.")
2026-02-23 13:46:29.331866 (924781) lic_core INFO    (2) checking out 'jasper_fao' ...
2026-02-23 13:46:29.341758 (924781) lic_core INFO    ... (2) checkout succeeded
2026-02-23 13:46:29.356653 (924781) session_ INFO    Starting analysis session with session id 'session_0' (launcher: <local>) ...
2026-02-23 13:46:29.360507 (924781) session_ INFO    Analysis session with session id 'session_0' started (pid: 924789)
2026-02-23 13:46:30.017831 (924781) session_ INFO    Analysis session 'session_0' connected to the console (host: 127.0.0.1:46540)
2026-02-23 13:46:30.927379 (924781) lic__man INFO    Unclaim everything for 'session_0'.
2026-02-23 13:46:31.019759 (924781) lic__man INFO    Claim 'fpv' for 'session_0'.
2026-02-23 13:46:31.019922 (924781) lic__man INFO    Claim 'fpv' for 'session_0/prove-0'.
2026-02-23 13:46:31.262026 (924781) lic__man INFO    Unclaim everything for 'session_0/prove-0'.
2026-02-23 13:46:31.318708 (924781) main____ INFO    About to exit: request to exit with status 0 received from analysis session 'session_0'
2026-02-23 13:46:31.398193 (924781) session_ INFO    Analysis session 'session_0' disconnected.
2026-02-23 13:46:31.398671 (924781) lic__man INFO    Unclaim everything for 'session_0'.
2026-02-23 13:46:31.399244 (924781) session_ INFO    Process for analysis session 'session_0' has exited with exit status '0'.
2026-02-23 13:46:33.234047 (924781) lic_core INFO    (2) checkin jasper_fao
2026-02-23 13:46:33.236060 (924781) main____ INFO    Exiting with status 0.
