2026-02-23 13:40:12.980633 (2072752) main____ INFO    ----------------------------------------
2026-02-23 13:40:12.980730 (2072752) main____ INFO    JasperGold version info
2026-02-23 13:40:12.980748 (2072752) main____ INFO      tool      : JasperGold 2021.03
2026-02-23 13:40:12.980756 (2072752) main____ INFO      version   : 2021.03 FCS 64 bits
2026-02-23 13:40:12.980761 (2072752) main____ INFO      build date: 2021.03.23 02:50:43 UTC
2026-02-23 13:40:12.980765 (2072752) main____ INFO    ----------------------------------------
2026-02-23 13:40:12.980769 (2072752) main____ INFO    Runtime info:
2026-02-23 13:40:12.980774 (2072752) main____ INFO      platform  : Linux 5.14.0-570.84.1.el9_6.x86_64 x86_64
2026-02-23 13:40:12.980779 (2072752) main____ INFO      hostname  : della-r3c1n15
2026-02-23 13:40:12.980784 (2072752) main____ INFO      pid       : 2072752
2026-02-23 13:40:12.980788 (2072752) main____ INFO      arguments : '-style' 'windows' '-batch' '-proj' './verification_results/01364/jgproject' '-tcl' './jasper_verif_check.tcl'
2026-02-23 13:40:12.980796 (2072752) main____ INFO      locale    : UTF-8
2026-02-23 13:40:12.980801 (2072752) main____ INFO    ----------------------------------------
2026-02-23 13:40:12.980805 (2072752) main____ INFO    System resource limits info:
2026-02-23 13:40:12.980809 (2072752) main____ INFO      virtual memory: unlimited
2026-02-23 13:40:12.980813 (2072752) main____ INFO      cpu time      : unlimited
2026-02-23 13:40:12.980818 (2072752) main____ INFO      stack size    : unlimited
2026-02-23 13:40:12.980822 (2072752) main____ INFO      core file size: unlimited
2026-02-23 13:40:12.980829 (2072752) main____ INFO      open files    : 131072
2026-02-23 13:40:12.980833 (2072752) main____ INFO      file size     : unlimited
2026-02-23 13:40:12.980837 (2072752) main____ INFO    ----------------------------------------
2026-02-23 13:40:12.980841 (2072752) main____ INFO    Memory statistics:
2026-02-23 13:40:12.980845 (2072752) main____ INFO      total physical memory  : 195972072 kB
2026-02-23 13:40:12.980849 (2072752) main____ INFO      free physical memory   : 106982240 kB
2026-02-23 13:40:12.980853 (2072752) main____ INFO      committed address space: 17051996 kB
2026-02-23 13:40:12.980857 (2072752) main____ INFO    ----------------------------------------
2026-02-23 13:40:12.981833 (2072752) main____ INFO    Important environment variables:
2026-02-23 13:40:12.981864 (2072752) main____ INFO      JASPER_HOME       : '/usr/licensed/cadence-20210126/jasper_2021.03'
2026-02-23 13:40:12.981871 (2072752) main____ INFO      JASPER_INSTALL_DIR: '/scratch/gpfs/LICENSED/x86_64/cadence-20210126/jasper_2021.03'
2026-02-23 13:40:12.981876 (2072752) main____ INFO      LANG              : 'en_US.UTF-8'
2026-02-23 13:40:12.981881 (2072752) main____ INFO      LM_LICENSE_FILE   : '5280@license.rc.princeton.edu'
2026-02-23 13:40:12.981886 (2072752) main____ INFO      TMPDIR            : '/tmp/ab2113/jg_5018834_20'
2026-02-23 13:40:12.981891 (2072752) main____ INFO    ----------------------------------------
2026-02-23 13:40:12.988743 (2072752) lic_core INFO    Initializing license system ...
2026-02-23 13:40:12.990825 (2072752) lic_core INFO    ... license system initialized.
2026-02-23 13:40:12.991966 (2072752) lic__man INFO    Claim 'fpv' for <ui>.
2026-02-23 13:40:12.992032 (2072752) lic_core INFO    (1) checking out 'jasper_fpv' ...
2026-02-23 13:40:12.998016 (2072752) lic_core INFO    ... (1) checkout failed (error: -5) ("FLEXnet ERROR(-5, 0, 0): No such feature exists.")
2026-02-23 13:40:12.998054 (2072752) lic_core INFO    (2) checking out 'jasper_fao' ...
2026-02-23 13:40:13.011637 (2072752) lic_core INFO    ... (2) checkout succeeded
2026-02-23 13:40:13.035072 (2072752) session_ INFO    Starting analysis session with session id 'session_0' (launcher: <local>) ...
2026-02-23 13:40:13.037983 (2072752) session_ INFO    Analysis session with session id 'session_0' started (pid: 2072760)
2026-02-23 13:40:14.078109 (2072752) session_ INFO    Analysis session 'session_0' connected to the console (host: 127.0.0.1:58988)
2026-02-23 13:40:14.741329 (2072752) main____ INFO    About to exit: request to exit with status 1 received from analysis session 'session_0'
2026-02-23 13:40:14.842762 (2072752) session_ INFO    Analysis session 'session_0' disconnected.
2026-02-23 13:40:14.845316 (2072752) lic__man INFO    Unclaim everything for 'session_0'.
2026-02-23 13:40:14.845985 (2072752) session_ INFO    Process for analysis session 'session_0' has exited with exit status '1'.
2026-02-23 13:40:16.809898 (2072752) lic_core INFO    (2) checkin jasper_fao
2026-02-23 13:40:16.811249 (2072752) main____ INFO    Exiting with status 1.
