2026-02-23 14:43:18.947763 (1522855) main____ INFO    ----------------------------------------
2026-02-23 14:43:18.947852 (1522855) main____ INFO    JasperGold version info
2026-02-23 14:43:18.947870 (1522855) main____ INFO      tool      : JasperGold 2021.03
2026-02-23 14:43:18.947879 (1522855) main____ INFO      version   : 2021.03 FCS 64 bits
2026-02-23 14:43:18.947886 (1522855) main____ INFO      build date: 2021.03.23 02:50:43 UTC
2026-02-23 14:43:18.947891 (1522855) main____ INFO    ----------------------------------------
2026-02-23 14:43:18.947897 (1522855) main____ INFO    Runtime info:
2026-02-23 14:43:18.947902 (1522855) main____ INFO      platform  : Linux 5.14.0-570.84.1.el9_6.x86_64 x86_64
2026-02-23 14:43:18.947910 (1522855) main____ INFO      hostname  : della-h14n5
2026-02-23 14:43:18.947915 (1522855) main____ INFO      pid       : 1522855
2026-02-23 14:43:18.947921 (1522855) main____ INFO      arguments : '-style' 'windows' '-batch' '-proj' './verification_results/01599/jgproject' '-tcl' './jasper_verif_check.tcl'
2026-02-23 14:43:18.947929 (1522855) main____ INFO      locale    : UTF-8
2026-02-23 14:43:18.947935 (1522855) main____ INFO    ----------------------------------------
2026-02-23 14:43:18.947940 (1522855) main____ INFO    System resource limits info:
2026-02-23 14:43:18.947946 (1522855) main____ INFO      virtual memory: unlimited
2026-02-23 14:43:18.947951 (1522855) main____ INFO      cpu time      : unlimited
2026-02-23 14:43:18.947956 (1522855) main____ INFO      stack size    : unlimited
2026-02-23 14:43:18.947961 (1522855) main____ INFO      core file size: unlimited
2026-02-23 14:43:18.947970 (1522855) main____ INFO      open files    : 131072
2026-02-23 14:43:18.947975 (1522855) main____ INFO      file size     : unlimited
2026-02-23 14:43:18.947980 (1522855) main____ INFO    ----------------------------------------
2026-02-23 14:43:18.947985 (1522855) main____ INFO    Memory statistics:
2026-02-23 14:43:18.947991 (1522855) main____ INFO      total physical memory  : 1584164368 kB
2026-02-23 14:43:18.947996 (1522855) main____ INFO      free physical memory   : 719293780 kB
2026-02-23 14:43:18.948001 (1522855) main____ INFO      committed address space: 532532568 kB
2026-02-23 14:43:18.948006 (1522855) main____ INFO    ----------------------------------------
2026-02-23 14:43:18.948588 (1522855) main____ INFO    Important environment variables:
2026-02-23 14:43:18.948603 (1522855) main____ INFO      JASPER_HOME       : '/usr/licensed/cadence-20210126/jasper_2021.03'
2026-02-23 14:43:18.948610 (1522855) main____ INFO      JASPER_INSTALL_DIR: '/scratch/gpfs/LICENSED/x86_64/cadence-20210126/jasper_2021.03'
2026-02-23 14:43:18.948616 (1522855) main____ INFO      LANG              : 'en_US.UTF-8'
2026-02-23 14:43:18.948622 (1522855) main____ INFO      LM_LICENSE_FILE   : '5280@license.rc.princeton.edu'
2026-02-23 14:43:18.948628 (1522855) main____ INFO      TMPDIR            : '/tmp/ab2113/jg_5018842_24'
2026-02-23 14:43:18.948633 (1522855) main____ INFO    ----------------------------------------
2026-02-23 14:43:18.949161 (1522855) lic_core INFO    Initializing license system ...
2026-02-23 14:43:18.949770 (1522855) lic_core INFO    ... license system initialized.
2026-02-23 14:43:18.950639 (1522855) lic__man INFO    Claim 'fpv' for <ui>.
2026-02-23 14:43:18.950677 (1522855) lic_core INFO    (1) checking out 'jasper_fpv' ...
2026-02-23 14:43:18.957384 (1522855) lic_core INFO    ... (1) checkout failed (error: -5) ("FLEXnet ERROR(-5, 0, 0): No such feature exists.")
2026-02-23 14:43:18.957414 (1522855) lic_core INFO    (2) checking out 'jasper_fao' ...
2026-02-23 14:43:18.966980 (1522855) lic_core INFO    ... (2) checkout succeeded
2026-02-23 14:43:18.979684 (1522855) session_ INFO    Starting analysis session with session id 'session_0' (launcher: <local>) ...
2026-02-23 14:43:18.982850 (1522855) session_ INFO    Analysis session with session id 'session_0' started (pid: 1522863)
2026-02-23 14:43:19.570963 (1522855) session_ INFO    Analysis session 'session_0' connected to the console (host: 127.0.0.1:47326)
2026-02-23 14:43:20.189550 (1522855) main____ INFO    About to exit: request to exit with status 1 received from analysis session 'session_0'
2026-02-23 14:43:20.251405 (1522855) session_ INFO    Analysis session 'session_0' disconnected.
2026-02-23 14:43:20.251570 (1522855) lic__man INFO    Unclaim everything for 'session_0'.
2026-02-23 14:43:20.252595 (1522855) session_ INFO    Process for analysis session 'session_0' has exited with exit status '1'.
2026-02-23 14:43:22.093649 (1522855) lic_core INFO    (2) checkin jasper_fao
2026-02-23 14:43:22.095208 (1522855) main____ INFO    Exiting with status 1.
