2026-02-23 13:40:19.400617 (2856342) main____ INFO    ----------------------------------------
2026-02-23 13:40:19.400686 (2856342) main____ INFO    JasperGold version info
2026-02-23 13:40:19.400705 (2856342) main____ INFO      tool      : JasperGold 2021.03
2026-02-23 13:40:19.400715 (2856342) main____ INFO      version   : 2021.03 FCS 64 bits
2026-02-23 13:40:19.400720 (2856342) main____ INFO      build date: 2021.03.23 02:50:43 UTC
2026-02-23 13:40:19.400726 (2856342) main____ INFO    ----------------------------------------
2026-02-23 13:40:19.400732 (2856342) main____ INFO    Runtime info:
2026-02-23 13:40:19.400739 (2856342) main____ INFO      platform  : Linux 5.14.0-570.84.1.el9_6.x86_64 x86_64
2026-02-23 13:40:19.400745 (2856342) main____ INFO      hostname  : della-h16n9
2026-02-23 13:40:19.400751 (2856342) main____ INFO      pid       : 2856342
2026-02-23 13:40:19.400758 (2856342) main____ INFO      arguments : '-style' 'windows' '-batch' '-proj' './verification_results/01277/jgproject' '-tcl' './jasper_verif_check.tcl'
2026-02-23 13:40:19.400767 (2856342) main____ INFO      locale    : UTF-8
2026-02-23 13:40:19.400773 (2856342) main____ INFO    ----------------------------------------
2026-02-23 13:40:19.400778 (2856342) main____ INFO    System resource limits info:
2026-02-23 13:40:19.400783 (2856342) main____ INFO      virtual memory: unlimited
2026-02-23 13:40:19.400788 (2856342) main____ INFO      cpu time      : unlimited
2026-02-23 13:40:19.400793 (2856342) main____ INFO      stack size    : unlimited
2026-02-23 13:40:19.400798 (2856342) main____ INFO      core file size: unlimited
2026-02-23 13:40:19.400807 (2856342) main____ INFO      open files    : 131072
2026-02-23 13:40:19.400813 (2856342) main____ INFO      file size     : unlimited
2026-02-23 13:40:19.400820 (2856342) main____ INFO    ----------------------------------------
2026-02-23 13:40:19.400826 (2856342) main____ INFO    Memory statistics:
2026-02-23 13:40:19.400832 (2856342) main____ INFO      total physical memory  : 1584164368 kB
2026-02-23 13:40:19.400837 (2856342) main____ INFO      free physical memory   : 836165408 kB
2026-02-23 13:40:19.400842 (2856342) main____ INFO      committed address space: 651220336 kB
2026-02-23 13:40:19.400849 (2856342) main____ INFO    ----------------------------------------
2026-02-23 13:40:19.401397 (2856342) main____ INFO    Important environment variables:
2026-02-23 13:40:19.401414 (2856342) main____ INFO      JASPER_HOME       : '/usr/licensed/cadence-20210126/jasper_2021.03'
2026-02-23 13:40:19.401420 (2856342) main____ INFO      JASPER_INSTALL_DIR: '/scratch/gpfs/LICENSED/x86_64/cadence-20210126/jasper_2021.03'
2026-02-23 13:40:19.401427 (2856342) main____ INFO      LANG              : 'en_US.UTF-8'
2026-02-23 13:40:19.401434 (2856342) main____ INFO      LM_LICENSE_FILE   : '5280@license.rc.princeton.edu'
2026-02-23 13:40:19.401440 (2856342) main____ INFO      TMPDIR            : '/tmp/ab2113/jg_5018829_18'
2026-02-23 13:40:19.401445 (2856342) main____ INFO    ----------------------------------------
2026-02-23 13:40:19.401954 (2856342) lic_core INFO    Initializing license system ...
2026-02-23 13:40:19.402497 (2856342) lic_core INFO    ... license system initialized.
2026-02-23 13:40:19.403290 (2856342) lic__man INFO    Claim 'fpv' for <ui>.
2026-02-23 13:40:19.403324 (2856342) lic_core INFO    (1) checking out 'jasper_fpv' ...
2026-02-23 13:40:19.409051 (2856342) lic_core INFO    ... (1) checkout failed (error: -5) ("FLEXnet ERROR(-5, 0, 0): No such feature exists.")
2026-02-23 13:40:19.409081 (2856342) lic_core INFO    (2) checking out 'jasper_fao' ...
2026-02-23 13:40:19.418151 (2856342) lic_core INFO    ... (2) checkout succeeded
2026-02-23 13:40:19.429123 (2856342) session_ INFO    Starting analysis session with session id 'session_0' (launcher: <local>) ...
2026-02-23 13:40:19.432105 (2856342) session_ INFO    Analysis session with session id 'session_0' started (pid: 2856419)
2026-02-23 13:40:19.961833 (2856342) session_ INFO    Analysis session 'session_0' connected to the console (host: 127.0.0.1:33182)
2026-02-23 13:40:20.464982 (2856342) main____ INFO    About to exit: request to exit with status 1 received from analysis session 'session_0'
2026-02-23 13:40:20.518228 (2856342) session_ INFO    Analysis session 'session_0' disconnected.
2026-02-23 13:40:20.518361 (2856342) lic__man INFO    Unclaim everything for 'session_0'.
2026-02-23 13:40:20.519252 (2856342) session_ INFO    Process for analysis session 'session_0' has exited with exit status '1'.
2026-02-23 13:40:22.569738 (2856342) lic_core INFO    (2) checkin jasper_fao
2026-02-23 13:40:22.571308 (2856342) main____ INFO    Exiting with status 1.
