2026-02-23 13:38:25.698520 (1439858) main____ INFO    ----------------------------------------
2026-02-23 13:38:25.698605 (1439858) main____ INFO    JasperGold version info
2026-02-23 13:38:25.698621 (1439858) main____ INFO      tool      : JasperGold 2021.03
2026-02-23 13:38:25.698631 (1439858) main____ INFO      version   : 2021.03 FCS 64 bits
2026-02-23 13:38:25.698637 (1439858) main____ INFO      build date: 2021.03.23 02:50:43 UTC
2026-02-23 13:38:25.698643 (1439858) main____ INFO    ----------------------------------------
2026-02-23 13:38:25.698648 (1439858) main____ INFO    Runtime info:
2026-02-23 13:38:25.698654 (1439858) main____ INFO      platform  : Linux 5.14.0-570.84.1.el9_6.x86_64 x86_64
2026-02-23 13:38:25.698660 (1439858) main____ INFO      hostname  : della-h14n5
2026-02-23 13:38:25.698666 (1439858) main____ INFO      pid       : 1439858
2026-02-23 13:38:25.698671 (1439858) main____ INFO      arguments : '-style' 'windows' '-batch' '-proj' './verification_results/00964/jgproject' '-tcl' './jasper_verif_check.tcl'
2026-02-23 13:38:25.698681 (1439858) main____ INFO      locale    : UTF-8
2026-02-23 13:38:25.698688 (1439858) main____ INFO    ----------------------------------------
2026-02-23 13:38:25.698694 (1439858) main____ INFO    System resource limits info:
2026-02-23 13:38:25.698700 (1439858) main____ INFO      virtual memory: unlimited
2026-02-23 13:38:25.698705 (1439858) main____ INFO      cpu time      : unlimited
2026-02-23 13:38:25.698710 (1439858) main____ INFO      stack size    : unlimited
2026-02-23 13:38:25.698715 (1439858) main____ INFO      core file size: unlimited
2026-02-23 13:38:25.698723 (1439858) main____ INFO      open files    : 131072
2026-02-23 13:38:25.698730 (1439858) main____ INFO      file size     : unlimited
2026-02-23 13:38:25.698735 (1439858) main____ INFO    ----------------------------------------
2026-02-23 13:38:25.698740 (1439858) main____ INFO    Memory statistics:
2026-02-23 13:38:25.698746 (1439858) main____ INFO      total physical memory  : 1584164368 kB
2026-02-23 13:38:25.698751 (1439858) main____ INFO      free physical memory   : 702867532 kB
2026-02-23 13:38:25.698757 (1439858) main____ INFO      committed address space: 532955460 kB
2026-02-23 13:38:25.698763 (1439858) main____ INFO    ----------------------------------------
2026-02-23 13:38:25.699304 (1439858) main____ INFO    Important environment variables:
2026-02-23 13:38:25.699319 (1439858) main____ INFO      JASPER_HOME       : '/usr/licensed/cadence-20210126/jasper_2021.03'
2026-02-23 13:38:25.699328 (1439858) main____ INFO      JASPER_INSTALL_DIR: '/scratch/gpfs/LICENSED/x86_64/cadence-20210126/jasper_2021.03'
2026-02-23 13:38:25.699335 (1439858) main____ INFO      LANG              : 'en_US.UTF-8'
2026-02-23 13:38:25.699342 (1439858) main____ INFO      LM_LICENSE_FILE   : '5280@license.rc.princeton.edu'
2026-02-23 13:38:25.699349 (1439858) main____ INFO      TMPDIR            : '/tmp/ab2113/jg_5018806_12'
2026-02-23 13:38:25.699355 (1439858) main____ INFO    ----------------------------------------
2026-02-23 13:38:25.699838 (1439858) lic_core INFO    Initializing license system ...
2026-02-23 13:38:25.700417 (1439858) lic_core INFO    ... license system initialized.
2026-02-23 13:38:25.701492 (1439858) lic__man INFO    Claim 'fpv' for <ui>.
2026-02-23 13:38:25.701585 (1439858) lic_core INFO    (1) checking out 'jasper_fpv' ...
2026-02-23 13:38:25.707833 (1439858) lic_core INFO    ... (1) checkout failed (error: -5) ("FLEXnet ERROR(-5, 0, 0): No such feature exists.")
2026-02-23 13:38:25.707873 (1439858) lic_core INFO    (2) checking out 'jasper_fao' ...
2026-02-23 13:38:25.717348 (1439858) lic_core INFO    ... (2) checkout succeeded
2026-02-23 13:38:25.728858 (1439858) session_ INFO    Starting analysis session with session id 'session_0' (launcher: <local>) ...
2026-02-23 13:38:25.732533 (1439858) session_ INFO    Analysis session with session id 'session_0' started (pid: 1439880)
2026-02-23 13:38:26.335622 (1439858) session_ INFO    Analysis session 'session_0' connected to the console (host: 127.0.0.1:36118)
2026-02-23 13:38:27.159507 (1439858) main____ INFO    About to exit: request to exit with status 1 received from analysis session 'session_0'
2026-02-23 13:38:27.209261 (1439858) session_ INFO    Analysis session 'session_0' disconnected.
2026-02-23 13:38:27.209387 (1439858) lic__man INFO    Unclaim everything for 'session_0'.
2026-02-23 13:38:27.210992 (1439858) session_ INFO    Process for analysis session 'session_0' has exited with exit status '1'.
2026-02-23 13:38:29.084078 (1439858) lic_core INFO    (2) checkin jasper_fao
2026-02-23 13:38:29.085783 (1439858) main____ INFO    Exiting with status 1.
