2026-02-23 13:46:29.318665 (1381755) main____ INFO    ----------------------------------------
2026-02-23 13:46:29.318781 (1381755) main____ INFO    JasperGold version info
2026-02-23 13:46:29.318804 (1381755) main____ INFO      tool      : JasperGold 2021.03
2026-02-23 13:46:29.318814 (1381755) main____ INFO      version   : 2021.03 FCS 64 bits
2026-02-23 13:46:29.318820 (1381755) main____ INFO      build date: 2021.03.23 02:50:43 UTC
2026-02-23 13:46:29.318824 (1381755) main____ INFO    ----------------------------------------
2026-02-23 13:46:29.318828 (1381755) main____ INFO    Runtime info:
2026-02-23 13:46:29.318833 (1381755) main____ INFO      platform  : Linux 5.14.0-570.84.1.el9_6.x86_64 x86_64
2026-02-23 13:46:29.318839 (1381755) main____ INFO      hostname  : della-r3c3n3
2026-02-23 13:46:29.318844 (1381755) main____ INFO      pid       : 1381755
2026-02-23 13:46:29.318849 (1381755) main____ INFO      arguments : '-style' 'windows' '-batch' '-proj' './verification_results/02240/jgproject' '-tcl' './jasper_verif_check.tcl'
2026-02-23 13:46:29.318857 (1381755) main____ INFO      locale    : UTF-8
2026-02-23 13:46:29.318862 (1381755) main____ INFO    ----------------------------------------
2026-02-23 13:46:29.318865 (1381755) main____ INFO    System resource limits info:
2026-02-23 13:46:29.318870 (1381755) main____ INFO      virtual memory: unlimited
2026-02-23 13:46:29.318874 (1381755) main____ INFO      cpu time      : unlimited
2026-02-23 13:46:29.318878 (1381755) main____ INFO      stack size    : unlimited
2026-02-23 13:46:29.318882 (1381755) main____ INFO      core file size: unlimited
2026-02-23 13:46:29.318891 (1381755) main____ INFO      open files    : 131072
2026-02-23 13:46:29.318895 (1381755) main____ INFO      file size     : unlimited
2026-02-23 13:46:29.318899 (1381755) main____ INFO    ----------------------------------------
2026-02-23 13:46:29.318903 (1381755) main____ INFO    Memory statistics:
2026-02-23 13:46:29.318908 (1381755) main____ INFO      total physical memory  : 195972168 kB
2026-02-23 13:46:29.318913 (1381755) main____ INFO      free physical memory   : 109853272 kB
2026-02-23 13:46:29.318917 (1381755) main____ INFO      committed address space: 57336324 kB
2026-02-23 13:46:29.318921 (1381755) main____ INFO    ----------------------------------------
2026-02-23 13:46:29.319922 (1381755) main____ INFO    Important environment variables:
2026-02-23 13:46:29.319948 (1381755) main____ INFO      JASPER_HOME       : '/usr/licensed/cadence-20210126/jasper_2021.03'
2026-02-23 13:46:29.319955 (1381755) main____ INFO      JASPER_INSTALL_DIR: '/scratch/gpfs/LICENSED/x86_64/cadence-20210126/jasper_2021.03'
2026-02-23 13:46:29.319960 (1381755) main____ INFO      LANG              : 'en_US.UTF-8'
2026-02-23 13:46:29.319965 (1381755) main____ INFO      LM_LICENSE_FILE   : '5280@license.rc.princeton.edu'
2026-02-23 13:46:29.319970 (1381755) main____ INFO      TMPDIR            : '/tmp/ab2113/jg_5018902_37'
2026-02-23 13:46:29.319975 (1381755) main____ INFO    ----------------------------------------
2026-02-23 13:46:29.320883 (1381755) lic_core INFO    Initializing license system ...
2026-02-23 13:46:29.321778 (1381755) lic_core INFO    ... license system initialized.
2026-02-23 13:46:29.322629 (1381755) lic__man INFO    Claim 'fpv' for <ui>.
2026-02-23 13:46:29.322679 (1381755) lic_core INFO    (1) checking out 'jasper_fpv' ...
2026-02-23 13:46:29.327702 (1381755) lic_core INFO    ... (1) checkout failed (error: -5) ("FLEXnet ERROR(-5, 0, 0): No such feature exists.")
2026-02-23 13:46:29.327766 (1381755) lic_core INFO    (2) checking out 'jasper_fao' ...
2026-02-23 13:46:29.338659 (1381755) lic_core INFO    ... (2) checkout succeeded
2026-02-23 13:46:29.353628 (1381755) session_ INFO    Starting analysis session with session id 'session_0' (launcher: <local>) ...
2026-02-23 13:46:29.356982 (1381755) session_ INFO    Analysis session with session id 'session_0' started (pid: 1381763)
2026-02-23 13:46:30.110204 (1381755) session_ INFO    Analysis session 'session_0' connected to the console (host: 127.0.0.1:57458)
2026-02-23 13:46:30.945474 (1381755) lic__man INFO    Unclaim everything for 'session_0'.
2026-02-23 13:46:31.006523 (1381755) main____ INFO    About to exit: request to exit with status 3 received from analysis session 'session_0'
2026-02-23 13:46:31.086485 (1381755) session_ INFO    Analysis session 'session_0' disconnected.
2026-02-23 13:46:31.086613 (1381755) lic__man INFO    Unclaim everything for 'session_0'.
2026-02-23 13:46:31.087171 (1381755) session_ INFO    Process for analysis session 'session_0' has exited with exit status '3'.
2026-02-23 13:46:33.038293 (1381755) lic_core INFO    (2) checkin jasper_fao
2026-02-23 13:46:33.039910 (1381755) main____ INFO    Exiting with status 3.
