2026-02-20 17:25:47.895123 (2523375) main____ INFO    ----------------------------------------
2026-02-20 17:25:47.895233 (2523375) main____ INFO    JasperGold version info
2026-02-20 17:25:47.895254 (2523375) main____ INFO      tool      : JasperGold 2021.03
2026-02-20 17:25:47.895263 (2523375) main____ INFO      version   : 2021.03 FCS 64 bits
2026-02-20 17:25:47.895268 (2523375) main____ INFO      build date: 2021.03.23 02:50:43 UTC
2026-02-20 17:25:47.895273 (2523375) main____ INFO    ----------------------------------------
2026-02-20 17:25:47.895277 (2523375) main____ INFO    Runtime info:
2026-02-20 17:25:47.895281 (2523375) main____ INFO      platform  : Linux 5.14.0-570.84.1.el9_6.x86_64 x86_64
2026-02-20 17:25:47.895287 (2523375) main____ INFO      hostname  : della-i13n22
2026-02-20 17:25:47.895292 (2523375) main____ INFO      pid       : 2523375
2026-02-20 17:25:47.895296 (2523375) main____ INFO      arguments : '-style' 'windows' '-batch' '-proj' 'verification_results/00150/jgproject' '-tcl' './jasper_verif_check.tcl'
2026-02-20 17:25:47.895304 (2523375) main____ INFO      locale    : UTF-8
2026-02-20 17:25:47.895308 (2523375) main____ INFO    ----------------------------------------
2026-02-20 17:25:47.895312 (2523375) main____ INFO    System resource limits info:
2026-02-20 17:25:47.895316 (2523375) main____ INFO      virtual memory: unlimited
2026-02-20 17:25:47.895320 (2523375) main____ INFO      cpu time      : unlimited
2026-02-20 17:25:47.895324 (2523375) main____ INFO      stack size    : unlimited
2026-02-20 17:25:47.895328 (2523375) main____ INFO      core file size: unlimited
2026-02-20 17:25:47.895336 (2523375) main____ INFO      open files    : 131072
2026-02-20 17:25:47.895340 (2523375) main____ INFO      file size     : unlimited
2026-02-20 17:25:47.895344 (2523375) main____ INFO    ----------------------------------------
2026-02-20 17:25:47.895348 (2523375) main____ INFO    Memory statistics:
2026-02-20 17:25:47.895352 (2523375) main____ INFO      total physical memory  : 394157548 kB
2026-02-20 17:25:47.895356 (2523375) main____ INFO      free physical memory   : 197581628 kB
2026-02-20 17:25:47.895360 (2523375) main____ INFO      committed address space: 161831264 kB
2026-02-20 17:25:47.895363 (2523375) main____ INFO    ----------------------------------------
2026-02-20 17:25:47.896253 (2523375) main____ INFO    Important environment variables:
2026-02-20 17:25:47.896271 (2523375) main____ INFO      JASPER_HOME       : '/usr/licensed/cadence-20210126/jasper_2021.03'
2026-02-20 17:25:47.896278 (2523375) main____ INFO      JASPER_INSTALL_DIR: '/scratch/gpfs/LICENSED/x86_64/cadence-20210126/jasper_2021.03'
2026-02-20 17:25:47.896283 (2523375) main____ INFO      LANG              : 'en_US.UTF-8'
2026-02-20 17:25:47.896288 (2523375) main____ INFO      LM_LICENSE_FILE   : '5280@license.rc.princeton.edu'
2026-02-20 17:25:47.896293 (2523375) main____ INFO      TMPDIR            : '/tmp'
2026-02-20 17:25:47.896297 (2523375) main____ INFO    ----------------------------------------
2026-02-20 17:25:47.897318 (2523375) lic_core INFO    Initializing license system ...
2026-02-20 17:25:47.898304 (2523375) lic_core INFO    ... license system initialized.
2026-02-20 17:25:47.899185 (2523375) lic__man INFO    Claim 'fpv' for <ui>.
2026-02-20 17:25:47.899234 (2523375) lic_core INFO    (1) checking out 'jasper_fpv' ...
2026-02-20 17:25:47.904951 (2523375) lic_core INFO    ... (1) checkout failed (error: -5) ("FLEXnet ERROR(-5, 0, 0): No such feature exists.")
2026-02-20 17:25:47.905013 (2523375) lic_core INFO    (2) checking out 'jasper_fao' ...
2026-02-20 17:25:47.915539 (2523375) lic_core INFO    ... (2) checkout succeeded
2026-02-20 17:25:47.930272 (2523375) session_ INFO    Starting analysis session with session id 'session_0' (launcher: <local>) ...
2026-02-20 17:25:47.933725 (2523375) session_ INFO    Analysis session with session id 'session_0' started (pid: 2523383)
2026-02-20 17:25:48.696538 (2523375) session_ INFO    Analysis session 'session_0' connected to the console (host: 127.0.0.1:44422)
2026-02-20 17:25:49.282527 (2523375) main____ INFO    About to exit: request to exit with status 1 received from analysis session 'session_0'
2026-02-20 17:25:49.390703 (2523375) session_ INFO    Analysis session 'session_0' disconnected.
2026-02-20 17:25:49.390856 (2523375) lic__man INFO    Unclaim everything for 'session_0'.
2026-02-20 17:25:49.391486 (2523375) session_ INFO    Process for analysis session 'session_0' has exited with exit status '1'.
2026-02-20 17:25:51.388317 (2523375) lic_core INFO    (2) checkin jasper_fao
2026-02-20 17:25:51.389847 (2523375) main____ INFO    Exiting with status 1.
