2026-02-23 13:48:55.335671 (932484) main____ INFO    ----------------------------------------
2026-02-23 13:48:55.335754 (932484) main____ INFO    JasperGold version info
2026-02-23 13:48:55.335769 (932484) main____ INFO      tool      : JasperGold 2021.03
2026-02-23 13:48:55.335778 (932484) main____ INFO      version   : 2021.03 FCS 64 bits
2026-02-23 13:48:55.335785 (932484) main____ INFO      build date: 2021.03.23 02:50:43 UTC
2026-02-23 13:48:55.335791 (932484) main____ INFO    ----------------------------------------
2026-02-23 13:48:55.335796 (932484) main____ INFO    Runtime info:
2026-02-23 13:48:55.335801 (932484) main____ INFO      platform  : Linux 5.14.0-570.84.1.el9_6.x86_64 x86_64
2026-02-23 13:48:55.335807 (932484) main____ INFO      hostname  : della-h14n16
2026-02-23 13:48:55.335812 (932484) main____ INFO      pid       : 932484
2026-02-23 13:48:55.335817 (932484) main____ INFO      arguments : '-style' 'windows' '-batch' '-proj' './verification_results/03030/jgproject' '-tcl' './jasper_verif_check.tcl'
2026-02-23 13:48:55.335825 (932484) main____ INFO      locale    : UTF-8
2026-02-23 13:48:55.335831 (932484) main____ INFO    ----------------------------------------
2026-02-23 13:48:55.335836 (932484) main____ INFO    System resource limits info:
2026-02-23 13:48:55.335841 (932484) main____ INFO      virtual memory: unlimited
2026-02-23 13:48:55.335847 (932484) main____ INFO      cpu time      : unlimited
2026-02-23 13:48:55.335852 (932484) main____ INFO      stack size    : unlimited
2026-02-23 13:48:55.335856 (932484) main____ INFO      core file size: unlimited
2026-02-23 13:48:55.335864 (932484) main____ INFO      open files    : 131072
2026-02-23 13:48:55.335870 (932484) main____ INFO      file size     : unlimited
2026-02-23 13:48:55.335876 (932484) main____ INFO    ----------------------------------------
2026-02-23 13:48:55.335881 (932484) main____ INFO    Memory statistics:
2026-02-23 13:48:55.335887 (932484) main____ INFO      total physical memory  : 1584164324 kB
2026-02-23 13:48:55.335892 (932484) main____ INFO      free physical memory   : 925076528 kB
2026-02-23 13:48:55.335898 (932484) main____ INFO      committed address space: 447290464 kB
2026-02-23 13:48:55.335904 (932484) main____ INFO    ----------------------------------------
2026-02-23 13:48:55.336420 (932484) main____ INFO    Important environment variables:
2026-02-23 13:48:55.336434 (932484) main____ INFO      JASPER_HOME       : '/usr/licensed/cadence-20210126/jasper_2021.03'
2026-02-23 13:48:55.336441 (932484) main____ INFO      JASPER_INSTALL_DIR: '/scratch/gpfs/LICENSED/x86_64/cadence-20210126/jasper_2021.03'
2026-02-23 13:48:55.336447 (932484) main____ INFO      LANG              : 'en_US.UTF-8'
2026-02-23 13:48:55.336453 (932484) main____ INFO      LM_LICENSE_FILE   : '5280@license.rc.princeton.edu'
2026-02-23 13:48:55.336459 (932484) main____ INFO      TMPDIR            : '/tmp/ab2113/jg_5018967_53'
2026-02-23 13:48:55.336464 (932484) main____ INFO    ----------------------------------------
2026-02-23 13:48:55.336974 (932484) lic_core INFO    Initializing license system ...
2026-02-23 13:48:55.337506 (932484) lic_core INFO    ... license system initialized.
2026-02-23 13:48:55.338286 (932484) lic__man INFO    Claim 'fpv' for <ui>.
2026-02-23 13:48:55.338321 (932484) lic_core INFO    (1) checking out 'jasper_fpv' ...
2026-02-23 13:48:55.344886 (932484) lic_core INFO    ... (1) checkout failed (error: -5) ("FLEXnet ERROR(-5, 0, 0): No such feature exists.")
2026-02-23 13:48:55.344914 (932484) lic_core INFO    (2) checking out 'jasper_fao' ...
2026-02-23 13:48:55.353622 (932484) lic_core INFO    ... (2) checkout succeeded
2026-02-23 13:48:55.366222 (932484) session_ INFO    Starting analysis session with session id 'session_0' (launcher: <local>) ...
2026-02-23 13:48:55.369234 (932484) session_ INFO    Analysis session with session id 'session_0' started (pid: 932492)
2026-02-23 13:48:55.960922 (932484) session_ INFO    Analysis session 'session_0' connected to the console (host: 127.0.0.1:57606)
2026-02-23 13:48:56.490704 (932484) main____ INFO    About to exit: request to exit with status 1 received from analysis session 'session_0'
2026-02-23 13:48:56.540888 (932484) session_ INFO    Analysis session 'session_0' disconnected.
2026-02-23 13:48:56.541028 (932484) lic__man INFO    Unclaim everything for 'session_0'.
2026-02-23 13:48:56.542075 (932484) session_ INFO    Process for analysis session 'session_0' has exited with exit status '1'.
2026-02-23 13:48:58.586610 (932484) lic_core INFO    (2) checkin jasper_fao
2026-02-23 13:48:58.587967 (932484) main____ INFO    Exiting with status 1.
