2026-02-23 13:55:51.122421 (2688302) main____ INFO    ----------------------------------------
2026-02-23 13:55:51.122533 (2688302) main____ INFO    JasperGold version info
2026-02-23 13:55:51.122553 (2688302) main____ INFO      tool      : JasperGold 2021.03
2026-02-23 13:55:51.122563 (2688302) main____ INFO      version   : 2021.03 FCS 64 bits
2026-02-23 13:55:51.122568 (2688302) main____ INFO      build date: 2021.03.23 02:50:43 UTC
2026-02-23 13:55:51.122572 (2688302) main____ INFO    ----------------------------------------
2026-02-23 13:55:51.122577 (2688302) main____ INFO    Runtime info:
2026-02-23 13:55:51.122581 (2688302) main____ INFO      platform  : Linux 5.14.0-570.84.1.el9_6.x86_64 x86_64
2026-02-23 13:55:51.122588 (2688302) main____ INFO      hostname  : della-r3c3n12
2026-02-23 13:55:51.122593 (2688302) main____ INFO      pid       : 2688302
2026-02-23 13:55:51.122597 (2688302) main____ INFO      arguments : '-style' 'windows' '-batch' '-proj' './verification_results/04133/jgproject' '-tcl' './jasper_verif_check.tcl'
2026-02-23 13:55:51.122606 (2688302) main____ INFO      locale    : UTF-8
2026-02-23 13:55:51.122610 (2688302) main____ INFO    ----------------------------------------
2026-02-23 13:55:51.122614 (2688302) main____ INFO    System resource limits info:
2026-02-23 13:55:51.122619 (2688302) main____ INFO      virtual memory: unlimited
2026-02-23 13:55:51.122624 (2688302) main____ INFO      cpu time      : unlimited
2026-02-23 13:55:51.122628 (2688302) main____ INFO      stack size    : unlimited
2026-02-23 13:55:51.122632 (2688302) main____ INFO      core file size: unlimited
2026-02-23 13:55:51.122640 (2688302) main____ INFO      open files    : 131072
2026-02-23 13:55:51.122645 (2688302) main____ INFO      file size     : unlimited
2026-02-23 13:55:51.122649 (2688302) main____ INFO    ----------------------------------------
2026-02-23 13:55:51.122653 (2688302) main____ INFO    Memory statistics:
2026-02-23 13:55:51.122658 (2688302) main____ INFO      total physical memory  : 195972156 kB
2026-02-23 13:55:51.122662 (2688302) main____ INFO      free physical memory   : 109809340 kB
2026-02-23 13:55:51.122667 (2688302) main____ INFO      committed address space: 58881296 kB
2026-02-23 13:55:51.122671 (2688302) main____ INFO    ----------------------------------------
2026-02-23 13:55:51.123659 (2688302) main____ INFO    Important environment variables:
2026-02-23 13:55:51.123683 (2688302) main____ INFO      JASPER_HOME       : '/usr/licensed/cadence-20210126/jasper_2021.03'
2026-02-23 13:55:51.123689 (2688302) main____ INFO      JASPER_INSTALL_DIR: '/scratch/gpfs/LICENSED/x86_64/cadence-20210126/jasper_2021.03'
2026-02-23 13:55:51.123695 (2688302) main____ INFO      LANG              : 'en_US.UTF-8'
2026-02-23 13:55:51.123700 (2688302) main____ INFO      LM_LICENSE_FILE   : '5280@license.rc.princeton.edu'
2026-02-23 13:55:51.123705 (2688302) main____ INFO      TMPDIR            : '/tmp/ab2113/jg_5019110_75'
2026-02-23 13:55:51.123709 (2688302) main____ INFO    ----------------------------------------
2026-02-23 13:55:51.124665 (2688302) lic_core INFO    Initializing license system ...
2026-02-23 13:55:51.125580 (2688302) lic_core INFO    ... license system initialized.
2026-02-23 13:55:51.126453 (2688302) lic__man INFO    Claim 'fpv' for <ui>.
2026-02-23 13:55:51.126503 (2688302) lic_core INFO    (1) checking out 'jasper_fpv' ...
2026-02-23 13:55:51.132533 (2688302) lic_core INFO    ... (1) checkout failed (error: -5) ("FLEXnet ERROR(-5, 0, 0): No such feature exists.")
2026-02-23 13:55:51.132593 (2688302) lic_core INFO    (2) checking out 'jasper_fao' ...
2026-02-23 13:55:51.143175 (2688302) lic_core INFO    ... (2) checkout succeeded
2026-02-23 13:55:51.160571 (2688302) session_ INFO    Starting analysis session with session id 'session_0' (launcher: <local>) ...
2026-02-23 13:55:51.163890 (2688302) session_ INFO    Analysis session with session id 'session_0' started (pid: 2688310)
2026-02-23 13:55:51.934871 (2688302) session_ INFO    Analysis session 'session_0' connected to the console (host: 127.0.0.1:48328)
2026-02-23 13:55:52.849440 (2688302) main____ INFO    About to exit: request to exit with status 1 received from analysis session 'session_0'
2026-02-23 13:55:52.963833 (2688302) session_ INFO    Analysis session 'session_0' disconnected.
2026-02-23 13:55:52.963969 (2688302) lic__man INFO    Unclaim everything for 'session_0'.
2026-02-23 13:55:52.964603 (2688302) session_ INFO    Process for analysis session 'session_0' has exited with exit status '1'.
2026-02-23 13:55:54.923658 (2688302) lic_core INFO    (2) checkin jasper_fao
2026-02-23 13:55:54.925371 (2688302) main____ INFO    Exiting with status 1.
