2026-02-20 18:27:23.365292 (2588827) main____ INFO    ----------------------------------------
2026-02-20 18:27:23.365417 (2588827) main____ INFO    JasperGold version info
2026-02-20 18:27:23.365441 (2588827) main____ INFO      tool      : JasperGold 2021.03
2026-02-20 18:27:23.365452 (2588827) main____ INFO      version   : 2021.03 FCS 64 bits
2026-02-20 18:27:23.365458 (2588827) main____ INFO      build date: 2021.03.23 02:50:43 UTC
2026-02-20 18:27:23.365462 (2588827) main____ INFO    ----------------------------------------
2026-02-20 18:27:23.365466 (2588827) main____ INFO    Runtime info:
2026-02-20 18:27:23.365471 (2588827) main____ INFO      platform  : Linux 5.14.0-570.84.1.el9_6.x86_64 x86_64
2026-02-20 18:27:23.365477 (2588827) main____ INFO      hostname  : della-i13n22
2026-02-20 18:27:23.365482 (2588827) main____ INFO      pid       : 2588827
2026-02-20 18:27:23.365486 (2588827) main____ INFO      arguments : '-style' 'windows' '-batch' '-proj' 'verification_results/00818/jgproject' '-tcl' './jasper_verif_check.tcl'
2026-02-20 18:27:23.365494 (2588827) main____ INFO      locale    : UTF-8
2026-02-20 18:27:23.365498 (2588827) main____ INFO    ----------------------------------------
2026-02-20 18:27:23.365502 (2588827) main____ INFO    System resource limits info:
2026-02-20 18:27:23.365506 (2588827) main____ INFO      virtual memory: unlimited
2026-02-20 18:27:23.365511 (2588827) main____ INFO      cpu time      : unlimited
2026-02-20 18:27:23.365515 (2588827) main____ INFO      stack size    : unlimited
2026-02-20 18:27:23.365519 (2588827) main____ INFO      core file size: unlimited
2026-02-20 18:27:23.365527 (2588827) main____ INFO      open files    : 131072
2026-02-20 18:27:23.365531 (2588827) main____ INFO      file size     : unlimited
2026-02-20 18:27:23.365535 (2588827) main____ INFO    ----------------------------------------
2026-02-20 18:27:23.365538 (2588827) main____ INFO    Memory statistics:
2026-02-20 18:27:23.365543 (2588827) main____ INFO      total physical memory  : 394157548 kB
2026-02-20 18:27:23.365547 (2588827) main____ INFO      free physical memory   : 177313044 kB
2026-02-20 18:27:23.365550 (2588827) main____ INFO      committed address space: 181326700 kB
2026-02-20 18:27:23.365554 (2588827) main____ INFO    ----------------------------------------
2026-02-20 18:27:23.366453 (2588827) main____ INFO    Important environment variables:
2026-02-20 18:27:23.366471 (2588827) main____ INFO      JASPER_HOME       : '/usr/licensed/cadence-20210126/jasper_2021.03'
2026-02-20 18:27:23.366477 (2588827) main____ INFO      JASPER_INSTALL_DIR: '/scratch/gpfs/LICENSED/x86_64/cadence-20210126/jasper_2021.03'
2026-02-20 18:27:23.366482 (2588827) main____ INFO      LANG              : 'en_US.UTF-8'
2026-02-20 18:27:23.366487 (2588827) main____ INFO      LM_LICENSE_FILE   : '5280@license.rc.princeton.edu'
2026-02-20 18:27:23.366491 (2588827) main____ INFO      TMPDIR            : '/tmp'
2026-02-20 18:27:23.366495 (2588827) main____ INFO    ----------------------------------------
2026-02-20 18:27:23.367475 (2588827) lic_core INFO    Initializing license system ...
2026-02-20 18:27:23.368408 (2588827) lic_core INFO    ... license system initialized.
2026-02-20 18:27:23.369247 (2588827) lic__man INFO    Claim 'fpv' for <ui>.
2026-02-20 18:27:23.369298 (2588827) lic_core INFO    (1) checking out 'jasper_fpv' ...
2026-02-20 18:27:23.375233 (2588827) lic_core INFO    ... (1) checkout failed (error: -5) ("FLEXnet ERROR(-5, 0, 0): No such feature exists.")
2026-02-20 18:27:23.375305 (2588827) lic_core INFO    (2) checking out 'jasper_fao' ...
2026-02-20 18:27:23.385843 (2588827) lic_core INFO    ... (2) checkout succeeded
2026-02-20 18:27:23.400349 (2588827) session_ INFO    Starting analysis session with session id 'session_0' (launcher: <local>) ...
2026-02-20 18:27:23.404019 (2588827) session_ INFO    Analysis session with session id 'session_0' started (pid: 2588835)
2026-02-20 18:27:24.155118 (2588827) session_ INFO    Analysis session 'session_0' connected to the console (host: 127.0.0.1:54918)
2026-02-20 18:27:24.993408 (2588827) lic__man INFO    Unclaim everything for 'session_0'.
2026-02-20 18:27:25.039353 (2588827) lic__man INFO    Claim 'fpv' for 'session_0'.
2026-02-20 18:27:25.039411 (2588827) lic__man INFO    Claim 'fpv' for 'session_0/prove-0'.
2026-02-20 18:27:25.182324 (2588827) lic__man INFO    Unclaim everything for 'session_0/prove-0'.
2026-02-20 18:27:25.241499 (2588827) main____ INFO    About to exit: request to exit with status 0 received from analysis session 'session_0'
2026-02-20 18:27:25.346693 (2588827) session_ INFO    Analysis session 'session_0' disconnected.
2026-02-20 18:27:25.346843 (2588827) lic__man INFO    Unclaim everything for 'session_0'.
2026-02-20 18:27:25.347493 (2588827) session_ INFO    Process for analysis session 'session_0' has exited with exit status '0'.
2026-02-20 18:27:27.149897 (2588827) lic_core INFO    (2) checkin jasper_fao
2026-02-20 18:27:27.151493 (2588827) main____ INFO    Exiting with status 0.
