2026-02-23 13:43:18.243861 (110223) main____ INFO    ----------------------------------------
2026-02-23 13:43:18.243933 (110223) main____ INFO    JasperGold version info
2026-02-23 13:43:18.243949 (110223) main____ INFO      tool      : JasperGold 2021.03
2026-02-23 13:43:18.243958 (110223) main____ INFO      version   : 2021.03 FCS 64 bits
2026-02-23 13:43:18.243965 (110223) main____ INFO      build date: 2021.03.23 02:50:43 UTC
2026-02-23 13:43:18.243970 (110223) main____ INFO    ----------------------------------------
2026-02-23 13:43:18.243975 (110223) main____ INFO    Runtime info:
2026-02-23 13:43:18.243980 (110223) main____ INFO      platform  : Linux 5.14.0-570.84.1.el9_6.x86_64 x86_64
2026-02-23 13:43:18.243987 (110223) main____ INFO      hostname  : della-h14n2
2026-02-23 13:43:18.243992 (110223) main____ INFO      pid       : 110223
2026-02-23 13:43:18.243997 (110223) main____ INFO      arguments : '-style' 'windows' '-batch' '-proj' './verification_results/01556/jgproject' '-tcl' './jasper_verif_check.tcl'
2026-02-23 13:43:18.244008 (110223) main____ INFO      locale    : UTF-8
2026-02-23 13:43:18.244015 (110223) main____ INFO    ----------------------------------------
2026-02-23 13:43:18.244021 (110223) main____ INFO    System resource limits info:
2026-02-23 13:43:18.244027 (110223) main____ INFO      virtual memory: unlimited
2026-02-23 13:43:18.244031 (110223) main____ INFO      cpu time      : unlimited
2026-02-23 13:43:18.244038 (110223) main____ INFO      stack size    : unlimited
2026-02-23 13:43:18.244043 (110223) main____ INFO      core file size: unlimited
2026-02-23 13:43:18.244050 (110223) main____ INFO      open files    : 131072
2026-02-23 13:43:18.244055 (110223) main____ INFO      file size     : unlimited
2026-02-23 13:43:18.244060 (110223) main____ INFO    ----------------------------------------
2026-02-23 13:43:18.244065 (110223) main____ INFO    Memory statistics:
2026-02-23 13:43:18.244070 (110223) main____ INFO      total physical memory  : 1584164328 kB
2026-02-23 13:43:18.244075 (110223) main____ INFO      free physical memory   : 855986528 kB
2026-02-23 13:43:18.244079 (110223) main____ INFO      committed address space: 562031420 kB
2026-02-23 13:43:18.244085 (110223) main____ INFO    ----------------------------------------
2026-02-23 13:43:18.244614 (110223) main____ INFO    Important environment variables:
2026-02-23 13:43:18.244628 (110223) main____ INFO      JASPER_HOME       : '/usr/licensed/cadence-20210126/jasper_2021.03'
2026-02-23 13:43:18.244634 (110223) main____ INFO      JASPER_INSTALL_DIR: '/scratch/gpfs/LICENSED/x86_64/cadence-20210126/jasper_2021.03'
2026-02-23 13:43:18.244641 (110223) main____ INFO      LANG              : 'en_US.UTF-8'
2026-02-23 13:43:18.244647 (110223) main____ INFO      LM_LICENSE_FILE   : '5280@license.rc.princeton.edu'
2026-02-23 13:43:18.244652 (110223) main____ INFO      TMPDIR            : '/tmp/ab2113/jg_5018841_23'
2026-02-23 13:43:18.244657 (110223) main____ INFO    ----------------------------------------
2026-02-23 13:43:18.245078 (110223) lic_core INFO    Initializing license system ...
2026-02-23 13:43:18.245623 (110223) lic_core INFO    ... license system initialized.
2026-02-23 13:43:18.246396 (110223) lic__man INFO    Claim 'fpv' for <ui>.
2026-02-23 13:43:18.246428 (110223) lic_core INFO    (1) checking out 'jasper_fpv' ...
2026-02-23 13:43:18.252111 (110223) lic_core INFO    ... (1) checkout failed (error: -5) ("FLEXnet ERROR(-5, 0, 0): No such feature exists.")
2026-02-23 13:43:18.252136 (110223) lic_core INFO    (2) checking out 'jasper_fao' ...
2026-02-23 13:43:18.260966 (110223) lic_core INFO    ... (2) checkout succeeded
2026-02-23 13:43:18.272733 (110223) session_ INFO    Starting analysis session with session id 'session_0' (launcher: <local>) ...
2026-02-23 13:43:18.275850 (110223) session_ INFO    Analysis session with session id 'session_0' started (pid: 110231)
2026-02-23 13:43:18.897564 (110223) session_ INFO    Analysis session 'session_0' connected to the console (host: 127.0.0.1:37874)
2026-02-23 13:43:19.724894 (110223) main____ INFO    About to exit: request to exit with status 1 received from analysis session 'session_0'
2026-02-23 13:43:19.773259 (110223) session_ INFO    Analysis session 'session_0' disconnected.
2026-02-23 13:43:19.773392 (110223) lic__man INFO    Unclaim everything for 'session_0'.
2026-02-23 13:43:19.774099 (110223) session_ INFO    Process for analysis session 'session_0' has exited with exit status '1'.
2026-02-23 13:43:21.831318 (110223) lic_core INFO    (2) checkin jasper_fao
2026-02-23 13:43:21.832774 (110223) main____ INFO    Exiting with status 1.
