2026-02-23 13:58:07.344670 (1959998) main____ INFO    ----------------------------------------
2026-02-23 13:58:07.344772 (1959998) main____ INFO    JasperGold version info
2026-02-23 13:58:07.344789 (1959998) main____ INFO      tool      : JasperGold 2021.03
2026-02-23 13:58:07.344798 (1959998) main____ INFO      version   : 2021.03 FCS 64 bits
2026-02-23 13:58:07.344803 (1959998) main____ INFO      build date: 2021.03.23 02:50:43 UTC
2026-02-23 13:58:07.344807 (1959998) main____ INFO    ----------------------------------------
2026-02-23 13:58:07.344811 (1959998) main____ INFO    Runtime info:
2026-02-23 13:58:07.344816 (1959998) main____ INFO      platform  : Linux 5.14.0-570.84.1.el9_6.x86_64 x86_64
2026-02-23 13:58:07.344822 (1959998) main____ INFO      hostname  : della-r3c1n5
2026-02-23 13:58:07.344827 (1959998) main____ INFO      pid       : 1959998
2026-02-23 13:58:07.344831 (1959998) main____ INFO      arguments : '-style' 'windows' '-batch' '-proj' './verification_results/04381/jgproject' '-tcl' './jasper_verif_check.tcl'
2026-02-23 13:58:07.344840 (1959998) main____ INFO      locale    : UTF-8
2026-02-23 13:58:07.344844 (1959998) main____ INFO    ----------------------------------------
2026-02-23 13:58:07.344848 (1959998) main____ INFO    System resource limits info:
2026-02-23 13:58:07.344852 (1959998) main____ INFO      virtual memory: unlimited
2026-02-23 13:58:07.344857 (1959998) main____ INFO      cpu time      : unlimited
2026-02-23 13:58:07.344861 (1959998) main____ INFO      stack size    : unlimited
2026-02-23 13:58:07.344865 (1959998) main____ INFO      core file size: unlimited
2026-02-23 13:58:07.344872 (1959998) main____ INFO      open files    : 131072
2026-02-23 13:58:07.344877 (1959998) main____ INFO      file size     : unlimited
2026-02-23 13:58:07.344881 (1959998) main____ INFO    ----------------------------------------
2026-02-23 13:58:07.344885 (1959998) main____ INFO    Memory statistics:
2026-02-23 13:58:07.344889 (1959998) main____ INFO      total physical memory  : 195972056 kB
2026-02-23 13:58:07.344894 (1959998) main____ INFO      free physical memory   : 136872368 kB
2026-02-23 13:58:07.344898 (1959998) main____ INFO      committed address space: 57741424 kB
2026-02-23 13:58:07.344902 (1959998) main____ INFO    ----------------------------------------
2026-02-23 13:58:07.345906 (1959998) main____ INFO    Important environment variables:
2026-02-23 13:58:07.345926 (1959998) main____ INFO      JASPER_HOME       : '/usr/licensed/cadence-20210126/jasper_2021.03'
2026-02-23 13:58:07.345932 (1959998) main____ INFO      JASPER_INSTALL_DIR: '/scratch/gpfs/LICENSED/x86_64/cadence-20210126/jasper_2021.03'
2026-02-23 13:58:07.345938 (1959998) main____ INFO      LANG              : 'en_US.UTF-8'
2026-02-23 13:58:07.345943 (1959998) main____ INFO      LM_LICENSE_FILE   : '5280@license.rc.princeton.edu'
2026-02-23 13:58:07.345948 (1959998) main____ INFO      TMPDIR            : '/tmp/ab2113/jg_5019148_80'
2026-02-23 13:58:07.345953 (1959998) main____ INFO    ----------------------------------------
2026-02-23 13:58:07.346877 (1959998) lic_core INFO    Initializing license system ...
2026-02-23 13:58:07.347767 (1959998) lic_core INFO    ... license system initialized.
2026-02-23 13:58:07.348600 (1959998) lic__man INFO    Claim 'fpv' for <ui>.
2026-02-23 13:58:07.348643 (1959998) lic_core INFO    (1) checking out 'jasper_fpv' ...
2026-02-23 13:58:07.354503 (1959998) lic_core INFO    ... (1) checkout failed (error: -5) ("FLEXnet ERROR(-5, 0, 0): No such feature exists.")
2026-02-23 13:58:07.354561 (1959998) lic_core INFO    (2) checking out 'jasper_fao' ...
2026-02-23 13:58:07.365481 (1959998) lic_core INFO    ... (2) checkout succeeded
2026-02-23 13:58:07.380179 (1959998) session_ INFO    Starting analysis session with session id 'session_0' (launcher: <local>) ...
2026-02-23 13:58:07.383290 (1959998) session_ INFO    Analysis session with session id 'session_0' started (pid: 1960006)
2026-02-23 13:58:08.088638 (1959998) session_ INFO    Analysis session 'session_0' connected to the console (host: 127.0.0.1:53292)
2026-02-23 13:58:08.972232 (1959998) main____ INFO    About to exit: request to exit with status 1 received from analysis session 'session_0'
2026-02-23 13:58:09.047419 (1959998) session_ INFO    Analysis session 'session_0' disconnected.
2026-02-23 13:58:09.047542 (1959998) lic__man INFO    Unclaim everything for 'session_0'.
2026-02-23 13:58:09.047910 (1959998) session_ INFO    Process for analysis session 'session_0' has exited with exit status '1'.
2026-02-23 13:58:11.079499 (1959998) lic_core INFO    (2) checkin jasper_fao
2026-02-23 13:58:11.081101 (1959998) main____ INFO    Exiting with status 1.
