2026-02-23 13:54:59.525487 (4194189) main____ INFO    ----------------------------------------
2026-02-23 13:54:59.525594 (4194189) main____ INFO    JasperGold version info
2026-02-23 13:54:59.525613 (4194189) main____ INFO      tool      : JasperGold 2021.03
2026-02-23 13:54:59.525623 (4194189) main____ INFO      version   : 2021.03 FCS 64 bits
2026-02-23 13:54:59.525628 (4194189) main____ INFO      build date: 2021.03.23 02:50:43 UTC
2026-02-23 13:54:59.525633 (4194189) main____ INFO    ----------------------------------------
2026-02-23 13:54:59.525637 (4194189) main____ INFO    Runtime info:
2026-02-23 13:54:59.525641 (4194189) main____ INFO      platform  : Linux 5.14.0-570.84.1.el9_6.x86_64 x86_64
2026-02-23 13:54:59.525647 (4194189) main____ INFO      hostname  : della-r3c2n6
2026-02-23 13:54:59.525652 (4194189) main____ INFO      pid       : 4194189
2026-02-23 13:54:59.525656 (4194189) main____ INFO      arguments : '-style' 'windows' '-batch' '-proj' './verification_results/04031/jgproject' '-tcl' './jasper_verif_check.tcl'
2026-02-23 13:54:59.525665 (4194189) main____ INFO      locale    : UTF-8
2026-02-23 13:54:59.525669 (4194189) main____ INFO    ----------------------------------------
2026-02-23 13:54:59.525673 (4194189) main____ INFO    System resource limits info:
2026-02-23 13:54:59.525677 (4194189) main____ INFO      virtual memory: unlimited
2026-02-23 13:54:59.525681 (4194189) main____ INFO      cpu time      : unlimited
2026-02-23 13:54:59.525686 (4194189) main____ INFO      stack size    : unlimited
2026-02-23 13:54:59.525690 (4194189) main____ INFO      core file size: unlimited
2026-02-23 13:54:59.525697 (4194189) main____ INFO      open files    : 131072
2026-02-23 13:54:59.525701 (4194189) main____ INFO      file size     : unlimited
2026-02-23 13:54:59.525706 (4194189) main____ INFO    ----------------------------------------
2026-02-23 13:54:59.525710 (4194189) main____ INFO    Memory statistics:
2026-02-23 13:54:59.525714 (4194189) main____ INFO      total physical memory  : 195972160 kB
2026-02-23 13:54:59.525718 (4194189) main____ INFO      free physical memory   : 142958444 kB
2026-02-23 13:54:59.525722 (4194189) main____ INFO      committed address space: 40488684 kB
2026-02-23 13:54:59.525726 (4194189) main____ INFO    ----------------------------------------
2026-02-23 13:54:59.526712 (4194189) main____ INFO    Important environment variables:
2026-02-23 13:54:59.526732 (4194189) main____ INFO      JASPER_HOME       : '/usr/licensed/cadence-20210126/jasper_2021.03'
2026-02-23 13:54:59.526739 (4194189) main____ INFO      JASPER_INSTALL_DIR: '/scratch/gpfs/LICENSED/x86_64/cadence-20210126/jasper_2021.03'
2026-02-23 13:54:59.526744 (4194189) main____ INFO      LANG              : 'en_US.UTF-8'
2026-02-23 13:54:59.526749 (4194189) main____ INFO      LM_LICENSE_FILE   : '5280@license.rc.princeton.edu'
2026-02-23 13:54:59.526754 (4194189) main____ INFO      TMPDIR            : '/tmp/ab2113/jg_5019092_73'
2026-02-23 13:54:59.526757 (4194189) main____ INFO    ----------------------------------------
2026-02-23 13:54:59.527989 (4194189) lic_core INFO    Initializing license system ...
2026-02-23 13:54:59.528864 (4194189) lic_core INFO    ... license system initialized.
2026-02-23 13:54:59.529639 (4194189) lic__man INFO    Claim 'fpv' for <ui>.
2026-02-23 13:54:59.529682 (4194189) lic_core INFO    (1) checking out 'jasper_fpv' ...
2026-02-23 13:54:59.535416 (4194189) lic_core INFO    ... (1) checkout failed (error: -5) ("FLEXnet ERROR(-5, 0, 0): No such feature exists.")
2026-02-23 13:54:59.535475 (4194189) lic_core INFO    (2) checking out 'jasper_fao' ...
2026-02-23 13:54:59.545912 (4194189) lic_core INFO    ... (2) checkout succeeded
2026-02-23 13:54:59.561498 (4194189) session_ INFO    Starting analysis session with session id 'session_0' (launcher: <local>) ...
2026-02-23 13:54:59.564685 (4194189) session_ INFO    Analysis session with session id 'session_0' started (pid: 4194197)
2026-02-23 13:55:00.353510 (4194189) session_ INFO    Analysis session 'session_0' connected to the console (host: 127.0.0.1:34588)
2026-02-23 13:55:00.897322 (4194189) main____ INFO    About to exit: request to exit with status 1 received from analysis session 'session_0'
2026-02-23 13:55:00.971282 (4194189) session_ INFO    Analysis session 'session_0' disconnected.
2026-02-23 13:55:00.971416 (4194189) lic__man INFO    Unclaim everything for 'session_0'.
2026-02-23 13:55:00.971928 (4194189) session_ INFO    Process for analysis session 'session_0' has exited with exit status '1'.
2026-02-23 13:55:02.802312 (4194189) lic_core INFO    (2) checkin jasper_fao
2026-02-23 13:55:02.803468 (4194189) main____ INFO    Exiting with status 1.
