2026-02-23 13:41:50.317319 (1139374) main____ INFO    ----------------------------------------
2026-02-23 13:41:50.317427 (1139374) main____ INFO    JasperGold version info
2026-02-23 13:41:50.317445 (1139374) main____ INFO      tool      : JasperGold 2021.03
2026-02-23 13:41:50.317454 (1139374) main____ INFO      version   : 2021.03 FCS 64 bits
2026-02-23 13:41:50.317458 (1139374) main____ INFO      build date: 2021.03.23 02:50:43 UTC
2026-02-23 13:41:50.317462 (1139374) main____ INFO    ----------------------------------------
2026-02-23 13:41:50.317466 (1139374) main____ INFO    Runtime info:
2026-02-23 13:41:50.317470 (1139374) main____ INFO      platform  : Linux 5.14.0-570.84.1.el9_6.x86_64 x86_64
2026-02-23 13:41:50.317476 (1139374) main____ INFO      hostname  : della-i13n20
2026-02-23 13:41:50.317480 (1139374) main____ INFO      pid       : 1139374
2026-02-23 13:41:50.317484 (1139374) main____ INFO      arguments : '-style' 'windows' '-batch' '-proj' './verification_results/01440/jgproject' '-tcl' './jasper_verif_check.tcl'
2026-02-23 13:41:50.317492 (1139374) main____ INFO      locale    : UTF-8
2026-02-23 13:41:50.317496 (1139374) main____ INFO    ----------------------------------------
2026-02-23 13:41:50.317500 (1139374) main____ INFO    System resource limits info:
2026-02-23 13:41:50.317504 (1139374) main____ INFO      virtual memory: unlimited
2026-02-23 13:41:50.317508 (1139374) main____ INFO      cpu time      : unlimited
2026-02-23 13:41:50.317512 (1139374) main____ INFO      stack size    : unlimited
2026-02-23 13:41:50.317516 (1139374) main____ INFO      core file size: unlimited
2026-02-23 13:41:50.317523 (1139374) main____ INFO      open files    : 131072
2026-02-23 13:41:50.317527 (1139374) main____ INFO      file size     : unlimited
2026-02-23 13:41:50.317531 (1139374) main____ INFO    ----------------------------------------
2026-02-23 13:41:50.317534 (1139374) main____ INFO    Memory statistics:
2026-02-23 13:41:50.317539 (1139374) main____ INFO      total physical memory  : 394157552 kB
2026-02-23 13:41:50.317542 (1139374) main____ INFO      free physical memory   : 167814636 kB
2026-02-23 13:41:50.317546 (1139374) main____ INFO      committed address space: 146498576 kB
2026-02-23 13:41:50.317549 (1139374) main____ INFO    ----------------------------------------
2026-02-23 13:41:50.318469 (1139374) main____ INFO    Important environment variables:
2026-02-23 13:41:50.318491 (1139374) main____ INFO      JASPER_HOME       : '/usr/licensed/cadence-20210126/jasper_2021.03'
2026-02-23 13:41:50.318497 (1139374) main____ INFO      JASPER_INSTALL_DIR: '/scratch/gpfs/LICENSED/x86_64/cadence-20210126/jasper_2021.03'
2026-02-23 13:41:50.318502 (1139374) main____ INFO      LANG              : 'en_US.UTF-8'
2026-02-23 13:41:50.318507 (1139374) main____ INFO      LM_LICENSE_FILE   : '5280@license.rc.princeton.edu'
2026-02-23 13:41:50.318512 (1139374) main____ INFO      TMPDIR            : '/tmp/ab2113/jg_5018835_21'
2026-02-23 13:41:50.318516 (1139374) main____ INFO    ----------------------------------------
2026-02-23 13:41:50.319007 (1139374) lic_core INFO    Initializing license system ...
2026-02-23 13:41:50.319502 (1139374) lic_core INFO    ... license system initialized.
2026-02-23 13:41:50.320255 (1139374) lic__man INFO    Claim 'fpv' for <ui>.
2026-02-23 13:41:50.320299 (1139374) lic_core INFO    (1) checking out 'jasper_fpv' ...
2026-02-23 13:41:50.326313 (1139374) lic_core INFO    ... (1) checkout failed (error: -5) ("FLEXnet ERROR(-5, 0, 0): No such feature exists.")
2026-02-23 13:41:50.326369 (1139374) lic_core INFO    (2) checking out 'jasper_fao' ...
2026-02-23 13:41:50.336486 (1139374) lic_core INFO    ... (2) checkout succeeded
2026-02-23 13:41:50.350034 (1139374) session_ INFO    Starting analysis session with session id 'session_0' (launcher: <local>) ...
2026-02-23 13:41:50.353097 (1139374) session_ INFO    Analysis session with session id 'session_0' started (pid: 1139382)
2026-02-23 13:41:51.086110 (1139374) session_ INFO    Analysis session 'session_0' connected to the console (host: 127.0.0.1:53538)
2026-02-23 13:41:51.668249 (1139374) main____ INFO    About to exit: request to exit with status 1 received from analysis session 'session_0'
2026-02-23 13:41:51.760616 (1139374) session_ INFO    Analysis session 'session_0' disconnected.
2026-02-23 13:41:51.760743 (1139374) lic__man INFO    Unclaim everything for 'session_0'.
2026-02-23 13:41:51.761342 (1139374) session_ INFO    Process for analysis session 'session_0' has exited with exit status '1'.
2026-02-23 13:41:53.572367 (1139374) lic_core INFO    (2) checkin jasper_fao
2026-02-23 13:41:53.573857 (1139374) main____ INFO    Exiting with status 1.
