2026-02-23 13:47:07.214976 (129881) main____ INFO    ----------------------------------------
2026-02-23 13:47:07.215056 (129881) main____ INFO    JasperGold version info
2026-02-23 13:47:07.215072 (129881) main____ INFO      tool      : JasperGold 2021.03
2026-02-23 13:47:07.215080 (129881) main____ INFO      version   : 2021.03 FCS 64 bits
2026-02-23 13:47:07.215087 (129881) main____ INFO      build date: 2021.03.23 02:50:43 UTC
2026-02-23 13:47:07.215093 (129881) main____ INFO    ----------------------------------------
2026-02-23 13:47:07.215098 (129881) main____ INFO    Runtime info:
2026-02-23 13:47:07.215103 (129881) main____ INFO      platform  : Linux 5.14.0-570.84.1.el9_6.x86_64 x86_64
2026-02-23 13:47:07.215109 (129881) main____ INFO      hostname  : della-h14n2
2026-02-23 13:47:07.215114 (129881) main____ INFO      pid       : 129881
2026-02-23 13:47:07.215120 (129881) main____ INFO      arguments : '-style' 'windows' '-batch' '-proj' './verification_results/02389/jgproject' '-tcl' './jasper_verif_check.tcl'
2026-02-23 13:47:07.215129 (129881) main____ INFO      locale    : UTF-8
2026-02-23 13:47:07.215134 (129881) main____ INFO    ----------------------------------------
2026-02-23 13:47:07.215139 (129881) main____ INFO    System resource limits info:
2026-02-23 13:47:07.215144 (129881) main____ INFO      virtual memory: unlimited
2026-02-23 13:47:07.215150 (129881) main____ INFO      cpu time      : unlimited
2026-02-23 13:47:07.215157 (129881) main____ INFO      stack size    : unlimited
2026-02-23 13:47:07.215164 (129881) main____ INFO      core file size: unlimited
2026-02-23 13:47:07.215172 (129881) main____ INFO      open files    : 131072
2026-02-23 13:47:07.215178 (129881) main____ INFO      file size     : unlimited
2026-02-23 13:47:07.215182 (129881) main____ INFO    ----------------------------------------
2026-02-23 13:47:07.215187 (129881) main____ INFO    Memory statistics:
2026-02-23 13:47:07.215193 (129881) main____ INFO      total physical memory  : 1584164328 kB
2026-02-23 13:47:07.215198 (129881) main____ INFO      free physical memory   : 738916040 kB
2026-02-23 13:47:07.215204 (129881) main____ INFO      committed address space: 684954764 kB
2026-02-23 13:47:07.215210 (129881) main____ INFO    ----------------------------------------
2026-02-23 13:47:07.215730 (129881) main____ INFO    Important environment variables:
2026-02-23 13:47:07.215745 (129881) main____ INFO      JASPER_HOME       : '/usr/licensed/cadence-20210126/jasper_2021.03'
2026-02-23 13:47:07.215752 (129881) main____ INFO      JASPER_INSTALL_DIR: '/scratch/gpfs/LICENSED/x86_64/cadence-20210126/jasper_2021.03'
2026-02-23 13:47:07.215759 (129881) main____ INFO      LANG              : 'en_US.UTF-8'
2026-02-23 13:47:07.215767 (129881) main____ INFO      LM_LICENSE_FILE   : '5280@license.rc.princeton.edu'
2026-02-23 13:47:07.215774 (129881) main____ INFO      TMPDIR            : '/tmp/ab2113/jg_5018912_40'
2026-02-23 13:47:07.215779 (129881) main____ INFO    ----------------------------------------
2026-02-23 13:47:07.216269 (129881) lic_core INFO    Initializing license system ...
2026-02-23 13:47:07.216800 (129881) lic_core INFO    ... license system initialized.
2026-02-23 13:47:07.217556 (129881) lic__man INFO    Claim 'fpv' for <ui>.
2026-02-23 13:47:07.217588 (129881) lic_core INFO    (1) checking out 'jasper_fpv' ...
2026-02-23 13:47:07.223509 (129881) lic_core INFO    ... (1) checkout failed (error: -5) ("FLEXnet ERROR(-5, 0, 0): No such feature exists.")
2026-02-23 13:47:07.223539 (129881) lic_core INFO    (2) checking out 'jasper_fao' ...
2026-02-23 13:47:07.232400 (129881) lic_core INFO    ... (2) checkout succeeded
2026-02-23 13:47:07.243086 (129881) session_ INFO    Starting analysis session with session id 'session_0' (launcher: <local>) ...
2026-02-23 13:47:07.245933 (129881) session_ INFO    Analysis session with session id 'session_0' started (pid: 129896)
2026-02-23 13:47:07.825351 (129881) session_ INFO    Analysis session 'session_0' connected to the console (host: 127.0.0.1:34216)
2026-02-23 13:47:08.605594 (129881) lic__man INFO    Unclaim everything for 'session_0'.
2026-02-23 13:47:08.641840 (129881) lic__man INFO    Claim 'fpv' for 'session_0'.
2026-02-23 13:47:08.641880 (129881) lic__man INFO    Claim 'fpv' for 'session_0/prove-0'.
2026-02-23 13:47:08.822573 (129881) lic__man INFO    Unclaim everything for 'session_0/prove-0'.
2026-02-23 13:47:08.875901 (129881) main____ INFO    About to exit: request to exit with status 0 received from analysis session 'session_0'
2026-02-23 13:47:08.941258 (129881) session_ INFO    Analysis session 'session_0' disconnected.
2026-02-23 13:47:08.941383 (129881) lic__man INFO    Unclaim everything for 'session_0'.
2026-02-23 13:47:08.942087 (129881) session_ INFO    Process for analysis session 'session_0' has exited with exit status '0'.
2026-02-23 13:47:10.970283 (129881) lic_core INFO    (2) checkin jasper_fao
2026-02-23 13:47:10.971995 (129881) main____ INFO    Exiting with status 0.
