2026-02-23 13:44:32.801692 (1143669) main____ INFO    ----------------------------------------
2026-02-23 13:44:32.801792 (1143669) main____ INFO    JasperGold version info
2026-02-23 13:44:32.801810 (1143669) main____ INFO      tool      : JasperGold 2021.03
2026-02-23 13:44:32.801819 (1143669) main____ INFO      version   : 2021.03 FCS 64 bits
2026-02-23 13:44:32.801824 (1143669) main____ INFO      build date: 2021.03.23 02:50:43 UTC
2026-02-23 13:44:32.801828 (1143669) main____ INFO    ----------------------------------------
2026-02-23 13:44:32.801832 (1143669) main____ INFO    Runtime info:
2026-02-23 13:44:32.801836 (1143669) main____ INFO      platform  : Linux 5.14.0-570.84.1.el9_6.x86_64 x86_64
2026-02-23 13:44:32.801842 (1143669) main____ INFO      hostname  : della-i13n20
2026-02-23 13:44:32.801847 (1143669) main____ INFO      pid       : 1143669
2026-02-23 13:44:32.801851 (1143669) main____ INFO      arguments : '-style' 'windows' '-batch' '-proj' './verification_results/01980/jgproject' '-tcl' './jasper_verif_check.tcl'
2026-02-23 13:44:32.801859 (1143669) main____ INFO      locale    : UTF-8
2026-02-23 13:44:32.801863 (1143669) main____ INFO    ----------------------------------------
2026-02-23 13:44:32.801867 (1143669) main____ INFO    System resource limits info:
2026-02-23 13:44:32.801871 (1143669) main____ INFO      virtual memory: unlimited
2026-02-23 13:44:32.801875 (1143669) main____ INFO      cpu time      : unlimited
2026-02-23 13:44:32.801879 (1143669) main____ INFO      stack size    : unlimited
2026-02-23 13:44:32.801884 (1143669) main____ INFO      core file size: unlimited
2026-02-23 13:44:32.801890 (1143669) main____ INFO      open files    : 131072
2026-02-23 13:44:32.801894 (1143669) main____ INFO      file size     : unlimited
2026-02-23 13:44:32.801898 (1143669) main____ INFO    ----------------------------------------
2026-02-23 13:44:32.801901 (1143669) main____ INFO    Memory statistics:
2026-02-23 13:44:32.801905 (1143669) main____ INFO      total physical memory  : 394157552 kB
2026-02-23 13:44:32.801909 (1143669) main____ INFO      free physical memory   : 183614072 kB
2026-02-23 13:44:32.801913 (1143669) main____ INFO      committed address space: 145733000 kB
2026-02-23 13:44:32.801916 (1143669) main____ INFO    ----------------------------------------
2026-02-23 13:44:32.802817 (1143669) main____ INFO    Important environment variables:
2026-02-23 13:44:32.802831 (1143669) main____ INFO      JASPER_HOME       : '/usr/licensed/cadence-20210126/jasper_2021.03'
2026-02-23 13:44:32.802837 (1143669) main____ INFO      JASPER_INSTALL_DIR: '/scratch/gpfs/LICENSED/x86_64/cadence-20210126/jasper_2021.03'
2026-02-23 13:44:32.802842 (1143669) main____ INFO      LANG              : 'en_US.UTF-8'
2026-02-23 13:44:32.802847 (1143669) main____ INFO      LM_LICENSE_FILE   : '5280@license.rc.princeton.edu'
2026-02-23 13:44:32.802851 (1143669) main____ INFO      TMPDIR            : '/tmp/ab2113/jg_5018880_32'
2026-02-23 13:44:32.802855 (1143669) main____ INFO    ----------------------------------------
2026-02-23 13:44:32.803698 (1143669) lic_core INFO    Initializing license system ...
2026-02-23 13:44:32.804180 (1143669) lic_core INFO    ... license system initialized.
2026-02-23 13:44:32.804950 (1143669) lic__man INFO    Claim 'fpv' for <ui>.
2026-02-23 13:44:32.804991 (1143669) lic_core INFO    (1) checking out 'jasper_fpv' ...
2026-02-23 13:44:32.810466 (1143669) lic_core INFO    ... (1) checkout failed (error: -5) ("FLEXnet ERROR(-5, 0, 0): No such feature exists.")
2026-02-23 13:44:32.810522 (1143669) lic_core INFO    (2) checking out 'jasper_fao' ...
2026-02-23 13:44:32.820897 (1143669) lic_core INFO    ... (2) checkout succeeded
2026-02-23 13:44:32.834637 (1143669) session_ INFO    Starting analysis session with session id 'session_0' (launcher: <local>) ...
2026-02-23 13:44:32.837683 (1143669) session_ INFO    Analysis session with session id 'session_0' started (pid: 1143677)
2026-02-23 13:44:33.559224 (1143669) session_ INFO    Analysis session 'session_0' connected to the console (host: 127.0.0.1:50666)
2026-02-23 13:44:34.396103 (1143669) lic__man INFO    Unclaim everything for 'session_0'.
2026-02-23 13:44:34.441399 (1143669) lic__man INFO    Claim 'fpv' for 'session_0'.
2026-02-23 13:44:34.441452 (1143669) lic__man INFO    Claim 'fpv' for 'session_0/prove-0'.
2026-02-23 13:44:34.576004 (1143669) lic__man INFO    Unclaim everything for 'session_0/prove-0'.
2026-02-23 13:44:34.630238 (1143669) main____ INFO    About to exit: request to exit with status 0 received from analysis session 'session_0'
2026-02-23 13:44:34.720657 (1143669) session_ INFO    Analysis session 'session_0' disconnected.
2026-02-23 13:44:34.720786 (1143669) lic__man INFO    Unclaim everything for 'session_0'.
2026-02-23 13:44:34.721331 (1143669) session_ INFO    Process for analysis session 'session_0' has exited with exit status '0'.
2026-02-23 13:44:36.549280 (1143669) lic_core INFO    (2) checkin jasper_fao
2026-02-23 13:44:36.551015 (1143669) main____ INFO    Exiting with status 0.
