2026-02-23 13:43:10.737747 (109799) main____ INFO    ----------------------------------------
2026-02-23 13:43:10.737822 (109799) main____ INFO    JasperGold version info
2026-02-23 13:43:10.737837 (109799) main____ INFO      tool      : JasperGold 2021.03
2026-02-23 13:43:10.737847 (109799) main____ INFO      version   : 2021.03 FCS 64 bits
2026-02-23 13:43:10.737853 (109799) main____ INFO      build date: 2021.03.23 02:50:43 UTC
2026-02-23 13:43:10.737859 (109799) main____ INFO    ----------------------------------------
2026-02-23 13:43:10.737865 (109799) main____ INFO    Runtime info:
2026-02-23 13:43:10.737871 (109799) main____ INFO      platform  : Linux 5.14.0-570.84.1.el9_6.x86_64 x86_64
2026-02-23 13:43:10.737877 (109799) main____ INFO      hostname  : della-h14n2
2026-02-23 13:43:10.737883 (109799) main____ INFO      pid       : 109799
2026-02-23 13:43:10.737888 (109799) main____ INFO      arguments : '-style' 'windows' '-batch' '-proj' './verification_results/01554/jgproject' '-tcl' './jasper_verif_check.tcl'
2026-02-23 13:43:10.737896 (109799) main____ INFO      locale    : UTF-8
2026-02-23 13:43:10.737902 (109799) main____ INFO    ----------------------------------------
2026-02-23 13:43:10.737907 (109799) main____ INFO    System resource limits info:
2026-02-23 13:43:10.737912 (109799) main____ INFO      virtual memory: unlimited
2026-02-23 13:43:10.737918 (109799) main____ INFO      cpu time      : unlimited
2026-02-23 13:43:10.737923 (109799) main____ INFO      stack size    : unlimited
2026-02-23 13:43:10.737928 (109799) main____ INFO      core file size: unlimited
2026-02-23 13:43:10.737935 (109799) main____ INFO      open files    : 131072
2026-02-23 13:43:10.737942 (109799) main____ INFO      file size     : unlimited
2026-02-23 13:43:10.737947 (109799) main____ INFO    ----------------------------------------
2026-02-23 13:43:10.737953 (109799) main____ INFO    Memory statistics:
2026-02-23 13:43:10.737959 (109799) main____ INFO      total physical memory  : 1584164328 kB
2026-02-23 13:43:10.737963 (109799) main____ INFO      free physical memory   : 859650528 kB
2026-02-23 13:43:10.737968 (109799) main____ INFO      committed address space: 559176360 kB
2026-02-23 13:43:10.737975 (109799) main____ INFO    ----------------------------------------
2026-02-23 13:43:10.738514 (109799) main____ INFO    Important environment variables:
2026-02-23 13:43:10.738528 (109799) main____ INFO      JASPER_HOME       : '/usr/licensed/cadence-20210126/jasper_2021.03'
2026-02-23 13:43:10.738534 (109799) main____ INFO      JASPER_INSTALL_DIR: '/scratch/gpfs/LICENSED/x86_64/cadence-20210126/jasper_2021.03'
2026-02-23 13:43:10.738541 (109799) main____ INFO      LANG              : 'en_US.UTF-8'
2026-02-23 13:43:10.738546 (109799) main____ INFO      LM_LICENSE_FILE   : '5280@license.rc.princeton.edu'
2026-02-23 13:43:10.738552 (109799) main____ INFO      TMPDIR            : '/tmp/ab2113/jg_5018841_23'
2026-02-23 13:43:10.738558 (109799) main____ INFO    ----------------------------------------
2026-02-23 13:43:10.738980 (109799) lic_core INFO    Initializing license system ...
2026-02-23 13:43:10.739831 (109799) lic_core INFO    ... license system initialized.
2026-02-23 13:43:10.740613 (109799) lic__man INFO    Claim 'fpv' for <ui>.
2026-02-23 13:43:10.740647 (109799) lic_core INFO    (1) checking out 'jasper_fpv' ...
2026-02-23 13:43:10.746714 (109799) lic_core INFO    ... (1) checkout failed (error: -5) ("FLEXnet ERROR(-5, 0, 0): No such feature exists.")
2026-02-23 13:43:10.746842 (109799) lic_core INFO    (2) checking out 'jasper_fao' ...
2026-02-23 13:43:10.757007 (109799) lic_core INFO    ... (2) checkout succeeded
2026-02-23 13:43:10.767786 (109799) session_ INFO    Starting analysis session with session id 'session_0' (launcher: <local>) ...
2026-02-23 13:43:10.770681 (109799) session_ INFO    Analysis session with session id 'session_0' started (pid: 109807)
2026-02-23 13:43:11.390649 (109799) session_ INFO    Analysis session 'session_0' connected to the console (host: 127.0.0.1:40176)
2026-02-23 13:43:12.219488 (109799) lic__man INFO    Unclaim everything for 'session_0'.
2026-02-23 13:43:12.254696 (109799) lic__man INFO    Claim 'fpv' for 'session_0'.
2026-02-23 13:43:12.254735 (109799) lic__man INFO    Claim 'fpv' for 'session_0/prove-0'.
2026-02-23 13:43:12.431218 (109799) lic__man INFO    Unclaim everything for 'session_0/prove-0'.
2026-02-23 13:43:12.485878 (109799) main____ INFO    About to exit: request to exit with status 0 received from analysis session 'session_0'
2026-02-23 13:43:12.544277 (109799) session_ INFO    Analysis session 'session_0' disconnected.
2026-02-23 13:43:12.544395 (109799) lic__man INFO    Unclaim everything for 'session_0'.
2026-02-23 13:43:12.545046 (109799) session_ INFO    Process for analysis session 'session_0' has exited with exit status '0'.
2026-02-23 13:43:14.470111 (109799) lic_core INFO    (2) checkin jasper_fao
2026-02-23 13:43:14.471902 (109799) main____ INFO    Exiting with status 0.
