2026-02-23 13:45:54.398942 (1947314) main____ INFO    ----------------------------------------
2026-02-23 13:45:54.399044 (1947314) main____ INFO    JasperGold version info
2026-02-23 13:45:54.399062 (1947314) main____ INFO      tool      : JasperGold 2021.03
2026-02-23 13:45:54.399070 (1947314) main____ INFO      version   : 2021.03 FCS 64 bits
2026-02-23 13:45:54.399076 (1947314) main____ INFO      build date: 2021.03.23 02:50:43 UTC
2026-02-23 13:45:54.399080 (1947314) main____ INFO    ----------------------------------------
2026-02-23 13:45:54.399084 (1947314) main____ INFO    Runtime info:
2026-02-23 13:45:54.399089 (1947314) main____ INFO      platform  : Linux 5.14.0-570.84.1.el9_6.x86_64 x86_64
2026-02-23 13:45:54.399096 (1947314) main____ INFO      hostname  : della-r3c1n5
2026-02-23 13:45:54.399101 (1947314) main____ INFO      pid       : 1947314
2026-02-23 13:45:54.399105 (1947314) main____ INFO      arguments : '-style' 'windows' '-batch' '-proj' './verification_results/01947/jgproject' '-tcl' './jasper_verif_check.tcl'
2026-02-23 13:45:54.399114 (1947314) main____ INFO      locale    : UTF-8
2026-02-23 13:45:54.399127 (1947314) main____ INFO    ----------------------------------------
2026-02-23 13:45:54.399131 (1947314) main____ INFO    System resource limits info:
2026-02-23 13:45:54.399135 (1947314) main____ INFO      virtual memory: unlimited
2026-02-23 13:45:54.399140 (1947314) main____ INFO      cpu time      : unlimited
2026-02-23 13:45:54.399144 (1947314) main____ INFO      stack size    : unlimited
2026-02-23 13:45:54.399149 (1947314) main____ INFO      core file size: unlimited
2026-02-23 13:45:54.399156 (1947314) main____ INFO      open files    : 131072
2026-02-23 13:45:54.399160 (1947314) main____ INFO      file size     : unlimited
2026-02-23 13:45:54.399164 (1947314) main____ INFO    ----------------------------------------
2026-02-23 13:45:54.399168 (1947314) main____ INFO    Memory statistics:
2026-02-23 13:45:54.399173 (1947314) main____ INFO      total physical memory  : 195972056 kB
2026-02-23 13:45:54.399177 (1947314) main____ INFO      free physical memory   : 110796040 kB
2026-02-23 13:45:54.399181 (1947314) main____ INFO      committed address space: 55204140 kB
2026-02-23 13:45:54.399185 (1947314) main____ INFO    ----------------------------------------
2026-02-23 13:45:54.400186 (1947314) main____ INFO    Important environment variables:
2026-02-23 13:45:54.400204 (1947314) main____ INFO      JASPER_HOME       : '/usr/licensed/cadence-20210126/jasper_2021.03'
2026-02-23 13:45:54.400210 (1947314) main____ INFO      JASPER_INSTALL_DIR: '/scratch/gpfs/LICENSED/x86_64/cadence-20210126/jasper_2021.03'
2026-02-23 13:45:54.400216 (1947314) main____ INFO      LANG              : 'en_US.UTF-8'
2026-02-23 13:45:54.400221 (1947314) main____ INFO      LM_LICENSE_FILE   : '5280@license.rc.princeton.edu'
2026-02-23 13:45:54.400226 (1947314) main____ INFO      TMPDIR            : '/tmp/ab2113/jg_5018879_31'
2026-02-23 13:45:54.400230 (1947314) main____ INFO    ----------------------------------------
2026-02-23 13:45:54.400728 (1947314) lic_core INFO    Initializing license system ...
2026-02-23 13:45:54.401251 (1947314) lic_core INFO    ... license system initialized.
2026-02-23 13:45:54.402048 (1947314) lic__man INFO    Claim 'fpv' for <ui>.
2026-02-23 13:45:54.402087 (1947314) lic_core INFO    (1) checking out 'jasper_fpv' ...
2026-02-23 13:45:54.407869 (1947314) lic_core INFO    ... (1) checkout failed (error: -5) ("FLEXnet ERROR(-5, 0, 0): No such feature exists.")
2026-02-23 13:45:54.407922 (1947314) lic_core INFO    (2) checking out 'jasper_fao' ...
2026-02-23 13:45:54.418920 (1947314) lic_core INFO    ... (2) checkout succeeded
2026-02-23 13:45:54.433997 (1947314) session_ INFO    Starting analysis session with session id 'session_0' (launcher: <local>) ...
2026-02-23 13:45:54.437145 (1947314) session_ INFO    Analysis session with session id 'session_0' started (pid: 1947322)
2026-02-23 13:45:55.140630 (1947314) session_ INFO    Analysis session 'session_0' connected to the console (host: 127.0.0.1:54234)
2026-02-23 13:45:56.010456 (1947314) lic__man INFO    Unclaim everything for 'session_0'.
2026-02-23 13:45:56.055126 (1947314) lic__man INFO    Claim 'fpv' for 'session_0'.
2026-02-23 13:45:56.055176 (1947314) lic__man INFO    Claim 'fpv' for 'session_0/prove-0'.
2026-02-23 13:45:56.200095 (1947314) lic__man INFO    Unclaim everything for 'session_0/prove-0'.
2026-02-23 13:45:56.257224 (1947314) main____ INFO    About to exit: request to exit with status 0 received from analysis session 'session_0'
2026-02-23 13:45:56.347014 (1947314) session_ INFO    Analysis session 'session_0' disconnected.
2026-02-23 13:45:56.347159 (1947314) lic__man INFO    Unclaim everything for 'session_0'.
2026-02-23 13:45:56.347519 (1947314) session_ INFO    Process for analysis session 'session_0' has exited with exit status '0'.
2026-02-23 13:45:58.164496 (1947314) lic_core INFO    (2) checkin jasper_fao
2026-02-23 13:45:58.165927 (1947314) main____ INFO    Exiting with status 0.
