2026-02-23 12:48:04.201025 (2753546) main____ INFO    ----------------------------------------
2026-02-23 12:48:04.201105 (2753546) main____ INFO    JasperGold version info
2026-02-23 12:48:04.201120 (2753546) main____ INFO      tool      : JasperGold 2021.03
2026-02-23 12:48:04.201129 (2753546) main____ INFO      version   : 2021.03 FCS 64 bits
2026-02-23 12:48:04.201135 (2753546) main____ INFO      build date: 2021.03.23 02:50:43 UTC
2026-02-23 12:48:04.201141 (2753546) main____ INFO    ----------------------------------------
2026-02-23 12:48:04.201146 (2753546) main____ INFO    Runtime info:
2026-02-23 12:48:04.201151 (2753546) main____ INFO      platform  : Linux 5.14.0-570.84.1.el9_6.x86_64 x86_64
2026-02-23 12:48:04.201157 (2753546) main____ INFO      hostname  : della-h16n17
2026-02-23 12:48:04.201163 (2753546) main____ INFO      pid       : 2753546
2026-02-23 12:48:04.201168 (2753546) main____ INFO      arguments : '-style' 'windows' '-batch' '-proj' './verification_results/00254/jgproject' '-tcl' './jasper_verif_check.tcl'
2026-02-23 12:48:04.201176 (2753546) main____ INFO      locale    : UTF-8
2026-02-23 12:48:04.201181 (2753546) main____ INFO    ----------------------------------------
2026-02-23 12:48:04.201186 (2753546) main____ INFO    System resource limits info:
2026-02-23 12:48:04.201191 (2753546) main____ INFO      virtual memory: unlimited
2026-02-23 12:48:04.201196 (2753546) main____ INFO      cpu time      : unlimited
2026-02-23 12:48:04.201201 (2753546) main____ INFO      stack size    : unlimited
2026-02-23 12:48:04.201206 (2753546) main____ INFO      core file size: unlimited
2026-02-23 12:48:04.201213 (2753546) main____ INFO      open files    : 131072
2026-02-23 12:48:04.201219 (2753546) main____ INFO      file size     : unlimited
2026-02-23 12:48:04.201224 (2753546) main____ INFO    ----------------------------------------
2026-02-23 12:48:04.201229 (2753546) main____ INFO    Memory statistics:
2026-02-23 12:48:04.201234 (2753546) main____ INFO      total physical memory  : 1584164368 kB
2026-02-23 12:48:04.201239 (2753546) main____ INFO      free physical memory   : 817242096 kB
2026-02-23 12:48:04.201244 (2753546) main____ INFO      committed address space: 728857272 kB
2026-02-23 12:48:04.201248 (2753546) main____ INFO    ----------------------------------------
2026-02-23 12:48:04.201770 (2753546) main____ INFO    Important environment variables:
2026-02-23 12:48:04.201788 (2753546) main____ INFO      JASPER_HOME       : '/usr/licensed/cadence-20210126/jasper_2021.03'
2026-02-23 12:48:04.201794 (2753546) main____ INFO      JASPER_INSTALL_DIR: '/scratch/gpfs/LICENSED/x86_64/cadence-20210126/jasper_2021.03'
2026-02-23 12:48:04.201799 (2753546) main____ INFO      LANG              : 'en_US.UTF-8'
2026-02-23 12:48:04.201805 (2753546) main____ INFO      LM_LICENSE_FILE   : '5280@license.rc.princeton.edu'
2026-02-23 12:48:04.201811 (2753546) main____ INFO      TMPDIR            : '/tmp/ab2113/jg_5017348_104'
2026-02-23 12:48:04.201816 (2753546) main____ INFO    ----------------------------------------
2026-02-23 12:48:04.206142 (2753546) lic_core INFO    Initializing license system ...
2026-02-23 12:48:04.209278 (2753546) lic_core INFO    ... license system initialized.
2026-02-23 12:48:04.210398 (2753546) lic__man INFO    Claim 'fpv' for <ui>.
2026-02-23 12:48:04.210465 (2753546) lic_core INFO    (1) checking out 'jasper_fpv' ...
2026-02-23 12:48:04.217220 (2753546) lic_core INFO    ... (1) checkout failed (error: -5) ("FLEXnet ERROR(-5, 0, 0): No such feature exists.")
2026-02-23 12:48:04.217252 (2753546) lic_core INFO    (2) checking out 'jasper_fao' ...
2026-02-23 12:48:04.226333 (2753546) lic_core INFO    ... (2) checkout succeeded
2026-02-23 12:48:04.243380 (2753546) session_ INFO    Starting analysis session with session id 'session_0' (launcher: <local>) ...
2026-02-23 12:48:04.245925 (2753546) session_ INFO    Analysis session with session id 'session_0' started (pid: 2753554)
2026-02-23 12:48:04.978177 (2753546) session_ INFO    Analysis session 'session_0' connected to the console (host: 127.0.0.1:52702)
2026-02-23 12:48:05.790707 (2753546) lic__man INFO    Unclaim everything for 'session_0'.
2026-02-23 12:48:05.874063 (2753546) main____ INFO    About to exit: request to exit with status 3 received from analysis session 'session_0'
2026-02-23 12:48:05.933654 (2753546) session_ INFO    Analysis session 'session_0' disconnected.
2026-02-23 12:48:05.933825 (2753546) lic__man INFO    Unclaim everything for 'session_0'.
2026-02-23 12:48:05.934808 (2753546) session_ INFO    Process for analysis session 'session_0' has exited with exit status '3'.
2026-02-23 12:48:07.985995 (2753546) lic_core INFO    (2) checkin jasper_fao
2026-02-23 12:48:07.987670 (2753546) main____ INFO    Exiting with status 3.
