2026-02-20 18:11:50.894141 (2577382) main____ INFO    ----------------------------------------
2026-02-20 18:11:50.894262 (2577382) main____ INFO    JasperGold version info
2026-02-20 18:11:50.894283 (2577382) main____ INFO      tool      : JasperGold 2021.03
2026-02-20 18:11:50.894293 (2577382) main____ INFO      version   : 2021.03 FCS 64 bits
2026-02-20 18:11:50.894298 (2577382) main____ INFO      build date: 2021.03.23 02:50:43 UTC
2026-02-20 18:11:50.894303 (2577382) main____ INFO    ----------------------------------------
2026-02-20 18:11:50.894307 (2577382) main____ INFO    Runtime info:
2026-02-20 18:11:50.894311 (2577382) main____ INFO      platform  : Linux 5.14.0-570.84.1.el9_6.x86_64 x86_64
2026-02-20 18:11:50.894317 (2577382) main____ INFO      hostname  : della-i13n22
2026-02-20 18:11:50.894321 (2577382) main____ INFO      pid       : 2577382
2026-02-20 18:11:50.894326 (2577382) main____ INFO      arguments : '-style' 'windows' '-batch' '-proj' 'verification_results/00704/jgproject' '-tcl' './jasper_verif_check.tcl'
2026-02-20 18:11:50.894334 (2577382) main____ INFO      locale    : UTF-8
2026-02-20 18:11:50.894338 (2577382) main____ INFO    ----------------------------------------
2026-02-20 18:11:50.894342 (2577382) main____ INFO    System resource limits info:
2026-02-20 18:11:50.894346 (2577382) main____ INFO      virtual memory: unlimited
2026-02-20 18:11:50.894350 (2577382) main____ INFO      cpu time      : unlimited
2026-02-20 18:11:50.894355 (2577382) main____ INFO      stack size    : unlimited
2026-02-20 18:11:50.894359 (2577382) main____ INFO      core file size: unlimited
2026-02-20 18:11:50.894367 (2577382) main____ INFO      open files    : 131072
2026-02-20 18:11:50.894371 (2577382) main____ INFO      file size     : unlimited
2026-02-20 18:11:50.894375 (2577382) main____ INFO    ----------------------------------------
2026-02-20 18:11:50.894379 (2577382) main____ INFO    Memory statistics:
2026-02-20 18:11:50.894387 (2577382) main____ INFO      total physical memory  : 394157548 kB
2026-02-20 18:11:50.894391 (2577382) main____ INFO      free physical memory   : 179717424 kB
2026-02-20 18:11:50.894395 (2577382) main____ INFO      committed address space: 179360864 kB
2026-02-20 18:11:50.894399 (2577382) main____ INFO    ----------------------------------------
2026-02-20 18:11:50.895288 (2577382) main____ INFO    Important environment variables:
2026-02-20 18:11:50.895305 (2577382) main____ INFO      JASPER_HOME       : '/usr/licensed/cadence-20210126/jasper_2021.03'
2026-02-20 18:11:50.895312 (2577382) main____ INFO      JASPER_INSTALL_DIR: '/scratch/gpfs/LICENSED/x86_64/cadence-20210126/jasper_2021.03'
2026-02-20 18:11:50.895317 (2577382) main____ INFO      LANG              : 'en_US.UTF-8'
2026-02-20 18:11:50.895322 (2577382) main____ INFO      LM_LICENSE_FILE   : '5280@license.rc.princeton.edu'
2026-02-20 18:11:50.895326 (2577382) main____ INFO      TMPDIR            : '/tmp'
2026-02-20 18:11:50.895331 (2577382) main____ INFO    ----------------------------------------
2026-02-20 18:11:50.896291 (2577382) lic_core INFO    Initializing license system ...
2026-02-20 18:11:50.897257 (2577382) lic_core INFO    ... license system initialized.
2026-02-20 18:11:50.898092 (2577382) lic__man INFO    Claim 'fpv' for <ui>.
2026-02-20 18:11:50.898136 (2577382) lic_core INFO    (1) checking out 'jasper_fpv' ...
2026-02-20 18:11:50.903980 (2577382) lic_core INFO    ... (1) checkout failed (error: -5) ("FLEXnet ERROR(-5, 0, 0): No such feature exists.")
2026-02-20 18:11:50.904040 (2577382) lic_core INFO    (2) checking out 'jasper_fao' ...
2026-02-20 18:11:50.914378 (2577382) lic_core INFO    ... (2) checkout succeeded
2026-02-20 18:11:50.929102 (2577382) session_ INFO    Starting analysis session with session id 'session_0' (launcher: <local>) ...
2026-02-20 18:11:50.932834 (2577382) session_ INFO    Analysis session with session id 'session_0' started (pid: 2577390)
2026-02-20 18:11:51.694764 (2577382) session_ INFO    Analysis session 'session_0' connected to the console (host: 127.0.0.1:38212)
2026-02-20 18:11:52.277509 (2577382) main____ INFO    About to exit: request to exit with status 1 received from analysis session 'session_0'
2026-02-20 18:11:52.366273 (2577382) session_ INFO    Analysis session 'session_0' disconnected.
2026-02-20 18:11:52.366422 (2577382) lic__man INFO    Unclaim everything for 'session_0'.
2026-02-20 18:11:52.367060 (2577382) session_ INFO    Process for analysis session 'session_0' has exited with exit status '1'.
2026-02-20 18:11:54.183835 (2577382) lic_core INFO    (2) checkin jasper_fao
2026-02-20 18:11:54.185577 (2577382) main____ INFO    Exiting with status 1.
