2026-02-23 13:55:09.416087 (1956281) main____ INFO    ----------------------------------------
2026-02-23 13:55:09.416197 (1956281) main____ INFO    JasperGold version info
2026-02-23 13:55:09.416215 (1956281) main____ INFO      tool      : JasperGold 2021.03
2026-02-23 13:55:09.416224 (1956281) main____ INFO      version   : 2021.03 FCS 64 bits
2026-02-23 13:55:09.416229 (1956281) main____ INFO      build date: 2021.03.23 02:50:43 UTC
2026-02-23 13:55:09.416233 (1956281) main____ INFO    ----------------------------------------
2026-02-23 13:55:09.416237 (1956281) main____ INFO    Runtime info:
2026-02-23 13:55:09.416242 (1956281) main____ INFO      platform  : Linux 5.14.0-570.84.1.el9_6.x86_64 x86_64
2026-02-23 13:55:09.416248 (1956281) main____ INFO      hostname  : della-r3c1n5
2026-02-23 13:55:09.416253 (1956281) main____ INFO      pid       : 1956281
2026-02-23 13:55:09.416257 (1956281) main____ INFO      arguments : '-style' 'windows' '-batch' '-proj' './verification_results/03942/jgproject' '-tcl' './jasper_verif_check.tcl'
2026-02-23 13:55:09.416266 (1956281) main____ INFO      locale    : UTF-8
2026-02-23 13:55:09.416270 (1956281) main____ INFO    ----------------------------------------
2026-02-23 13:55:09.416274 (1956281) main____ INFO    System resource limits info:
2026-02-23 13:55:09.416278 (1956281) main____ INFO      virtual memory: unlimited
2026-02-23 13:55:09.416283 (1956281) main____ INFO      cpu time      : unlimited
2026-02-23 13:55:09.416287 (1956281) main____ INFO      stack size    : unlimited
2026-02-23 13:55:09.416291 (1956281) main____ INFO      core file size: unlimited
2026-02-23 13:55:09.416299 (1956281) main____ INFO      open files    : 131072
2026-02-23 13:55:09.416303 (1956281) main____ INFO      file size     : unlimited
2026-02-23 13:55:09.416308 (1956281) main____ INFO    ----------------------------------------
2026-02-23 13:55:09.416311 (1956281) main____ INFO    Memory statistics:
2026-02-23 13:55:09.416316 (1956281) main____ INFO      total physical memory  : 195972056 kB
2026-02-23 13:55:09.416320 (1956281) main____ INFO      free physical memory   : 133876392 kB
2026-02-23 13:55:09.416324 (1956281) main____ INFO      committed address space: 56982076 kB
2026-02-23 13:55:09.416328 (1956281) main____ INFO    ----------------------------------------
2026-02-23 13:55:09.417320 (1956281) main____ INFO    Important environment variables:
2026-02-23 13:55:09.417357 (1956281) main____ INFO      JASPER_HOME       : '/usr/licensed/cadence-20210126/jasper_2021.03'
2026-02-23 13:55:09.417363 (1956281) main____ INFO      JASPER_INSTALL_DIR: '/scratch/gpfs/LICENSED/x86_64/cadence-20210126/jasper_2021.03'
2026-02-23 13:55:09.417369 (1956281) main____ INFO      LANG              : 'en_US.UTF-8'
2026-02-23 13:55:09.417374 (1956281) main____ INFO      LM_LICENSE_FILE   : '5280@license.rc.princeton.edu'
2026-02-23 13:55:09.417378 (1956281) main____ INFO      TMPDIR            : '/tmp/ab2113/jg_5019080_71'
2026-02-23 13:55:09.417383 (1956281) main____ INFO    ----------------------------------------
2026-02-23 13:55:09.417900 (1956281) lic_core INFO    Initializing license system ...
2026-02-23 13:55:09.418790 (1956281) lic_core INFO    ... license system initialized.
2026-02-23 13:55:09.419588 (1956281) lic__man INFO    Claim 'fpv' for <ui>.
2026-02-23 13:55:09.419630 (1956281) lic_core INFO    (1) checking out 'jasper_fpv' ...
2026-02-23 13:55:09.425225 (1956281) lic_core INFO    ... (1) checkout failed (error: -5) ("FLEXnet ERROR(-5, 0, 0): No such feature exists.")
2026-02-23 13:55:09.425279 (1956281) lic_core INFO    (2) checking out 'jasper_fao' ...
2026-02-23 13:55:09.436097 (1956281) lic_core INFO    ... (2) checkout succeeded
2026-02-23 13:55:09.451131 (1956281) session_ INFO    Starting analysis session with session id 'session_0' (launcher: <local>) ...
2026-02-23 13:55:09.454344 (1956281) session_ INFO    Analysis session with session id 'session_0' started (pid: 1956289)
2026-02-23 13:55:10.155556 (1956281) session_ INFO    Analysis session 'session_0' connected to the console (host: 127.0.0.1:60634)
2026-02-23 13:55:11.078222 (1956281) main____ INFO    About to exit: request to exit with status 1 received from analysis session 'session_0'
2026-02-23 13:55:11.151394 (1956281) session_ INFO    Analysis session 'session_0' disconnected.
2026-02-23 13:55:11.151524 (1956281) lic__man INFO    Unclaim everything for 'session_0'.
2026-02-23 13:55:11.151928 (1956281) session_ INFO    Process for analysis session 'session_0' has exited with exit status '1'.
2026-02-23 13:55:13.096253 (1956281) lic_core INFO    (2) checkin jasper_fao
2026-02-23 13:55:13.097877 (1956281) main____ INFO    Exiting with status 1.
