2026-02-20 17:36:26.489649 (2536300) main____ INFO    ----------------------------------------
2026-02-20 17:36:26.489774 (2536300) main____ INFO    JasperGold version info
2026-02-20 17:36:26.489797 (2536300) main____ INFO      tool      : JasperGold 2021.03
2026-02-20 17:36:26.489807 (2536300) main____ INFO      version   : 2021.03 FCS 64 bits
2026-02-20 17:36:26.489812 (2536300) main____ INFO      build date: 2021.03.23 02:50:43 UTC
2026-02-20 17:36:26.489817 (2536300) main____ INFO    ----------------------------------------
2026-02-20 17:36:26.489821 (2536300) main____ INFO    Runtime info:
2026-02-20 17:36:26.489826 (2536300) main____ INFO      platform  : Linux 5.14.0-570.84.1.el9_6.x86_64 x86_64
2026-02-20 17:36:26.489833 (2536300) main____ INFO      hostname  : della-i13n22
2026-02-20 17:36:26.489837 (2536300) main____ INFO      pid       : 2536300
2026-02-20 17:36:26.489842 (2536300) main____ INFO      arguments : '-style' 'windows' '-batch' '-proj' 'verification_results/00283/jgproject' '-tcl' './jasper_verif_check.tcl'
2026-02-20 17:36:26.489851 (2536300) main____ INFO      locale    : UTF-8
2026-02-20 17:36:26.489855 (2536300) main____ INFO    ----------------------------------------
2026-02-20 17:36:26.489859 (2536300) main____ INFO    System resource limits info:
2026-02-20 17:36:26.489864 (2536300) main____ INFO      virtual memory: unlimited
2026-02-20 17:36:26.489868 (2536300) main____ INFO      cpu time      : unlimited
2026-02-20 17:36:26.489872 (2536300) main____ INFO      stack size    : unlimited
2026-02-20 17:36:26.489876 (2536300) main____ INFO      core file size: unlimited
2026-02-20 17:36:26.489884 (2536300) main____ INFO      open files    : 131072
2026-02-20 17:36:26.489889 (2536300) main____ INFO      file size     : unlimited
2026-02-20 17:36:26.489892 (2536300) main____ INFO    ----------------------------------------
2026-02-20 17:36:26.489896 (2536300) main____ INFO    Memory statistics:
2026-02-20 17:36:26.489900 (2536300) main____ INFO      total physical memory  : 394157548 kB
2026-02-20 17:36:26.489904 (2536300) main____ INFO      free physical memory   : 192762228 kB
2026-02-20 17:36:26.489908 (2536300) main____ INFO      committed address space: 166055516 kB
2026-02-20 17:36:26.489912 (2536300) main____ INFO    ----------------------------------------
2026-02-20 17:36:26.490817 (2536300) main____ INFO    Important environment variables:
2026-02-20 17:36:26.490840 (2536300) main____ INFO      JASPER_HOME       : '/usr/licensed/cadence-20210126/jasper_2021.03'
2026-02-20 17:36:26.490847 (2536300) main____ INFO      JASPER_INSTALL_DIR: '/scratch/gpfs/LICENSED/x86_64/cadence-20210126/jasper_2021.03'
2026-02-20 17:36:26.490853 (2536300) main____ INFO      LANG              : 'en_US.UTF-8'
2026-02-20 17:36:26.490858 (2536300) main____ INFO      LM_LICENSE_FILE   : '5280@license.rc.princeton.edu'
2026-02-20 17:36:26.490862 (2536300) main____ INFO      TMPDIR            : '/tmp'
2026-02-20 17:36:26.490867 (2536300) main____ INFO    ----------------------------------------
2026-02-20 17:36:26.491933 (2536300) lic_core INFO    Initializing license system ...
2026-02-20 17:36:26.492986 (2536300) lic_core INFO    ... license system initialized.
2026-02-20 17:36:26.493888 (2536300) lic__man INFO    Claim 'fpv' for <ui>.
2026-02-20 17:36:26.493941 (2536300) lic_core INFO    (1) checking out 'jasper_fpv' ...
2026-02-20 17:36:26.500847 (2536300) lic_core INFO    ... (1) checkout failed (error: -5) ("FLEXnet ERROR(-5, 0, 0): No such feature exists.")
2026-02-20 17:36:26.500924 (2536300) lic_core INFO    (2) checking out 'jasper_fao' ...
2026-02-20 17:36:26.511446 (2536300) lic_core INFO    ... (2) checkout succeeded
2026-02-20 17:36:26.526761 (2536300) session_ INFO    Starting analysis session with session id 'session_0' (launcher: <local>) ...
2026-02-20 17:36:26.530479 (2536300) session_ INFO    Analysis session with session id 'session_0' started (pid: 2536308)
2026-02-20 17:36:27.284045 (2536300) session_ INFO    Analysis session 'session_0' connected to the console (host: 127.0.0.1:49948)
2026-02-20 17:36:27.866497 (2536300) main____ INFO    About to exit: request to exit with status 1 received from analysis session 'session_0'
2026-02-20 17:36:27.955168 (2536300) session_ INFO    Analysis session 'session_0' disconnected.
2026-02-20 17:36:27.955306 (2536300) lic__man INFO    Unclaim everything for 'session_0'.
2026-02-20 17:36:27.955868 (2536300) session_ INFO    Process for analysis session 'session_0' has exited with exit status '1'.
2026-02-20 17:36:29.973021 (2536300) lic_core INFO    (2) checkin jasper_fao
2026-02-20 17:36:29.974619 (2536300) main____ INFO    Exiting with status 1.
