2026-02-23 14:00:25.278244 (3921600) main____ INFO    ----------------------------------------
2026-02-23 14:00:25.278350 (3921600) main____ INFO    JasperGold version info
2026-02-23 14:00:25.278368 (3921600) main____ INFO      tool      : JasperGold 2021.03
2026-02-23 14:00:25.278378 (3921600) main____ INFO      version   : 2021.03 FCS 64 bits
2026-02-23 14:00:25.278383 (3921600) main____ INFO      build date: 2021.03.23 02:50:43 UTC
2026-02-23 14:00:25.278387 (3921600) main____ INFO    ----------------------------------------
2026-02-23 14:00:25.278391 (3921600) main____ INFO    Runtime info:
2026-02-23 14:00:25.278396 (3921600) main____ INFO      platform  : Linux 5.14.0-570.84.1.el9_6.x86_64 x86_64
2026-02-23 14:00:25.278402 (3921600) main____ INFO      hostname  : della-r3c3n11
2026-02-23 14:00:25.278407 (3921600) main____ INFO      pid       : 3921600
2026-02-23 14:00:25.278412 (3921600) main____ INFO      arguments : '-style' 'windows' '-batch' '-proj' './verification_results/03812/jgproject' '-tcl' './jasper_verif_check.tcl'
2026-02-23 14:00:25.278421 (3921600) main____ INFO      locale    : UTF-8
2026-02-23 14:00:25.278425 (3921600) main____ INFO    ----------------------------------------
2026-02-23 14:00:25.278429 (3921600) main____ INFO    System resource limits info:
2026-02-23 14:00:25.278433 (3921600) main____ INFO      virtual memory: unlimited
2026-02-23 14:00:25.278437 (3921600) main____ INFO      cpu time      : unlimited
2026-02-23 14:00:25.278442 (3921600) main____ INFO      stack size    : unlimited
2026-02-23 14:00:25.278446 (3921600) main____ INFO      core file size: unlimited
2026-02-23 14:00:25.278453 (3921600) main____ INFO      open files    : 131072
2026-02-23 14:00:25.278458 (3921600) main____ INFO      file size     : unlimited
2026-02-23 14:00:25.278462 (3921600) main____ INFO    ----------------------------------------
2026-02-23 14:00:25.278466 (3921600) main____ INFO    Memory statistics:
2026-02-23 14:00:25.278471 (3921600) main____ INFO      total physical memory  : 195972156 kB
2026-02-23 14:00:25.278475 (3921600) main____ INFO      free physical memory   : 92654168 kB
2026-02-23 14:00:25.278479 (3921600) main____ INFO      committed address space: 61843268 kB
2026-02-23 14:00:25.278483 (3921600) main____ INFO    ----------------------------------------
2026-02-23 14:00:25.279464 (3921600) main____ INFO    Important environment variables:
2026-02-23 14:00:25.279484 (3921600) main____ INFO      JASPER_HOME       : '/usr/licensed/cadence-20210126/jasper_2021.03'
2026-02-23 14:00:25.279490 (3921600) main____ INFO      JASPER_INSTALL_DIR: '/scratch/gpfs/LICENSED/x86_64/cadence-20210126/jasper_2021.03'
2026-02-23 14:00:25.279496 (3921600) main____ INFO      LANG              : 'en_US.UTF-8'
2026-02-23 14:00:25.279501 (3921600) main____ INFO      LM_LICENSE_FILE   : '5280@license.rc.princeton.edu'
2026-02-23 14:00:25.279507 (3921600) main____ INFO      TMPDIR            : '/tmp/ab2113/jg_5019070_68'
2026-02-23 14:00:25.279511 (3921600) main____ INFO    ----------------------------------------
2026-02-23 14:00:25.280376 (3921600) lic_core INFO    Initializing license system ...
2026-02-23 14:00:25.281233 (3921600) lic_core INFO    ... license system initialized.
2026-02-23 14:00:25.282030 (3921600) lic__man INFO    Claim 'fpv' for <ui>.
2026-02-23 14:00:25.282071 (3921600) lic_core INFO    (1) checking out 'jasper_fpv' ...
2026-02-23 14:00:25.287749 (3921600) lic_core INFO    ... (1) checkout failed (error: -5) ("FLEXnet ERROR(-5, 0, 0): No such feature exists.")
2026-02-23 14:00:25.287806 (3921600) lic_core INFO    (2) checking out 'jasper_fao' ...
2026-02-23 14:00:25.298262 (3921600) lic_core INFO    ... (2) checkout succeeded
2026-02-23 14:00:25.312874 (3921600) session_ INFO    Starting analysis session with session id 'session_0' (launcher: <local>) ...
2026-02-23 14:00:25.315779 (3921600) session_ INFO    Analysis session with session id 'session_0' started (pid: 3921608)
2026-02-23 14:00:26.013008 (3921600) session_ INFO    Analysis session 'session_0' connected to the console (host: 127.0.0.1:35562)
2026-02-23 14:00:26.927284 (3921600) main____ INFO    About to exit: request to exit with status 1 received from analysis session 'session_0'
2026-02-23 14:00:27.000915 (3921600) session_ INFO    Analysis session 'session_0' disconnected.
2026-02-23 14:00:27.001054 (3921600) lic__man INFO    Unclaim everything for 'session_0'.
2026-02-23 14:00:27.001625 (3921600) session_ INFO    Process for analysis session 'session_0' has exited with exit status '1'.
2026-02-23 14:00:29.035993 (3921600) lic_core INFO    (2) checkin jasper_fao
2026-02-23 14:00:29.037516 (3921600) main____ INFO    Exiting with status 1.
