2026-02-20 18:26:32.708774 (2587591) main____ INFO    ----------------------------------------
2026-02-20 18:26:32.708885 (2587591) main____ INFO    JasperGold version info
2026-02-20 18:26:32.708903 (2587591) main____ INFO      tool      : JasperGold 2021.03
2026-02-20 18:26:32.708912 (2587591) main____ INFO      version   : 2021.03 FCS 64 bits
2026-02-20 18:26:32.708917 (2587591) main____ INFO      build date: 2021.03.23 02:50:43 UTC
2026-02-20 18:26:32.708921 (2587591) main____ INFO    ----------------------------------------
2026-02-20 18:26:32.708925 (2587591) main____ INFO    Runtime info:
2026-02-20 18:26:32.708929 (2587591) main____ INFO      platform  : Linux 5.14.0-570.84.1.el9_6.x86_64 x86_64
2026-02-20 18:26:32.708935 (2587591) main____ INFO      hostname  : della-i13n22
2026-02-20 18:26:32.708939 (2587591) main____ INFO      pid       : 2587591
2026-02-20 18:26:32.708943 (2587591) main____ INFO      arguments : '-style' 'windows' '-batch' '-proj' 'verification_results/00805/jgproject' '-tcl' './jasper_verif_check.tcl'
2026-02-20 18:26:32.708951 (2587591) main____ INFO      locale    : UTF-8
2026-02-20 18:26:32.708955 (2587591) main____ INFO    ----------------------------------------
2026-02-20 18:26:32.708959 (2587591) main____ INFO    System resource limits info:
2026-02-20 18:26:32.708963 (2587591) main____ INFO      virtual memory: unlimited
2026-02-20 18:26:32.708967 (2587591) main____ INFO      cpu time      : unlimited
2026-02-20 18:26:32.708971 (2587591) main____ INFO      stack size    : unlimited
2026-02-20 18:26:32.708975 (2587591) main____ INFO      core file size: unlimited
2026-02-20 18:26:32.708982 (2587591) main____ INFO      open files    : 131072
2026-02-20 18:26:32.708986 (2587591) main____ INFO      file size     : unlimited
2026-02-20 18:26:32.708990 (2587591) main____ INFO    ----------------------------------------
2026-02-20 18:26:32.708993 (2587591) main____ INFO    Memory statistics:
2026-02-20 18:26:32.708997 (2587591) main____ INFO      total physical memory  : 394157548 kB
2026-02-20 18:26:32.709001 (2587591) main____ INFO      free physical memory   : 178234376 kB
2026-02-20 18:26:32.709005 (2587591) main____ INFO      committed address space: 180552348 kB
2026-02-20 18:26:32.709008 (2587591) main____ INFO    ----------------------------------------
2026-02-20 18:26:32.709899 (2587591) main____ INFO    Important environment variables:
2026-02-20 18:26:32.709918 (2587591) main____ INFO      JASPER_HOME       : '/usr/licensed/cadence-20210126/jasper_2021.03'
2026-02-20 18:26:32.709924 (2587591) main____ INFO      JASPER_INSTALL_DIR: '/scratch/gpfs/LICENSED/x86_64/cadence-20210126/jasper_2021.03'
2026-02-20 18:26:32.709930 (2587591) main____ INFO      LANG              : 'en_US.UTF-8'
2026-02-20 18:26:32.709934 (2587591) main____ INFO      LM_LICENSE_FILE   : '5280@license.rc.princeton.edu'
2026-02-20 18:26:32.709939 (2587591) main____ INFO      TMPDIR            : '/tmp'
2026-02-20 18:26:32.709943 (2587591) main____ INFO    ----------------------------------------
2026-02-20 18:26:32.710518 (2587591) lic_core INFO    Initializing license system ...
2026-02-20 18:26:32.711036 (2587591) lic_core INFO    ... license system initialized.
2026-02-20 18:26:32.711827 (2587591) lic__man INFO    Claim 'fpv' for <ui>.
2026-02-20 18:26:32.711869 (2587591) lic_core INFO    (1) checking out 'jasper_fpv' ...
2026-02-20 18:26:32.717738 (2587591) lic_core INFO    ... (1) checkout failed (error: -5) ("FLEXnet ERROR(-5, 0, 0): No such feature exists.")
2026-02-20 18:26:32.717810 (2587591) lic_core INFO    (2) checking out 'jasper_fao' ...
2026-02-20 18:26:32.728616 (2587591) lic_core INFO    ... (2) checkout succeeded
2026-02-20 18:26:32.742464 (2587591) session_ INFO    Starting analysis session with session id 'session_0' (launcher: <local>) ...
2026-02-20 18:26:32.745463 (2587591) session_ INFO    Analysis session with session id 'session_0' started (pid: 2587599)
2026-02-20 18:26:33.501280 (2587591) session_ INFO    Analysis session 'session_0' connected to the console (host: 127.0.0.1:47890)
2026-02-20 18:26:34.344536 (2587591) lic__man INFO    Unclaim everything for 'session_0'.
2026-02-20 18:26:34.404956 (2587591) lic__man INFO    Claim 'fpv' for 'session_0'.
2026-02-20 18:26:34.405016 (2587591) lic__man INFO    Claim 'fpv' for 'session_0/prove-0'.
2026-02-20 18:26:34.547587 (2587591) lic__man INFO    Unclaim everything for 'session_0/prove-0'.
2026-02-20 18:26:34.606506 (2587591) main____ INFO    About to exit: request to exit with status 0 received from analysis session 'session_0'
2026-02-20 18:26:34.717785 (2587591) session_ INFO    Analysis session 'session_0' disconnected.
2026-02-20 18:26:34.717915 (2587591) lic__man INFO    Unclaim everything for 'session_0'.
2026-02-20 18:26:34.718550 (2587591) session_ INFO    Process for analysis session 'session_0' has exited with exit status '0'.
2026-02-20 18:26:36.541270 (2587591) lic_core INFO    (2) checkin jasper_fao
2026-02-20 18:26:36.543009 (2587591) main____ INFO    Exiting with status 0.
