2026-02-23 13:54:29.780939 (3919379) main____ INFO    ----------------------------------------
2026-02-23 13:54:29.781042 (3919379) main____ INFO    JasperGold version info
2026-02-23 13:54:29.781061 (3919379) main____ INFO      tool      : JasperGold 2021.03
2026-02-23 13:54:29.781070 (3919379) main____ INFO      version   : 2021.03 FCS 64 bits
2026-02-23 13:54:29.781075 (3919379) main____ INFO      build date: 2021.03.23 02:50:43 UTC
2026-02-23 13:54:29.781079 (3919379) main____ INFO    ----------------------------------------
2026-02-23 13:54:29.781083 (3919379) main____ INFO    Runtime info:
2026-02-23 13:54:29.781088 (3919379) main____ INFO      platform  : Linux 5.14.0-570.84.1.el9_6.x86_64 x86_64
2026-02-23 13:54:29.781094 (3919379) main____ INFO      hostname  : della-r3c3n11
2026-02-23 13:54:29.781099 (3919379) main____ INFO      pid       : 3919379
2026-02-23 13:54:29.781104 (3919379) main____ INFO      arguments : '-style' 'windows' '-batch' '-proj' './verification_results/03791/jgproject' '-tcl' './jasper_verif_check.tcl'
2026-02-23 13:54:29.781112 (3919379) main____ INFO      locale    : UTF-8
2026-02-23 13:54:29.781116 (3919379) main____ INFO    ----------------------------------------
2026-02-23 13:54:29.781120 (3919379) main____ INFO    System resource limits info:
2026-02-23 13:54:29.781125 (3919379) main____ INFO      virtual memory: unlimited
2026-02-23 13:54:29.781130 (3919379) main____ INFO      cpu time      : unlimited
2026-02-23 13:54:29.781134 (3919379) main____ INFO      stack size    : unlimited
2026-02-23 13:54:29.781138 (3919379) main____ INFO      core file size: unlimited
2026-02-23 13:54:29.781145 (3919379) main____ INFO      open files    : 131072
2026-02-23 13:54:29.781150 (3919379) main____ INFO      file size     : unlimited
2026-02-23 13:54:29.781154 (3919379) main____ INFO    ----------------------------------------
2026-02-23 13:54:29.781157 (3919379) main____ INFO    Memory statistics:
2026-02-23 13:54:29.781162 (3919379) main____ INFO      total physical memory  : 195972156 kB
2026-02-23 13:54:29.781166 (3919379) main____ INFO      free physical memory   : 88903436 kB
2026-02-23 13:54:29.781175 (3919379) main____ INFO      committed address space: 61738712 kB
2026-02-23 13:54:29.781179 (3919379) main____ INFO    ----------------------------------------
2026-02-23 13:54:29.782137 (3919379) main____ INFO    Important environment variables:
2026-02-23 13:54:29.782151 (3919379) main____ INFO      JASPER_HOME       : '/usr/licensed/cadence-20210126/jasper_2021.03'
2026-02-23 13:54:29.782158 (3919379) main____ INFO      JASPER_INSTALL_DIR: '/scratch/gpfs/LICENSED/x86_64/cadence-20210126/jasper_2021.03'
2026-02-23 13:54:29.782163 (3919379) main____ INFO      LANG              : 'en_US.UTF-8'
2026-02-23 13:54:29.782173 (3919379) main____ INFO      LM_LICENSE_FILE   : '5280@license.rc.princeton.edu'
2026-02-23 13:54:29.782178 (3919379) main____ INFO      TMPDIR            : '/tmp/ab2113/jg_5019070_68'
2026-02-23 13:54:29.782182 (3919379) main____ INFO    ----------------------------------------
2026-02-23 13:54:29.782999 (3919379) lic_core INFO    Initializing license system ...
2026-02-23 13:54:29.783801 (3919379) lic_core INFO    ... license system initialized.
2026-02-23 13:54:29.784561 (3919379) lic__man INFO    Claim 'fpv' for <ui>.
2026-02-23 13:54:29.784601 (3919379) lic_core INFO    (1) checking out 'jasper_fpv' ...
2026-02-23 13:54:29.789834 (3919379) lic_core INFO    ... (1) checkout failed (error: -5) ("FLEXnet ERROR(-5, 0, 0): No such feature exists.")
2026-02-23 13:54:29.789887 (3919379) lic_core INFO    (2) checking out 'jasper_fao' ...
2026-02-23 13:54:29.799977 (3919379) lic_core INFO    ... (2) checkout succeeded
2026-02-23 13:54:29.814533 (3919379) session_ INFO    Starting analysis session with session id 'session_0' (launcher: <local>) ...
2026-02-23 13:54:29.817333 (3919379) session_ INFO    Analysis session with session id 'session_0' started (pid: 3919387)
2026-02-23 13:54:30.511373 (3919379) session_ INFO    Analysis session 'session_0' connected to the console (host: 127.0.0.1:36932)
2026-02-23 13:54:31.351734 (3919379) lic__man INFO    Unclaim everything for 'session_0'.
2026-02-23 13:54:31.392684 (3919379) lic__man INFO    Claim 'fpv' for 'session_0'.
2026-02-23 13:54:31.392730 (3919379) lic__man INFO    Claim 'fpv' for 'session_0/prove-0'.
2026-02-23 13:54:31.580146 (3919379) lic__man INFO    Unclaim everything for 'session_0/prove-0'.
2026-02-23 13:54:31.636256 (3919379) main____ INFO    About to exit: request to exit with status 0 received from analysis session 'session_0'
2026-02-23 13:54:31.722923 (3919379) session_ INFO    Analysis session 'session_0' disconnected.
2026-02-23 13:54:31.723048 (3919379) lic__man INFO    Unclaim everything for 'session_0'.
2026-02-23 13:54:31.723667 (3919379) session_ INFO    Process for analysis session 'session_0' has exited with exit status '0'.
2026-02-23 13:54:33.543648 (3919379) lic_core INFO    (2) checkin jasper_fao
2026-02-23 13:54:33.545158 (3919379) main____ INFO    Exiting with status 0.
