2026-02-23 14:00:47.347408 (536960) main____ INFO    ----------------------------------------
2026-02-23 14:00:47.347486 (536960) main____ INFO    JasperGold version info
2026-02-23 14:00:47.347502 (536960) main____ INFO      tool      : JasperGold 2021.03
2026-02-23 14:00:47.347510 (536960) main____ INFO      version   : 2021.03 FCS 64 bits
2026-02-23 14:00:47.347514 (536960) main____ INFO      build date: 2021.03.23 02:50:43 UTC
2026-02-23 14:00:47.347520 (536960) main____ INFO    ----------------------------------------
2026-02-23 14:00:47.347524 (536960) main____ INFO    Runtime info:
2026-02-23 14:00:47.347528 (536960) main____ INFO      platform  : Linux 5.14.0-570.84.1.el9_6.x86_64 x86_64
2026-02-23 14:00:47.347534 (536960) main____ INFO      hostname  : della-r3c2n9
2026-02-23 14:00:47.347538 (536960) main____ INFO      pid       : 536960
2026-02-23 14:00:47.347543 (536960) main____ INFO      arguments : '-style' 'windows' '-batch' '-proj' './verification_results/04791/jgproject' '-tcl' './jasper_verif_check.tcl'
2026-02-23 14:00:47.347550 (536960) main____ INFO      locale    : UTF-8
2026-02-23 14:00:47.347554 (536960) main____ INFO    ----------------------------------------
2026-02-23 14:00:47.347558 (536960) main____ INFO    System resource limits info:
2026-02-23 14:00:47.347562 (536960) main____ INFO      virtual memory: unlimited
2026-02-23 14:00:47.347566 (536960) main____ INFO      cpu time      : unlimited
2026-02-23 14:00:47.347571 (536960) main____ INFO      stack size    : unlimited
2026-02-23 14:00:47.347575 (536960) main____ INFO      core file size: unlimited
2026-02-23 14:00:47.347581 (536960) main____ INFO      open files    : 131072
2026-02-23 14:00:47.347586 (536960) main____ INFO      file size     : unlimited
2026-02-23 14:00:47.347590 (536960) main____ INFO    ----------------------------------------
2026-02-23 14:00:47.347594 (536960) main____ INFO    Memory statistics:
2026-02-23 14:00:47.347598 (536960) main____ INFO      total physical memory  : 195972072 kB
2026-02-23 14:00:47.347602 (536960) main____ INFO      free physical memory   : 67514280 kB
2026-02-23 14:00:47.347606 (536960) main____ INFO      committed address space: 64178676 kB
2026-02-23 14:00:47.347610 (536960) main____ INFO    ----------------------------------------
2026-02-23 14:00:47.348568 (536960) main____ INFO    Important environment variables:
2026-02-23 14:00:47.348584 (536960) main____ INFO      JASPER_HOME       : '/usr/licensed/cadence-20210126/jasper_2021.03'
2026-02-23 14:00:47.348591 (536960) main____ INFO      JASPER_INSTALL_DIR: '/scratch/gpfs/LICENSED/x86_64/cadence-20210126/jasper_2021.03'
2026-02-23 14:00:47.348596 (536960) main____ INFO      LANG              : 'en_US.UTF-8'
2026-02-23 14:00:47.348601 (536960) main____ INFO      LM_LICENSE_FILE   : '5280@license.rc.princeton.edu'
2026-02-23 14:00:47.348606 (536960) main____ INFO      TMPDIR            : '/tmp/ab2113/jg_5018694_88'
2026-02-23 14:00:47.348610 (536960) main____ INFO    ----------------------------------------
2026-02-23 14:00:47.349383 (536960) lic_core INFO    Initializing license system ...
2026-02-23 14:00:47.350162 (536960) lic_core INFO    ... license system initialized.
2026-02-23 14:00:47.350884 (536960) lic__man INFO    Claim 'fpv' for <ui>.
2026-02-23 14:00:47.350920 (536960) lic_core INFO    (1) checking out 'jasper_fpv' ...
2026-02-23 14:00:47.356179 (536960) lic_core INFO    ... (1) checkout failed (error: -5) ("FLEXnet ERROR(-5, 0, 0): No such feature exists.")
2026-02-23 14:00:47.356221 (536960) lic_core INFO    (2) checking out 'jasper_fao' ...
2026-02-23 14:00:47.366690 (536960) lic_core INFO    ... (2) checkout succeeded
2026-02-23 14:00:47.380713 (536960) session_ INFO    Starting analysis session with session id 'session_0' (launcher: <local>) ...
2026-02-23 14:00:47.383501 (536960) session_ INFO    Analysis session with session id 'session_0' started (pid: 536968)
2026-02-23 14:00:48.040236 (536960) session_ INFO    Analysis session 'session_0' connected to the console (host: 127.0.0.1:45344)
2026-02-23 14:00:48.604944 (536960) main____ INFO    About to exit: request to exit with status 1 received from analysis session 'session_0'
2026-02-23 14:00:48.675700 (536960) session_ INFO    Analysis session 'session_0' disconnected.
2026-02-23 14:00:48.675816 (536960) lic__man INFO    Unclaim everything for 'session_0'.
2026-02-23 14:00:48.676183 (536960) session_ INFO    Process for analysis session 'session_0' has exited with exit status '1'.
2026-02-23 14:00:50.623356 (536960) lic_core INFO    (2) checkin jasper_fao
2026-02-23 14:00:50.624787 (536960) main____ INFO    Exiting with status 1.
