2026-02-23 13:42:05.394954 (2376630) main____ INFO    ----------------------------------------
2026-02-23 13:42:05.395044 (2376630) main____ INFO    JasperGold version info
2026-02-23 13:42:05.395061 (2376630) main____ INFO      tool      : JasperGold 2021.03
2026-02-23 13:42:05.395073 (2376630) main____ INFO      version   : 2021.03 FCS 64 bits
2026-02-23 13:42:05.395079 (2376630) main____ INFO      build date: 2021.03.23 02:50:43 UTC
2026-02-23 13:42:05.395085 (2376630) main____ INFO    ----------------------------------------
2026-02-23 13:42:05.395090 (2376630) main____ INFO    Runtime info:
2026-02-23 13:42:05.395095 (2376630) main____ INFO      platform  : Linux 5.14.0-570.84.1.el9_6.x86_64 x86_64
2026-02-23 13:42:05.395102 (2376630) main____ INFO      hostname  : della-h14n8
2026-02-23 13:42:05.395107 (2376630) main____ INFO      pid       : 2376630
2026-02-23 13:42:05.395113 (2376630) main____ INFO      arguments : '-style' 'windows' '-batch' '-proj' './verification_results/00705/jgproject' '-tcl' './jasper_verif_check.tcl'
2026-02-23 13:42:05.395123 (2376630) main____ INFO      locale    : UTF-8
2026-02-23 13:42:05.395129 (2376630) main____ INFO    ----------------------------------------
2026-02-23 13:42:05.395133 (2376630) main____ INFO    System resource limits info:
2026-02-23 13:42:05.395138 (2376630) main____ INFO      virtual memory: unlimited
2026-02-23 13:42:05.395146 (2376630) main____ INFO      cpu time      : unlimited
2026-02-23 13:42:05.395151 (2376630) main____ INFO      stack size    : unlimited
2026-02-23 13:42:05.395156 (2376630) main____ INFO      core file size: unlimited
2026-02-23 13:42:05.395163 (2376630) main____ INFO      open files    : 131072
2026-02-23 13:42:05.395169 (2376630) main____ INFO      file size     : unlimited
2026-02-23 13:42:05.395175 (2376630) main____ INFO    ----------------------------------------
2026-02-23 13:42:05.395182 (2376630) main____ INFO    Memory statistics:
2026-02-23 13:42:05.395187 (2376630) main____ INFO      total physical memory  : 1584164340 kB
2026-02-23 13:42:05.395192 (2376630) main____ INFO      free physical memory   : 754832644 kB
2026-02-23 13:42:05.395198 (2376630) main____ INFO      committed address space: 531713348 kB
2026-02-23 13:42:05.395204 (2376630) main____ INFO    ----------------------------------------
2026-02-23 13:42:05.395736 (2376630) main____ INFO    Important environment variables:
2026-02-23 13:42:05.395751 (2376630) main____ INFO      JASPER_HOME       : '/usr/licensed/cadence-20210126/jasper_2021.03'
2026-02-23 13:42:05.395757 (2376630) main____ INFO      JASPER_INSTALL_DIR: '/scratch/gpfs/LICENSED/x86_64/cadence-20210126/jasper_2021.03'
2026-02-23 13:42:05.395764 (2376630) main____ INFO      LANG              : 'en_US.UTF-8'
2026-02-23 13:42:05.395770 (2376630) main____ INFO      LM_LICENSE_FILE   : '5280@license.rc.princeton.edu'
2026-02-23 13:42:05.395779 (2376630) main____ INFO      TMPDIR            : '/tmp/ab2113/jg_5018708_6'
2026-02-23 13:42:05.395785 (2376630) main____ INFO    ----------------------------------------
2026-02-23 13:42:05.396234 (2376630) lic_core INFO    Initializing license system ...
2026-02-23 13:42:05.396782 (2376630) lic_core INFO    ... license system initialized.
2026-02-23 13:42:05.397555 (2376630) lic__man INFO    Claim 'fpv' for <ui>.
2026-02-23 13:42:05.397589 (2376630) lic_core INFO    (1) checking out 'jasper_fpv' ...
2026-02-23 13:42:05.402632 (2376630) lic_core INFO    ... (1) checkout failed (error: -5) ("FLEXnet ERROR(-5, 0, 0): No such feature exists.")
2026-02-23 13:42:05.402668 (2376630) lic_core INFO    (2) checking out 'jasper_fao' ...
2026-02-23 13:42:05.411622 (2376630) lic_core INFO    ... (2) checkout succeeded
2026-02-23 13:42:05.424167 (2376630) session_ INFO    Starting analysis session with session id 'session_0' (launcher: <local>) ...
2026-02-23 13:42:05.427240 (2376630) session_ INFO    Analysis session with session id 'session_0' started (pid: 2376638)
2026-02-23 13:42:06.027587 (2376630) session_ INFO    Analysis session 'session_0' connected to the console (host: 127.0.0.1:42016)
2026-02-23 13:42:06.819822 (2376630) main____ INFO    About to exit: request to exit with status 1 received from analysis session 'session_0'
2026-02-23 13:42:06.871538 (2376630) session_ INFO    Analysis session 'session_0' disconnected.
2026-02-23 13:42:06.871694 (2376630) lic__man INFO    Unclaim everything for 'session_0'.
2026-02-23 13:42:06.873405 (2376630) session_ INFO    Process for analysis session 'session_0' has exited with exit status '1'.
2026-02-23 13:42:08.724878 (2376630) lic_core INFO    (2) checkin jasper_fao
2026-02-23 13:42:08.726491 (2376630) main____ INFO    Exiting with status 1.
