2026-02-23 13:57:29.828818 (1959316) main____ INFO    ----------------------------------------
2026-02-23 13:57:29.828894 (1959316) main____ INFO    JasperGold version info
2026-02-23 13:57:29.828910 (1959316) main____ INFO      tool      : JasperGold 2021.03
2026-02-23 13:57:29.828918 (1959316) main____ INFO      version   : 2021.03 FCS 64 bits
2026-02-23 13:57:29.828923 (1959316) main____ INFO      build date: 2021.03.23 02:50:43 UTC
2026-02-23 13:57:29.828927 (1959316) main____ INFO    ----------------------------------------
2026-02-23 13:57:29.828932 (1959316) main____ INFO    Runtime info:
2026-02-23 13:57:29.828936 (1959316) main____ INFO      platform  : Linux 5.14.0-570.84.1.el9_6.x86_64 x86_64
2026-02-23 13:57:29.828942 (1959316) main____ INFO      hostname  : della-r3c1n5
2026-02-23 13:57:29.828947 (1959316) main____ INFO      pid       : 1959316
2026-02-23 13:57:29.828951 (1959316) main____ INFO      arguments : '-style' 'windows' '-batch' '-proj' './verification_results/04376/jgproject' '-tcl' './jasper_verif_check.tcl'
2026-02-23 13:57:29.828960 (1959316) main____ INFO      locale    : UTF-8
2026-02-23 13:57:29.828964 (1959316) main____ INFO    ----------------------------------------
2026-02-23 13:57:29.828968 (1959316) main____ INFO    System resource limits info:
2026-02-23 13:57:29.828972 (1959316) main____ INFO      virtual memory: unlimited
2026-02-23 13:57:29.828977 (1959316) main____ INFO      cpu time      : unlimited
2026-02-23 13:57:29.828981 (1959316) main____ INFO      stack size    : unlimited
2026-02-23 13:57:29.828985 (1959316) main____ INFO      core file size: unlimited
2026-02-23 13:57:29.828992 (1959316) main____ INFO      open files    : 131072
2026-02-23 13:57:29.828996 (1959316) main____ INFO      file size     : unlimited
2026-02-23 13:57:29.829001 (1959316) main____ INFO    ----------------------------------------
2026-02-23 13:57:29.829005 (1959316) main____ INFO    Memory statistics:
2026-02-23 13:57:29.829009 (1959316) main____ INFO      total physical memory  : 195972056 kB
2026-02-23 13:57:29.829014 (1959316) main____ INFO      free physical memory   : 137218784 kB
2026-02-23 13:57:29.829018 (1959316) main____ INFO      committed address space: 57698188 kB
2026-02-23 13:57:29.829022 (1959316) main____ INFO    ----------------------------------------
2026-02-23 13:57:29.830002 (1959316) main____ INFO    Important environment variables:
2026-02-23 13:57:29.830017 (1959316) main____ INFO      JASPER_HOME       : '/usr/licensed/cadence-20210126/jasper_2021.03'
2026-02-23 13:57:29.830023 (1959316) main____ INFO      JASPER_INSTALL_DIR: '/scratch/gpfs/LICENSED/x86_64/cadence-20210126/jasper_2021.03'
2026-02-23 13:57:29.830029 (1959316) main____ INFO      LANG              : 'en_US.UTF-8'
2026-02-23 13:57:29.830034 (1959316) main____ INFO      LM_LICENSE_FILE   : '5280@license.rc.princeton.edu'
2026-02-23 13:57:29.830039 (1959316) main____ INFO      TMPDIR            : '/tmp/ab2113/jg_5019148_80'
2026-02-23 13:57:29.830043 (1959316) main____ INFO    ----------------------------------------
2026-02-23 13:57:29.830496 (1959316) lic_core INFO    Initializing license system ...
2026-02-23 13:57:29.830916 (1959316) lic_core INFO    ... license system initialized.
2026-02-23 13:57:29.831643 (1959316) lic__man INFO    Claim 'fpv' for <ui>.
2026-02-23 13:57:29.831679 (1959316) lic_core INFO    (1) checking out 'jasper_fpv' ...
2026-02-23 13:57:29.836609 (1959316) lic_core INFO    ... (1) checkout failed (error: -5) ("FLEXnet ERROR(-5, 0, 0): No such feature exists.")
2026-02-23 13:57:29.836642 (1959316) lic_core INFO    (2) checking out 'jasper_fao' ...
2026-02-23 13:57:29.847260 (1959316) lic_core INFO    ... (2) checkout succeeded
2026-02-23 13:57:29.862862 (1959316) session_ INFO    Starting analysis session with session id 'session_0' (launcher: <local>) ...
2026-02-23 13:57:29.866082 (1959316) session_ INFO    Analysis session with session id 'session_0' started (pid: 1959324)
2026-02-23 13:57:30.577936 (1959316) session_ INFO    Analysis session 'session_0' connected to the console (host: 127.0.0.1:60148)
2026-02-23 13:57:31.201239 (1959316) main____ INFO    About to exit: request to exit with status 1 received from analysis session 'session_0'
2026-02-23 13:57:31.280568 (1959316) session_ INFO    Analysis session 'session_0' disconnected.
2026-02-23 13:57:31.280702 (1959316) lic__man INFO    Unclaim everything for 'session_0'.
2026-02-23 13:57:31.281062 (1959316) session_ INFO    Process for analysis session 'session_0' has exited with exit status '1'.
2026-02-23 13:57:33.107807 (1959316) lic_core INFO    (2) checkin jasper_fao
2026-02-23 13:57:33.109465 (1959316) main____ INFO    Exiting with status 1.
