2026-02-23 13:41:26.369025 (2870244) main____ INFO    ----------------------------------------
2026-02-23 13:41:26.369118 (2870244) main____ INFO    JasperGold version info
2026-02-23 13:41:26.369138 (2870244) main____ INFO      tool      : JasperGold 2021.03
2026-02-23 13:41:26.369147 (2870244) main____ INFO      version   : 2021.03 FCS 64 bits
2026-02-23 13:41:26.369155 (2870244) main____ INFO      build date: 2021.03.23 02:50:43 UTC
2026-02-23 13:41:26.369161 (2870244) main____ INFO    ----------------------------------------
2026-02-23 13:41:26.369167 (2870244) main____ INFO    Runtime info:
2026-02-23 13:41:26.369172 (2870244) main____ INFO      platform  : Linux 5.14.0-570.84.1.el9_6.x86_64 x86_64
2026-02-23 13:41:26.369179 (2870244) main____ INFO      hostname  : della-h16n9
2026-02-23 13:41:26.369184 (2870244) main____ INFO      pid       : 2870244
2026-02-23 13:41:26.369191 (2870244) main____ INFO      arguments : '-style' 'windows' '-batch' '-proj' './verification_results/01666/jgproject' '-tcl' './jasper_verif_check.tcl'
2026-02-23 13:41:26.369200 (2870244) main____ INFO      locale    : UTF-8
2026-02-23 13:41:26.369205 (2870244) main____ INFO    ----------------------------------------
2026-02-23 13:41:26.369210 (2870244) main____ INFO    System resource limits info:
2026-02-23 13:41:26.369216 (2870244) main____ INFO      virtual memory: unlimited
2026-02-23 13:41:26.369223 (2870244) main____ INFO      cpu time      : unlimited
2026-02-23 13:41:26.369228 (2870244) main____ INFO      stack size    : unlimited
2026-02-23 13:41:26.369233 (2870244) main____ INFO      core file size: unlimited
2026-02-23 13:41:26.369241 (2870244) main____ INFO      open files    : 131072
2026-02-23 13:41:26.369248 (2870244) main____ INFO      file size     : unlimited
2026-02-23 13:41:26.369254 (2870244) main____ INFO    ----------------------------------------
2026-02-23 13:41:26.369260 (2870244) main____ INFO    Memory statistics:
2026-02-23 13:41:26.369265 (2870244) main____ INFO      total physical memory  : 1584164368 kB
2026-02-23 13:41:26.369271 (2870244) main____ INFO      free physical memory   : 833873976 kB
2026-02-23 13:41:26.369276 (2870244) main____ INFO      committed address space: 652983092 kB
2026-02-23 13:41:26.369281 (2870244) main____ INFO    ----------------------------------------
2026-02-23 13:41:26.369820 (2870244) main____ INFO    Important environment variables:
2026-02-23 13:41:26.369835 (2870244) main____ INFO      JASPER_HOME       : '/usr/licensed/cadence-20210126/jasper_2021.03'
2026-02-23 13:41:26.369841 (2870244) main____ INFO      JASPER_INSTALL_DIR: '/scratch/gpfs/LICENSED/x86_64/cadence-20210126/jasper_2021.03'
2026-02-23 13:41:26.369848 (2870244) main____ INFO      LANG              : 'en_US.UTF-8'
2026-02-23 13:41:26.369854 (2870244) main____ INFO      LM_LICENSE_FILE   : '5280@license.rc.princeton.edu'
2026-02-23 13:41:26.369860 (2870244) main____ INFO      TMPDIR            : '/tmp/ab2113/jg_5018847_26'
2026-02-23 13:41:26.369865 (2870244) main____ INFO    ----------------------------------------
2026-02-23 13:41:26.370311 (2870244) lic_core INFO    Initializing license system ...
2026-02-23 13:41:26.370909 (2870244) lic_core INFO    ... license system initialized.
2026-02-23 13:41:26.371681 (2870244) lic__man INFO    Claim 'fpv' for <ui>.
2026-02-23 13:41:26.371715 (2870244) lic_core INFO    (1) checking out 'jasper_fpv' ...
2026-02-23 13:41:26.377681 (2870244) lic_core INFO    ... (1) checkout failed (error: -5) ("FLEXnet ERROR(-5, 0, 0): No such feature exists.")
2026-02-23 13:41:26.377710 (2870244) lic_core INFO    (2) checking out 'jasper_fao' ...
2026-02-23 13:41:26.386809 (2870244) lic_core INFO    ... (2) checkout succeeded
2026-02-23 13:41:26.397803 (2870244) session_ INFO    Starting analysis session with session id 'session_0' (launcher: <local>) ...
2026-02-23 13:41:26.400614 (2870244) session_ INFO    Analysis session with session id 'session_0' started (pid: 2870298)
2026-02-23 13:41:27.046682 (2870244) session_ INFO    Analysis session 'session_0' connected to the console (host: 127.0.0.1:41380)
2026-02-23 13:41:27.604071 (2870244) main____ INFO    About to exit: request to exit with status 1 received from analysis session 'session_0'
2026-02-23 13:41:27.678916 (2870244) session_ INFO    Analysis session 'session_0' disconnected.
2026-02-23 13:41:27.679167 (2870244) lic__man INFO    Unclaim everything for 'session_0'.
2026-02-23 13:41:27.679950 (2870244) session_ INFO    Process for analysis session 'session_0' has exited with exit status '1'.
2026-02-23 13:41:29.665696 (2870244) lic_core INFO    (2) checkin jasper_fao
2026-02-23 13:41:29.667444 (2870244) main____ INFO    Exiting with status 1.
