2026-02-23 13:47:51.343308 (4166110) main____ INFO    ----------------------------------------
2026-02-23 13:47:51.343378 (4166110) main____ INFO    JasperGold version info
2026-02-23 13:47:51.343400 (4166110) main____ INFO      tool      : JasperGold 2021.03
2026-02-23 13:47:51.343410 (4166110) main____ INFO      version   : 2021.03 FCS 64 bits
2026-02-23 13:47:51.343416 (4166110) main____ INFO      build date: 2021.03.23 02:50:43 UTC
2026-02-23 13:47:51.343422 (4166110) main____ INFO    ----------------------------------------
2026-02-23 13:47:51.343427 (4166110) main____ INFO    Runtime info:
2026-02-23 13:47:51.343434 (4166110) main____ INFO      platform  : Linux 5.14.0-570.84.1.el9_6.x86_64 x86_64
2026-02-23 13:47:51.343441 (4166110) main____ INFO      hostname  : della-h14n1
2026-02-23 13:47:51.343446 (4166110) main____ INFO      pid       : 4166110
2026-02-23 13:47:51.343452 (4166110) main____ INFO      arguments : '-style' 'windows' '-batch' '-proj' './verification_results/02920/jgproject' '-tcl' './jasper_verif_check.tcl'
2026-02-23 13:47:51.343459 (4166110) main____ INFO      locale    : UTF-8
2026-02-23 13:47:51.343464 (4166110) main____ INFO    ----------------------------------------
2026-02-23 13:47:51.343469 (4166110) main____ INFO    System resource limits info:
2026-02-23 13:47:51.343474 (4166110) main____ INFO      virtual memory: unlimited
2026-02-23 13:47:51.343479 (4166110) main____ INFO      cpu time      : unlimited
2026-02-23 13:47:51.343484 (4166110) main____ INFO      stack size    : unlimited
2026-02-23 13:47:51.343489 (4166110) main____ INFO      core file size: unlimited
2026-02-23 13:47:51.343496 (4166110) main____ INFO      open files    : 131072
2026-02-23 13:47:51.343502 (4166110) main____ INFO      file size     : unlimited
2026-02-23 13:47:51.343507 (4166110) main____ INFO    ----------------------------------------
2026-02-23 13:47:51.343512 (4166110) main____ INFO    Memory statistics:
2026-02-23 13:47:51.343517 (4166110) main____ INFO      total physical memory  : 1584164324 kB
2026-02-23 13:47:51.343522 (4166110) main____ INFO      free physical memory   : 721970136 kB
2026-02-23 13:47:51.343527 (4166110) main____ INFO      committed address space: 570356788 kB
2026-02-23 13:47:51.343532 (4166110) main____ INFO    ----------------------------------------
2026-02-23 13:47:51.344106 (4166110) main____ INFO    Important environment variables:
2026-02-23 13:47:51.344122 (4166110) main____ INFO      JASPER_HOME       : '/usr/licensed/cadence-20210126/jasper_2021.03'
2026-02-23 13:47:51.344128 (4166110) main____ INFO      JASPER_INSTALL_DIR: '/scratch/gpfs/LICENSED/x86_64/cadence-20210126/jasper_2021.03'
2026-02-23 13:47:51.344134 (4166110) main____ INFO      LANG              : 'en_US.UTF-8'
2026-02-23 13:47:51.344140 (4166110) main____ INFO      LM_LICENSE_FILE   : '5280@license.rc.princeton.edu'
2026-02-23 13:47:51.344145 (4166110) main____ INFO      TMPDIR            : '/tmp/ab2113/jg_5018961_51'
2026-02-23 13:47:51.344150 (4166110) main____ INFO    ----------------------------------------
2026-02-23 13:47:51.344550 (4166110) lic_core INFO    Initializing license system ...
2026-02-23 13:47:51.345103 (4166110) lic_core INFO    ... license system initialized.
2026-02-23 13:47:51.345994 (4166110) lic__man INFO    Claim 'fpv' for <ui>.
2026-02-23 13:47:51.346029 (4166110) lic_core INFO    (1) checking out 'jasper_fpv' ...
2026-02-23 13:47:51.353125 (4166110) lic_core INFO    ... (1) checkout failed (error: -5) ("FLEXnet ERROR(-5, 0, 0): No such feature exists.")
2026-02-23 13:47:51.353156 (4166110) lic_core INFO    (2) checking out 'jasper_fao' ...
2026-02-23 13:47:51.362566 (4166110) lic_core INFO    ... (2) checkout succeeded
2026-02-23 13:47:51.376017 (4166110) session_ INFO    Starting analysis session with session id 'session_0' (launcher: <local>) ...
2026-02-23 13:47:51.379228 (4166110) session_ INFO    Analysis session with session id 'session_0' started (pid: 4166118)
2026-02-23 13:47:52.071111 (4166110) session_ INFO    Analysis session 'session_0' connected to the console (host: 127.0.0.1:36190)
2026-02-23 13:47:52.970198 (4166110) lic__man INFO    Unclaim everything for 'session_0'.
2026-02-23 13:47:53.042142 (4166110) lic__man INFO    Claim 'fpv' for 'session_0'.
2026-02-23 13:47:53.042213 (4166110) lic__man INFO    Claim 'fpv' for 'session_0/prove-0'.
2026-02-23 13:47:53.247769 (4166110) lic__man INFO    Unclaim everything for 'session_0/prove-0'.
2026-02-23 13:47:53.303767 (4166110) main____ INFO    About to exit: request to exit with status 0 received from analysis session 'session_0'
2026-02-23 13:47:53.374367 (4166110) session_ INFO    Analysis session 'session_0' disconnected.
2026-02-23 13:47:53.374577 (4166110) lic__man INFO    Unclaim everything for 'session_0'.
2026-02-23 13:47:53.376434 (4166110) session_ INFO    Process for analysis session 'session_0' has exited with exit status '0'.
2026-02-23 13:47:55.413493 (4166110) lic_core INFO    (2) checkin jasper_fao
2026-02-23 13:47:55.415381 (4166110) main____ INFO    Exiting with status 0.
