2026-02-23 13:56:33.852354 (527690) main____ INFO    ----------------------------------------
2026-02-23 13:56:33.852429 (527690) main____ INFO    JasperGold version info
2026-02-23 13:56:33.852443 (527690) main____ INFO      tool      : JasperGold 2021.03
2026-02-23 13:56:33.852452 (527690) main____ INFO      version   : 2021.03 FCS 64 bits
2026-02-23 13:56:33.852457 (527690) main____ INFO      build date: 2021.03.23 02:50:43 UTC
2026-02-23 13:56:33.852461 (527690) main____ INFO    ----------------------------------------
2026-02-23 13:56:33.852465 (527690) main____ INFO    Runtime info:
2026-02-23 13:56:33.852470 (527690) main____ INFO      platform  : Linux 5.14.0-570.84.1.el9_6.x86_64 x86_64
2026-02-23 13:56:33.852476 (527690) main____ INFO      hostname  : della-r3c2n9
2026-02-23 13:56:33.852481 (527690) main____ INFO      pid       : 527690
2026-02-23 13:56:33.852485 (527690) main____ INFO      arguments : '-style' 'windows' '-batch' '-proj' './verification_results/04277/jgproject' '-tcl' './jasper_verif_check.tcl'
2026-02-23 13:56:33.852492 (527690) main____ INFO      locale    : UTF-8
2026-02-23 13:56:33.852496 (527690) main____ INFO    ----------------------------------------
2026-02-23 13:56:33.852501 (527690) main____ INFO    System resource limits info:
2026-02-23 13:56:33.852505 (527690) main____ INFO      virtual memory: unlimited
2026-02-23 13:56:33.852509 (527690) main____ INFO      cpu time      : unlimited
2026-02-23 13:56:33.852513 (527690) main____ INFO      stack size    : unlimited
2026-02-23 13:56:33.852518 (527690) main____ INFO      core file size: unlimited
2026-02-23 13:56:33.852524 (527690) main____ INFO      open files    : 131072
2026-02-23 13:56:33.852529 (527690) main____ INFO      file size     : unlimited
2026-02-23 13:56:33.852535 (527690) main____ INFO    ----------------------------------------
2026-02-23 13:56:33.852539 (527690) main____ INFO    Memory statistics:
2026-02-23 13:56:33.852543 (527690) main____ INFO      total physical memory  : 195972072 kB
2026-02-23 13:56:33.852547 (527690) main____ INFO      free physical memory   : 68899076 kB
2026-02-23 13:56:33.852551 (527690) main____ INFO      committed address space: 64162928 kB
2026-02-23 13:56:33.852555 (527690) main____ INFO    ----------------------------------------
2026-02-23 13:56:33.853510 (527690) main____ INFO    Important environment variables:
2026-02-23 13:56:33.853527 (527690) main____ INFO      JASPER_HOME       : '/usr/licensed/cadence-20210126/jasper_2021.03'
2026-02-23 13:56:33.853534 (527690) main____ INFO      JASPER_INSTALL_DIR: '/scratch/gpfs/LICENSED/x86_64/cadence-20210126/jasper_2021.03'
2026-02-23 13:56:33.853539 (527690) main____ INFO      LANG              : 'en_US.UTF-8'
2026-02-23 13:56:33.853544 (527690) main____ INFO      LM_LICENSE_FILE   : '5280@license.rc.princeton.edu'
2026-02-23 13:56:33.853549 (527690) main____ INFO      TMPDIR            : '/tmp/ab2113/jg_5019135_78'
2026-02-23 13:56:33.853553 (527690) main____ INFO    ----------------------------------------
2026-02-23 13:56:33.853965 (527690) lic_core INFO    Initializing license system ...
2026-02-23 13:56:33.854759 (527690) lic_core INFO    ... license system initialized.
2026-02-23 13:56:33.855458 (527690) lic__man INFO    Claim 'fpv' for <ui>.
2026-02-23 13:56:33.855493 (527690) lic_core INFO    (1) checking out 'jasper_fpv' ...
2026-02-23 13:56:33.861158 (527690) lic_core INFO    ... (1) checkout failed (error: -5) ("FLEXnet ERROR(-5, 0, 0): No such feature exists.")
2026-02-23 13:56:33.861195 (527690) lic_core INFO    (2) checking out 'jasper_fao' ...
2026-02-23 13:56:33.871768 (527690) lic_core INFO    ... (2) checkout succeeded
2026-02-23 13:56:33.886133 (527690) session_ INFO    Starting analysis session with session id 'session_0' (launcher: <local>) ...
2026-02-23 13:56:33.888997 (527690) session_ INFO    Analysis session with session id 'session_0' started (pid: 527700)
2026-02-23 13:56:34.544968 (527690) session_ INFO    Analysis session 'session_0' connected to the console (host: 127.0.0.1:45764)
2026-02-23 13:56:35.403956 (527690) main____ INFO    About to exit: request to exit with status 1 received from analysis session 'session_0'
2026-02-23 13:56:35.470555 (527690) session_ INFO    Analysis session 'session_0' disconnected.
2026-02-23 13:56:35.470671 (527690) lic__man INFO    Unclaim everything for 'session_0'.
2026-02-23 13:56:35.471060 (527690) session_ INFO    Process for analysis session 'session_0' has exited with exit status '1'.
2026-02-23 13:56:37.511174 (527690) lic_core INFO    (2) checkin jasper_fao
2026-02-23 13:56:37.512596 (527690) main____ INFO    Exiting with status 1.
