2026-02-23 14:03:25.686319 (539040) main____ INFO    ----------------------------------------
2026-02-23 14:03:25.686391 (539040) main____ INFO    JasperGold version info
2026-02-23 14:03:25.686406 (539040) main____ INFO      tool      : JasperGold 2021.03
2026-02-23 14:03:25.686414 (539040) main____ INFO      version   : 2021.03 FCS 64 bits
2026-02-23 14:03:25.686419 (539040) main____ INFO      build date: 2021.03.23 02:50:43 UTC
2026-02-23 14:03:25.686424 (539040) main____ INFO    ----------------------------------------
2026-02-23 14:03:25.686428 (539040) main____ INFO    Runtime info:
2026-02-23 14:03:25.686432 (539040) main____ INFO      platform  : Linux 5.14.0-570.84.1.el9_6.x86_64 x86_64
2026-02-23 14:03:25.686438 (539040) main____ INFO      hostname  : della-r3c2n9
2026-02-23 14:03:25.686442 (539040) main____ INFO      pid       : 539040
2026-02-23 14:03:25.686446 (539040) main____ INFO      arguments : '-style' 'windows' '-batch' '-proj' './verification_results/04109/jgproject' '-tcl' './jasper_verif_check.tcl'
2026-02-23 14:03:25.686453 (539040) main____ INFO      locale    : UTF-8
2026-02-23 14:03:25.686457 (539040) main____ INFO    ----------------------------------------
2026-02-23 14:03:25.686461 (539040) main____ INFO    System resource limits info:
2026-02-23 14:03:25.686465 (539040) main____ INFO      virtual memory: unlimited
2026-02-23 14:03:25.686470 (539040) main____ INFO      cpu time      : unlimited
2026-02-23 14:03:25.686474 (539040) main____ INFO      stack size    : unlimited
2026-02-23 14:03:25.686478 (539040) main____ INFO      core file size: unlimited
2026-02-23 14:03:25.686484 (539040) main____ INFO      open files    : 131072
2026-02-23 14:03:25.686488 (539040) main____ INFO      file size     : unlimited
2026-02-23 14:03:25.686492 (539040) main____ INFO    ----------------------------------------
2026-02-23 14:03:25.686496 (539040) main____ INFO    Memory statistics:
2026-02-23 14:03:25.686500 (539040) main____ INFO      total physical memory  : 195972072 kB
2026-02-23 14:03:25.686504 (539040) main____ INFO      free physical memory   : 70480448 kB
2026-02-23 14:03:25.686508 (539040) main____ INFO      committed address space: 59183824 kB
2026-02-23 14:03:25.686511 (539040) main____ INFO    ----------------------------------------
2026-02-23 14:03:25.687459 (539040) main____ INFO    Important environment variables:
2026-02-23 14:03:25.687473 (539040) main____ INFO      JASPER_HOME       : '/usr/licensed/cadence-20210126/jasper_2021.03'
2026-02-23 14:03:25.687480 (539040) main____ INFO      JASPER_INSTALL_DIR: '/scratch/gpfs/LICENSED/x86_64/cadence-20210126/jasper_2021.03'
2026-02-23 14:03:25.687485 (539040) main____ INFO      LANG              : 'en_US.UTF-8'
2026-02-23 14:03:25.687490 (539040) main____ INFO      LM_LICENSE_FILE   : '5280@license.rc.princeton.edu'
2026-02-23 14:03:25.687495 (539040) main____ INFO      TMPDIR            : '/tmp/ab2113/jg_5019093_74'
2026-02-23 14:03:25.687499 (539040) main____ INFO    ----------------------------------------
2026-02-23 14:03:25.688228 (539040) lic_core INFO    Initializing license system ...
2026-02-23 14:03:25.688982 (539040) lic_core INFO    ... license system initialized.
2026-02-23 14:03:25.689650 (539040) lic__man INFO    Claim 'fpv' for <ui>.
2026-02-23 14:03:25.689685 (539040) lic_core INFO    (1) checking out 'jasper_fpv' ...
2026-02-23 14:03:25.694983 (539040) lic_core INFO    ... (1) checkout failed (error: -5) ("FLEXnet ERROR(-5, 0, 0): No such feature exists.")
2026-02-23 14:03:25.695009 (539040) lic_core INFO    (2) checking out 'jasper_fao' ...
2026-02-23 14:03:25.705172 (539040) lic_core INFO    ... (2) checkout succeeded
2026-02-23 14:03:25.719226 (539040) session_ INFO    Starting analysis session with session id 'session_0' (launcher: <local>) ...
2026-02-23 14:03:25.721753 (539040) session_ INFO    Analysis session with session id 'session_0' started (pid: 539048)
2026-02-23 14:03:26.335868 (539040) session_ INFO    Analysis session 'session_0' connected to the console (host: 127.0.0.1:45054)
2026-02-23 14:03:27.143240 (539040) lic__man INFO    Unclaim everything for 'session_0'.
2026-02-23 14:03:27.182796 (539040) lic__man INFO    Claim 'fpv' for 'session_0'.
2026-02-23 14:03:27.182830 (539040) lic__man INFO    Claim 'fpv' for 'session_0/prove-0'.
2026-02-23 14:03:27.300162 (539040) lic__man INFO    Unclaim everything for 'session_0/prove-0'.
2026-02-23 14:03:27.355871 (539040) main____ INFO    About to exit: request to exit with status 0 received from analysis session 'session_0'
2026-02-23 14:03:27.437868 (539040) session_ INFO    Analysis session 'session_0' disconnected.
2026-02-23 14:03:27.437978 (539040) lic__man INFO    Unclaim everything for 'session_0'.
2026-02-23 14:03:27.438518 (539040) session_ INFO    Process for analysis session 'session_0' has exited with exit status '0'.
2026-02-23 14:03:29.262545 (539040) lic_core INFO    (2) checkin jasper_fao
2026-02-23 14:03:29.263819 (539040) main____ INFO    Exiting with status 0.
