2026-02-23 13:53:23.810394 (1154402) main____ INFO    ----------------------------------------
2026-02-23 13:53:23.810498 (1154402) main____ INFO    JasperGold version info
2026-02-23 13:53:23.810519 (1154402) main____ INFO      tool      : JasperGold 2021.03
2026-02-23 13:53:23.810527 (1154402) main____ INFO      version   : 2021.03 FCS 64 bits
2026-02-23 13:53:23.810532 (1154402) main____ INFO      build date: 2021.03.23 02:50:43 UTC
2026-02-23 13:53:23.810536 (1154402) main____ INFO    ----------------------------------------
2026-02-23 13:53:23.810540 (1154402) main____ INFO    Runtime info:
2026-02-23 13:53:23.810544 (1154402) main____ INFO      platform  : Linux 5.14.0-570.84.1.el9_6.x86_64 x86_64
2026-02-23 13:53:23.810549 (1154402) main____ INFO      hostname  : della-i13n20
2026-02-23 13:53:23.810554 (1154402) main____ INFO      pid       : 1154402
2026-02-23 13:53:23.810558 (1154402) main____ INFO      arguments : '-style' 'windows' '-batch' '-proj' './verification_results/03873/jgproject' '-tcl' './jasper_verif_check.tcl'
2026-02-23 13:53:23.810566 (1154402) main____ INFO      locale    : UTF-8
2026-02-23 13:53:23.810570 (1154402) main____ INFO    ----------------------------------------
2026-02-23 13:53:23.810573 (1154402) main____ INFO    System resource limits info:
2026-02-23 13:53:23.810577 (1154402) main____ INFO      virtual memory: unlimited
2026-02-23 13:53:23.810581 (1154402) main____ INFO      cpu time      : unlimited
2026-02-23 13:53:23.810585 (1154402) main____ INFO      stack size    : unlimited
2026-02-23 13:53:23.810590 (1154402) main____ INFO      core file size: unlimited
2026-02-23 13:53:23.810597 (1154402) main____ INFO      open files    : 131072
2026-02-23 13:53:23.810601 (1154402) main____ INFO      file size     : unlimited
2026-02-23 13:53:23.810604 (1154402) main____ INFO    ----------------------------------------
2026-02-23 13:53:23.810608 (1154402) main____ INFO    Memory statistics:
2026-02-23 13:53:23.810612 (1154402) main____ INFO      total physical memory  : 394157552 kB
2026-02-23 13:53:23.810616 (1154402) main____ INFO      free physical memory   : 204462112 kB
2026-02-23 13:53:23.810620 (1154402) main____ INFO      committed address space: 146157376 kB
2026-02-23 13:53:23.810623 (1154402) main____ INFO    ----------------------------------------
2026-02-23 13:53:23.811542 (1154402) main____ INFO    Important environment variables:
2026-02-23 13:53:23.811565 (1154402) main____ INFO      JASPER_HOME       : '/usr/licensed/cadence-20210126/jasper_2021.03'
2026-02-23 13:53:23.811571 (1154402) main____ INFO      JASPER_INSTALL_DIR: '/scratch/gpfs/LICENSED/x86_64/cadence-20210126/jasper_2021.03'
2026-02-23 13:53:23.811577 (1154402) main____ INFO      LANG              : 'en_US.UTF-8'
2026-02-23 13:53:23.811582 (1154402) main____ INFO      LM_LICENSE_FILE   : '5280@license.rc.princeton.edu'
2026-02-23 13:53:23.811586 (1154402) main____ INFO      TMPDIR            : '/tmp/ab2113/jg_5019072_70'
2026-02-23 13:53:23.811590 (1154402) main____ INFO    ----------------------------------------
2026-02-23 13:53:23.812087 (1154402) lic_core INFO    Initializing license system ...
2026-02-23 13:53:23.812626 (1154402) lic_core INFO    ... license system initialized.
2026-02-23 13:53:23.813412 (1154402) lic__man INFO    Claim 'fpv' for <ui>.
2026-02-23 13:53:23.813454 (1154402) lic_core INFO    (1) checking out 'jasper_fpv' ...
2026-02-23 13:53:23.819454 (1154402) lic_core INFO    ... (1) checkout failed (error: -5) ("FLEXnet ERROR(-5, 0, 0): No such feature exists.")
2026-02-23 13:53:23.819513 (1154402) lic_core INFO    (2) checking out 'jasper_fao' ...
2026-02-23 13:53:23.830281 (1154402) lic_core INFO    ... (2) checkout succeeded
2026-02-23 13:53:23.844560 (1154402) session_ INFO    Starting analysis session with session id 'session_0' (launcher: <local>) ...
2026-02-23 13:53:23.848027 (1154402) session_ INFO    Analysis session with session id 'session_0' started (pid: 1154410)
2026-02-23 13:53:24.571306 (1154402) session_ INFO    Analysis session 'session_0' connected to the console (host: 127.0.0.1:44278)
2026-02-23 13:53:25.139239 (1154402) main____ INFO    About to exit: request to exit with status 1 received from analysis session 'session_0'
2026-02-23 13:53:25.224082 (1154402) session_ INFO    Analysis session 'session_0' disconnected.
2026-02-23 13:53:25.224227 (1154402) lic__man INFO    Unclaim everything for 'session_0'.
2026-02-23 13:53:25.224807 (1154402) session_ INFO    Process for analysis session 'session_0' has exited with exit status '1'.
2026-02-23 13:53:27.046449 (1154402) lic_core INFO    (2) checkin jasper_fao
2026-02-23 13:53:27.048080 (1154402) main____ INFO    Exiting with status 1.
