2026-02-23 13:46:25.703910 (934439) main____ INFO    ----------------------------------------
2026-02-23 13:46:25.703984 (934439) main____ INFO    JasperGold version info
2026-02-23 13:46:25.704000 (934439) main____ INFO      tool      : JasperGold 2021.03
2026-02-23 13:46:25.704008 (934439) main____ INFO      version   : 2021.03 FCS 64 bits
2026-02-23 13:46:25.704013 (934439) main____ INFO      build date: 2021.03.23 02:50:43 UTC
2026-02-23 13:46:25.704017 (934439) main____ INFO    ----------------------------------------
2026-02-23 13:46:25.704021 (934439) main____ INFO    Runtime info:
2026-02-23 13:46:25.704025 (934439) main____ INFO      platform  : Linux 5.14.0-570.84.1.el9_6.x86_64 x86_64
2026-02-23 13:46:25.704030 (934439) main____ INFO      hostname  : della-i13n12
2026-02-23 13:46:25.704034 (934439) main____ INFO      pid       : 934439
2026-02-23 13:46:25.704038 (934439) main____ INFO      arguments : '-style' 'windows' '-batch' '-proj' './verification_results/02149/jgproject' '-tcl' './jasper_verif_check.tcl'
2026-02-23 13:46:25.704046 (934439) main____ INFO      locale    : UTF-8
2026-02-23 13:46:25.704050 (934439) main____ INFO    ----------------------------------------
2026-02-23 13:46:25.704053 (934439) main____ INFO    System resource limits info:
2026-02-23 13:46:25.704057 (934439) main____ INFO      virtual memory: unlimited
2026-02-23 13:46:25.704061 (934439) main____ INFO      cpu time      : unlimited
2026-02-23 13:46:25.704065 (934439) main____ INFO      stack size    : unlimited
2026-02-23 13:46:25.704069 (934439) main____ INFO      core file size: unlimited
2026-02-23 13:46:25.704090 (934439) main____ INFO      open files    : 131072
2026-02-23 13:46:25.704095 (934439) main____ INFO      file size     : unlimited
2026-02-23 13:46:25.704099 (934439) main____ INFO    ----------------------------------------
2026-02-23 13:46:25.704102 (934439) main____ INFO    Memory statistics:
2026-02-23 13:46:25.704107 (934439) main____ INFO      total physical memory  : 394157548 kB
2026-02-23 13:46:25.704111 (934439) main____ INFO      free physical memory   : 227647744 kB
2026-02-23 13:46:25.704114 (934439) main____ INFO      committed address space: 109559460 kB
2026-02-23 13:46:25.704118 (934439) main____ INFO    ----------------------------------------
2026-02-23 13:46:25.705013 (934439) main____ INFO    Important environment variables:
2026-02-23 13:46:25.705028 (934439) main____ INFO      JASPER_HOME       : '/usr/licensed/cadence-20210126/jasper_2021.03'
2026-02-23 13:46:25.705034 (934439) main____ INFO      JASPER_INSTALL_DIR: '/scratch/gpfs/LICENSED/x86_64/cadence-20210126/jasper_2021.03'
2026-02-23 13:46:25.705038 (934439) main____ INFO      LANG              : 'en_US.UTF-8'
2026-02-23 13:46:25.705043 (934439) main____ INFO      LM_LICENSE_FILE   : '5280@license.rc.princeton.edu'
2026-02-23 13:46:25.705048 (934439) main____ INFO      TMPDIR            : '/tmp/ab2113/jg_5018894_35'
2026-02-23 13:46:25.705052 (934439) main____ INFO    ----------------------------------------
2026-02-23 13:46:25.705835 (934439) lic_core INFO    Initializing license system ...
2026-02-23 13:46:25.706605 (934439) lic_core INFO    ... license system initialized.
2026-02-23 13:46:25.707292 (934439) lic__man INFO    Claim 'fpv' for <ui>.
2026-02-23 13:46:25.707326 (934439) lic_core INFO    (1) checking out 'jasper_fpv' ...
2026-02-23 13:46:25.713135 (934439) lic_core INFO    ... (1) checkout failed (error: -5) ("FLEXnet ERROR(-5, 0, 0): No such feature exists.")
2026-02-23 13:46:25.713177 (934439) lic_core INFO    (2) checking out 'jasper_fao' ...
2026-02-23 13:46:25.723216 (934439) lic_core INFO    ... (2) checkout succeeded
2026-02-23 13:46:25.736355 (934439) session_ INFO    Starting analysis session with session id 'session_0' (launcher: <local>) ...
2026-02-23 13:46:25.738964 (934439) session_ INFO    Analysis session with session id 'session_0' started (pid: 934447)
2026-02-23 13:46:26.354315 (934439) session_ INFO    Analysis session 'session_0' connected to the console (host: 127.0.0.1:35408)
2026-02-23 13:46:27.147577 (934439) lic__man INFO    Unclaim everything for 'session_0'.
2026-02-23 13:46:27.184139 (934439) lic__man INFO    Claim 'fpv' for 'session_0'.
2026-02-23 13:46:27.184176 (934439) lic__man INFO    Claim 'fpv' for 'session_0/prove-0'.
2026-02-23 13:46:27.301270 (934439) lic__man INFO    Unclaim everything for 'session_0/prove-0'.
2026-02-23 13:46:27.357173 (934439) main____ INFO    About to exit: request to exit with status 0 received from analysis session 'session_0'
2026-02-23 13:46:27.434483 (934439) session_ INFO    Analysis session 'session_0' disconnected.
2026-02-23 13:46:27.434599 (934439) lic__man INFO    Unclaim everything for 'session_0'.
2026-02-23 13:46:27.435744 (934439) session_ INFO    Process for analysis session 'session_0' has exited with exit status '0'.
2026-02-23 13:46:29.465188 (934439) lic_core INFO    (2) checkin jasper_fao
2026-02-23 13:46:29.466785 (934439) main____ INFO    Exiting with status 0.
