2026-02-23 13:44:13.395579 (2895819) main____ INFO    ----------------------------------------
2026-02-23 13:44:13.395651 (2895819) main____ INFO    JasperGold version info
2026-02-23 13:44:13.395666 (2895819) main____ INFO      tool      : JasperGold 2021.03
2026-02-23 13:44:13.395675 (2895819) main____ INFO      version   : 2021.03 FCS 64 bits
2026-02-23 13:44:13.395681 (2895819) main____ INFO      build date: 2021.03.23 02:50:43 UTC
2026-02-23 13:44:13.395687 (2895819) main____ INFO    ----------------------------------------
2026-02-23 13:44:13.395693 (2895819) main____ INFO    Runtime info:
2026-02-23 13:44:13.395698 (2895819) main____ INFO      platform  : Linux 5.14.0-570.84.1.el9_6.x86_64 x86_64
2026-02-23 13:44:13.395704 (2895819) main____ INFO      hostname  : della-h16n9
2026-02-23 13:44:13.395709 (2895819) main____ INFO      pid       : 2895819
2026-02-23 13:44:13.395715 (2895819) main____ INFO      arguments : '-style' 'windows' '-batch' '-proj' './verification_results/01703/jgproject' '-tcl' './jasper_verif_check.tcl'
2026-02-23 13:44:13.395722 (2895819) main____ INFO      locale    : UTF-8
2026-02-23 13:44:13.395727 (2895819) main____ INFO    ----------------------------------------
2026-02-23 13:44:13.395732 (2895819) main____ INFO    System resource limits info:
2026-02-23 13:44:13.395739 (2895819) main____ INFO      virtual memory: unlimited
2026-02-23 13:44:13.395744 (2895819) main____ INFO      cpu time      : unlimited
2026-02-23 13:44:13.395749 (2895819) main____ INFO      stack size    : unlimited
2026-02-23 13:44:13.395757 (2895819) main____ INFO      core file size: unlimited
2026-02-23 13:44:13.395764 (2895819) main____ INFO      open files    : 131072
2026-02-23 13:44:13.395770 (2895819) main____ INFO      file size     : unlimited
2026-02-23 13:44:13.395775 (2895819) main____ INFO    ----------------------------------------
2026-02-23 13:44:13.395780 (2895819) main____ INFO    Memory statistics:
2026-02-23 13:44:13.395786 (2895819) main____ INFO      total physical memory  : 1584164368 kB
2026-02-23 13:44:13.395791 (2895819) main____ INFO      free physical memory   : 833205476 kB
2026-02-23 13:44:13.395796 (2895819) main____ INFO      committed address space: 653958624 kB
2026-02-23 13:44:13.395801 (2895819) main____ INFO    ----------------------------------------
2026-02-23 13:44:13.396337 (2895819) main____ INFO    Important environment variables:
2026-02-23 13:44:13.396352 (2895819) main____ INFO      JASPER_HOME       : '/usr/licensed/cadence-20210126/jasper_2021.03'
2026-02-23 13:44:13.396360 (2895819) main____ INFO      JASPER_INSTALL_DIR: '/scratch/gpfs/LICENSED/x86_64/cadence-20210126/jasper_2021.03'
2026-02-23 13:44:13.396366 (2895819) main____ INFO      LANG              : 'en_US.UTF-8'
2026-02-23 13:44:13.396371 (2895819) main____ INFO      LM_LICENSE_FILE   : '5280@license.rc.princeton.edu'
2026-02-23 13:44:13.396377 (2895819) main____ INFO      TMPDIR            : '/tmp/ab2113/jg_5018847_26'
2026-02-23 13:44:13.396382 (2895819) main____ INFO    ----------------------------------------
2026-02-23 13:44:13.396904 (2895819) lic_core INFO    Initializing license system ...
2026-02-23 13:44:13.397462 (2895819) lic_core INFO    ... license system initialized.
2026-02-23 13:44:13.398231 (2895819) lic__man INFO    Claim 'fpv' for <ui>.
2026-02-23 13:44:13.398265 (2895819) lic_core INFO    (1) checking out 'jasper_fpv' ...
2026-02-23 13:44:13.403785 (2895819) lic_core INFO    ... (1) checkout failed (error: -5) ("FLEXnet ERROR(-5, 0, 0): No such feature exists.")
2026-02-23 13:44:13.403813 (2895819) lic_core INFO    (2) checking out 'jasper_fao' ...
2026-02-23 13:44:13.412759 (2895819) lic_core INFO    ... (2) checkout succeeded
2026-02-23 13:44:13.423795 (2895819) session_ INFO    Starting analysis session with session id 'session_0' (launcher: <local>) ...
2026-02-23 13:44:13.426556 (2895819) session_ INFO    Analysis session with session id 'session_0' started (pid: 2895850)
2026-02-23 13:44:14.327023 (2895819) session_ INFO    Analysis session 'session_0' connected to the console (host: 127.0.0.1:33884)
2026-02-23 13:44:15.207038 (2895819) lic__man INFO    Unclaim everything for 'session_0'.
2026-02-23 13:44:15.287418 (2895819) lic__man INFO    Claim 'fpv' for 'session_0'.
2026-02-23 13:44:15.287478 (2895819) lic__man INFO    Claim 'fpv' for 'session_0/prove-0'.
2026-02-23 13:44:15.587162 (2895819) lic__man INFO    Unclaim everything for 'session_0/prove-0'.
2026-02-23 13:44:15.645018 (2895819) main____ INFO    About to exit: request to exit with status 0 received from analysis session 'session_0'
2026-02-23 13:44:15.726052 (2895819) session_ INFO    Analysis session 'session_0' disconnected.
2026-02-23 13:44:15.726295 (2895819) lic__man INFO    Unclaim everything for 'session_0'.
2026-02-23 13:44:15.727515 (2895819) session_ INFO    Process for analysis session 'session_0' has exited with exit status '0'.
2026-02-23 13:44:17.663395 (2895819) lic_core INFO    (2) checkin jasper_fao
2026-02-23 13:44:17.665315 (2895819) main____ INFO    Exiting with status 0.
