2026-02-20 17:41:57.832788 (2545485) main____ INFO    ----------------------------------------
2026-02-20 17:41:57.832902 (2545485) main____ INFO    JasperGold version info
2026-02-20 17:41:57.832922 (2545485) main____ INFO      tool      : JasperGold 2021.03
2026-02-20 17:41:57.832932 (2545485) main____ INFO      version   : 2021.03 FCS 64 bits
2026-02-20 17:41:57.832937 (2545485) main____ INFO      build date: 2021.03.23 02:50:43 UTC
2026-02-20 17:41:57.832941 (2545485) main____ INFO    ----------------------------------------
2026-02-20 17:41:57.832945 (2545485) main____ INFO    Runtime info:
2026-02-20 17:41:57.832950 (2545485) main____ INFO      platform  : Linux 5.14.0-570.84.1.el9_6.x86_64 x86_64
2026-02-20 17:41:57.832956 (2545485) main____ INFO      hostname  : della-i13n22
2026-02-20 17:41:57.832960 (2545485) main____ INFO      pid       : 2545485
2026-02-20 17:41:57.832964 (2545485) main____ INFO      arguments : '-style' 'windows' '-batch' '-proj' 'verification_results/00368/jgproject' '-tcl' './jasper_verif_check.tcl'
2026-02-20 17:41:57.832973 (2545485) main____ INFO      locale    : UTF-8
2026-02-20 17:41:57.832977 (2545485) main____ INFO    ----------------------------------------
2026-02-20 17:41:57.832981 (2545485) main____ INFO    System resource limits info:
2026-02-20 17:41:57.832985 (2545485) main____ INFO      virtual memory: unlimited
2026-02-20 17:41:57.832989 (2545485) main____ INFO      cpu time      : unlimited
2026-02-20 17:41:57.832993 (2545485) main____ INFO      stack size    : unlimited
2026-02-20 17:41:57.832997 (2545485) main____ INFO      core file size: unlimited
2026-02-20 17:41:57.833005 (2545485) main____ INFO      open files    : 131072
2026-02-20 17:41:57.833009 (2545485) main____ INFO      file size     : unlimited
2026-02-20 17:41:57.833013 (2545485) main____ INFO    ----------------------------------------
2026-02-20 17:41:57.833016 (2545485) main____ INFO    Memory statistics:
2026-02-20 17:41:57.833020 (2545485) main____ INFO      total physical memory  : 394157548 kB
2026-02-20 17:41:57.833024 (2545485) main____ INFO      free physical memory   : 190943876 kB
2026-02-20 17:41:57.833028 (2545485) main____ INFO      committed address space: 167874636 kB
2026-02-20 17:41:57.833032 (2545485) main____ INFO    ----------------------------------------
2026-02-20 17:41:57.833917 (2545485) main____ INFO    Important environment variables:
2026-02-20 17:41:57.833936 (2545485) main____ INFO      JASPER_HOME       : '/usr/licensed/cadence-20210126/jasper_2021.03'
2026-02-20 17:41:57.833942 (2545485) main____ INFO      JASPER_INSTALL_DIR: '/scratch/gpfs/LICENSED/x86_64/cadence-20210126/jasper_2021.03'
2026-02-20 17:41:57.833947 (2545485) main____ INFO      LANG              : 'en_US.UTF-8'
2026-02-20 17:41:57.833952 (2545485) main____ INFO      LM_LICENSE_FILE   : '5280@license.rc.princeton.edu'
2026-02-20 17:41:57.833957 (2545485) main____ INFO      TMPDIR            : '/tmp'
2026-02-20 17:41:57.833961 (2545485) main____ INFO    ----------------------------------------
2026-02-20 17:41:57.834903 (2545485) lic_core INFO    Initializing license system ...
2026-02-20 17:41:57.835845 (2545485) lic_core INFO    ... license system initialized.
2026-02-20 17:41:57.836689 (2545485) lic__man INFO    Claim 'fpv' for <ui>.
2026-02-20 17:41:57.836737 (2545485) lic_core INFO    (1) checking out 'jasper_fpv' ...
2026-02-20 17:41:57.842605 (2545485) lic_core INFO    ... (1) checkout failed (error: -5) ("FLEXnet ERROR(-5, 0, 0): No such feature exists.")
2026-02-20 17:41:57.842678 (2545485) lic_core INFO    (2) checking out 'jasper_fao' ...
2026-02-20 17:41:57.852783 (2545485) lic_core INFO    ... (2) checkout succeeded
2026-02-20 17:41:57.867785 (2545485) session_ INFO    Starting analysis session with session id 'session_0' (launcher: <local>) ...
2026-02-20 17:41:57.870872 (2545485) session_ INFO    Analysis session with session id 'session_0' started (pid: 2545493)
2026-02-20 17:41:58.626803 (2545485) session_ INFO    Analysis session 'session_0' connected to the console (host: 127.0.0.1:40980)
2026-02-20 17:41:59.212517 (2545485) main____ INFO    About to exit: request to exit with status 1 received from analysis session 'session_0'
2026-02-20 17:41:59.319035 (2545485) session_ INFO    Analysis session 'session_0' disconnected.
2026-02-20 17:41:59.319228 (2545485) lic__man INFO    Unclaim everything for 'session_0'.
2026-02-20 17:41:59.319504 (2545485) session_ INFO    Process for analysis session 'session_0' has exited with exit status '1'.
2026-02-20 17:42:01.118305 (2545485) lic_core INFO    (2) checkin jasper_fao
2026-02-20 17:42:01.119817 (2545485) main____ INFO    Exiting with status 1.
