2026-02-23 14:17:50.069147 (2084421) main____ INFO    ----------------------------------------
2026-02-23 14:17:50.069261 (2084421) main____ INFO    JasperGold version info
2026-02-23 14:17:50.069281 (2084421) main____ INFO      tool      : JasperGold 2021.03
2026-02-23 14:17:50.069291 (2084421) main____ INFO      version   : 2021.03 FCS 64 bits
2026-02-23 14:17:50.069296 (2084421) main____ INFO      build date: 2021.03.23 02:50:43 UTC
2026-02-23 14:17:50.069301 (2084421) main____ INFO    ----------------------------------------
2026-02-23 14:17:50.069306 (2084421) main____ INFO    Runtime info:
2026-02-23 14:17:50.069311 (2084421) main____ INFO      platform  : Linux 5.14.0-570.84.1.el9_6.x86_64 x86_64
2026-02-23 14:17:50.069317 (2084421) main____ INFO      hostname  : della-r3c1n15
2026-02-23 14:17:50.069323 (2084421) main____ INFO      pid       : 2084421
2026-02-23 14:17:50.069327 (2084421) main____ INFO      arguments : '-style' 'windows' '-batch' '-proj' './verification_results/03549/jgproject' '-tcl' './jasper_verif_check.tcl'
2026-02-23 14:17:50.069336 (2084421) main____ INFO      locale    : UTF-8
2026-02-23 14:17:50.069341 (2084421) main____ INFO    ----------------------------------------
2026-02-23 14:17:50.069345 (2084421) main____ INFO    System resource limits info:
2026-02-23 14:17:50.069350 (2084421) main____ INFO      virtual memory: unlimited
2026-02-23 14:17:50.069355 (2084421) main____ INFO      cpu time      : unlimited
2026-02-23 14:17:50.069359 (2084421) main____ INFO      stack size    : unlimited
2026-02-23 14:17:50.069364 (2084421) main____ INFO      core file size: unlimited
2026-02-23 14:17:50.069373 (2084421) main____ INFO      open files    : 131072
2026-02-23 14:17:50.069378 (2084421) main____ INFO      file size     : unlimited
2026-02-23 14:17:50.069383 (2084421) main____ INFO    ----------------------------------------
2026-02-23 14:17:50.069387 (2084421) main____ INFO    Memory statistics:
2026-02-23 14:17:50.069392 (2084421) main____ INFO      total physical memory  : 195972072 kB
2026-02-23 14:17:50.069397 (2084421) main____ INFO      free physical memory   : 106894588 kB
2026-02-23 14:17:50.069401 (2084421) main____ INFO      committed address space: 17055092 kB
2026-02-23 14:17:50.069405 (2084421) main____ INFO    ----------------------------------------
2026-02-23 14:17:50.070472 (2084421) main____ INFO    Important environment variables:
2026-02-23 14:17:50.070494 (2084421) main____ INFO      JASPER_HOME       : '/usr/licensed/cadence-20210126/jasper_2021.03'
2026-02-23 14:17:50.070501 (2084421) main____ INFO      JASPER_INSTALL_DIR: '/scratch/gpfs/LICENSED/x86_64/cadence-20210126/jasper_2021.03'
2026-02-23 14:17:50.070507 (2084421) main____ INFO      LANG              : 'en_US.UTF-8'
2026-02-23 14:17:50.070512 (2084421) main____ INFO      LM_LICENSE_FILE   : '5280@license.rc.princeton.edu'
2026-02-23 14:17:50.070517 (2084421) main____ INFO      TMPDIR            : '/tmp/ab2113/jg_5019032_63'
2026-02-23 14:17:50.070522 (2084421) main____ INFO    ----------------------------------------
2026-02-23 14:17:50.071462 (2084421) lic_core INFO    Initializing license system ...
2026-02-23 14:17:50.071984 (2084421) lic_core INFO    ... license system initialized.
2026-02-23 14:17:50.072831 (2084421) lic__man INFO    Claim 'fpv' for <ui>.
2026-02-23 14:17:50.072876 (2084421) lic_core INFO    (1) checking out 'jasper_fpv' ...
2026-02-23 14:17:50.078966 (2084421) lic_core INFO    ... (1) checkout failed (error: -5) ("FLEXnet ERROR(-5, 0, 0): No such feature exists.")
2026-02-23 14:17:50.079018 (2084421) lic_core INFO    (2) checking out 'jasper_fao' ...
2026-02-23 14:17:50.090132 (2084421) lic_core INFO    ... (2) checkout succeeded
2026-02-23 14:17:50.106838 (2084421) session_ INFO    Starting analysis session with session id 'session_0' (launcher: <local>) ...
2026-02-23 14:17:50.110300 (2084421) session_ INFO    Analysis session with session id 'session_0' started (pid: 2084429)
2026-02-23 14:17:50.852886 (2084421) session_ INFO    Analysis session 'session_0' connected to the console (host: 127.0.0.1:40126)
2026-02-23 14:17:51.679552 (2084421) lic__man INFO    Unclaim everything for 'session_0'.
2026-02-23 14:17:51.741260 (2084421) main____ INFO    About to exit: request to exit with status 3 received from analysis session 'session_0'
2026-02-23 14:17:51.813272 (2084421) session_ INFO    Analysis session 'session_0' disconnected.
2026-02-23 14:17:51.813412 (2084421) lic__man INFO    Unclaim everything for 'session_0'.
2026-02-23 14:17:51.813968 (2084421) session_ INFO    Process for analysis session 'session_0' has exited with exit status '3'.
2026-02-23 14:17:53.804702 (2084421) lic_core INFO    (2) checkin jasper_fao
2026-02-23 14:17:53.806227 (2084421) main____ INFO    Exiting with status 3.
