2026-02-23 12:05:21.199040 (1602377) main____ INFO    ----------------------------------------
2026-02-23 12:05:21.199154 (1602377) main____ INFO    JasperGold version info
2026-02-23 12:05:21.199183 (1602377) main____ INFO      tool      : JasperGold 2021.03
2026-02-23 12:05:21.199191 (1602377) main____ INFO      version   : 2021.03 FCS 64 bits
2026-02-23 12:05:21.199197 (1602377) main____ INFO      build date: 2021.03.23 02:50:43 UTC
2026-02-23 12:05:21.199201 (1602377) main____ INFO    ----------------------------------------
2026-02-23 12:05:21.199206 (1602377) main____ INFO    Runtime info:
2026-02-23 12:05:21.199210 (1602377) main____ INFO      platform  : Linux 5.14.0-570.84.1.el9_6.x86_64 x86_64
2026-02-23 12:05:21.199217 (1602377) main____ INFO      hostname  : della-i13n25
2026-02-23 12:05:21.199222 (1602377) main____ INFO      pid       : 1602377
2026-02-23 12:05:21.199227 (1602377) main____ INFO      arguments : '-style' 'windows' '-batch' '-proj' './verification_results/00081/jgproject' '-tcl' './jasper_verif_check.tcl'
2026-02-23 12:05:21.199235 (1602377) main____ INFO      locale    : UTF-8
2026-02-23 12:05:21.199240 (1602377) main____ INFO    ----------------------------------------
2026-02-23 12:05:21.199244 (1602377) main____ INFO    System resource limits info:
2026-02-23 12:05:21.199249 (1602377) main____ INFO      virtual memory: unlimited
2026-02-23 12:05:21.199253 (1602377) main____ INFO      cpu time      : unlimited
2026-02-23 12:05:21.199258 (1602377) main____ INFO      stack size    : unlimited
2026-02-23 12:05:21.199262 (1602377) main____ INFO      core file size: unlimited
2026-02-23 12:05:21.199270 (1602377) main____ INFO      open files    : 131072
2026-02-23 12:05:21.199274 (1602377) main____ INFO      file size     : unlimited
2026-02-23 12:05:21.199279 (1602377) main____ INFO    ----------------------------------------
2026-02-23 12:05:21.199292 (1602377) main____ INFO    Memory statistics:
2026-02-23 12:05:21.199297 (1602377) main____ INFO      total physical memory  : 1056011656 kB
2026-02-23 12:05:21.199301 (1602377) main____ INFO      free physical memory   : 365518780 kB
2026-02-23 12:05:21.199306 (1602377) main____ INFO      committed address space: 401626796 kB
2026-02-23 12:05:21.199309 (1602377) main____ INFO    ----------------------------------------
2026-02-23 12:05:21.200182 (1602377) main____ INFO    Important environment variables:
2026-02-23 12:05:21.200212 (1602377) main____ INFO      JASPER_HOME       : '/usr/licensed/cadence-20210126/jasper_2021.03'
2026-02-23 12:05:21.200220 (1602377) main____ INFO      JASPER_INSTALL_DIR: '/scratch/gpfs/LICENSED/x86_64/cadence-20210126/jasper_2021.03'
2026-02-23 12:05:21.200225 (1602377) main____ INFO      LANG              : 'en_US.UTF-8'
2026-02-23 12:05:21.200231 (1602377) main____ INFO      LM_LICENSE_FILE   : '5280@license.rc.princeton.edu'
2026-02-23 12:05:21.200236 (1602377) main____ INFO      TMPDIR            : '/tmp/ab2113/jg_5016080_82'
2026-02-23 12:05:21.200241 (1602377) main____ INFO    ----------------------------------------
2026-02-23 12:05:21.201562 (1602377) lic_core INFO    Initializing license system ...
2026-02-23 12:05:21.205797 (1602377) lic_core INFO    ... license system initialized.
2026-02-23 12:05:21.207723 (1602377) lic__man INFO    Claim 'fpv' for <ui>.
2026-02-23 12:05:21.207814 (1602377) lic_core INFO    (1) checking out 'jasper_fpv' ...
2026-02-23 12:05:21.215321 (1602377) lic_core INFO    ... (1) checkout failed (error: -5) ("FLEXnet ERROR(-5, 0, 0): No such feature exists.")
2026-02-23 12:05:21.215371 (1602377) lic_core INFO    (2) checking out 'jasper_fao' ...
2026-02-23 12:05:21.226942 (1602377) lic_core INFO    ... (2) checkout succeeded
2026-02-23 12:05:21.259065 (1602377) session_ INFO    Starting analysis session with session id 'session_0' (launcher: <local>) ...
2026-02-23 12:05:21.262204 (1602377) session_ INFO    Analysis session with session id 'session_0' started (pid: 1602404)
2026-02-23 12:05:22.401709 (1602377) session_ INFO    Analysis session 'session_0' connected to the console (host: 127.0.0.1:59158)
2026-02-23 12:05:23.438335 (1602377) lic__man INFO    Unclaim everything for 'session_0'.
2026-02-23 12:05:23.528196 (1602377) lic__man INFO    Claim 'fpv' for 'session_0'.
2026-02-23 12:05:23.528243 (1602377) lic__man INFO    Claim 'fpv' for 'session_0/prove-0'.
2026-02-23 12:05:23.711569 (1602377) lic__man INFO    Unclaim everything for 'session_0/prove-0'.
2026-02-23 12:05:23.770371 (1602377) main____ INFO    About to exit: request to exit with status 0 received from analysis session 'session_0'
2026-02-23 12:05:23.846187 (1602377) session_ INFO    Analysis session 'session_0' disconnected.
2026-02-23 12:05:23.846328 (1602377) lic__man INFO    Unclaim everything for 'session_0'.
2026-02-23 12:05:23.847733 (1602377) session_ INFO    Process for analysis session 'session_0' has exited with exit status '0'.
2026-02-23 12:05:25.875866 (1602377) lic_core INFO    (2) checkin jasper_fao
2026-02-23 12:05:25.877622 (1602377) main____ INFO    Exiting with status 0.
