2026-02-23 13:41:06.205091 (1469303) main____ INFO    ----------------------------------------
2026-02-23 13:41:06.205165 (1469303) main____ INFO    JasperGold version info
2026-02-23 13:41:06.205185 (1469303) main____ INFO      tool      : JasperGold 2021.03
2026-02-23 13:41:06.205196 (1469303) main____ INFO      version   : 2021.03 FCS 64 bits
2026-02-23 13:41:06.205203 (1469303) main____ INFO      build date: 2021.03.23 02:50:43 UTC
2026-02-23 13:41:06.205208 (1469303) main____ INFO    ----------------------------------------
2026-02-23 13:41:06.205214 (1469303) main____ INFO    Runtime info:
2026-02-23 13:41:06.205220 (1469303) main____ INFO      platform  : Linux 5.14.0-570.84.1.el9_6.x86_64 x86_64
2026-02-23 13:41:06.205227 (1469303) main____ INFO      hostname  : della-h14n5
2026-02-23 13:41:06.205232 (1469303) main____ INFO      pid       : 1469303
2026-02-23 13:41:06.205238 (1469303) main____ INFO      arguments : '-style' 'windows' '-batch' '-proj' './verification_results/01007/jgproject' '-tcl' './jasper_verif_check.tcl'
2026-02-23 13:41:06.205247 (1469303) main____ INFO      locale    : UTF-8
2026-02-23 13:41:06.205254 (1469303) main____ INFO    ----------------------------------------
2026-02-23 13:41:06.205259 (1469303) main____ INFO    System resource limits info:
2026-02-23 13:41:06.205264 (1469303) main____ INFO      virtual memory: unlimited
2026-02-23 13:41:06.205269 (1469303) main____ INFO      cpu time      : unlimited
2026-02-23 13:41:06.205275 (1469303) main____ INFO      stack size    : unlimited
2026-02-23 13:41:06.205280 (1469303) main____ INFO      core file size: unlimited
2026-02-23 13:41:06.205288 (1469303) main____ INFO      open files    : 131072
2026-02-23 13:41:06.205293 (1469303) main____ INFO      file size     : unlimited
2026-02-23 13:41:06.205298 (1469303) main____ INFO    ----------------------------------------
2026-02-23 13:41:06.205304 (1469303) main____ INFO    Memory statistics:
2026-02-23 13:41:06.205310 (1469303) main____ INFO      total physical memory  : 1584164368 kB
2026-02-23 13:41:06.205317 (1469303) main____ INFO      free physical memory   : 700285764 kB
2026-02-23 13:41:06.205323 (1469303) main____ INFO      committed address space: 534324420 kB
2026-02-23 13:41:06.205330 (1469303) main____ INFO    ----------------------------------------
2026-02-23 13:41:06.205886 (1469303) main____ INFO    Important environment variables:
2026-02-23 13:41:06.205903 (1469303) main____ INFO      JASPER_HOME       : '/usr/licensed/cadence-20210126/jasper_2021.03'
2026-02-23 13:41:06.205911 (1469303) main____ INFO      JASPER_INSTALL_DIR: '/scratch/gpfs/LICENSED/x86_64/cadence-20210126/jasper_2021.03'
2026-02-23 13:41:06.205917 (1469303) main____ INFO      LANG              : 'en_US.UTF-8'
2026-02-23 13:41:06.205924 (1469303) main____ INFO      LM_LICENSE_FILE   : '5280@license.rc.princeton.edu'
2026-02-23 13:41:06.205930 (1469303) main____ INFO      TMPDIR            : '/tmp/ab2113/jg_5018806_12'
2026-02-23 13:41:06.205936 (1469303) main____ INFO    ----------------------------------------
2026-02-23 13:41:06.206407 (1469303) lic_core INFO    Initializing license system ...
2026-02-23 13:41:06.206988 (1469303) lic_core INFO    ... license system initialized.
2026-02-23 13:41:06.207779 (1469303) lic__man INFO    Claim 'fpv' for <ui>.
2026-02-23 13:41:06.207814 (1469303) lic_core INFO    (1) checking out 'jasper_fpv' ...
2026-02-23 13:41:06.213264 (1469303) lic_core INFO    ... (1) checkout failed (error: -5) ("FLEXnet ERROR(-5, 0, 0): No such feature exists.")
2026-02-23 13:41:06.213293 (1469303) lic_core INFO    (2) checking out 'jasper_fao' ...
2026-02-23 13:41:06.222333 (1469303) lic_core INFO    ... (2) checkout succeeded
2026-02-23 13:41:06.233742 (1469303) session_ INFO    Starting analysis session with session id 'session_0' (launcher: <local>) ...
2026-02-23 13:41:06.238266 (1469303) session_ INFO    Analysis session with session id 'session_0' started (pid: 1469321)
2026-02-23 13:41:06.809309 (1469303) session_ INFO    Analysis session 'session_0' connected to the console (host: 127.0.0.1:53054)
2026-02-23 13:41:07.357511 (1469303) main____ INFO    About to exit: request to exit with status 1 received from analysis session 'session_0'
2026-02-23 13:41:07.416448 (1469303) session_ INFO    Analysis session 'session_0' disconnected.
2026-02-23 13:41:07.416587 (1469303) lic__man INFO    Unclaim everything for 'session_0'.
2026-02-23 13:41:07.417403 (1469303) session_ INFO    Process for analysis session 'session_0' has exited with exit status '1'.
2026-02-23 13:41:09.463086 (1469303) lic_core INFO    (2) checkin jasper_fao
2026-02-23 13:41:09.464352 (1469303) main____ INFO    Exiting with status 1.
