2026-02-23 14:46:11.949436 (17415) main____ INFO    ----------------------------------------
2026-02-23 14:46:11.949532 (17415) main____ INFO    JasperGold version info
2026-02-23 14:46:11.949550 (17415) main____ INFO      tool      : JasperGold 2021.03
2026-02-23 14:46:11.949559 (17415) main____ INFO      version   : 2021.03 FCS 64 bits
2026-02-23 14:46:11.949564 (17415) main____ INFO      build date: 2021.03.23 02:50:43 UTC
2026-02-23 14:46:11.949568 (17415) main____ INFO    ----------------------------------------
2026-02-23 14:46:11.949572 (17415) main____ INFO    Runtime info:
2026-02-23 14:46:11.949577 (17415) main____ INFO      platform  : Linux 5.14.0-570.84.1.el9_6.x86_64 x86_64
2026-02-23 14:46:11.949583 (17415) main____ INFO      hostname  : della-r3c2n6
2026-02-23 14:46:11.949588 (17415) main____ INFO      pid       : 17415
2026-02-23 14:46:11.949592 (17415) main____ INFO      arguments : '-style' 'windows' '-batch' '-proj' './verification_results/02108/jgproject' '-tcl' './jasper_verif_check.tcl'
2026-02-23 14:46:11.949600 (17415) main____ INFO      locale    : UTF-8
2026-02-23 14:46:11.949605 (17415) main____ INFO    ----------------------------------------
2026-02-23 14:46:11.949608 (17415) main____ INFO    System resource limits info:
2026-02-23 14:46:11.949613 (17415) main____ INFO      virtual memory: unlimited
2026-02-23 14:46:11.949617 (17415) main____ INFO      cpu time      : unlimited
2026-02-23 14:46:11.949621 (17415) main____ INFO      stack size    : unlimited
2026-02-23 14:46:11.949625 (17415) main____ INFO      core file size: unlimited
2026-02-23 14:46:11.949632 (17415) main____ INFO      open files    : 131072
2026-02-23 14:46:11.949637 (17415) main____ INFO      file size     : unlimited
2026-02-23 14:46:11.949641 (17415) main____ INFO    ----------------------------------------
2026-02-23 14:46:11.949645 (17415) main____ INFO    Memory statistics:
2026-02-23 14:46:11.949649 (17415) main____ INFO      total physical memory  : 195972160 kB
2026-02-23 14:46:11.949653 (17415) main____ INFO      free physical memory   : 162977836 kB
2026-02-23 14:46:11.949657 (17415) main____ INFO      committed address space: 37033768 kB
2026-02-23 14:46:11.949661 (17415) main____ INFO    ----------------------------------------
2026-02-23 14:46:11.950636 (17415) main____ INFO    Important environment variables:
2026-02-23 14:46:11.950654 (17415) main____ INFO      JASPER_HOME       : '/usr/licensed/cadence-20210126/jasper_2021.03'
2026-02-23 14:46:11.950661 (17415) main____ INFO      JASPER_INSTALL_DIR: '/scratch/gpfs/LICENSED/x86_64/cadence-20210126/jasper_2021.03'
2026-02-23 14:46:11.950666 (17415) main____ INFO      LANG              : 'en_US.UTF-8'
2026-02-23 14:46:11.950671 (17415) main____ INFO      LM_LICENSE_FILE   : '5280@license.rc.princeton.edu'
2026-02-23 14:46:11.950676 (17415) main____ INFO      TMPDIR            : '/tmp/ab2113/jg_5018893_34'
2026-02-23 14:46:11.950680 (17415) main____ INFO    ----------------------------------------
2026-02-23 14:46:11.951501 (17415) lic_core INFO    Initializing license system ...
2026-02-23 14:46:11.952318 (17415) lic_core INFO    ... license system initialized.
2026-02-23 14:46:11.953077 (17415) lic__man INFO    Claim 'fpv' for <ui>.
2026-02-23 14:46:11.953116 (17415) lic_core INFO    (1) checking out 'jasper_fpv' ...
2026-02-23 14:46:11.959022 (17415) lic_core INFO    ... (1) checkout failed (error: -5) ("FLEXnet ERROR(-5, 0, 0): No such feature exists.")
2026-02-23 14:46:11.959082 (17415) lic_core INFO    (2) checking out 'jasper_fao' ...
2026-02-23 14:46:11.969562 (17415) lic_core INFO    ... (2) checkout succeeded
2026-02-23 14:46:11.984270 (17415) session_ INFO    Starting analysis session with session id 'session_0' (launcher: <local>) ...
2026-02-23 14:46:11.987188 (17415) session_ INFO    Analysis session with session id 'session_0' started (pid: 17423)
2026-02-23 14:46:12.698457 (17415) session_ INFO    Analysis session 'session_0' connected to the console (host: 127.0.0.1:46086)
2026-02-23 14:46:13.299304 (17415) main____ INFO    About to exit: request to exit with status 1 received from analysis session 'session_0'
2026-02-23 14:46:13.376753 (17415) session_ INFO    Analysis session 'session_0' disconnected.
2026-02-23 14:46:13.376898 (17415) lic__man INFO    Unclaim everything for 'session_0'.
2026-02-23 14:46:13.377496 (17415) session_ INFO    Process for analysis session 'session_0' has exited with exit status '1'.
2026-02-23 14:46:15.215075 (17415) lic_core INFO    (2) checkin jasper_fao
2026-02-23 14:46:15.216710 (17415) main____ INFO    Exiting with status 1.
