2026-02-23 13:47:33.166334 (1384120) main____ INFO    ----------------------------------------
2026-02-23 13:47:33.166465 (1384120) main____ INFO    JasperGold version info
2026-02-23 13:47:33.166486 (1384120) main____ INFO      tool      : JasperGold 2021.03
2026-02-23 13:47:33.166496 (1384120) main____ INFO      version   : 2021.03 FCS 64 bits
2026-02-23 13:47:33.166502 (1384120) main____ INFO      build date: 2021.03.23 02:50:43 UTC
2026-02-23 13:47:33.166507 (1384120) main____ INFO    ----------------------------------------
2026-02-23 13:47:33.166511 (1384120) main____ INFO    Runtime info:
2026-02-23 13:47:33.166516 (1384120) main____ INFO      platform  : Linux 5.14.0-570.84.1.el9_6.x86_64 x86_64
2026-02-23 13:47:33.166523 (1384120) main____ INFO      hostname  : della-r3c3n3
2026-02-23 13:47:33.166528 (1384120) main____ INFO      pid       : 1384120
2026-02-23 13:47:33.166533 (1384120) main____ INFO      arguments : '-style' 'windows' '-batch' '-proj' './verification_results/02256/jgproject' '-tcl' './jasper_verif_check.tcl'
2026-02-23 13:47:33.166542 (1384120) main____ INFO      locale    : UTF-8
2026-02-23 13:47:33.166546 (1384120) main____ INFO    ----------------------------------------
2026-02-23 13:47:33.166550 (1384120) main____ INFO    System resource limits info:
2026-02-23 13:47:33.166555 (1384120) main____ INFO      virtual memory: unlimited
2026-02-23 13:47:33.166560 (1384120) main____ INFO      cpu time      : unlimited
2026-02-23 13:47:33.166564 (1384120) main____ INFO      stack size    : unlimited
2026-02-23 13:47:33.166569 (1384120) main____ INFO      core file size: unlimited
2026-02-23 13:47:33.166578 (1384120) main____ INFO      open files    : 131072
2026-02-23 13:47:33.166583 (1384120) main____ INFO      file size     : unlimited
2026-02-23 13:47:33.166587 (1384120) main____ INFO    ----------------------------------------
2026-02-23 13:47:33.166591 (1384120) main____ INFO    Memory statistics:
2026-02-23 13:47:33.166595 (1384120) main____ INFO      total physical memory  : 195972168 kB
2026-02-23 13:47:33.166599 (1384120) main____ INFO      free physical memory   : 110602456 kB
2026-02-23 13:47:33.166603 (1384120) main____ INFO      committed address space: 59527288 kB
2026-02-23 13:47:33.166608 (1384120) main____ INFO    ----------------------------------------
2026-02-23 13:47:33.167634 (1384120) main____ INFO    Important environment variables:
2026-02-23 13:47:33.167664 (1384120) main____ INFO      JASPER_HOME       : '/usr/licensed/cadence-20210126/jasper_2021.03'
2026-02-23 13:47:33.167670 (1384120) main____ INFO      JASPER_INSTALL_DIR: '/scratch/gpfs/LICENSED/x86_64/cadence-20210126/jasper_2021.03'
2026-02-23 13:47:33.167675 (1384120) main____ INFO      LANG              : 'en_US.UTF-8'
2026-02-23 13:47:33.167681 (1384120) main____ INFO      LM_LICENSE_FILE   : '5280@license.rc.princeton.edu'
2026-02-23 13:47:33.167686 (1384120) main____ INFO      TMPDIR            : '/tmp/ab2113/jg_5018902_37'
2026-02-23 13:47:33.167690 (1384120) main____ INFO    ----------------------------------------
2026-02-23 13:47:33.168570 (1384120) lic_core INFO    Initializing license system ...
2026-02-23 13:47:33.169445 (1384120) lic_core INFO    ... license system initialized.
2026-02-23 13:47:33.170262 (1384120) lic__man INFO    Claim 'fpv' for <ui>.
2026-02-23 13:47:33.170307 (1384120) lic_core INFO    (1) checking out 'jasper_fpv' ...
2026-02-23 13:47:33.176279 (1384120) lic_core INFO    ... (1) checkout failed (error: -5) ("FLEXnet ERROR(-5, 0, 0): No such feature exists.")
2026-02-23 13:47:33.176333 (1384120) lic_core INFO    (2) checking out 'jasper_fao' ...
2026-02-23 13:47:33.186611 (1384120) lic_core INFO    ... (2) checkout succeeded
2026-02-23 13:47:33.202009 (1384120) session_ INFO    Starting analysis session with session id 'session_0' (launcher: <local>) ...
2026-02-23 13:47:33.205357 (1384120) session_ INFO    Analysis session with session id 'session_0' started (pid: 1384128)
2026-02-23 13:47:33.975440 (1384120) session_ INFO    Analysis session 'session_0' connected to the console (host: 127.0.0.1:47878)
2026-02-23 13:47:34.838780 (1384120) lic__man INFO    Unclaim everything for 'session_0'.
2026-02-23 13:47:34.910452 (1384120) lic__man INFO    Claim 'fpv' for 'session_0'.
2026-02-23 13:47:34.910515 (1384120) lic__man INFO    Claim 'fpv' for 'session_0/prove-0'.
2026-02-23 13:47:35.057189 (1384120) lic__man INFO    Unclaim everything for 'session_0/prove-0'.
2026-02-23 13:47:35.115524 (1384120) main____ INFO    About to exit: request to exit with status 0 received from analysis session 'session_0'
2026-02-23 13:47:35.244575 (1384120) session_ INFO    Analysis session 'session_0' disconnected.
2026-02-23 13:47:35.244724 (1384120) lic__man INFO    Unclaim everything for 'session_0'.
2026-02-23 13:47:35.245067 (1384120) session_ INFO    Process for analysis session 'session_0' has exited with exit status '0'.
2026-02-23 13:47:37.040511 (1384120) lic_core INFO    (2) checkin jasper_fao
2026-02-23 13:47:37.042382 (1384120) main____ INFO    Exiting with status 0.
