2026-02-23 13:54:40.261946 (2686755) main____ INFO    ----------------------------------------
2026-02-23 13:54:40.262075 (2686755) main____ INFO    JasperGold version info
2026-02-23 13:54:40.262095 (2686755) main____ INFO      tool      : JasperGold 2021.03
2026-02-23 13:54:40.262105 (2686755) main____ INFO      version   : 2021.03 FCS 64 bits
2026-02-23 13:54:40.262110 (2686755) main____ INFO      build date: 2021.03.23 02:50:43 UTC
2026-02-23 13:54:40.262114 (2686755) main____ INFO    ----------------------------------------
2026-02-23 13:54:40.262119 (2686755) main____ INFO    Runtime info:
2026-02-23 13:54:40.262123 (2686755) main____ INFO      platform  : Linux 5.14.0-570.84.1.el9_6.x86_64 x86_64
2026-02-23 13:54:40.262129 (2686755) main____ INFO      hostname  : della-r3c3n12
2026-02-23 13:54:40.262135 (2686755) main____ INFO      pid       : 2686755
2026-02-23 13:54:40.262139 (2686755) main____ INFO      arguments : '-style' 'windows' '-batch' '-proj' './verification_results/04115/jgproject' '-tcl' './jasper_verif_check.tcl'
2026-02-23 13:54:40.262149 (2686755) main____ INFO      locale    : UTF-8
2026-02-23 13:54:40.262154 (2686755) main____ INFO    ----------------------------------------
2026-02-23 13:54:40.262157 (2686755) main____ INFO    System resource limits info:
2026-02-23 13:54:40.262162 (2686755) main____ INFO      virtual memory: unlimited
2026-02-23 13:54:40.262166 (2686755) main____ INFO      cpu time      : unlimited
2026-02-23 13:54:40.262170 (2686755) main____ INFO      stack size    : unlimited
2026-02-23 13:54:40.262175 (2686755) main____ INFO      core file size: unlimited
2026-02-23 13:54:40.262183 (2686755) main____ INFO      open files    : 131072
2026-02-23 13:54:40.262188 (2686755) main____ INFO      file size     : unlimited
2026-02-23 13:54:40.262192 (2686755) main____ INFO    ----------------------------------------
2026-02-23 13:54:40.262196 (2686755) main____ INFO    Memory statistics:
2026-02-23 13:54:40.262201 (2686755) main____ INFO      total physical memory  : 195972156 kB
2026-02-23 13:54:40.262205 (2686755) main____ INFO      free physical memory   : 110608632 kB
2026-02-23 13:54:40.262209 (2686755) main____ INFO      committed address space: 59747248 kB
2026-02-23 13:54:40.262213 (2686755) main____ INFO    ----------------------------------------
2026-02-23 13:54:40.263211 (2686755) main____ INFO    Important environment variables:
2026-02-23 13:54:40.263239 (2686755) main____ INFO      JASPER_HOME       : '/usr/licensed/cadence-20210126/jasper_2021.03'
2026-02-23 13:54:40.263246 (2686755) main____ INFO      JASPER_INSTALL_DIR: '/scratch/gpfs/LICENSED/x86_64/cadence-20210126/jasper_2021.03'
2026-02-23 13:54:40.263252 (2686755) main____ INFO      LANG              : 'en_US.UTF-8'
2026-02-23 13:54:40.263257 (2686755) main____ INFO      LM_LICENSE_FILE   : '5280@license.rc.princeton.edu'
2026-02-23 13:54:40.263262 (2686755) main____ INFO      TMPDIR            : '/tmp/ab2113/jg_5019110_75'
2026-02-23 13:54:40.263266 (2686755) main____ INFO    ----------------------------------------
2026-02-23 13:54:40.263854 (2686755) lic_core INFO    Initializing license system ...
2026-02-23 13:54:40.264805 (2686755) lic_core INFO    ... license system initialized.
2026-02-23 13:54:40.265664 (2686755) lic__man INFO    Claim 'fpv' for <ui>.
2026-02-23 13:54:40.265711 (2686755) lic_core INFO    (1) checking out 'jasper_fpv' ...
2026-02-23 13:54:40.271274 (2686755) lic_core INFO    ... (1) checkout failed (error: -5) ("FLEXnet ERROR(-5, 0, 0): No such feature exists.")
2026-02-23 13:54:40.271344 (2686755) lic_core INFO    (2) checking out 'jasper_fao' ...
2026-02-23 13:54:40.282391 (2686755) lic_core INFO    ... (2) checkout succeeded
2026-02-23 13:54:40.298283 (2686755) session_ INFO    Starting analysis session with session id 'session_0' (launcher: <local>) ...
2026-02-23 13:54:40.301569 (2686755) session_ INFO    Analysis session with session id 'session_0' started (pid: 2686763)
2026-02-23 13:54:41.073166 (2686755) session_ INFO    Analysis session 'session_0' connected to the console (host: 127.0.0.1:42356)
2026-02-23 13:54:41.954465 (2686755) lic__man INFO    Unclaim everything for 'session_0'.
2026-02-23 13:54:42.033310 (2686755) lic__man INFO    Claim 'fpv' for 'session_0'.
2026-02-23 13:54:42.033362 (2686755) lic__man INFO    Claim 'fpv' for 'session_0/prove-0'.
2026-02-23 13:54:42.204537 (2686755) lic__man INFO    Unclaim everything for 'session_0/prove-0'.
2026-02-23 13:54:42.262424 (2686755) main____ INFO    About to exit: request to exit with status 0 received from analysis session 'session_0'
2026-02-23 13:54:42.382974 (2686755) session_ INFO    Analysis session 'session_0' disconnected.
2026-02-23 13:54:42.383110 (2686755) lic__man INFO    Unclaim everything for 'session_0'.
2026-02-23 13:54:42.383799 (2686755) session_ INFO    Process for analysis session 'session_0' has exited with exit status '0'.
2026-02-23 13:54:44.371992 (2686755) lic_core INFO    (2) checkin jasper_fao
2026-02-23 13:54:44.373511 (2686755) main____ INFO    Exiting with status 0.
