2026-02-23 13:44:28.226401 (1351463) main____ INFO    ----------------------------------------
2026-02-23 13:44:28.226484 (1351463) main____ INFO    JasperGold version info
2026-02-23 13:44:28.226500 (1351463) main____ INFO      tool      : JasperGold 2021.03
2026-02-23 13:44:28.226507 (1351463) main____ INFO      version   : 2021.03 FCS 64 bits
2026-02-23 13:44:28.226512 (1351463) main____ INFO      build date: 2021.03.23 02:50:43 UTC
2026-02-23 13:44:28.226516 (1351463) main____ INFO    ----------------------------------------
2026-02-23 13:44:28.226519 (1351463) main____ INFO    Runtime info:
2026-02-23 13:44:28.226524 (1351463) main____ INFO      platform  : Linux 5.14.0-570.84.1.el9_6.x86_64 x86_64
2026-02-23 13:44:28.226529 (1351463) main____ INFO      hostname  : della-i13n21
2026-02-23 13:44:28.226534 (1351463) main____ INFO      pid       : 1351463
2026-02-23 13:44:28.226538 (1351463) main____ INFO      arguments : '-style' 'windows' '-batch' '-proj' './verification_results/02167/jgproject' '-tcl' './jasper_verif_check.tcl'
2026-02-23 13:44:28.226546 (1351463) main____ INFO      locale    : UTF-8
2026-02-23 13:44:28.226550 (1351463) main____ INFO    ----------------------------------------
2026-02-23 13:44:28.226553 (1351463) main____ INFO    System resource limits info:
2026-02-23 13:44:28.226557 (1351463) main____ INFO      virtual memory: unlimited
2026-02-23 13:44:28.226561 (1351463) main____ INFO      cpu time      : unlimited
2026-02-23 13:44:28.226565 (1351463) main____ INFO      stack size    : unlimited
2026-02-23 13:44:28.226569 (1351463) main____ INFO      core file size: unlimited
2026-02-23 13:44:28.226576 (1351463) main____ INFO      open files    : 131072
2026-02-23 13:44:28.226580 (1351463) main____ INFO      file size     : unlimited
2026-02-23 13:44:28.226583 (1351463) main____ INFO    ----------------------------------------
2026-02-23 13:44:28.226587 (1351463) main____ INFO    Memory statistics:
2026-02-23 13:44:28.226591 (1351463) main____ INFO      total physical memory  : 394157548 kB
2026-02-23 13:44:28.226595 (1351463) main____ INFO      free physical memory   : 235978116 kB
2026-02-23 13:44:28.226598 (1351463) main____ INFO      committed address space: 108846204 kB
2026-02-23 13:44:28.226602 (1351463) main____ INFO    ----------------------------------------
2026-02-23 13:44:28.227498 (1351463) main____ INFO    Important environment variables:
2026-02-23 13:44:28.227516 (1351463) main____ INFO      JASPER_HOME       : '/usr/licensed/cadence-20210126/jasper_2021.03'
2026-02-23 13:44:28.227522 (1351463) main____ INFO      JASPER_INSTALL_DIR: '/scratch/gpfs/LICENSED/x86_64/cadence-20210126/jasper_2021.03'
2026-02-23 13:44:28.227527 (1351463) main____ INFO      LANG              : 'en_US.UTF-8'
2026-02-23 13:44:28.227531 (1351463) main____ INFO      LM_LICENSE_FILE   : '5280@license.rc.princeton.edu'
2026-02-23 13:44:28.227535 (1351463) main____ INFO      TMPDIR            : '/tmp/ab2113/jg_5018895_36'
2026-02-23 13:44:28.227539 (1351463) main____ INFO    ----------------------------------------
2026-02-23 13:44:28.228352 (1351463) lic_core INFO    Initializing license system ...
2026-02-23 13:44:28.229125 (1351463) lic_core INFO    ... license system initialized.
2026-02-23 13:44:28.229812 (1351463) lic__man INFO    Claim 'fpv' for <ui>.
2026-02-23 13:44:28.229846 (1351463) lic_core INFO    (1) checking out 'jasper_fpv' ...
2026-02-23 13:44:28.235613 (1351463) lic_core INFO    ... (1) checkout failed (error: -5) ("FLEXnet ERROR(-5, 0, 0): No such feature exists.")
2026-02-23 13:44:28.235655 (1351463) lic_core INFO    (2) checking out 'jasper_fao' ...
2026-02-23 13:44:28.246037 (1351463) lic_core INFO    ... (2) checkout succeeded
2026-02-23 13:44:28.259369 (1351463) session_ INFO    Starting analysis session with session id 'session_0' (launcher: <local>) ...
2026-02-23 13:44:28.262094 (1351463) session_ INFO    Analysis session with session id 'session_0' started (pid: 1351471)
2026-02-23 13:44:28.897045 (1351463) session_ INFO    Analysis session 'session_0' connected to the console (host: 127.0.0.1:58138)
2026-02-23 13:44:29.781782 (1351463) lic__man INFO    Unclaim everything for 'session_0'.
2026-02-23 13:44:29.835064 (1351463) lic__man INFO    Claim 'fpv' for 'session_0'.
2026-02-23 13:44:29.835108 (1351463) lic__man INFO    Claim 'fpv' for 'session_0/prove-0'.
2026-02-23 13:51:50.936989 (1351463) lic__man INFO    Unclaim everything for 'session_0/prove-0'.
2026-02-23 13:51:51.011219 (1351463) main____ INFO    About to exit: request to exit with status 0 received from analysis session 'session_0'
2026-02-23 13:51:51.104173 (1351463) session_ INFO    Analysis session 'session_0' disconnected.
2026-02-23 13:51:51.104311 (1351463) lic__man INFO    Unclaim everything for 'session_0'.
2026-02-23 13:51:51.104863 (1351463) session_ INFO    Process for analysis session 'session_0' has exited with exit status '0'.
2026-02-23 13:51:53.008011 (1351463) lic_core INFO    (2) checkin jasper_fao
2026-02-23 13:51:53.009384 (1351463) main____ INFO    Exiting with status 0.
