2026-02-23 13:48:04.362518 (1149280) main____ INFO    ----------------------------------------
2026-02-23 13:48:04.362615 (1149280) main____ INFO    JasperGold version info
2026-02-23 13:48:04.362633 (1149280) main____ INFO      tool      : JasperGold 2021.03
2026-02-23 13:48:04.362642 (1149280) main____ INFO      version   : 2021.03 FCS 64 bits
2026-02-23 13:48:04.362646 (1149280) main____ INFO      build date: 2021.03.23 02:50:43 UTC
2026-02-23 13:48:04.362650 (1149280) main____ INFO    ----------------------------------------
2026-02-23 13:48:04.362654 (1149280) main____ INFO    Runtime info:
2026-02-23 13:48:04.362659 (1149280) main____ INFO      platform  : Linux 5.14.0-570.84.1.el9_6.x86_64 x86_64
2026-02-23 13:48:04.362665 (1149280) main____ INFO      hostname  : della-i13n20
2026-02-23 13:48:04.362669 (1149280) main____ INFO      pid       : 1149280
2026-02-23 13:48:04.362673 (1149280) main____ INFO      arguments : '-style' 'windows' '-batch' '-proj' './verification_results/02783/jgproject' '-tcl' './jasper_verif_check.tcl'
2026-02-23 13:48:04.362680 (1149280) main____ INFO      locale    : UTF-8
2026-02-23 13:48:04.362684 (1149280) main____ INFO    ----------------------------------------
2026-02-23 13:48:04.362688 (1149280) main____ INFO    System resource limits info:
2026-02-23 13:48:04.362692 (1149280) main____ INFO      virtual memory: unlimited
2026-02-23 13:48:04.362696 (1149280) main____ INFO      cpu time      : unlimited
2026-02-23 13:48:04.362700 (1149280) main____ INFO      stack size    : unlimited
2026-02-23 13:48:04.362703 (1149280) main____ INFO      core file size: unlimited
2026-02-23 13:48:04.362711 (1149280) main____ INFO      open files    : 131072
2026-02-23 13:48:04.362715 (1149280) main____ INFO      file size     : unlimited
2026-02-23 13:48:04.362718 (1149280) main____ INFO    ----------------------------------------
2026-02-23 13:48:04.362722 (1149280) main____ INFO    Memory statistics:
2026-02-23 13:48:04.362726 (1149280) main____ INFO      total physical memory  : 394157552 kB
2026-02-23 13:48:04.362730 (1149280) main____ INFO      free physical memory   : 197066340 kB
2026-02-23 13:48:04.362733 (1149280) main____ INFO      committed address space: 146421528 kB
2026-02-23 13:48:04.362737 (1149280) main____ INFO    ----------------------------------------
2026-02-23 13:48:04.363653 (1149280) main____ INFO    Important environment variables:
2026-02-23 13:48:04.363675 (1149280) main____ INFO      JASPER_HOME       : '/usr/licensed/cadence-20210126/jasper_2021.03'
2026-02-23 13:48:04.363680 (1149280) main____ INFO      JASPER_INSTALL_DIR: '/scratch/gpfs/LICENSED/x86_64/cadence-20210126/jasper_2021.03'
2026-02-23 13:48:04.363685 (1149280) main____ INFO      LANG              : 'en_US.UTF-8'
2026-02-23 13:48:04.363690 (1149280) main____ INFO      LM_LICENSE_FILE   : '5280@license.rc.princeton.edu'
2026-02-23 13:48:04.363694 (1149280) main____ INFO      TMPDIR            : '/tmp/ab2113/jg_5018948_48'
2026-02-23 13:48:04.363698 (1149280) main____ INFO    ----------------------------------------
2026-02-23 13:48:04.364213 (1149280) lic_core INFO    Initializing license system ...
2026-02-23 13:48:04.365053 (1149280) lic_core INFO    ... license system initialized.
2026-02-23 13:48:04.365838 (1149280) lic__man INFO    Claim 'fpv' for <ui>.
2026-02-23 13:48:04.365881 (1149280) lic_core INFO    (1) checking out 'jasper_fpv' ...
2026-02-23 13:48:04.371459 (1149280) lic_core INFO    ... (1) checkout failed (error: -5) ("FLEXnet ERROR(-5, 0, 0): No such feature exists.")
2026-02-23 13:48:04.371513 (1149280) lic_core INFO    (2) checking out 'jasper_fao' ...
2026-02-23 13:48:04.381549 (1149280) lic_core INFO    ... (2) checkout succeeded
2026-02-23 13:48:04.395366 (1149280) session_ INFO    Starting analysis session with session id 'session_0' (launcher: <local>) ...
2026-02-23 13:48:04.398207 (1149280) session_ INFO    Analysis session with session id 'session_0' started (pid: 1149294)
2026-02-23 13:48:05.108921 (1149280) session_ INFO    Analysis session 'session_0' connected to the console (host: 127.0.0.1:52904)
2026-02-23 13:48:05.970240 (1149280) main____ INFO    About to exit: request to exit with status 1 received from analysis session 'session_0'
2026-02-23 13:48:06.060786 (1149280) session_ INFO    Analysis session 'session_0' disconnected.
2026-02-23 13:48:06.060928 (1149280) lic__man INFO    Unclaim everything for 'session_0'.
2026-02-23 13:48:06.061633 (1149280) session_ INFO    Process for analysis session 'session_0' has exited with exit status '1'.
2026-02-23 13:48:08.048988 (1149280) lic_core INFO    (2) checkin jasper_fao
2026-02-23 13:48:08.050632 (1149280) main____ INFO    Exiting with status 1.
