2026-02-23 13:56:07.982131 (526240) main____ INFO    ----------------------------------------
2026-02-23 13:56:07.982209 (526240) main____ INFO    JasperGold version info
2026-02-23 13:56:07.982224 (526240) main____ INFO      tool      : JasperGold 2021.03
2026-02-23 13:56:07.982232 (526240) main____ INFO      version   : 2021.03 FCS 64 bits
2026-02-23 13:56:07.982237 (526240) main____ INFO      build date: 2021.03.23 02:50:43 UTC
2026-02-23 13:56:07.982241 (526240) main____ INFO    ----------------------------------------
2026-02-23 13:56:07.982245 (526240) main____ INFO    Runtime info:
2026-02-23 13:56:07.982250 (526240) main____ INFO      platform  : Linux 5.14.0-570.84.1.el9_6.x86_64 x86_64
2026-02-23 13:56:07.982255 (526240) main____ INFO      hostname  : della-r3c2n9
2026-02-23 13:56:07.982260 (526240) main____ INFO      pid       : 526240
2026-02-23 13:56:07.982264 (526240) main____ INFO      arguments : '-style' 'windows' '-batch' '-proj' './verification_results/04100/jgproject' '-tcl' './jasper_verif_check.tcl'
2026-02-23 13:56:07.982271 (526240) main____ INFO      locale    : UTF-8
2026-02-23 13:56:07.982275 (526240) main____ INFO    ----------------------------------------
2026-02-23 13:56:07.982279 (526240) main____ INFO    System resource limits info:
2026-02-23 13:56:07.982283 (526240) main____ INFO      virtual memory: unlimited
2026-02-23 13:56:07.982288 (526240) main____ INFO      cpu time      : unlimited
2026-02-23 13:56:07.982292 (526240) main____ INFO      stack size    : unlimited
2026-02-23 13:56:07.982296 (526240) main____ INFO      core file size: unlimited
2026-02-23 13:56:07.982303 (526240) main____ INFO      open files    : 131072
2026-02-23 13:56:07.982307 (526240) main____ INFO      file size     : unlimited
2026-02-23 13:56:07.982311 (526240) main____ INFO    ----------------------------------------
2026-02-23 13:56:07.982315 (526240) main____ INFO    Memory statistics:
2026-02-23 13:56:07.982319 (526240) main____ INFO      total physical memory  : 195972072 kB
2026-02-23 13:56:07.982323 (526240) main____ INFO      free physical memory   : 69339596 kB
2026-02-23 13:56:07.982327 (526240) main____ INFO      committed address space: 63602764 kB
2026-02-23 13:56:07.982331 (526240) main____ INFO    ----------------------------------------
2026-02-23 13:56:07.983282 (526240) main____ INFO    Important environment variables:
2026-02-23 13:56:07.983297 (526240) main____ INFO      JASPER_HOME       : '/usr/licensed/cadence-20210126/jasper_2021.03'
2026-02-23 13:56:07.983303 (526240) main____ INFO      JASPER_INSTALL_DIR: '/scratch/gpfs/LICENSED/x86_64/cadence-20210126/jasper_2021.03'
2026-02-23 13:56:07.983308 (526240) main____ INFO      LANG              : 'en_US.UTF-8'
2026-02-23 13:56:07.983315 (526240) main____ INFO      LM_LICENSE_FILE   : '5280@license.rc.princeton.edu'
2026-02-23 13:56:07.983320 (526240) main____ INFO      TMPDIR            : '/tmp/ab2113/jg_5019093_74'
2026-02-23 13:56:07.983324 (526240) main____ INFO    ----------------------------------------
2026-02-23 13:56:07.984072 (526240) lic_core INFO    Initializing license system ...
2026-02-23 13:56:07.984488 (526240) lic_core INFO    ... license system initialized.
2026-02-23 13:56:07.985170 (526240) lic__man INFO    Claim 'fpv' for <ui>.
2026-02-23 13:56:07.985205 (526240) lic_core INFO    (1) checking out 'jasper_fpv' ...
2026-02-23 13:56:07.991003 (526240) lic_core INFO    ... (1) checkout failed (error: -5) ("FLEXnet ERROR(-5, 0, 0): No such feature exists.")
2026-02-23 13:56:07.991030 (526240) lic_core INFO    (2) checking out 'jasper_fao' ...
2026-02-23 13:56:08.001165 (526240) lic_core INFO    ... (2) checkout succeeded
2026-02-23 13:56:08.014776 (526240) session_ INFO    Starting analysis session with session id 'session_0' (launcher: <local>) ...
2026-02-23 13:56:08.017498 (526240) session_ INFO    Analysis session with session id 'session_0' started (pid: 526258)
2026-02-23 13:56:08.639897 (526240) session_ INFO    Analysis session 'session_0' connected to the console (host: 127.0.0.1:35092)
2026-02-23 13:56:09.454205 (526240) lic__man INFO    Unclaim everything for 'session_0'.
2026-02-23 13:56:09.492905 (526240) lic__man INFO    Claim 'fpv' for 'session_0'.
2026-02-23 13:56:09.492943 (526240) lic__man INFO    Claim 'fpv' for 'session_0/prove-0'.
2026-02-23 13:56:09.635521 (526240) lic__man INFO    Unclaim everything for 'session_0/prove-0'.
2026-02-23 13:56:09.690889 (526240) main____ INFO    About to exit: request to exit with status 0 received from analysis session 'session_0'
2026-02-23 13:56:09.766466 (526240) session_ INFO    Analysis session 'session_0' disconnected.
2026-02-23 13:56:09.766574 (526240) lic__man INFO    Unclaim everything for 'session_0'.
2026-02-23 13:56:09.767114 (526240) session_ INFO    Process for analysis session 'session_0' has exited with exit status '0'.
2026-02-23 13:56:11.624447 (526240) lic_core INFO    (2) checkin jasper_fao
2026-02-23 13:56:11.625847 (526240) main____ INFO    Exiting with status 0.
