2026-02-20 17:39:58.346490 (2542593) main____ INFO    ----------------------------------------
2026-02-20 17:39:58.346618 (2542593) main____ INFO    JasperGold version info
2026-02-20 17:39:58.346641 (2542593) main____ INFO      tool      : JasperGold 2021.03
2026-02-20 17:39:58.346652 (2542593) main____ INFO      version   : 2021.03 FCS 64 bits
2026-02-20 17:39:58.346658 (2542593) main____ INFO      build date: 2021.03.23 02:50:43 UTC
2026-02-20 17:39:58.346662 (2542593) main____ INFO    ----------------------------------------
2026-02-20 17:39:58.346666 (2542593) main____ INFO    Runtime info:
2026-02-20 17:39:58.346670 (2542593) main____ INFO      platform  : Linux 5.14.0-570.84.1.el9_6.x86_64 x86_64
2026-02-20 17:39:58.346676 (2542593) main____ INFO      hostname  : della-i13n22
2026-02-20 17:39:58.346680 (2542593) main____ INFO      pid       : 2542593
2026-02-20 17:39:58.346684 (2542593) main____ INFO      arguments : '-style' 'windows' '-batch' '-proj' 'verification_results/00337/jgproject' '-tcl' './jasper_verif_check.tcl'
2026-02-20 17:39:58.346692 (2542593) main____ INFO      locale    : UTF-8
2026-02-20 17:39:58.346696 (2542593) main____ INFO    ----------------------------------------
2026-02-20 17:39:58.346699 (2542593) main____ INFO    System resource limits info:
2026-02-20 17:39:58.346703 (2542593) main____ INFO      virtual memory: unlimited
2026-02-20 17:39:58.346707 (2542593) main____ INFO      cpu time      : unlimited
2026-02-20 17:39:58.346711 (2542593) main____ INFO      stack size    : unlimited
2026-02-20 17:39:58.346715 (2542593) main____ INFO      core file size: unlimited
2026-02-20 17:39:58.346722 (2542593) main____ INFO      open files    : 131072
2026-02-20 17:39:58.346726 (2542593) main____ INFO      file size     : unlimited
2026-02-20 17:39:58.346730 (2542593) main____ INFO    ----------------------------------------
2026-02-20 17:39:58.346734 (2542593) main____ INFO    Memory statistics:
2026-02-20 17:39:58.346738 (2542593) main____ INFO      total physical memory  : 394157548 kB
2026-02-20 17:39:58.346742 (2542593) main____ INFO      free physical memory   : 191292416 kB
2026-02-20 17:39:58.346745 (2542593) main____ INFO      committed address space: 167777832 kB
2026-02-20 17:39:58.346749 (2542593) main____ INFO    ----------------------------------------
2026-02-20 17:39:58.347677 (2542593) main____ INFO    Important environment variables:
2026-02-20 17:39:58.347698 (2542593) main____ INFO      JASPER_HOME       : '/usr/licensed/cadence-20210126/jasper_2021.03'
2026-02-20 17:39:58.347704 (2542593) main____ INFO      JASPER_INSTALL_DIR: '/scratch/gpfs/LICENSED/x86_64/cadence-20210126/jasper_2021.03'
2026-02-20 17:39:58.347710 (2542593) main____ INFO      LANG              : 'en_US.UTF-8'
2026-02-20 17:39:58.347715 (2542593) main____ INFO      LM_LICENSE_FILE   : '5280@license.rc.princeton.edu'
2026-02-20 17:39:58.347720 (2542593) main____ INFO      TMPDIR            : '/tmp'
2026-02-20 17:39:58.347723 (2542593) main____ INFO    ----------------------------------------
2026-02-20 17:39:58.348741 (2542593) lic_core INFO    Initializing license system ...
2026-02-20 17:39:58.349705 (2542593) lic_core INFO    ... license system initialized.
2026-02-20 17:39:58.350562 (2542593) lic__man INFO    Claim 'fpv' for <ui>.
2026-02-20 17:39:58.350614 (2542593) lic_core INFO    (1) checking out 'jasper_fpv' ...
2026-02-20 17:39:58.356763 (2542593) lic_core INFO    ... (1) checkout failed (error: -5) ("FLEXnet ERROR(-5, 0, 0): No such feature exists.")
2026-02-20 17:39:58.356838 (2542593) lic_core INFO    (2) checking out 'jasper_fao' ...
2026-02-20 17:39:58.367756 (2542593) lic_core INFO    ... (2) checkout succeeded
2026-02-20 17:39:58.382919 (2542593) session_ INFO    Starting analysis session with session id 'session_0' (launcher: <local>) ...
2026-02-20 17:39:58.386483 (2542593) session_ INFO    Analysis session with session id 'session_0' started (pid: 2542601)
2026-02-20 17:39:59.143168 (2542593) session_ INFO    Analysis session 'session_0' connected to the console (host: 127.0.0.1:35136)
2026-02-20 17:39:59.736495 (2542593) main____ INFO    About to exit: request to exit with status 1 received from analysis session 'session_0'
2026-02-20 17:39:59.824280 (2542593) session_ INFO    Analysis session 'session_0' disconnected.
2026-02-20 17:39:59.824488 (2542593) lic__man INFO    Unclaim everything for 'session_0'.
2026-02-20 17:39:59.825073 (2542593) session_ INFO    Process for analysis session 'session_0' has exited with exit status '1'.
2026-02-20 17:40:01.641849 (2542593) lic_core INFO    (2) checkin jasper_fao
2026-02-20 17:40:01.643536 (2542593) main____ INFO    Exiting with status 1.
