2026-02-23 13:12:18.302923 (1917723) main____ INFO    ----------------------------------------
2026-02-23 13:12:18.303006 (1917723) main____ INFO    JasperGold version info
2026-02-23 13:12:18.303021 (1917723) main____ INFO      tool      : JasperGold 2021.03
2026-02-23 13:12:18.303031 (1917723) main____ INFO      version   : 2021.03 FCS 64 bits
2026-02-23 13:12:18.303036 (1917723) main____ INFO      build date: 2021.03.23 02:50:43 UTC
2026-02-23 13:12:18.303041 (1917723) main____ INFO    ----------------------------------------
2026-02-23 13:12:18.303046 (1917723) main____ INFO    Runtime info:
2026-02-23 13:12:18.303051 (1917723) main____ INFO      platform  : Linux 5.14.0-570.84.1.el9_6.x86_64 x86_64
2026-02-23 13:12:18.303057 (1917723) main____ INFO      hostname  : della-h14n17
2026-02-23 13:12:18.303062 (1917723) main____ INFO      pid       : 1917723
2026-02-23 13:12:18.303067 (1917723) main____ INFO      arguments : '-style' 'windows' '-batch' '-proj' './verification_results/00406/jgproject' '-tcl' './jasper_verif_check.tcl'
2026-02-23 13:12:18.303075 (1917723) main____ INFO      locale    : UTF-8
2026-02-23 13:12:18.303080 (1917723) main____ INFO    ----------------------------------------
2026-02-23 13:12:18.303085 (1917723) main____ INFO    System resource limits info:
2026-02-23 13:12:18.303090 (1917723) main____ INFO      virtual memory: unlimited
2026-02-23 13:12:18.303095 (1917723) main____ INFO      cpu time      : unlimited
2026-02-23 13:12:18.303100 (1917723) main____ INFO      stack size    : unlimited
2026-02-23 13:12:18.303106 (1917723) main____ INFO      core file size: unlimited
2026-02-23 13:12:18.303112 (1917723) main____ INFO      open files    : 131072
2026-02-23 13:12:18.303117 (1917723) main____ INFO      file size     : unlimited
2026-02-23 13:12:18.303122 (1917723) main____ INFO    ----------------------------------------
2026-02-23 13:12:18.303127 (1917723) main____ INFO    Memory statistics:
2026-02-23 13:12:18.303132 (1917723) main____ INFO      total physical memory  : 1584164316 kB
2026-02-23 13:12:18.303136 (1917723) main____ INFO      free physical memory   : 1040484068 kB
2026-02-23 13:12:18.303141 (1917723) main____ INFO      committed address space: 417679632 kB
2026-02-23 13:12:18.303146 (1917723) main____ INFO    ----------------------------------------
2026-02-23 13:12:18.303675 (1917723) main____ INFO    Important environment variables:
2026-02-23 13:12:18.303693 (1917723) main____ INFO      JASPER_HOME       : '/usr/licensed/cadence-20210126/jasper_2021.03'
2026-02-23 13:12:18.303699 (1917723) main____ INFO      JASPER_INSTALL_DIR: '/scratch/gpfs/LICENSED/x86_64/cadence-20210126/jasper_2021.03'
2026-02-23 13:12:18.303705 (1917723) main____ INFO      LANG              : 'en_US.UTF-8'
2026-02-23 13:12:18.303711 (1917723) main____ INFO      LM_LICENSE_FILE   : '5280@license.rc.princeton.edu'
2026-02-23 13:12:18.303716 (1917723) main____ INFO      TMPDIR            : '/tmp/ab2113/jg_5017949_211'
2026-02-23 13:12:18.303721 (1917723) main____ INFO    ----------------------------------------
2026-02-23 13:12:18.309879 (1917723) lic_core INFO    Initializing license system ...
2026-02-23 13:12:18.313267 (1917723) lic_core INFO    ... license system initialized.
2026-02-23 13:12:18.314463 (1917723) lic__man INFO    Claim 'fpv' for <ui>.
2026-02-23 13:12:18.314526 (1917723) lic_core INFO    (1) checking out 'jasper_fpv' ...
2026-02-23 13:12:18.321089 (1917723) lic_core INFO    ... (1) checkout failed (error: -5) ("FLEXnet ERROR(-5, 0, 0): No such feature exists.")
2026-02-23 13:12:18.321122 (1917723) lic_core INFO    (2) checking out 'jasper_fao' ...
2026-02-23 13:12:18.329878 (1917723) lic_core INFO    ... (2) checkout succeeded
2026-02-23 13:12:18.351714 (1917723) session_ INFO    Starting analysis session with session id 'session_0' (launcher: <local>) ...
2026-02-23 13:12:18.354360 (1917723) session_ INFO    Analysis session with session id 'session_0' started (pid: 1917745)
2026-02-23 13:12:19.155709 (1917723) session_ INFO    Analysis session 'session_0' connected to the console (host: 127.0.0.1:44680)
2026-02-23 13:12:19.752586 (1917723) main____ INFO    About to exit: request to exit with status 1 received from analysis session 'session_0'
2026-02-23 13:12:19.814285 (1917723) session_ INFO    Analysis session 'session_0' disconnected.
2026-02-23 13:12:19.818370 (1917723) lic__man INFO    Unclaim everything for 'session_0'.
2026-02-23 13:12:19.819029 (1917723) session_ INFO    Process for analysis session 'session_0' has exited with exit status '1'.
2026-02-23 13:12:21.664906 (1917723) lic_core INFO    (2) checkin jasper_fao
2026-02-23 13:12:21.666445 (1917723) main____ INFO    Exiting with status 1.
