2026-02-23 13:43:22.044125 (110396) main____ INFO    ----------------------------------------
2026-02-23 13:43:22.044195 (110396) main____ INFO    JasperGold version info
2026-02-23 13:43:22.044209 (110396) main____ INFO      tool      : JasperGold 2021.03
2026-02-23 13:43:22.044219 (110396) main____ INFO      version   : 2021.03 FCS 64 bits
2026-02-23 13:43:22.044224 (110396) main____ INFO      build date: 2021.03.23 02:50:43 UTC
2026-02-23 13:43:22.044230 (110396) main____ INFO    ----------------------------------------
2026-02-23 13:43:22.044235 (110396) main____ INFO    Runtime info:
2026-02-23 13:43:22.044241 (110396) main____ INFO      platform  : Linux 5.14.0-570.84.1.el9_6.x86_64 x86_64
2026-02-23 13:43:22.044248 (110396) main____ INFO      hostname  : della-h14n2
2026-02-23 13:43:22.044254 (110396) main____ INFO      pid       : 110396
2026-02-23 13:43:22.044260 (110396) main____ INFO      arguments : '-style' 'windows' '-batch' '-proj' './verification_results/01557/jgproject' '-tcl' './jasper_verif_check.tcl'
2026-02-23 13:43:22.044268 (110396) main____ INFO      locale    : UTF-8
2026-02-23 13:43:22.044275 (110396) main____ INFO    ----------------------------------------
2026-02-23 13:43:22.044280 (110396) main____ INFO    System resource limits info:
2026-02-23 13:43:22.044285 (110396) main____ INFO      virtual memory: unlimited
2026-02-23 13:43:22.044290 (110396) main____ INFO      cpu time      : unlimited
2026-02-23 13:43:22.044295 (110396) main____ INFO      stack size    : unlimited
2026-02-23 13:43:22.044300 (110396) main____ INFO      core file size: unlimited
2026-02-23 13:43:22.044308 (110396) main____ INFO      open files    : 131072
2026-02-23 13:43:22.044313 (110396) main____ INFO      file size     : unlimited
2026-02-23 13:43:22.044318 (110396) main____ INFO    ----------------------------------------
2026-02-23 13:43:22.044323 (110396) main____ INFO    Memory statistics:
2026-02-23 13:43:22.044329 (110396) main____ INFO      total physical memory  : 1584164328 kB
2026-02-23 13:43:22.044335 (110396) main____ INFO      free physical memory   : 853494140 kB
2026-02-23 13:43:22.044341 (110396) main____ INFO      committed address space: 564486796 kB
2026-02-23 13:43:22.044346 (110396) main____ INFO    ----------------------------------------
2026-02-23 13:43:22.044905 (110396) main____ INFO    Important environment variables:
2026-02-23 13:43:22.044919 (110396) main____ INFO      JASPER_HOME       : '/usr/licensed/cadence-20210126/jasper_2021.03'
2026-02-23 13:43:22.044926 (110396) main____ INFO      JASPER_INSTALL_DIR: '/scratch/gpfs/LICENSED/x86_64/cadence-20210126/jasper_2021.03'
2026-02-23 13:43:22.044934 (110396) main____ INFO      LANG              : 'en_US.UTF-8'
2026-02-23 13:43:22.044941 (110396) main____ INFO      LM_LICENSE_FILE   : '5280@license.rc.princeton.edu'
2026-02-23 13:43:22.044947 (110396) main____ INFO      TMPDIR            : '/tmp/ab2113/jg_5018841_23'
2026-02-23 13:43:22.044952 (110396) main____ INFO    ----------------------------------------
2026-02-23 13:43:22.045394 (110396) lic_core INFO    Initializing license system ...
2026-02-23 13:43:22.045949 (110396) lic_core INFO    ... license system initialized.
2026-02-23 13:43:22.046688 (110396) lic__man INFO    Claim 'fpv' for <ui>.
2026-02-23 13:43:22.046720 (110396) lic_core INFO    (1) checking out 'jasper_fpv' ...
2026-02-23 13:43:22.052291 (110396) lic_core INFO    ... (1) checkout failed (error: -5) ("FLEXnet ERROR(-5, 0, 0): No such feature exists.")
2026-02-23 13:43:22.052317 (110396) lic_core INFO    (2) checking out 'jasper_fao' ...
2026-02-23 13:43:22.061500 (110396) lic_core INFO    ... (2) checkout succeeded
2026-02-23 13:43:22.072534 (110396) session_ INFO    Starting analysis session with session id 'session_0' (launcher: <local>) ...
2026-02-23 13:43:22.075371 (110396) session_ INFO    Analysis session with session id 'session_0' started (pid: 110404)
2026-02-23 13:43:22.716922 (110396) session_ INFO    Analysis session 'session_0' connected to the console (host: 127.0.0.1:45420)
2026-02-23 13:43:23.230887 (110396) main____ INFO    About to exit: request to exit with status 1 received from analysis session 'session_0'
2026-02-23 13:43:23.284307 (110396) session_ INFO    Analysis session 'session_0' disconnected.
2026-02-23 13:43:23.284436 (110396) lic__man INFO    Unclaim everything for 'session_0'.
2026-02-23 13:43:23.285122 (110396) session_ INFO    Process for analysis session 'session_0' has exited with exit status '1'.
2026-02-23 13:43:25.336298 (110396) lic_core INFO    (2) checkin jasper_fao
2026-02-23 13:43:25.337943 (110396) main____ INFO    Exiting with status 1.
