2026-02-23 13:41:22.925421 (487227) main____ INFO    ----------------------------------------
2026-02-23 13:41:22.925503 (487227) main____ INFO    JasperGold version info
2026-02-23 13:41:22.925520 (487227) main____ INFO      tool      : JasperGold 2021.03
2026-02-23 13:41:22.925529 (487227) main____ INFO      version   : 2021.03 FCS 64 bits
2026-02-23 13:41:22.925534 (487227) main____ INFO      build date: 2021.03.23 02:50:43 UTC
2026-02-23 13:41:22.925539 (487227) main____ INFO    ----------------------------------------
2026-02-23 13:41:22.925544 (487227) main____ INFO    Runtime info:
2026-02-23 13:41:22.925549 (487227) main____ INFO      platform  : Linux 5.14.0-570.84.1.el9_6.x86_64 x86_64
2026-02-23 13:41:22.925555 (487227) main____ INFO      hostname  : della-h16n3
2026-02-23 13:41:22.925560 (487227) main____ INFO      pid       : 487227
2026-02-23 13:41:22.925565 (487227) main____ INFO      arguments : '-style' 'windows' '-batch' '-proj' './verification_results/01105/jgproject' '-tcl' './jasper_verif_check.tcl'
2026-02-23 13:41:22.925573 (487227) main____ INFO      locale    : UTF-8
2026-02-23 13:41:22.925578 (487227) main____ INFO    ----------------------------------------
2026-02-23 13:41:22.925583 (487227) main____ INFO    System resource limits info:
2026-02-23 13:41:22.925588 (487227) main____ INFO      virtual memory: unlimited
2026-02-23 13:41:22.925593 (487227) main____ INFO      cpu time      : unlimited
2026-02-23 13:41:22.925597 (487227) main____ INFO      stack size    : unlimited
2026-02-23 13:41:22.925602 (487227) main____ INFO      core file size: unlimited
2026-02-23 13:41:22.925610 (487227) main____ INFO      open files    : 131072
2026-02-23 13:41:22.925615 (487227) main____ INFO      file size     : unlimited
2026-02-23 13:41:22.925619 (487227) main____ INFO    ----------------------------------------
2026-02-23 13:41:22.925624 (487227) main____ INFO    Memory statistics:
2026-02-23 13:41:22.925629 (487227) main____ INFO      total physical memory  : 1584164344 kB
2026-02-23 13:41:22.925634 (487227) main____ INFO      free physical memory   : 949184108 kB
2026-02-23 13:41:22.925639 (487227) main____ INFO      committed address space: 587899944 kB
2026-02-23 13:41:22.925643 (487227) main____ INFO    ----------------------------------------
2026-02-23 13:41:22.926162 (487227) main____ INFO    Important environment variables:
2026-02-23 13:41:22.926175 (487227) main____ INFO      JASPER_HOME       : '/usr/licensed/cadence-20210126/jasper_2021.03'
2026-02-23 13:41:22.926181 (487227) main____ INFO      JASPER_INSTALL_DIR: '/scratch/gpfs/LICENSED/x86_64/cadence-20210126/jasper_2021.03'
2026-02-23 13:41:22.926187 (487227) main____ INFO      LANG              : 'en_US.UTF-8'
2026-02-23 13:41:22.926192 (487227) main____ INFO      LM_LICENSE_FILE   : '5280@license.rc.princeton.edu'
2026-02-23 13:41:22.926198 (487227) main____ INFO      TMPDIR            : '/tmp/ab2113/jg_5018817_14'
2026-02-23 13:41:22.926203 (487227) main____ INFO    ----------------------------------------
2026-02-23 13:41:22.926771 (487227) lic_core INFO    Initializing license system ...
2026-02-23 13:41:22.927289 (487227) lic_core INFO    ... license system initialized.
2026-02-23 13:41:22.928185 (487227) lic__man INFO    Claim 'fpv' for <ui>.
2026-02-23 13:41:22.928216 (487227) lic_core INFO    (1) checking out 'jasper_fpv' ...
2026-02-23 13:41:22.933322 (487227) lic_core INFO    ... (1) checkout failed (error: -5) ("FLEXnet ERROR(-5, 0, 0): No such feature exists.")
2026-02-23 13:41:22.933346 (487227) lic_core INFO    (2) checking out 'jasper_fao' ...
2026-02-23 13:41:22.942590 (487227) lic_core INFO    ... (2) checkout succeeded
2026-02-23 13:41:22.953251 (487227) session_ INFO    Starting analysis session with session id 'session_0' (launcher: <local>) ...
2026-02-23 13:41:22.955979 (487227) session_ INFO    Analysis session with session id 'session_0' started (pid: 487249)
2026-02-23 13:41:23.464571 (487227) session_ INFO    Analysis session 'session_0' connected to the console (host: 127.0.0.1:46958)
2026-02-23 13:41:23.953922 (487227) main____ INFO    About to exit: request to exit with status 1 received from analysis session 'session_0'
2026-02-23 13:41:24.003681 (487227) session_ INFO    Analysis session 'session_0' disconnected.
2026-02-23 13:41:24.003801 (487227) lic__man INFO    Unclaim everything for 'session_0'.
2026-02-23 13:41:24.004410 (487227) session_ INFO    Process for analysis session 'session_0' has exited with exit status '1'.
2026-02-23 13:41:25.857164 (487227) lic_core INFO    (2) checkin jasper_fao
2026-02-23 13:41:25.858463 (487227) main____ INFO    Exiting with status 1.
