2026-02-23 12:32:12.858033 (3436299) main____ INFO    ----------------------------------------
2026-02-23 12:32:12.858133 (3436299) main____ INFO    JasperGold version info
2026-02-23 12:32:12.858150 (3436299) main____ INFO      tool      : JasperGold 2021.03
2026-02-23 12:32:12.858162 (3436299) main____ INFO      version   : 2021.03 FCS 64 bits
2026-02-23 12:32:12.858169 (3436299) main____ INFO      build date: 2021.03.23 02:50:43 UTC
2026-02-23 12:32:12.858174 (3436299) main____ INFO    ----------------------------------------
2026-02-23 12:32:12.858179 (3436299) main____ INFO    Runtime info:
2026-02-23 12:32:12.858187 (3436299) main____ INFO      platform  : Linux 5.14.0-570.84.1.el9_6.x86_64 x86_64
2026-02-23 12:32:12.858194 (3436299) main____ INFO      hostname  : della-h16n8
2026-02-23 12:32:12.858201 (3436299) main____ INFO      pid       : 3436299
2026-02-23 12:32:12.858207 (3436299) main____ INFO      arguments : '-style' 'windows' '-batch' '-proj' './verification_results/00179/jgproject' '-tcl' './jasper_verif_check.tcl'
2026-02-23 12:32:12.858219 (3436299) main____ INFO      locale    : UTF-8
2026-02-23 12:32:12.858226 (3436299) main____ INFO    ----------------------------------------
2026-02-23 12:32:12.858232 (3436299) main____ INFO    System resource limits info:
2026-02-23 12:32:12.858238 (3436299) main____ INFO      virtual memory: unlimited
2026-02-23 12:32:12.858245 (3436299) main____ INFO      cpu time      : unlimited
2026-02-23 12:32:12.858250 (3436299) main____ INFO      stack size    : unlimited
2026-02-23 12:32:12.858257 (3436299) main____ INFO      core file size: unlimited
2026-02-23 12:32:12.858266 (3436299) main____ INFO      open files    : 131072
2026-02-23 12:32:12.858272 (3436299) main____ INFO      file size     : unlimited
2026-02-23 12:32:12.858279 (3436299) main____ INFO    ----------------------------------------
2026-02-23 12:32:12.858285 (3436299) main____ INFO    Memory statistics:
2026-02-23 12:32:12.858292 (3436299) main____ INFO      total physical memory  : 1584164360 kB
2026-02-23 12:32:12.858298 (3436299) main____ INFO      free physical memory   : 1013934244 kB
2026-02-23 12:32:12.858303 (3436299) main____ INFO      committed address space: 521152940 kB
2026-02-23 12:32:12.858309 (3436299) main____ INFO    ----------------------------------------
2026-02-23 12:32:12.858882 (3436299) main____ INFO    Important environment variables:
2026-02-23 12:32:12.858903 (3436299) main____ INFO      JASPER_HOME       : '/usr/licensed/cadence-20210126/jasper_2021.03'
2026-02-23 12:32:12.858910 (3436299) main____ INFO      JASPER_INSTALL_DIR: '/scratch/gpfs/LICENSED/x86_64/cadence-20210126/jasper_2021.03'
2026-02-23 12:32:12.858917 (3436299) main____ INFO      LANG              : 'en_US.UTF-8'
2026-02-23 12:32:12.858923 (3436299) main____ INFO      LM_LICENSE_FILE   : '5280@license.rc.princeton.edu'
2026-02-23 12:32:12.858930 (3436299) main____ INFO      TMPDIR            : '/tmp/ab2113/jg_5017038_42'
2026-02-23 12:32:12.858936 (3436299) main____ INFO    ----------------------------------------
2026-02-23 12:32:12.860819 (3436299) lic_core INFO    Initializing license system ...
2026-02-23 12:32:12.864175 (3436299) lic_core INFO    ... license system initialized.
2026-02-23 12:32:12.865773 (3436299) lic__man INFO    Claim 'fpv' for <ui>.
2026-02-23 12:32:12.865853 (3436299) lic_core INFO    (1) checking out 'jasper_fpv' ...
2026-02-23 12:32:12.873216 (3436299) lic_core INFO    ... (1) checkout failed (error: -5) ("FLEXnet ERROR(-5, 0, 0): No such feature exists.")
2026-02-23 12:32:12.873271 (3436299) lic_core INFO    (2) checking out 'jasper_fao' ...
2026-02-23 12:32:12.882233 (3436299) lic_core INFO    ... (2) checkout succeeded
2026-02-23 12:32:12.902613 (3436299) session_ INFO    Starting analysis session with session id 'session_0' (launcher: <local>) ...
2026-02-23 12:32:12.905990 (3436299) session_ INFO    Analysis session with session id 'session_0' started (pid: 3436316)
2026-02-23 12:32:13.766341 (3436299) session_ INFO    Analysis session 'session_0' connected to the console (host: 127.0.0.1:52482)
2026-02-23 12:32:14.344110 (3436299) main____ INFO    About to exit: request to exit with status 1 received from analysis session 'session_0'
2026-02-23 12:32:14.408355 (3436299) session_ INFO    Analysis session 'session_0' disconnected.
2026-02-23 12:32:14.411997 (3436299) lic__man INFO    Unclaim everything for 'session_0'.
2026-02-23 12:32:14.412543 (3436299) session_ INFO    Process for analysis session 'session_0' has exited with exit status '1'.
2026-02-23 12:32:16.254380 (3436299) lic_core INFO    (2) checkin jasper_fao
2026-02-23 12:32:16.255628 (3436299) main____ INFO    Exiting with status 1.
