2026-02-23 13:42:42.323633 (1140782) main____ INFO    ----------------------------------------
2026-02-23 13:42:42.323736 (1140782) main____ INFO    JasperGold version info
2026-02-23 13:42:42.323754 (1140782) main____ INFO      tool      : JasperGold 2021.03
2026-02-23 13:42:42.323763 (1140782) main____ INFO      version   : 2021.03 FCS 64 bits
2026-02-23 13:42:42.323768 (1140782) main____ INFO      build date: 2021.03.23 02:50:43 UTC
2026-02-23 13:42:42.323772 (1140782) main____ INFO    ----------------------------------------
2026-02-23 13:42:42.323775 (1140782) main____ INFO    Runtime info:
2026-02-23 13:42:42.323780 (1140782) main____ INFO      platform  : Linux 5.14.0-570.84.1.el9_6.x86_64 x86_64
2026-02-23 13:42:42.323786 (1140782) main____ INFO      hostname  : della-i13n20
2026-02-23 13:42:42.323791 (1140782) main____ INFO      pid       : 1140782
2026-02-23 13:42:42.323795 (1140782) main____ INFO      arguments : '-style' 'windows' '-batch' '-proj' './verification_results/01454/jgproject' '-tcl' './jasper_verif_check.tcl'
2026-02-23 13:42:42.323803 (1140782) main____ INFO      locale    : UTF-8
2026-02-23 13:42:42.323807 (1140782) main____ INFO    ----------------------------------------
2026-02-23 13:42:42.323810 (1140782) main____ INFO    System resource limits info:
2026-02-23 13:42:42.323814 (1140782) main____ INFO      virtual memory: unlimited
2026-02-23 13:42:42.323818 (1140782) main____ INFO      cpu time      : unlimited
2026-02-23 13:42:42.323822 (1140782) main____ INFO      stack size    : unlimited
2026-02-23 13:42:42.323826 (1140782) main____ INFO      core file size: unlimited
2026-02-23 13:42:42.323833 (1140782) main____ INFO      open files    : 131072
2026-02-23 13:42:42.323837 (1140782) main____ INFO      file size     : unlimited
2026-02-23 13:42:42.323841 (1140782) main____ INFO    ----------------------------------------
2026-02-23 13:42:42.323844 (1140782) main____ INFO    Memory statistics:
2026-02-23 13:42:42.323848 (1140782) main____ INFO      total physical memory  : 394157552 kB
2026-02-23 13:42:42.323852 (1140782) main____ INFO      free physical memory   : 169194916 kB
2026-02-23 13:42:42.323856 (1140782) main____ INFO      committed address space: 145545644 kB
2026-02-23 13:42:42.323860 (1140782) main____ INFO    ----------------------------------------
2026-02-23 13:42:42.324770 (1140782) main____ INFO    Important environment variables:
2026-02-23 13:42:42.324792 (1140782) main____ INFO      JASPER_HOME       : '/usr/licensed/cadence-20210126/jasper_2021.03'
2026-02-23 13:42:42.324797 (1140782) main____ INFO      JASPER_INSTALL_DIR: '/scratch/gpfs/LICENSED/x86_64/cadence-20210126/jasper_2021.03'
2026-02-23 13:42:42.324802 (1140782) main____ INFO      LANG              : 'en_US.UTF-8'
2026-02-23 13:42:42.324807 (1140782) main____ INFO      LM_LICENSE_FILE   : '5280@license.rc.princeton.edu'
2026-02-23 13:42:42.324812 (1140782) main____ INFO      TMPDIR            : '/tmp/ab2113/jg_5018835_21'
2026-02-23 13:42:42.324816 (1140782) main____ INFO    ----------------------------------------
2026-02-23 13:42:42.325362 (1140782) lic_core INFO    Initializing license system ...
2026-02-23 13:42:42.326222 (1140782) lic_core INFO    ... license system initialized.
2026-02-23 13:42:42.327036 (1140782) lic__man INFO    Claim 'fpv' for <ui>.
2026-02-23 13:42:42.327081 (1140782) lic_core INFO    (1) checking out 'jasper_fpv' ...
2026-02-23 13:42:42.332927 (1140782) lic_core INFO    ... (1) checkout failed (error: -5) ("FLEXnet ERROR(-5, 0, 0): No such feature exists.")
2026-02-23 13:42:42.332986 (1140782) lic_core INFO    (2) checking out 'jasper_fao' ...
2026-02-23 13:42:42.343332 (1140782) lic_core INFO    ... (2) checkout succeeded
2026-02-23 13:42:42.357372 (1140782) session_ INFO    Starting analysis session with session id 'session_0' (launcher: <local>) ...
2026-02-23 13:42:42.360446 (1140782) session_ INFO    Analysis session with session id 'session_0' started (pid: 1140792)
2026-02-23 13:42:43.084085 (1140782) session_ INFO    Analysis session 'session_0' connected to the console (host: 127.0.0.1:47402)
2026-02-23 13:42:43.777249 (1140782) main____ INFO    About to exit: request to exit with status 1 received from analysis session 'session_0'
2026-02-23 13:42:43.872946 (1140782) session_ INFO    Analysis session 'session_0' disconnected.
2026-02-23 13:42:43.873093 (1140782) lic__man INFO    Unclaim everything for 'session_0'.
2026-02-23 13:42:43.873731 (1140782) session_ INFO    Process for analysis session 'session_0' has exited with exit status '1'.
2026-02-23 13:42:45.683056 (1140782) lic_core INFO    (2) checkin jasper_fao
2026-02-23 13:42:45.684598 (1140782) main____ INFO    Exiting with status 1.
