2026-02-23 13:45:07.839959 (1946142) main____ INFO    ----------------------------------------
2026-02-23 13:45:07.840054 (1946142) main____ INFO    JasperGold version info
2026-02-23 13:45:07.840070 (1946142) main____ INFO      tool      : JasperGold 2021.03
2026-02-23 13:45:07.840079 (1946142) main____ INFO      version   : 2021.03 FCS 64 bits
2026-02-23 13:45:07.840084 (1946142) main____ INFO      build date: 2021.03.23 02:50:43 UTC
2026-02-23 13:45:07.840089 (1946142) main____ INFO    ----------------------------------------
2026-02-23 13:45:07.840093 (1946142) main____ INFO    Runtime info:
2026-02-23 13:45:07.840098 (1946142) main____ INFO      platform  : Linux 5.14.0-570.84.1.el9_6.x86_64 x86_64
2026-02-23 13:45:07.840104 (1946142) main____ INFO      hostname  : della-r3c1n5
2026-02-23 13:45:07.840109 (1946142) main____ INFO      pid       : 1946142
2026-02-23 13:45:07.840113 (1946142) main____ INFO      arguments : '-style' 'windows' '-batch' '-proj' './verification_results/01935/jgproject' '-tcl' './jasper_verif_check.tcl'
2026-02-23 13:45:07.840127 (1946142) main____ INFO      locale    : UTF-8
2026-02-23 13:45:07.840132 (1946142) main____ INFO    ----------------------------------------
2026-02-23 13:45:07.840136 (1946142) main____ INFO    System resource limits info:
2026-02-23 13:45:07.840140 (1946142) main____ INFO      virtual memory: unlimited
2026-02-23 13:45:07.840144 (1946142) main____ INFO      cpu time      : unlimited
2026-02-23 13:45:07.840149 (1946142) main____ INFO      stack size    : unlimited
2026-02-23 13:45:07.840153 (1946142) main____ INFO      core file size: unlimited
2026-02-23 13:45:07.840160 (1946142) main____ INFO      open files    : 131072
2026-02-23 13:45:07.840164 (1946142) main____ INFO      file size     : unlimited
2026-02-23 13:45:07.840168 (1946142) main____ INFO    ----------------------------------------
2026-02-23 13:45:07.840172 (1946142) main____ INFO    Memory statistics:
2026-02-23 13:45:07.840177 (1946142) main____ INFO      total physical memory  : 195972056 kB
2026-02-23 13:45:07.840181 (1946142) main____ INFO      free physical memory   : 110731960 kB
2026-02-23 13:45:07.840185 (1946142) main____ INFO      committed address space: 55091816 kB
2026-02-23 13:45:07.840190 (1946142) main____ INFO    ----------------------------------------
2026-02-23 13:45:07.841193 (1946142) main____ INFO    Important environment variables:
2026-02-23 13:45:07.841215 (1946142) main____ INFO      JASPER_HOME       : '/usr/licensed/cadence-20210126/jasper_2021.03'
2026-02-23 13:45:07.841221 (1946142) main____ INFO      JASPER_INSTALL_DIR: '/scratch/gpfs/LICENSED/x86_64/cadence-20210126/jasper_2021.03'
2026-02-23 13:45:07.841227 (1946142) main____ INFO      LANG              : 'en_US.UTF-8'
2026-02-23 13:45:07.841232 (1946142) main____ INFO      LM_LICENSE_FILE   : '5280@license.rc.princeton.edu'
2026-02-23 13:45:07.841237 (1946142) main____ INFO      TMPDIR            : '/tmp/ab2113/jg_5018879_31'
2026-02-23 13:45:07.841243 (1946142) main____ INFO    ----------------------------------------
2026-02-23 13:45:07.842145 (1946142) lic_core INFO    Initializing license system ...
2026-02-23 13:45:07.843054 (1946142) lic_core INFO    ... license system initialized.
2026-02-23 13:45:07.843866 (1946142) lic__man INFO    Claim 'fpv' for <ui>.
2026-02-23 13:45:07.843909 (1946142) lic_core INFO    (1) checking out 'jasper_fpv' ...
2026-02-23 13:45:07.849432 (1946142) lic_core INFO    ... (1) checkout failed (error: -5) ("FLEXnet ERROR(-5, 0, 0): No such feature exists.")
2026-02-23 13:45:07.849486 (1946142) lic_core INFO    (2) checking out 'jasper_fao' ...
2026-02-23 13:45:07.860088 (1946142) lic_core INFO    ... (2) checkout succeeded
2026-02-23 13:45:07.874565 (1946142) session_ INFO    Starting analysis session with session id 'session_0' (launcher: <local>) ...
2026-02-23 13:45:07.877685 (1946142) session_ INFO    Analysis session with session id 'session_0' started (pid: 1946156)
2026-02-23 13:45:08.582366 (1946142) session_ INFO    Analysis session 'session_0' connected to the console (host: 127.0.0.1:58818)
2026-02-23 13:45:09.457134 (1946142) lic__man INFO    Unclaim everything for 'session_0'.
2026-02-23 13:45:09.501856 (1946142) lic__man INFO    Claim 'fpv' for 'session_0'.
2026-02-23 13:45:09.501903 (1946142) lic__man INFO    Claim 'fpv' for 'session_0/prove-0'.
2026-02-23 13:45:09.655641 (1946142) lic__man INFO    Unclaim everything for 'session_0/prove-0'.
2026-02-23 13:45:09.712230 (1946142) main____ INFO    About to exit: request to exit with status 0 received from analysis session 'session_0'
2026-02-23 13:45:09.794834 (1946142) session_ INFO    Analysis session 'session_0' disconnected.
2026-02-23 13:45:09.794964 (1946142) lic__man INFO    Unclaim everything for 'session_0'.
2026-02-23 13:45:09.795336 (1946142) session_ INFO    Process for analysis session 'session_0' has exited with exit status '0'.
2026-02-23 13:45:11.619812 (1946142) lic_core INFO    (2) checkin jasper_fao
2026-02-23 13:45:11.621345 (1946142) main____ INFO    Exiting with status 0.
