2026-02-23 13:39:08.154638 (97555) main____ INFO    ----------------------------------------
2026-02-23 13:39:08.154708 (97555) main____ INFO    JasperGold version info
2026-02-23 13:39:08.154726 (97555) main____ INFO      tool      : JasperGold 2021.03
2026-02-23 13:39:08.154735 (97555) main____ INFO      version   : 2021.03 FCS 64 bits
2026-02-23 13:39:08.154741 (97555) main____ INFO      build date: 2021.03.23 02:50:43 UTC
2026-02-23 13:39:08.154746 (97555) main____ INFO    ----------------------------------------
2026-02-23 13:39:08.154751 (97555) main____ INFO    Runtime info:
2026-02-23 13:39:08.154756 (97555) main____ INFO      platform  : Linux 5.14.0-570.84.1.el9_6.x86_64 x86_64
2026-02-23 13:39:08.154763 (97555) main____ INFO      hostname  : della-h14n2
2026-02-23 13:39:08.154770 (97555) main____ INFO      pid       : 97555
2026-02-23 13:39:08.154776 (97555) main____ INFO      arguments : '-style' 'windows' '-batch' '-proj' './verification_results/00741/jgproject' '-tcl' './jasper_verif_check.tcl'
2026-02-23 13:39:08.154785 (97555) main____ INFO      locale    : UTF-8
2026-02-23 13:39:08.154791 (97555) main____ INFO    ----------------------------------------
2026-02-23 13:39:08.154795 (97555) main____ INFO    System resource limits info:
2026-02-23 13:39:08.154801 (97555) main____ INFO      virtual memory: unlimited
2026-02-23 13:39:08.154806 (97555) main____ INFO      cpu time      : unlimited
2026-02-23 13:39:08.154817 (97555) main____ INFO      stack size    : unlimited
2026-02-23 13:39:08.154822 (97555) main____ INFO      core file size: unlimited
2026-02-23 13:39:08.154829 (97555) main____ INFO      open files    : 131072
2026-02-23 13:39:08.154835 (97555) main____ INFO      file size     : unlimited
2026-02-23 13:39:08.154840 (97555) main____ INFO    ----------------------------------------
2026-02-23 13:39:08.154846 (97555) main____ INFO    Memory statistics:
2026-02-23 13:39:08.154851 (97555) main____ INFO      total physical memory  : 1584164328 kB
2026-02-23 13:39:08.154856 (97555) main____ INFO      free physical memory   : 739563484 kB
2026-02-23 13:39:08.154861 (97555) main____ INFO      committed address space: 684202100 kB
2026-02-23 13:39:08.154867 (97555) main____ INFO    ----------------------------------------
2026-02-23 13:39:08.155390 (97555) main____ INFO    Important environment variables:
2026-02-23 13:39:08.155404 (97555) main____ INFO      JASPER_HOME       : '/usr/licensed/cadence-20210126/jasper_2021.03'
2026-02-23 13:39:08.155412 (97555) main____ INFO      JASPER_INSTALL_DIR: '/scratch/gpfs/LICENSED/x86_64/cadence-20210126/jasper_2021.03'
2026-02-23 13:39:08.155419 (97555) main____ INFO      LANG              : 'en_US.UTF-8'
2026-02-23 13:39:08.155425 (97555) main____ INFO      LM_LICENSE_FILE   : '5280@license.rc.princeton.edu'
2026-02-23 13:39:08.155431 (97555) main____ INFO      TMPDIR            : '/tmp/ab2113/jg_5018796_7'
2026-02-23 13:39:08.155437 (97555) main____ INFO    ----------------------------------------
2026-02-23 13:39:08.155974 (97555) lic_core INFO    Initializing license system ...
2026-02-23 13:39:08.156552 (97555) lic_core INFO    ... license system initialized.
2026-02-23 13:39:08.157362 (97555) lic__man INFO    Claim 'fpv' for <ui>.
2026-02-23 13:39:08.157398 (97555) lic_core INFO    (1) checking out 'jasper_fpv' ...
2026-02-23 13:39:08.163423 (97555) lic_core INFO    ... (1) checkout failed (error: -5) ("FLEXnet ERROR(-5, 0, 0): No such feature exists.")
2026-02-23 13:39:08.163482 (97555) lic_core INFO    (2) checking out 'jasper_fao' ...
2026-02-23 13:39:08.172337 (97555) lic_core INFO    ... (2) checkout succeeded
2026-02-23 13:39:08.184086 (97555) session_ INFO    Starting analysis session with session id 'session_0' (launcher: <local>) ...
2026-02-23 13:39:08.187375 (97555) session_ INFO    Analysis session with session id 'session_0' started (pid: 97563)
2026-02-23 13:39:08.758822 (97555) session_ INFO    Analysis session 'session_0' connected to the console (host: 127.0.0.1:38984)
2026-02-23 13:39:09.589450 (97555) lic__man INFO    Unclaim everything for 'session_0'.
2026-02-23 13:39:09.713869 (97555) lic__man INFO    Claim 'fpv' for 'session_0'.
2026-02-23 13:39:09.713916 (97555) lic__man INFO    Claim 'fpv' for 'session_0/prove-0'.
2026-02-23 13:44:08.777949 (97555) lic__man INFO    Unclaim everything for 'session_0/prove-0'.
2026-02-23 13:44:08.840944 (97555) main____ INFO    About to exit: request to exit with status 0 received from analysis session 'session_0'
2026-02-23 13:44:08.912464 (97555) session_ INFO    Analysis session 'session_0' disconnected.
2026-02-23 13:44:08.912592 (97555) lic__man INFO    Unclaim everything for 'session_0'.
2026-02-23 13:44:08.913362 (97555) session_ INFO    Process for analysis session 'session_0' has exited with exit status '0'.
2026-02-23 13:44:10.951306 (97555) lic_core INFO    (2) checkin jasper_fao
2026-02-23 13:44:10.952965 (97555) main____ INFO    Exiting with status 0.
