2026-02-23 13:57:26.335724 (530077) main____ INFO    ----------------------------------------
2026-02-23 13:57:26.335802 (530077) main____ INFO    JasperGold version info
2026-02-23 13:57:26.335819 (530077) main____ INFO      tool      : JasperGold 2021.03
2026-02-23 13:57:26.335827 (530077) main____ INFO      version   : 2021.03 FCS 64 bits
2026-02-23 13:57:26.335831 (530077) main____ INFO      build date: 2021.03.23 02:50:43 UTC
2026-02-23 13:57:26.335842 (530077) main____ INFO    ----------------------------------------
2026-02-23 13:57:26.335846 (530077) main____ INFO    Runtime info:
2026-02-23 13:57:26.335851 (530077) main____ INFO      platform  : Linux 5.14.0-570.84.1.el9_6.x86_64 x86_64
2026-02-23 13:57:26.335856 (530077) main____ INFO      hostname  : della-r3c2n9
2026-02-23 13:57:26.335861 (530077) main____ INFO      pid       : 530077
2026-02-23 13:57:26.335865 (530077) main____ INFO      arguments : '-style' 'windows' '-batch' '-proj' './verification_results/04341/jgproject' '-tcl' './jasper_verif_check.tcl'
2026-02-23 13:57:26.335873 (530077) main____ INFO      locale    : UTF-8
2026-02-23 13:57:26.335877 (530077) main____ INFO    ----------------------------------------
2026-02-23 13:57:26.335881 (530077) main____ INFO    System resource limits info:
2026-02-23 13:57:26.335885 (530077) main____ INFO      virtual memory: unlimited
2026-02-23 13:57:26.335890 (530077) main____ INFO      cpu time      : unlimited
2026-02-23 13:57:26.335895 (530077) main____ INFO      stack size    : unlimited
2026-02-23 13:57:26.335899 (530077) main____ INFO      core file size: unlimited
2026-02-23 13:57:26.335907 (530077) main____ INFO      open files    : 131072
2026-02-23 13:57:26.335911 (530077) main____ INFO      file size     : unlimited
2026-02-23 13:57:26.335915 (530077) main____ INFO    ----------------------------------------
2026-02-23 13:57:26.335919 (530077) main____ INFO    Memory statistics:
2026-02-23 13:57:26.335923 (530077) main____ INFO      total physical memory  : 195972072 kB
2026-02-23 13:57:26.335927 (530077) main____ INFO      free physical memory   : 68444480 kB
2026-02-23 13:57:26.335931 (530077) main____ INFO      committed address space: 64566632 kB
2026-02-23 13:57:26.335935 (530077) main____ INFO    ----------------------------------------
2026-02-23 13:57:26.336901 (530077) main____ INFO    Important environment variables:
2026-02-23 13:57:26.336918 (530077) main____ INFO      JASPER_HOME       : '/usr/licensed/cadence-20210126/jasper_2021.03'
2026-02-23 13:57:26.336925 (530077) main____ INFO      JASPER_INSTALL_DIR: '/scratch/gpfs/LICENSED/x86_64/cadence-20210126/jasper_2021.03'
2026-02-23 13:57:26.336931 (530077) main____ INFO      LANG              : 'en_US.UTF-8'
2026-02-23 13:57:26.336936 (530077) main____ INFO      LM_LICENSE_FILE   : '5280@license.rc.princeton.edu'
2026-02-23 13:57:26.336941 (530077) main____ INFO      TMPDIR            : '/tmp/ab2113/jg_5019136_79'
2026-02-23 13:57:26.336946 (530077) main____ INFO    ----------------------------------------
2026-02-23 13:57:26.337738 (530077) lic_core INFO    Initializing license system ...
2026-02-23 13:57:26.338195 (530077) lic_core INFO    ... license system initialized.
2026-02-23 13:57:26.338922 (530077) lic__man INFO    Claim 'fpv' for <ui>.
2026-02-23 13:57:26.338960 (530077) lic_core INFO    (1) checking out 'jasper_fpv' ...
2026-02-23 13:57:26.344099 (530077) lic_core INFO    ... (1) checkout failed (error: -5) ("FLEXnet ERROR(-5, 0, 0): No such feature exists.")
2026-02-23 13:57:26.344138 (530077) lic_core INFO    (2) checking out 'jasper_fao' ...
2026-02-23 13:57:26.354458 (530077) lic_core INFO    ... (2) checkout succeeded
2026-02-23 13:57:26.368756 (530077) session_ INFO    Starting analysis session with session id 'session_0' (launcher: <local>) ...
2026-02-23 13:57:26.371693 (530077) session_ INFO    Analysis session with session id 'session_0' started (pid: 530117)
2026-02-23 13:57:27.041846 (530077) session_ INFO    Analysis session 'session_0' connected to the console (host: 127.0.0.1:44720)
2026-02-23 13:57:27.565708 (530077) main____ INFO    About to exit: request to exit with status 1 received from analysis session 'session_0'
2026-02-23 13:57:27.639244 (530077) session_ INFO    Analysis session 'session_0' disconnected.
2026-02-23 13:57:27.639352 (530077) lic__man INFO    Unclaim everything for 'session_0'.
2026-02-23 13:57:27.639744 (530077) session_ INFO    Process for analysis session 'session_0' has exited with exit status '1'.
2026-02-23 13:57:29.623693 (530077) lic_core INFO    (2) checkin jasper_fao
2026-02-23 13:57:29.625140 (530077) main____ INFO    Exiting with status 1.
