2026-02-23 13:56:30.272823 (2929002) main____ INFO    ----------------------------------------
2026-02-23 13:56:30.272924 (2929002) main____ INFO    JasperGold version info
2026-02-23 13:56:30.272942 (2929002) main____ INFO      tool      : JasperGold 2021.03
2026-02-23 13:56:30.272952 (2929002) main____ INFO      version   : 2021.03 FCS 64 bits
2026-02-23 13:56:30.272956 (2929002) main____ INFO      build date: 2021.03.23 02:50:43 UTC
2026-02-23 13:56:30.272960 (2929002) main____ INFO    ----------------------------------------
2026-02-23 13:56:30.272963 (2929002) main____ INFO    Runtime info:
2026-02-23 13:56:30.272968 (2929002) main____ INFO      platform  : Linux 5.14.0-570.84.1.el9_6.x86_64 x86_64
2026-02-23 13:56:30.272972 (2929002) main____ INFO      hostname  : della-h12n18
2026-02-23 13:56:30.272977 (2929002) main____ INFO      pid       : 2929002
2026-02-23 13:56:30.272980 (2929002) main____ INFO      arguments : '-style' 'windows' '-batch' '-proj' './verification_results/04225/jgproject' '-tcl' './jasper_verif_check.tcl'
2026-02-23 13:56:30.272987 (2929002) main____ INFO      locale    : UTF-8
2026-02-23 13:56:30.272991 (2929002) main____ INFO    ----------------------------------------
2026-02-23 13:56:30.272994 (2929002) main____ INFO    System resource limits info:
2026-02-23 13:56:30.272998 (2929002) main____ INFO      virtual memory: unlimited
2026-02-23 13:56:30.273001 (2929002) main____ INFO      cpu time      : unlimited
2026-02-23 13:56:30.273005 (2929002) main____ INFO      stack size    : unlimited
2026-02-23 13:56:30.273008 (2929002) main____ INFO      core file size: unlimited
2026-02-23 13:56:30.273015 (2929002) main____ INFO      open files    : 131072
2026-02-23 13:56:30.273019 (2929002) main____ INFO      file size     : unlimited
2026-02-23 13:56:30.273023 (2929002) main____ INFO    ----------------------------------------
2026-02-23 13:56:30.273026 (2929002) main____ INFO    Memory statistics:
2026-02-23 13:56:30.273030 (2929002) main____ INFO      total physical memory  : 1055795796 kB
2026-02-23 13:56:30.273033 (2929002) main____ INFO      free physical memory   : 289701576 kB
2026-02-23 13:56:30.273037 (2929002) main____ INFO      committed address space: 425926180 kB
2026-02-23 13:56:30.273040 (2929002) main____ INFO    ----------------------------------------
2026-02-23 13:56:30.273815 (2929002) main____ INFO    Important environment variables:
2026-02-23 13:56:30.273832 (2929002) main____ INFO      JASPER_HOME       : '/usr/licensed/cadence-20210126/jasper_2021.03'
2026-02-23 13:56:30.273837 (2929002) main____ INFO      JASPER_INSTALL_DIR: '/scratch/gpfs/LICENSED/x86_64/cadence-20210126/jasper_2021.03'
2026-02-23 13:56:30.273842 (2929002) main____ INFO      LANG              : 'en_US.UTF-8'
2026-02-23 13:56:30.273846 (2929002) main____ INFO      LM_LICENSE_FILE   : '5280@license.rc.princeton.edu'
2026-02-23 13:56:30.273850 (2929002) main____ INFO      TMPDIR            : '/tmp/ab2113/jg_5019134_77'
2026-02-23 13:56:30.273854 (2929002) main____ INFO    ----------------------------------------
2026-02-23 13:56:30.274615 (2929002) lic_core INFO    Initializing license system ...
2026-02-23 13:56:30.275074 (2929002) lic_core INFO    ... license system initialized.
2026-02-23 13:56:30.275964 (2929002) lic__man INFO    Claim 'fpv' for <ui>.
2026-02-23 13:56:30.275998 (2929002) lic_core INFO    (1) checking out 'jasper_fpv' ...
2026-02-23 13:56:30.281476 (2929002) lic_core INFO    ... (1) checkout failed (error: -5) ("FLEXnet ERROR(-5, 0, 0): No such feature exists.")
2026-02-23 13:56:30.281529 (2929002) lic_core INFO    (2) checking out 'jasper_fao' ...
2026-02-23 13:56:30.292730 (2929002) lic_core INFO    ... (2) checkout succeeded
2026-02-23 13:56:30.306129 (2929002) session_ INFO    Starting analysis session with session id 'session_0' (launcher: <local>) ...
2026-02-23 13:56:30.308704 (2929002) session_ INFO    Analysis session with session id 'session_0' started (pid: 2929011)
2026-02-23 13:56:30.922015 (2929002) session_ INFO    Analysis session 'session_0' connected to the console (host: 127.0.0.1:46934)
2026-02-23 13:56:31.495499 (2929002) main____ INFO    About to exit: request to exit with status 1 received from analysis session 'session_0'
2026-02-23 13:56:31.556921 (2929002) session_ INFO    Analysis session 'session_0' disconnected.
2026-02-23 13:56:31.557054 (2929002) lic__man INFO    Unclaim everything for 'session_0'.
2026-02-23 13:56:31.557814 (2929002) session_ INFO    Process for analysis session 'session_0' has exited with exit status '1'.
2026-02-23 13:56:33.505918 (2929002) lic_core INFO    (2) checkin jasper_fao
2026-02-23 13:56:33.507658 (2929002) main____ INFO    Exiting with status 1.
