2026-02-23 13:40:01.247222 (1457074) main____ INFO    ----------------------------------------
2026-02-23 13:40:01.247307 (1457074) main____ INFO    JasperGold version info
2026-02-23 13:40:01.247326 (1457074) main____ INFO      tool      : JasperGold 2021.03
2026-02-23 13:40:01.247337 (1457074) main____ INFO      version   : 2021.03 FCS 64 bits
2026-02-23 13:40:01.247343 (1457074) main____ INFO      build date: 2021.03.23 02:50:43 UTC
2026-02-23 13:40:01.247348 (1457074) main____ INFO    ----------------------------------------
2026-02-23 13:40:01.247354 (1457074) main____ INFO    Runtime info:
2026-02-23 13:40:01.247361 (1457074) main____ INFO      platform  : Linux 5.14.0-570.84.1.el9_6.x86_64 x86_64
2026-02-23 13:40:01.247369 (1457074) main____ INFO      hostname  : della-h14n5
2026-02-23 13:40:01.247375 (1457074) main____ INFO      pid       : 1457074
2026-02-23 13:40:01.247382 (1457074) main____ INFO      arguments : '-style' 'windows' '-batch' '-proj' './verification_results/00990/jgproject' '-tcl' './jasper_verif_check.tcl'
2026-02-23 13:40:01.247391 (1457074) main____ INFO      locale    : UTF-8
2026-02-23 13:40:01.247397 (1457074) main____ INFO    ----------------------------------------
2026-02-23 13:40:01.247403 (1457074) main____ INFO    System resource limits info:
2026-02-23 13:40:01.247410 (1457074) main____ INFO      virtual memory: unlimited
2026-02-23 13:40:01.247416 (1457074) main____ INFO      cpu time      : unlimited
2026-02-23 13:40:01.247421 (1457074) main____ INFO      stack size    : unlimited
2026-02-23 13:40:01.247426 (1457074) main____ INFO      core file size: unlimited
2026-02-23 13:40:01.247440 (1457074) main____ INFO      open files    : 131072
2026-02-23 13:40:01.247445 (1457074) main____ INFO      file size     : unlimited
2026-02-23 13:40:01.247451 (1457074) main____ INFO    ----------------------------------------
2026-02-23 13:40:01.247458 (1457074) main____ INFO    Memory statistics:
2026-02-23 13:40:01.247464 (1457074) main____ INFO      total physical memory  : 1584164368 kB
2026-02-23 13:40:01.247469 (1457074) main____ INFO      free physical memory   : 701336892 kB
2026-02-23 13:40:01.247474 (1457074) main____ INFO      committed address space: 537985864 kB
2026-02-23 13:40:01.247479 (1457074) main____ INFO    ----------------------------------------
2026-02-23 13:40:01.247992 (1457074) main____ INFO    Important environment variables:
2026-02-23 13:40:01.248007 (1457074) main____ INFO      JASPER_HOME       : '/usr/licensed/cadence-20210126/jasper_2021.03'
2026-02-23 13:40:01.248014 (1457074) main____ INFO      JASPER_INSTALL_DIR: '/scratch/gpfs/LICENSED/x86_64/cadence-20210126/jasper_2021.03'
2026-02-23 13:40:01.248020 (1457074) main____ INFO      LANG              : 'en_US.UTF-8'
2026-02-23 13:40:01.248026 (1457074) main____ INFO      LM_LICENSE_FILE   : '5280@license.rc.princeton.edu'
2026-02-23 13:40:01.248033 (1457074) main____ INFO      TMPDIR            : '/tmp/ab2113/jg_5018806_12'
2026-02-23 13:40:01.248038 (1457074) main____ INFO    ----------------------------------------
2026-02-23 13:40:01.248525 (1457074) lic_core INFO    Initializing license system ...
2026-02-23 13:40:01.249095 (1457074) lic_core INFO    ... license system initialized.
2026-02-23 13:40:01.249848 (1457074) lic__man INFO    Claim 'fpv' for <ui>.
2026-02-23 13:40:01.249880 (1457074) lic_core INFO    (1) checking out 'jasper_fpv' ...
2026-02-23 13:40:01.256947 (1457074) lic_core INFO    ... (1) checkout failed (error: -5) ("FLEXnet ERROR(-5, 0, 0): No such feature exists.")
2026-02-23 13:40:01.256978 (1457074) lic_core INFO    (2) checking out 'jasper_fao' ...
2026-02-23 13:40:01.266046 (1457074) lic_core INFO    ... (2) checkout succeeded
2026-02-23 13:40:01.277246 (1457074) session_ INFO    Starting analysis session with session id 'session_0' (launcher: <local>) ...
2026-02-23 13:40:01.281317 (1457074) session_ INFO    Analysis session with session id 'session_0' started (pid: 1457222)
2026-02-23 13:40:01.844882 (1457074) session_ INFO    Analysis session 'session_0' connected to the console (host: 127.0.0.1:50286)
2026-02-23 13:40:02.651877 (1457074) lic__man INFO    Unclaim everything for 'session_0'.
2026-02-23 13:40:02.697104 (1457074) lic__man INFO    Claim 'fpv' for 'session_0'.
2026-02-23 13:40:02.697147 (1457074) lic__man INFO    Claim 'fpv' for 'session_0/prove-0'.
2026-02-23 13:40:03.409047 (1457074) lic__man INFO    Unclaim everything for 'session_0/prove-0'.
2026-02-23 13:40:03.463505 (1457074) main____ INFO    About to exit: request to exit with status 0 received from analysis session 'session_0'
2026-02-23 13:40:03.528742 (1457074) session_ INFO    Analysis session 'session_0' disconnected.
2026-02-23 13:40:03.528886 (1457074) lic__man INFO    Unclaim everything for 'session_0'.
2026-02-23 13:40:03.529647 (1457074) session_ INFO    Process for analysis session 'session_0' has exited with exit status '0'.
2026-02-23 13:40:05.570010 (1457074) lic_core INFO    (2) checkin jasper_fao
2026-02-23 13:40:05.571688 (1457074) main____ INFO    Exiting with status 0.
