2026-02-20 17:53:07.907357 (2560792) main____ INFO    ----------------------------------------
2026-02-20 17:53:07.907476 (2560792) main____ INFO    JasperGold version info
2026-02-20 17:53:07.907497 (2560792) main____ INFO      tool      : JasperGold 2021.03
2026-02-20 17:53:07.907506 (2560792) main____ INFO      version   : 2021.03 FCS 64 bits
2026-02-20 17:53:07.907511 (2560792) main____ INFO      build date: 2021.03.23 02:50:43 UTC
2026-02-20 17:53:07.907516 (2560792) main____ INFO    ----------------------------------------
2026-02-20 17:53:07.907520 (2560792) main____ INFO    Runtime info:
2026-02-20 17:53:07.907524 (2560792) main____ INFO      platform  : Linux 5.14.0-570.84.1.el9_6.x86_64 x86_64
2026-02-20 17:53:07.907530 (2560792) main____ INFO      hostname  : della-i13n22
2026-02-20 17:53:07.907535 (2560792) main____ INFO      pid       : 2560792
2026-02-20 17:53:07.907539 (2560792) main____ INFO      arguments : '-style' 'windows' '-batch' '-proj' 'verification_results/00533/jgproject' '-tcl' './jasper_verif_check.tcl'
2026-02-20 17:53:07.907547 (2560792) main____ INFO      locale    : UTF-8
2026-02-20 17:53:07.907551 (2560792) main____ INFO    ----------------------------------------
2026-02-20 17:53:07.907555 (2560792) main____ INFO    System resource limits info:
2026-02-20 17:53:07.907559 (2560792) main____ INFO      virtual memory: unlimited
2026-02-20 17:53:07.907563 (2560792) main____ INFO      cpu time      : unlimited
2026-02-20 17:53:07.907567 (2560792) main____ INFO      stack size    : unlimited
2026-02-20 17:53:07.907571 (2560792) main____ INFO      core file size: unlimited
2026-02-20 17:53:07.907578 (2560792) main____ INFO      open files    : 131072
2026-02-20 17:53:07.907582 (2560792) main____ INFO      file size     : unlimited
2026-02-20 17:53:07.907586 (2560792) main____ INFO    ----------------------------------------
2026-02-20 17:53:07.907590 (2560792) main____ INFO    Memory statistics:
2026-02-20 17:53:07.907594 (2560792) main____ INFO      total physical memory  : 394157548 kB
2026-02-20 17:53:07.907598 (2560792) main____ INFO      free physical memory   : 188143416 kB
2026-02-20 17:53:07.907602 (2560792) main____ INFO      committed address space: 170494344 kB
2026-02-20 17:53:07.907605 (2560792) main____ INFO    ----------------------------------------
2026-02-20 17:53:07.908499 (2560792) main____ INFO    Important environment variables:
2026-02-20 17:53:07.908518 (2560792) main____ INFO      JASPER_HOME       : '/usr/licensed/cadence-20210126/jasper_2021.03'
2026-02-20 17:53:07.908524 (2560792) main____ INFO      JASPER_INSTALL_DIR: '/scratch/gpfs/LICENSED/x86_64/cadence-20210126/jasper_2021.03'
2026-02-20 17:53:07.908529 (2560792) main____ INFO      LANG              : 'en_US.UTF-8'
2026-02-20 17:53:07.908534 (2560792) main____ INFO      LM_LICENSE_FILE   : '5280@license.rc.princeton.edu'
2026-02-20 17:53:07.908538 (2560792) main____ INFO      TMPDIR            : '/tmp'
2026-02-20 17:53:07.908542 (2560792) main____ INFO    ----------------------------------------
2026-02-20 17:53:07.909490 (2560792) lic_core INFO    Initializing license system ...
2026-02-20 17:53:07.910047 (2560792) lic_core INFO    ... license system initialized.
2026-02-20 17:53:07.910931 (2560792) lic__man INFO    Claim 'fpv' for <ui>.
2026-02-20 17:53:07.910981 (2560792) lic_core INFO    (1) checking out 'jasper_fpv' ...
2026-02-20 17:53:07.916531 (2560792) lic_core INFO    ... (1) checkout failed (error: -5) ("FLEXnet ERROR(-5, 0, 0): No such feature exists.")
2026-02-20 17:53:07.916590 (2560792) lic_core INFO    (2) checking out 'jasper_fao' ...
2026-02-20 17:53:07.926992 (2560792) lic_core INFO    ... (2) checkout succeeded
2026-02-20 17:53:07.943696 (2560792) session_ INFO    Starting analysis session with session id 'session_0' (launcher: <local>) ...
2026-02-20 17:53:07.947107 (2560792) session_ INFO    Analysis session with session id 'session_0' started (pid: 2560800)
2026-02-20 17:53:08.704252 (2560792) session_ INFO    Analysis session 'session_0' connected to the console (host: 127.0.0.1:49232)
2026-02-20 17:53:09.550722 (2560792) lic__man INFO    Unclaim everything for 'session_0'.
2026-02-20 17:53:09.597657 (2560792) lic__man INFO    Claim 'fpv' for 'session_0'.
2026-02-20 17:53:09.597733 (2560792) lic__man INFO    Claim 'fpv' for 'session_0/prove-0'.
2026-02-20 17:53:09.747695 (2560792) lic__man INFO    Unclaim everything for 'session_0/prove-0'.
2026-02-20 17:53:09.809555 (2560792) main____ INFO    About to exit: request to exit with status 0 received from analysis session 'session_0'
2026-02-20 17:53:09.936617 (2560792) session_ INFO    Analysis session 'session_0' disconnected.
2026-02-20 17:53:09.936764 (2560792) lic__man INFO    Unclaim everything for 'session_0'.
2026-02-20 17:53:09.937415 (2560792) session_ INFO    Process for analysis session 'session_0' has exited with exit status '0'.
2026-02-20 17:53:11.918877 (2560792) lic_core INFO    (2) checkin jasper_fao
2026-02-20 17:53:11.920318 (2560792) main____ INFO    Exiting with status 0.
