2026-02-20 16:51:42.342481 (2497771) main____ INFO    ----------------------------------------
2026-02-20 16:51:42.342603 (2497771) main____ INFO    JasperGold version info
2026-02-20 16:51:42.342622 (2497771) main____ INFO      tool      : JasperGold 2021.03
2026-02-20 16:51:42.342632 (2497771) main____ INFO      version   : 2021.03 FCS 64 bits
2026-02-20 16:51:42.342637 (2497771) main____ INFO      build date: 2021.03.23 02:50:43 UTC
2026-02-20 16:51:42.342641 (2497771) main____ INFO    ----------------------------------------
2026-02-20 16:51:42.342645 (2497771) main____ INFO    Runtime info:
2026-02-20 16:51:42.342649 (2497771) main____ INFO      platform  : Linux 5.14.0-570.84.1.el9_6.x86_64 x86_64
2026-02-20 16:51:42.342656 (2497771) main____ INFO      hostname  : della-i13n22
2026-02-20 16:51:42.342661 (2497771) main____ INFO      pid       : 2497771
2026-02-20 16:51:42.342665 (2497771) main____ INFO      arguments : '-style' 'windows' '-batch' '-proj' 'verification_results/00097/jgproject' '-tcl' './jasper_verif_check.tcl'
2026-02-20 16:51:42.342675 (2497771) main____ INFO      locale    : UTF-8
2026-02-20 16:51:42.342679 (2497771) main____ INFO    ----------------------------------------
2026-02-20 16:51:42.342683 (2497771) main____ INFO    System resource limits info:
2026-02-20 16:51:42.342687 (2497771) main____ INFO      virtual memory: unlimited
2026-02-20 16:51:42.342691 (2497771) main____ INFO      cpu time      : unlimited
2026-02-20 16:51:42.342695 (2497771) main____ INFO      stack size    : unlimited
2026-02-20 16:51:42.342699 (2497771) main____ INFO      core file size: unlimited
2026-02-20 16:51:42.342707 (2497771) main____ INFO      open files    : 131072
2026-02-20 16:51:42.342711 (2497771) main____ INFO      file size     : unlimited
2026-02-20 16:51:42.342715 (2497771) main____ INFO    ----------------------------------------
2026-02-20 16:51:42.342719 (2497771) main____ INFO    Memory statistics:
2026-02-20 16:51:42.342723 (2497771) main____ INFO      total physical memory  : 394157548 kB
2026-02-20 16:51:42.342726 (2497771) main____ INFO      free physical memory   : 207083812 kB
2026-02-20 16:51:42.342730 (2497771) main____ INFO      committed address space: 152090400 kB
2026-02-20 16:51:42.342734 (2497771) main____ INFO    ----------------------------------------
2026-02-20 16:51:42.343634 (2497771) main____ INFO    Important environment variables:
2026-02-20 16:51:42.343660 (2497771) main____ INFO      JASPER_HOME       : '/usr/licensed/cadence-20210126/jasper_2021.03'
2026-02-20 16:51:42.343666 (2497771) main____ INFO      JASPER_INSTALL_DIR: '/scratch/gpfs/LICENSED/x86_64/cadence-20210126/jasper_2021.03'
2026-02-20 16:51:42.343672 (2497771) main____ INFO      LANG              : 'en_US.UTF-8'
2026-02-20 16:51:42.343677 (2497771) main____ INFO      LM_LICENSE_FILE   : '5280@license.rc.princeton.edu'
2026-02-20 16:51:42.343681 (2497771) main____ INFO      TMPDIR            : '/tmp'
2026-02-20 16:51:42.343685 (2497771) main____ INFO    ----------------------------------------
2026-02-20 16:51:42.344237 (2497771) lic_core INFO    Initializing license system ...
2026-02-20 16:51:42.345710 (2497771) lic_core INFO    ... license system initialized.
2026-02-20 16:51:42.346534 (2497771) lic__man INFO    Claim 'fpv' for <ui>.
2026-02-20 16:51:42.346583 (2497771) lic_core INFO    (1) checking out 'jasper_fpv' ...
2026-02-20 16:51:42.352393 (2497771) lic_core INFO    ... (1) checkout failed (error: -5) ("FLEXnet ERROR(-5, 0, 0): No such feature exists.")
2026-02-20 16:51:42.352447 (2497771) lic_core INFO    (2) checking out 'jasper_fao' ...
2026-02-20 16:51:42.362406 (2497771) lic_core INFO    ... (2) checkout succeeded
2026-02-20 16:51:42.377270 (2497771) session_ INFO    Starting analysis session with session id 'session_0' (launcher: <local>) ...
2026-02-20 16:51:42.380613 (2497771) session_ INFO    Analysis session with session id 'session_0' started (pid: 2497780)
2026-02-20 16:51:43.173468 (2497771) session_ INFO    Analysis session 'session_0' connected to the console (host: 127.0.0.1:42042)
2026-02-20 16:51:43.749502 (2497771) main____ INFO    About to exit: request to exit with status 1 received from analysis session 'session_0'
2026-02-20 16:51:43.835842 (2497771) session_ INFO    Analysis session 'session_0' disconnected.
2026-02-20 16:51:43.835976 (2497771) lic__man INFO    Unclaim everything for 'session_0'.
2026-02-20 16:51:43.836757 (2497771) session_ INFO    Process for analysis session 'session_0' has exited with exit status '1'.
2026-02-20 16:51:45.653987 (2497771) lic_core INFO    (2) checkin jasper_fao
2026-02-20 16:51:45.655460 (2497771) main____ INFO    Exiting with status 1.
