2026-02-23 13:39:47.001132 (467068) main____ INFO    ----------------------------------------
2026-02-23 13:39:47.001211 (467068) main____ INFO    JasperGold version info
2026-02-23 13:39:47.001230 (467068) main____ INFO      tool      : JasperGold 2021.03
2026-02-23 13:39:47.001239 (467068) main____ INFO      version   : 2021.03 FCS 64 bits
2026-02-23 13:39:47.001245 (467068) main____ INFO      build date: 2021.03.23 02:50:43 UTC
2026-02-23 13:39:47.001250 (467068) main____ INFO    ----------------------------------------
2026-02-23 13:39:47.001254 (467068) main____ INFO    Runtime info:
2026-02-23 13:39:47.001260 (467068) main____ INFO      platform  : Linux 5.14.0-570.84.1.el9_6.x86_64 x86_64
2026-02-23 13:39:47.001266 (467068) main____ INFO      hostname  : della-h16n3
2026-02-23 13:39:47.001271 (467068) main____ INFO      pid       : 467068
2026-02-23 13:39:47.001276 (467068) main____ INFO      arguments : '-style' 'windows' '-batch' '-proj' './verification_results/01127/jgproject' '-tcl' './jasper_verif_check.tcl'
2026-02-23 13:39:47.001284 (467068) main____ INFO      locale    : UTF-8
2026-02-23 13:39:47.001288 (467068) main____ INFO    ----------------------------------------
2026-02-23 13:39:47.001293 (467068) main____ INFO    System resource limits info:
2026-02-23 13:39:47.001298 (467068) main____ INFO      virtual memory: unlimited
2026-02-23 13:39:47.001303 (467068) main____ INFO      cpu time      : unlimited
2026-02-23 13:39:47.001308 (467068) main____ INFO      stack size    : unlimited
2026-02-23 13:39:47.001313 (467068) main____ INFO      core file size: unlimited
2026-02-23 13:39:47.001320 (467068) main____ INFO      open files    : 131072
2026-02-23 13:39:47.001325 (467068) main____ INFO      file size     : unlimited
2026-02-23 13:39:47.001330 (467068) main____ INFO    ----------------------------------------
2026-02-23 13:39:47.001335 (467068) main____ INFO    Memory statistics:
2026-02-23 13:39:47.001340 (467068) main____ INFO      total physical memory  : 1584164344 kB
2026-02-23 13:39:47.001345 (467068) main____ INFO      free physical memory   : 949627072 kB
2026-02-23 13:39:47.001349 (467068) main____ INFO      committed address space: 591964676 kB
2026-02-23 13:39:47.001354 (467068) main____ INFO    ----------------------------------------
2026-02-23 13:39:47.001889 (467068) main____ INFO    Important environment variables:
2026-02-23 13:39:47.001902 (467068) main____ INFO      JASPER_HOME       : '/usr/licensed/cadence-20210126/jasper_2021.03'
2026-02-23 13:39:47.001908 (467068) main____ INFO      JASPER_INSTALL_DIR: '/scratch/gpfs/LICENSED/x86_64/cadence-20210126/jasper_2021.03'
2026-02-23 13:39:47.001914 (467068) main____ INFO      LANG              : 'en_US.UTF-8'
2026-02-23 13:39:47.001919 (467068) main____ INFO      LM_LICENSE_FILE   : '5280@license.rc.princeton.edu'
2026-02-23 13:39:47.001925 (467068) main____ INFO      TMPDIR            : '/tmp/ab2113/jg_5018818_15'
2026-02-23 13:39:47.001930 (467068) main____ INFO    ----------------------------------------
2026-02-23 13:39:47.002403 (467068) lic_core INFO    Initializing license system ...
2026-02-23 13:39:47.002905 (467068) lic_core INFO    ... license system initialized.
2026-02-23 13:39:47.003633 (467068) lic__man INFO    Claim 'fpv' for <ui>.
2026-02-23 13:39:47.003666 (467068) lic_core INFO    (1) checking out 'jasper_fpv' ...
2026-02-23 13:39:47.008783 (467068) lic_core INFO    ... (1) checkout failed (error: -5) ("FLEXnet ERROR(-5, 0, 0): No such feature exists.")
2026-02-23 13:39:47.008812 (467068) lic_core INFO    (2) checking out 'jasper_fao' ...
2026-02-23 13:39:47.017685 (467068) lic_core INFO    ... (2) checkout succeeded
2026-02-23 13:39:47.028627 (467068) session_ INFO    Starting analysis session with session id 'session_0' (launcher: <local>) ...
2026-02-23 13:39:47.032014 (467068) session_ INFO    Analysis session with session id 'session_0' started (pid: 467229)
2026-02-23 13:39:47.571590 (467068) session_ INFO    Analysis session 'session_0' connected to the console (host: 127.0.0.1:40688)
2026-02-23 13:39:48.571894 (467068) lic__man INFO    Unclaim everything for 'session_0'.
2026-02-23 13:39:48.615247 (467068) lic__man INFO    Claim 'fpv' for 'session_0'.
2026-02-23 13:39:48.615285 (467068) lic__man INFO    Claim 'fpv' for 'session_0/prove-0'.
2026-02-23 13:39:48.811249 (467068) lic__man INFO    Unclaim everything for 'session_0/prove-0'.
2026-02-23 13:39:48.866918 (467068) main____ INFO    About to exit: request to exit with status 0 received from analysis session 'session_0'
2026-02-23 13:39:48.936784 (467068) session_ INFO    Analysis session 'session_0' disconnected.
2026-02-23 13:39:48.936935 (467068) lic__man INFO    Unclaim everything for 'session_0'.
2026-02-23 13:39:48.937723 (467068) session_ INFO    Process for analysis session 'session_0' has exited with exit status '0'.
2026-02-23 13:39:50.787288 (467068) lic_core INFO    (2) checkin jasper_fao
2026-02-23 13:39:50.788889 (467068) main____ INFO    Exiting with status 0.
