2026-02-23 14:13:10.357294 (1964183) main____ INFO    ----------------------------------------
2026-02-23 14:13:10.357376 (1964183) main____ INFO    JasperGold version info
2026-02-23 14:13:10.357393 (1964183) main____ INFO      tool      : JasperGold 2021.03
2026-02-23 14:13:10.357401 (1964183) main____ INFO      version   : 2021.03 FCS 64 bits
2026-02-23 14:13:10.357406 (1964183) main____ INFO      build date: 2021.03.23 02:50:43 UTC
2026-02-23 14:13:10.357410 (1964183) main____ INFO    ----------------------------------------
2026-02-23 14:13:10.357415 (1964183) main____ INFO    Runtime info:
2026-02-23 14:13:10.357420 (1964183) main____ INFO      platform  : Linux 5.14.0-570.84.1.el9_6.x86_64 x86_64
2026-02-23 14:13:10.357425 (1964183) main____ INFO      hostname  : della-r3c1n5
2026-02-23 14:13:10.357430 (1964183) main____ INFO      pid       : 1964183
2026-02-23 14:13:10.357434 (1964183) main____ INFO      arguments : '-style' 'windows' '-batch' '-proj' './verification_results/01870/jgproject' '-tcl' './jasper_verif_check.tcl'
2026-02-23 14:13:10.357442 (1964183) main____ INFO      locale    : UTF-8
2026-02-23 14:13:10.357446 (1964183) main____ INFO    ----------------------------------------
2026-02-23 14:13:10.357450 (1964183) main____ INFO    System resource limits info:
2026-02-23 14:13:10.357455 (1964183) main____ INFO      virtual memory: unlimited
2026-02-23 14:13:10.357459 (1964183) main____ INFO      cpu time      : unlimited
2026-02-23 14:13:10.357463 (1964183) main____ INFO      stack size    : unlimited
2026-02-23 14:13:10.357468 (1964183) main____ INFO      core file size: unlimited
2026-02-23 14:13:10.357474 (1964183) main____ INFO      open files    : 131072
2026-02-23 14:13:10.357479 (1964183) main____ INFO      file size     : unlimited
2026-02-23 14:13:10.357483 (1964183) main____ INFO    ----------------------------------------
2026-02-23 14:13:10.357487 (1964183) main____ INFO    Memory statistics:
2026-02-23 14:13:10.357491 (1964183) main____ INFO      total physical memory  : 195972056 kB
2026-02-23 14:13:10.357496 (1964183) main____ INFO      free physical memory   : 140423808 kB
2026-02-23 14:13:10.357500 (1964183) main____ INFO      committed address space: 52016704 kB
2026-02-23 14:13:10.357503 (1964183) main____ INFO    ----------------------------------------
2026-02-23 14:13:10.358455 (1964183) main____ INFO    Important environment variables:
2026-02-23 14:13:10.358469 (1964183) main____ INFO      JASPER_HOME       : '/usr/licensed/cadence-20210126/jasper_2021.03'
2026-02-23 14:13:10.358475 (1964183) main____ INFO      JASPER_INSTALL_DIR: '/scratch/gpfs/LICENSED/x86_64/cadence-20210126/jasper_2021.03'
2026-02-23 14:13:10.358480 (1964183) main____ INFO      LANG              : 'en_US.UTF-8'
2026-02-23 14:13:10.358485 (1964183) main____ INFO      LM_LICENSE_FILE   : '5280@license.rc.princeton.edu'
2026-02-23 14:13:10.358490 (1964183) main____ INFO      TMPDIR            : '/tmp/ab2113/jg_5018862_30'
2026-02-23 14:13:10.358495 (1964183) main____ INFO    ----------------------------------------
2026-02-23 14:13:10.358912 (1964183) lic_core INFO    Initializing license system ...
2026-02-23 14:13:10.359708 (1964183) lic_core INFO    ... license system initialized.
2026-02-23 14:13:10.360449 (1964183) lic__man INFO    Claim 'fpv' for <ui>.
2026-02-23 14:13:10.360485 (1964183) lic_core INFO    (1) checking out 'jasper_fpv' ...
2026-02-23 14:13:10.365773 (1964183) lic_core INFO    ... (1) checkout failed (error: -5) ("FLEXnet ERROR(-5, 0, 0): No such feature exists.")
2026-02-23 14:13:10.365801 (1964183) lic_core INFO    (2) checking out 'jasper_fao' ...
2026-02-23 14:13:10.375977 (1964183) lic_core INFO    ... (2) checkout succeeded
2026-02-23 14:13:10.389946 (1964183) session_ INFO    Starting analysis session with session id 'session_0' (launcher: <local>) ...
2026-02-23 14:13:10.392842 (1964183) session_ INFO    Analysis session with session id 'session_0' started (pid: 1964191)
2026-02-23 14:13:11.062712 (1964183) session_ INFO    Analysis session 'session_0' connected to the console (host: 127.0.0.1:55412)
2026-02-23 14:13:11.665238 (1964183) main____ INFO    About to exit: request to exit with status 1 received from analysis session 'session_0'
2026-02-23 14:13:11.738292 (1964183) session_ INFO    Analysis session 'session_0' disconnected.
2026-02-23 14:13:11.738427 (1964183) lic__man INFO    Unclaim everything for 'session_0'.
2026-02-23 14:13:11.739610 (1964183) session_ INFO    Process for analysis session 'session_0' has exited with exit status '1'.
2026-02-23 14:13:13.593931 (1964183) lic_core INFO    (2) checkin jasper_fao
2026-02-23 14:13:13.595370 (1964183) main____ INFO    Exiting with status 1.
