2026-02-23 13:37:58.256798 (1437069) main____ INFO    ----------------------------------------
2026-02-23 13:37:58.256877 (1437069) main____ INFO    JasperGold version info
2026-02-23 13:37:58.256892 (1437069) main____ INFO      tool      : JasperGold 2021.03
2026-02-23 13:37:58.256901 (1437069) main____ INFO      version   : 2021.03 FCS 64 bits
2026-02-23 13:37:58.256907 (1437069) main____ INFO      build date: 2021.03.23 02:50:43 UTC
2026-02-23 13:37:58.256912 (1437069) main____ INFO    ----------------------------------------
2026-02-23 13:37:58.256918 (1437069) main____ INFO    Runtime info:
2026-02-23 13:37:58.256924 (1437069) main____ INFO      platform  : Linux 5.14.0-570.84.1.el9_6.x86_64 x86_64
2026-02-23 13:37:58.256932 (1437069) main____ INFO      hostname  : della-h14n5
2026-02-23 13:37:58.256938 (1437069) main____ INFO      pid       : 1437069
2026-02-23 13:37:58.256943 (1437069) main____ INFO      arguments : '-style' 'windows' '-batch' '-proj' './verification_results/00543/jgproject' '-tcl' './jasper_verif_check.tcl'
2026-02-23 13:37:58.256952 (1437069) main____ INFO      locale    : UTF-8
2026-02-23 13:37:58.256957 (1437069) main____ INFO    ----------------------------------------
2026-02-23 13:37:58.256962 (1437069) main____ INFO    System resource limits info:
2026-02-23 13:37:58.256967 (1437069) main____ INFO      virtual memory: unlimited
2026-02-23 13:37:58.256974 (1437069) main____ INFO      cpu time      : unlimited
2026-02-23 13:37:58.256979 (1437069) main____ INFO      stack size    : unlimited
2026-02-23 13:37:58.256984 (1437069) main____ INFO      core file size: unlimited
2026-02-23 13:37:58.256991 (1437069) main____ INFO      open files    : 131072
2026-02-23 13:37:58.256997 (1437069) main____ INFO      file size     : unlimited
2026-02-23 13:37:58.257003 (1437069) main____ INFO    ----------------------------------------
2026-02-23 13:37:58.257010 (1437069) main____ INFO    Memory statistics:
2026-02-23 13:37:58.257017 (1437069) main____ INFO      total physical memory  : 1584164368 kB
2026-02-23 13:37:58.257022 (1437069) main____ INFO      free physical memory   : 701953140 kB
2026-02-23 13:37:58.257027 (1437069) main____ INFO      committed address space: 534335640 kB
2026-02-23 13:37:58.257032 (1437069) main____ INFO    ----------------------------------------
2026-02-23 13:37:58.257588 (1437069) main____ INFO    Important environment variables:
2026-02-23 13:37:58.257603 (1437069) main____ INFO      JASPER_HOME       : '/usr/licensed/cadence-20210126/jasper_2021.03'
2026-02-23 13:37:58.257611 (1437069) main____ INFO      JASPER_INSTALL_DIR: '/scratch/gpfs/LICENSED/x86_64/cadence-20210126/jasper_2021.03'
2026-02-23 13:37:58.257617 (1437069) main____ INFO      LANG              : 'en_US.UTF-8'
2026-02-23 13:37:58.257623 (1437069) main____ INFO      LM_LICENSE_FILE   : '5280@license.rc.princeton.edu'
2026-02-23 13:37:58.257630 (1437069) main____ INFO      TMPDIR            : '/tmp/ab2113/jg_5018699_3'
2026-02-23 13:37:58.257635 (1437069) main____ INFO    ----------------------------------------
2026-02-23 13:37:58.258128 (1437069) lic_core INFO    Initializing license system ...
2026-02-23 13:37:58.258683 (1437069) lic_core INFO    ... license system initialized.
2026-02-23 13:37:58.259476 (1437069) lic__man INFO    Claim 'fpv' for <ui>.
2026-02-23 13:37:58.259510 (1437069) lic_core INFO    (1) checking out 'jasper_fpv' ...
2026-02-23 13:37:58.265318 (1437069) lic_core INFO    ... (1) checkout failed (error: -5) ("FLEXnet ERROR(-5, 0, 0): No such feature exists.")
2026-02-23 13:37:58.265349 (1437069) lic_core INFO    (2) checking out 'jasper_fao' ...
2026-02-23 13:37:58.274500 (1437069) lic_core INFO    ... (2) checkout succeeded
2026-02-23 13:37:58.284890 (1437069) session_ INFO    Starting analysis session with session id 'session_0' (launcher: <local>) ...
2026-02-23 13:37:58.288033 (1437069) session_ INFO    Analysis session with session id 'session_0' started (pid: 1437077)
2026-02-23 13:37:58.852616 (1437069) session_ INFO    Analysis session 'session_0' connected to the console (host: 127.0.0.1:35350)
2026-02-23 13:37:59.416527 (1437069) main____ INFO    About to exit: request to exit with status 1 received from analysis session 'session_0'
2026-02-23 13:37:59.470266 (1437069) session_ INFO    Analysis session 'session_0' disconnected.
2026-02-23 13:37:59.470398 (1437069) lic__man INFO    Unclaim everything for 'session_0'.
2026-02-23 13:37:59.471210 (1437069) session_ INFO    Process for analysis session 'session_0' has exited with exit status '1'.
2026-02-23 13:38:01.522401 (1437069) lic_core INFO    (2) checkin jasper_fao
2026-02-23 13:38:01.524212 (1437069) main____ INFO    Exiting with status 1.
