2026-02-23 13:47:40.761250 (134918) main____ INFO    ----------------------------------------
2026-02-23 13:47:40.761323 (134918) main____ INFO    JasperGold version info
2026-02-23 13:47:40.761340 (134918) main____ INFO      tool      : JasperGold 2021.03
2026-02-23 13:47:40.761348 (134918) main____ INFO      version   : 2021.03 FCS 64 bits
2026-02-23 13:47:40.761355 (134918) main____ INFO      build date: 2021.03.23 02:50:43 UTC
2026-02-23 13:47:40.761360 (134918) main____ INFO    ----------------------------------------
2026-02-23 13:47:40.761366 (134918) main____ INFO    Runtime info:
2026-02-23 13:47:40.761371 (134918) main____ INFO      platform  : Linux 5.14.0-570.84.1.el9_6.x86_64 x86_64
2026-02-23 13:47:40.761378 (134918) main____ INFO      hostname  : della-h14n2
2026-02-23 13:47:40.761385 (134918) main____ INFO      pid       : 134918
2026-02-23 13:47:40.761391 (134918) main____ INFO      arguments : '-style' 'windows' '-batch' '-proj' './verification_results/02398/jgproject' '-tcl' './jasper_verif_check.tcl'
2026-02-23 13:47:40.761400 (134918) main____ INFO      locale    : UTF-8
2026-02-23 13:47:40.761405 (134918) main____ INFO    ----------------------------------------
2026-02-23 13:47:40.761410 (134918) main____ INFO    System resource limits info:
2026-02-23 13:47:40.761415 (134918) main____ INFO      virtual memory: unlimited
2026-02-23 13:47:40.761420 (134918) main____ INFO      cpu time      : unlimited
2026-02-23 13:47:40.761425 (134918) main____ INFO      stack size    : unlimited
2026-02-23 13:47:40.761430 (134918) main____ INFO      core file size: unlimited
2026-02-23 13:47:40.761437 (134918) main____ INFO      open files    : 131072
2026-02-23 13:47:40.761443 (134918) main____ INFO      file size     : unlimited
2026-02-23 13:47:40.761447 (134918) main____ INFO    ----------------------------------------
2026-02-23 13:47:40.761452 (134918) main____ INFO    Memory statistics:
2026-02-23 13:47:40.761458 (134918) main____ INFO      total physical memory  : 1584164328 kB
2026-02-23 13:47:40.761463 (134918) main____ INFO      free physical memory   : 743150820 kB
2026-02-23 13:47:40.761468 (134918) main____ INFO      committed address space: 682363280 kB
2026-02-23 13:47:40.761474 (134918) main____ INFO    ----------------------------------------
2026-02-23 13:47:40.761992 (134918) main____ INFO    Important environment variables:
2026-02-23 13:47:40.762006 (134918) main____ INFO      JASPER_HOME       : '/usr/licensed/cadence-20210126/jasper_2021.03'
2026-02-23 13:47:40.762012 (134918) main____ INFO      JASPER_INSTALL_DIR: '/scratch/gpfs/LICENSED/x86_64/cadence-20210126/jasper_2021.03'
2026-02-23 13:47:40.762019 (134918) main____ INFO      LANG              : 'en_US.UTF-8'
2026-02-23 13:47:40.762025 (134918) main____ INFO      LM_LICENSE_FILE   : '5280@license.rc.princeton.edu'
2026-02-23 13:47:40.762031 (134918) main____ INFO      TMPDIR            : '/tmp/ab2113/jg_5018912_40'
2026-02-23 13:47:40.762035 (134918) main____ INFO    ----------------------------------------
2026-02-23 13:47:40.762438 (134918) lic_core INFO    Initializing license system ...
2026-02-23 13:47:40.762998 (134918) lic_core INFO    ... license system initialized.
2026-02-23 13:47:40.763764 (134918) lic__man INFO    Claim 'fpv' for <ui>.
2026-02-23 13:47:40.763798 (134918) lic_core INFO    (1) checking out 'jasper_fpv' ...
2026-02-23 13:47:40.770054 (134918) lic_core INFO    ... (1) checkout failed (error: -5) ("FLEXnet ERROR(-5, 0, 0): No such feature exists.")
2026-02-23 13:47:40.770082 (134918) lic_core INFO    (2) checking out 'jasper_fao' ...
2026-02-23 13:47:40.779235 (134918) lic_core INFO    ... (2) checkout succeeded
2026-02-23 13:47:40.791195 (134918) session_ INFO    Starting analysis session with session id 'session_0' (launcher: <local>) ...
2026-02-23 13:47:40.794420 (134918) session_ INFO    Analysis session with session id 'session_0' started (pid: 134938)
2026-02-23 13:47:41.384908 (134918) session_ INFO    Analysis session 'session_0' connected to the console (host: 127.0.0.1:51102)
2026-02-23 13:47:42.154006 (134918) lic__man INFO    Unclaim everything for 'session_0'.
2026-02-23 13:47:42.189280 (134918) lic__man INFO    Claim 'fpv' for 'session_0'.
2026-02-23 13:47:42.189322 (134918) lic__man INFO    Claim 'fpv' for 'session_0/prove-0'.
2026-02-23 13:47:42.352454 (134918) lic__man INFO    Unclaim everything for 'session_0/prove-0'.
2026-02-23 13:47:42.405902 (134918) main____ INFO    About to exit: request to exit with status 0 received from analysis session 'session_0'
2026-02-23 13:47:42.467757 (134918) session_ INFO    Analysis session 'session_0' disconnected.
2026-02-23 13:47:42.467896 (134918) lic__man INFO    Unclaim everything for 'session_0'.
2026-02-23 13:47:42.468804 (134918) session_ INFO    Process for analysis session 'session_0' has exited with exit status '0'.
2026-02-23 13:47:44.469101 (134918) lic_core INFO    (2) checkin jasper_fao
2026-02-23 13:47:44.470597 (134918) main____ INFO    Exiting with status 0.
