2026-02-23 13:59:52.586011 (2625651) main____ INFO    ----------------------------------------
2026-02-23 13:59:52.586100 (2625651) main____ INFO    JasperGold version info
2026-02-23 13:59:52.586118 (2625651) main____ INFO      tool      : JasperGold 2021.03
2026-02-23 13:59:52.586127 (2625651) main____ INFO      version   : 2021.03 FCS 64 bits
2026-02-23 13:59:52.586132 (2625651) main____ INFO      build date: 2021.03.23 02:50:43 UTC
2026-02-23 13:59:52.586136 (2625651) main____ INFO    ----------------------------------------
2026-02-23 13:59:52.586146 (2625651) main____ INFO    Runtime info:
2026-02-23 13:59:52.586151 (2625651) main____ INFO      platform  : Linux 5.14.0-570.84.1.el9_6.x86_64 x86_64
2026-02-23 13:59:52.586157 (2625651) main____ INFO      hostname  : della-r3c1n7
2026-02-23 13:59:52.586161 (2625651) main____ INFO      pid       : 2625651
2026-02-23 13:59:52.586166 (2625651) main____ INFO      arguments : '-style' 'windows' '-batch' '-proj' './verification_results/04544/jgproject' '-tcl' './jasper_verif_check.tcl'
2026-02-23 13:59:52.586173 (2625651) main____ INFO      locale    : UTF-8
2026-02-23 13:59:52.586178 (2625651) main____ INFO    ----------------------------------------
2026-02-23 13:59:52.586182 (2625651) main____ INFO    System resource limits info:
2026-02-23 13:59:52.586186 (2625651) main____ INFO      virtual memory: unlimited
2026-02-23 13:59:52.586191 (2625651) main____ INFO      cpu time      : unlimited
2026-02-23 13:59:52.586195 (2625651) main____ INFO      stack size    : unlimited
2026-02-23 13:59:52.586199 (2625651) main____ INFO      core file size: unlimited
2026-02-23 13:59:52.586206 (2625651) main____ INFO      open files    : 131072
2026-02-23 13:59:52.586210 (2625651) main____ INFO      file size     : unlimited
2026-02-23 13:59:52.586214 (2625651) main____ INFO    ----------------------------------------
2026-02-23 13:59:52.586218 (2625651) main____ INFO    Memory statistics:
2026-02-23 13:59:52.586223 (2625651) main____ INFO      total physical memory  : 195972072 kB
2026-02-23 13:59:52.586227 (2625651) main____ INFO      free physical memory   : 153916996 kB
2026-02-23 13:59:52.586231 (2625651) main____ INFO      committed address space: 44303884 kB
2026-02-23 13:59:52.586235 (2625651) main____ INFO    ----------------------------------------
2026-02-23 13:59:52.587196 (2625651) main____ INFO    Important environment variables:
2026-02-23 13:59:52.587211 (2625651) main____ INFO      JASPER_HOME       : '/usr/licensed/cadence-20210126/jasper_2021.03'
2026-02-23 13:59:52.587217 (2625651) main____ INFO      JASPER_INSTALL_DIR: '/scratch/gpfs/LICENSED/x86_64/cadence-20210126/jasper_2021.03'
2026-02-23 13:59:52.587222 (2625651) main____ INFO      LANG              : 'en_US.UTF-8'
2026-02-23 13:59:52.587227 (2625651) main____ INFO      LM_LICENSE_FILE   : '5280@license.rc.princeton.edu'
2026-02-23 13:59:52.587232 (2625651) main____ INFO      TMPDIR            : '/tmp/ab2113/jg_5019170_83'
2026-02-23 13:59:52.587236 (2625651) main____ INFO    ----------------------------------------
2026-02-23 13:59:52.588043 (2625651) lic_core INFO    Initializing license system ...
2026-02-23 13:59:52.588863 (2625651) lic_core INFO    ... license system initialized.
2026-02-23 13:59:52.589591 (2625651) lic__man INFO    Claim 'fpv' for <ui>.
2026-02-23 13:59:52.589626 (2625651) lic_core INFO    (1) checking out 'jasper_fpv' ...
2026-02-23 13:59:52.595881 (2625651) lic_core INFO    ... (1) checkout failed (error: -5) ("FLEXnet ERROR(-5, 0, 0): No such feature exists.")
2026-02-23 13:59:52.595922 (2625651) lic_core INFO    (2) checking out 'jasper_fao' ...
2026-02-23 13:59:52.606690 (2625651) lic_core INFO    ... (2) checkout succeeded
2026-02-23 13:59:52.622081 (2625651) session_ INFO    Starting analysis session with session id 'session_0' (launcher: <local>) ...
2026-02-23 13:59:52.624758 (2625651) session_ INFO    Analysis session with session id 'session_0' started (pid: 2625659)
2026-02-23 13:59:53.286259 (2625651) session_ INFO    Analysis session 'session_0' connected to the console (host: 127.0.0.1:35426)
2026-02-23 13:59:53.850237 (2625651) main____ INFO    About to exit: request to exit with status 1 received from analysis session 'session_0'
2026-02-23 13:59:53.920844 (2625651) session_ INFO    Analysis session 'session_0' disconnected.
2026-02-23 13:59:53.920967 (2625651) lic__man INFO    Unclaim everything for 'session_0'.
2026-02-23 13:59:53.921512 (2625651) session_ INFO    Process for analysis session 'session_0' has exited with exit status '1'.
2026-02-23 13:59:55.846731 (2625651) lic_core INFO    (2) checkin jasper_fao
2026-02-23 13:59:55.848049 (2625651) main____ INFO    Exiting with status 1.
