2026-02-23 13:57:03.841305 (529064) main____ INFO    ----------------------------------------
2026-02-23 13:57:03.841384 (529064) main____ INFO    JasperGold version info
2026-02-23 13:57:03.841399 (529064) main____ INFO      tool      : JasperGold 2021.03
2026-02-23 13:57:03.841407 (529064) main____ INFO      version   : 2021.03 FCS 64 bits
2026-02-23 13:57:03.841412 (529064) main____ INFO      build date: 2021.03.23 02:50:43 UTC
2026-02-23 13:57:03.841416 (529064) main____ INFO    ----------------------------------------
2026-02-23 13:57:03.841420 (529064) main____ INFO    Runtime info:
2026-02-23 13:57:03.841424 (529064) main____ INFO      platform  : Linux 5.14.0-570.84.1.el9_6.x86_64 x86_64
2026-02-23 13:57:03.841430 (529064) main____ INFO      hostname  : della-r3c2n9
2026-02-23 13:57:03.841435 (529064) main____ INFO      pid       : 529064
2026-02-23 13:57:03.841439 (529064) main____ INFO      arguments : '-style' 'windows' '-batch' '-proj' './verification_results/04285/jgproject' '-tcl' './jasper_verif_check.tcl'
2026-02-23 13:57:03.841448 (529064) main____ INFO      locale    : UTF-8
2026-02-23 13:57:03.841452 (529064) main____ INFO    ----------------------------------------
2026-02-23 13:57:03.841456 (529064) main____ INFO    System resource limits info:
2026-02-23 13:57:03.841460 (529064) main____ INFO      virtual memory: unlimited
2026-02-23 13:57:03.841464 (529064) main____ INFO      cpu time      : unlimited
2026-02-23 13:57:03.841468 (529064) main____ INFO      stack size    : unlimited
2026-02-23 13:57:03.841473 (529064) main____ INFO      core file size: unlimited
2026-02-23 13:57:03.841479 (529064) main____ INFO      open files    : 131072
2026-02-23 13:57:03.841483 (529064) main____ INFO      file size     : unlimited
2026-02-23 13:57:03.841487 (529064) main____ INFO    ----------------------------------------
2026-02-23 13:57:03.841492 (529064) main____ INFO    Memory statistics:
2026-02-23 13:57:03.841496 (529064) main____ INFO      total physical memory  : 195972072 kB
2026-02-23 13:57:03.841500 (529064) main____ INFO      free physical memory   : 68612004 kB
2026-02-23 13:57:03.841504 (529064) main____ INFO      committed address space: 64384064 kB
2026-02-23 13:57:03.841508 (529064) main____ INFO    ----------------------------------------
2026-02-23 13:57:03.842462 (529064) main____ INFO    Important environment variables:
2026-02-23 13:57:03.842477 (529064) main____ INFO      JASPER_HOME       : '/usr/licensed/cadence-20210126/jasper_2021.03'
2026-02-23 13:57:03.842483 (529064) main____ INFO      JASPER_INSTALL_DIR: '/scratch/gpfs/LICENSED/x86_64/cadence-20210126/jasper_2021.03'
2026-02-23 13:57:03.842489 (529064) main____ INFO      LANG              : 'en_US.UTF-8'
2026-02-23 13:57:03.842493 (529064) main____ INFO      LM_LICENSE_FILE   : '5280@license.rc.princeton.edu'
2026-02-23 13:57:03.842499 (529064) main____ INFO      TMPDIR            : '/tmp/ab2113/jg_5019135_78'
2026-02-23 13:57:03.842503 (529064) main____ INFO    ----------------------------------------
2026-02-23 13:57:03.843268 (529064) lic_core INFO    Initializing license system ...
2026-02-23 13:57:03.844066 (529064) lic_core INFO    ... license system initialized.
2026-02-23 13:57:03.844774 (529064) lic__man INFO    Claim 'fpv' for <ui>.
2026-02-23 13:57:03.844810 (529064) lic_core INFO    (1) checking out 'jasper_fpv' ...
2026-02-23 13:57:03.850915 (529064) lic_core INFO    ... (1) checkout failed (error: -5) ("FLEXnet ERROR(-5, 0, 0): No such feature exists.")
2026-02-23 13:57:03.850949 (529064) lic_core INFO    (2) checking out 'jasper_fao' ...
2026-02-23 13:57:03.861551 (529064) lic_core INFO    ... (2) checkout succeeded
2026-02-23 13:57:03.875418 (529064) session_ INFO    Starting analysis session with session id 'session_0' (launcher: <local>) ...
2026-02-23 13:57:03.878294 (529064) session_ INFO    Analysis session with session id 'session_0' started (pid: 529104)
2026-02-23 13:57:04.540793 (529064) session_ INFO    Analysis session 'session_0' connected to the console (host: 127.0.0.1:38328)
2026-02-23 13:57:05.353162 (529064) lic__man INFO    Unclaim everything for 'session_0'.
2026-02-23 13:57:05.412981 (529064) main____ INFO    About to exit: request to exit with status 3 received from analysis session 'session_0'
2026-02-23 13:57:05.481772 (529064) session_ INFO    Analysis session 'session_0' disconnected.
2026-02-23 13:57:05.481893 (529064) lic__man INFO    Unclaim everything for 'session_0'.
2026-02-23 13:57:05.482239 (529064) session_ INFO    Process for analysis session 'session_0' has exited with exit status '3'.
2026-02-23 13:57:07.521298 (529064) lic_core INFO    (2) checkin jasper_fao
2026-02-23 13:57:07.522995 (529064) main____ INFO    Exiting with status 3.
