2026-02-23 13:47:03.216747 (4163756) main____ INFO    ----------------------------------------
2026-02-23 13:47:03.216857 (4163756) main____ INFO    JasperGold version info
2026-02-23 13:47:03.216874 (4163756) main____ INFO      tool      : JasperGold 2021.03
2026-02-23 13:47:03.216883 (4163756) main____ INFO      version   : 2021.03 FCS 64 bits
2026-02-23 13:47:03.216888 (4163756) main____ INFO      build date: 2021.03.23 02:50:43 UTC
2026-02-23 13:47:03.216894 (4163756) main____ INFO    ----------------------------------------
2026-02-23 13:47:03.216899 (4163756) main____ INFO    Runtime info:
2026-02-23 13:47:03.216904 (4163756) main____ INFO      platform  : Linux 5.14.0-570.84.1.el9_6.x86_64 x86_64
2026-02-23 13:47:03.216910 (4163756) main____ INFO      hostname  : della-h14n1
2026-02-23 13:47:03.216916 (4163756) main____ INFO      pid       : 4163756
2026-02-23 13:47:03.216921 (4163756) main____ INFO      arguments : '-style' 'windows' '-batch' '-proj' './verification_results/02532/jgproject' '-tcl' './jasper_verif_check.tcl'
2026-02-23 13:47:03.216931 (4163756) main____ INFO      locale    : UTF-8
2026-02-23 13:47:03.216936 (4163756) main____ INFO    ----------------------------------------
2026-02-23 13:47:03.216940 (4163756) main____ INFO    System resource limits info:
2026-02-23 13:47:03.216945 (4163756) main____ INFO      virtual memory: unlimited
2026-02-23 13:47:03.216950 (4163756) main____ INFO      cpu time      : unlimited
2026-02-23 13:47:03.216956 (4163756) main____ INFO      stack size    : unlimited
2026-02-23 13:47:03.216961 (4163756) main____ INFO      core file size: unlimited
2026-02-23 13:47:03.216969 (4163756) main____ INFO      open files    : 131072
2026-02-23 13:47:03.216975 (4163756) main____ INFO      file size     : unlimited
2026-02-23 13:47:03.216981 (4163756) main____ INFO    ----------------------------------------
2026-02-23 13:47:03.216986 (4163756) main____ INFO    Memory statistics:
2026-02-23 13:47:03.216991 (4163756) main____ INFO      total physical memory  : 1584164324 kB
2026-02-23 13:47:03.216996 (4163756) main____ INFO      free physical memory   : 721949328 kB
2026-02-23 13:47:03.217001 (4163756) main____ INFO      committed address space: 568240496 kB
2026-02-23 13:47:03.217006 (4163756) main____ INFO    ----------------------------------------
2026-02-23 13:47:03.217531 (4163756) main____ INFO    Important environment variables:
2026-02-23 13:47:03.217546 (4163756) main____ INFO      JASPER_HOME       : '/usr/licensed/cadence-20210126/jasper_2021.03'
2026-02-23 13:47:03.217552 (4163756) main____ INFO      JASPER_INSTALL_DIR: '/scratch/gpfs/LICENSED/x86_64/cadence-20210126/jasper_2021.03'
2026-02-23 13:47:03.217559 (4163756) main____ INFO      LANG              : 'en_US.UTF-8'
2026-02-23 13:47:03.217565 (4163756) main____ INFO      LM_LICENSE_FILE   : '5280@license.rc.princeton.edu'
2026-02-23 13:47:03.217570 (4163756) main____ INFO      TMPDIR            : '/tmp/ab2113/jg_5018921_43'
2026-02-23 13:47:03.217575 (4163756) main____ INFO    ----------------------------------------
2026-02-23 13:47:03.218133 (4163756) lic_core INFO    Initializing license system ...
2026-02-23 13:47:03.218739 (4163756) lic_core INFO    ... license system initialized.
2026-02-23 13:47:03.219592 (4163756) lic__man INFO    Claim 'fpv' for <ui>.
2026-02-23 13:47:03.219630 (4163756) lic_core INFO    (1) checking out 'jasper_fpv' ...
2026-02-23 13:47:03.225709 (4163756) lic_core INFO    ... (1) checkout failed (error: -5) ("FLEXnet ERROR(-5, 0, 0): No such feature exists.")
2026-02-23 13:47:03.225738 (4163756) lic_core INFO    (2) checking out 'jasper_fao' ...
2026-02-23 13:47:03.235221 (4163756) lic_core INFO    ... (2) checkout succeeded
2026-02-23 13:47:03.247749 (4163756) session_ INFO    Starting analysis session with session id 'session_0' (launcher: <local>) ...
2026-02-23 13:47:03.251642 (4163756) session_ INFO    Analysis session with session id 'session_0' started (pid: 4163764)
2026-02-23 13:47:03.859023 (4163756) session_ INFO    Analysis session 'session_0' connected to the console (host: 127.0.0.1:43480)
2026-02-23 13:47:04.401763 (4163756) main____ INFO    About to exit: request to exit with status 1 received from analysis session 'session_0'
2026-02-23 13:47:04.466564 (4163756) session_ INFO    Analysis session 'session_0' disconnected.
2026-02-23 13:47:04.466794 (4163756) lic__man INFO    Unclaim everything for 'session_0'.
2026-02-23 13:47:04.467874 (4163756) session_ INFO    Process for analysis session 'session_0' has exited with exit status '1'.
2026-02-23 13:47:06.508956 (4163756) lic_core INFO    (2) checkin jasper_fao
2026-02-23 13:47:06.510646 (4163756) main____ INFO    Exiting with status 1.
