2026-02-23 13:39:15.766950 (4139319) main____ INFO    ----------------------------------------
2026-02-23 13:39:15.767034 (4139319) main____ INFO    JasperGold version info
2026-02-23 13:39:15.767051 (4139319) main____ INFO      tool      : JasperGold 2021.03
2026-02-23 13:39:15.767059 (4139319) main____ INFO      version   : 2021.03 FCS 64 bits
2026-02-23 13:39:15.767064 (4139319) main____ INFO      build date: 2021.03.23 02:50:43 UTC
2026-02-23 13:39:15.767068 (4139319) main____ INFO    ----------------------------------------
2026-02-23 13:39:15.767072 (4139319) main____ INFO    Runtime info:
2026-02-23 13:39:15.767077 (4139319) main____ INFO      platform  : Linux 5.14.0-570.84.1.el9_6.x86_64 x86_64
2026-02-23 13:39:15.767083 (4139319) main____ INFO      hostname  : della-r3c2n12
2026-02-23 13:39:15.767087 (4139319) main____ INFO      pid       : 4139319
2026-02-23 13:39:15.767092 (4139319) main____ INFO      arguments : '-style' 'windows' '-batch' '-proj' './verification_results/00877/jgproject' '-tcl' './jasper_verif_check.tcl'
2026-02-23 13:39:15.767099 (4139319) main____ INFO      locale    : UTF-8
2026-02-23 13:39:15.767104 (4139319) main____ INFO    ----------------------------------------
2026-02-23 13:39:15.767108 (4139319) main____ INFO    System resource limits info:
2026-02-23 13:39:15.767112 (4139319) main____ INFO      virtual memory: unlimited
2026-02-23 13:39:15.767116 (4139319) main____ INFO      cpu time      : unlimited
2026-02-23 13:39:15.767121 (4139319) main____ INFO      stack size    : unlimited
2026-02-23 13:39:15.767125 (4139319) main____ INFO      core file size: unlimited
2026-02-23 13:39:15.767131 (4139319) main____ INFO      open files    : 131072
2026-02-23 13:39:15.767135 (4139319) main____ INFO      file size     : unlimited
2026-02-23 13:39:15.767140 (4139319) main____ INFO    ----------------------------------------
2026-02-23 13:39:15.767143 (4139319) main____ INFO    Memory statistics:
2026-02-23 13:39:15.767148 (4139319) main____ INFO      total physical memory  : 195972072 kB
2026-02-23 13:39:15.767152 (4139319) main____ INFO      free physical memory   : 133553944 kB
2026-02-23 13:39:15.767156 (4139319) main____ INFO      committed address space: 38731556 kB
2026-02-23 13:39:15.767160 (4139319) main____ INFO    ----------------------------------------
2026-02-23 13:39:15.768115 (4139319) main____ INFO    Important environment variables:
2026-02-23 13:39:15.768132 (4139319) main____ INFO      JASPER_HOME       : '/usr/licensed/cadence-20210126/jasper_2021.03'
2026-02-23 13:39:15.768138 (4139319) main____ INFO      JASPER_INSTALL_DIR: '/scratch/gpfs/LICENSED/x86_64/cadence-20210126/jasper_2021.03'
2026-02-23 13:39:15.768143 (4139319) main____ INFO      LANG              : 'en_US.UTF-8'
2026-02-23 13:39:15.768148 (4139319) main____ INFO      LM_LICENSE_FILE   : '5280@license.rc.princeton.edu'
2026-02-23 13:39:15.768153 (4139319) main____ INFO      TMPDIR            : '/tmp/ab2113/jg_5018804_10'
2026-02-23 13:39:15.768157 (4139319) main____ INFO    ----------------------------------------
2026-02-23 13:39:15.768972 (4139319) lic_core INFO    Initializing license system ...
2026-02-23 13:39:15.769771 (4139319) lic_core INFO    ... license system initialized.
2026-02-23 13:39:15.770531 (4139319) lic__man INFO    Claim 'fpv' for <ui>.
2026-02-23 13:39:15.770569 (4139319) lic_core INFO    (1) checking out 'jasper_fpv' ...
2026-02-23 13:39:15.776473 (4139319) lic_core INFO    ... (1) checkout failed (error: -5) ("FLEXnet ERROR(-5, 0, 0): No such feature exists.")
2026-02-23 13:39:15.776524 (4139319) lic_core INFO    (2) checking out 'jasper_fao' ...
2026-02-23 13:39:15.787367 (4139319) lic_core INFO    ... (2) checkout succeeded
2026-02-23 13:39:15.801833 (4139319) session_ INFO    Starting analysis session with session id 'session_0' (launcher: <local>) ...
2026-02-23 13:39:15.804573 (4139319) session_ INFO    Analysis session with session id 'session_0' started (pid: 4139329)
2026-02-23 13:39:16.564857 (4139319) session_ INFO    Analysis session 'session_0' connected to the console (host: 127.0.0.1:44202)
2026-02-23 13:39:17.580163 (4139319) lic__man INFO    Unclaim everything for 'session_0'.
2026-02-23 13:39:17.713388 (4139319) lic__man INFO    Claim 'fpv' for 'session_0'.
2026-02-23 13:39:17.713439 (4139319) lic__man INFO    Claim 'fpv' for 'session_0/prove-0'.
2026-02-23 13:39:17.777422 (4139319) lic__man INFO    Unclaim everything for 'session_0/prove-0'.
2026-02-23 13:39:17.818089 (4139319) main____ INFO    About to exit: request to exit with status 4 received from analysis session 'session_0'
2026-02-23 13:39:17.890665 (4139319) session_ INFO    Analysis session 'session_0' disconnected.
2026-02-23 13:39:17.890796 (4139319) lic__man INFO    Unclaim everything for 'session_0'.
2026-02-23 13:39:17.891513 (4139319) session_ INFO    Process for analysis session 'session_0' has exited with exit status '4'.
2026-02-23 13:39:19.722675 (4139319) lic_core INFO    (2) checkin jasper_fao
2026-02-23 13:39:19.724604 (4139319) main____ INFO    Exiting with status 4.
