2026-02-23 13:43:25.803546 (930440) main____ INFO    ----------------------------------------
2026-02-23 13:43:25.803624 (930440) main____ INFO    JasperGold version info
2026-02-23 13:43:25.803641 (930440) main____ INFO      tool      : JasperGold 2021.03
2026-02-23 13:43:25.803649 (930440) main____ INFO      version   : 2021.03 FCS 64 bits
2026-02-23 13:43:25.803653 (930440) main____ INFO      build date: 2021.03.23 02:50:43 UTC
2026-02-23 13:43:25.803657 (930440) main____ INFO    ----------------------------------------
2026-02-23 13:43:25.803661 (930440) main____ INFO    Runtime info:
2026-02-23 13:43:25.803665 (930440) main____ INFO      platform  : Linux 5.14.0-570.84.1.el9_6.x86_64 x86_64
2026-02-23 13:43:25.803670 (930440) main____ INFO      hostname  : della-i13n12
2026-02-23 13:43:25.803674 (930440) main____ INFO      pid       : 930440
2026-02-23 13:43:25.803678 (930440) main____ INFO      arguments : '-style' 'windows' '-batch' '-proj' './verification_results/01506/jgproject' '-tcl' './jasper_verif_check.tcl'
2026-02-23 13:43:25.803685 (930440) main____ INFO      locale    : UTF-8
2026-02-23 13:43:25.803689 (930440) main____ INFO    ----------------------------------------
2026-02-23 13:43:25.803693 (930440) main____ INFO    System resource limits info:
2026-02-23 13:43:25.803697 (930440) main____ INFO      virtual memory: unlimited
2026-02-23 13:43:25.803700 (930440) main____ INFO      cpu time      : unlimited
2026-02-23 13:43:25.803704 (930440) main____ INFO      stack size    : unlimited
2026-02-23 13:43:25.803708 (930440) main____ INFO      core file size: unlimited
2026-02-23 13:43:25.803714 (930440) main____ INFO      open files    : 131072
2026-02-23 13:43:25.803718 (930440) main____ INFO      file size     : unlimited
2026-02-23 13:43:25.803722 (930440) main____ INFO    ----------------------------------------
2026-02-23 13:43:25.803726 (930440) main____ INFO    Memory statistics:
2026-02-23 13:43:25.803730 (930440) main____ INFO      total physical memory  : 394157548 kB
2026-02-23 13:43:25.803733 (930440) main____ INFO      free physical memory   : 224223136 kB
2026-02-23 13:43:25.803737 (930440) main____ INFO      committed address space: 109339324 kB
2026-02-23 13:43:25.803740 (930440) main____ INFO    ----------------------------------------
2026-02-23 13:43:25.804621 (930440) main____ INFO    Important environment variables:
2026-02-23 13:43:25.804635 (930440) main____ INFO      JASPER_HOME       : '/usr/licensed/cadence-20210126/jasper_2021.03'
2026-02-23 13:43:25.804640 (930440) main____ INFO      JASPER_INSTALL_DIR: '/scratch/gpfs/LICENSED/x86_64/cadence-20210126/jasper_2021.03'
2026-02-23 13:43:25.804645 (930440) main____ INFO      LANG              : 'en_US.UTF-8'
2026-02-23 13:43:25.804650 (930440) main____ INFO      LM_LICENSE_FILE   : '5280@license.rc.princeton.edu'
2026-02-23 13:43:25.804654 (930440) main____ INFO      TMPDIR            : '/tmp/ab2113/jg_5018840_22'
2026-02-23 13:43:25.804658 (930440) main____ INFO    ----------------------------------------
2026-02-23 13:43:25.805423 (930440) lic_core INFO    Initializing license system ...
2026-02-23 13:43:25.806181 (930440) lic_core INFO    ... license system initialized.
2026-02-23 13:43:25.806841 (930440) lic__man INFO    Claim 'fpv' for <ui>.
2026-02-23 13:43:25.806872 (930440) lic_core INFO    (1) checking out 'jasper_fpv' ...
2026-02-23 13:43:25.812755 (930440) lic_core INFO    ... (1) checkout failed (error: -5) ("FLEXnet ERROR(-5, 0, 0): No such feature exists.")
2026-02-23 13:43:25.812784 (930440) lic_core INFO    (2) checking out 'jasper_fao' ...
2026-02-23 13:43:25.823336 (930440) lic_core INFO    ... (2) checkout succeeded
2026-02-23 13:43:25.836454 (930440) session_ INFO    Starting analysis session with session id 'session_0' (launcher: <local>) ...
2026-02-23 13:43:25.839024 (930440) session_ INFO    Analysis session with session id 'session_0' started (pid: 930448)
2026-02-23 13:43:26.445917 (930440) session_ INFO    Analysis session 'session_0' connected to the console (host: 127.0.0.1:52598)
2026-02-23 13:43:26.980189 (930440) main____ INFO    About to exit: request to exit with status 1 received from analysis session 'session_0'
2026-02-23 13:43:27.048902 (930440) session_ INFO    Analysis session 'session_0' disconnected.
2026-02-23 13:43:27.049027 (930440) lic__man INFO    Unclaim everything for 'session_0'.
2026-02-23 13:43:27.049529 (930440) session_ INFO    Process for analysis session 'session_0' has exited with exit status '1'.
2026-02-23 13:43:28.990270 (930440) lic_core INFO    (2) checkin jasper_fao
2026-02-23 13:43:28.992280 (930440) main____ INFO    Exiting with status 1.
