2026-02-23 13:47:12.843345 (1383348) main____ INFO    ----------------------------------------
2026-02-23 13:47:12.843454 (1383348) main____ INFO    JasperGold version info
2026-02-23 13:47:12.843473 (1383348) main____ INFO      tool      : JasperGold 2021.03
2026-02-23 13:47:12.843483 (1383348) main____ INFO      version   : 2021.03 FCS 64 bits
2026-02-23 13:47:12.843488 (1383348) main____ INFO      build date: 2021.03.23 02:50:43 UTC
2026-02-23 13:47:12.843493 (1383348) main____ INFO    ----------------------------------------
2026-02-23 13:47:12.843497 (1383348) main____ INFO    Runtime info:
2026-02-23 13:47:12.843502 (1383348) main____ INFO      platform  : Linux 5.14.0-570.84.1.el9_6.x86_64 x86_64
2026-02-23 13:47:12.843507 (1383348) main____ INFO      hostname  : della-r3c3n3
2026-02-23 13:47:12.843512 (1383348) main____ INFO      pid       : 1383348
2026-02-23 13:47:12.843517 (1383348) main____ INFO      arguments : '-style' 'windows' '-batch' '-proj' './verification_results/02719/jgproject' '-tcl' './jasper_verif_check.tcl'
2026-02-23 13:47:12.843526 (1383348) main____ INFO      locale    : UTF-8
2026-02-23 13:47:12.843531 (1383348) main____ INFO    ----------------------------------------
2026-02-23 13:47:12.843534 (1383348) main____ INFO    System resource limits info:
2026-02-23 13:47:12.843539 (1383348) main____ INFO      virtual memory: unlimited
2026-02-23 13:47:12.843543 (1383348) main____ INFO      cpu time      : unlimited
2026-02-23 13:47:12.843548 (1383348) main____ INFO      stack size    : unlimited
2026-02-23 13:47:12.843552 (1383348) main____ INFO      core file size: unlimited
2026-02-23 13:47:12.843560 (1383348) main____ INFO      open files    : 131072
2026-02-23 13:47:12.843564 (1383348) main____ INFO      file size     : unlimited
2026-02-23 13:47:12.843568 (1383348) main____ INFO    ----------------------------------------
2026-02-23 13:47:12.843572 (1383348) main____ INFO    Memory statistics:
2026-02-23 13:47:12.843576 (1383348) main____ INFO      total physical memory  : 195972168 kB
2026-02-23 13:47:12.843581 (1383348) main____ INFO      free physical memory   : 112765200 kB
2026-02-23 13:47:12.843585 (1383348) main____ INFO      committed address space: 54944664 kB
2026-02-23 13:47:12.843589 (1383348) main____ INFO    ----------------------------------------
2026-02-23 13:47:12.844583 (1383348) main____ INFO    Important environment variables:
2026-02-23 13:47:12.844606 (1383348) main____ INFO      JASPER_HOME       : '/usr/licensed/cadence-20210126/jasper_2021.03'
2026-02-23 13:47:12.844612 (1383348) main____ INFO      JASPER_INSTALL_DIR: '/scratch/gpfs/LICENSED/x86_64/cadence-20210126/jasper_2021.03'
2026-02-23 13:47:12.844618 (1383348) main____ INFO      LANG              : 'en_US.UTF-8'
2026-02-23 13:47:12.844623 (1383348) main____ INFO      LM_LICENSE_FILE   : '5280@license.rc.princeton.edu'
2026-02-23 13:47:12.844628 (1383348) main____ INFO      TMPDIR            : '/tmp/ab2113/jg_5018947_47'
2026-02-23 13:47:12.844633 (1383348) main____ INFO    ----------------------------------------
2026-02-23 13:47:12.845546 (1383348) lic_core INFO    Initializing license system ...
2026-02-23 13:47:12.846427 (1383348) lic_core INFO    ... license system initialized.
2026-02-23 13:47:12.847250 (1383348) lic__man INFO    Claim 'fpv' for <ui>.
2026-02-23 13:47:12.847295 (1383348) lic_core INFO    (1) checking out 'jasper_fpv' ...
2026-02-23 13:47:12.853361 (1383348) lic_core INFO    ... (1) checkout failed (error: -5) ("FLEXnet ERROR(-5, 0, 0): No such feature exists.")
2026-02-23 13:47:12.853428 (1383348) lic_core INFO    (2) checking out 'jasper_fao' ...
2026-02-23 13:47:12.864540 (1383348) lic_core INFO    ... (2) checkout succeeded
2026-02-23 13:47:12.879453 (1383348) session_ INFO    Starting analysis session with session id 'session_0' (launcher: <local>) ...
2026-02-23 13:47:12.882803 (1383348) session_ INFO    Analysis session with session id 'session_0' started (pid: 1383356)
2026-02-23 13:47:13.641167 (1383348) session_ INFO    Analysis session 'session_0' connected to the console (host: 127.0.0.1:60388)
2026-02-23 13:47:14.504229 (1383348) lic__man INFO    Unclaim everything for 'session_0'.
2026-02-23 13:47:14.551934 (1383348) lic__man INFO    Claim 'fpv' for 'session_0'.
2026-02-23 13:47:14.551997 (1383348) lic__man INFO    Claim 'fpv' for 'session_0/prove-0'.
2026-02-23 13:47:14.698494 (1383348) lic__man INFO    Unclaim everything for 'session_0/prove-0'.
2026-02-23 13:47:14.755521 (1383348) main____ INFO    About to exit: request to exit with status 0 received from analysis session 'session_0'
2026-02-23 13:47:14.844337 (1383348) session_ INFO    Analysis session 'session_0' disconnected.
2026-02-23 13:47:14.844487 (1383348) lic__man INFO    Unclaim everything for 'session_0'.
2026-02-23 13:47:14.845696 (1383348) session_ INFO    Process for analysis session 'session_0' has exited with exit status '0'.
2026-02-23 13:47:16.663022 (1383348) lic_core INFO    (2) checkin jasper_fao
2026-02-23 13:47:16.664740 (1383348) main____ INFO    Exiting with status 0.
