2026-02-23 13:06:48.779437 (3611453) main____ INFO    ----------------------------------------
2026-02-23 13:06:48.779509 (3611453) main____ INFO    JasperGold version info
2026-02-23 13:06:48.779525 (3611453) main____ INFO      tool      : JasperGold 2021.03
2026-02-23 13:06:48.779533 (3611453) main____ INFO      version   : 2021.03 FCS 64 bits
2026-02-23 13:06:48.779538 (3611453) main____ INFO      build date: 2021.03.23 02:50:43 UTC
2026-02-23 13:06:48.779542 (3611453) main____ INFO    ----------------------------------------
2026-02-23 13:06:48.779546 (3611453) main____ INFO    Runtime info:
2026-02-23 13:06:48.779551 (3611453) main____ INFO      platform  : Linux 5.14.0-570.84.1.el9_6.x86_64 x86_64
2026-02-23 13:06:48.779556 (3611453) main____ INFO      hostname  : della-r3c3n4
2026-02-23 13:06:48.779561 (3611453) main____ INFO      pid       : 3611453
2026-02-23 13:06:48.779565 (3611453) main____ INFO      arguments : '-style' 'windows' '-batch' '-proj' './verification_results/00372/jgproject' '-tcl' './jasper_verif_check.tcl'
2026-02-23 13:06:48.779572 (3611453) main____ INFO      locale    : UTF-8
2026-02-23 13:06:48.779577 (3611453) main____ INFO    ----------------------------------------
2026-02-23 13:06:48.779581 (3611453) main____ INFO    System resource limits info:
2026-02-23 13:06:48.779585 (3611453) main____ INFO      virtual memory: unlimited
2026-02-23 13:06:48.779589 (3611453) main____ INFO      cpu time      : unlimited
2026-02-23 13:06:48.779593 (3611453) main____ INFO      stack size    : unlimited
2026-02-23 13:06:48.779597 (3611453) main____ INFO      core file size: unlimited
2026-02-23 13:06:48.779604 (3611453) main____ INFO      open files    : 131072
2026-02-23 13:06:48.779608 (3611453) main____ INFO      file size     : unlimited
2026-02-23 13:06:48.779612 (3611453) main____ INFO    ----------------------------------------
2026-02-23 13:06:48.779617 (3611453) main____ INFO    Memory statistics:
2026-02-23 13:06:48.779621 (3611453) main____ INFO      total physical memory  : 195972172 kB
2026-02-23 13:06:48.779625 (3611453) main____ INFO      free physical memory   : 116474876 kB
2026-02-23 13:06:48.779629 (3611453) main____ INFO      committed address space: 36759056 kB
2026-02-23 13:06:48.779633 (3611453) main____ INFO    ----------------------------------------
2026-02-23 13:06:48.780574 (3611453) main____ INFO    Important environment variables:
2026-02-23 13:06:48.780588 (3611453) main____ INFO      JASPER_HOME       : '/usr/licensed/cadence-20210126/jasper_2021.03'
2026-02-23 13:06:48.780595 (3611453) main____ INFO      JASPER_INSTALL_DIR: '/scratch/gpfs/LICENSED/x86_64/cadence-20210126/jasper_2021.03'
2026-02-23 13:06:48.780600 (3611453) main____ INFO      LANG              : 'en_US.UTF-8'
2026-02-23 13:06:48.780605 (3611453) main____ INFO      LM_LICENSE_FILE   : '5280@license.rc.princeton.edu'
2026-02-23 13:06:48.780609 (3611453) main____ INFO      TMPDIR            : '/tmp/ab2113/jg_5017812_189'
2026-02-23 13:06:48.780614 (3611453) main____ INFO    ----------------------------------------
2026-02-23 13:06:48.781365 (3611453) lic_core INFO    Initializing license system ...
2026-02-23 13:06:48.782138 (3611453) lic_core INFO    ... license system initialized.
2026-02-23 13:06:48.782827 (3611453) lic__man INFO    Claim 'fpv' for <ui>.
2026-02-23 13:06:48.782862 (3611453) lic_core INFO    (1) checking out 'jasper_fpv' ...
2026-02-23 13:06:48.788209 (3611453) lic_core INFO    ... (1) checkout failed (error: -5) ("FLEXnet ERROR(-5, 0, 0): No such feature exists.")
2026-02-23 13:06:48.788235 (3611453) lic_core INFO    (2) checking out 'jasper_fao' ...
2026-02-23 13:06:48.797956 (3611453) lic_core INFO    ... (2) checkout succeeded
2026-02-23 13:06:48.812183 (3611453) session_ INFO    Starting analysis session with session id 'session_0' (launcher: <local>) ...
2026-02-23 13:06:48.814773 (3611453) session_ INFO    Analysis session with session id 'session_0' started (pid: 3611461)
2026-02-23 13:06:49.526622 (3611453) session_ INFO    Analysis session 'session_0' connected to the console (host: 127.0.0.1:43268)
2026-02-23 13:06:50.091186 (3611453) main____ INFO    About to exit: request to exit with status 1 received from analysis session 'session_0'
2026-02-23 13:06:50.161644 (3611453) session_ INFO    Analysis session 'session_0' disconnected.
2026-02-23 13:06:50.161758 (3611453) lic__man INFO    Unclaim everything for 'session_0'.
2026-02-23 13:06:50.163469 (3611453) session_ INFO    Process for analysis session 'session_0' has exited with exit status '1'.
2026-02-23 13:06:52.150019 (3611453) lic_core INFO    (2) checkin jasper_fao
2026-02-23 13:06:52.151503 (3611453) main____ INFO    Exiting with status 1.
