2026-02-23 11:57:37.514743 (2327549) main____ INFO    ----------------------------------------
2026-02-23 11:57:37.514825 (2327549) main____ INFO    JasperGold version info
2026-02-23 11:57:37.514843 (2327549) main____ INFO      tool      : JasperGold 2021.03
2026-02-23 11:57:37.514853 (2327549) main____ INFO      version   : 2021.03 FCS 64 bits
2026-02-23 11:57:37.514859 (2327549) main____ INFO      build date: 2021.03.23 02:50:43 UTC
2026-02-23 11:57:37.514863 (2327549) main____ INFO    ----------------------------------------
2026-02-23 11:57:37.514868 (2327549) main____ INFO    Runtime info:
2026-02-23 11:57:37.514873 (2327549) main____ INFO      platform  : Linux 5.14.0-570.84.1.el9_6.x86_64 x86_64
2026-02-23 11:57:37.514880 (2327549) main____ INFO      hostname  : della-h14n8
2026-02-23 11:57:37.514885 (2327549) main____ INFO      pid       : 2327549
2026-02-23 11:57:37.514890 (2327549) main____ INFO      arguments : '-style' 'windows' '-batch' '-proj' './verification_results/00050/jgproject' '-tcl' './jasper_verif_check.tcl'
2026-02-23 11:57:37.514899 (2327549) main____ INFO      locale    : UTF-8
2026-02-23 11:57:37.514903 (2327549) main____ INFO    ----------------------------------------
2026-02-23 11:57:37.514908 (2327549) main____ INFO    System resource limits info:
2026-02-23 11:57:37.514913 (2327549) main____ INFO      virtual memory: unlimited
2026-02-23 11:57:37.514917 (2327549) main____ INFO      cpu time      : unlimited
2026-02-23 11:57:37.514922 (2327549) main____ INFO      stack size    : unlimited
2026-02-23 11:57:37.514927 (2327549) main____ INFO      core file size: unlimited
2026-02-23 11:57:37.514933 (2327549) main____ INFO      open files    : 131072
2026-02-23 11:57:37.514938 (2327549) main____ INFO      file size     : unlimited
2026-02-23 11:57:37.514942 (2327549) main____ INFO    ----------------------------------------
2026-02-23 11:57:37.514947 (2327549) main____ INFO    Memory statistics:
2026-02-23 11:57:37.514952 (2327549) main____ INFO      total physical memory  : 1584164340 kB
2026-02-23 11:57:37.514956 (2327549) main____ INFO      free physical memory   : 782316212 kB
2026-02-23 11:57:37.514961 (2327549) main____ INFO      committed address space: 537052048 kB
2026-02-23 11:57:37.514966 (2327549) main____ INFO    ----------------------------------------
2026-02-23 11:57:37.515475 (2327549) main____ INFO    Important environment variables:
2026-02-23 11:57:37.515489 (2327549) main____ INFO      JASPER_HOME       : '/usr/licensed/cadence-20210126/jasper_2021.03'
2026-02-23 11:57:37.515495 (2327549) main____ INFO      JASPER_INSTALL_DIR: '/scratch/gpfs/LICENSED/x86_64/cadence-20210126/jasper_2021.03'
2026-02-23 11:57:37.515500 (2327549) main____ INFO      LANG              : 'en_US.UTF-8'
2026-02-23 11:57:37.515506 (2327549) main____ INFO      LM_LICENSE_FILE   : '5280@license.rc.princeton.edu'
2026-02-23 11:57:37.515511 (2327549) main____ INFO      TMPDIR            : '/tmp/ab2113/jg_5015722_51'
2026-02-23 11:57:37.515516 (2327549) main____ INFO    ----------------------------------------
2026-02-23 11:57:37.515887 (2327549) lic_core INFO    Initializing license system ...
2026-02-23 11:57:37.516405 (2327549) lic_core INFO    ... license system initialized.
2026-02-23 11:57:37.517109 (2327549) lic__man INFO    Claim 'fpv' for <ui>.
2026-02-23 11:57:37.517143 (2327549) lic_core INFO    (1) checking out 'jasper_fpv' ...
2026-02-23 11:57:37.523332 (2327549) lic_core INFO    ... (1) checkout failed (error: -5) ("FLEXnet ERROR(-5, 0, 0): No such feature exists.")
2026-02-23 11:57:37.523361 (2327549) lic_core INFO    (2) checking out 'jasper_fao' ...
2026-02-23 11:57:37.532862 (2327549) lic_core INFO    ... (2) checkout succeeded
2026-02-23 11:57:37.543258 (2327549) session_ INFO    Starting analysis session with session id 'session_0' (launcher: <local>) ...
2026-02-23 11:57:37.545704 (2327549) session_ INFO    Analysis session with session id 'session_0' started (pid: 2327567)
2026-02-23 11:57:38.124192 (2327549) session_ INFO    Analysis session 'session_0' connected to the console (host: 127.0.0.1:60172)
2026-02-23 11:57:38.925743 (2327549) lic__man INFO    Unclaim everything for 'session_0'.
2026-02-23 11:57:39.002427 (2327549) lic__man INFO    Claim 'fpv' for 'session_0'.
2026-02-23 11:57:39.002463 (2327549) lic__man INFO    Claim 'fpv' for 'session_0/prove-0'.
2026-02-23 11:57:39.274700 (2327549) lic__man INFO    Unclaim everything for 'session_0/prove-0'.
2026-02-23 11:57:39.328805 (2327549) main____ INFO    About to exit: request to exit with status 0 received from analysis session 'session_0'
2026-02-23 11:57:39.386468 (2327549) session_ INFO    Analysis session 'session_0' disconnected.
2026-02-23 11:57:39.386607 (2327549) lic__man INFO    Unclaim everything for 'session_0'.
2026-02-23 11:57:39.387911 (2327549) session_ INFO    Process for analysis session 'session_0' has exited with exit status '0'.
2026-02-23 11:57:41.442936 (2327549) lic_core INFO    (2) checkin jasper_fao
2026-02-23 11:57:41.444930 (2327549) main____ INFO    Exiting with status 0.
