2026-02-23 13:42:14.849035 (1480825) main____ INFO    ----------------------------------------
2026-02-23 13:42:14.849124 (1480825) main____ INFO    JasperGold version info
2026-02-23 13:42:14.849145 (1480825) main____ INFO      tool      : JasperGold 2021.03
2026-02-23 13:42:14.849154 (1480825) main____ INFO      version   : 2021.03 FCS 64 bits
2026-02-23 13:42:14.849160 (1480825) main____ INFO      build date: 2021.03.23 02:50:43 UTC
2026-02-23 13:42:14.849166 (1480825) main____ INFO    ----------------------------------------
2026-02-23 13:42:14.849171 (1480825) main____ INFO    Runtime info:
2026-02-23 13:42:14.849176 (1480825) main____ INFO      platform  : Linux 5.14.0-570.84.1.el9_6.x86_64 x86_64
2026-02-23 13:42:14.849182 (1480825) main____ INFO      hostname  : della-h14n5
2026-02-23 13:42:14.849187 (1480825) main____ INFO      pid       : 1480825
2026-02-23 13:42:14.849193 (1480825) main____ INFO      arguments : '-style' 'windows' '-batch' '-proj' './verification_results/01209/jgproject' '-tcl' './jasper_verif_check.tcl'
2026-02-23 13:42:14.849203 (1480825) main____ INFO      locale    : UTF-8
2026-02-23 13:42:14.849207 (1480825) main____ INFO    ----------------------------------------
2026-02-23 13:42:14.849212 (1480825) main____ INFO    System resource limits info:
2026-02-23 13:42:14.849218 (1480825) main____ INFO      virtual memory: unlimited
2026-02-23 13:42:14.849223 (1480825) main____ INFO      cpu time      : unlimited
2026-02-23 13:42:14.849227 (1480825) main____ INFO      stack size    : unlimited
2026-02-23 13:42:14.849232 (1480825) main____ INFO      core file size: unlimited
2026-02-23 13:42:14.849239 (1480825) main____ INFO      open files    : 131072
2026-02-23 13:42:14.849246 (1480825) main____ INFO      file size     : unlimited
2026-02-23 13:42:14.849252 (1480825) main____ INFO    ----------------------------------------
2026-02-23 13:42:14.849257 (1480825) main____ INFO    Memory statistics:
2026-02-23 13:42:14.849263 (1480825) main____ INFO      total physical memory  : 1584164368 kB
2026-02-23 13:42:14.849268 (1480825) main____ INFO      free physical memory   : 701005292 kB
2026-02-23 13:42:14.849274 (1480825) main____ INFO      committed address space: 536364376 kB
2026-02-23 13:42:14.849280 (1480825) main____ INFO    ----------------------------------------
2026-02-23 13:42:14.849795 (1480825) main____ INFO    Important environment variables:
2026-02-23 13:42:14.849809 (1480825) main____ INFO      JASPER_HOME       : '/usr/licensed/cadence-20210126/jasper_2021.03'
2026-02-23 13:42:14.849816 (1480825) main____ INFO      JASPER_INSTALL_DIR: '/scratch/gpfs/LICENSED/x86_64/cadence-20210126/jasper_2021.03'
2026-02-23 13:42:14.849822 (1480825) main____ INFO      LANG              : 'en_US.UTF-8'
2026-02-23 13:42:14.849828 (1480825) main____ INFO      LM_LICENSE_FILE   : '5280@license.rc.princeton.edu'
2026-02-23 13:42:14.849833 (1480825) main____ INFO      TMPDIR            : '/tmp/ab2113/jg_5018827_16'
2026-02-23 13:42:14.849839 (1480825) main____ INFO    ----------------------------------------
2026-02-23 13:42:14.850339 (1480825) lic_core INFO    Initializing license system ...
2026-02-23 13:42:14.850886 (1480825) lic_core INFO    ... license system initialized.
2026-02-23 13:42:14.851651 (1480825) lic__man INFO    Claim 'fpv' for <ui>.
2026-02-23 13:42:14.851686 (1480825) lic_core INFO    (1) checking out 'jasper_fpv' ...
2026-02-23 13:42:14.857148 (1480825) lic_core INFO    ... (1) checkout failed (error: -5) ("FLEXnet ERROR(-5, 0, 0): No such feature exists.")
2026-02-23 13:42:14.857175 (1480825) lic_core INFO    (2) checking out 'jasper_fao' ...
2026-02-23 13:42:14.865769 (1480825) lic_core INFO    ... (2) checkout succeeded
2026-02-23 13:42:14.876457 (1480825) session_ INFO    Starting analysis session with session id 'session_0' (launcher: <local>) ...
2026-02-23 13:42:14.879543 (1480825) session_ INFO    Analysis session with session id 'session_0' started (pid: 1480860)
2026-02-23 13:42:15.432582 (1480825) session_ INFO    Analysis session 'session_0' connected to the console (host: 127.0.0.1:42006)
2026-02-23 13:42:16.173084 (1480825) lic__man INFO    Unclaim everything for 'session_0'.
2026-02-23 13:42:16.230530 (1480825) main____ INFO    About to exit: request to exit with status 3 received from analysis session 'session_0'
2026-02-23 13:42:16.281181 (1480825) session_ INFO    Analysis session 'session_0' disconnected.
2026-02-23 13:42:16.281308 (1480825) lic__man INFO    Unclaim everything for 'session_0'.
2026-02-23 13:42:16.282076 (1480825) session_ INFO    Process for analysis session 'session_0' has exited with exit status '3'.
2026-02-23 13:42:18.134824 (1480825) lic_core INFO    (2) checkin jasper_fao
2026-02-23 13:42:18.136038 (1480825) main____ INFO    Exiting with status 3.
