2026-02-23 13:54:56.729637 (2561063) main____ INFO    ----------------------------------------
2026-02-23 13:54:56.729766 (2561063) main____ INFO    JasperGold version info
2026-02-23 13:54:56.729786 (2561063) main____ INFO      tool      : JasperGold 2021.03
2026-02-23 13:54:56.729796 (2561063) main____ INFO      version   : 2021.03 FCS 64 bits
2026-02-23 13:54:56.729802 (2561063) main____ INFO      build date: 2021.03.23 02:50:43 UTC
2026-02-23 13:54:56.729807 (2561063) main____ INFO    ----------------------------------------
2026-02-23 13:54:56.729811 (2561063) main____ INFO    Runtime info:
2026-02-23 13:54:56.729815 (2561063) main____ INFO      platform  : Linux 5.14.0-570.84.1.el9_6.x86_64 x86_64
2026-02-23 13:54:56.729822 (2561063) main____ INFO      hostname  : della-i13n7
2026-02-23 13:54:56.729827 (2561063) main____ INFO      pid       : 2561063
2026-02-23 13:54:56.729831 (2561063) main____ INFO      arguments : '-style' 'windows' '-batch' '-proj' './verification_results/03847/jgproject' '-tcl' './jasper_verif_check.tcl'
2026-02-23 13:54:56.729839 (2561063) main____ INFO      locale    : UTF-8
2026-02-23 13:54:56.729843 (2561063) main____ INFO    ----------------------------------------
2026-02-23 13:54:56.729847 (2561063) main____ INFO    System resource limits info:
2026-02-23 13:54:56.729851 (2561063) main____ INFO      virtual memory: unlimited
2026-02-23 13:54:56.729855 (2561063) main____ INFO      cpu time      : unlimited
2026-02-23 13:54:56.729859 (2561063) main____ INFO      stack size    : unlimited
2026-02-23 13:54:56.729863 (2561063) main____ INFO      core file size: unlimited
2026-02-23 13:54:56.729870 (2561063) main____ INFO      open files    : 131072
2026-02-23 13:54:56.729874 (2561063) main____ INFO      file size     : unlimited
2026-02-23 13:54:56.729878 (2561063) main____ INFO    ----------------------------------------
2026-02-23 13:54:56.729882 (2561063) main____ INFO    Memory statistics:
2026-02-23 13:54:56.729887 (2561063) main____ INFO      total physical memory  : 394157548 kB
2026-02-23 13:54:56.729890 (2561063) main____ INFO      free physical memory   : 119766768 kB
2026-02-23 13:54:56.729895 (2561063) main____ INFO      committed address space: 103893932 kB
2026-02-23 13:54:56.729898 (2561063) main____ INFO    ----------------------------------------
2026-02-23 13:54:56.730846 (2561063) main____ INFO    Important environment variables:
2026-02-23 13:54:56.730877 (2561063) main____ INFO      JASPER_HOME       : '/usr/licensed/cadence-20210126/jasper_2021.03'
2026-02-23 13:54:56.730882 (2561063) main____ INFO      JASPER_INSTALL_DIR: '/scratch/gpfs/LICENSED/x86_64/cadence-20210126/jasper_2021.03'
2026-02-23 13:54:56.730888 (2561063) main____ INFO      LANG              : 'en_US.UTF-8'
2026-02-23 13:54:56.730893 (2561063) main____ INFO      LM_LICENSE_FILE   : '5280@license.rc.princeton.edu'
2026-02-23 13:54:56.730897 (2561063) main____ INFO      TMPDIR            : '/tmp/ab2113/jg_5019071_69'
2026-02-23 13:54:56.730901 (2561063) main____ INFO    ----------------------------------------
2026-02-23 13:54:56.731967 (2561063) lic_core INFO    Initializing license system ...
2026-02-23 13:54:56.732518 (2561063) lic_core INFO    ... license system initialized.
2026-02-23 13:54:56.733362 (2561063) lic__man INFO    Claim 'fpv' for <ui>.
2026-02-23 13:54:56.733407 (2561063) lic_core INFO    (1) checking out 'jasper_fpv' ...
2026-02-23 13:54:56.739385 (2561063) lic_core INFO    ... (1) checkout failed (error: -5) ("FLEXnet ERROR(-5, 0, 0): No such feature exists.")
2026-02-23 13:54:56.739449 (2561063) lic_core INFO    (2) checking out 'jasper_fao' ...
2026-02-23 13:54:56.750027 (2561063) lic_core INFO    ... (2) checkout succeeded
2026-02-23 13:54:56.765094 (2561063) session_ INFO    Starting analysis session with session id 'session_0' (launcher: <local>) ...
2026-02-23 13:54:56.768516 (2561063) session_ INFO    Analysis session with session id 'session_0' started (pid: 2561071)
2026-02-23 13:54:57.547461 (2561063) session_ INFO    Analysis session 'session_0' connected to the console (host: 127.0.0.1:60386)
2026-02-23 13:54:58.134128 (2561063) main____ INFO    About to exit: request to exit with status 1 received from analysis session 'session_0'
2026-02-23 13:54:58.259318 (2561063) session_ INFO    Analysis session 'session_0' disconnected.
2026-02-23 13:54:58.259482 (2561063) lic__man INFO    Unclaim everything for 'session_0'.
2026-02-23 13:54:58.260890 (2561063) session_ INFO    Process for analysis session 'session_0' has exited with exit status '1'.
2026-02-23 13:55:00.240007 (2561063) lic_core INFO    (2) checkin jasper_fao
2026-02-23 13:55:00.241717 (2561063) main____ INFO    Exiting with status 1.
