2026-02-23 13:52:24.203018 (942283) main____ INFO    ----------------------------------------
2026-02-23 13:52:24.203105 (942283) main____ INFO    JasperGold version info
2026-02-23 13:52:24.203139 (942283) main____ INFO      tool      : JasperGold 2021.03
2026-02-23 13:52:24.203148 (942283) main____ INFO      version   : 2021.03 FCS 64 bits
2026-02-23 13:52:24.203152 (942283) main____ INFO      build date: 2021.03.23 02:50:43 UTC
2026-02-23 13:52:24.203156 (942283) main____ INFO    ----------------------------------------
2026-02-23 13:52:24.203159 (942283) main____ INFO    Runtime info:
2026-02-23 13:52:24.203164 (942283) main____ INFO      platform  : Linux 5.14.0-570.84.1.el9_6.x86_64 x86_64
2026-02-23 13:52:24.203169 (942283) main____ INFO      hostname  : della-i13n12
2026-02-23 13:52:24.203173 (942283) main____ INFO      pid       : 942283
2026-02-23 13:52:24.203177 (942283) main____ INFO      arguments : '-style' 'windows' '-batch' '-proj' './verification_results/03581/jgproject' '-tcl' './jasper_verif_check.tcl'
2026-02-23 13:52:24.203184 (942283) main____ INFO      locale    : UTF-8
2026-02-23 13:52:24.203188 (942283) main____ INFO    ----------------------------------------
2026-02-23 13:52:24.203191 (942283) main____ INFO    System resource limits info:
2026-02-23 13:52:24.203195 (942283) main____ INFO      virtual memory: unlimited
2026-02-23 13:52:24.203199 (942283) main____ INFO      cpu time      : unlimited
2026-02-23 13:52:24.203203 (942283) main____ INFO      stack size    : unlimited
2026-02-23 13:52:24.203207 (942283) main____ INFO      core file size: unlimited
2026-02-23 13:52:24.203214 (942283) main____ INFO      open files    : 131072
2026-02-23 13:52:24.203218 (942283) main____ INFO      file size     : unlimited
2026-02-23 13:52:24.203221 (942283) main____ INFO    ----------------------------------------
2026-02-23 13:52:24.203225 (942283) main____ INFO    Memory statistics:
2026-02-23 13:52:24.203229 (942283) main____ INFO      total physical memory  : 394157548 kB
2026-02-23 13:52:24.203233 (942283) main____ INFO      free physical memory   : 231356328 kB
2026-02-23 13:52:24.203236 (942283) main____ INFO      committed address space: 109612880 kB
2026-02-23 13:52:24.203240 (942283) main____ INFO    ----------------------------------------
2026-02-23 13:52:24.204120 (942283) main____ INFO    Important environment variables:
2026-02-23 13:52:24.204136 (942283) main____ INFO      JASPER_HOME       : '/usr/licensed/cadence-20210126/jasper_2021.03'
2026-02-23 13:52:24.204141 (942283) main____ INFO      JASPER_INSTALL_DIR: '/scratch/gpfs/LICENSED/x86_64/cadence-20210126/jasper_2021.03'
2026-02-23 13:52:24.204146 (942283) main____ INFO      LANG              : 'en_US.UTF-8'
2026-02-23 13:52:24.204151 (942283) main____ INFO      LM_LICENSE_FILE   : '5280@license.rc.princeton.edu'
2026-02-23 13:52:24.204155 (942283) main____ INFO      TMPDIR            : '/tmp/ab2113/jg_5019033_64'
2026-02-23 13:52:24.204159 (942283) main____ INFO    ----------------------------------------
2026-02-23 13:52:24.204917 (942283) lic_core INFO    Initializing license system ...
2026-02-23 13:52:24.205673 (942283) lic_core INFO    ... license system initialized.
2026-02-23 13:52:24.206349 (942283) lic__man INFO    Claim 'fpv' for <ui>.
2026-02-23 13:52:24.206382 (942283) lic_core INFO    (1) checking out 'jasper_fpv' ...
2026-02-23 13:52:24.211891 (942283) lic_core INFO    ... (1) checkout failed (error: -5) ("FLEXnet ERROR(-5, 0, 0): No such feature exists.")
2026-02-23 13:52:24.211923 (942283) lic_core INFO    (2) checking out 'jasper_fao' ...
2026-02-23 13:52:24.221739 (942283) lic_core INFO    ... (2) checkout succeeded
2026-02-23 13:52:24.235500 (942283) session_ INFO    Starting analysis session with session id 'session_0' (launcher: <local>) ...
2026-02-23 13:52:24.238137 (942283) session_ INFO    Analysis session with session id 'session_0' started (pid: 942291)
2026-02-23 13:52:24.853008 (942283) session_ INFO    Analysis session 'session_0' connected to the console (host: 127.0.0.1:41160)
2026-02-23 13:52:25.668689 (942283) lic__man INFO    Unclaim everything for 'session_0'.
2026-02-23 13:52:25.748181 (942283) main____ INFO    About to exit: request to exit with status 3 received from analysis session 'session_0'
2026-02-23 13:52:25.816022 (942283) session_ INFO    Analysis session 'session_0' disconnected.
2026-02-23 13:52:25.816956 (942283) lic__man INFO    Unclaim everything for 'session_0'.
2026-02-23 13:52:25.817101 (942283) session_ INFO    Process for analysis session 'session_0' has exited with exit status '3'.
2026-02-23 13:52:27.856148 (942283) lic_core INFO    (2) checkin jasper_fao
2026-02-23 13:52:27.857575 (942283) main____ INFO    Exiting with status 3.
