2026-02-23 13:49:57.703990 (1152398) main____ INFO    ----------------------------------------
2026-02-23 13:49:57.704099 (1152398) main____ INFO    JasperGold version info
2026-02-23 13:49:57.704117 (1152398) main____ INFO      tool      : JasperGold 2021.03
2026-02-23 13:49:57.704126 (1152398) main____ INFO      version   : 2021.03 FCS 64 bits
2026-02-23 13:49:57.704137 (1152398) main____ INFO      build date: 2021.03.23 02:50:43 UTC
2026-02-23 13:49:57.704141 (1152398) main____ INFO    ----------------------------------------
2026-02-23 13:49:57.704145 (1152398) main____ INFO    Runtime info:
2026-02-23 13:49:57.704149 (1152398) main____ INFO      platform  : Linux 5.14.0-570.84.1.el9_6.x86_64 x86_64
2026-02-23 13:49:57.704155 (1152398) main____ INFO      hostname  : della-i13n20
2026-02-23 13:49:57.704160 (1152398) main____ INFO      pid       : 1152398
2026-02-23 13:49:57.704164 (1152398) main____ INFO      arguments : '-style' 'windows' '-batch' '-proj' './verification_results/02813/jgproject' '-tcl' './jasper_verif_check.tcl'
2026-02-23 13:49:57.704173 (1152398) main____ INFO      locale    : UTF-8
2026-02-23 13:49:57.704177 (1152398) main____ INFO    ----------------------------------------
2026-02-23 13:49:57.704180 (1152398) main____ INFO    System resource limits info:
2026-02-23 13:49:57.704185 (1152398) main____ INFO      virtual memory: unlimited
2026-02-23 13:49:57.704189 (1152398) main____ INFO      cpu time      : unlimited
2026-02-23 13:49:57.704193 (1152398) main____ INFO      stack size    : unlimited
2026-02-23 13:49:57.704197 (1152398) main____ INFO      core file size: unlimited
2026-02-23 13:49:57.704204 (1152398) main____ INFO      open files    : 131072
2026-02-23 13:49:57.704208 (1152398) main____ INFO      file size     : unlimited
2026-02-23 13:49:57.704212 (1152398) main____ INFO    ----------------------------------------
2026-02-23 13:49:57.704216 (1152398) main____ INFO    Memory statistics:
2026-02-23 13:49:57.704220 (1152398) main____ INFO      total physical memory  : 394157552 kB
2026-02-23 13:49:57.704224 (1152398) main____ INFO      free physical memory   : 200641768 kB
2026-02-23 13:49:57.704228 (1152398) main____ INFO      committed address space: 146803076 kB
2026-02-23 13:49:57.704232 (1152398) main____ INFO    ----------------------------------------
2026-02-23 13:49:57.705156 (1152398) main____ INFO    Important environment variables:
2026-02-23 13:49:57.705179 (1152398) main____ INFO      JASPER_HOME       : '/usr/licensed/cadence-20210126/jasper_2021.03'
2026-02-23 13:49:57.705185 (1152398) main____ INFO      JASPER_INSTALL_DIR: '/scratch/gpfs/LICENSED/x86_64/cadence-20210126/jasper_2021.03'
2026-02-23 13:49:57.705190 (1152398) main____ INFO      LANG              : 'en_US.UTF-8'
2026-02-23 13:49:57.705195 (1152398) main____ INFO      LM_LICENSE_FILE   : '5280@license.rc.princeton.edu'
2026-02-23 13:49:57.705199 (1152398) main____ INFO      TMPDIR            : '/tmp/ab2113/jg_5018948_48'
2026-02-23 13:49:57.705203 (1152398) main____ INFO    ----------------------------------------
2026-02-23 13:49:57.706147 (1152398) lic_core INFO    Initializing license system ...
2026-02-23 13:49:57.707042 (1152398) lic_core INFO    ... license system initialized.
2026-02-23 13:49:57.707865 (1152398) lic__man INFO    Claim 'fpv' for <ui>.
2026-02-23 13:49:57.707913 (1152398) lic_core INFO    (1) checking out 'jasper_fpv' ...
2026-02-23 13:49:57.713925 (1152398) lic_core INFO    ... (1) checkout failed (error: -5) ("FLEXnet ERROR(-5, 0, 0): No such feature exists.")
2026-02-23 13:49:57.713994 (1152398) lic_core INFO    (2) checking out 'jasper_fao' ...
2026-02-23 13:49:57.724519 (1152398) lic_core INFO    ... (2) checkout succeeded
2026-02-23 13:49:57.738582 (1152398) session_ INFO    Starting analysis session with session id 'session_0' (launcher: <local>) ...
2026-02-23 13:49:57.742220 (1152398) session_ INFO    Analysis session with session id 'session_0' started (pid: 1152408)
2026-02-23 13:49:58.480183 (1152398) session_ INFO    Analysis session 'session_0' connected to the console (host: 127.0.0.1:55472)
2026-02-23 13:49:59.314611 (1152398) lic__man INFO    Unclaim everything for 'session_0'.
2026-02-23 13:49:59.359709 (1152398) lic__man INFO    Claim 'fpv' for 'session_0'.
2026-02-23 13:49:59.359759 (1152398) lic__man INFO    Claim 'fpv' for 'session_0/prove-0'.
2026-02-23 13:49:59.494365 (1152398) lic__man INFO    Unclaim everything for 'session_0/prove-0'.
2026-02-23 13:49:59.551227 (1152398) main____ INFO    About to exit: request to exit with status 0 received from analysis session 'session_0'
2026-02-23 13:49:59.640667 (1152398) session_ INFO    Analysis session 'session_0' disconnected.
2026-02-23 13:49:59.640793 (1152398) lic__man INFO    Unclaim everything for 'session_0'.
2026-02-23 13:49:59.641375 (1152398) session_ INFO    Process for analysis session 'session_0' has exited with exit status '0'.
2026-02-23 13:50:01.550165 (1152398) lic_core INFO    (2) checkin jasper_fao
2026-02-23 13:50:01.551907 (1152398) main____ INFO    Exiting with status 0.
