2026-02-23 13:49:09.273718 (933181) main____ INFO    ----------------------------------------
2026-02-23 13:49:09.273803 (933181) main____ INFO    JasperGold version info
2026-02-23 13:49:09.273818 (933181) main____ INFO      tool      : JasperGold 2021.03
2026-02-23 13:49:09.273827 (933181) main____ INFO      version   : 2021.03 FCS 64 bits
2026-02-23 13:49:09.273832 (933181) main____ INFO      build date: 2021.03.23 02:50:43 UTC
2026-02-23 13:49:09.273838 (933181) main____ INFO    ----------------------------------------
2026-02-23 13:49:09.273843 (933181) main____ INFO    Runtime info:
2026-02-23 13:49:09.273848 (933181) main____ INFO      platform  : Linux 5.14.0-570.84.1.el9_6.x86_64 x86_64
2026-02-23 13:49:09.273854 (933181) main____ INFO      hostname  : della-h14n16
2026-02-23 13:49:09.273860 (933181) main____ INFO      pid       : 933181
2026-02-23 13:49:09.273865 (933181) main____ INFO      arguments : '-style' 'windows' '-batch' '-proj' './verification_results/03034/jgproject' '-tcl' './jasper_verif_check.tcl'
2026-02-23 13:49:09.273873 (933181) main____ INFO      locale    : UTF-8
2026-02-23 13:49:09.273878 (933181) main____ INFO    ----------------------------------------
2026-02-23 13:49:09.273883 (933181) main____ INFO    System resource limits info:
2026-02-23 13:49:09.273888 (933181) main____ INFO      virtual memory: unlimited
2026-02-23 13:49:09.273893 (933181) main____ INFO      cpu time      : unlimited
2026-02-23 13:49:09.273898 (933181) main____ INFO      stack size    : unlimited
2026-02-23 13:49:09.273903 (933181) main____ INFO      core file size: unlimited
2026-02-23 13:49:09.273910 (933181) main____ INFO      open files    : 131072
2026-02-23 13:49:09.273915 (933181) main____ INFO      file size     : unlimited
2026-02-23 13:49:09.273922 (933181) main____ INFO    ----------------------------------------
2026-02-23 13:49:09.273927 (933181) main____ INFO    Memory statistics:
2026-02-23 13:49:09.273933 (933181) main____ INFO      total physical memory  : 1584164324 kB
2026-02-23 13:49:09.273939 (933181) main____ INFO      free physical memory   : 925349920 kB
2026-02-23 13:49:09.273944 (933181) main____ INFO      committed address space: 447136184 kB
2026-02-23 13:49:09.273950 (933181) main____ INFO    ----------------------------------------
2026-02-23 13:49:09.274470 (933181) main____ INFO    Important environment variables:
2026-02-23 13:49:09.274485 (933181) main____ INFO      JASPER_HOME       : '/usr/licensed/cadence-20210126/jasper_2021.03'
2026-02-23 13:49:09.274492 (933181) main____ INFO      JASPER_INSTALL_DIR: '/scratch/gpfs/LICENSED/x86_64/cadence-20210126/jasper_2021.03'
2026-02-23 13:49:09.274498 (933181) main____ INFO      LANG              : 'en_US.UTF-8'
2026-02-23 13:49:09.274504 (933181) main____ INFO      LM_LICENSE_FILE   : '5280@license.rc.princeton.edu'
2026-02-23 13:49:09.274510 (933181) main____ INFO      TMPDIR            : '/tmp/ab2113/jg_5018967_53'
2026-02-23 13:49:09.274515 (933181) main____ INFO    ----------------------------------------
2026-02-23 13:49:09.275032 (933181) lic_core INFO    Initializing license system ...
2026-02-23 13:49:09.275572 (933181) lic_core INFO    ... license system initialized.
2026-02-23 13:49:09.276362 (933181) lic__man INFO    Claim 'fpv' for <ui>.
2026-02-23 13:49:09.276397 (933181) lic_core INFO    (1) checking out 'jasper_fpv' ...
2026-02-23 13:49:09.282354 (933181) lic_core INFO    ... (1) checkout failed (error: -5) ("FLEXnet ERROR(-5, 0, 0): No such feature exists.")
2026-02-23 13:49:09.282383 (933181) lic_core INFO    (2) checking out 'jasper_fao' ...
2026-02-23 13:49:09.291284 (933181) lic_core INFO    ... (2) checkout succeeded
2026-02-23 13:49:09.303031 (933181) session_ INFO    Starting analysis session with session id 'session_0' (launcher: <local>) ...
2026-02-23 13:49:09.306033 (933181) session_ INFO    Analysis session with session id 'session_0' started (pid: 933189)
2026-02-23 13:49:09.892090 (933181) session_ INFO    Analysis session 'session_0' connected to the console (host: 127.0.0.1:34260)
2026-02-23 13:49:10.397707 (933181) main____ INFO    About to exit: request to exit with status 1 received from analysis session 'session_0'
2026-02-23 13:49:10.447329 (933181) session_ INFO    Analysis session 'session_0' disconnected.
2026-02-23 13:49:10.447463 (933181) lic__man INFO    Unclaim everything for 'session_0'.
2026-02-23 13:49:10.448746 (933181) session_ INFO    Process for analysis session 'session_0' has exited with exit status '1'.
2026-02-23 13:49:12.503374 (933181) lic_core INFO    (2) checkin jasper_fao
2026-02-23 13:49:12.504682 (933181) main____ INFO    Exiting with status 1.
