2026-02-23 13:48:59.164141 (1710698) main____ INFO    ----------------------------------------
2026-02-23 13:48:59.164210 (1710698) main____ INFO    JasperGold version info
2026-02-23 13:48:59.164227 (1710698) main____ INFO      tool      : JasperGold 2021.03
2026-02-23 13:48:59.164246 (1710698) main____ INFO      version   : 2021.03 FCS 64 bits
2026-02-23 13:48:59.164252 (1710698) main____ INFO      build date: 2021.03.23 02:50:43 UTC
2026-02-23 13:48:59.164257 (1710698) main____ INFO    ----------------------------------------
2026-02-23 13:48:59.164262 (1710698) main____ INFO    Runtime info:
2026-02-23 13:48:59.164267 (1710698) main____ INFO      platform  : Linux 5.14.0-570.84.1.el9_6.x86_64 x86_64
2026-02-23 13:48:59.164273 (1710698) main____ INFO      hostname  : della-h14n7
2026-02-23 13:48:59.164279 (1710698) main____ INFO      pid       : 1710698
2026-02-23 13:48:59.164284 (1710698) main____ INFO      arguments : '-style' 'windows' '-batch' '-proj' './verification_results/03167/jgproject' '-tcl' './jasper_verif_check.tcl'
2026-02-23 13:48:59.164291 (1710698) main____ INFO      locale    : UTF-8
2026-02-23 13:48:59.164297 (1710698) main____ INFO    ----------------------------------------
2026-02-23 13:48:59.164301 (1710698) main____ INFO    System resource limits info:
2026-02-23 13:48:59.164306 (1710698) main____ INFO      virtual memory: unlimited
2026-02-23 13:48:59.164311 (1710698) main____ INFO      cpu time      : unlimited
2026-02-23 13:48:59.164316 (1710698) main____ INFO      stack size    : unlimited
2026-02-23 13:48:59.164321 (1710698) main____ INFO      core file size: unlimited
2026-02-23 13:48:59.164327 (1710698) main____ INFO      open files    : 131072
2026-02-23 13:48:59.164332 (1710698) main____ INFO      file size     : unlimited
2026-02-23 13:48:59.164337 (1710698) main____ INFO    ----------------------------------------
2026-02-23 13:48:59.164342 (1710698) main____ INFO    Memory statistics:
2026-02-23 13:48:59.164348 (1710698) main____ INFO      total physical memory  : 1584164356 kB
2026-02-23 13:48:59.164353 (1710698) main____ INFO      free physical memory   : 808754644 kB
2026-02-23 13:48:59.164357 (1710698) main____ INFO      committed address space: 601365792 kB
2026-02-23 13:48:59.164362 (1710698) main____ INFO    ----------------------------------------
2026-02-23 13:48:59.164869 (1710698) main____ INFO    Important environment variables:
2026-02-23 13:48:59.164881 (1710698) main____ INFO      JASPER_HOME       : '/usr/licensed/cadence-20210126/jasper_2021.03'
2026-02-23 13:48:59.164887 (1710698) main____ INFO      JASPER_INSTALL_DIR: '/scratch/gpfs/LICENSED/x86_64/cadence-20210126/jasper_2021.03'
2026-02-23 13:48:59.164893 (1710698) main____ INFO      LANG              : 'en_US.UTF-8'
2026-02-23 13:48:59.164898 (1710698) main____ INFO      LM_LICENSE_FILE   : '5280@license.rc.princeton.edu'
2026-02-23 13:48:59.164903 (1710698) main____ INFO      TMPDIR            : '/tmp/ab2113/jg_5018983_56'
2026-02-23 13:48:59.164908 (1710698) main____ INFO    ----------------------------------------
2026-02-23 13:48:59.165422 (1710698) lic_core INFO    Initializing license system ...
2026-02-23 13:48:59.165926 (1710698) lic_core INFO    ... license system initialized.
2026-02-23 13:48:59.166631 (1710698) lic__man INFO    Claim 'fpv' for <ui>.
2026-02-23 13:48:59.166663 (1710698) lic_core INFO    (1) checking out 'jasper_fpv' ...
2026-02-23 13:48:59.172417 (1710698) lic_core INFO    ... (1) checkout failed (error: -5) ("FLEXnet ERROR(-5, 0, 0): No such feature exists.")
2026-02-23 13:48:59.172444 (1710698) lic_core INFO    (2) checking out 'jasper_fao' ...
2026-02-23 13:48:59.181481 (1710698) lic_core INFO    ... (2) checkout succeeded
2026-02-23 13:48:59.192352 (1710698) session_ INFO    Starting analysis session with session id 'session_0' (launcher: <local>) ...
2026-02-23 13:48:59.194887 (1710698) session_ INFO    Analysis session with session id 'session_0' started (pid: 1710710)
2026-02-23 13:48:59.771014 (1710698) session_ INFO    Analysis session 'session_0' connected to the console (host: 127.0.0.1:48216)
2026-02-23 13:49:00.605323 (1710698) main____ INFO    About to exit: request to exit with status 1 received from analysis session 'session_0'
2026-02-23 13:49:00.652636 (1710698) session_ INFO    Analysis session 'session_0' disconnected.
2026-02-23 13:49:00.652761 (1710698) lic__man INFO    Unclaim everything for 'session_0'.
2026-02-23 13:49:00.653280 (1710698) session_ INFO    Process for analysis session 'session_0' has exited with exit status '1'.
2026-02-23 13:49:02.577911 (1710698) lic_core INFO    (2) checkin jasper_fao
2026-02-23 13:49:02.579767 (1710698) main____ INFO    Exiting with status 1.
