2026-02-20 18:23:05.823180 (2582780) main____ INFO    ----------------------------------------
2026-02-20 18:23:05.823295 (2582780) main____ INFO    JasperGold version info
2026-02-20 18:23:05.823316 (2582780) main____ INFO      tool      : JasperGold 2021.03
2026-02-20 18:23:05.823326 (2582780) main____ INFO      version   : 2021.03 FCS 64 bits
2026-02-20 18:23:05.823332 (2582780) main____ INFO      build date: 2021.03.23 02:50:43 UTC
2026-02-20 18:23:05.823337 (2582780) main____ INFO    ----------------------------------------
2026-02-20 18:23:05.823341 (2582780) main____ INFO    Runtime info:
2026-02-20 18:23:05.823345 (2582780) main____ INFO      platform  : Linux 5.14.0-570.84.1.el9_6.x86_64 x86_64
2026-02-20 18:23:05.823351 (2582780) main____ INFO      hostname  : della-i13n22
2026-02-20 18:23:05.823355 (2582780) main____ INFO      pid       : 2582780
2026-02-20 18:23:05.823359 (2582780) main____ INFO      arguments : '-style' 'windows' '-batch' '-proj' 'verification_results/00752/jgproject' '-tcl' './jasper_verif_check.tcl'
2026-02-20 18:23:05.823368 (2582780) main____ INFO      locale    : UTF-8
2026-02-20 18:23:05.823372 (2582780) main____ INFO    ----------------------------------------
2026-02-20 18:23:05.823375 (2582780) main____ INFO    System resource limits info:
2026-02-20 18:23:05.823379 (2582780) main____ INFO      virtual memory: unlimited
2026-02-20 18:23:05.823390 (2582780) main____ INFO      cpu time      : unlimited
2026-02-20 18:23:05.823394 (2582780) main____ INFO      stack size    : unlimited
2026-02-20 18:23:05.823398 (2582780) main____ INFO      core file size: unlimited
2026-02-20 18:23:05.823405 (2582780) main____ INFO      open files    : 131072
2026-02-20 18:23:05.823410 (2582780) main____ INFO      file size     : unlimited
2026-02-20 18:23:05.823414 (2582780) main____ INFO    ----------------------------------------
2026-02-20 18:23:05.823417 (2582780) main____ INFO    Memory statistics:
2026-02-20 18:23:05.823422 (2582780) main____ INFO      total physical memory  : 394157548 kB
2026-02-20 18:23:05.823425 (2582780) main____ INFO      free physical memory   : 179534352 kB
2026-02-20 18:23:05.823429 (2582780) main____ INFO      committed address space: 179363884 kB
2026-02-20 18:23:05.823433 (2582780) main____ INFO    ----------------------------------------
2026-02-20 18:23:05.824317 (2582780) main____ INFO    Important environment variables:
2026-02-20 18:23:05.824335 (2582780) main____ INFO      JASPER_HOME       : '/usr/licensed/cadence-20210126/jasper_2021.03'
2026-02-20 18:23:05.824341 (2582780) main____ INFO      JASPER_INSTALL_DIR: '/scratch/gpfs/LICENSED/x86_64/cadence-20210126/jasper_2021.03'
2026-02-20 18:23:05.824346 (2582780) main____ INFO      LANG              : 'en_US.UTF-8'
2026-02-20 18:23:05.824351 (2582780) main____ INFO      LM_LICENSE_FILE   : '5280@license.rc.princeton.edu'
2026-02-20 18:23:05.824356 (2582780) main____ INFO      TMPDIR            : '/tmp'
2026-02-20 18:23:05.824360 (2582780) main____ INFO    ----------------------------------------
2026-02-20 18:23:05.825304 (2582780) lic_core INFO    Initializing license system ...
2026-02-20 18:23:05.826228 (2582780) lic_core INFO    ... license system initialized.
2026-02-20 18:23:05.827067 (2582780) lic__man INFO    Claim 'fpv' for <ui>.
2026-02-20 18:23:05.827113 (2582780) lic_core INFO    (1) checking out 'jasper_fpv' ...
2026-02-20 18:23:05.833772 (2582780) lic_core INFO    ... (1) checkout failed (error: -5) ("FLEXnet ERROR(-5, 0, 0): No such feature exists.")
2026-02-20 18:23:05.833838 (2582780) lic_core INFO    (2) checking out 'jasper_fao' ...
2026-02-20 18:23:05.844244 (2582780) lic_core INFO    ... (2) checkout succeeded
2026-02-20 18:23:05.859252 (2582780) session_ INFO    Starting analysis session with session id 'session_0' (launcher: <local>) ...
2026-02-20 18:23:05.862561 (2582780) session_ INFO    Analysis session with session id 'session_0' started (pid: 2582788)
2026-02-20 18:23:06.599754 (2582780) session_ INFO    Analysis session 'session_0' connected to the console (host: 127.0.0.1:55708)
2026-02-20 18:23:07.210493 (2582780) main____ INFO    About to exit: request to exit with status 1 received from analysis session 'session_0'
2026-02-20 18:23:07.316057 (2582780) session_ INFO    Analysis session 'session_0' disconnected.
2026-02-20 18:23:07.316202 (2582780) lic__man INFO    Unclaim everything for 'session_0'.
2026-02-20 18:23:07.316911 (2582780) session_ INFO    Process for analysis session 'session_0' has exited with exit status '1'.
2026-02-20 18:23:09.115594 (2582780) lic_core INFO    (2) checkin jasper_fao
2026-02-20 18:23:09.117262 (2582780) main____ INFO    Exiting with status 1.
