2026-02-23 13:42:02.440626 (2879090) main____ INFO    ----------------------------------------
2026-02-23 13:42:02.440710 (2879090) main____ INFO    JasperGold version info
2026-02-23 13:42:02.440728 (2879090) main____ INFO      tool      : JasperGold 2021.03
2026-02-23 13:42:02.440738 (2879090) main____ INFO      version   : 2021.03 FCS 64 bits
2026-02-23 13:42:02.440744 (2879090) main____ INFO      build date: 2021.03.23 02:50:43 UTC
2026-02-23 13:42:02.440750 (2879090) main____ INFO    ----------------------------------------
2026-02-23 13:42:02.440755 (2879090) main____ INFO    Runtime info:
2026-02-23 13:42:02.440761 (2879090) main____ INFO      platform  : Linux 5.14.0-570.84.1.el9_6.x86_64 x86_64
2026-02-23 13:42:02.440769 (2879090) main____ INFO      hostname  : della-h16n9
2026-02-23 13:42:02.440774 (2879090) main____ INFO      pid       : 2879090
2026-02-23 13:42:02.440781 (2879090) main____ INFO      arguments : '-style' 'windows' '-batch' '-proj' './verification_results/01306/jgproject' '-tcl' './jasper_verif_check.tcl'
2026-02-23 13:42:02.440790 (2879090) main____ INFO      locale    : UTF-8
2026-02-23 13:42:02.440796 (2879090) main____ INFO    ----------------------------------------
2026-02-23 13:42:02.440802 (2879090) main____ INFO    System resource limits info:
2026-02-23 13:42:02.440808 (2879090) main____ INFO      virtual memory: unlimited
2026-02-23 13:42:02.440813 (2879090) main____ INFO      cpu time      : unlimited
2026-02-23 13:42:02.440819 (2879090) main____ INFO      stack size    : unlimited
2026-02-23 13:42:02.440825 (2879090) main____ INFO      core file size: unlimited
2026-02-23 13:42:02.440833 (2879090) main____ INFO      open files    : 131072
2026-02-23 13:42:02.440838 (2879090) main____ INFO      file size     : unlimited
2026-02-23 13:42:02.440843 (2879090) main____ INFO    ----------------------------------------
2026-02-23 13:42:02.440849 (2879090) main____ INFO    Memory statistics:
2026-02-23 13:42:02.440854 (2879090) main____ INFO      total physical memory  : 1584164368 kB
2026-02-23 13:42:02.440861 (2879090) main____ INFO      free physical memory   : 831988116 kB
2026-02-23 13:42:02.440867 (2879090) main____ INFO      committed address space: 658090176 kB
2026-02-23 13:42:02.440874 (2879090) main____ INFO    ----------------------------------------
2026-02-23 13:42:02.441436 (2879090) main____ INFO    Important environment variables:
2026-02-23 13:42:02.441452 (2879090) main____ INFO      JASPER_HOME       : '/usr/licensed/cadence-20210126/jasper_2021.03'
2026-02-23 13:42:02.441459 (2879090) main____ INFO      JASPER_INSTALL_DIR: '/scratch/gpfs/LICENSED/x86_64/cadence-20210126/jasper_2021.03'
2026-02-23 13:42:02.441466 (2879090) main____ INFO      LANG              : 'en_US.UTF-8'
2026-02-23 13:42:02.441473 (2879090) main____ INFO      LM_LICENSE_FILE   : '5280@license.rc.princeton.edu'
2026-02-23 13:42:02.441479 (2879090) main____ INFO      TMPDIR            : '/tmp/ab2113/jg_5018829_18'
2026-02-23 13:42:02.441484 (2879090) main____ INFO    ----------------------------------------
2026-02-23 13:42:02.441933 (2879090) lic_core INFO    Initializing license system ...
2026-02-23 13:42:02.442490 (2879090) lic_core INFO    ... license system initialized.
2026-02-23 13:42:02.443301 (2879090) lic__man INFO    Claim 'fpv' for <ui>.
2026-02-23 13:42:02.443337 (2879090) lic_core INFO    (1) checking out 'jasper_fpv' ...
2026-02-23 13:42:02.449212 (2879090) lic_core INFO    ... (1) checkout failed (error: -5) ("FLEXnet ERROR(-5, 0, 0): No such feature exists.")
2026-02-23 13:42:02.449240 (2879090) lic_core INFO    (2) checking out 'jasper_fao' ...
2026-02-23 13:42:02.458320 (2879090) lic_core INFO    ... (2) checkout succeeded
2026-02-23 13:42:02.469711 (2879090) session_ INFO    Starting analysis session with session id 'session_0' (launcher: <local>) ...
2026-02-23 13:42:02.472687 (2879090) session_ INFO    Analysis session with session id 'session_0' started (pid: 2879102)
2026-02-23 13:42:03.019749 (2879090) session_ INFO    Analysis session 'session_0' connected to the console (host: 127.0.0.1:45056)
2026-02-23 13:42:03.799555 (2879090) lic__man INFO    Unclaim everything for 'session_0'.
2026-02-23 13:42:03.832128 (2879090) lic__man INFO    Claim 'fpv' for 'session_0'.
2026-02-23 13:42:03.832167 (2879090) lic__man INFO    Claim 'fpv' for 'session_0/prove-0'.
2026-02-23 13:42:03.986342 (2879090) lic__man INFO    Unclaim everything for 'session_0/prove-0'.
2026-02-23 13:42:04.040951 (2879090) main____ INFO    About to exit: request to exit with status 0 received from analysis session 'session_0'
2026-02-23 13:42:04.103183 (2879090) session_ INFO    Analysis session 'session_0' disconnected.
2026-02-23 13:42:04.103321 (2879090) lic__man INFO    Unclaim everything for 'session_0'.
2026-02-23 13:42:04.104061 (2879090) session_ INFO    Process for analysis session 'session_0' has exited with exit status '0'.
2026-02-23 13:42:06.147724 (2879090) lic_core INFO    (2) checkin jasper_fao
2026-02-23 13:42:06.149176 (2879090) main____ INFO    Exiting with status 0.
