2026-02-20 18:13:02.832537 (2579015) main____ INFO    ----------------------------------------
2026-02-20 18:13:02.832647 (2579015) main____ INFO    JasperGold version info
2026-02-20 18:13:02.832669 (2579015) main____ INFO      tool      : JasperGold 2021.03
2026-02-20 18:13:02.832678 (2579015) main____ INFO      version   : 2021.03 FCS 64 bits
2026-02-20 18:13:02.832683 (2579015) main____ INFO      build date: 2021.03.23 02:50:43 UTC
2026-02-20 18:13:02.832688 (2579015) main____ INFO    ----------------------------------------
2026-02-20 18:13:02.832692 (2579015) main____ INFO    Runtime info:
2026-02-20 18:13:02.832696 (2579015) main____ INFO      platform  : Linux 5.14.0-570.84.1.el9_6.x86_64 x86_64
2026-02-20 18:13:02.832702 (2579015) main____ INFO      hostname  : della-i13n22
2026-02-20 18:13:02.832707 (2579015) main____ INFO      pid       : 2579015
2026-02-20 18:13:02.832711 (2579015) main____ INFO      arguments : '-style' 'windows' '-batch' '-proj' 'verification_results/00722/jgproject' '-tcl' './jasper_verif_check.tcl'
2026-02-20 18:13:02.832720 (2579015) main____ INFO      locale    : UTF-8
2026-02-20 18:13:02.832724 (2579015) main____ INFO    ----------------------------------------
2026-02-20 18:13:02.832728 (2579015) main____ INFO    System resource limits info:
2026-02-20 18:13:02.832732 (2579015) main____ INFO      virtual memory: unlimited
2026-02-20 18:13:02.832736 (2579015) main____ INFO      cpu time      : unlimited
2026-02-20 18:13:02.832740 (2579015) main____ INFO      stack size    : unlimited
2026-02-20 18:13:02.832745 (2579015) main____ INFO      core file size: unlimited
2026-02-20 18:13:02.832752 (2579015) main____ INFO      open files    : 131072
2026-02-20 18:13:02.832756 (2579015) main____ INFO      file size     : unlimited
2026-02-20 18:13:02.832760 (2579015) main____ INFO    ----------------------------------------
2026-02-20 18:13:02.832763 (2579015) main____ INFO    Memory statistics:
2026-02-20 18:13:02.832767 (2579015) main____ INFO      total physical memory  : 394157548 kB
2026-02-20 18:13:02.832772 (2579015) main____ INFO      free physical memory   : 178826676 kB
2026-02-20 18:13:02.832775 (2579015) main____ INFO      committed address space: 180119556 kB
2026-02-20 18:13:02.832779 (2579015) main____ INFO    ----------------------------------------
2026-02-20 18:13:02.833677 (2579015) main____ INFO    Important environment variables:
2026-02-20 18:13:02.833696 (2579015) main____ INFO      JASPER_HOME       : '/usr/licensed/cadence-20210126/jasper_2021.03'
2026-02-20 18:13:02.833703 (2579015) main____ INFO      JASPER_INSTALL_DIR: '/scratch/gpfs/LICENSED/x86_64/cadence-20210126/jasper_2021.03'
2026-02-20 18:13:02.833708 (2579015) main____ INFO      LANG              : 'en_US.UTF-8'
2026-02-20 18:13:02.833713 (2579015) main____ INFO      LM_LICENSE_FILE   : '5280@license.rc.princeton.edu'
2026-02-20 18:13:02.833718 (2579015) main____ INFO      TMPDIR            : '/tmp'
2026-02-20 18:13:02.833722 (2579015) main____ INFO    ----------------------------------------
2026-02-20 18:13:02.834701 (2579015) lic_core INFO    Initializing license system ...
2026-02-20 18:13:02.835637 (2579015) lic_core INFO    ... license system initialized.
2026-02-20 18:13:02.836435 (2579015) lic__man INFO    Claim 'fpv' for <ui>.
2026-02-20 18:13:02.836480 (2579015) lic_core INFO    (1) checking out 'jasper_fpv' ...
2026-02-20 18:13:02.842107 (2579015) lic_core INFO    ... (1) checkout failed (error: -5) ("FLEXnet ERROR(-5, 0, 0): No such feature exists.")
2026-02-20 18:13:02.842162 (2579015) lic_core INFO    (2) checking out 'jasper_fao' ...
2026-02-20 18:13:02.852745 (2579015) lic_core INFO    ... (2) checkout succeeded
2026-02-20 18:13:02.867092 (2579015) session_ INFO    Starting analysis session with session id 'session_0' (launcher: <local>) ...
2026-02-20 18:13:02.870337 (2579015) session_ INFO    Analysis session with session id 'session_0' started (pid: 2579023)
2026-02-20 18:13:03.630941 (2579015) session_ INFO    Analysis session 'session_0' connected to the console (host: 127.0.0.1:60076)
2026-02-20 18:13:04.461228 (2579015) lic__man INFO    Unclaim everything for 'session_0'.
2026-02-20 18:13:04.528562 (2579015) main____ INFO    About to exit: request to exit with status 3 received from analysis session 'session_0'
2026-02-20 18:13:04.632348 (2579015) session_ INFO    Analysis session 'session_0' disconnected.
2026-02-20 18:13:04.632505 (2579015) lic__man INFO    Unclaim everything for 'session_0'.
2026-02-20 18:13:04.633804 (2579015) session_ INFO    Process for analysis session 'session_0' has exited with exit status '3'.
2026-02-20 18:13:06.539017 (2579015) lic_core INFO    (2) checkin jasper_fao
2026-02-20 18:13:06.540588 (2579015) main____ INFO    Exiting with status 3.
