2026-02-23 13:49:16.293092 (2385141) main____ INFO    ----------------------------------------
2026-02-23 13:49:16.293194 (2385141) main____ INFO    JasperGold version info
2026-02-23 13:49:16.293212 (2385141) main____ INFO      tool      : JasperGold 2021.03
2026-02-23 13:49:16.293220 (2385141) main____ INFO      version   : 2021.03 FCS 64 bits
2026-02-23 13:49:16.293225 (2385141) main____ INFO      build date: 2021.03.23 02:50:43 UTC
2026-02-23 13:49:16.293231 (2385141) main____ INFO    ----------------------------------------
2026-02-23 13:49:16.293235 (2385141) main____ INFO    Runtime info:
2026-02-23 13:49:16.293240 (2385141) main____ INFO      platform  : Linux 5.14.0-570.84.1.el9_6.x86_64 x86_64
2026-02-23 13:49:16.293246 (2385141) main____ INFO      hostname  : della-h14n8
2026-02-23 13:49:16.293251 (2385141) main____ INFO      pid       : 2385141
2026-02-23 13:49:16.293256 (2385141) main____ INFO      arguments : '-style' 'windows' '-batch' '-proj' './verification_results/02986/jgproject' '-tcl' './jasper_verif_check.tcl'
2026-02-23 13:49:16.293266 (2385141) main____ INFO      locale    : UTF-8
2026-02-23 13:49:16.293270 (2385141) main____ INFO    ----------------------------------------
2026-02-23 13:49:16.293275 (2385141) main____ INFO    System resource limits info:
2026-02-23 13:49:16.293280 (2385141) main____ INFO      virtual memory: unlimited
2026-02-23 13:49:16.293284 (2385141) main____ INFO      cpu time      : unlimited
2026-02-23 13:49:16.293289 (2385141) main____ INFO      stack size    : unlimited
2026-02-23 13:49:16.293293 (2385141) main____ INFO      core file size: unlimited
2026-02-23 13:49:16.293300 (2385141) main____ INFO      open files    : 131072
2026-02-23 13:49:16.293305 (2385141) main____ INFO      file size     : unlimited
2026-02-23 13:49:16.293310 (2385141) main____ INFO    ----------------------------------------
2026-02-23 13:49:16.293314 (2385141) main____ INFO    Memory statistics:
2026-02-23 13:49:16.293319 (2385141) main____ INFO      total physical memory  : 1584164340 kB
2026-02-23 13:49:16.293324 (2385141) main____ INFO      free physical memory   : 761890512 kB
2026-02-23 13:49:16.293328 (2385141) main____ INFO      committed address space: 530819200 kB
2026-02-23 13:49:16.293333 (2385141) main____ INFO    ----------------------------------------
2026-02-23 13:49:16.293867 (2385141) main____ INFO    Important environment variables:
2026-02-23 13:49:16.293883 (2385141) main____ INFO      JASPER_HOME       : '/usr/licensed/cadence-20210126/jasper_2021.03'
2026-02-23 13:49:16.293889 (2385141) main____ INFO      JASPER_INSTALL_DIR: '/scratch/gpfs/LICENSED/x86_64/cadence-20210126/jasper_2021.03'
2026-02-23 13:49:16.293894 (2385141) main____ INFO      LANG              : 'en_US.UTF-8'
2026-02-23 13:49:16.293899 (2385141) main____ INFO      LM_LICENSE_FILE   : '5280@license.rc.princeton.edu'
2026-02-23 13:49:16.293905 (2385141) main____ INFO      TMPDIR            : '/tmp/ab2113/jg_5018966_52'
2026-02-23 13:49:16.293909 (2385141) main____ INFO    ----------------------------------------
2026-02-23 13:49:16.294426 (2385141) lic_core INFO    Initializing license system ...
2026-02-23 13:49:16.295048 (2385141) lic_core INFO    ... license system initialized.
2026-02-23 13:49:16.295876 (2385141) lic__man INFO    Claim 'fpv' for <ui>.
2026-02-23 13:49:16.295912 (2385141) lic_core INFO    (1) checking out 'jasper_fpv' ...
2026-02-23 13:49:16.301245 (2385141) lic_core INFO    ... (1) checkout failed (error: -5) ("FLEXnet ERROR(-5, 0, 0): No such feature exists.")
2026-02-23 13:49:16.301277 (2385141) lic_core INFO    (2) checking out 'jasper_fao' ...
2026-02-23 13:49:16.311238 (2385141) lic_core INFO    ... (2) checkout succeeded
2026-02-23 13:49:16.322889 (2385141) session_ INFO    Starting analysis session with session id 'session_0' (launcher: <local>) ...
2026-02-23 13:49:16.325676 (2385141) session_ INFO    Analysis session with session id 'session_0' started (pid: 2385149)
2026-02-23 13:49:16.869791 (2385141) session_ INFO    Analysis session 'session_0' connected to the console (host: 127.0.0.1:58092)
2026-02-23 13:49:17.668865 (2385141) main____ INFO    About to exit: request to exit with status 1 received from analysis session 'session_0'
2026-02-23 13:49:17.723558 (2385141) session_ INFO    Analysis session 'session_0' disconnected.
2026-02-23 13:49:17.723745 (2385141) lic__man INFO    Unclaim everything for 'session_0'.
2026-02-23 13:49:17.724639 (2385141) session_ INFO    Process for analysis session 'session_0' has exited with exit status '1'.
2026-02-23 13:49:19.579168 (2385141) lic_core INFO    (2) checkin jasper_fao
2026-02-23 13:49:19.580914 (2385141) main____ INFO    Exiting with status 1.
