2026-02-23 13:46:49.170746 (127431) main____ INFO    ----------------------------------------
2026-02-23 13:46:49.170827 (127431) main____ INFO    JasperGold version info
2026-02-23 13:46:49.170845 (127431) main____ INFO      tool      : JasperGold 2021.03
2026-02-23 13:46:49.170855 (127431) main____ INFO      version   : 2021.03 FCS 64 bits
2026-02-23 13:46:49.170861 (127431) main____ INFO      build date: 2021.03.23 02:50:43 UTC
2026-02-23 13:46:49.170866 (127431) main____ INFO    ----------------------------------------
2026-02-23 13:46:49.170870 (127431) main____ INFO    Runtime info:
2026-02-23 13:46:49.170876 (127431) main____ INFO      platform  : Linux 5.14.0-570.84.1.el9_6.x86_64 x86_64
2026-02-23 13:46:49.170882 (127431) main____ INFO      hostname  : della-h14n2
2026-02-23 13:46:49.170887 (127431) main____ INFO      pid       : 127431
2026-02-23 13:46:49.170893 (127431) main____ INFO      arguments : '-style' 'windows' '-batch' '-proj' './verification_results/02437/jgproject' '-tcl' './jasper_verif_check.tcl'
2026-02-23 13:46:49.170901 (127431) main____ INFO      locale    : UTF-8
2026-02-23 13:46:49.170907 (127431) main____ INFO    ----------------------------------------
2026-02-23 13:46:49.170912 (127431) main____ INFO    System resource limits info:
2026-02-23 13:46:49.170917 (127431) main____ INFO      virtual memory: unlimited
2026-02-23 13:46:49.170923 (127431) main____ INFO      cpu time      : unlimited
2026-02-23 13:46:49.170928 (127431) main____ INFO      stack size    : unlimited
2026-02-23 13:46:49.170933 (127431) main____ INFO      core file size: unlimited
2026-02-23 13:46:49.170941 (127431) main____ INFO      open files    : 131072
2026-02-23 13:46:49.170947 (127431) main____ INFO      file size     : unlimited
2026-02-23 13:46:49.170952 (127431) main____ INFO    ----------------------------------------
2026-02-23 13:46:49.170958 (127431) main____ INFO    Memory statistics:
2026-02-23 13:46:49.170963 (127431) main____ INFO      total physical memory  : 1584164328 kB
2026-02-23 13:46:49.170969 (127431) main____ INFO      free physical memory   : 739678784 kB
2026-02-23 13:46:49.170974 (127431) main____ INFO      committed address space: 680416844 kB
2026-02-23 13:46:49.170979 (127431) main____ INFO    ----------------------------------------
2026-02-23 13:46:49.171491 (127431) main____ INFO    Important environment variables:
2026-02-23 13:46:49.171505 (127431) main____ INFO      JASPER_HOME       : '/usr/licensed/cadence-20210126/jasper_2021.03'
2026-02-23 13:46:49.171511 (127431) main____ INFO      JASPER_INSTALL_DIR: '/scratch/gpfs/LICENSED/x86_64/cadence-20210126/jasper_2021.03'
2026-02-23 13:46:49.171517 (127431) main____ INFO      LANG              : 'en_US.UTF-8'
2026-02-23 13:46:49.171522 (127431) main____ INFO      LM_LICENSE_FILE   : '5280@license.rc.princeton.edu'
2026-02-23 13:46:49.171528 (127431) main____ INFO      TMPDIR            : '/tmp/ab2113/jg_5018913_41'
2026-02-23 13:46:49.171532 (127431) main____ INFO    ----------------------------------------
2026-02-23 13:46:49.172008 (127431) lic_core INFO    Initializing license system ...
2026-02-23 13:46:49.172549 (127431) lic_core INFO    ... license system initialized.
2026-02-23 13:46:49.173309 (127431) lic__man INFO    Claim 'fpv' for <ui>.
2026-02-23 13:46:49.173341 (127431) lic_core INFO    (1) checking out 'jasper_fpv' ...
2026-02-23 13:46:49.178914 (127431) lic_core INFO    ... (1) checkout failed (error: -5) ("FLEXnet ERROR(-5, 0, 0): No such feature exists.")
2026-02-23 13:46:49.178947 (127431) lic_core INFO    (2) checking out 'jasper_fao' ...
2026-02-23 13:46:49.187824 (127431) lic_core INFO    ... (2) checkout succeeded
2026-02-23 13:46:49.200238 (127431) session_ INFO    Starting analysis session with session id 'session_0' (launcher: <local>) ...
2026-02-23 13:46:49.203537 (127431) session_ INFO    Analysis session with session id 'session_0' started (pid: 127461)
2026-02-23 13:46:49.764352 (127431) session_ INFO    Analysis session 'session_0' connected to the console (host: 127.0.0.1:33200)
2026-02-23 13:46:50.281899 (127431) main____ INFO    About to exit: request to exit with status 1 received from analysis session 'session_0'
2026-02-23 13:46:50.340400 (127431) session_ INFO    Analysis session 'session_0' disconnected.
2026-02-23 13:46:50.340548 (127431) lic__man INFO    Unclaim everything for 'session_0'.
2026-02-23 13:46:50.341002 (127431) session_ INFO    Process for analysis session 'session_0' has exited with exit status '1'.
2026-02-23 13:46:52.387957 (127431) lic_core INFO    (2) checkin jasper_fao
2026-02-23 13:46:52.389540 (127431) main____ INFO    Exiting with status 1.
