2026-02-23 13:41:07.836659 (1940634) main____ INFO    ----------------------------------------
2026-02-23 13:41:07.836759 (1940634) main____ INFO    JasperGold version info
2026-02-23 13:41:07.836776 (1940634) main____ INFO      tool      : JasperGold 2021.03
2026-02-23 13:41:07.836786 (1940634) main____ INFO      version   : 2021.03 FCS 64 bits
2026-02-23 13:41:07.836791 (1940634) main____ INFO      build date: 2021.03.23 02:50:43 UTC
2026-02-23 13:41:07.836796 (1940634) main____ INFO    ----------------------------------------
2026-02-23 13:41:07.836801 (1940634) main____ INFO    Runtime info:
2026-02-23 13:41:07.836805 (1940634) main____ INFO      platform  : Linux 5.14.0-570.84.1.el9_6.x86_64 x86_64
2026-02-23 13:41:07.836812 (1940634) main____ INFO      hostname  : della-r3c1n5
2026-02-23 13:41:07.836817 (1940634) main____ INFO      pid       : 1940634
2026-02-23 13:41:07.836821 (1940634) main____ INFO      arguments : '-style' 'windows' '-batch' '-proj' './verification_results/01329/jgproject' '-tcl' './jasper_verif_check.tcl'
2026-02-23 13:41:07.836830 (1940634) main____ INFO      locale    : UTF-8
2026-02-23 13:41:07.836834 (1940634) main____ INFO    ----------------------------------------
2026-02-23 13:41:07.836838 (1940634) main____ INFO    System resource limits info:
2026-02-23 13:41:07.836843 (1940634) main____ INFO      virtual memory: unlimited
2026-02-23 13:41:07.836847 (1940634) main____ INFO      cpu time      : unlimited
2026-02-23 13:41:07.836852 (1940634) main____ INFO      stack size    : unlimited
2026-02-23 13:41:07.836856 (1940634) main____ INFO      core file size: unlimited
2026-02-23 13:41:07.836863 (1940634) main____ INFO      open files    : 131072
2026-02-23 13:41:07.836867 (1940634) main____ INFO      file size     : unlimited
2026-02-23 13:41:07.836872 (1940634) main____ INFO    ----------------------------------------
2026-02-23 13:41:07.836876 (1940634) main____ INFO    Memory statistics:
2026-02-23 13:41:07.836881 (1940634) main____ INFO      total physical memory  : 195972056 kB
2026-02-23 13:41:07.836885 (1940634) main____ INFO      free physical memory   : 111285636 kB
2026-02-23 13:41:07.836889 (1940634) main____ INFO      committed address space: 51857024 kB
2026-02-23 13:41:07.836893 (1940634) main____ INFO    ----------------------------------------
2026-02-23 13:41:07.837895 (1940634) main____ INFO    Important environment variables:
2026-02-23 13:41:07.837915 (1940634) main____ INFO      JASPER_HOME       : '/usr/licensed/cadence-20210126/jasper_2021.03'
2026-02-23 13:41:07.837922 (1940634) main____ INFO      JASPER_INSTALL_DIR: '/scratch/gpfs/LICENSED/x86_64/cadence-20210126/jasper_2021.03'
2026-02-23 13:41:07.837927 (1940634) main____ INFO      LANG              : 'en_US.UTF-8'
2026-02-23 13:41:07.837932 (1940634) main____ INFO      LM_LICENSE_FILE   : '5280@license.rc.princeton.edu'
2026-02-23 13:41:07.837937 (1940634) main____ INFO      TMPDIR            : '/tmp/ab2113/jg_5018833_19'
2026-02-23 13:41:07.837942 (1940634) main____ INFO    ----------------------------------------
2026-02-23 13:41:07.838849 (1940634) lic_core INFO    Initializing license system ...
2026-02-23 13:41:07.839714 (1940634) lic_core INFO    ... license system initialized.
2026-02-23 13:41:07.840477 (1940634) lic__man INFO    Claim 'fpv' for <ui>.
2026-02-23 13:41:07.840516 (1940634) lic_core INFO    (1) checking out 'jasper_fpv' ...
2026-02-23 13:41:07.846247 (1940634) lic_core INFO    ... (1) checkout failed (error: -5) ("FLEXnet ERROR(-5, 0, 0): No such feature exists.")
2026-02-23 13:41:07.846288 (1940634) lic_core INFO    (2) checking out 'jasper_fao' ...
2026-02-23 13:41:07.856775 (1940634) lic_core INFO    ... (2) checkout succeeded
2026-02-23 13:41:07.871376 (1940634) session_ INFO    Starting analysis session with session id 'session_0' (launcher: <local>) ...
2026-02-23 13:41:07.874330 (1940634) session_ INFO    Analysis session with session id 'session_0' started (pid: 1940646)
2026-02-23 13:41:08.576441 (1940634) session_ INFO    Analysis session 'session_0' connected to the console (host: 127.0.0.1:55440)
2026-02-23 13:41:09.159224 (1940634) main____ INFO    About to exit: request to exit with status 1 received from analysis session 'session_0'
2026-02-23 13:41:09.234175 (1940634) session_ INFO    Analysis session 'session_0' disconnected.
2026-02-23 13:41:09.234299 (1940634) lic__man INFO    Unclaim everything for 'session_0'.
2026-02-23 13:41:09.234878 (1940634) session_ INFO    Process for analysis session 'session_0' has exited with exit status '1'.
2026-02-23 13:41:11.095714 (1940634) lic_core INFO    (2) checkin jasper_fao
2026-02-23 13:41:11.097404 (1940634) main____ INFO    Exiting with status 1.
