2026-02-20 17:59:53.214031 (2569454) main____ INFO    ----------------------------------------
2026-02-20 17:59:53.214159 (2569454) main____ INFO    JasperGold version info
2026-02-20 17:59:53.214181 (2569454) main____ INFO      tool      : JasperGold 2021.03
2026-02-20 17:59:53.214190 (2569454) main____ INFO      version   : 2021.03 FCS 64 bits
2026-02-20 17:59:53.214195 (2569454) main____ INFO      build date: 2021.03.23 02:50:43 UTC
2026-02-20 17:59:53.214199 (2569454) main____ INFO    ----------------------------------------
2026-02-20 17:59:53.214203 (2569454) main____ INFO    Runtime info:
2026-02-20 17:59:53.214207 (2569454) main____ INFO      platform  : Linux 5.14.0-570.84.1.el9_6.x86_64 x86_64
2026-02-20 17:59:53.214213 (2569454) main____ INFO      hostname  : della-i13n22
2026-02-20 17:59:53.214217 (2569454) main____ INFO      pid       : 2569454
2026-02-20 17:59:53.214222 (2569454) main____ INFO      arguments : '-style' 'windows' '-batch' '-proj' 'verification_results/00627/jgproject' '-tcl' './jasper_verif_check.tcl'
2026-02-20 17:59:53.214230 (2569454) main____ INFO      locale    : UTF-8
2026-02-20 17:59:53.214234 (2569454) main____ INFO    ----------------------------------------
2026-02-20 17:59:53.214238 (2569454) main____ INFO    System resource limits info:
2026-02-20 17:59:53.214242 (2569454) main____ INFO      virtual memory: unlimited
2026-02-20 17:59:53.214246 (2569454) main____ INFO      cpu time      : unlimited
2026-02-20 17:59:53.214250 (2569454) main____ INFO      stack size    : unlimited
2026-02-20 17:59:53.214254 (2569454) main____ INFO      core file size: unlimited
2026-02-20 17:59:53.214261 (2569454) main____ INFO      open files    : 131072
2026-02-20 17:59:53.214265 (2569454) main____ INFO      file size     : unlimited
2026-02-20 17:59:53.214268 (2569454) main____ INFO    ----------------------------------------
2026-02-20 17:59:53.214272 (2569454) main____ INFO    Memory statistics:
2026-02-20 17:59:53.214276 (2569454) main____ INFO      total physical memory  : 394157548 kB
2026-02-20 17:59:53.214280 (2569454) main____ INFO      free physical memory   : 183502944 kB
2026-02-20 17:59:53.214284 (2569454) main____ INFO      committed address space: 175356068 kB
2026-02-20 17:59:53.214287 (2569454) main____ INFO    ----------------------------------------
2026-02-20 17:59:53.215187 (2569454) main____ INFO    Important environment variables:
2026-02-20 17:59:53.215206 (2569454) main____ INFO      JASPER_HOME       : '/usr/licensed/cadence-20210126/jasper_2021.03'
2026-02-20 17:59:53.215212 (2569454) main____ INFO      JASPER_INSTALL_DIR: '/scratch/gpfs/LICENSED/x86_64/cadence-20210126/jasper_2021.03'
2026-02-20 17:59:53.215217 (2569454) main____ INFO      LANG              : 'en_US.UTF-8'
2026-02-20 17:59:53.215222 (2569454) main____ INFO      LM_LICENSE_FILE   : '5280@license.rc.princeton.edu'
2026-02-20 17:59:53.215227 (2569454) main____ INFO      TMPDIR            : '/tmp'
2026-02-20 17:59:53.215231 (2569454) main____ INFO    ----------------------------------------
2026-02-20 17:59:53.216253 (2569454) lic_core INFO    Initializing license system ...
2026-02-20 17:59:53.217262 (2569454) lic_core INFO    ... license system initialized.
2026-02-20 17:59:53.218118 (2569454) lic__man INFO    Claim 'fpv' for <ui>.
2026-02-20 17:59:53.218172 (2569454) lic_core INFO    (1) checking out 'jasper_fpv' ...
2026-02-20 17:59:53.223921 (2569454) lic_core INFO    ... (1) checkout failed (error: -5) ("FLEXnet ERROR(-5, 0, 0): No such feature exists.")
2026-02-20 17:59:53.223991 (2569454) lic_core INFO    (2) checking out 'jasper_fao' ...
2026-02-20 17:59:53.234347 (2569454) lic_core INFO    ... (2) checkout succeeded
2026-02-20 17:59:53.249126 (2569454) session_ INFO    Starting analysis session with session id 'session_0' (launcher: <local>) ...
2026-02-20 17:59:53.252683 (2569454) session_ INFO    Analysis session with session id 'session_0' started (pid: 2569462)
2026-02-20 17:59:54.008222 (2569454) session_ INFO    Analysis session 'session_0' connected to the console (host: 127.0.0.1:33246)
2026-02-20 17:59:54.886995 (2569454) lic__man INFO    Unclaim everything for 'session_0'.
2026-02-20 17:59:54.954456 (2569454) lic__man INFO    Claim 'fpv' for 'session_0'.
2026-02-20 17:59:54.954520 (2569454) lic__man INFO    Claim 'fpv' for 'session_0/prove-0'.
2026-02-20 17:59:55.195058 (2569454) lic__man INFO    Unclaim everything for 'session_0/prove-0'.
2026-02-20 17:59:55.253506 (2569454) main____ INFO    About to exit: request to exit with status 0 received from analysis session 'session_0'
2026-02-20 17:59:55.359029 (2569454) session_ INFO    Analysis session 'session_0' disconnected.
2026-02-20 17:59:55.359166 (2569454) lic__man INFO    Unclaim everything for 'session_0'.
2026-02-20 17:59:55.359836 (2569454) session_ INFO    Process for analysis session 'session_0' has exited with exit status '0'.
2026-02-20 17:59:57.159020 (2569454) lic_core INFO    (2) checkin jasper_fao
2026-02-20 17:59:57.160889 (2569454) main____ INFO    Exiting with status 0.
