2026-02-23 13:50:18.238256 (1723850) main____ INFO    ----------------------------------------
2026-02-23 13:50:18.238344 (1723850) main____ INFO    JasperGold version info
2026-02-23 13:50:18.238362 (1723850) main____ INFO      tool      : JasperGold 2021.03
2026-02-23 13:50:18.238370 (1723850) main____ INFO      version   : 2021.03 FCS 64 bits
2026-02-23 13:50:18.238376 (1723850) main____ INFO      build date: 2021.03.23 02:50:43 UTC
2026-02-23 13:50:18.238381 (1723850) main____ INFO    ----------------------------------------
2026-02-23 13:50:18.238386 (1723850) main____ INFO    Runtime info:
2026-02-23 13:50:18.238391 (1723850) main____ INFO      platform  : Linux 5.14.0-570.84.1.el9_6.x86_64 x86_64
2026-02-23 13:50:18.238397 (1723850) main____ INFO      hostname  : della-h14n7
2026-02-23 13:50:18.238403 (1723850) main____ INFO      pid       : 1723850
2026-02-23 13:50:18.238408 (1723850) main____ INFO      arguments : '-style' 'windows' '-batch' '-proj' './verification_results/03188/jgproject' '-tcl' './jasper_verif_check.tcl'
2026-02-23 13:50:18.238416 (1723850) main____ INFO      locale    : UTF-8
2026-02-23 13:50:18.238421 (1723850) main____ INFO    ----------------------------------------
2026-02-23 13:50:18.238425 (1723850) main____ INFO    System resource limits info:
2026-02-23 13:50:18.238430 (1723850) main____ INFO      virtual memory: unlimited
2026-02-23 13:50:18.238435 (1723850) main____ INFO      cpu time      : unlimited
2026-02-23 13:50:18.238440 (1723850) main____ INFO      stack size    : unlimited
2026-02-23 13:50:18.238445 (1723850) main____ INFO      core file size: unlimited
2026-02-23 13:50:18.238451 (1723850) main____ INFO      open files    : 131072
2026-02-23 13:50:18.238456 (1723850) main____ INFO      file size     : unlimited
2026-02-23 13:50:18.238461 (1723850) main____ INFO    ----------------------------------------
2026-02-23 13:50:18.238466 (1723850) main____ INFO    Memory statistics:
2026-02-23 13:50:18.238471 (1723850) main____ INFO      total physical memory  : 1584164356 kB
2026-02-23 13:50:18.238476 (1723850) main____ INFO      free physical memory   : 808138776 kB
2026-02-23 13:50:18.238480 (1723850) main____ INFO      committed address space: 604935408 kB
2026-02-23 13:50:18.238485 (1723850) main____ INFO    ----------------------------------------
2026-02-23 13:50:18.239011 (1723850) main____ INFO    Important environment variables:
2026-02-23 13:50:18.239024 (1723850) main____ INFO      JASPER_HOME       : '/usr/licensed/cadence-20210126/jasper_2021.03'
2026-02-23 13:50:18.239030 (1723850) main____ INFO      JASPER_INSTALL_DIR: '/scratch/gpfs/LICENSED/x86_64/cadence-20210126/jasper_2021.03'
2026-02-23 13:50:18.239036 (1723850) main____ INFO      LANG              : 'en_US.UTF-8'
2026-02-23 13:50:18.239041 (1723850) main____ INFO      LM_LICENSE_FILE   : '5280@license.rc.princeton.edu'
2026-02-23 13:50:18.239046 (1723850) main____ INFO      TMPDIR            : '/tmp/ab2113/jg_5018983_56'
2026-02-23 13:50:18.239051 (1723850) main____ INFO    ----------------------------------------
2026-02-23 13:50:18.239552 (1723850) lic_core INFO    Initializing license system ...
2026-02-23 13:50:18.240079 (1723850) lic_core INFO    ... license system initialized.
2026-02-23 13:50:18.240866 (1723850) lic__man INFO    Claim 'fpv' for <ui>.
2026-02-23 13:50:18.240900 (1723850) lic_core INFO    (1) checking out 'jasper_fpv' ...
2026-02-23 13:50:18.246888 (1723850) lic_core INFO    ... (1) checkout failed (error: -5) ("FLEXnet ERROR(-5, 0, 0): No such feature exists.")
2026-02-23 13:50:18.246937 (1723850) lic_core INFO    (2) checking out 'jasper_fao' ...
2026-02-23 13:50:18.256103 (1723850) lic_core INFO    ... (2) checkout succeeded
2026-02-23 13:50:18.267780 (1723850) session_ INFO    Starting analysis session with session id 'session_0' (launcher: <local>) ...
2026-02-23 13:50:18.270462 (1723850) session_ INFO    Analysis session with session id 'session_0' started (pid: 1723872)
2026-02-23 13:50:18.879453 (1723850) session_ INFO    Analysis session 'session_0' connected to the console (host: 127.0.0.1:53282)
2026-02-23 13:50:19.394304 (1723850) main____ INFO    About to exit: request to exit with status 1 received from analysis session 'session_0'
2026-02-23 13:50:19.441889 (1723850) session_ INFO    Analysis session 'session_0' disconnected.
2026-02-23 13:50:19.442010 (1723850) lic__man INFO    Unclaim everything for 'session_0'.
2026-02-23 13:50:19.443611 (1723850) session_ INFO    Process for analysis session 'session_0' has exited with exit status '1'.
2026-02-23 13:50:21.499936 (1723850) lic_core INFO    (2) checkin jasper_fao
2026-02-23 13:50:21.501485 (1723850) main____ INFO    Exiting with status 1.
