2026-02-20 17:58:44.822924 (2567895) main____ INFO    ----------------------------------------
2026-02-20 17:58:44.823051 (2567895) main____ INFO    JasperGold version info
2026-02-20 17:58:44.823074 (2567895) main____ INFO      tool      : JasperGold 2021.03
2026-02-20 17:58:44.823085 (2567895) main____ INFO      version   : 2021.03 FCS 64 bits
2026-02-20 17:58:44.823090 (2567895) main____ INFO      build date: 2021.03.23 02:50:43 UTC
2026-02-20 17:58:44.823095 (2567895) main____ INFO    ----------------------------------------
2026-02-20 17:58:44.823099 (2567895) main____ INFO    Runtime info:
2026-02-20 17:58:44.823103 (2567895) main____ INFO      platform  : Linux 5.14.0-570.84.1.el9_6.x86_64 x86_64
2026-02-20 17:58:44.823109 (2567895) main____ INFO      hostname  : della-i13n22
2026-02-20 17:58:44.823114 (2567895) main____ INFO      pid       : 2567895
2026-02-20 17:58:44.823118 (2567895) main____ INFO      arguments : '-style' 'windows' '-batch' '-proj' 'verification_results/00609/jgproject' '-tcl' './jasper_verif_check.tcl'
2026-02-20 17:58:44.823127 (2567895) main____ INFO      locale    : UTF-8
2026-02-20 17:58:44.823131 (2567895) main____ INFO    ----------------------------------------
2026-02-20 17:58:44.823135 (2567895) main____ INFO    System resource limits info:
2026-02-20 17:58:44.823140 (2567895) main____ INFO      virtual memory: unlimited
2026-02-20 17:58:44.823144 (2567895) main____ INFO      cpu time      : unlimited
2026-02-20 17:58:44.823148 (2567895) main____ INFO      stack size    : unlimited
2026-02-20 17:58:44.823152 (2567895) main____ INFO      core file size: unlimited
2026-02-20 17:58:44.823160 (2567895) main____ INFO      open files    : 131072
2026-02-20 17:58:44.823168 (2567895) main____ INFO      file size     : unlimited
2026-02-20 17:58:44.823172 (2567895) main____ INFO    ----------------------------------------
2026-02-20 17:58:44.823175 (2567895) main____ INFO    Memory statistics:
2026-02-20 17:58:44.823180 (2567895) main____ INFO      total physical memory  : 394157548 kB
2026-02-20 17:58:44.823183 (2567895) main____ INFO      free physical memory   : 184869308 kB
2026-02-20 17:58:44.823187 (2567895) main____ INFO      committed address space: 173899632 kB
2026-02-20 17:58:44.823191 (2567895) main____ INFO    ----------------------------------------
2026-02-20 17:58:44.824071 (2567895) main____ INFO    Important environment variables:
2026-02-20 17:58:44.824091 (2567895) main____ INFO      JASPER_HOME       : '/usr/licensed/cadence-20210126/jasper_2021.03'
2026-02-20 17:58:44.824097 (2567895) main____ INFO      JASPER_INSTALL_DIR: '/scratch/gpfs/LICENSED/x86_64/cadence-20210126/jasper_2021.03'
2026-02-20 17:58:44.824102 (2567895) main____ INFO      LANG              : 'en_US.UTF-8'
2026-02-20 17:58:44.824107 (2567895) main____ INFO      LM_LICENSE_FILE   : '5280@license.rc.princeton.edu'
2026-02-20 17:58:44.824112 (2567895) main____ INFO      TMPDIR            : '/tmp'
2026-02-20 17:58:44.824116 (2567895) main____ INFO    ----------------------------------------
2026-02-20 17:58:44.825042 (2567895) lic_core INFO    Initializing license system ...
2026-02-20 17:58:44.825943 (2567895) lic_core INFO    ... license system initialized.
2026-02-20 17:58:44.826776 (2567895) lic__man INFO    Claim 'fpv' for <ui>.
2026-02-20 17:58:44.826818 (2567895) lic_core INFO    (1) checking out 'jasper_fpv' ...
2026-02-20 17:58:44.832660 (2567895) lic_core INFO    ... (1) checkout failed (error: -5) ("FLEXnet ERROR(-5, 0, 0): No such feature exists.")
2026-02-20 17:58:44.832720 (2567895) lic_core INFO    (2) checking out 'jasper_fao' ...
2026-02-20 17:58:44.843464 (2567895) lic_core INFO    ... (2) checkout succeeded
2026-02-20 17:58:44.857919 (2567895) session_ INFO    Starting analysis session with session id 'session_0' (launcher: <local>) ...
2026-02-20 17:58:44.860910 (2567895) session_ INFO    Analysis session with session id 'session_0' started (pid: 2567903)
2026-02-20 17:58:45.620842 (2567895) session_ INFO    Analysis session 'session_0' connected to the console (host: 127.0.0.1:58306)
2026-02-20 17:58:46.462254 (2567895) lic__man INFO    Unclaim everything for 'session_0'.
2026-02-20 17:58:46.506209 (2567895) lic__man INFO    Claim 'fpv' for 'session_0'.
2026-02-20 17:58:46.506261 (2567895) lic__man INFO    Claim 'fpv' for 'session_0/prove-0'.
2026-02-20 17:58:46.643471 (2567895) lic__man INFO    Unclaim everything for 'session_0/prove-0'.
2026-02-20 17:58:46.705505 (2567895) main____ INFO    About to exit: request to exit with status 0 received from analysis session 'session_0'
2026-02-20 17:58:46.799048 (2567895) session_ INFO    Analysis session 'session_0' disconnected.
2026-02-20 17:58:46.799179 (2567895) lic__man INFO    Unclaim everything for 'session_0'.
2026-02-20 17:58:46.799833 (2567895) session_ INFO    Process for analysis session 'session_0' has exited with exit status '0'.
2026-02-20 17:58:48.612575 (2567895) lic_core INFO    (2) checkin jasper_fao
2026-02-20 17:58:48.614187 (2567895) main____ INFO    Exiting with status 0.
