2026-02-23 13:57:00.730250 (2563189) main____ INFO    ----------------------------------------
2026-02-23 13:57:00.730376 (2563189) main____ INFO    JasperGold version info
2026-02-23 13:57:00.730395 (2563189) main____ INFO      tool      : JasperGold 2021.03
2026-02-23 13:57:00.730405 (2563189) main____ INFO      version   : 2021.03 FCS 64 bits
2026-02-23 13:57:00.730410 (2563189) main____ INFO      build date: 2021.03.23 02:50:43 UTC
2026-02-23 13:57:00.730414 (2563189) main____ INFO    ----------------------------------------
2026-02-23 13:57:00.730418 (2563189) main____ INFO    Runtime info:
2026-02-23 13:57:00.730423 (2563189) main____ INFO      platform  : Linux 5.14.0-570.84.1.el9_6.x86_64 x86_64
2026-02-23 13:57:00.730429 (2563189) main____ INFO      hostname  : della-i13n7
2026-02-23 13:57:00.730434 (2563189) main____ INFO      pid       : 2563189
2026-02-23 13:57:00.730438 (2563189) main____ INFO      arguments : '-style' 'windows' '-batch' '-proj' './verification_results/04468/jgproject' '-tcl' './jasper_verif_check.tcl'
2026-02-23 13:57:00.730448 (2563189) main____ INFO      locale    : UTF-8
2026-02-23 13:57:00.730452 (2563189) main____ INFO    ----------------------------------------
2026-02-23 13:57:00.730455 (2563189) main____ INFO    System resource limits info:
2026-02-23 13:57:00.730460 (2563189) main____ INFO      virtual memory: unlimited
2026-02-23 13:57:00.730464 (2563189) main____ INFO      cpu time      : unlimited
2026-02-23 13:57:00.730468 (2563189) main____ INFO      stack size    : unlimited
2026-02-23 13:57:00.730472 (2563189) main____ INFO      core file size: unlimited
2026-02-23 13:57:00.730480 (2563189) main____ INFO      open files    : 131072
2026-02-23 13:57:00.730485 (2563189) main____ INFO      file size     : unlimited
2026-02-23 13:57:00.730489 (2563189) main____ INFO    ----------------------------------------
2026-02-23 13:57:00.730492 (2563189) main____ INFO    Memory statistics:
2026-02-23 13:57:00.730497 (2563189) main____ INFO      total physical memory  : 394157548 kB
2026-02-23 13:57:00.730501 (2563189) main____ INFO      free physical memory   : 120428496 kB
2026-02-23 13:57:00.730505 (2563189) main____ INFO      committed address space: 104010956 kB
2026-02-23 13:57:00.730508 (2563189) main____ INFO    ----------------------------------------
2026-02-23 13:57:00.731435 (2563189) main____ INFO    Important environment variables:
2026-02-23 13:57:00.731455 (2563189) main____ INFO      JASPER_HOME       : '/usr/licensed/cadence-20210126/jasper_2021.03'
2026-02-23 13:57:00.731461 (2563189) main____ INFO      JASPER_INSTALL_DIR: '/scratch/gpfs/LICENSED/x86_64/cadence-20210126/jasper_2021.03'
2026-02-23 13:57:00.731466 (2563189) main____ INFO      LANG              : 'en_US.UTF-8'
2026-02-23 13:57:00.731471 (2563189) main____ INFO      LM_LICENSE_FILE   : '5280@license.rc.princeton.edu'
2026-02-23 13:57:00.731477 (2563189) main____ INFO      TMPDIR            : '/tmp/ab2113/jg_5019150_82'
2026-02-23 13:57:00.731481 (2563189) main____ INFO    ----------------------------------------
2026-02-23 13:57:00.732360 (2563189) lic_core INFO    Initializing license system ...
2026-02-23 13:57:00.733239 (2563189) lic_core INFO    ... license system initialized.
2026-02-23 13:57:00.734046 (2563189) lic__man INFO    Claim 'fpv' for <ui>.
2026-02-23 13:57:00.734088 (2563189) lic_core INFO    (1) checking out 'jasper_fpv' ...
2026-02-23 13:57:00.740435 (2563189) lic_core INFO    ... (1) checkout failed (error: -5) ("FLEXnet ERROR(-5, 0, 0): No such feature exists.")
2026-02-23 13:57:00.740500 (2563189) lic_core INFO    (2) checking out 'jasper_fao' ...
2026-02-23 13:57:00.750678 (2563189) lic_core INFO    ... (2) checkout succeeded
2026-02-23 13:57:00.765041 (2563189) session_ INFO    Starting analysis session with session id 'session_0' (launcher: <local>) ...
2026-02-23 13:57:00.768797 (2563189) session_ INFO    Analysis session with session id 'session_0' started (pid: 2563197)
2026-02-23 13:57:01.578485 (2563189) session_ INFO    Analysis session 'session_0' connected to the console (host: 127.0.0.1:51610)
2026-02-23 13:57:02.421985 (2563189) lic__man INFO    Unclaim everything for 'session_0'.
2026-02-23 13:57:02.474328 (2563189) lic__man INFO    Claim 'fpv' for 'session_0'.
2026-02-23 13:57:02.474382 (2563189) lic__man INFO    Claim 'fpv' for 'session_0/prove-0'.
2026-02-23 13:57:02.611779 (2563189) lic__man INFO    Unclaim everything for 'session_0/prove-0'.
2026-02-23 13:57:02.671128 (2563189) main____ INFO    About to exit: request to exit with status 0 received from analysis session 'session_0'
2026-02-23 13:57:02.762079 (2563189) session_ INFO    Analysis session 'session_0' disconnected.
2026-02-23 13:57:02.762217 (2563189) lic__man INFO    Unclaim everything for 'session_0'.
2026-02-23 13:57:02.762786 (2563189) session_ INFO    Process for analysis session 'session_0' has exited with exit status '0'.
2026-02-23 13:57:04.779926 (2563189) lic_core INFO    (2) checkin jasper_fao
2026-02-23 13:57:04.781702 (2563189) main____ INFO    Exiting with status 0.
