2026-02-23 13:42:19.702542 (928739) main____ INFO    ----------------------------------------
2026-02-23 13:42:19.702613 (928739) main____ INFO    JasperGold version info
2026-02-23 13:42:19.702629 (928739) main____ INFO      tool      : JasperGold 2021.03
2026-02-23 13:42:19.702637 (928739) main____ INFO      version   : 2021.03 FCS 64 bits
2026-02-23 13:42:19.702641 (928739) main____ INFO      build date: 2021.03.23 02:50:43 UTC
2026-02-23 13:42:19.702645 (928739) main____ INFO    ----------------------------------------
2026-02-23 13:42:19.702649 (928739) main____ INFO    Runtime info:
2026-02-23 13:42:19.702653 (928739) main____ INFO      platform  : Linux 5.14.0-570.84.1.el9_6.x86_64 x86_64
2026-02-23 13:42:19.702659 (928739) main____ INFO      hostname  : della-i13n12
2026-02-23 13:42:19.702663 (928739) main____ INFO      pid       : 928739
2026-02-23 13:42:19.702668 (928739) main____ INFO      arguments : '-style' 'windows' '-batch' '-proj' './verification_results/01488/jgproject' '-tcl' './jasper_verif_check.tcl'
2026-02-23 13:42:19.702674 (928739) main____ INFO      locale    : UTF-8
2026-02-23 13:42:19.702678 (928739) main____ INFO    ----------------------------------------
2026-02-23 13:42:19.702682 (928739) main____ INFO    System resource limits info:
2026-02-23 13:42:19.702686 (928739) main____ INFO      virtual memory: unlimited
2026-02-23 13:42:19.702690 (928739) main____ INFO      cpu time      : unlimited
2026-02-23 13:42:19.702694 (928739) main____ INFO      stack size    : unlimited
2026-02-23 13:42:19.702698 (928739) main____ INFO      core file size: unlimited
2026-02-23 13:42:19.702704 (928739) main____ INFO      open files    : 131072
2026-02-23 13:42:19.702708 (928739) main____ INFO      file size     : unlimited
2026-02-23 13:42:19.702712 (928739) main____ INFO    ----------------------------------------
2026-02-23 13:42:19.702716 (928739) main____ INFO    Memory statistics:
2026-02-23 13:42:19.702720 (928739) main____ INFO      total physical memory  : 394157548 kB
2026-02-23 13:42:19.702724 (928739) main____ INFO      free physical memory   : 223934504 kB
2026-02-23 13:42:19.702727 (928739) main____ INFO      committed address space: 109738788 kB
2026-02-23 13:42:19.702731 (928739) main____ INFO    ----------------------------------------
2026-02-23 13:42:19.703603 (928739) main____ INFO    Important environment variables:
2026-02-23 13:42:19.703617 (928739) main____ INFO      JASPER_HOME       : '/usr/licensed/cadence-20210126/jasper_2021.03'
2026-02-23 13:42:19.703623 (928739) main____ INFO      JASPER_INSTALL_DIR: '/scratch/gpfs/LICENSED/x86_64/cadence-20210126/jasper_2021.03'
2026-02-23 13:42:19.703628 (928739) main____ INFO      LANG              : 'en_US.UTF-8'
2026-02-23 13:42:19.703633 (928739) main____ INFO      LM_LICENSE_FILE   : '5280@license.rc.princeton.edu'
2026-02-23 13:42:19.703638 (928739) main____ INFO      TMPDIR            : '/tmp/ab2113/jg_5018840_22'
2026-02-23 13:42:19.703642 (928739) main____ INFO    ----------------------------------------
2026-02-23 13:42:19.704402 (928739) lic_core INFO    Initializing license system ...
2026-02-23 13:42:19.705141 (928739) lic_core INFO    ... license system initialized.
2026-02-23 13:42:19.705800 (928739) lic__man INFO    Claim 'fpv' for <ui>.
2026-02-23 13:42:19.705833 (928739) lic_core INFO    (1) checking out 'jasper_fpv' ...
2026-02-23 13:42:19.711447 (928739) lic_core INFO    ... (1) checkout failed (error: -5) ("FLEXnet ERROR(-5, 0, 0): No such feature exists.")
2026-02-23 13:42:19.711478 (928739) lic_core INFO    (2) checking out 'jasper_fao' ...
2026-02-23 13:42:19.721582 (928739) lic_core INFO    ... (2) checkout succeeded
2026-02-23 13:42:19.735329 (928739) session_ INFO    Starting analysis session with session id 'session_0' (launcher: <local>) ...
2026-02-23 13:42:19.737953 (928739) session_ INFO    Analysis session with session id 'session_0' started (pid: 928747)
2026-02-23 13:42:20.347871 (928739) session_ INFO    Analysis session 'session_0' connected to the console (host: 127.0.0.1:33806)
2026-02-23 13:42:20.880180 (928739) main____ INFO    About to exit: request to exit with status 1 received from analysis session 'session_0'
2026-02-23 13:42:20.947348 (928739) session_ INFO    Analysis session 'session_0' disconnected.
2026-02-23 13:42:20.947468 (928739) lic__man INFO    Unclaim everything for 'session_0'.
2026-02-23 13:42:20.948007 (928739) session_ INFO    Process for analysis session 'session_0' has exited with exit status '1'.
2026-02-23 13:42:22.986400 (928739) lic_core INFO    (2) checkin jasper_fao
2026-02-23 13:42:22.987667 (928739) main____ INFO    Exiting with status 1.
