2026-02-23 13:40:25.891035 (1372874) main____ INFO    ----------------------------------------
2026-02-23 13:40:25.891140 (1372874) main____ INFO    JasperGold version info
2026-02-23 13:40:25.891161 (1372874) main____ INFO      tool      : JasperGold 2021.03
2026-02-23 13:40:25.891172 (1372874) main____ INFO      version   : 2021.03 FCS 64 bits
2026-02-23 13:40:25.891177 (1372874) main____ INFO      build date: 2021.03.23 02:50:43 UTC
2026-02-23 13:40:25.891181 (1372874) main____ INFO    ----------------------------------------
2026-02-23 13:40:25.891185 (1372874) main____ INFO    Runtime info:
2026-02-23 13:40:25.891190 (1372874) main____ INFO      platform  : Linux 5.14.0-570.84.1.el9_6.x86_64 x86_64
2026-02-23 13:40:25.891196 (1372874) main____ INFO      hostname  : della-r3c3n3
2026-02-23 13:40:25.891201 (1372874) main____ INFO      pid       : 1372874
2026-02-23 13:40:25.891205 (1372874) main____ INFO      arguments : '-style' 'windows' '-batch' '-proj' './verification_results/00943/jgproject' '-tcl' './jasper_verif_check.tcl'
2026-02-23 13:40:25.891215 (1372874) main____ INFO      locale    : UTF-8
2026-02-23 13:40:25.891219 (1372874) main____ INFO    ----------------------------------------
2026-02-23 13:40:25.891223 (1372874) main____ INFO    System resource limits info:
2026-02-23 13:40:25.891227 (1372874) main____ INFO      virtual memory: unlimited
2026-02-23 13:40:25.891231 (1372874) main____ INFO      cpu time      : unlimited
2026-02-23 13:40:25.891235 (1372874) main____ INFO      stack size    : unlimited
2026-02-23 13:40:25.891240 (1372874) main____ INFO      core file size: unlimited
2026-02-23 13:40:25.891247 (1372874) main____ INFO      open files    : 131072
2026-02-23 13:40:25.891252 (1372874) main____ INFO      file size     : unlimited
2026-02-23 13:40:25.891256 (1372874) main____ INFO    ----------------------------------------
2026-02-23 13:40:25.891259 (1372874) main____ INFO    Memory statistics:
2026-02-23 13:40:25.891264 (1372874) main____ INFO      total physical memory  : 195972168 kB
2026-02-23 13:40:25.891268 (1372874) main____ INFO      free physical memory   : 96934620 kB
2026-02-23 13:40:25.891272 (1372874) main____ INFO      committed address space: 55898516 kB
2026-02-23 13:40:25.891275 (1372874) main____ INFO    ----------------------------------------
2026-02-23 13:40:25.892267 (1372874) main____ INFO    Important environment variables:
2026-02-23 13:40:25.892293 (1372874) main____ INFO      JASPER_HOME       : '/usr/licensed/cadence-20210126/jasper_2021.03'
2026-02-23 13:40:25.892301 (1372874) main____ INFO      JASPER_INSTALL_DIR: '/scratch/gpfs/LICENSED/x86_64/cadence-20210126/jasper_2021.03'
2026-02-23 13:40:25.892307 (1372874) main____ INFO      LANG              : 'en_US.UTF-8'
2026-02-23 13:40:25.892312 (1372874) main____ INFO      LM_LICENSE_FILE   : '5280@license.rc.princeton.edu'
2026-02-23 13:40:25.892317 (1372874) main____ INFO      TMPDIR            : '/tmp/ab2113/jg_5018805_11'
2026-02-23 13:40:25.892321 (1372874) main____ INFO    ----------------------------------------
2026-02-23 13:40:25.893245 (1372874) lic_core INFO    Initializing license system ...
2026-02-23 13:40:25.894122 (1372874) lic_core INFO    ... license system initialized.
2026-02-23 13:40:25.894970 (1372874) lic__man INFO    Claim 'fpv' for <ui>.
2026-02-23 13:40:25.895016 (1372874) lic_core INFO    (1) checking out 'jasper_fpv' ...
2026-02-23 13:40:25.900675 (1372874) lic_core INFO    ... (1) checkout failed (error: -5) ("FLEXnet ERROR(-5, 0, 0): No such feature exists.")
2026-02-23 13:40:25.900741 (1372874) lic_core INFO    (2) checking out 'jasper_fao' ...
2026-02-23 13:40:25.911880 (1372874) lic_core INFO    ... (2) checkout succeeded
2026-02-23 13:40:25.927583 (1372874) session_ INFO    Starting analysis session with session id 'session_0' (launcher: <local>) ...
2026-02-23 13:40:25.930906 (1372874) session_ INFO    Analysis session with session id 'session_0' started (pid: 1372882)
2026-02-23 13:40:26.697881 (1372874) session_ INFO    Analysis session 'session_0' connected to the console (host: 127.0.0.1:44554)
2026-02-23 13:40:27.563274 (1372874) lic__man INFO    Unclaim everything for 'session_0'.
2026-02-23 13:40:27.608025 (1372874) lic__man INFO    Claim 'fpv' for 'session_0'.
2026-02-23 13:40:27.608087 (1372874) lic__man INFO    Claim 'fpv' for 'session_0/prove-0'.
2026-02-23 13:40:27.762424 (1372874) lic__man INFO    Unclaim everything for 'session_0/prove-0'.
2026-02-23 13:40:27.820532 (1372874) main____ INFO    About to exit: request to exit with status 0 received from analysis session 'session_0'
2026-02-23 13:40:27.918405 (1372874) session_ INFO    Analysis session 'session_0' disconnected.
2026-02-23 13:40:27.918545 (1372874) lic__man INFO    Unclaim everything for 'session_0'.
2026-02-23 13:40:27.919222 (1372874) session_ INFO    Process for analysis session 'session_0' has exited with exit status '0'.
2026-02-23 13:40:29.930325 (1372874) lic_core INFO    (2) checkin jasper_fao
2026-02-23 13:40:29.932358 (1372874) main____ INFO    Exiting with status 0.
