2026-02-23 14:00:03.504423 (2625890) main____ INFO    ----------------------------------------
2026-02-23 14:00:03.504509 (2625890) main____ INFO    JasperGold version info
2026-02-23 14:00:03.504530 (2625890) main____ INFO      tool      : JasperGold 2021.03
2026-02-23 14:00:03.504538 (2625890) main____ INFO      version   : 2021.03 FCS 64 bits
2026-02-23 14:00:03.504543 (2625890) main____ INFO      build date: 2021.03.23 02:50:43 UTC
2026-02-23 14:00:03.504548 (2625890) main____ INFO    ----------------------------------------
2026-02-23 14:00:03.504552 (2625890) main____ INFO    Runtime info:
2026-02-23 14:00:03.504557 (2625890) main____ INFO      platform  : Linux 5.14.0-570.84.1.el9_6.x86_64 x86_64
2026-02-23 14:00:03.504562 (2625890) main____ INFO      hostname  : della-r3c1n7
2026-02-23 14:00:03.504567 (2625890) main____ INFO      pid       : 2625890
2026-02-23 14:00:03.504571 (2625890) main____ INFO      arguments : '-style' 'windows' '-batch' '-proj' './verification_results/04547/jgproject' '-tcl' './jasper_verif_check.tcl'
2026-02-23 14:00:03.504579 (2625890) main____ INFO      locale    : UTF-8
2026-02-23 14:00:03.504584 (2625890) main____ INFO    ----------------------------------------
2026-02-23 14:00:03.504588 (2625890) main____ INFO    System resource limits info:
2026-02-23 14:00:03.504592 (2625890) main____ INFO      virtual memory: unlimited
2026-02-23 14:00:03.504596 (2625890) main____ INFO      cpu time      : unlimited
2026-02-23 14:00:03.504601 (2625890) main____ INFO      stack size    : unlimited
2026-02-23 14:00:03.504605 (2625890) main____ INFO      core file size: unlimited
2026-02-23 14:00:03.504612 (2625890) main____ INFO      open files    : 131072
2026-02-23 14:00:03.504616 (2625890) main____ INFO      file size     : unlimited
2026-02-23 14:00:03.504621 (2625890) main____ INFO    ----------------------------------------
2026-02-23 14:00:03.504625 (2625890) main____ INFO    Memory statistics:
2026-02-23 14:00:03.504629 (2625890) main____ INFO      total physical memory  : 195972072 kB
2026-02-23 14:00:03.504633 (2625890) main____ INFO      free physical memory   : 153988548 kB
2026-02-23 14:00:03.504637 (2625890) main____ INFO      committed address space: 44231704 kB
2026-02-23 14:00:03.504641 (2625890) main____ INFO    ----------------------------------------
2026-02-23 14:00:03.505598 (2625890) main____ INFO    Important environment variables:
2026-02-23 14:00:03.505612 (2625890) main____ INFO      JASPER_HOME       : '/usr/licensed/cadence-20210126/jasper_2021.03'
2026-02-23 14:00:03.505618 (2625890) main____ INFO      JASPER_INSTALL_DIR: '/scratch/gpfs/LICENSED/x86_64/cadence-20210126/jasper_2021.03'
2026-02-23 14:00:03.505623 (2625890) main____ INFO      LANG              : 'en_US.UTF-8'
2026-02-23 14:00:03.505628 (2625890) main____ INFO      LM_LICENSE_FILE   : '5280@license.rc.princeton.edu'
2026-02-23 14:00:03.505633 (2625890) main____ INFO      TMPDIR            : '/tmp/ab2113/jg_5019170_83'
2026-02-23 14:00:03.505637 (2625890) main____ INFO    ----------------------------------------
2026-02-23 14:00:03.506397 (2625890) lic_core INFO    Initializing license system ...
2026-02-23 14:00:03.507153 (2625890) lic_core INFO    ... license system initialized.
2026-02-23 14:00:03.507854 (2625890) lic__man INFO    Claim 'fpv' for <ui>.
2026-02-23 14:00:03.507890 (2625890) lic_core INFO    (1) checking out 'jasper_fpv' ...
2026-02-23 14:00:03.513302 (2625890) lic_core INFO    ... (1) checkout failed (error: -5) ("FLEXnet ERROR(-5, 0, 0): No such feature exists.")
2026-02-23 14:00:03.513339 (2625890) lic_core INFO    (2) checking out 'jasper_fao' ...
2026-02-23 14:00:03.523550 (2625890) lic_core INFO    ... (2) checkout succeeded
2026-02-23 14:00:03.539923 (2625890) session_ INFO    Starting analysis session with session id 'session_0' (launcher: <local>) ...
2026-02-23 14:00:03.542614 (2625890) session_ INFO    Analysis session with session id 'session_0' started (pid: 2625898)
2026-02-23 14:00:04.202810 (2625890) session_ INFO    Analysis session 'session_0' connected to the console (host: 127.0.0.1:42130)
2026-02-23 14:00:05.059239 (2625890) main____ INFO    About to exit: request to exit with status 1 received from analysis session 'session_0'
2026-02-23 14:00:05.127310 (2625890) session_ INFO    Analysis session 'session_0' disconnected.
2026-02-23 14:00:05.127432 (2625890) lic__man INFO    Unclaim everything for 'session_0'.
2026-02-23 14:00:05.127960 (2625890) session_ INFO    Process for analysis session 'session_0' has exited with exit status '1'.
2026-02-23 14:00:06.965535 (2625890) lic_core INFO    (2) checkin jasper_fao
2026-02-23 14:00:06.966847 (2625890) main____ INFO    Exiting with status 1.
