2026-02-23 13:43:08.908430 (1944040) main____ INFO    ----------------------------------------
2026-02-23 13:43:08.908526 (1944040) main____ INFO    JasperGold version info
2026-02-23 13:43:08.908543 (1944040) main____ INFO      tool      : JasperGold 2021.03
2026-02-23 13:43:08.908552 (1944040) main____ INFO      version   : 2021.03 FCS 64 bits
2026-02-23 13:43:08.908557 (1944040) main____ INFO      build date: 2021.03.23 02:50:43 UTC
2026-02-23 13:43:08.908561 (1944040) main____ INFO    ----------------------------------------
2026-02-23 13:43:08.908566 (1944040) main____ INFO    Runtime info:
2026-02-23 13:43:08.908571 (1944040) main____ INFO      platform  : Linux 5.14.0-570.84.1.el9_6.x86_64 x86_64
2026-02-23 13:43:08.908577 (1944040) main____ INFO      hostname  : della-r3c1n5
2026-02-23 13:43:08.908582 (1944040) main____ INFO      pid       : 1944040
2026-02-23 13:43:08.908587 (1944040) main____ INFO      arguments : '-style' 'windows' '-batch' '-proj' './verification_results/01362/jgproject' '-tcl' './jasper_verif_check.tcl'
2026-02-23 13:43:08.908595 (1944040) main____ INFO      locale    : UTF-8
2026-02-23 13:43:08.908599 (1944040) main____ INFO    ----------------------------------------
2026-02-23 13:43:08.908603 (1944040) main____ INFO    System resource limits info:
2026-02-23 13:43:08.908607 (1944040) main____ INFO      virtual memory: unlimited
2026-02-23 13:43:08.908612 (1944040) main____ INFO      cpu time      : unlimited
2026-02-23 13:43:08.908616 (1944040) main____ INFO      stack size    : unlimited
2026-02-23 13:43:08.908621 (1944040) main____ INFO      core file size: unlimited
2026-02-23 13:43:08.908628 (1944040) main____ INFO      open files    : 131072
2026-02-23 13:43:08.908632 (1944040) main____ INFO      file size     : unlimited
2026-02-23 13:43:08.908636 (1944040) main____ INFO    ----------------------------------------
2026-02-23 13:43:08.908640 (1944040) main____ INFO    Memory statistics:
2026-02-23 13:43:08.908645 (1944040) main____ INFO      total physical memory  : 195972056 kB
2026-02-23 13:43:08.908649 (1944040) main____ INFO      free physical memory   : 111167472 kB
2026-02-23 13:43:08.908653 (1944040) main____ INFO      committed address space: 54765048 kB
2026-02-23 13:43:08.908657 (1944040) main____ INFO    ----------------------------------------
2026-02-23 13:43:08.909640 (1944040) main____ INFO    Important environment variables:
2026-02-23 13:43:08.909655 (1944040) main____ INFO      JASPER_HOME       : '/usr/licensed/cadence-20210126/jasper_2021.03'
2026-02-23 13:43:08.909661 (1944040) main____ INFO      JASPER_INSTALL_DIR: '/scratch/gpfs/LICENSED/x86_64/cadence-20210126/jasper_2021.03'
2026-02-23 13:43:08.909667 (1944040) main____ INFO      LANG              : 'en_US.UTF-8'
2026-02-23 13:43:08.909672 (1944040) main____ INFO      LM_LICENSE_FILE   : '5280@license.rc.princeton.edu'
2026-02-23 13:43:08.909677 (1944040) main____ INFO      TMPDIR            : '/tmp/ab2113/jg_5018833_19'
2026-02-23 13:43:08.909682 (1944040) main____ INFO    ----------------------------------------
2026-02-23 13:43:08.910130 (1944040) lic_core INFO    Initializing license system ...
2026-02-23 13:43:08.910955 (1944040) lic_core INFO    ... license system initialized.
2026-02-23 13:43:08.911713 (1944040) lic__man INFO    Claim 'fpv' for <ui>.
2026-02-23 13:43:08.911753 (1944040) lic_core INFO    (1) checking out 'jasper_fpv' ...
2026-02-23 13:43:08.920144 (1944040) lic_core INFO    ... (1) checkout failed (error: -5) ("FLEXnet ERROR(-5, 0, 0): No such feature exists.")
2026-02-23 13:43:08.920192 (1944040) lic_core INFO    (2) checking out 'jasper_fao' ...
2026-02-23 13:43:08.931482 (1944040) lic_core INFO    ... (2) checkout succeeded
2026-02-23 13:43:08.946601 (1944040) session_ INFO    Starting analysis session with session id 'session_0' (launcher: <local>) ...
2026-02-23 13:43:08.949791 (1944040) session_ INFO    Analysis session with session id 'session_0' started (pid: 1944048)
2026-02-23 13:43:09.657336 (1944040) session_ INFO    Analysis session 'session_0' connected to the console (host: 127.0.0.1:46820)
2026-02-23 13:43:10.541223 (1944040) main____ INFO    About to exit: request to exit with status 1 received from analysis session 'session_0'
2026-02-23 13:43:10.614992 (1944040) session_ INFO    Analysis session 'session_0' disconnected.
2026-02-23 13:43:10.615136 (1944040) lic__man INFO    Unclaim everything for 'session_0'.
2026-02-23 13:43:10.615529 (1944040) session_ INFO    Process for analysis session 'session_0' has exited with exit status '1'.
2026-02-23 13:43:12.596439 (1944040) lic_core INFO    (2) checkin jasper_fao
2026-02-23 13:43:12.598121 (1944040) main____ INFO    Exiting with status 1.
