2026-02-23 14:13:40.826980 (1965054) main____ INFO    ----------------------------------------
2026-02-23 14:13:40.827054 (1965054) main____ INFO    JasperGold version info
2026-02-23 14:13:40.827069 (1965054) main____ INFO      tool      : JasperGold 2021.03
2026-02-23 14:13:40.827078 (1965054) main____ INFO      version   : 2021.03 FCS 64 bits
2026-02-23 14:13:40.827083 (1965054) main____ INFO      build date: 2021.03.23 02:50:43 UTC
2026-02-23 14:13:40.827087 (1965054) main____ INFO    ----------------------------------------
2026-02-23 14:13:40.827091 (1965054) main____ INFO    Runtime info:
2026-02-23 14:13:40.827096 (1965054) main____ INFO      platform  : Linux 5.14.0-570.84.1.el9_6.x86_64 x86_64
2026-02-23 14:13:40.827101 (1965054) main____ INFO      hostname  : della-r3c1n5
2026-02-23 14:13:40.827106 (1965054) main____ INFO      pid       : 1965054
2026-02-23 14:13:40.827111 (1965054) main____ INFO      arguments : '-style' 'windows' '-batch' '-proj' './verification_results/01878/jgproject' '-tcl' './jasper_verif_check.tcl'
2026-02-23 14:13:40.827123 (1965054) main____ INFO      locale    : UTF-8
2026-02-23 14:13:40.827127 (1965054) main____ INFO    ----------------------------------------
2026-02-23 14:13:40.827131 (1965054) main____ INFO    System resource limits info:
2026-02-23 14:13:40.827135 (1965054) main____ INFO      virtual memory: unlimited
2026-02-23 14:13:40.827140 (1965054) main____ INFO      cpu time      : unlimited
2026-02-23 14:13:40.827144 (1965054) main____ INFO      stack size    : unlimited
2026-02-23 14:13:40.827149 (1965054) main____ INFO      core file size: unlimited
2026-02-23 14:13:40.827155 (1965054) main____ INFO      open files    : 131072
2026-02-23 14:13:40.827160 (1965054) main____ INFO      file size     : unlimited
2026-02-23 14:13:40.827164 (1965054) main____ INFO    ----------------------------------------
2026-02-23 14:13:40.827168 (1965054) main____ INFO    Memory statistics:
2026-02-23 14:13:40.827172 (1965054) main____ INFO      total physical memory  : 195972056 kB
2026-02-23 14:13:40.827177 (1965054) main____ INFO      free physical memory   : 139604492 kB
2026-02-23 14:13:40.827181 (1965054) main____ INFO      committed address space: 53124328 kB
2026-02-23 14:13:40.827185 (1965054) main____ INFO    ----------------------------------------
2026-02-23 14:13:40.828132 (1965054) main____ INFO    Important environment variables:
2026-02-23 14:13:40.828145 (1965054) main____ INFO      JASPER_HOME       : '/usr/licensed/cadence-20210126/jasper_2021.03'
2026-02-23 14:13:40.828151 (1965054) main____ INFO      JASPER_INSTALL_DIR: '/scratch/gpfs/LICENSED/x86_64/cadence-20210126/jasper_2021.03'
2026-02-23 14:13:40.828156 (1965054) main____ INFO      LANG              : 'en_US.UTF-8'
2026-02-23 14:13:40.828161 (1965054) main____ INFO      LM_LICENSE_FILE   : '5280@license.rc.princeton.edu'
2026-02-23 14:13:40.828166 (1965054) main____ INFO      TMPDIR            : '/tmp/ab2113/jg_5018862_30'
2026-02-23 14:13:40.828171 (1965054) main____ INFO    ----------------------------------------
2026-02-23 14:13:40.828941 (1965054) lic_core INFO    Initializing license system ...
2026-02-23 14:13:40.829349 (1965054) lic_core INFO    ... license system initialized.
2026-02-23 14:13:40.830065 (1965054) lic__man INFO    Claim 'fpv' for <ui>.
2026-02-23 14:13:40.830100 (1965054) lic_core INFO    (1) checking out 'jasper_fpv' ...
2026-02-23 14:13:40.835993 (1965054) lic_core INFO    ... (1) checkout failed (error: -5) ("FLEXnet ERROR(-5, 0, 0): No such feature exists.")
2026-02-23 14:13:40.836021 (1965054) lic_core INFO    (2) checking out 'jasper_fao' ...
2026-02-23 14:13:40.846523 (1965054) lic_core INFO    ... (2) checkout succeeded
2026-02-23 14:13:40.863642 (1965054) session_ INFO    Starting analysis session with session id 'session_0' (launcher: <local>) ...
2026-02-23 14:13:40.866868 (1965054) session_ INFO    Analysis session with session id 'session_0' started (pid: 1965062)
2026-02-23 14:13:41.567250 (1965054) session_ INFO    Analysis session 'session_0' connected to the console (host: 127.0.0.1:55350)
2026-02-23 14:13:42.155261 (1965054) main____ INFO    About to exit: request to exit with status 1 received from analysis session 'session_0'
2026-02-23 14:13:42.225154 (1965054) session_ INFO    Analysis session 'session_0' disconnected.
2026-02-23 14:13:42.225276 (1965054) lic__man INFO    Unclaim everything for 'session_0'.
2026-02-23 14:13:42.226440 (1965054) session_ INFO    Process for analysis session 'session_0' has exited with exit status '1'.
2026-02-23 14:13:44.094559 (1965054) lic_core INFO    (2) checkin jasper_fao
2026-02-23 14:13:44.096339 (1965054) main____ INFO    Exiting with status 1.
