2026-02-23 13:52:13.734112 (1748794) main____ INFO    ----------------------------------------
2026-02-23 13:52:13.734181 (1748794) main____ INFO    JasperGold version info
2026-02-23 13:52:13.734198 (1748794) main____ INFO      tool      : JasperGold 2021.03
2026-02-23 13:52:13.734206 (1748794) main____ INFO      version   : 2021.03 FCS 64 bits
2026-02-23 13:52:13.734212 (1748794) main____ INFO      build date: 2021.03.23 02:50:43 UTC
2026-02-23 13:52:13.734217 (1748794) main____ INFO    ----------------------------------------
2026-02-23 13:52:13.734222 (1748794) main____ INFO    Runtime info:
2026-02-23 13:52:13.734227 (1748794) main____ INFO      platform  : Linux 5.14.0-570.84.1.el9_6.x86_64 x86_64
2026-02-23 13:52:13.734243 (1748794) main____ INFO      hostname  : della-h14n7
2026-02-23 13:52:13.734249 (1748794) main____ INFO      pid       : 1748794
2026-02-23 13:52:13.734254 (1748794) main____ INFO      arguments : '-style' 'windows' '-batch' '-proj' './verification_results/03145/jgproject' '-tcl' './jasper_verif_check.tcl'
2026-02-23 13:52:13.734264 (1748794) main____ INFO      locale    : UTF-8
2026-02-23 13:52:13.734271 (1748794) main____ INFO    ----------------------------------------
2026-02-23 13:52:13.734276 (1748794) main____ INFO    System resource limits info:
2026-02-23 13:52:13.734283 (1748794) main____ INFO      virtual memory: unlimited
2026-02-23 13:52:13.734289 (1748794) main____ INFO      cpu time      : unlimited
2026-02-23 13:52:13.734295 (1748794) main____ INFO      stack size    : unlimited
2026-02-23 13:52:13.734300 (1748794) main____ INFO      core file size: unlimited
2026-02-23 13:52:13.734308 (1748794) main____ INFO      open files    : 131072
2026-02-23 13:52:13.734314 (1748794) main____ INFO      file size     : unlimited
2026-02-23 13:52:13.734319 (1748794) main____ INFO    ----------------------------------------
2026-02-23 13:52:13.734324 (1748794) main____ INFO    Memory statistics:
2026-02-23 13:52:13.734330 (1748794) main____ INFO      total physical memory  : 1584164356 kB
2026-02-23 13:52:13.734336 (1748794) main____ INFO      free physical memory   : 801654792 kB
2026-02-23 13:52:13.734342 (1748794) main____ INFO      committed address space: 610503960 kB
2026-02-23 13:52:13.734346 (1748794) main____ INFO    ----------------------------------------
2026-02-23 13:52:13.734869 (1748794) main____ INFO    Important environment variables:
2026-02-23 13:52:13.734885 (1748794) main____ INFO      JASPER_HOME       : '/usr/licensed/cadence-20210126/jasper_2021.03'
2026-02-23 13:52:13.734892 (1748794) main____ INFO      JASPER_INSTALL_DIR: '/scratch/gpfs/LICENSED/x86_64/cadence-20210126/jasper_2021.03'
2026-02-23 13:52:13.734898 (1748794) main____ INFO      LANG              : 'en_US.UTF-8'
2026-02-23 13:52:13.734904 (1748794) main____ INFO      LM_LICENSE_FILE   : '5280@license.rc.princeton.edu'
2026-02-23 13:52:13.734911 (1748794) main____ INFO      TMPDIR            : '/tmp/ab2113/jg_5018982_55'
2026-02-23 13:52:13.734915 (1748794) main____ INFO    ----------------------------------------
2026-02-23 13:52:13.735322 (1748794) lic_core INFO    Initializing license system ...
2026-02-23 13:52:13.735843 (1748794) lic_core INFO    ... license system initialized.
2026-02-23 13:52:13.736592 (1748794) lic__man INFO    Claim 'fpv' for <ui>.
2026-02-23 13:52:13.736624 (1748794) lic_core INFO    (1) checking out 'jasper_fpv' ...
2026-02-23 13:52:13.742381 (1748794) lic_core INFO    ... (1) checkout failed (error: -5) ("FLEXnet ERROR(-5, 0, 0): No such feature exists.")
2026-02-23 13:52:13.742407 (1748794) lic_core INFO    (2) checking out 'jasper_fao' ...
2026-02-23 13:52:13.750877 (1748794) lic_core INFO    ... (2) checkout succeeded
2026-02-23 13:52:13.761405 (1748794) session_ INFO    Starting analysis session with session id 'session_0' (launcher: <local>) ...
2026-02-23 13:52:13.764146 (1748794) session_ INFO    Analysis session with session id 'session_0' started (pid: 1748841)
2026-02-23 13:52:14.290385 (1748794) session_ INFO    Analysis session 'session_0' connected to the console (host: 127.0.0.1:37002)
2026-02-23 13:52:15.073164 (1748794) lic__man INFO    Unclaim everything for 'session_0'.
2026-02-23 13:52:15.087764 (1748794) lic__man INFO    Claim 'fpv' for 'session_0'.
2026-02-23 13:52:15.087794 (1748794) lic__man INFO    Claim 'fpv' for 'session_0/prove-0'.
2026-02-23 13:52:15.238732 (1748794) lic__man INFO    Unclaim everything for 'session_0/prove-0'.
2026-02-23 13:52:15.291306 (1748794) main____ INFO    About to exit: request to exit with status 0 received from analysis session 'session_0'
2026-02-23 13:52:15.349077 (1748794) session_ INFO    Analysis session 'session_0' disconnected.
2026-02-23 13:52:15.349192 (1748794) lic__man INFO    Unclaim everything for 'session_0'.
2026-02-23 13:52:15.349599 (1748794) session_ INFO    Process for analysis session 'session_0' has exited with exit status '0'.
2026-02-23 13:52:17.197844 (1748794) lic_core INFO    (2) checkin jasper_fao
2026-02-23 13:52:17.199415 (1748794) main____ INFO    Exiting with status 0.
