2026-02-23 13:52:43.753076 (1753071) main____ INFO    ----------------------------------------
2026-02-23 13:52:43.753138 (1753071) main____ INFO    JasperGold version info
2026-02-23 13:52:43.753152 (1753071) main____ INFO      tool      : JasperGold 2021.03
2026-02-23 13:52:43.753160 (1753071) main____ INFO      version   : 2021.03 FCS 64 bits
2026-02-23 13:52:43.753166 (1753071) main____ INFO      build date: 2021.03.23 02:50:43 UTC
2026-02-23 13:52:43.753171 (1753071) main____ INFO    ----------------------------------------
2026-02-23 13:52:43.753177 (1753071) main____ INFO    Runtime info:
2026-02-23 13:52:43.753183 (1753071) main____ INFO      platform  : Linux 5.14.0-570.84.1.el9_6.x86_64 x86_64
2026-02-23 13:52:43.753189 (1753071) main____ INFO      hostname  : della-h14n7
2026-02-23 13:52:43.753195 (1753071) main____ INFO      pid       : 1753071
2026-02-23 13:52:43.753200 (1753071) main____ INFO      arguments : '-style' 'windows' '-batch' '-proj' './verification_results/03154/jgproject' '-tcl' './jasper_verif_check.tcl'
2026-02-23 13:52:43.753207 (1753071) main____ INFO      locale    : UTF-8
2026-02-23 13:52:43.753212 (1753071) main____ INFO    ----------------------------------------
2026-02-23 13:52:43.753217 (1753071) main____ INFO    System resource limits info:
2026-02-23 13:52:43.753222 (1753071) main____ INFO      virtual memory: unlimited
2026-02-23 13:52:43.753227 (1753071) main____ INFO      cpu time      : unlimited
2026-02-23 13:52:43.753239 (1753071) main____ INFO      stack size    : unlimited
2026-02-23 13:52:43.753244 (1753071) main____ INFO      core file size: unlimited
2026-02-23 13:52:43.753252 (1753071) main____ INFO      open files    : 131072
2026-02-23 13:52:43.753257 (1753071) main____ INFO      file size     : unlimited
2026-02-23 13:52:43.753262 (1753071) main____ INFO    ----------------------------------------
2026-02-23 13:52:43.753267 (1753071) main____ INFO    Memory statistics:
2026-02-23 13:52:43.753273 (1753071) main____ INFO      total physical memory  : 1584164356 kB
2026-02-23 13:52:43.753278 (1753071) main____ INFO      free physical memory   : 800927300 kB
2026-02-23 13:52:43.753282 (1753071) main____ INFO      committed address space: 614190012 kB
2026-02-23 13:52:43.753287 (1753071) main____ INFO    ----------------------------------------
2026-02-23 13:52:43.753793 (1753071) main____ INFO    Important environment variables:
2026-02-23 13:52:43.753808 (1753071) main____ INFO      JASPER_HOME       : '/usr/licensed/cadence-20210126/jasper_2021.03'
2026-02-23 13:52:43.753814 (1753071) main____ INFO      JASPER_INSTALL_DIR: '/scratch/gpfs/LICENSED/x86_64/cadence-20210126/jasper_2021.03'
2026-02-23 13:52:43.753820 (1753071) main____ INFO      LANG              : 'en_US.UTF-8'
2026-02-23 13:52:43.753825 (1753071) main____ INFO      LM_LICENSE_FILE   : '5280@license.rc.princeton.edu'
2026-02-23 13:52:43.753830 (1753071) main____ INFO      TMPDIR            : '/tmp/ab2113/jg_5018982_55'
2026-02-23 13:52:43.753835 (1753071) main____ INFO    ----------------------------------------
2026-02-23 13:52:43.754313 (1753071) lic_core INFO    Initializing license system ...
2026-02-23 13:52:43.754820 (1753071) lic_core INFO    ... license system initialized.
2026-02-23 13:52:43.755532 (1753071) lic__man INFO    Claim 'fpv' for <ui>.
2026-02-23 13:52:43.755564 (1753071) lic_core INFO    (1) checking out 'jasper_fpv' ...
2026-02-23 13:52:43.761227 (1753071) lic_core INFO    ... (1) checkout failed (error: -5) ("FLEXnet ERROR(-5, 0, 0): No such feature exists.")
2026-02-23 13:52:43.761261 (1753071) lic_core INFO    (2) checking out 'jasper_fao' ...
2026-02-23 13:52:43.770716 (1753071) lic_core INFO    ... (2) checkout succeeded
2026-02-23 13:52:43.781081 (1753071) session_ INFO    Starting analysis session with session id 'session_0' (launcher: <local>) ...
2026-02-23 13:52:43.783578 (1753071) session_ INFO    Analysis session with session id 'session_0' started (pid: 1753079)
2026-02-23 13:52:44.282616 (1753071) session_ INFO    Analysis session 'session_0' connected to the console (host: 127.0.0.1:60394)
2026-02-23 13:52:45.022065 (1753071) lic__man INFO    Unclaim everything for 'session_0'.
2026-02-23 13:52:45.083332 (1753071) main____ INFO    About to exit: request to exit with status 3 received from analysis session 'session_0'
2026-02-23 13:52:45.126866 (1753071) session_ INFO    Analysis session 'session_0' disconnected.
2026-02-23 13:52:45.126982 (1753071) lic__man INFO    Unclaim everything for 'session_0'.
2026-02-23 13:52:45.127409 (1753071) session_ INFO    Process for analysis session 'session_0' has exited with exit status '3'.
2026-02-23 13:52:47.077988 (1753071) lic_core INFO    (2) checkin jasper_fao
2026-02-23 13:52:47.079623 (1753071) main____ INFO    Exiting with status 3.
