2026-02-23 13:36:32.775906 (1130228) main____ INFO    ----------------------------------------
2026-02-23 13:36:32.776011 (1130228) main____ INFO    JasperGold version info
2026-02-23 13:36:32.776031 (1130228) main____ INFO      tool      : JasperGold 2021.03
2026-02-23 13:36:32.776040 (1130228) main____ INFO      version   : 2021.03 FCS 64 bits
2026-02-23 13:36:32.776045 (1130228) main____ INFO      build date: 2021.03.23 02:50:43 UTC
2026-02-23 13:36:32.776049 (1130228) main____ INFO    ----------------------------------------
2026-02-23 13:36:32.776053 (1130228) main____ INFO    Runtime info:
2026-02-23 13:36:32.776057 (1130228) main____ INFO      platform  : Linux 5.14.0-570.84.1.el9_6.x86_64 x86_64
2026-02-23 13:36:32.776064 (1130228) main____ INFO      hostname  : della-i13n20
2026-02-23 13:36:32.776069 (1130228) main____ INFO      pid       : 1130228
2026-02-23 13:36:32.776073 (1130228) main____ INFO      arguments : '-style' 'windows' '-batch' '-proj' './verification_results/00330/jgproject' '-tcl' './jasper_verif_check.tcl'
2026-02-23 13:36:32.776082 (1130228) main____ INFO      locale    : UTF-8
2026-02-23 13:36:32.776085 (1130228) main____ INFO    ----------------------------------------
2026-02-23 13:36:32.776089 (1130228) main____ INFO    System resource limits info:
2026-02-23 13:36:32.776093 (1130228) main____ INFO      virtual memory: unlimited
2026-02-23 13:36:32.776097 (1130228) main____ INFO      cpu time      : unlimited
2026-02-23 13:36:32.776101 (1130228) main____ INFO      stack size    : unlimited
2026-02-23 13:36:32.776105 (1130228) main____ INFO      core file size: unlimited
2026-02-23 13:36:32.776113 (1130228) main____ INFO      open files    : 131072
2026-02-23 13:36:32.776116 (1130228) main____ INFO      file size     : unlimited
2026-02-23 13:36:32.776120 (1130228) main____ INFO    ----------------------------------------
2026-02-23 13:36:32.776124 (1130228) main____ INFO    Memory statistics:
2026-02-23 13:36:32.776133 (1130228) main____ INFO      total physical memory  : 394157552 kB
2026-02-23 13:36:32.776137 (1130228) main____ INFO      free physical memory   : 160636360 kB
2026-02-23 13:36:32.776141 (1130228) main____ INFO      committed address space: 146272156 kB
2026-02-23 13:36:32.776145 (1130228) main____ INFO    ----------------------------------------
2026-02-23 13:36:32.777072 (1130228) main____ INFO    Important environment variables:
2026-02-23 13:36:32.777088 (1130228) main____ INFO      JASPER_HOME       : '/usr/licensed/cadence-20210126/jasper_2021.03'
2026-02-23 13:36:32.777094 (1130228) main____ INFO      JASPER_INSTALL_DIR: '/scratch/gpfs/LICENSED/x86_64/cadence-20210126/jasper_2021.03'
2026-02-23 13:36:32.777100 (1130228) main____ INFO      LANG              : 'en_US.UTF-8'
2026-02-23 13:36:32.777105 (1130228) main____ INFO      LM_LICENSE_FILE   : '5280@license.rc.princeton.edu'
2026-02-23 13:36:32.777109 (1130228) main____ INFO      TMPDIR            : '/tmp/ab2113/jg_5018698_2'
2026-02-23 13:36:32.777113 (1130228) main____ INFO    ----------------------------------------
2026-02-23 13:36:32.777659 (1130228) lic_core INFO    Initializing license system ...
2026-02-23 13:36:32.778228 (1130228) lic_core INFO    ... license system initialized.
2026-02-23 13:36:32.779044 (1130228) lic__man INFO    Claim 'fpv' for <ui>.
2026-02-23 13:36:32.779093 (1130228) lic_core INFO    (1) checking out 'jasper_fpv' ...
2026-02-23 13:36:32.786330 (1130228) lic_core INFO    ... (1) checkout failed (error: -5) ("FLEXnet ERROR(-5, 0, 0): No such feature exists.")
2026-02-23 13:36:32.786386 (1130228) lic_core INFO    (2) checking out 'jasper_fao' ...
2026-02-23 13:36:32.798348 (1130228) lic_core INFO    ... (2) checkout succeeded
2026-02-23 13:36:32.812455 (1130228) session_ INFO    Starting analysis session with session id 'session_0' (launcher: <local>) ...
2026-02-23 13:36:32.815788 (1130228) session_ INFO    Analysis session with session id 'session_0' started (pid: 1130236)
2026-02-23 13:36:33.532653 (1130228) session_ INFO    Analysis session 'session_0' connected to the console (host: 127.0.0.1:40142)
2026-02-23 13:36:34.360751 (1130228) lic__man INFO    Unclaim everything for 'session_0'.
2026-02-23 13:36:34.405658 (1130228) lic__man INFO    Claim 'fpv' for 'session_0'.
2026-02-23 13:36:34.405704 (1130228) lic__man INFO    Claim 'fpv' for 'session_0/prove-0'.
2026-02-23 13:36:34.553687 (1130228) lic__man INFO    Unclaim everything for 'session_0/prove-0'.
2026-02-23 13:36:34.611239 (1130228) main____ INFO    About to exit: request to exit with status 0 received from analysis session 'session_0'
2026-02-23 13:36:34.703697 (1130228) session_ INFO    Analysis session 'session_0' disconnected.
2026-02-23 13:36:34.703814 (1130228) lic__man INFO    Unclaim everything for 'session_0'.
2026-02-23 13:36:34.704549 (1130228) session_ INFO    Process for analysis session 'session_0' has exited with exit status '0'.
2026-02-23 13:36:36.549981 (1130228) lic_core INFO    (2) checkin jasper_fao
2026-02-23 13:36:36.551505 (1130228) main____ INFO    Exiting with status 0.
