2026-02-20 18:23:44.904795 (2583827) main____ INFO    ----------------------------------------
2026-02-20 18:23:44.904909 (2583827) main____ INFO    JasperGold version info
2026-02-20 18:23:44.904929 (2583827) main____ INFO      tool      : JasperGold 2021.03
2026-02-20 18:23:44.904939 (2583827) main____ INFO      version   : 2021.03 FCS 64 bits
2026-02-20 18:23:44.904944 (2583827) main____ INFO      build date: 2021.03.23 02:50:43 UTC
2026-02-20 18:23:44.904948 (2583827) main____ INFO    ----------------------------------------
2026-02-20 18:23:44.904952 (2583827) main____ INFO    Runtime info:
2026-02-20 18:23:44.904956 (2583827) main____ INFO      platform  : Linux 5.14.0-570.84.1.el9_6.x86_64 x86_64
2026-02-20 18:23:44.904962 (2583827) main____ INFO      hostname  : della-i13n22
2026-02-20 18:23:44.904967 (2583827) main____ INFO      pid       : 2583827
2026-02-20 18:23:44.904971 (2583827) main____ INFO      arguments : '-style' 'windows' '-batch' '-proj' 'verification_results/00762/jgproject' '-tcl' './jasper_verif_check.tcl'
2026-02-20 18:23:44.904980 (2583827) main____ INFO      locale    : UTF-8
2026-02-20 18:23:44.904984 (2583827) main____ INFO    ----------------------------------------
2026-02-20 18:23:44.904987 (2583827) main____ INFO    System resource limits info:
2026-02-20 18:23:44.904992 (2583827) main____ INFO      virtual memory: unlimited
2026-02-20 18:23:44.904996 (2583827) main____ INFO      cpu time      : unlimited
2026-02-20 18:23:44.905000 (2583827) main____ INFO      stack size    : unlimited
2026-02-20 18:23:44.905003 (2583827) main____ INFO      core file size: unlimited
2026-02-20 18:23:44.905010 (2583827) main____ INFO      open files    : 131072
2026-02-20 18:23:44.905014 (2583827) main____ INFO      file size     : unlimited
2026-02-20 18:23:44.905018 (2583827) main____ INFO    ----------------------------------------
2026-02-20 18:23:44.905022 (2583827) main____ INFO    Memory statistics:
2026-02-20 18:23:44.905026 (2583827) main____ INFO      total physical memory  : 394157548 kB
2026-02-20 18:23:44.905030 (2583827) main____ INFO      free physical memory   : 178541092 kB
2026-02-20 18:23:44.905033 (2583827) main____ INFO      committed address space: 180202036 kB
2026-02-20 18:23:44.905037 (2583827) main____ INFO    ----------------------------------------
2026-02-20 18:23:44.905915 (2583827) main____ INFO    Important environment variables:
2026-02-20 18:23:44.905933 (2583827) main____ INFO      JASPER_HOME       : '/usr/licensed/cadence-20210126/jasper_2021.03'
2026-02-20 18:23:44.905940 (2583827) main____ INFO      JASPER_INSTALL_DIR: '/scratch/gpfs/LICENSED/x86_64/cadence-20210126/jasper_2021.03'
2026-02-20 18:23:44.905945 (2583827) main____ INFO      LANG              : 'en_US.UTF-8'
2026-02-20 18:23:44.905950 (2583827) main____ INFO      LM_LICENSE_FILE   : '5280@license.rc.princeton.edu'
2026-02-20 18:23:44.905955 (2583827) main____ INFO      TMPDIR            : '/tmp'
2026-02-20 18:23:44.905959 (2583827) main____ INFO    ----------------------------------------
2026-02-20 18:23:44.906497 (2583827) lic_core INFO    Initializing license system ...
2026-02-20 18:23:44.907413 (2583827) lic_core INFO    ... license system initialized.
2026-02-20 18:23:44.908275 (2583827) lic__man INFO    Claim 'fpv' for <ui>.
2026-02-20 18:23:44.908320 (2583827) lic_core INFO    (1) checking out 'jasper_fpv' ...
2026-02-20 18:23:44.913996 (2583827) lic_core INFO    ... (1) checkout failed (error: -5) ("FLEXnet ERROR(-5, 0, 0): No such feature exists.")
2026-02-20 18:23:44.914061 (2583827) lic_core INFO    (2) checking out 'jasper_fao' ...
2026-02-20 18:23:44.924422 (2583827) lic_core INFO    ... (2) checkout succeeded
2026-02-20 18:23:44.940695 (2583827) session_ INFO    Starting analysis session with session id 'session_0' (launcher: <local>) ...
2026-02-20 18:23:44.944139 (2583827) session_ INFO    Analysis session with session id 'session_0' started (pid: 2583835)
2026-02-20 18:23:45.702398 (2583827) session_ INFO    Analysis session 'session_0' connected to the console (host: 127.0.0.1:46756)
2026-02-20 18:23:46.827489 (2583827) main____ INFO    About to exit: request to exit with status 1 received from analysis session 'session_0'
2026-02-20 18:23:46.921893 (2583827) session_ INFO    Analysis session 'session_0' disconnected.
2026-02-20 18:23:46.922043 (2583827) lic__man INFO    Unclaim everything for 'session_0'.
2026-02-20 18:23:46.922701 (2583827) session_ INFO    Process for analysis session 'session_0' has exited with exit status '1'.
2026-02-20 18:23:48.936291 (2583827) lic_core INFO    (2) checkin jasper_fao
2026-02-20 18:23:48.937834 (2583827) main____ INFO    Exiting with status 1.
