2026-02-23 12:05:21.199033 (1602376) main____ INFO    ----------------------------------------
2026-02-23 12:05:21.199153 (1602376) main____ INFO    JasperGold version info
2026-02-23 12:05:21.199172 (1602376) main____ INFO      tool      : JasperGold 2021.03
2026-02-23 12:05:21.199181 (1602376) main____ INFO      version   : 2021.03 FCS 64 bits
2026-02-23 12:05:21.199187 (1602376) main____ INFO      build date: 2021.03.23 02:50:43 UTC
2026-02-23 12:05:21.199191 (1602376) main____ INFO    ----------------------------------------
2026-02-23 12:05:21.199195 (1602376) main____ INFO    Runtime info:
2026-02-23 12:05:21.199200 (1602376) main____ INFO      platform  : Linux 5.14.0-570.84.1.el9_6.x86_64 x86_64
2026-02-23 12:05:21.199207 (1602376) main____ INFO      hostname  : della-i13n25
2026-02-23 12:05:21.199212 (1602376) main____ INFO      pid       : 1602376
2026-02-23 12:05:21.199217 (1602376) main____ INFO      arguments : '-style' 'windows' '-batch' '-proj' './verification_results/00082/jgproject' '-tcl' './jasper_verif_check.tcl'
2026-02-23 12:05:21.199227 (1602376) main____ INFO      locale    : UTF-8
2026-02-23 12:05:21.199231 (1602376) main____ INFO    ----------------------------------------
2026-02-23 12:05:21.199236 (1602376) main____ INFO    System resource limits info:
2026-02-23 12:05:21.199241 (1602376) main____ INFO      virtual memory: unlimited
2026-02-23 12:05:21.199246 (1602376) main____ INFO      cpu time      : unlimited
2026-02-23 12:05:21.199250 (1602376) main____ INFO      stack size    : unlimited
2026-02-23 12:05:21.199255 (1602376) main____ INFO      core file size: unlimited
2026-02-23 12:05:21.199262 (1602376) main____ INFO      open files    : 131072
2026-02-23 12:05:21.199267 (1602376) main____ INFO      file size     : unlimited
2026-02-23 12:05:21.199271 (1602376) main____ INFO    ----------------------------------------
2026-02-23 12:05:21.199275 (1602376) main____ INFO    Memory statistics:
2026-02-23 12:05:21.199287 (1602376) main____ INFO      total physical memory  : 1056011656 kB
2026-02-23 12:05:21.199291 (1602376) main____ INFO      free physical memory   : 365518780 kB
2026-02-23 12:05:21.199296 (1602376) main____ INFO      committed address space: 401626796 kB
2026-02-23 12:05:21.199300 (1602376) main____ INFO    ----------------------------------------
2026-02-23 12:05:21.200194 (1602376) main____ INFO    Important environment variables:
2026-02-23 12:05:21.200214 (1602376) main____ INFO      JASPER_HOME       : '/usr/licensed/cadence-20210126/jasper_2021.03'
2026-02-23 12:05:21.200221 (1602376) main____ INFO      JASPER_INSTALL_DIR: '/scratch/gpfs/LICENSED/x86_64/cadence-20210126/jasper_2021.03'
2026-02-23 12:05:21.200227 (1602376) main____ INFO      LANG              : 'en_US.UTF-8'
2026-02-23 12:05:21.200232 (1602376) main____ INFO      LM_LICENSE_FILE   : '5280@license.rc.princeton.edu'
2026-02-23 12:05:21.200238 (1602376) main____ INFO      TMPDIR            : '/tmp/ab2113/jg_5016081_83'
2026-02-23 12:05:21.200242 (1602376) main____ INFO    ----------------------------------------
2026-02-23 12:05:21.201565 (1602376) lic_core INFO    Initializing license system ...
2026-02-23 12:05:21.205798 (1602376) lic_core INFO    ... license system initialized.
2026-02-23 12:05:21.207727 (1602376) lic__man INFO    Claim 'fpv' for <ui>.
2026-02-23 12:05:21.207816 (1602376) lic_core INFO    (1) checking out 'jasper_fpv' ...
2026-02-23 12:05:21.215278 (1602376) lic_core INFO    ... (1) checkout failed (error: -5) ("FLEXnet ERROR(-5, 0, 0): No such feature exists.")
2026-02-23 12:05:21.215346 (1602376) lic_core INFO    (2) checking out 'jasper_fao' ...
2026-02-23 12:05:21.227076 (1602376) lic_core INFO    ... (2) checkout succeeded
2026-02-23 12:05:21.259349 (1602376) session_ INFO    Starting analysis session with session id 'session_0' (launcher: <local>) ...
2026-02-23 12:05:21.262202 (1602376) session_ INFO    Analysis session with session id 'session_0' started (pid: 1602405)
2026-02-23 12:05:22.401710 (1602376) session_ INFO    Analysis session 'session_0' connected to the console (host: 127.0.0.1:55792)
2026-02-23 12:05:23.168380 (1602376) main____ INFO    About to exit: request to exit with status 1 received from analysis session 'session_0'
2026-02-23 12:05:23.256989 (1602376) session_ INFO    Analysis session 'session_0' disconnected.
2026-02-23 12:05:23.258955 (1602376) lic__man INFO    Unclaim everything for 'session_0'.
2026-02-23 12:05:23.259661 (1602376) session_ INFO    Process for analysis session 'session_0' has exited with exit status '1'.
2026-02-23 12:05:25.080455 (1602376) lic_core INFO    (2) checkin jasper_fao
2026-02-23 12:05:25.082588 (1602376) main____ INFO    Exiting with status 1.
