2026-02-23 13:52:18.718882 (1354066) main____ INFO    ----------------------------------------
2026-02-23 13:52:18.718966 (1354066) main____ INFO    JasperGold version info
2026-02-23 13:52:18.718981 (1354066) main____ INFO      tool      : JasperGold 2021.03
2026-02-23 13:52:18.718988 (1354066) main____ INFO      version   : 2021.03 FCS 64 bits
2026-02-23 13:52:18.718993 (1354066) main____ INFO      build date: 2021.03.23 02:50:43 UTC
2026-02-23 13:52:18.718997 (1354066) main____ INFO    ----------------------------------------
2026-02-23 13:52:18.719001 (1354066) main____ INFO    Runtime info:
2026-02-23 13:52:18.719006 (1354066) main____ INFO      platform  : Linux 5.14.0-570.84.1.el9_6.x86_64 x86_64
2026-02-23 13:52:18.719011 (1354066) main____ INFO      hostname  : della-i13n21
2026-02-23 13:52:18.719015 (1354066) main____ INFO      pid       : 1354066
2026-02-23 13:52:18.719020 (1354066) main____ INFO      arguments : '-style' 'windows' '-batch' '-proj' './verification_results/02175/jgproject' '-tcl' './jasper_verif_check.tcl'
2026-02-23 13:52:18.719027 (1354066) main____ INFO      locale    : UTF-8
2026-02-23 13:52:18.719031 (1354066) main____ INFO    ----------------------------------------
2026-02-23 13:52:18.719035 (1354066) main____ INFO    System resource limits info:
2026-02-23 13:52:18.719039 (1354066) main____ INFO      virtual memory: unlimited
2026-02-23 13:52:18.719043 (1354066) main____ INFO      cpu time      : unlimited
2026-02-23 13:52:18.719047 (1354066) main____ INFO      stack size    : unlimited
2026-02-23 13:52:18.719051 (1354066) main____ INFO      core file size: unlimited
2026-02-23 13:52:18.719057 (1354066) main____ INFO      open files    : 131072
2026-02-23 13:52:18.719061 (1354066) main____ INFO      file size     : unlimited
2026-02-23 13:52:18.719065 (1354066) main____ INFO    ----------------------------------------
2026-02-23 13:52:18.719069 (1354066) main____ INFO    Memory statistics:
2026-02-23 13:52:18.719073 (1354066) main____ INFO      total physical memory  : 394157548 kB
2026-02-23 13:52:18.719077 (1354066) main____ INFO      free physical memory   : 237592524 kB
2026-02-23 13:52:18.719081 (1354066) main____ INFO      committed address space: 106710964 kB
2026-02-23 13:52:18.719084 (1354066) main____ INFO    ----------------------------------------
2026-02-23 13:52:18.719981 (1354066) main____ INFO    Important environment variables:
2026-02-23 13:52:18.720002 (1354066) main____ INFO      JASPER_HOME       : '/usr/licensed/cadence-20210126/jasper_2021.03'
2026-02-23 13:52:18.720008 (1354066) main____ INFO      JASPER_INSTALL_DIR: '/scratch/gpfs/LICENSED/x86_64/cadence-20210126/jasper_2021.03'
2026-02-23 13:52:18.720013 (1354066) main____ INFO      LANG              : 'en_US.UTF-8'
2026-02-23 13:52:18.720018 (1354066) main____ INFO      LM_LICENSE_FILE   : '5280@license.rc.princeton.edu'
2026-02-23 13:52:18.720023 (1354066) main____ INFO      TMPDIR            : '/tmp/ab2113/jg_5018895_36'
2026-02-23 13:52:18.720027 (1354066) main____ INFO    ----------------------------------------
2026-02-23 13:52:18.720500 (1354066) lic_core INFO    Initializing license system ...
2026-02-23 13:52:18.721317 (1354066) lic_core INFO    ... license system initialized.
2026-02-23 13:52:18.722043 (1354066) lic__man INFO    Claim 'fpv' for <ui>.
2026-02-23 13:52:18.722082 (1354066) lic_core INFO    (1) checking out 'jasper_fpv' ...
2026-02-23 13:52:18.728087 (1354066) lic_core INFO    ... (1) checkout failed (error: -5) ("FLEXnet ERROR(-5, 0, 0): No such feature exists.")
2026-02-23 13:52:18.728151 (1354066) lic_core INFO    (2) checking out 'jasper_fao' ...
2026-02-23 13:52:18.738628 (1354066) lic_core INFO    ... (2) checkout succeeded
2026-02-23 13:52:18.752213 (1354066) session_ INFO    Starting analysis session with session id 'session_0' (launcher: <local>) ...
2026-02-23 13:52:18.755017 (1354066) session_ INFO    Analysis session with session id 'session_0' started (pid: 1354074)
2026-02-23 13:52:19.393208 (1354066) session_ INFO    Analysis session 'session_0' connected to the console (host: 127.0.0.1:53322)
2026-02-23 13:52:19.938214 (1354066) main____ INFO    About to exit: request to exit with status 1 received from analysis session 'session_0'
2026-02-23 13:52:20.010907 (1354066) session_ INFO    Analysis session 'session_0' disconnected.
2026-02-23 13:52:20.011020 (1354066) lic__man INFO    Unclaim everything for 'session_0'.
2026-02-23 13:52:20.011600 (1354066) session_ INFO    Process for analysis session 'session_0' has exited with exit status '1'.
2026-02-23 13:52:22.004423 (1354066) lic_core INFO    (2) checkin jasper_fao
2026-02-23 13:52:22.006269 (1354066) main____ INFO    Exiting with status 1.
