2026-02-23 13:53:49.736098 (3918484) main____ INFO    ----------------------------------------
2026-02-23 13:53:49.736213 (3918484) main____ INFO    JasperGold version info
2026-02-23 13:53:49.736232 (3918484) main____ INFO      tool      : JasperGold 2021.03
2026-02-23 13:53:49.736242 (3918484) main____ INFO      version   : 2021.03 FCS 64 bits
2026-02-23 13:53:49.736247 (3918484) main____ INFO      build date: 2021.03.23 02:50:43 UTC
2026-02-23 13:53:49.736252 (3918484) main____ INFO    ----------------------------------------
2026-02-23 13:53:49.736256 (3918484) main____ INFO    Runtime info:
2026-02-23 13:53:49.736261 (3918484) main____ INFO      platform  : Linux 5.14.0-570.84.1.el9_6.x86_64 x86_64
2026-02-23 13:53:49.736267 (3918484) main____ INFO      hostname  : della-r3c3n11
2026-02-23 13:53:49.736272 (3918484) main____ INFO      pid       : 3918484
2026-02-23 13:53:49.736276 (3918484) main____ INFO      arguments : '-style' 'windows' '-batch' '-proj' './verification_results/03780/jgproject' '-tcl' './jasper_verif_check.tcl'
2026-02-23 13:53:49.736284 (3918484) main____ INFO      locale    : UTF-8
2026-02-23 13:53:49.736289 (3918484) main____ INFO    ----------------------------------------
2026-02-23 13:53:49.736293 (3918484) main____ INFO    System resource limits info:
2026-02-23 13:53:49.736297 (3918484) main____ INFO      virtual memory: unlimited
2026-02-23 13:53:49.736301 (3918484) main____ INFO      cpu time      : unlimited
2026-02-23 13:53:49.736306 (3918484) main____ INFO      stack size    : unlimited
2026-02-23 13:53:49.736310 (3918484) main____ INFO      core file size: unlimited
2026-02-23 13:53:49.736317 (3918484) main____ INFO      open files    : 131072
2026-02-23 13:53:49.736321 (3918484) main____ INFO      file size     : unlimited
2026-02-23 13:53:49.736325 (3918484) main____ INFO    ----------------------------------------
2026-02-23 13:53:49.736329 (3918484) main____ INFO    Memory statistics:
2026-02-23 13:53:49.736334 (3918484) main____ INFO      total physical memory  : 195972156 kB
2026-02-23 13:53:49.736338 (3918484) main____ INFO      free physical memory   : 84944532 kB
2026-02-23 13:53:49.736342 (3918484) main____ INFO      committed address space: 61816676 kB
2026-02-23 13:53:49.736346 (3918484) main____ INFO    ----------------------------------------
2026-02-23 13:53:49.737326 (3918484) main____ INFO    Important environment variables:
2026-02-23 13:53:49.737343 (3918484) main____ INFO      JASPER_HOME       : '/usr/licensed/cadence-20210126/jasper_2021.03'
2026-02-23 13:53:49.737349 (3918484) main____ INFO      JASPER_INSTALL_DIR: '/scratch/gpfs/LICENSED/x86_64/cadence-20210126/jasper_2021.03'
2026-02-23 13:53:49.737354 (3918484) main____ INFO      LANG              : 'en_US.UTF-8'
2026-02-23 13:53:49.737360 (3918484) main____ INFO      LM_LICENSE_FILE   : '5280@license.rc.princeton.edu'
2026-02-23 13:53:49.737365 (3918484) main____ INFO      TMPDIR            : '/tmp/ab2113/jg_5019070_68'
2026-02-23 13:53:49.737369 (3918484) main____ INFO    ----------------------------------------
2026-02-23 13:53:49.738211 (3918484) lic_core INFO    Initializing license system ...
2026-02-23 13:53:49.739006 (3918484) lic_core INFO    ... license system initialized.
2026-02-23 13:53:49.739757 (3918484) lic__man INFO    Claim 'fpv' for <ui>.
2026-02-23 13:53:49.739794 (3918484) lic_core INFO    (1) checking out 'jasper_fpv' ...
2026-02-23 13:53:49.746110 (3918484) lic_core INFO    ... (1) checkout failed (error: -5) ("FLEXnet ERROR(-5, 0, 0): No such feature exists.")
2026-02-23 13:53:49.746176 (3918484) lic_core INFO    (2) checking out 'jasper_fao' ...
2026-02-23 13:53:49.756887 (3918484) lic_core INFO    ... (2) checkout succeeded
2026-02-23 13:53:49.771412 (3918484) session_ INFO    Starting analysis session with session id 'session_0' (launcher: <local>) ...
2026-02-23 13:53:49.774236 (3918484) session_ INFO    Analysis session with session id 'session_0' started (pid: 3918492)
2026-02-23 13:53:50.468945 (3918484) session_ INFO    Analysis session 'session_0' connected to the console (host: 127.0.0.1:54284)
2026-02-23 13:53:51.042274 (3918484) main____ INFO    About to exit: request to exit with status 1 received from analysis session 'session_0'
2026-02-23 13:53:51.116050 (3918484) session_ INFO    Analysis session 'session_0' disconnected.
2026-02-23 13:53:51.116242 (3918484) lic__man INFO    Unclaim everything for 'session_0'.
2026-02-23 13:53:51.116778 (3918484) session_ INFO    Process for analysis session 'session_0' has exited with exit status '1'.
2026-02-23 13:53:53.037736 (3918484) lic_core INFO    (2) checkin jasper_fao
2026-02-23 13:53:53.039529 (3918484) main____ INFO    Exiting with status 1.
