2026-02-23 13:42:51.870172 (4143210) main____ INFO    ----------------------------------------
2026-02-23 13:42:51.870263 (4143210) main____ INFO    JasperGold version info
2026-02-23 13:42:51.870281 (4143210) main____ INFO      tool      : JasperGold 2021.03
2026-02-23 13:42:51.870290 (4143210) main____ INFO      version   : 2021.03 FCS 64 bits
2026-02-23 13:42:51.870295 (4143210) main____ INFO      build date: 2021.03.23 02:50:43 UTC
2026-02-23 13:42:51.870299 (4143210) main____ INFO    ----------------------------------------
2026-02-23 13:42:51.870303 (4143210) main____ INFO    Runtime info:
2026-02-23 13:42:51.870308 (4143210) main____ INFO      platform  : Linux 5.14.0-570.84.1.el9_6.x86_64 x86_64
2026-02-23 13:42:51.870314 (4143210) main____ INFO      hostname  : della-r3c2n12
2026-02-23 13:42:51.870318 (4143210) main____ INFO      pid       : 4143210
2026-02-23 13:42:51.870324 (4143210) main____ INFO      arguments : '-style' 'windows' '-batch' '-proj' './verification_results/01765/jgproject' '-tcl' './jasper_verif_check.tcl'
2026-02-23 13:42:51.870332 (4143210) main____ INFO      locale    : UTF-8
2026-02-23 13:42:51.870337 (4143210) main____ INFO    ----------------------------------------
2026-02-23 13:42:51.870340 (4143210) main____ INFO    System resource limits info:
2026-02-23 13:42:51.870345 (4143210) main____ INFO      virtual memory: unlimited
2026-02-23 13:42:51.870349 (4143210) main____ INFO      cpu time      : unlimited
2026-02-23 13:42:51.870353 (4143210) main____ INFO      stack size    : unlimited
2026-02-23 13:42:51.870358 (4143210) main____ INFO      core file size: unlimited
2026-02-23 13:42:51.870364 (4143210) main____ INFO      open files    : 131072
2026-02-23 13:42:51.870368 (4143210) main____ INFO      file size     : unlimited
2026-02-23 13:42:51.870373 (4143210) main____ INFO    ----------------------------------------
2026-02-23 13:42:51.870376 (4143210) main____ INFO    Memory statistics:
2026-02-23 13:42:51.870381 (4143210) main____ INFO      total physical memory  : 195972072 kB
2026-02-23 13:42:51.870385 (4143210) main____ INFO      free physical memory   : 133176836 kB
2026-02-23 13:42:51.870389 (4143210) main____ INFO      committed address space: 38548704 kB
2026-02-23 13:42:51.870393 (4143210) main____ INFO    ----------------------------------------
2026-02-23 13:42:51.871363 (4143210) main____ INFO    Important environment variables:
2026-02-23 13:42:51.871385 (4143210) main____ INFO      JASPER_HOME       : '/usr/licensed/cadence-20210126/jasper_2021.03'
2026-02-23 13:42:51.871391 (4143210) main____ INFO      JASPER_INSTALL_DIR: '/scratch/gpfs/LICENSED/x86_64/cadence-20210126/jasper_2021.03'
2026-02-23 13:42:51.871397 (4143210) main____ INFO      LANG              : 'en_US.UTF-8'
2026-02-23 13:42:51.871402 (4143210) main____ INFO      LM_LICENSE_FILE   : '5280@license.rc.princeton.edu'
2026-02-23 13:42:51.871406 (4143210) main____ INFO      TMPDIR            : '/tmp/ab2113/jg_5018860_28'
2026-02-23 13:42:51.871411 (4143210) main____ INFO    ----------------------------------------
2026-02-23 13:42:51.872210 (4143210) lic_core INFO    Initializing license system ...
2026-02-23 13:42:51.873037 (4143210) lic_core INFO    ... license system initialized.
2026-02-23 13:42:51.873807 (4143210) lic__man INFO    Claim 'fpv' for <ui>.
2026-02-23 13:42:51.873848 (4143210) lic_core INFO    (1) checking out 'jasper_fpv' ...
2026-02-23 13:42:51.879940 (4143210) lic_core INFO    ... (1) checkout failed (error: -5) ("FLEXnet ERROR(-5, 0, 0): No such feature exists.")
2026-02-23 13:42:51.880003 (4143210) lic_core INFO    (2) checking out 'jasper_fao' ...
2026-02-23 13:42:51.890529 (4143210) lic_core INFO    ... (2) checkout succeeded
2026-02-23 13:42:51.905357 (4143210) session_ INFO    Starting analysis session with session id 'session_0' (launcher: <local>) ...
2026-02-23 13:42:51.908158 (4143210) session_ INFO    Analysis session with session id 'session_0' started (pid: 4143218)
2026-02-23 13:42:52.612692 (4143210) session_ INFO    Analysis session 'session_0' connected to the console (host: 127.0.0.1:48622)
2026-02-23 13:42:53.453354 (4143210) lic__man INFO    Unclaim everything for 'session_0'.
2026-02-23 13:42:53.572479 (4143210) lic__man INFO    Claim 'fpv' for 'session_0'.
2026-02-23 13:42:53.572528 (4143210) lic__man INFO    Claim 'fpv' for 'session_0/prove-0'.
2026-02-23 13:42:53.734978 (4143210) lic__man INFO    Unclaim everything for 'session_0/prove-0'.
2026-02-23 13:42:53.792077 (4143210) main____ INFO    About to exit: request to exit with status 0 received from analysis session 'session_0'
2026-02-23 13:42:53.875627 (4143210) session_ INFO    Analysis session 'session_0' disconnected.
2026-02-23 13:42:53.875757 (4143210) lic__man INFO    Unclaim everything for 'session_0'.
2026-02-23 13:42:53.876380 (4143210) session_ INFO    Process for analysis session 'session_0' has exited with exit status '0'.
2026-02-23 13:42:55.699819 (4143210) lic_core INFO    (2) checkin jasper_fao
2026-02-23 13:42:55.701389 (4143210) main____ INFO    Exiting with status 0.
