2026-02-23 13:59:32.847569 (535106) main____ INFO    ----------------------------------------
2026-02-23 13:59:32.847646 (535106) main____ INFO    JasperGold version info
2026-02-23 13:59:32.847661 (535106) main____ INFO      tool      : JasperGold 2021.03
2026-02-23 13:59:32.847669 (535106) main____ INFO      version   : 2021.03 FCS 64 bits
2026-02-23 13:59:32.847674 (535106) main____ INFO      build date: 2021.03.23 02:50:43 UTC
2026-02-23 13:59:32.847678 (535106) main____ INFO    ----------------------------------------
2026-02-23 13:59:32.847682 (535106) main____ INFO    Runtime info:
2026-02-23 13:59:32.847687 (535106) main____ INFO      platform  : Linux 5.14.0-570.84.1.el9_6.x86_64 x86_64
2026-02-23 13:59:32.847692 (535106) main____ INFO      hostname  : della-r3c2n9
2026-02-23 13:59:32.847697 (535106) main____ INFO      pid       : 535106
2026-02-23 13:59:32.847701 (535106) main____ INFO      arguments : '-style' 'windows' '-batch' '-proj' './verification_results/04771/jgproject' '-tcl' './jasper_verif_check.tcl'
2026-02-23 13:59:32.847708 (535106) main____ INFO      locale    : UTF-8
2026-02-23 13:59:32.847712 (535106) main____ INFO    ----------------------------------------
2026-02-23 13:59:32.847716 (535106) main____ INFO    System resource limits info:
2026-02-23 13:59:32.847720 (535106) main____ INFO      virtual memory: unlimited
2026-02-23 13:59:32.847725 (535106) main____ INFO      cpu time      : unlimited
2026-02-23 13:59:32.847729 (535106) main____ INFO      stack size    : unlimited
2026-02-23 13:59:32.847733 (535106) main____ INFO      core file size: unlimited
2026-02-23 13:59:32.847739 (535106) main____ INFO      open files    : 131072
2026-02-23 13:59:32.847744 (535106) main____ INFO      file size     : unlimited
2026-02-23 13:59:32.847748 (535106) main____ INFO    ----------------------------------------
2026-02-23 13:59:32.847752 (535106) main____ INFO    Memory statistics:
2026-02-23 13:59:32.847756 (535106) main____ INFO      total physical memory  : 195972072 kB
2026-02-23 13:59:32.847760 (535106) main____ INFO      free physical memory   : 68693628 kB
2026-02-23 13:59:32.847764 (535106) main____ INFO      committed address space: 62459412 kB
2026-02-23 13:59:32.847768 (535106) main____ INFO    ----------------------------------------
2026-02-23 13:59:32.848723 (535106) main____ INFO    Important environment variables:
2026-02-23 13:59:32.848738 (535106) main____ INFO      JASPER_HOME       : '/usr/licensed/cadence-20210126/jasper_2021.03'
2026-02-23 13:59:32.848745 (535106) main____ INFO      JASPER_INSTALL_DIR: '/scratch/gpfs/LICENSED/x86_64/cadence-20210126/jasper_2021.03'
2026-02-23 13:59:32.848750 (535106) main____ INFO      LANG              : 'en_US.UTF-8'
2026-02-23 13:59:32.848754 (535106) main____ INFO      LM_LICENSE_FILE   : '5280@license.rc.princeton.edu'
2026-02-23 13:59:32.848759 (535106) main____ INFO      TMPDIR            : '/tmp/ab2113/jg_5018694_88'
2026-02-23 13:59:32.848763 (535106) main____ INFO    ----------------------------------------
2026-02-23 13:59:32.849545 (535106) lic_core INFO    Initializing license system ...
2026-02-23 13:59:32.850337 (535106) lic_core INFO    ... license system initialized.
2026-02-23 13:59:32.851071 (535106) lic__man INFO    Claim 'fpv' for <ui>.
2026-02-23 13:59:32.851107 (535106) lic_core INFO    (1) checking out 'jasper_fpv' ...
2026-02-23 13:59:32.856469 (535106) lic_core INFO    ... (1) checkout failed (error: -5) ("FLEXnet ERROR(-5, 0, 0): No such feature exists.")
2026-02-23 13:59:32.856509 (535106) lic_core INFO    (2) checking out 'jasper_fao' ...
2026-02-23 13:59:32.866783 (535106) lic_core INFO    ... (2) checkout succeeded
2026-02-23 13:59:32.881352 (535106) session_ INFO    Starting analysis session with session id 'session_0' (launcher: <local>) ...
2026-02-23 13:59:32.884094 (535106) session_ INFO    Analysis session with session id 'session_0' started (pid: 535114)
2026-02-23 13:59:33.546588 (535106) session_ INFO    Analysis session 'session_0' connected to the console (host: 127.0.0.1:54556)
2026-02-23 13:59:34.377383 (535106) lic__man INFO    Unclaim everything for 'session_0'.
2026-02-23 13:59:34.418174 (535106) lic__man INFO    Claim 'fpv' for 'session_0'.
2026-02-23 13:59:34.418212 (535106) lic__man INFO    Claim 'fpv' for 'session_0/prove-0'.
2026-02-23 13:59:34.545422 (535106) lic__man INFO    Unclaim everything for 'session_0/prove-0'.
2026-02-23 13:59:34.601919 (535106) main____ INFO    About to exit: request to exit with status 0 received from analysis session 'session_0'
2026-02-23 13:59:34.681057 (535106) session_ INFO    Analysis session 'session_0' disconnected.
2026-02-23 13:59:34.681168 (535106) lic__man INFO    Unclaim everything for 'session_0'.
2026-02-23 13:59:34.681562 (535106) session_ INFO    Process for analysis session 'session_0' has exited with exit status '0'.
2026-02-23 13:59:36.625422 (535106) lic_core INFO    (2) checkin jasper_fao
2026-02-23 13:59:36.626992 (535106) main____ INFO    Exiting with status 0.
