2026-02-23 13:37:08.846835 (2368468) main____ INFO    ----------------------------------------
2026-02-23 13:37:08.846923 (2368468) main____ INFO    JasperGold version info
2026-02-23 13:37:08.846941 (2368468) main____ INFO      tool      : JasperGold 2021.03
2026-02-23 13:37:08.846953 (2368468) main____ INFO      version   : 2021.03 FCS 64 bits
2026-02-23 13:37:08.846961 (2368468) main____ INFO      build date: 2021.03.23 02:50:43 UTC
2026-02-23 13:37:08.846966 (2368468) main____ INFO    ----------------------------------------
2026-02-23 13:37:08.846971 (2368468) main____ INFO    Runtime info:
2026-02-23 13:37:08.846976 (2368468) main____ INFO      platform  : Linux 5.14.0-570.84.1.el9_6.x86_64 x86_64
2026-02-23 13:37:08.846982 (2368468) main____ INFO      hostname  : della-h14n8
2026-02-23 13:37:08.846990 (2368468) main____ INFO      pid       : 2368468
2026-02-23 13:37:08.846996 (2368468) main____ INFO      arguments : '-style' 'windows' '-batch' '-proj' './verification_results/00670/jgproject' '-tcl' './jasper_verif_check.tcl'
2026-02-23 13:37:08.847004 (2368468) main____ INFO      locale    : UTF-8
2026-02-23 13:37:08.847010 (2368468) main____ INFO    ----------------------------------------
2026-02-23 13:37:08.847017 (2368468) main____ INFO    System resource limits info:
2026-02-23 13:37:08.847023 (2368468) main____ INFO      virtual memory: unlimited
2026-02-23 13:37:08.847030 (2368468) main____ INFO      cpu time      : unlimited
2026-02-23 13:37:08.847035 (2368468) main____ INFO      stack size    : unlimited
2026-02-23 13:37:08.847040 (2368468) main____ INFO      core file size: unlimited
2026-02-23 13:37:08.847048 (2368468) main____ INFO      open files    : 131072
2026-02-23 13:37:08.847053 (2368468) main____ INFO      file size     : unlimited
2026-02-23 13:37:08.847058 (2368468) main____ INFO    ----------------------------------------
2026-02-23 13:37:08.847064 (2368468) main____ INFO    Memory statistics:
2026-02-23 13:37:08.847069 (2368468) main____ INFO      total physical memory  : 1584164340 kB
2026-02-23 13:37:08.847075 (2368468) main____ INFO      free physical memory   : 760069156 kB
2026-02-23 13:37:08.847082 (2368468) main____ INFO      committed address space: 530583428 kB
2026-02-23 13:37:08.847089 (2368468) main____ INFO    ----------------------------------------
2026-02-23 13:37:08.847622 (2368468) main____ INFO    Important environment variables:
2026-02-23 13:37:08.847637 (2368468) main____ INFO      JASPER_HOME       : '/usr/licensed/cadence-20210126/jasper_2021.03'
2026-02-23 13:37:08.847647 (2368468) main____ INFO      JASPER_INSTALL_DIR: '/scratch/gpfs/LICENSED/x86_64/cadence-20210126/jasper_2021.03'
2026-02-23 13:37:08.847654 (2368468) main____ INFO      LANG              : 'en_US.UTF-8'
2026-02-23 13:37:08.847661 (2368468) main____ INFO      LM_LICENSE_FILE   : '5280@license.rc.princeton.edu'
2026-02-23 13:37:08.847667 (2368468) main____ INFO      TMPDIR            : '/tmp/ab2113/jg_5018708_6'
2026-02-23 13:37:08.847672 (2368468) main____ INFO    ----------------------------------------
2026-02-23 13:37:08.848166 (2368468) lic_core INFO    Initializing license system ...
2026-02-23 13:37:08.848722 (2368468) lic_core INFO    ... license system initialized.
2026-02-23 13:37:08.849476 (2368468) lic__man INFO    Claim 'fpv' for <ui>.
2026-02-23 13:37:08.849509 (2368468) lic_core INFO    (1) checking out 'jasper_fpv' ...
2026-02-23 13:37:08.855623 (2368468) lic_core INFO    ... (1) checkout failed (error: -5) ("FLEXnet ERROR(-5, 0, 0): No such feature exists.")
2026-02-23 13:37:08.855655 (2368468) lic_core INFO    (2) checking out 'jasper_fao' ...
2026-02-23 13:37:08.864887 (2368468) lic_core INFO    ... (2) checkout succeeded
2026-02-23 13:37:08.877778 (2368468) session_ INFO    Starting analysis session with session id 'session_0' (launcher: <local>) ...
2026-02-23 13:37:08.880903 (2368468) session_ INFO    Analysis session with session id 'session_0' started (pid: 2368476)
2026-02-23 13:37:09.542257 (2368468) session_ INFO    Analysis session 'session_0' connected to the console (host: 127.0.0.1:37572)
2026-02-23 13:37:10.350831 (2368468) lic__man INFO    Unclaim everything for 'session_0'.
2026-02-23 13:37:10.385541 (2368468) lic__man INFO    Claim 'fpv' for 'session_0'.
2026-02-23 13:37:10.385582 (2368468) lic__man INFO    Claim 'fpv' for 'session_0/prove-0'.
2026-02-23 13:37:10.630923 (2368468) lic__man INFO    Unclaim everything for 'session_0/prove-0'.
2026-02-23 13:37:10.684807 (2368468) main____ INFO    About to exit: request to exit with status 0 received from analysis session 'session_0'
2026-02-23 13:37:10.750476 (2368468) session_ INFO    Analysis session 'session_0' disconnected.
2026-02-23 13:37:10.750640 (2368468) lic__man INFO    Unclaim everything for 'session_0'.
2026-02-23 13:37:10.751694 (2368468) session_ INFO    Process for analysis session 'session_0' has exited with exit status '0'.
2026-02-23 13:37:12.591472 (2368468) lic_core INFO    (2) checkin jasper_fao
2026-02-23 13:37:12.593135 (2368468) main____ INFO    Exiting with status 0.
