2026-02-23 13:58:19.502969 (2623485) main____ INFO    ----------------------------------------
2026-02-23 13:58:19.503066 (2623485) main____ INFO    JasperGold version info
2026-02-23 13:58:19.503084 (2623485) main____ INFO      tool      : JasperGold 2021.03
2026-02-23 13:58:19.503093 (2623485) main____ INFO      version   : 2021.03 FCS 64 bits
2026-02-23 13:58:19.503098 (2623485) main____ INFO      build date: 2021.03.23 02:50:43 UTC
2026-02-23 13:58:19.503102 (2623485) main____ INFO    ----------------------------------------
2026-02-23 13:58:19.503107 (2623485) main____ INFO    Runtime info:
2026-02-23 13:58:19.503112 (2623485) main____ INFO      platform  : Linux 5.14.0-570.84.1.el9_6.x86_64 x86_64
2026-02-23 13:58:19.503117 (2623485) main____ INFO      hostname  : della-r3c1n7
2026-02-23 13:58:19.503122 (2623485) main____ INFO      pid       : 2623485
2026-02-23 13:58:19.503127 (2623485) main____ INFO      arguments : '-style' 'windows' '-batch' '-proj' './verification_results/04519/jgproject' '-tcl' './jasper_verif_check.tcl'
2026-02-23 13:58:19.503135 (2623485) main____ INFO      locale    : UTF-8
2026-02-23 13:58:19.503144 (2623485) main____ INFO    ----------------------------------------
2026-02-23 13:58:19.503148 (2623485) main____ INFO    System resource limits info:
2026-02-23 13:58:19.503153 (2623485) main____ INFO      virtual memory: unlimited
2026-02-23 13:58:19.503157 (2623485) main____ INFO      cpu time      : unlimited
2026-02-23 13:58:19.503162 (2623485) main____ INFO      stack size    : unlimited
2026-02-23 13:58:19.503166 (2623485) main____ INFO      core file size: unlimited
2026-02-23 13:58:19.503173 (2623485) main____ INFO      open files    : 131072
2026-02-23 13:58:19.503178 (2623485) main____ INFO      file size     : unlimited
2026-02-23 13:58:19.503182 (2623485) main____ INFO    ----------------------------------------
2026-02-23 13:58:19.503186 (2623485) main____ INFO    Memory statistics:
2026-02-23 13:58:19.503191 (2623485) main____ INFO      total physical memory  : 195972072 kB
2026-02-23 13:58:19.503195 (2623485) main____ INFO      free physical memory   : 153881064 kB
2026-02-23 13:58:19.503199 (2623485) main____ INFO      committed address space: 44431084 kB
2026-02-23 13:58:19.503203 (2623485) main____ INFO    ----------------------------------------
2026-02-23 13:58:19.504178 (2623485) main____ INFO    Important environment variables:
2026-02-23 13:58:19.504193 (2623485) main____ INFO      JASPER_HOME       : '/usr/licensed/cadence-20210126/jasper_2021.03'
2026-02-23 13:58:19.504200 (2623485) main____ INFO      JASPER_INSTALL_DIR: '/scratch/gpfs/LICENSED/x86_64/cadence-20210126/jasper_2021.03'
2026-02-23 13:58:19.504206 (2623485) main____ INFO      LANG              : 'en_US.UTF-8'
2026-02-23 13:58:19.504211 (2623485) main____ INFO      LM_LICENSE_FILE   : '5280@license.rc.princeton.edu'
2026-02-23 13:58:19.504216 (2623485) main____ INFO      TMPDIR            : '/tmp/ab2113/jg_5019170_83'
2026-02-23 13:58:19.504220 (2623485) main____ INFO    ----------------------------------------
2026-02-23 13:58:19.505005 (2623485) lic_core INFO    Initializing license system ...
2026-02-23 13:58:19.505807 (2623485) lic_core INFO    ... license system initialized.
2026-02-23 13:58:19.506540 (2623485) lic__man INFO    Claim 'fpv' for <ui>.
2026-02-23 13:58:19.506577 (2623485) lic_core INFO    (1) checking out 'jasper_fpv' ...
2026-02-23 13:58:19.512378 (2623485) lic_core INFO    ... (1) checkout failed (error: -5) ("FLEXnet ERROR(-5, 0, 0): No such feature exists.")
2026-02-23 13:58:19.512418 (2623485) lic_core INFO    (2) checking out 'jasper_fao' ...
2026-02-23 13:58:19.522629 (2623485) lic_core INFO    ... (2) checkout succeeded
2026-02-23 13:58:19.538375 (2623485) session_ INFO    Starting analysis session with session id 'session_0' (launcher: <local>) ...
2026-02-23 13:58:19.541061 (2623485) session_ INFO    Analysis session with session id 'session_0' started (pid: 2623493)
2026-02-23 13:58:20.201143 (2623485) session_ INFO    Analysis session 'session_0' connected to the console (host: 127.0.0.1:56014)
2026-02-23 13:58:21.105259 (2623485) main____ INFO    About to exit: request to exit with status 1 received from analysis session 'session_0'
2026-02-23 13:58:21.173907 (2623485) session_ INFO    Analysis session 'session_0' disconnected.
2026-02-23 13:58:21.174026 (2623485) lic__man INFO    Unclaim everything for 'session_0'.
2026-02-23 13:58:21.174608 (2623485) session_ INFO    Process for analysis session 'session_0' has exited with exit status '1'.
2026-02-23 13:58:23.213666 (2623485) lic_core INFO    (2) checkin jasper_fao
2026-02-23 13:58:23.215169 (2623485) main____ INFO    Exiting with status 1.
