2026-02-23 13:42:42.853182 (1942896) main____ INFO    ----------------------------------------
2026-02-23 13:42:42.853267 (1942896) main____ INFO    JasperGold version info
2026-02-23 13:42:42.853283 (1942896) main____ INFO      tool      : JasperGold 2021.03
2026-02-23 13:42:42.853291 (1942896) main____ INFO      version   : 2021.03 FCS 64 bits
2026-02-23 13:42:42.853296 (1942896) main____ INFO      build date: 2021.03.23 02:50:43 UTC
2026-02-23 13:42:42.853300 (1942896) main____ INFO    ----------------------------------------
2026-02-23 13:42:42.853304 (1942896) main____ INFO    Runtime info:
2026-02-23 13:42:42.853309 (1942896) main____ INFO      platform  : Linux 5.14.0-570.84.1.el9_6.x86_64 x86_64
2026-02-23 13:42:42.853315 (1942896) main____ INFO      hostname  : della-r3c1n5
2026-02-23 13:42:42.853320 (1942896) main____ INFO      pid       : 1942896
2026-02-23 13:42:42.853324 (1942896) main____ INFO      arguments : '-style' 'windows' '-batch' '-proj' './verification_results/01355/jgproject' '-tcl' './jasper_verif_check.tcl'
2026-02-23 13:42:42.853332 (1942896) main____ INFO      locale    : UTF-8
2026-02-23 13:42:42.853336 (1942896) main____ INFO    ----------------------------------------
2026-02-23 13:42:42.853340 (1942896) main____ INFO    System resource limits info:
2026-02-23 13:42:42.853344 (1942896) main____ INFO      virtual memory: unlimited
2026-02-23 13:42:42.853349 (1942896) main____ INFO      cpu time      : unlimited
2026-02-23 13:42:42.853353 (1942896) main____ INFO      stack size    : unlimited
2026-02-23 13:42:42.853357 (1942896) main____ INFO      core file size: unlimited
2026-02-23 13:42:42.853364 (1942896) main____ INFO      open files    : 131072
2026-02-23 13:42:42.853369 (1942896) main____ INFO      file size     : unlimited
2026-02-23 13:42:42.853373 (1942896) main____ INFO    ----------------------------------------
2026-02-23 13:42:42.853377 (1942896) main____ INFO    Memory statistics:
2026-02-23 13:42:42.853381 (1942896) main____ INFO      total physical memory  : 195972056 kB
2026-02-23 13:42:42.853385 (1942896) main____ INFO      free physical memory   : 112078448 kB
2026-02-23 13:42:42.853389 (1942896) main____ INFO      committed address space: 51364328 kB
2026-02-23 13:42:42.853393 (1942896) main____ INFO    ----------------------------------------
2026-02-23 13:42:42.854344 (1942896) main____ INFO    Important environment variables:
2026-02-23 13:42:42.854359 (1942896) main____ INFO      JASPER_HOME       : '/usr/licensed/cadence-20210126/jasper_2021.03'
2026-02-23 13:42:42.854365 (1942896) main____ INFO      JASPER_INSTALL_DIR: '/scratch/gpfs/LICENSED/x86_64/cadence-20210126/jasper_2021.03'
2026-02-23 13:42:42.854370 (1942896) main____ INFO      LANG              : 'en_US.UTF-8'
2026-02-23 13:42:42.854375 (1942896) main____ INFO      LM_LICENSE_FILE   : '5280@license.rc.princeton.edu'
2026-02-23 13:42:42.854380 (1942896) main____ INFO      TMPDIR            : '/tmp/ab2113/jg_5018833_19'
2026-02-23 13:42:42.854385 (1942896) main____ INFO    ----------------------------------------
2026-02-23 13:42:42.855205 (1942896) lic_core INFO    Initializing license system ...
2026-02-23 13:42:42.855994 (1942896) lic_core INFO    ... license system initialized.
2026-02-23 13:42:42.856707 (1942896) lic__man INFO    Claim 'fpv' for <ui>.
2026-02-23 13:42:42.856744 (1942896) lic_core INFO    (1) checking out 'jasper_fpv' ...
2026-02-23 13:42:42.862316 (1942896) lic_core INFO    ... (1) checkout failed (error: -5) ("FLEXnet ERROR(-5, 0, 0): No such feature exists.")
2026-02-23 13:42:42.862349 (1942896) lic_core INFO    (2) checking out 'jasper_fao' ...
2026-02-23 13:42:42.872475 (1942896) lic_core INFO    ... (2) checkout succeeded
2026-02-23 13:42:42.887871 (1942896) session_ INFO    Starting analysis session with session id 'session_0' (launcher: <local>) ...
2026-02-23 13:42:42.890852 (1942896) session_ INFO    Analysis session with session id 'session_0' started (pid: 1942904)
2026-02-23 13:42:43.577286 (1942896) session_ INFO    Analysis session 'session_0' connected to the console (host: 127.0.0.1:32848)
2026-02-23 13:42:44.151221 (1942896) main____ INFO    About to exit: request to exit with status 1 received from analysis session 'session_0'
2026-02-23 13:42:44.224978 (1942896) session_ INFO    Analysis session 'session_0' disconnected.
2026-02-23 13:42:44.225103 (1942896) lic__man INFO    Unclaim everything for 'session_0'.
2026-02-23 13:42:44.225669 (1942896) session_ INFO    Process for analysis session 'session_0' has exited with exit status '1'.
2026-02-23 13:42:46.093973 (1942896) lic_core INFO    (2) checkin jasper_fao
2026-02-23 13:42:46.095337 (1942896) main____ INFO    Exiting with status 1.
