2026-02-23 13:48:18.558203 (937106) main____ INFO    ----------------------------------------
2026-02-23 13:48:18.558280 (937106) main____ INFO    JasperGold version info
2026-02-23 13:48:18.558296 (937106) main____ INFO      tool      : JasperGold 2021.03
2026-02-23 13:48:18.558305 (937106) main____ INFO      version   : 2021.03 FCS 64 bits
2026-02-23 13:48:18.558309 (937106) main____ INFO      build date: 2021.03.23 02:50:43 UTC
2026-02-23 13:48:18.558313 (937106) main____ INFO    ----------------------------------------
2026-02-23 13:48:18.558317 (937106) main____ INFO    Runtime info:
2026-02-23 13:48:18.558321 (937106) main____ INFO      platform  : Linux 5.14.0-570.84.1.el9_6.x86_64 x86_64
2026-02-23 13:48:18.558326 (937106) main____ INFO      hostname  : della-i13n12
2026-02-23 13:48:18.558330 (937106) main____ INFO      pid       : 937106
2026-02-23 13:48:18.558334 (937106) main____ INFO      arguments : '-style' 'windows' '-batch' '-proj' './verification_results/02878/jgproject' '-tcl' './jasper_verif_check.tcl'
2026-02-23 13:48:18.558342 (937106) main____ INFO      locale    : UTF-8
2026-02-23 13:48:18.558345 (937106) main____ INFO    ----------------------------------------
2026-02-23 13:48:18.558349 (937106) main____ INFO    System resource limits info:
2026-02-23 13:48:18.558353 (937106) main____ INFO      virtual memory: unlimited
2026-02-23 13:48:18.558357 (937106) main____ INFO      cpu time      : unlimited
2026-02-23 13:48:18.558361 (937106) main____ INFO      stack size    : unlimited
2026-02-23 13:48:18.558365 (937106) main____ INFO      core file size: unlimited
2026-02-23 13:48:18.558371 (937106) main____ INFO      open files    : 131072
2026-02-23 13:48:18.558375 (937106) main____ INFO      file size     : unlimited
2026-02-23 13:48:18.558379 (937106) main____ INFO    ----------------------------------------
2026-02-23 13:48:18.558382 (937106) main____ INFO    Memory statistics:
2026-02-23 13:48:18.558386 (937106) main____ INFO      total physical memory  : 394157548 kB
2026-02-23 13:48:18.558390 (937106) main____ INFO      free physical memory   : 227578080 kB
2026-02-23 13:48:18.558393 (937106) main____ INFO      committed address space: 109679084 kB
2026-02-23 13:48:18.558397 (937106) main____ INFO    ----------------------------------------
2026-02-23 13:48:18.559284 (937106) main____ INFO    Important environment variables:
2026-02-23 13:48:18.559304 (937106) main____ INFO      JASPER_HOME       : '/usr/licensed/cadence-20210126/jasper_2021.03'
2026-02-23 13:48:18.559309 (937106) main____ INFO      JASPER_INSTALL_DIR: '/scratch/gpfs/LICENSED/x86_64/cadence-20210126/jasper_2021.03'
2026-02-23 13:48:18.559314 (937106) main____ INFO      LANG              : 'en_US.UTF-8'
2026-02-23 13:48:18.559319 (937106) main____ INFO      LM_LICENSE_FILE   : '5280@license.rc.princeton.edu'
2026-02-23 13:48:18.559324 (937106) main____ INFO      TMPDIR            : '/tmp/ab2113/jg_5018960_50'
2026-02-23 13:48:18.559327 (937106) main____ INFO    ----------------------------------------
2026-02-23 13:48:18.559734 (937106) lic_core INFO    Initializing license system ...
2026-02-23 13:48:18.560145 (937106) lic_core INFO    ... license system initialized.
2026-02-23 13:48:18.560830 (937106) lic__man INFO    Claim 'fpv' for <ui>.
2026-02-23 13:48:18.560865 (937106) lic_core INFO    (1) checking out 'jasper_fpv' ...
2026-02-23 13:48:18.566627 (937106) lic_core INFO    ... (1) checkout failed (error: -5) ("FLEXnet ERROR(-5, 0, 0): No such feature exists.")
2026-02-23 13:48:18.566669 (937106) lic_core INFO    (2) checking out 'jasper_fao' ...
2026-02-23 13:48:18.576938 (937106) lic_core INFO    ... (2) checkout succeeded
2026-02-23 13:48:18.590554 (937106) session_ INFO    Starting analysis session with session id 'session_0' (launcher: <local>) ...
2026-02-23 13:48:18.593131 (937106) session_ INFO    Analysis session with session id 'session_0' started (pid: 937114)
2026-02-23 13:48:19.206924 (937106) session_ INFO    Analysis session 'session_0' connected to the console (host: 127.0.0.1:48636)
2026-02-23 13:48:19.753183 (937106) main____ INFO    About to exit: request to exit with status 1 received from analysis session 'session_0'
2026-02-23 13:48:19.823063 (937106) session_ INFO    Analysis session 'session_0' disconnected.
2026-02-23 13:48:19.823198 (937106) lic__man INFO    Unclaim everything for 'session_0'.
2026-02-23 13:48:19.824226 (937106) session_ INFO    Process for analysis session 'session_0' has exited with exit status '1'.
2026-02-23 13:48:21.858443 (937106) lic_core INFO    (2) checkin jasper_fao
2026-02-23 13:48:21.859524 (937106) main____ INFO    Exiting with status 1.
