2026-02-20 17:38:20.910747 (2540216) main____ INFO    ----------------------------------------
2026-02-20 17:38:20.910870 (2540216) main____ INFO    JasperGold version info
2026-02-20 17:38:20.910893 (2540216) main____ INFO      tool      : JasperGold 2021.03
2026-02-20 17:38:20.910905 (2540216) main____ INFO      version   : 2021.03 FCS 64 bits
2026-02-20 17:38:20.910910 (2540216) main____ INFO      build date: 2021.03.23 02:50:43 UTC
2026-02-20 17:38:20.910914 (2540216) main____ INFO    ----------------------------------------
2026-02-20 17:38:20.910919 (2540216) main____ INFO    Runtime info:
2026-02-20 17:38:20.910923 (2540216) main____ INFO      platform  : Linux 5.14.0-570.84.1.el9_6.x86_64 x86_64
2026-02-20 17:38:20.910929 (2540216) main____ INFO      hostname  : della-i13n22
2026-02-20 17:38:20.910933 (2540216) main____ INFO      pid       : 2540216
2026-02-20 17:38:20.910937 (2540216) main____ INFO      arguments : '-style' 'windows' '-batch' '-proj' 'verification_results/00312/jgproject' '-tcl' './jasper_verif_check.tcl'
2026-02-20 17:38:20.910946 (2540216) main____ INFO      locale    : UTF-8
2026-02-20 17:38:20.910950 (2540216) main____ INFO    ----------------------------------------
2026-02-20 17:38:20.910953 (2540216) main____ INFO    System resource limits info:
2026-02-20 17:38:20.910958 (2540216) main____ INFO      virtual memory: unlimited
2026-02-20 17:38:20.910962 (2540216) main____ INFO      cpu time      : unlimited
2026-02-20 17:38:20.910966 (2540216) main____ INFO      stack size    : unlimited
2026-02-20 17:38:20.910970 (2540216) main____ INFO      core file size: unlimited
2026-02-20 17:38:20.910979 (2540216) main____ INFO      open files    : 131072
2026-02-20 17:38:20.910983 (2540216) main____ INFO      file size     : unlimited
2026-02-20 17:38:20.910986 (2540216) main____ INFO    ----------------------------------------
2026-02-20 17:38:20.910990 (2540216) main____ INFO    Memory statistics:
2026-02-20 17:38:20.910994 (2540216) main____ INFO      total physical memory  : 394157548 kB
2026-02-20 17:38:20.910998 (2540216) main____ INFO      free physical memory   : 190951212 kB
2026-02-20 17:38:20.911001 (2540216) main____ INFO      committed address space: 166459868 kB
2026-02-20 17:38:20.911005 (2540216) main____ INFO    ----------------------------------------
2026-02-20 17:38:20.911909 (2540216) main____ INFO    Important environment variables:
2026-02-20 17:38:20.911927 (2540216) main____ INFO      JASPER_HOME       : '/usr/licensed/cadence-20210126/jasper_2021.03'
2026-02-20 17:38:20.911933 (2540216) main____ INFO      JASPER_INSTALL_DIR: '/scratch/gpfs/LICENSED/x86_64/cadence-20210126/jasper_2021.03'
2026-02-20 17:38:20.911938 (2540216) main____ INFO      LANG              : 'en_US.UTF-8'
2026-02-20 17:38:20.911943 (2540216) main____ INFO      LM_LICENSE_FILE   : '5280@license.rc.princeton.edu'
2026-02-20 17:38:20.911947 (2540216) main____ INFO      TMPDIR            : '/tmp'
2026-02-20 17:38:20.911951 (2540216) main____ INFO    ----------------------------------------
2026-02-20 17:38:20.912480 (2540216) lic_core INFO    Initializing license system ...
2026-02-20 17:38:20.913412 (2540216) lic_core INFO    ... license system initialized.
2026-02-20 17:38:20.914224 (2540216) lic__man INFO    Claim 'fpv' for <ui>.
2026-02-20 17:38:20.914272 (2540216) lic_core INFO    (1) checking out 'jasper_fpv' ...
2026-02-20 17:38:20.920520 (2540216) lic_core INFO    ... (1) checkout failed (error: -5) ("FLEXnet ERROR(-5, 0, 0): No such feature exists.")
2026-02-20 17:38:20.920583 (2540216) lic_core INFO    (2) checking out 'jasper_fao' ...
2026-02-20 17:38:20.931337 (2540216) lic_core INFO    ... (2) checkout succeeded
2026-02-20 17:38:20.946122 (2540216) session_ INFO    Starting analysis session with session id 'session_0' (launcher: <local>) ...
2026-02-20 17:38:20.949402 (2540216) session_ INFO    Analysis session with session id 'session_0' started (pid: 2540224)
2026-02-20 17:38:21.712084 (2540216) session_ INFO    Analysis session 'session_0' connected to the console (host: 127.0.0.1:34854)
2026-02-20 17:38:22.292508 (2540216) main____ INFO    About to exit: request to exit with status 1 received from analysis session 'session_0'
2026-02-20 17:38:22.378230 (2540216) session_ INFO    Analysis session 'session_0' disconnected.
2026-02-20 17:38:22.378400 (2540216) lic__man INFO    Unclaim everything for 'session_0'.
2026-02-20 17:38:22.379020 (2540216) session_ INFO    Process for analysis session 'session_0' has exited with exit status '1'.
2026-02-20 17:38:24.399210 (2540216) lic_core INFO    (2) checkin jasper_fao
2026-02-20 17:38:24.400937 (2540216) main____ INFO    Exiting with status 1.
