2026-02-23 13:56:23.609927 (2689185) main____ INFO    ----------------------------------------
2026-02-23 13:56:23.610047 (2689185) main____ INFO    JasperGold version info
2026-02-23 13:56:23.610066 (2689185) main____ INFO      tool      : JasperGold 2021.03
2026-02-23 13:56:23.610077 (2689185) main____ INFO      version   : 2021.03 FCS 64 bits
2026-02-23 13:56:23.610083 (2689185) main____ INFO      build date: 2021.03.23 02:50:43 UTC
2026-02-23 13:56:23.610087 (2689185) main____ INFO    ----------------------------------------
2026-02-23 13:56:23.610091 (2689185) main____ INFO    Runtime info:
2026-02-23 13:56:23.610096 (2689185) main____ INFO      platform  : Linux 5.14.0-570.84.1.el9_6.x86_64 x86_64
2026-02-23 13:56:23.610102 (2689185) main____ INFO      hostname  : della-r3c3n12
2026-02-23 13:56:23.610108 (2689185) main____ INFO      pid       : 2689185
2026-02-23 13:56:23.610113 (2689185) main____ INFO      arguments : '-style' 'windows' '-batch' '-proj' './verification_results/04141/jgproject' '-tcl' './jasper_verif_check.tcl'
2026-02-23 13:56:23.610122 (2689185) main____ INFO      locale    : UTF-8
2026-02-23 13:56:23.610126 (2689185) main____ INFO    ----------------------------------------
2026-02-23 13:56:23.610130 (2689185) main____ INFO    System resource limits info:
2026-02-23 13:56:23.610135 (2689185) main____ INFO      virtual memory: unlimited
2026-02-23 13:56:23.610140 (2689185) main____ INFO      cpu time      : unlimited
2026-02-23 13:56:23.610144 (2689185) main____ INFO      stack size    : unlimited
2026-02-23 13:56:23.610149 (2689185) main____ INFO      core file size: unlimited
2026-02-23 13:56:23.610156 (2689185) main____ INFO      open files    : 131072
2026-02-23 13:56:23.610161 (2689185) main____ INFO      file size     : unlimited
2026-02-23 13:56:23.610165 (2689185) main____ INFO    ----------------------------------------
2026-02-23 13:56:23.610169 (2689185) main____ INFO    Memory statistics:
2026-02-23 13:56:23.610173 (2689185) main____ INFO      total physical memory  : 195972156 kB
2026-02-23 13:56:23.610177 (2689185) main____ INFO      free physical memory   : 111088584 kB
2026-02-23 13:56:23.610181 (2689185) main____ INFO      committed address space: 59181704 kB
2026-02-23 13:56:23.610185 (2689185) main____ INFO    ----------------------------------------
2026-02-23 13:56:23.611199 (2689185) main____ INFO    Important environment variables:
2026-02-23 13:56:23.611225 (2689185) main____ INFO      JASPER_HOME       : '/usr/licensed/cadence-20210126/jasper_2021.03'
2026-02-23 13:56:23.611232 (2689185) main____ INFO      JASPER_INSTALL_DIR: '/scratch/gpfs/LICENSED/x86_64/cadence-20210126/jasper_2021.03'
2026-02-23 13:56:23.611237 (2689185) main____ INFO      LANG              : 'en_US.UTF-8'
2026-02-23 13:56:23.611242 (2689185) main____ INFO      LM_LICENSE_FILE   : '5280@license.rc.princeton.edu'
2026-02-23 13:56:23.611248 (2689185) main____ INFO      TMPDIR            : '/tmp/ab2113/jg_5019110_75'
2026-02-23 13:56:23.611252 (2689185) main____ INFO    ----------------------------------------
2026-02-23 13:56:23.612231 (2689185) lic_core INFO    Initializing license system ...
2026-02-23 13:56:23.613197 (2689185) lic_core INFO    ... license system initialized.
2026-02-23 13:56:23.614111 (2689185) lic__man INFO    Claim 'fpv' for <ui>.
2026-02-23 13:56:23.614163 (2689185) lic_core INFO    (1) checking out 'jasper_fpv' ...
2026-02-23 13:56:23.619840 (2689185) lic_core INFO    ... (1) checkout failed (error: -5) ("FLEXnet ERROR(-5, 0, 0): No such feature exists.")
2026-02-23 13:56:23.619906 (2689185) lic_core INFO    (2) checking out 'jasper_fao' ...
2026-02-23 13:56:23.631079 (2689185) lic_core INFO    ... (2) checkout succeeded
2026-02-23 13:56:23.647144 (2689185) session_ INFO    Starting analysis session with session id 'session_0' (launcher: <local>) ...
2026-02-23 13:56:23.650512 (2689185) session_ INFO    Analysis session with session id 'session_0' started (pid: 2689193)
2026-02-23 13:56:24.422145 (2689185) session_ INFO    Analysis session 'session_0' connected to the console (host: 127.0.0.1:44348)
2026-02-23 13:56:25.023429 (2689185) main____ INFO    About to exit: request to exit with status 1 received from analysis session 'session_0'
2026-02-23 13:56:25.126095 (2689185) session_ INFO    Analysis session 'session_0' disconnected.
2026-02-23 13:56:25.126233 (2689185) lic__man INFO    Unclaim everything for 'session_0'.
2026-02-23 13:56:25.126866 (2689185) session_ INFO    Process for analysis session 'session_0' has exited with exit status '1'.
2026-02-23 13:56:26.930084 (2689185) lic_core INFO    (2) checkin jasper_fao
2026-02-23 13:56:26.931894 (2689185) main____ INFO    Exiting with status 1.
