2026-02-23 13:58:46.758312 (1498944) main____ INFO    ----------------------------------------
2026-02-23 13:58:46.758390 (1498944) main____ INFO    JasperGold version info
2026-02-23 13:58:46.758405 (1498944) main____ INFO      tool      : JasperGold 2021.03
2026-02-23 13:58:46.758416 (1498944) main____ INFO      version   : 2021.03 FCS 64 bits
2026-02-23 13:58:46.758422 (1498944) main____ INFO      build date: 2021.03.23 02:50:43 UTC
2026-02-23 13:58:46.758434 (1498944) main____ INFO    ----------------------------------------
2026-02-23 13:58:46.758440 (1498944) main____ INFO    Runtime info:
2026-02-23 13:58:46.758447 (1498944) main____ INFO      platform  : Linux 5.14.0-570.84.1.el9_6.x86_64 x86_64
2026-02-23 13:58:46.758453 (1498944) main____ INFO      hostname  : della-h14n5
2026-02-23 13:58:46.758459 (1498944) main____ INFO      pid       : 1498944
2026-02-23 13:58:46.758465 (1498944) main____ INFO      arguments : '-style' 'windows' '-batch' '-proj' './verification_results/03267/jgproject' '-tcl' './jasper_verif_check.tcl'
2026-02-23 13:58:46.758475 (1498944) main____ INFO      locale    : UTF-8
2026-02-23 13:58:46.758480 (1498944) main____ INFO    ----------------------------------------
2026-02-23 13:58:46.758485 (1498944) main____ INFO    System resource limits info:
2026-02-23 13:58:46.758491 (1498944) main____ INFO      virtual memory: unlimited
2026-02-23 13:58:46.758497 (1498944) main____ INFO      cpu time      : unlimited
2026-02-23 13:58:46.758503 (1498944) main____ INFO      stack size    : unlimited
2026-02-23 13:58:46.758510 (1498944) main____ INFO      core file size: unlimited
2026-02-23 13:58:46.758517 (1498944) main____ INFO      open files    : 131072
2026-02-23 13:58:46.758524 (1498944) main____ INFO      file size     : unlimited
2026-02-23 13:58:46.758530 (1498944) main____ INFO    ----------------------------------------
2026-02-23 13:58:46.758535 (1498944) main____ INFO    Memory statistics:
2026-02-23 13:58:46.758541 (1498944) main____ INFO      total physical memory  : 1584164368 kB
2026-02-23 13:58:46.758547 (1498944) main____ INFO      free physical memory   : 734632904 kB
2026-02-23 13:58:46.758553 (1498944) main____ INFO      committed address space: 505382040 kB
2026-02-23 13:58:46.758558 (1498944) main____ INFO    ----------------------------------------
2026-02-23 13:58:46.759107 (1498944) main____ INFO    Important environment variables:
2026-02-23 13:58:46.759122 (1498944) main____ INFO      JASPER_HOME       : '/usr/licensed/cadence-20210126/jasper_2021.03'
2026-02-23 13:58:46.759130 (1498944) main____ INFO      JASPER_INSTALL_DIR: '/scratch/gpfs/LICENSED/x86_64/cadence-20210126/jasper_2021.03'
2026-02-23 13:58:46.759137 (1498944) main____ INFO      LANG              : 'en_US.UTF-8'
2026-02-23 13:58:46.759143 (1498944) main____ INFO      LM_LICENSE_FILE   : '5280@license.rc.princeton.edu'
2026-02-23 13:58:46.759149 (1498944) main____ INFO      TMPDIR            : '/tmp/ab2113/jg_5018998_58'
2026-02-23 13:58:46.759156 (1498944) main____ INFO    ----------------------------------------
2026-02-23 13:58:46.759649 (1498944) lic_core INFO    Initializing license system ...
2026-02-23 13:58:46.760877 (1498944) lic_core INFO    ... license system initialized.
2026-02-23 13:58:46.761696 (1498944) lic__man INFO    Claim 'fpv' for <ui>.
2026-02-23 13:58:46.761730 (1498944) lic_core INFO    (1) checking out 'jasper_fpv' ...
2026-02-23 13:58:46.767470 (1498944) lic_core INFO    ... (1) checkout failed (error: -5) ("FLEXnet ERROR(-5, 0, 0): No such feature exists.")
2026-02-23 13:58:46.767500 (1498944) lic_core INFO    (2) checking out 'jasper_fao' ...
2026-02-23 13:58:46.776863 (1498944) lic_core INFO    ... (2) checkout succeeded
2026-02-23 13:58:46.788560 (1498944) session_ INFO    Starting analysis session with session id 'session_0' (launcher: <local>) ...
2026-02-23 13:58:46.791868 (1498944) session_ INFO    Analysis session with session id 'session_0' started (pid: 1498952)
2026-02-23 13:58:47.402140 (1498944) session_ INFO    Analysis session 'session_0' connected to the console (host: 127.0.0.1:37278)
2026-02-23 13:58:48.001502 (1498944) main____ INFO    About to exit: request to exit with status 1 received from analysis session 'session_0'
2026-02-23 13:58:48.053702 (1498944) session_ INFO    Analysis session 'session_0' disconnected.
2026-02-23 13:58:48.053851 (1498944) lic__man INFO    Unclaim everything for 'session_0'.
2026-02-23 13:58:48.054538 (1498944) session_ INFO    Process for analysis session 'session_0' has exited with exit status '1'.
2026-02-23 13:58:50.084178 (1498944) lic_core INFO    (2) checkin jasper_fao
2026-02-23 13:58:50.085459 (1498944) main____ INFO    Exiting with status 1.
