2026-02-23 13:45:27.883558 (3727540) main____ INFO    ----------------------------------------
2026-02-23 13:45:27.883631 (3727540) main____ INFO    JasperGold version info
2026-02-23 13:45:27.883649 (3727540) main____ INFO      tool      : JasperGold 2021.03
2026-02-23 13:45:27.883659 (3727540) main____ INFO      version   : 2021.03 FCS 64 bits
2026-02-23 13:45:27.883665 (3727540) main____ INFO      build date: 2021.03.23 02:50:43 UTC
2026-02-23 13:45:27.883670 (3727540) main____ INFO    ----------------------------------------
2026-02-23 13:45:27.883674 (3727540) main____ INFO    Runtime info:
2026-02-23 13:45:27.883679 (3727540) main____ INFO      platform  : Linux 5.14.0-570.84.1.el9_6.x86_64 x86_64
2026-02-23 13:45:27.883685 (3727540) main____ INFO      hostname  : della-h14n18
2026-02-23 13:45:27.883690 (3727540) main____ INFO      pid       : 3727540
2026-02-23 13:45:27.883695 (3727540) main____ INFO      arguments : '-style' 'windows' '-batch' '-proj' './verification_results/02325/jgproject' '-tcl' './jasper_verif_check.tcl'
2026-02-23 13:45:27.883702 (3727540) main____ INFO      locale    : UTF-8
2026-02-23 13:45:27.883707 (3727540) main____ INFO    ----------------------------------------
2026-02-23 13:45:27.883711 (3727540) main____ INFO    System resource limits info:
2026-02-23 13:45:27.883716 (3727540) main____ INFO      virtual memory: unlimited
2026-02-23 13:45:27.883721 (3727540) main____ INFO      cpu time      : unlimited
2026-02-23 13:45:27.883726 (3727540) main____ INFO      stack size    : unlimited
2026-02-23 13:45:27.883730 (3727540) main____ INFO      core file size: unlimited
2026-02-23 13:45:27.883738 (3727540) main____ INFO      open files    : 131072
2026-02-23 13:45:27.883743 (3727540) main____ INFO      file size     : unlimited
2026-02-23 13:45:27.883748 (3727540) main____ INFO    ----------------------------------------
2026-02-23 13:45:27.883753 (3727540) main____ INFO    Memory statistics:
2026-02-23 13:45:27.883758 (3727540) main____ INFO      total physical memory  : 1584164348 kB
2026-02-23 13:45:27.883763 (3727540) main____ INFO      free physical memory   : 649055304 kB
2026-02-23 13:45:27.883768 (3727540) main____ INFO      committed address space: 626838092 kB
2026-02-23 13:45:27.883772 (3727540) main____ INFO    ----------------------------------------
2026-02-23 13:45:27.884301 (3727540) main____ INFO    Important environment variables:
2026-02-23 13:45:27.884314 (3727540) main____ INFO      JASPER_HOME       : '/usr/licensed/cadence-20210126/jasper_2021.03'
2026-02-23 13:45:27.884320 (3727540) main____ INFO      JASPER_INSTALL_DIR: '/scratch/gpfs/LICENSED/x86_64/cadence-20210126/jasper_2021.03'
2026-02-23 13:45:27.884326 (3727540) main____ INFO      LANG              : 'en_US.UTF-8'
2026-02-23 13:45:27.884331 (3727540) main____ INFO      LM_LICENSE_FILE   : '5280@license.rc.princeton.edu'
2026-02-23 13:45:27.884336 (3727540) main____ INFO      TMPDIR            : '/tmp/ab2113/jg_5018904_39'
2026-02-23 13:45:27.884341 (3727540) main____ INFO    ----------------------------------------
2026-02-23 13:45:27.884813 (3727540) lic_core INFO    Initializing license system ...
2026-02-23 13:45:27.885319 (3727540) lic_core INFO    ... license system initialized.
2026-02-23 13:45:27.886133 (3727540) lic__man INFO    Claim 'fpv' for <ui>.
2026-02-23 13:45:27.886173 (3727540) lic_core INFO    (1) checking out 'jasper_fpv' ...
2026-02-23 13:45:27.891937 (3727540) lic_core INFO    ... (1) checkout failed (error: -5) ("FLEXnet ERROR(-5, 0, 0): No such feature exists.")
2026-02-23 13:45:27.891963 (3727540) lic_core INFO    (2) checking out 'jasper_fao' ...
2026-02-23 13:45:27.900675 (3727540) lic_core INFO    ... (2) checkout succeeded
2026-02-23 13:45:27.911742 (3727540) session_ INFO    Starting analysis session with session id 'session_0' (launcher: <local>) ...
2026-02-23 13:45:27.914393 (3727540) session_ INFO    Analysis session with session id 'session_0' started (pid: 3727550)
2026-02-23 13:45:28.456816 (3727540) session_ INFO    Analysis session 'session_0' connected to the console (host: 127.0.0.1:55728)
2026-02-23 13:45:28.949231 (3727540) main____ INFO    About to exit: request to exit with status 1 received from analysis session 'session_0'
2026-02-23 13:45:28.997905 (3727540) session_ INFO    Analysis session 'session_0' disconnected.
2026-02-23 13:45:28.998024 (3727540) lic__man INFO    Unclaim everything for 'session_0'.
2026-02-23 13:45:28.999721 (3727540) session_ INFO    Process for analysis session 'session_0' has exited with exit status '1'.
2026-02-23 13:45:31.042644 (3727540) lic_core INFO    (2) checkin jasper_fao
2026-02-23 13:45:31.044191 (3727540) main____ INFO    Exiting with status 1.
