2026-02-23 13:45:54.878787 (993269) main____ INFO    ----------------------------------------
2026-02-23 13:45:54.878879 (993269) main____ INFO    JasperGold version info
2026-02-23 13:45:54.878899 (993269) main____ INFO      tool      : JasperGold 2021.03
2026-02-23 13:45:54.878908 (993269) main____ INFO      version   : 2021.03 FCS 64 bits
2026-02-23 13:45:54.878914 (993269) main____ INFO      build date: 2021.03.23 02:50:43 UTC
2026-02-23 13:45:54.878918 (993269) main____ INFO    ----------------------------------------
2026-02-23 13:45:54.878923 (993269) main____ INFO    Runtime info:
2026-02-23 13:45:54.878928 (993269) main____ INFO      platform  : Linux 5.14.0-570.84.1.el9_6.x86_64 x86_64
2026-02-23 13:45:54.878934 (993269) main____ INFO      hostname  : della-h16n4
2026-02-23 13:45:54.878940 (993269) main____ INFO      pid       : 993269
2026-02-23 13:45:54.878945 (993269) main____ INFO      arguments : '-style' 'windows' '-batch' '-proj' './verification_results/02472/jgproject' '-tcl' './jasper_verif_check.tcl'
2026-02-23 13:45:54.878956 (993269) main____ INFO      locale    : UTF-8
2026-02-23 13:45:54.878961 (993269) main____ INFO    ----------------------------------------
2026-02-23 13:45:54.878965 (993269) main____ INFO    System resource limits info:
2026-02-23 13:45:54.878971 (993269) main____ INFO      virtual memory: unlimited
2026-02-23 13:45:54.878976 (993269) main____ INFO      cpu time      : unlimited
2026-02-23 13:45:54.878981 (993269) main____ INFO      stack size    : unlimited
2026-02-23 13:45:54.878986 (993269) main____ INFO      core file size: unlimited
2026-02-23 13:45:54.878995 (993269) main____ INFO      open files    : 131072
2026-02-23 13:45:54.879000 (993269) main____ INFO      file size     : unlimited
2026-02-23 13:45:54.879005 (993269) main____ INFO    ----------------------------------------
2026-02-23 13:45:54.879010 (993269) main____ INFO    Memory statistics:
2026-02-23 13:45:54.879016 (993269) main____ INFO      total physical memory  : 1584164328 kB
2026-02-23 13:45:54.879021 (993269) main____ INFO      free physical memory   : 753300248 kB
2026-02-23 13:45:54.879026 (993269) main____ INFO      committed address space: 747013780 kB
2026-02-23 13:45:54.879030 (993269) main____ INFO    ----------------------------------------
2026-02-23 13:45:54.879572 (993269) main____ INFO    Important environment variables:
2026-02-23 13:45:54.879588 (993269) main____ INFO      JASPER_HOME       : '/usr/licensed/cadence-20210126/jasper_2021.03'
2026-02-23 13:45:54.879594 (993269) main____ INFO      JASPER_INSTALL_DIR: '/scratch/gpfs/LICENSED/x86_64/cadence-20210126/jasper_2021.03'
2026-02-23 13:45:54.879600 (993269) main____ INFO      LANG              : 'en_US.UTF-8'
2026-02-23 13:45:54.879605 (993269) main____ INFO      LM_LICENSE_FILE   : '5280@license.rc.princeton.edu'
2026-02-23 13:45:54.879611 (993269) main____ INFO      TMPDIR            : '/tmp/ab2113/jg_5018914_42'
2026-02-23 13:45:54.879616 (993269) main____ INFO    ----------------------------------------
2026-02-23 13:45:54.880392 (993269) lic_core INFO    Initializing license system ...
2026-02-23 13:45:54.881171 (993269) lic_core INFO    ... license system initialized.
2026-02-23 13:45:54.882090 (993269) lic__man INFO    Claim 'fpv' for <ui>.
2026-02-23 13:45:54.882133 (993269) lic_core INFO    (1) checking out 'jasper_fpv' ...
2026-02-23 13:45:54.889709 (993269) lic_core INFO    ... (1) checkout failed (error: -5) ("FLEXnet ERROR(-5, 0, 0): No such feature exists.")
2026-02-23 13:45:54.889781 (993269) lic_core INFO    (2) checking out 'jasper_fao' ...
2026-02-23 13:45:54.900049 (993269) lic_core INFO    ... (2) checkout succeeded
2026-02-23 13:45:54.912701 (993269) session_ INFO    Starting analysis session with session id 'session_0' (launcher: <local>) ...
2026-02-23 13:45:54.916407 (993269) session_ INFO    Analysis session with session id 'session_0' started (pid: 993277)
2026-02-23 13:45:55.688490 (993269) session_ INFO    Analysis session 'session_0' connected to the console (host: 127.0.0.1:40766)
2026-02-23 13:45:56.273897 (993269) main____ INFO    About to exit: request to exit with status 1 received from analysis session 'session_0'
2026-02-23 13:45:56.362863 (993269) session_ INFO    Analysis session 'session_0' disconnected.
2026-02-23 13:45:56.363128 (993269) lic__man INFO    Unclaim everything for 'session_0'.
2026-02-23 13:45:56.364024 (993269) session_ INFO    Process for analysis session 'session_0' has exited with exit status '1'.
2026-02-23 13:45:58.179279 (993269) lic_core INFO    (2) checkin jasper_fao
2026-02-23 13:45:58.180562 (993269) main____ INFO    Exiting with status 1.
