2026-02-23 13:46:21.525996 (994549) main____ INFO    ----------------------------------------
2026-02-23 13:46:21.526097 (994549) main____ INFO    JasperGold version info
2026-02-23 13:46:21.526117 (994549) main____ INFO      tool      : JasperGold 2021.03
2026-02-23 13:46:21.526127 (994549) main____ INFO      version   : 2021.03 FCS 64 bits
2026-02-23 13:46:21.526133 (994549) main____ INFO      build date: 2021.03.23 02:50:43 UTC
2026-02-23 13:46:21.526138 (994549) main____ INFO    ----------------------------------------
2026-02-23 13:46:21.526143 (994549) main____ INFO    Runtime info:
2026-02-23 13:46:21.526148 (994549) main____ INFO      platform  : Linux 5.14.0-570.84.1.el9_6.x86_64 x86_64
2026-02-23 13:46:21.526154 (994549) main____ INFO      hostname  : della-h16n4
2026-02-23 13:46:21.526159 (994549) main____ INFO      pid       : 994549
2026-02-23 13:46:21.526164 (994549) main____ INFO      arguments : '-style' 'windows' '-batch' '-proj' './verification_results/02479/jgproject' '-tcl' './jasper_verif_check.tcl'
2026-02-23 13:46:21.526175 (994549) main____ INFO      locale    : UTF-8
2026-02-23 13:46:21.526180 (994549) main____ INFO    ----------------------------------------
2026-02-23 13:46:21.526184 (994549) main____ INFO    System resource limits info:
2026-02-23 13:46:21.526189 (994549) main____ INFO      virtual memory: unlimited
2026-02-23 13:46:21.526194 (994549) main____ INFO      cpu time      : unlimited
2026-02-23 13:46:21.526199 (994549) main____ INFO      stack size    : unlimited
2026-02-23 13:46:21.526204 (994549) main____ INFO      core file size: unlimited
2026-02-23 13:46:21.526212 (994549) main____ INFO      open files    : 131072
2026-02-23 13:46:21.526217 (994549) main____ INFO      file size     : unlimited
2026-02-23 13:46:21.526222 (994549) main____ INFO    ----------------------------------------
2026-02-23 13:46:21.526226 (994549) main____ INFO    Memory statistics:
2026-02-23 13:46:21.526232 (994549) main____ INFO      total physical memory  : 1584164328 kB
2026-02-23 13:46:21.526237 (994549) main____ INFO      free physical memory   : 734854908 kB
2026-02-23 13:46:21.526241 (994549) main____ INFO      committed address space: 748106148 kB
2026-02-23 13:46:21.526246 (994549) main____ INFO    ----------------------------------------
2026-02-23 13:46:21.526833 (994549) main____ INFO    Important environment variables:
2026-02-23 13:46:21.526850 (994549) main____ INFO      JASPER_HOME       : '/usr/licensed/cadence-20210126/jasper_2021.03'
2026-02-23 13:46:21.526856 (994549) main____ INFO      JASPER_INSTALL_DIR: '/scratch/gpfs/LICENSED/x86_64/cadence-20210126/jasper_2021.03'
2026-02-23 13:46:21.526861 (994549) main____ INFO      LANG              : 'en_US.UTF-8'
2026-02-23 13:46:21.526867 (994549) main____ INFO      LM_LICENSE_FILE   : '5280@license.rc.princeton.edu'
2026-02-23 13:46:21.526872 (994549) main____ INFO      TMPDIR            : '/tmp/ab2113/jg_5018914_42'
2026-02-23 13:46:21.526877 (994549) main____ INFO    ----------------------------------------
2026-02-23 13:46:21.527651 (994549) lic_core INFO    Initializing license system ...
2026-02-23 13:46:21.528383 (994549) lic_core INFO    ... license system initialized.
2026-02-23 13:46:21.529261 (994549) lic__man INFO    Claim 'fpv' for <ui>.
2026-02-23 13:46:21.529301 (994549) lic_core INFO    (1) checking out 'jasper_fpv' ...
2026-02-23 13:46:21.538922 (994549) lic_core INFO    ... (1) checkout failed (error: -5) ("FLEXnet ERROR(-5, 0, 0): No such feature exists.")
2026-02-23 13:46:21.539007 (994549) lic_core INFO    (2) checking out 'jasper_fao' ...
2026-02-23 13:46:21.548559 (994549) lic_core INFO    ... (2) checkout succeeded
2026-02-23 13:46:21.561904 (994549) session_ INFO    Starting analysis session with session id 'session_0' (launcher: <local>) ...
2026-02-23 13:46:21.566158 (994549) session_ INFO    Analysis session with session id 'session_0' started (pid: 994557)
2026-02-23 13:46:22.270847 (994549) session_ INFO    Analysis session 'session_0' connected to the console (host: 127.0.0.1:35182)
2026-02-23 13:46:22.858888 (994549) main____ INFO    About to exit: request to exit with status 1 received from analysis session 'session_0'
2026-02-23 13:46:22.939004 (994549) session_ INFO    Analysis session 'session_0' disconnected.
2026-02-23 13:46:22.939206 (994549) lic__man INFO    Unclaim everything for 'session_0'.
2026-02-23 13:46:22.939942 (994549) session_ INFO    Process for analysis session 'session_0' has exited with exit status '1'.
2026-02-23 13:46:24.768226 (994549) lic_core INFO    (2) checkin jasper_fao
2026-02-23 13:46:24.770327 (994549) main____ INFO    Exiting with status 1.
