2026-02-23 13:40:43.982056 (2861419) main____ INFO    ----------------------------------------
2026-02-23 13:40:43.982135 (2861419) main____ INFO    JasperGold version info
2026-02-23 13:40:43.982151 (2861419) main____ INFO      tool      : JasperGold 2021.03
2026-02-23 13:40:43.982161 (2861419) main____ INFO      version   : 2021.03 FCS 64 bits
2026-02-23 13:40:43.982167 (2861419) main____ INFO      build date: 2021.03.23 02:50:43 UTC
2026-02-23 13:40:43.982173 (2861419) main____ INFO    ----------------------------------------
2026-02-23 13:40:43.982178 (2861419) main____ INFO    Runtime info:
2026-02-23 13:40:43.982183 (2861419) main____ INFO      platform  : Linux 5.14.0-570.84.1.el9_6.x86_64 x86_64
2026-02-23 13:40:43.982191 (2861419) main____ INFO      hostname  : della-h16n9
2026-02-23 13:40:43.982197 (2861419) main____ INFO      pid       : 2861419
2026-02-23 13:40:43.982203 (2861419) main____ INFO      arguments : '-style' 'windows' '-batch' '-proj' './verification_results/01284/jgproject' '-tcl' './jasper_verif_check.tcl'
2026-02-23 13:40:43.982212 (2861419) main____ INFO      locale    : UTF-8
2026-02-23 13:40:43.982217 (2861419) main____ INFO    ----------------------------------------
2026-02-23 13:40:43.982222 (2861419) main____ INFO    System resource limits info:
2026-02-23 13:40:43.982228 (2861419) main____ INFO      virtual memory: unlimited
2026-02-23 13:40:43.982235 (2861419) main____ INFO      cpu time      : unlimited
2026-02-23 13:40:43.982240 (2861419) main____ INFO      stack size    : unlimited
2026-02-23 13:40:43.982246 (2861419) main____ INFO      core file size: unlimited
2026-02-23 13:40:43.982254 (2861419) main____ INFO      open files    : 131072
2026-02-23 13:40:43.982260 (2861419) main____ INFO      file size     : unlimited
2026-02-23 13:40:43.982265 (2861419) main____ INFO    ----------------------------------------
2026-02-23 13:40:43.982270 (2861419) main____ INFO    Memory statistics:
2026-02-23 13:40:43.982276 (2861419) main____ INFO      total physical memory  : 1584164368 kB
2026-02-23 13:40:43.982283 (2861419) main____ INFO      free physical memory   : 834199588 kB
2026-02-23 13:40:43.982288 (2861419) main____ INFO      committed address space: 652708976 kB
2026-02-23 13:40:43.982295 (2861419) main____ INFO    ----------------------------------------
2026-02-23 13:40:43.982853 (2861419) main____ INFO    Important environment variables:
2026-02-23 13:40:43.982869 (2861419) main____ INFO      JASPER_HOME       : '/usr/licensed/cadence-20210126/jasper_2021.03'
2026-02-23 13:40:43.982876 (2861419) main____ INFO      JASPER_INSTALL_DIR: '/scratch/gpfs/LICENSED/x86_64/cadence-20210126/jasper_2021.03'
2026-02-23 13:40:43.982883 (2861419) main____ INFO      LANG              : 'en_US.UTF-8'
2026-02-23 13:40:43.982897 (2861419) main____ INFO      LM_LICENSE_FILE   : '5280@license.rc.princeton.edu'
2026-02-23 13:40:43.982905 (2861419) main____ INFO      TMPDIR            : '/tmp/ab2113/jg_5018829_18'
2026-02-23 13:40:43.982911 (2861419) main____ INFO    ----------------------------------------
2026-02-23 13:40:43.983431 (2861419) lic_core INFO    Initializing license system ...
2026-02-23 13:40:43.984016 (2861419) lic_core INFO    ... license system initialized.
2026-02-23 13:40:43.984855 (2861419) lic__man INFO    Claim 'fpv' for <ui>.
2026-02-23 13:40:43.984901 (2861419) lic_core INFO    (1) checking out 'jasper_fpv' ...
2026-02-23 13:40:43.990793 (2861419) lic_core INFO    ... (1) checkout failed (error: -5) ("FLEXnet ERROR(-5, 0, 0): No such feature exists.")
2026-02-23 13:40:43.990822 (2861419) lic_core INFO    (2) checking out 'jasper_fao' ...
2026-02-23 13:40:44.000245 (2861419) lic_core INFO    ... (2) checkout succeeded
2026-02-23 13:40:44.011604 (2861419) session_ INFO    Starting analysis session with session id 'session_0' (launcher: <local>) ...
2026-02-23 13:40:44.014462 (2861419) session_ INFO    Analysis session with session id 'session_0' started (pid: 2861476)
2026-02-23 13:40:44.640206 (2861419) session_ INFO    Analysis session 'session_0' connected to the console (host: 127.0.0.1:59336)
2026-02-23 13:40:45.426381 (2861419) lic__man INFO    Unclaim everything for 'session_0'.
2026-02-23 13:40:45.481192 (2861419) lic__man INFO    Claim 'fpv' for 'session_0'.
2026-02-23 13:40:45.481232 (2861419) lic__man INFO    Claim 'fpv' for 'session_0/prove-0'.
2026-02-23 13:40:45.635563 (2861419) lic__man INFO    Unclaim everything for 'session_0/prove-0'.
2026-02-23 13:40:45.688964 (2861419) main____ INFO    About to exit: request to exit with status 0 received from analysis session 'session_0'
2026-02-23 13:40:45.750974 (2861419) session_ INFO    Analysis session 'session_0' disconnected.
2026-02-23 13:40:45.751101 (2861419) lic__man INFO    Unclaim everything for 'session_0'.
2026-02-23 13:40:45.751902 (2861419) session_ INFO    Process for analysis session 'session_0' has exited with exit status '0'.
2026-02-23 13:40:47.662169 (2861419) lic_core INFO    (2) checkin jasper_fao
2026-02-23 13:40:47.663504 (2861419) main____ INFO    Exiting with status 0.
