2026-02-20 16:46:33.384177 (2489926) main____ INFO    ----------------------------------------
2026-02-20 16:46:33.384289 (2489926) main____ INFO    JasperGold version info
2026-02-20 16:46:33.384309 (2489926) main____ INFO      tool      : JasperGold 2021.03
2026-02-20 16:46:33.384318 (2489926) main____ INFO      version   : 2021.03 FCS 64 bits
2026-02-20 16:46:33.384323 (2489926) main____ INFO      build date: 2021.03.23 02:50:43 UTC
2026-02-20 16:46:33.384328 (2489926) main____ INFO    ----------------------------------------
2026-02-20 16:46:33.384332 (2489926) main____ INFO    Runtime info:
2026-02-20 16:46:33.384336 (2489926) main____ INFO      platform  : Linux 5.14.0-570.84.1.el9_6.x86_64 x86_64
2026-02-20 16:46:33.384343 (2489926) main____ INFO      hostname  : della-i13n22
2026-02-20 16:46:33.384347 (2489926) main____ INFO      pid       : 2489926
2026-02-20 16:46:33.384352 (2489926) main____ INFO      arguments : '-style' 'windows' '-batch' '-proj' 'verification_results/00020/jgproject' '-tcl' './jasper_verif_check.tcl'
2026-02-20 16:46:33.384360 (2489926) main____ INFO      locale    : UTF-8
2026-02-20 16:46:33.384364 (2489926) main____ INFO    ----------------------------------------
2026-02-20 16:46:33.384367 (2489926) main____ INFO    System resource limits info:
2026-02-20 16:46:33.384371 (2489926) main____ INFO      virtual memory: unlimited
2026-02-20 16:46:33.384375 (2489926) main____ INFO      cpu time      : unlimited
2026-02-20 16:46:33.384378 (2489926) main____ INFO      stack size    : unlimited
2026-02-20 16:46:33.384387 (2489926) main____ INFO      core file size: unlimited
2026-02-20 16:46:33.384395 (2489926) main____ INFO      open files    : 131072
2026-02-20 16:46:33.384399 (2489926) main____ INFO      file size     : unlimited
2026-02-20 16:46:33.384403 (2489926) main____ INFO    ----------------------------------------
2026-02-20 16:46:33.384406 (2489926) main____ INFO    Memory statistics:
2026-02-20 16:46:33.384410 (2489926) main____ INFO      total physical memory  : 394157548 kB
2026-02-20 16:46:33.384414 (2489926) main____ INFO      free physical memory   : 209324324 kB
2026-02-20 16:46:33.384417 (2489926) main____ INFO      committed address space: 149716992 kB
2026-02-20 16:46:33.384421 (2489926) main____ INFO    ----------------------------------------
2026-02-20 16:46:33.385305 (2489926) main____ INFO    Important environment variables:
2026-02-20 16:46:33.385324 (2489926) main____ INFO      JASPER_HOME       : '/usr/licensed/cadence-20210126/jasper_2021.03'
2026-02-20 16:46:33.385329 (2489926) main____ INFO      JASPER_INSTALL_DIR: '/scratch/gpfs/LICENSED/x86_64/cadence-20210126/jasper_2021.03'
2026-02-20 16:46:33.385334 (2489926) main____ INFO      LANG              : 'en_US.UTF-8'
2026-02-20 16:46:33.385339 (2489926) main____ INFO      LM_LICENSE_FILE   : '5280@license.rc.princeton.edu'
2026-02-20 16:46:33.385343 (2489926) main____ INFO      TMPDIR            : '/tmp'
2026-02-20 16:46:33.385347 (2489926) main____ INFO    ----------------------------------------
2026-02-20 16:46:33.386320 (2489926) lic_core INFO    Initializing license system ...
2026-02-20 16:46:33.387274 (2489926) lic_core INFO    ... license system initialized.
2026-02-20 16:46:33.388108 (2489926) lic__man INFO    Claim 'fpv' for <ui>.
2026-02-20 16:46:33.388154 (2489926) lic_core INFO    (1) checking out 'jasper_fpv' ...
2026-02-20 16:46:33.393797 (2489926) lic_core INFO    ... (1) checkout failed (error: -5) ("FLEXnet ERROR(-5, 0, 0): No such feature exists.")
2026-02-20 16:46:33.393851 (2489926) lic_core INFO    (2) checking out 'jasper_fao' ...
2026-02-20 16:46:33.404121 (2489926) lic_core INFO    ... (2) checkout succeeded
2026-02-20 16:46:33.418713 (2489926) session_ INFO    Starting analysis session with session id 'session_0' (launcher: <local>) ...
2026-02-20 16:46:33.421884 (2489926) session_ INFO    Analysis session with session id 'session_0' started (pid: 2489934)
2026-02-20 16:46:34.142937 (2489926) session_ INFO    Analysis session 'session_0' connected to the console (host: 127.0.0.1:45708)
2026-02-20 16:46:34.972330 (2489926) lic__man INFO    Unclaim everything for 'session_0'.
2026-02-20 16:46:35.016210 (2489926) lic__man INFO    Claim 'fpv' for 'session_0'.
2026-02-20 16:46:35.016266 (2489926) lic__man INFO    Claim 'fpv' for 'session_0/prove-0'.
2026-02-20 16:46:35.147226 (2489926) lic__man INFO    Unclaim everything for 'session_0/prove-0'.
2026-02-20 16:46:35.196478 (2489926) main____ INFO    About to exit: request to exit with status 0 received from analysis session 'session_0'
2026-02-20 16:46:35.284320 (2489926) session_ INFO    Analysis session 'session_0' disconnected.
2026-02-20 16:46:35.284463 (2489926) lic__man INFO    Unclaim everything for 'session_0'.
2026-02-20 16:46:35.285129 (2489926) session_ INFO    Process for analysis session 'session_0' has exited with exit status '0'.
2026-02-20 16:46:37.104017 (2489926) lic_core INFO    (2) checkin jasper_fao
2026-02-20 16:46:37.105581 (2489926) main____ INFO    Exiting with status 0.
