2026-02-23 13:45:34.337026 (1946791) main____ INFO    ----------------------------------------
2026-02-23 13:45:34.337100 (1946791) main____ INFO    JasperGold version info
2026-02-23 13:45:34.337119 (1946791) main____ INFO      tool      : JasperGold 2021.03
2026-02-23 13:45:34.337128 (1946791) main____ INFO      version   : 2021.03 FCS 64 bits
2026-02-23 13:45:34.337133 (1946791) main____ INFO      build date: 2021.03.23 02:50:43 UTC
2026-02-23 13:45:34.337137 (1946791) main____ INFO    ----------------------------------------
2026-02-23 13:45:34.337142 (1946791) main____ INFO    Runtime info:
2026-02-23 13:45:34.337146 (1946791) main____ INFO      platform  : Linux 5.14.0-570.84.1.el9_6.x86_64 x86_64
2026-02-23 13:45:34.337152 (1946791) main____ INFO      hostname  : della-r3c1n5
2026-02-23 13:45:34.337157 (1946791) main____ INFO      pid       : 1946791
2026-02-23 13:45:34.337161 (1946791) main____ INFO      arguments : '-style' 'windows' '-batch' '-proj' './verification_results/01942/jgproject' '-tcl' './jasper_verif_check.tcl'
2026-02-23 13:45:34.337170 (1946791) main____ INFO      locale    : UTF-8
2026-02-23 13:45:34.337174 (1946791) main____ INFO    ----------------------------------------
2026-02-23 13:45:34.337178 (1946791) main____ INFO    System resource limits info:
2026-02-23 13:45:34.337182 (1946791) main____ INFO      virtual memory: unlimited
2026-02-23 13:45:34.337187 (1946791) main____ INFO      cpu time      : unlimited
2026-02-23 13:45:34.337191 (1946791) main____ INFO      stack size    : unlimited
2026-02-23 13:45:34.337195 (1946791) main____ INFO      core file size: unlimited
2026-02-23 13:45:34.337202 (1946791) main____ INFO      open files    : 131072
2026-02-23 13:45:34.337206 (1946791) main____ INFO      file size     : unlimited
2026-02-23 13:45:34.337211 (1946791) main____ INFO    ----------------------------------------
2026-02-23 13:45:34.337214 (1946791) main____ INFO    Memory statistics:
2026-02-23 13:45:34.337219 (1946791) main____ INFO      total physical memory  : 195972056 kB
2026-02-23 13:45:34.337223 (1946791) main____ INFO      free physical memory   : 110763640 kB
2026-02-23 13:45:34.337227 (1946791) main____ INFO      committed address space: 55181136 kB
2026-02-23 13:45:34.337232 (1946791) main____ INFO    ----------------------------------------
2026-02-23 13:45:34.338208 (1946791) main____ INFO    Important environment variables:
2026-02-23 13:45:34.338222 (1946791) main____ INFO      JASPER_HOME       : '/usr/licensed/cadence-20210126/jasper_2021.03'
2026-02-23 13:45:34.338228 (1946791) main____ INFO      JASPER_INSTALL_DIR: '/scratch/gpfs/LICENSED/x86_64/cadence-20210126/jasper_2021.03'
2026-02-23 13:45:34.338233 (1946791) main____ INFO      LANG              : 'en_US.UTF-8'
2026-02-23 13:45:34.338238 (1946791) main____ INFO      LM_LICENSE_FILE   : '5280@license.rc.princeton.edu'
2026-02-23 13:45:34.338243 (1946791) main____ INFO      TMPDIR            : '/tmp/ab2113/jg_5018879_31'
2026-02-23 13:45:34.338248 (1946791) main____ INFO    ----------------------------------------
2026-02-23 13:45:34.338689 (1946791) lic_core INFO    Initializing license system ...
2026-02-23 13:45:34.339487 (1946791) lic_core INFO    ... license system initialized.
2026-02-23 13:45:34.340212 (1946791) lic__man INFO    Claim 'fpv' for <ui>.
2026-02-23 13:45:34.340249 (1946791) lic_core INFO    (1) checking out 'jasper_fpv' ...
2026-02-23 13:45:34.345456 (1946791) lic_core INFO    ... (1) checkout failed (error: -5) ("FLEXnet ERROR(-5, 0, 0): No such feature exists.")
2026-02-23 13:45:34.345484 (1946791) lic_core INFO    (2) checking out 'jasper_fao' ...
2026-02-23 13:45:34.355496 (1946791) lic_core INFO    ... (2) checkout succeeded
2026-02-23 13:45:34.369893 (1946791) session_ INFO    Starting analysis session with session id 'session_0' (launcher: <local>) ...
2026-02-23 13:45:34.372936 (1946791) session_ INFO    Analysis session with session id 'session_0' started (pid: 1946799)
2026-02-23 13:45:35.078086 (1946791) session_ INFO    Analysis session 'session_0' connected to the console (host: 127.0.0.1:37690)
2026-02-23 13:45:35.938331 (1946791) lic__man INFO    Unclaim everything for 'session_0'.
2026-02-23 13:45:36.006232 (1946791) main____ INFO    About to exit: request to exit with status 3 received from analysis session 'session_0'
2026-02-23 13:45:36.077266 (1946791) session_ INFO    Analysis session 'session_0' disconnected.
2026-02-23 13:45:36.077395 (1946791) lic__man INFO    Unclaim everything for 'session_0'.
2026-02-23 13:45:36.077790 (1946791) session_ INFO    Process for analysis session 'session_0' has exited with exit status '3'.
2026-02-23 13:45:38.097635 (1946791) lic_core INFO    (2) checkin jasper_fao
2026-02-23 13:45:38.099177 (1946791) main____ INFO    Exiting with status 3.
