2026-02-20 17:52:28.823269 (2559861) main____ INFO    ----------------------------------------
2026-02-20 17:52:28.823390 (2559861) main____ INFO    JasperGold version info
2026-02-20 17:52:28.823412 (2559861) main____ INFO      tool      : JasperGold 2021.03
2026-02-20 17:52:28.823423 (2559861) main____ INFO      version   : 2021.03 FCS 64 bits
2026-02-20 17:52:28.823428 (2559861) main____ INFO      build date: 2021.03.23 02:50:43 UTC
2026-02-20 17:52:28.823432 (2559861) main____ INFO    ----------------------------------------
2026-02-20 17:52:28.823436 (2559861) main____ INFO    Runtime info:
2026-02-20 17:52:28.823440 (2559861) main____ INFO      platform  : Linux 5.14.0-570.84.1.el9_6.x86_64 x86_64
2026-02-20 17:52:28.823446 (2559861) main____ INFO      hostname  : della-i13n22
2026-02-20 17:52:28.823450 (2559861) main____ INFO      pid       : 2559861
2026-02-20 17:52:28.823455 (2559861) main____ INFO      arguments : '-style' 'windows' '-batch' '-proj' 'verification_results/00523/jgproject' '-tcl' './jasper_verif_check.tcl'
2026-02-20 17:52:28.823463 (2559861) main____ INFO      locale    : UTF-8
2026-02-20 17:52:28.823467 (2559861) main____ INFO    ----------------------------------------
2026-02-20 17:52:28.823470 (2559861) main____ INFO    System resource limits info:
2026-02-20 17:52:28.823474 (2559861) main____ INFO      virtual memory: unlimited
2026-02-20 17:52:28.823478 (2559861) main____ INFO      cpu time      : unlimited
2026-02-20 17:52:28.823482 (2559861) main____ INFO      stack size    : unlimited
2026-02-20 17:52:28.823486 (2559861) main____ INFO      core file size: unlimited
2026-02-20 17:52:28.823494 (2559861) main____ INFO      open files    : 131072
2026-02-20 17:52:28.823498 (2559861) main____ INFO      file size     : unlimited
2026-02-20 17:52:28.823502 (2559861) main____ INFO    ----------------------------------------
2026-02-20 17:52:28.823506 (2559861) main____ INFO    Memory statistics:
2026-02-20 17:52:28.823510 (2559861) main____ INFO      total physical memory  : 394157548 kB
2026-02-20 17:52:28.823514 (2559861) main____ INFO      free physical memory   : 187855356 kB
2026-02-20 17:52:28.823518 (2559861) main____ INFO      committed address space: 170807400 kB
2026-02-20 17:52:28.823522 (2559861) main____ INFO    ----------------------------------------
2026-02-20 17:52:28.824414 (2559861) main____ INFO    Important environment variables:
2026-02-20 17:52:28.824434 (2559861) main____ INFO      JASPER_HOME       : '/usr/licensed/cadence-20210126/jasper_2021.03'
2026-02-20 17:52:28.824440 (2559861) main____ INFO      JASPER_INSTALL_DIR: '/scratch/gpfs/LICENSED/x86_64/cadence-20210126/jasper_2021.03'
2026-02-20 17:52:28.824445 (2559861) main____ INFO      LANG              : 'en_US.UTF-8'
2026-02-20 17:52:28.824450 (2559861) main____ INFO      LM_LICENSE_FILE   : '5280@license.rc.princeton.edu'
2026-02-20 17:52:28.824454 (2559861) main____ INFO      TMPDIR            : '/tmp'
2026-02-20 17:52:28.824458 (2559861) main____ INFO    ----------------------------------------
2026-02-20 17:52:28.825013 (2559861) lic_core INFO    Initializing license system ...
2026-02-20 17:52:28.825936 (2559861) lic_core INFO    ... license system initialized.
2026-02-20 17:52:28.826779 (2559861) lic__man INFO    Claim 'fpv' for <ui>.
2026-02-20 17:52:28.826826 (2559861) lic_core INFO    (1) checking out 'jasper_fpv' ...
2026-02-20 17:52:28.836892 (2559861) lic_core INFO    ... (1) checkout failed (error: -5) ("FLEXnet ERROR(-5, 0, 0): No such feature exists.")
2026-02-20 17:52:28.836961 (2559861) lic_core INFO    (2) checking out 'jasper_fao' ...
2026-02-20 17:52:28.847487 (2559861) lic_core INFO    ... (2) checkout succeeded
2026-02-20 17:52:28.861791 (2559861) session_ INFO    Starting analysis session with session id 'session_0' (launcher: <local>) ...
2026-02-20 17:52:28.864929 (2559861) session_ INFO    Analysis session with session id 'session_0' started (pid: 2559869)
2026-02-20 17:52:29.621440 (2559861) session_ INFO    Analysis session 'session_0' connected to the console (host: 127.0.0.1:49018)
2026-02-20 17:52:30.242517 (2559861) main____ INFO    About to exit: request to exit with status 1 received from analysis session 'session_0'
2026-02-20 17:52:30.362920 (2559861) session_ INFO    Analysis session 'session_0' disconnected.
2026-02-20 17:52:30.363087 (2559861) lic__man INFO    Unclaim everything for 'session_0'.
2026-02-20 17:52:30.363762 (2559861) session_ INFO    Process for analysis session 'session_0' has exited with exit status '1'.
2026-02-20 17:52:32.148147 (2559861) lic_core INFO    (2) checkin jasper_fao
2026-02-20 17:52:32.149724 (2559861) main____ INFO    Exiting with status 1.
