2026-02-23 13:46:33.311292 (1381831) main____ INFO    ----------------------------------------
2026-02-23 13:46:33.311409 (1381831) main____ INFO    JasperGold version info
2026-02-23 13:46:33.311435 (1381831) main____ INFO      tool      : JasperGold 2021.03
2026-02-23 13:46:33.311445 (1381831) main____ INFO      version   : 2021.03 FCS 64 bits
2026-02-23 13:46:33.311451 (1381831) main____ INFO      build date: 2021.03.23 02:50:43 UTC
2026-02-23 13:46:33.311455 (1381831) main____ INFO    ----------------------------------------
2026-02-23 13:46:33.311460 (1381831) main____ INFO    Runtime info:
2026-02-23 13:46:33.311465 (1381831) main____ INFO      platform  : Linux 5.14.0-570.84.1.el9_6.x86_64 x86_64
2026-02-23 13:46:33.311471 (1381831) main____ INFO      hostname  : della-r3c3n3
2026-02-23 13:46:33.311476 (1381831) main____ INFO      pid       : 1381831
2026-02-23 13:46:33.311481 (1381831) main____ INFO      arguments : '-style' 'windows' '-batch' '-proj' './verification_results/02241/jgproject' '-tcl' './jasper_verif_check.tcl'
2026-02-23 13:46:33.311490 (1381831) main____ INFO      locale    : UTF-8
2026-02-23 13:46:33.311494 (1381831) main____ INFO    ----------------------------------------
2026-02-23 13:46:33.311499 (1381831) main____ INFO    System resource limits info:
2026-02-23 13:46:33.311503 (1381831) main____ INFO      virtual memory: unlimited
2026-02-23 13:46:33.311508 (1381831) main____ INFO      cpu time      : unlimited
2026-02-23 13:46:33.311512 (1381831) main____ INFO      stack size    : unlimited
2026-02-23 13:46:33.311517 (1381831) main____ INFO      core file size: unlimited
2026-02-23 13:46:33.311525 (1381831) main____ INFO      open files    : 131072
2026-02-23 13:46:33.311530 (1381831) main____ INFO      file size     : unlimited
2026-02-23 13:46:33.311534 (1381831) main____ INFO    ----------------------------------------
2026-02-23 13:46:33.311538 (1381831) main____ INFO    Memory statistics:
2026-02-23 13:46:33.311543 (1381831) main____ INFO      total physical memory  : 195972168 kB
2026-02-23 13:46:33.311548 (1381831) main____ INFO      free physical memory   : 109364480 kB
2026-02-23 13:46:33.311552 (1381831) main____ INFO      committed address space: 57579016 kB
2026-02-23 13:46:33.311556 (1381831) main____ INFO    ----------------------------------------
2026-02-23 13:46:33.312549 (1381831) main____ INFO    Important environment variables:
2026-02-23 13:46:33.312574 (1381831) main____ INFO      JASPER_HOME       : '/usr/licensed/cadence-20210126/jasper_2021.03'
2026-02-23 13:46:33.312581 (1381831) main____ INFO      JASPER_INSTALL_DIR: '/scratch/gpfs/LICENSED/x86_64/cadence-20210126/jasper_2021.03'
2026-02-23 13:46:33.312586 (1381831) main____ INFO      LANG              : 'en_US.UTF-8'
2026-02-23 13:46:33.312591 (1381831) main____ INFO      LM_LICENSE_FILE   : '5280@license.rc.princeton.edu'
2026-02-23 13:46:33.312596 (1381831) main____ INFO      TMPDIR            : '/tmp/ab2113/jg_5018902_37'
2026-02-23 13:46:33.312601 (1381831) main____ INFO    ----------------------------------------
2026-02-23 13:46:33.313503 (1381831) lic_core INFO    Initializing license system ...
2026-02-23 13:46:33.314403 (1381831) lic_core INFO    ... license system initialized.
2026-02-23 13:46:33.315249 (1381831) lic__man INFO    Claim 'fpv' for <ui>.
2026-02-23 13:46:33.315300 (1381831) lic_core INFO    (1) checking out 'jasper_fpv' ...
2026-02-23 13:46:33.320264 (1381831) lic_core INFO    ... (1) checkout failed (error: -5) ("FLEXnet ERROR(-5, 0, 0): No such feature exists.")
2026-02-23 13:46:33.320327 (1381831) lic_core INFO    (2) checking out 'jasper_fao' ...
2026-02-23 13:46:33.330346 (1381831) lic_core INFO    ... (2) checkout succeeded
2026-02-23 13:46:33.345181 (1381831) session_ INFO    Starting analysis session with session id 'session_0' (launcher: <local>) ...
2026-02-23 13:46:33.348488 (1381831) session_ INFO    Analysis session with session id 'session_0' started (pid: 1381839)
2026-02-23 13:46:34.103367 (1381831) session_ INFO    Analysis session 'session_0' connected to the console (host: 127.0.0.1:60946)
2026-02-23 13:46:34.690521 (1381831) main____ INFO    About to exit: request to exit with status 1 received from analysis session 'session_0'
2026-02-23 13:46:34.782083 (1381831) session_ INFO    Analysis session 'session_0' disconnected.
2026-02-23 13:46:34.782211 (1381831) lic__man INFO    Unclaim everything for 'session_0'.
2026-02-23 13:46:34.782792 (1381831) session_ INFO    Process for analysis session 'session_0' has exited with exit status '1'.
2026-02-23 13:46:36.595110 (1381831) lic_core INFO    (2) checkin jasper_fao
2026-02-23 13:46:36.596792 (1381831) main____ INFO    Exiting with status 1.
