2026-02-23 13:57:48.370831 (4156029) main____ INFO    ----------------------------------------
2026-02-23 13:57:48.370919 (4156029) main____ INFO    JasperGold version info
2026-02-23 13:57:48.370934 (4156029) main____ INFO      tool      : JasperGold 2021.03
2026-02-23 13:57:48.370942 (4156029) main____ INFO      version   : 2021.03 FCS 64 bits
2026-02-23 13:57:48.370947 (4156029) main____ INFO      build date: 2021.03.23 02:50:43 UTC
2026-02-23 13:57:48.370951 (4156029) main____ INFO    ----------------------------------------
2026-02-23 13:57:48.370955 (4156029) main____ INFO    Runtime info:
2026-02-23 13:57:48.370965 (4156029) main____ INFO      platform  : Linux 5.14.0-570.84.1.el9_6.x86_64 x86_64
2026-02-23 13:57:48.370971 (4156029) main____ INFO      hostname  : della-r3c2n12
2026-02-23 13:57:48.370976 (4156029) main____ INFO      pid       : 4156029
2026-02-23 13:57:48.370980 (4156029) main____ INFO      arguments : '-style' 'windows' '-batch' '-proj' './verification_results/04426/jgproject' '-tcl' './jasper_verif_check.tcl'
2026-02-23 13:57:48.370988 (4156029) main____ INFO      locale    : UTF-8
2026-02-23 13:57:48.370993 (4156029) main____ INFO    ----------------------------------------
2026-02-23 13:57:48.370997 (4156029) main____ INFO    System resource limits info:
2026-02-23 13:57:48.371001 (4156029) main____ INFO      virtual memory: unlimited
2026-02-23 13:57:48.371006 (4156029) main____ INFO      cpu time      : unlimited
2026-02-23 13:57:48.371010 (4156029) main____ INFO      stack size    : unlimited
2026-02-23 13:57:48.371014 (4156029) main____ INFO      core file size: unlimited
2026-02-23 13:57:48.371021 (4156029) main____ INFO      open files    : 131072
2026-02-23 13:57:48.371026 (4156029) main____ INFO      file size     : unlimited
2026-02-23 13:57:48.371030 (4156029) main____ INFO    ----------------------------------------
2026-02-23 13:57:48.371034 (4156029) main____ INFO    Memory statistics:
2026-02-23 13:57:48.371038 (4156029) main____ INFO      total physical memory  : 195972072 kB
2026-02-23 13:57:48.371042 (4156029) main____ INFO      free physical memory   : 134007008 kB
2026-02-23 13:57:48.371047 (4156029) main____ INFO      committed address space: 38118444 kB
2026-02-23 13:57:48.371051 (4156029) main____ INFO    ----------------------------------------
2026-02-23 13:57:48.371999 (4156029) main____ INFO    Important environment variables:
2026-02-23 13:57:48.372013 (4156029) main____ INFO      JASPER_HOME       : '/usr/licensed/cadence-20210126/jasper_2021.03'
2026-02-23 13:57:48.372019 (4156029) main____ INFO      JASPER_INSTALL_DIR: '/scratch/gpfs/LICENSED/x86_64/cadence-20210126/jasper_2021.03'
2026-02-23 13:57:48.372025 (4156029) main____ INFO      LANG              : 'en_US.UTF-8'
2026-02-23 13:57:48.372030 (4156029) main____ INFO      LM_LICENSE_FILE   : '5280@license.rc.princeton.edu'
2026-02-23 13:57:48.372035 (4156029) main____ INFO      TMPDIR            : '/tmp/ab2113/jg_5019149_81'
2026-02-23 13:57:48.372039 (4156029) main____ INFO    ----------------------------------------
2026-02-23 13:57:48.372827 (4156029) lic_core INFO    Initializing license system ...
2026-02-23 13:57:48.373631 (4156029) lic_core INFO    ... license system initialized.
2026-02-23 13:57:48.374409 (4156029) lic__man INFO    Claim 'fpv' for <ui>.
2026-02-23 13:57:48.374445 (4156029) lic_core INFO    (1) checking out 'jasper_fpv' ...
2026-02-23 13:57:48.380175 (4156029) lic_core INFO    ... (1) checkout failed (error: -5) ("FLEXnet ERROR(-5, 0, 0): No such feature exists.")
2026-02-23 13:57:48.380202 (4156029) lic_core INFO    (2) checking out 'jasper_fao' ...
2026-02-23 13:57:48.390595 (4156029) lic_core INFO    ... (2) checkout succeeded
2026-02-23 13:57:48.405258 (4156029) session_ INFO    Starting analysis session with session id 'session_0' (launcher: <local>) ...
2026-02-23 13:57:48.408263 (4156029) session_ INFO    Analysis session with session id 'session_0' started (pid: 4156037)
2026-02-23 13:57:49.104821 (4156029) session_ INFO    Analysis session 'session_0' connected to the console (host: 127.0.0.1:57946)
2026-02-23 13:57:49.952406 (4156029) lic__man INFO    Unclaim everything for 'session_0'.
2026-02-23 13:57:49.994605 (4156029) lic__man INFO    Claim 'fpv' for 'session_0'.
2026-02-23 13:57:49.994656 (4156029) lic__man INFO    Claim 'fpv' for 'session_0/prove-0'.
2026-02-23 13:57:50.126939 (4156029) lic__man INFO    Unclaim everything for 'session_0/prove-0'.
2026-02-23 13:57:50.186088 (4156029) main____ INFO    About to exit: request to exit with status 0 received from analysis session 'session_0'
2026-02-23 13:57:50.270316 (4156029) session_ INFO    Analysis session 'session_0' disconnected.
2026-02-23 13:57:50.270461 (4156029) lic__man INFO    Unclaim everything for 'session_0'.
2026-02-23 13:57:50.271099 (4156029) session_ INFO    Process for analysis session 'session_0' has exited with exit status '0'.
2026-02-23 13:57:52.127061 (4156029) lic_core INFO    (2) checkin jasper_fao
2026-02-23 13:57:52.128413 (4156029) main____ INFO    Exiting with status 0.
