2026-02-23 13:47:08.905976 (4149048) main____ INFO    ----------------------------------------
2026-02-23 13:47:08.906067 (4149048) main____ INFO    JasperGold version info
2026-02-23 13:47:08.906085 (4149048) main____ INFO      tool      : JasperGold 2021.03
2026-02-23 13:47:08.906095 (4149048) main____ INFO      version   : 2021.03 FCS 64 bits
2026-02-23 13:47:08.906100 (4149048) main____ INFO      build date: 2021.03.23 02:50:43 UTC
2026-02-23 13:47:08.906104 (4149048) main____ INFO    ----------------------------------------
2026-02-23 13:47:08.906108 (4149048) main____ INFO    Runtime info:
2026-02-23 13:47:08.906113 (4149048) main____ INFO      platform  : Linux 5.14.0-570.84.1.el9_6.x86_64 x86_64
2026-02-23 13:47:08.906119 (4149048) main____ INFO      hostname  : della-r3c2n12
2026-02-23 13:47:08.906123 (4149048) main____ INFO      pid       : 4149048
2026-02-23 13:47:08.906128 (4149048) main____ INFO      arguments : '-style' 'windows' '-batch' '-proj' './verification_results/02668/jgproject' '-tcl' './jasper_verif_check.tcl'
2026-02-23 13:47:08.906135 (4149048) main____ INFO      locale    : UTF-8
2026-02-23 13:47:08.906140 (4149048) main____ INFO    ----------------------------------------
2026-02-23 13:47:08.906144 (4149048) main____ INFO    System resource limits info:
2026-02-23 13:47:08.906148 (4149048) main____ INFO      virtual memory: unlimited
2026-02-23 13:47:08.906152 (4149048) main____ INFO      cpu time      : unlimited
2026-02-23 13:47:08.906157 (4149048) main____ INFO      stack size    : unlimited
2026-02-23 13:47:08.906162 (4149048) main____ INFO      core file size: unlimited
2026-02-23 13:47:08.906168 (4149048) main____ INFO      open files    : 131072
2026-02-23 13:47:08.906173 (4149048) main____ INFO      file size     : unlimited
2026-02-23 13:47:08.906177 (4149048) main____ INFO    ----------------------------------------
2026-02-23 13:47:08.906181 (4149048) main____ INFO    Memory statistics:
2026-02-23 13:47:08.906186 (4149048) main____ INFO      total physical memory  : 195972072 kB
2026-02-23 13:47:08.906190 (4149048) main____ INFO      free physical memory   : 133104884 kB
2026-02-23 13:47:08.906194 (4149048) main____ INFO      committed address space: 39392164 kB
2026-02-23 13:47:08.906198 (4149048) main____ INFO    ----------------------------------------
2026-02-23 13:47:08.907159 (4149048) main____ INFO    Important environment variables:
2026-02-23 13:47:08.907178 (4149048) main____ INFO      JASPER_HOME       : '/usr/licensed/cadence-20210126/jasper_2021.03'
2026-02-23 13:47:08.907185 (4149048) main____ INFO      JASPER_INSTALL_DIR: '/scratch/gpfs/LICENSED/x86_64/cadence-20210126/jasper_2021.03'
2026-02-23 13:47:08.907190 (4149048) main____ INFO      LANG              : 'en_US.UTF-8'
2026-02-23 13:47:08.907195 (4149048) main____ INFO      LM_LICENSE_FILE   : '5280@license.rc.princeton.edu'
2026-02-23 13:47:08.907200 (4149048) main____ INFO      TMPDIR            : '/tmp/ab2113/jg_5018946_46'
2026-02-23 13:47:08.907205 (4149048) main____ INFO    ----------------------------------------
2026-02-23 13:47:08.907676 (4149048) lic_core INFO    Initializing license system ...
2026-02-23 13:47:08.908503 (4149048) lic_core INFO    ... license system initialized.
2026-02-23 13:47:08.909285 (4149048) lic__man INFO    Claim 'fpv' for <ui>.
2026-02-23 13:47:08.909323 (4149048) lic_core INFO    (1) checking out 'jasper_fpv' ...
2026-02-23 13:47:08.915309 (4149048) lic_core INFO    ... (1) checkout failed (error: -5) ("FLEXnet ERROR(-5, 0, 0): No such feature exists.")
2026-02-23 13:47:08.915358 (4149048) lic_core INFO    (2) checking out 'jasper_fao' ...
2026-02-23 13:47:08.925501 (4149048) lic_core INFO    ... (2) checkout succeeded
2026-02-23 13:47:08.940309 (4149048) session_ INFO    Starting analysis session with session id 'session_0' (launcher: <local>) ...
2026-02-23 13:47:08.943092 (4149048) session_ INFO    Analysis session with session id 'session_0' started (pid: 4149056)
2026-02-23 13:47:09.653875 (4149048) session_ INFO    Analysis session 'session_0' connected to the console (host: 127.0.0.1:50610)
2026-02-23 13:47:10.239073 (4149048) main____ INFO    About to exit: request to exit with status 1 received from analysis session 'session_0'
2026-02-23 13:47:10.317391 (4149048) session_ INFO    Analysis session 'session_0' disconnected.
2026-02-23 13:47:10.317534 (4149048) lic__man INFO    Unclaim everything for 'session_0'.
2026-02-23 13:47:10.318180 (4149048) session_ INFO    Process for analysis session 'session_0' has exited with exit status '1'.
2026-02-23 13:47:12.142934 (4149048) lic_core INFO    (2) checkin jasper_fao
2026-02-23 13:47:12.144561 (4149048) main____ INFO    Exiting with status 1.
