2026-02-23 13:39:34.875363 (1451704) main____ INFO    ----------------------------------------
2026-02-23 13:39:34.875456 (1451704) main____ INFO    JasperGold version info
2026-02-23 13:39:34.875476 (1451704) main____ INFO      tool      : JasperGold 2021.03
2026-02-23 13:39:34.875488 (1451704) main____ INFO      version   : 2021.03 FCS 64 bits
2026-02-23 13:39:34.875496 (1451704) main____ INFO      build date: 2021.03.23 02:50:43 UTC
2026-02-23 13:39:34.875501 (1451704) main____ INFO    ----------------------------------------
2026-02-23 13:39:34.875508 (1451704) main____ INFO    Runtime info:
2026-02-23 13:39:34.875517 (1451704) main____ INFO      platform  : Linux 5.14.0-570.84.1.el9_6.x86_64 x86_64
2026-02-23 13:39:34.875524 (1451704) main____ INFO      hostname  : della-h14n5
2026-02-23 13:39:34.875531 (1451704) main____ INFO      pid       : 1451704
2026-02-23 13:39:34.875538 (1451704) main____ INFO      arguments : '-style' 'windows' '-batch' '-proj' './verification_results/01165/jgproject' '-tcl' './jasper_verif_check.tcl'
2026-02-23 13:39:34.875549 (1451704) main____ INFO      locale    : UTF-8
2026-02-23 13:39:34.875554 (1451704) main____ INFO    ----------------------------------------
2026-02-23 13:39:34.875562 (1451704) main____ INFO    System resource limits info:
2026-02-23 13:39:34.875568 (1451704) main____ INFO      virtual memory: unlimited
2026-02-23 13:39:34.875573 (1451704) main____ INFO      cpu time      : unlimited
2026-02-23 13:39:34.875579 (1451704) main____ INFO      stack size    : unlimited
2026-02-23 13:39:34.875585 (1451704) main____ INFO      core file size: unlimited
2026-02-23 13:39:34.875592 (1451704) main____ INFO      open files    : 131072
2026-02-23 13:39:34.875599 (1451704) main____ INFO      file size     : unlimited
2026-02-23 13:39:34.875604 (1451704) main____ INFO    ----------------------------------------
2026-02-23 13:39:34.875609 (1451704) main____ INFO    Memory statistics:
2026-02-23 13:39:34.875615 (1451704) main____ INFO      total physical memory  : 1584164368 kB
2026-02-23 13:39:34.875621 (1451704) main____ INFO      free physical memory   : 700062076 kB
2026-02-23 13:39:34.875627 (1451704) main____ INFO      committed address space: 537747976 kB
2026-02-23 13:39:34.875632 (1451704) main____ INFO    ----------------------------------------
2026-02-23 13:39:34.876189 (1451704) main____ INFO    Important environment variables:
2026-02-23 13:39:34.876204 (1451704) main____ INFO      JASPER_HOME       : '/usr/licensed/cadence-20210126/jasper_2021.03'
2026-02-23 13:39:34.876212 (1451704) main____ INFO      JASPER_INSTALL_DIR: '/scratch/gpfs/LICENSED/x86_64/cadence-20210126/jasper_2021.03'
2026-02-23 13:39:34.876218 (1451704) main____ INFO      LANG              : 'en_US.UTF-8'
2026-02-23 13:39:34.876224 (1451704) main____ INFO      LM_LICENSE_FILE   : '5280@license.rc.princeton.edu'
2026-02-23 13:39:34.876230 (1451704) main____ INFO      TMPDIR            : '/tmp/ab2113/jg_5018827_16'
2026-02-23 13:39:34.876235 (1451704) main____ INFO    ----------------------------------------
2026-02-23 13:39:34.876770 (1451704) lic_core INFO    Initializing license system ...
2026-02-23 13:39:34.877330 (1451704) lic_core INFO    ... license system initialized.
2026-02-23 13:39:34.878121 (1451704) lic__man INFO    Claim 'fpv' for <ui>.
2026-02-23 13:39:34.878156 (1451704) lic_core INFO    (1) checking out 'jasper_fpv' ...
2026-02-23 13:39:34.884130 (1451704) lic_core INFO    ... (1) checkout failed (error: -5) ("FLEXnet ERROR(-5, 0, 0): No such feature exists.")
2026-02-23 13:39:34.884161 (1451704) lic_core INFO    (2) checking out 'jasper_fao' ...
2026-02-23 13:39:34.892896 (1451704) lic_core INFO    ... (2) checkout succeeded
2026-02-23 13:39:34.905146 (1451704) session_ INFO    Starting analysis session with session id 'session_0' (launcher: <local>) ...
2026-02-23 13:39:34.908452 (1451704) session_ INFO    Analysis session with session id 'session_0' started (pid: 1451739)
2026-02-23 13:39:35.478329 (1451704) session_ INFO    Analysis session 'session_0' connected to the console (host: 127.0.0.1:50006)
2026-02-23 13:39:36.304523 (1451704) main____ INFO    About to exit: request to exit with status 1 received from analysis session 'session_0'
2026-02-23 13:39:36.357165 (1451704) session_ INFO    Analysis session 'session_0' disconnected.
2026-02-23 13:39:36.357293 (1451704) lic__man INFO    Unclaim everything for 'session_0'.
2026-02-23 13:39:36.358223 (1451704) session_ INFO    Process for analysis session 'session_0' has exited with exit status '1'.
2026-02-23 13:39:38.209192 (1451704) lic_core INFO    (2) checkin jasper_fao
2026-02-23 13:39:38.210774 (1451704) main____ INFO    Exiting with status 1.
