2026-02-23 13:59:07.841668 (1961370) main____ INFO    ----------------------------------------
2026-02-23 13:59:07.841747 (1961370) main____ INFO    JasperGold version info
2026-02-23 13:59:07.841763 (1961370) main____ INFO      tool      : JasperGold 2021.03
2026-02-23 13:59:07.841771 (1961370) main____ INFO      version   : 2021.03 FCS 64 bits
2026-02-23 13:59:07.841776 (1961370) main____ INFO      build date: 2021.03.23 02:50:43 UTC
2026-02-23 13:59:07.841780 (1961370) main____ INFO    ----------------------------------------
2026-02-23 13:59:07.841785 (1961370) main____ INFO    Runtime info:
2026-02-23 13:59:07.841789 (1961370) main____ INFO      platform  : Linux 5.14.0-570.84.1.el9_6.x86_64 x86_64
2026-02-23 13:59:07.841795 (1961370) main____ INFO      hostname  : della-r3c1n5
2026-02-23 13:59:07.841800 (1961370) main____ INFO      pid       : 1961370
2026-02-23 13:59:07.841804 (1961370) main____ INFO      arguments : '-style' 'windows' '-batch' '-proj' './verification_results/04397/jgproject' '-tcl' './jasper_verif_check.tcl'
2026-02-23 13:59:07.841812 (1961370) main____ INFO      locale    : UTF-8
2026-02-23 13:59:07.841817 (1961370) main____ INFO    ----------------------------------------
2026-02-23 13:59:07.841821 (1961370) main____ INFO    System resource limits info:
2026-02-23 13:59:07.841825 (1961370) main____ INFO      virtual memory: unlimited
2026-02-23 13:59:07.841829 (1961370) main____ INFO      cpu time      : unlimited
2026-02-23 13:59:07.841834 (1961370) main____ INFO      stack size    : unlimited
2026-02-23 13:59:07.841838 (1961370) main____ INFO      core file size: unlimited
2026-02-23 13:59:07.841845 (1961370) main____ INFO      open files    : 131072
2026-02-23 13:59:07.841849 (1961370) main____ INFO      file size     : unlimited
2026-02-23 13:59:07.841853 (1961370) main____ INFO    ----------------------------------------
2026-02-23 13:59:07.841857 (1961370) main____ INFO    Memory statistics:
2026-02-23 13:59:07.841862 (1961370) main____ INFO      total physical memory  : 195972056 kB
2026-02-23 13:59:07.841866 (1961370) main____ INFO      free physical memory   : 136245728 kB
2026-02-23 13:59:07.841870 (1961370) main____ INFO      committed address space: 58363156 kB
2026-02-23 13:59:07.841874 (1961370) main____ INFO    ----------------------------------------
2026-02-23 13:59:07.842852 (1961370) main____ INFO    Important environment variables:
2026-02-23 13:59:07.842867 (1961370) main____ INFO      JASPER_HOME       : '/usr/licensed/cadence-20210126/jasper_2021.03'
2026-02-23 13:59:07.842874 (1961370) main____ INFO      JASPER_INSTALL_DIR: '/scratch/gpfs/LICENSED/x86_64/cadence-20210126/jasper_2021.03'
2026-02-23 13:59:07.842879 (1961370) main____ INFO      LANG              : 'en_US.UTF-8'
2026-02-23 13:59:07.842884 (1961370) main____ INFO      LM_LICENSE_FILE   : '5280@license.rc.princeton.edu'
2026-02-23 13:59:07.842889 (1961370) main____ INFO      TMPDIR            : '/tmp/ab2113/jg_5019148_80'
2026-02-23 13:59:07.842894 (1961370) main____ INFO    ----------------------------------------
2026-02-23 13:59:07.843743 (1961370) lic_core INFO    Initializing license system ...
2026-02-23 13:59:07.844558 (1961370) lic_core INFO    ... license system initialized.
2026-02-23 13:59:07.845276 (1961370) lic__man INFO    Claim 'fpv' for <ui>.
2026-02-23 13:59:07.845315 (1961370) lic_core INFO    (1) checking out 'jasper_fpv' ...
2026-02-23 13:59:07.850722 (1961370) lic_core INFO    ... (1) checkout failed (error: -5) ("FLEXnet ERROR(-5, 0, 0): No such feature exists.")
2026-02-23 13:59:07.850754 (1961370) lic_core INFO    (2) checking out 'jasper_fao' ...
2026-02-23 13:59:07.861756 (1961370) lic_core INFO    ... (2) checkout succeeded
2026-02-23 13:59:07.876414 (1961370) session_ INFO    Starting analysis session with session id 'session_0' (launcher: <local>) ...
2026-02-23 13:59:07.879590 (1961370) session_ INFO    Analysis session with session id 'session_0' started (pid: 1961378)
2026-02-23 13:59:08.594626 (1961370) session_ INFO    Analysis session 'session_0' connected to the console (host: 127.0.0.1:39580)
2026-02-23 13:59:09.521212 (1961370) main____ INFO    About to exit: request to exit with status 1 received from analysis session 'session_0'
2026-02-23 13:59:09.596720 (1961370) session_ INFO    Analysis session 'session_0' disconnected.
2026-02-23 13:59:09.596846 (1961370) lic__man INFO    Unclaim everything for 'session_0'.
2026-02-23 13:59:09.597242 (1961370) session_ INFO    Process for analysis session 'session_0' has exited with exit status '1'.
2026-02-23 13:59:11.596709 (1961370) lic_core INFO    (2) checkin jasper_fao
2026-02-23 13:59:11.597958 (1961370) main____ INFO    Exiting with status 1.
