2026-02-23 13:52:23.783685 (1750643) main____ INFO    ----------------------------------------
2026-02-23 13:52:23.783760 (1750643) main____ INFO    JasperGold version info
2026-02-23 13:52:23.783776 (1750643) main____ INFO      tool      : JasperGold 2021.03
2026-02-23 13:52:23.783784 (1750643) main____ INFO      version   : 2021.03 FCS 64 bits
2026-02-23 13:52:23.783790 (1750643) main____ INFO      build date: 2021.03.23 02:50:43 UTC
2026-02-23 13:52:23.783795 (1750643) main____ INFO    ----------------------------------------
2026-02-23 13:52:23.783800 (1750643) main____ INFO    Runtime info:
2026-02-23 13:52:23.783805 (1750643) main____ INFO      platform  : Linux 5.14.0-570.84.1.el9_6.x86_64 x86_64
2026-02-23 13:52:23.783811 (1750643) main____ INFO      hostname  : della-h14n7
2026-02-23 13:52:23.783817 (1750643) main____ INFO      pid       : 1750643
2026-02-23 13:52:23.783822 (1750643) main____ INFO      arguments : '-style' 'windows' '-batch' '-proj' './verification_results/03148/jgproject' '-tcl' './jasper_verif_check.tcl'
2026-02-23 13:52:23.783829 (1750643) main____ INFO      locale    : UTF-8
2026-02-23 13:52:23.783834 (1750643) main____ INFO    ----------------------------------------
2026-02-23 13:52:23.783839 (1750643) main____ INFO    System resource limits info:
2026-02-23 13:52:23.783844 (1750643) main____ INFO      virtual memory: unlimited
2026-02-23 13:52:23.783849 (1750643) main____ INFO      cpu time      : unlimited
2026-02-23 13:52:23.783854 (1750643) main____ INFO      stack size    : unlimited
2026-02-23 13:52:23.783859 (1750643) main____ INFO      core file size: unlimited
2026-02-23 13:52:23.783865 (1750643) main____ INFO      open files    : 131072
2026-02-23 13:52:23.783870 (1750643) main____ INFO      file size     : unlimited
2026-02-23 13:52:23.783875 (1750643) main____ INFO    ----------------------------------------
2026-02-23 13:52:23.783880 (1750643) main____ INFO    Memory statistics:
2026-02-23 13:52:23.783885 (1750643) main____ INFO      total physical memory  : 1584164356 kB
2026-02-23 13:52:23.783890 (1750643) main____ INFO      free physical memory   : 802389836 kB
2026-02-23 13:52:23.783894 (1750643) main____ INFO      committed address space: 609805252 kB
2026-02-23 13:52:23.783899 (1750643) main____ INFO    ----------------------------------------
2026-02-23 13:52:23.784412 (1750643) main____ INFO    Important environment variables:
2026-02-23 13:52:23.784425 (1750643) main____ INFO      JASPER_HOME       : '/usr/licensed/cadence-20210126/jasper_2021.03'
2026-02-23 13:52:23.784431 (1750643) main____ INFO      JASPER_INSTALL_DIR: '/scratch/gpfs/LICENSED/x86_64/cadence-20210126/jasper_2021.03'
2026-02-23 13:52:23.784437 (1750643) main____ INFO      LANG              : 'en_US.UTF-8'
2026-02-23 13:52:23.784443 (1750643) main____ INFO      LM_LICENSE_FILE   : '5280@license.rc.princeton.edu'
2026-02-23 13:52:23.784448 (1750643) main____ INFO      TMPDIR            : '/tmp/ab2113/jg_5018982_55'
2026-02-23 13:52:23.784453 (1750643) main____ INFO    ----------------------------------------
2026-02-23 13:52:23.784900 (1750643) lic_core INFO    Initializing license system ...
2026-02-23 13:52:23.785410 (1750643) lic_core INFO    ... license system initialized.
2026-02-23 13:52:23.786169 (1750643) lic__man INFO    Claim 'fpv' for <ui>.
2026-02-23 13:52:23.786201 (1750643) lic_core INFO    (1) checking out 'jasper_fpv' ...
2026-02-23 13:52:23.791660 (1750643) lic_core INFO    ... (1) checkout failed (error: -5) ("FLEXnet ERROR(-5, 0, 0): No such feature exists.")
2026-02-23 13:52:23.791687 (1750643) lic_core INFO    (2) checking out 'jasper_fao' ...
2026-02-23 13:52:23.800919 (1750643) lic_core INFO    ... (2) checkout succeeded
2026-02-23 13:52:23.811004 (1750643) session_ INFO    Starting analysis session with session id 'session_0' (launcher: <local>) ...
2026-02-23 13:52:23.813469 (1750643) session_ INFO    Analysis session with session id 'session_0' started (pid: 1750665)
2026-02-23 13:52:24.306294 (1750643) session_ INFO    Analysis session 'session_0' connected to the console (host: 127.0.0.1:60816)
2026-02-23 13:52:25.033419 (1750643) lic__man INFO    Unclaim everything for 'session_0'.
2026-02-23 13:52:25.090312 (1750643) main____ INFO    About to exit: request to exit with status 3 received from analysis session 'session_0'
2026-02-23 13:52:25.133323 (1750643) session_ INFO    Analysis session 'session_0' disconnected.
2026-02-23 13:52:25.133431 (1750643) lic__man INFO    Unclaim everything for 'session_0'.
2026-02-23 13:52:25.133830 (1750643) session_ INFO    Process for analysis session 'session_0' has exited with exit status '3'.
2026-02-23 13:52:27.077550 (1750643) lic_core INFO    (2) checkin jasper_fao
2026-02-23 13:52:27.079061 (1750643) main____ INFO    Exiting with status 3.
