2026-02-23 13:49:34.337278 (1151738) main____ INFO    ----------------------------------------
2026-02-23 13:49:34.337391 (1151738) main____ INFO    JasperGold version info
2026-02-23 13:49:34.337410 (1151738) main____ INFO      tool      : JasperGold 2021.03
2026-02-23 13:49:34.337419 (1151738) main____ INFO      version   : 2021.03 FCS 64 bits
2026-02-23 13:49:34.337424 (1151738) main____ INFO      build date: 2021.03.23 02:50:43 UTC
2026-02-23 13:49:34.337428 (1151738) main____ INFO    ----------------------------------------
2026-02-23 13:49:34.337432 (1151738) main____ INFO    Runtime info:
2026-02-23 13:49:34.337436 (1151738) main____ INFO      platform  : Linux 5.14.0-570.84.1.el9_6.x86_64 x86_64
2026-02-23 13:49:34.337441 (1151738) main____ INFO      hostname  : della-i13n20
2026-02-23 13:49:34.337446 (1151738) main____ INFO      pid       : 1151738
2026-02-23 13:49:34.337450 (1151738) main____ INFO      arguments : '-style' 'windows' '-batch' '-proj' './verification_results/02807/jgproject' '-tcl' './jasper_verif_check.tcl'
2026-02-23 13:49:34.337458 (1151738) main____ INFO      locale    : UTF-8
2026-02-23 13:49:34.337462 (1151738) main____ INFO    ----------------------------------------
2026-02-23 13:49:34.337466 (1151738) main____ INFO    System resource limits info:
2026-02-23 13:49:34.337470 (1151738) main____ INFO      virtual memory: unlimited
2026-02-23 13:49:34.337474 (1151738) main____ INFO      cpu time      : unlimited
2026-02-23 13:49:34.337477 (1151738) main____ INFO      stack size    : unlimited
2026-02-23 13:49:34.337482 (1151738) main____ INFO      core file size: unlimited
2026-02-23 13:49:34.337489 (1151738) main____ INFO      open files    : 131072
2026-02-23 13:49:34.337493 (1151738) main____ INFO      file size     : unlimited
2026-02-23 13:49:34.337496 (1151738) main____ INFO    ----------------------------------------
2026-02-23 13:49:34.337500 (1151738) main____ INFO    Memory statistics:
2026-02-23 13:49:34.337505 (1151738) main____ INFO      total physical memory  : 394157552 kB
2026-02-23 13:49:34.337508 (1151738) main____ INFO      free physical memory   : 197463088 kB
2026-02-23 13:49:34.337512 (1151738) main____ INFO      committed address space: 146425616 kB
2026-02-23 13:49:34.337515 (1151738) main____ INFO    ----------------------------------------
2026-02-23 13:49:34.338440 (1151738) main____ INFO    Important environment variables:
2026-02-23 13:49:34.338463 (1151738) main____ INFO      JASPER_HOME       : '/usr/licensed/cadence-20210126/jasper_2021.03'
2026-02-23 13:49:34.338469 (1151738) main____ INFO      JASPER_INSTALL_DIR: '/scratch/gpfs/LICENSED/x86_64/cadence-20210126/jasper_2021.03'
2026-02-23 13:49:34.338474 (1151738) main____ INFO      LANG              : 'en_US.UTF-8'
2026-02-23 13:49:34.338479 (1151738) main____ INFO      LM_LICENSE_FILE   : '5280@license.rc.princeton.edu'
2026-02-23 13:49:34.338483 (1151738) main____ INFO      TMPDIR            : '/tmp/ab2113/jg_5018948_48'
2026-02-23 13:49:34.338487 (1151738) main____ INFO    ----------------------------------------
2026-02-23 13:49:34.339039 (1151738) lic_core INFO    Initializing license system ...
2026-02-23 13:49:34.339571 (1151738) lic_core INFO    ... license system initialized.
2026-02-23 13:49:34.340410 (1151738) lic__man INFO    Claim 'fpv' for <ui>.
2026-02-23 13:49:34.340452 (1151738) lic_core INFO    (1) checking out 'jasper_fpv' ...
2026-02-23 13:49:34.345903 (1151738) lic_core INFO    ... (1) checkout failed (error: -5) ("FLEXnet ERROR(-5, 0, 0): No such feature exists.")
2026-02-23 13:49:34.345965 (1151738) lic_core INFO    (2) checking out 'jasper_fao' ...
2026-02-23 13:49:34.355941 (1151738) lic_core INFO    ... (2) checkout succeeded
2026-02-23 13:49:34.370075 (1151738) session_ INFO    Starting analysis session with session id 'session_0' (launcher: <local>) ...
2026-02-23 13:49:34.373560 (1151738) session_ INFO    Analysis session with session id 'session_0' started (pid: 1151755)
2026-02-23 13:49:35.105169 (1151738) session_ INFO    Analysis session 'session_0' connected to the console (host: 127.0.0.1:44910)
2026-02-23 13:49:35.672251 (1151738) main____ INFO    About to exit: request to exit with status 1 received from analysis session 'session_0'
2026-02-23 13:49:35.764620 (1151738) session_ INFO    Analysis session 'session_0' disconnected.
2026-02-23 13:49:35.764747 (1151738) lic__man INFO    Unclaim everything for 'session_0'.
2026-02-23 13:49:35.765297 (1151738) session_ INFO    Process for analysis session 'session_0' has exited with exit status '1'.
2026-02-23 13:49:37.576462 (1151738) lic_core INFO    (2) checkin jasper_fao
2026-02-23 13:49:37.578051 (1151738) main____ INFO    Exiting with status 1.
