2026-02-23 13:30:55.413354 (105282) main____ INFO    ----------------------------------------
2026-02-23 13:30:55.413445 (105282) main____ INFO    JasperGold version info
2026-02-23 13:30:55.413460 (105282) main____ INFO      tool      : JasperGold 2021.03
2026-02-23 13:30:55.413469 (105282) main____ INFO      version   : 2021.03 FCS 64 bits
2026-02-23 13:30:55.413473 (105282) main____ INFO      build date: 2021.03.23 02:50:43 UTC
2026-02-23 13:30:55.413477 (105282) main____ INFO    ----------------------------------------
2026-02-23 13:30:55.413481 (105282) main____ INFO    Runtime info:
2026-02-23 13:30:55.413485 (105282) main____ INFO      platform  : Linux 5.14.0-570.84.1.el9_6.x86_64 x86_64
2026-02-23 13:30:55.413491 (105282) main____ INFO      hostname  : della-i13n16
2026-02-23 13:30:55.413495 (105282) main____ INFO      pid       : 105282
2026-02-23 13:30:55.413499 (105282) main____ INFO      arguments : '-style' 'windows' '-batch' '-proj' './verification_results/00503/jgproject' '-tcl' './jasper_verif_check.tcl'
2026-02-23 13:30:55.413506 (105282) main____ INFO      locale    : UTF-8
2026-02-23 13:30:55.413510 (105282) main____ INFO    ----------------------------------------
2026-02-23 13:30:55.413514 (105282) main____ INFO    System resource limits info:
2026-02-23 13:30:55.413518 (105282) main____ INFO      virtual memory: unlimited
2026-02-23 13:30:55.413522 (105282) main____ INFO      cpu time      : unlimited
2026-02-23 13:30:55.413526 (105282) main____ INFO      stack size    : unlimited
2026-02-23 13:30:55.413530 (105282) main____ INFO      core file size: unlimited
2026-02-23 13:30:55.413537 (105282) main____ INFO      open files    : 131072
2026-02-23 13:30:55.413541 (105282) main____ INFO      file size     : unlimited
2026-02-23 13:30:55.413544 (105282) main____ INFO    ----------------------------------------
2026-02-23 13:30:55.413548 (105282) main____ INFO    Memory statistics:
2026-02-23 13:30:55.413552 (105282) main____ INFO      total physical memory  : 394157548 kB
2026-02-23 13:30:55.413556 (105282) main____ INFO      free physical memory   : 136148860 kB
2026-02-23 13:30:55.413560 (105282) main____ INFO      committed address space: 191674552 kB
2026-02-23 13:30:55.413563 (105282) main____ INFO    ----------------------------------------
2026-02-23 13:30:55.414470 (105282) main____ INFO    Important environment variables:
2026-02-23 13:30:55.414488 (105282) main____ INFO      JASPER_HOME       : '/usr/licensed/cadence-20210126/jasper_2021.03'
2026-02-23 13:30:55.414494 (105282) main____ INFO      JASPER_INSTALL_DIR: '/scratch/gpfs/LICENSED/x86_64/cadence-20210126/jasper_2021.03'
2026-02-23 13:30:55.414498 (105282) main____ INFO      LANG              : 'en_US.UTF-8'
2026-02-23 13:30:55.414503 (105282) main____ INFO      LM_LICENSE_FILE   : '5280@license.rc.princeton.edu'
2026-02-23 13:30:55.414508 (105282) main____ INFO      TMPDIR            : '/tmp/ab2113/jg_5018563_283'
2026-02-23 13:30:55.414512 (105282) main____ INFO    ----------------------------------------
2026-02-23 13:30:55.415006 (105282) lic_core INFO    Initializing license system ...
2026-02-23 13:30:55.417040 (105282) lic_core INFO    ... license system initialized.
2026-02-23 13:30:55.417778 (105282) lic__man INFO    Claim 'fpv' for <ui>.
2026-02-23 13:30:55.417811 (105282) lic_core INFO    (1) checking out 'jasper_fpv' ...
2026-02-23 13:30:55.424084 (105282) lic_core INFO    ... (1) checkout failed (error: -5) ("FLEXnet ERROR(-5, 0, 0): No such feature exists.")
2026-02-23 13:30:55.424124 (105282) lic_core INFO    (2) checking out 'jasper_fao' ...
2026-02-23 13:30:55.434589 (105282) lic_core INFO    ... (2) checkout succeeded
2026-02-23 13:30:55.450345 (105282) session_ INFO    Starting analysis session with session id 'session_0' (launcher: <local>) ...
2026-02-23 13:30:55.453261 (105282) session_ INFO    Analysis session with session id 'session_0' started (pid: 105290)
2026-02-23 13:30:56.245313 (105282) session_ INFO    Analysis session 'session_0' connected to the console (host: 127.0.0.1:57206)
2026-02-23 13:30:56.799296 (105282) main____ INFO    About to exit: request to exit with status 1 received from analysis session 'session_0'
2026-02-23 13:30:56.875197 (105282) session_ INFO    Analysis session 'session_0' disconnected.
2026-02-23 13:30:56.875313 (105282) lic__man INFO    Unclaim everything for 'session_0'.
2026-02-23 13:30:56.876079 (105282) session_ INFO    Process for analysis session 'session_0' has exited with exit status '1'.
2026-02-23 13:30:58.703423 (105282) lic_core INFO    (2) checkin jasper_fao
2026-02-23 13:30:58.704911 (105282) main____ INFO    Exiting with status 1.
