2026-02-23 13:40:24.389339 (4140946) main____ INFO    ----------------------------------------
2026-02-23 13:40:24.389426 (4140946) main____ INFO    JasperGold version info
2026-02-23 13:40:24.389443 (4140946) main____ INFO      tool      : JasperGold 2021.03
2026-02-23 13:40:24.389452 (4140946) main____ INFO      version   : 2021.03 FCS 64 bits
2026-02-23 13:40:24.389457 (4140946) main____ INFO      build date: 2021.03.23 02:50:43 UTC
2026-02-23 13:40:24.389461 (4140946) main____ INFO    ----------------------------------------
2026-02-23 13:40:24.389465 (4140946) main____ INFO    Runtime info:
2026-02-23 13:40:24.389470 (4140946) main____ INFO      platform  : Linux 5.14.0-570.84.1.el9_6.x86_64 x86_64
2026-02-23 13:40:24.389475 (4140946) main____ INFO      hostname  : della-r3c2n12
2026-02-23 13:40:24.389480 (4140946) main____ INFO      pid       : 4140946
2026-02-23 13:40:24.389485 (4140946) main____ INFO      arguments : '-style' 'windows' '-batch' '-proj' './verification_results/00895/jgproject' '-tcl' './jasper_verif_check.tcl'
2026-02-23 13:40:24.389493 (4140946) main____ INFO      locale    : UTF-8
2026-02-23 13:40:24.389497 (4140946) main____ INFO    ----------------------------------------
2026-02-23 13:40:24.389501 (4140946) main____ INFO    System resource limits info:
2026-02-23 13:40:24.389506 (4140946) main____ INFO      virtual memory: unlimited
2026-02-23 13:40:24.389510 (4140946) main____ INFO      cpu time      : unlimited
2026-02-23 13:40:24.389514 (4140946) main____ INFO      stack size    : unlimited
2026-02-23 13:40:24.389520 (4140946) main____ INFO      core file size: unlimited
2026-02-23 13:40:24.389526 (4140946) main____ INFO      open files    : 131072
2026-02-23 13:40:24.389531 (4140946) main____ INFO      file size     : unlimited
2026-02-23 13:40:24.389535 (4140946) main____ INFO    ----------------------------------------
2026-02-23 13:40:24.389539 (4140946) main____ INFO    Memory statistics:
2026-02-23 13:40:24.389544 (4140946) main____ INFO      total physical memory  : 195972072 kB
2026-02-23 13:40:24.389549 (4140946) main____ INFO      free physical memory   : 126597244 kB
2026-02-23 13:40:24.389553 (4140946) main____ INFO      committed address space: 45712240 kB
2026-02-23 13:40:24.389556 (4140946) main____ INFO    ----------------------------------------
2026-02-23 13:40:24.390519 (4140946) main____ INFO    Important environment variables:
2026-02-23 13:40:24.390536 (4140946) main____ INFO      JASPER_HOME       : '/usr/licensed/cadence-20210126/jasper_2021.03'
2026-02-23 13:40:24.390544 (4140946) main____ INFO      JASPER_INSTALL_DIR: '/scratch/gpfs/LICENSED/x86_64/cadence-20210126/jasper_2021.03'
2026-02-23 13:40:24.390549 (4140946) main____ INFO      LANG              : 'en_US.UTF-8'
2026-02-23 13:40:24.390554 (4140946) main____ INFO      LM_LICENSE_FILE   : '5280@license.rc.princeton.edu'
2026-02-23 13:40:24.390559 (4140946) main____ INFO      TMPDIR            : '/tmp/ab2113/jg_5018804_10'
2026-02-23 13:40:24.390564 (4140946) main____ INFO    ----------------------------------------
2026-02-23 13:40:24.391374 (4140946) lic_core INFO    Initializing license system ...
2026-02-23 13:40:24.392168 (4140946) lic_core INFO    ... license system initialized.
2026-02-23 13:40:24.392897 (4140946) lic__man INFO    Claim 'fpv' for <ui>.
2026-02-23 13:40:24.392934 (4140946) lic_core INFO    (1) checking out 'jasper_fpv' ...
2026-02-23 13:40:24.398691 (4140946) lic_core INFO    ... (1) checkout failed (error: -5) ("FLEXnet ERROR(-5, 0, 0): No such feature exists.")
2026-02-23 13:40:24.398739 (4140946) lic_core INFO    (2) checking out 'jasper_fao' ...
2026-02-23 13:40:24.409099 (4140946) lic_core INFO    ... (2) checkout succeeded
2026-02-23 13:40:24.423417 (4140946) session_ INFO    Starting analysis session with session id 'session_0' (launcher: <local>) ...
2026-02-23 13:40:24.426177 (4140946) session_ INFO    Analysis session with session id 'session_0' started (pid: 4140955)
2026-02-23 13:40:25.143883 (4140946) session_ INFO    Analysis session 'session_0' connected to the console (host: 127.0.0.1:59160)
2026-02-23 13:40:26.017807 (4140946) lic__man INFO    Unclaim everything for 'session_0'.
2026-02-23 13:40:26.063385 (4140946) lic__man INFO    Claim 'fpv' for 'session_0'.
2026-02-23 13:40:26.063443 (4140946) lic__man INFO    Claim 'fpv' for 'session_0/prove-0'.
2026-02-23 13:40:26.279109 (4140946) lic__man INFO    Unclaim everything for 'session_0/prove-0'.
2026-02-23 13:40:26.336048 (4140946) main____ INFO    About to exit: request to exit with status 0 received from analysis session 'session_0'
2026-02-23 13:40:26.428897 (4140946) session_ INFO    Analysis session 'session_0' disconnected.
2026-02-23 13:40:26.429046 (4140946) lic__man INFO    Unclaim everything for 'session_0'.
2026-02-23 13:40:26.429649 (4140946) session_ INFO    Process for analysis session 'session_0' has exited with exit status '0'.
2026-02-23 13:40:28.244321 (4140946) lic_core INFO    (2) checkin jasper_fao
2026-02-23 13:40:28.245841 (4140946) main____ INFO    Exiting with status 0.
