2026-02-23 13:44:13.382665 (1376936) main____ INFO    ----------------------------------------
2026-02-23 13:44:13.382779 (1376936) main____ INFO    JasperGold version info
2026-02-23 13:44:13.382797 (1376936) main____ INFO      tool      : JasperGold 2021.03
2026-02-23 13:44:13.382806 (1376936) main____ INFO      version   : 2021.03 FCS 64 bits
2026-02-23 13:44:13.382812 (1376936) main____ INFO      build date: 2021.03.23 02:50:43 UTC
2026-02-23 13:44:13.382816 (1376936) main____ INFO    ----------------------------------------
2026-02-23 13:44:13.382820 (1376936) main____ INFO    Runtime info:
2026-02-23 13:44:13.382825 (1376936) main____ INFO      platform  : Linux 5.14.0-570.84.1.el9_6.x86_64 x86_64
2026-02-23 13:44:13.382831 (1376936) main____ INFO      hostname  : della-r3c3n3
2026-02-23 13:44:13.382836 (1376936) main____ INFO      pid       : 1376936
2026-02-23 13:44:13.382841 (1376936) main____ INFO      arguments : '-style' 'windows' '-batch' '-proj' './verification_results/01834/jgproject' '-tcl' './jasper_verif_check.tcl'
2026-02-23 13:44:13.382850 (1376936) main____ INFO      locale    : UTF-8
2026-02-23 13:44:13.382854 (1376936) main____ INFO    ----------------------------------------
2026-02-23 13:44:13.382858 (1376936) main____ INFO    System resource limits info:
2026-02-23 13:44:13.382862 (1376936) main____ INFO      virtual memory: unlimited
2026-02-23 13:44:13.382867 (1376936) main____ INFO      cpu time      : unlimited
2026-02-23 13:44:13.382871 (1376936) main____ INFO      stack size    : unlimited
2026-02-23 13:44:13.382875 (1376936) main____ INFO      core file size: unlimited
2026-02-23 13:44:13.382883 (1376936) main____ INFO      open files    : 131072
2026-02-23 13:44:13.382887 (1376936) main____ INFO      file size     : unlimited
2026-02-23 13:44:13.382892 (1376936) main____ INFO    ----------------------------------------
2026-02-23 13:44:13.382896 (1376936) main____ INFO    Memory statistics:
2026-02-23 13:44:13.382900 (1376936) main____ INFO      total physical memory  : 195972168 kB
2026-02-23 13:44:13.382904 (1376936) main____ INFO      free physical memory   : 105392108 kB
2026-02-23 13:44:13.382908 (1376936) main____ INFO      committed address space: 57983392 kB
2026-02-23 13:44:13.382913 (1376936) main____ INFO    ----------------------------------------
2026-02-23 13:44:13.383906 (1376936) main____ INFO    Important environment variables:
2026-02-23 13:44:13.383925 (1376936) main____ INFO      JASPER_HOME       : '/usr/licensed/cadence-20210126/jasper_2021.03'
2026-02-23 13:44:13.383932 (1376936) main____ INFO      JASPER_INSTALL_DIR: '/scratch/gpfs/LICENSED/x86_64/cadence-20210126/jasper_2021.03'
2026-02-23 13:44:13.383938 (1376936) main____ INFO      LANG              : 'en_US.UTF-8'
2026-02-23 13:44:13.383943 (1376936) main____ INFO      LM_LICENSE_FILE   : '5280@license.rc.princeton.edu'
2026-02-23 13:44:13.383948 (1376936) main____ INFO      TMPDIR            : '/tmp/ab2113/jg_5018861_29'
2026-02-23 13:44:13.383952 (1376936) main____ INFO    ----------------------------------------
2026-02-23 13:44:13.384476 (1376936) lic_core INFO    Initializing license system ...
2026-02-23 13:44:13.385354 (1376936) lic_core INFO    ... license system initialized.
2026-02-23 13:44:13.386233 (1376936) lic__man INFO    Claim 'fpv' for <ui>.
2026-02-23 13:44:13.386274 (1376936) lic_core INFO    (1) checking out 'jasper_fpv' ...
2026-02-23 13:44:13.392194 (1376936) lic_core INFO    ... (1) checkout failed (error: -5) ("FLEXnet ERROR(-5, 0, 0): No such feature exists.")
2026-02-23 13:44:13.392250 (1376936) lic_core INFO    (2) checking out 'jasper_fao' ...
2026-02-23 13:44:13.402668 (1376936) lic_core INFO    ... (2) checkout succeeded
2026-02-23 13:44:13.417352 (1376936) session_ INFO    Starting analysis session with session id 'session_0' (launcher: <local>) ...
2026-02-23 13:44:13.420254 (1376936) session_ INFO    Analysis session with session id 'session_0' started (pid: 1376944)
2026-02-23 13:44:14.224252 (1376936) session_ INFO    Analysis session 'session_0' connected to the console (host: 127.0.0.1:59108)
2026-02-23 13:44:14.832571 (1376936) main____ INFO    About to exit: request to exit with status 1 received from analysis session 'session_0'
2026-02-23 13:44:14.919912 (1376936) session_ INFO    Analysis session 'session_0' disconnected.
2026-02-23 13:44:14.920077 (1376936) lic__man INFO    Unclaim everything for 'session_0'.
2026-02-23 13:44:14.921750 (1376936) session_ INFO    Process for analysis session 'session_0' has exited with exit status '1'.
2026-02-23 13:44:16.938792 (1376936) lic_core INFO    (2) checkin jasper_fao
2026-02-23 13:44:16.940502 (1376936) main____ INFO    Exiting with status 1.
