2026-02-23 13:37:46.806696 (89325) main____ INFO    ----------------------------------------
2026-02-23 13:37:46.806797 (89325) main____ INFO    JasperGold version info
2026-02-23 13:37:46.806824 (89325) main____ INFO      tool      : JasperGold 2021.03
2026-02-23 13:37:46.806834 (89325) main____ INFO      version   : 2021.03 FCS 64 bits
2026-02-23 13:37:46.806841 (89325) main____ INFO      build date: 2021.03.23 02:50:43 UTC
2026-02-23 13:37:46.806848 (89325) main____ INFO    ----------------------------------------
2026-02-23 13:37:46.806854 (89325) main____ INFO    Runtime info:
2026-02-23 13:37:46.806861 (89325) main____ INFO      platform  : Linux 5.14.0-570.84.1.el9_6.x86_64 x86_64
2026-02-23 13:37:46.806868 (89325) main____ INFO      hostname  : della-h14n2
2026-02-23 13:37:46.806874 (89325) main____ INFO      pid       : 89325
2026-02-23 13:37:46.806879 (89325) main____ INFO      arguments : '-style' 'windows' '-batch' '-proj' './verification_results/00719/jgproject' '-tcl' './jasper_verif_check.tcl'
2026-02-23 13:37:46.806889 (89325) main____ INFO      locale    : UTF-8
2026-02-23 13:37:46.806895 (89325) main____ INFO    ----------------------------------------
2026-02-23 13:37:46.806899 (89325) main____ INFO    System resource limits info:
2026-02-23 13:37:46.806905 (89325) main____ INFO      virtual memory: unlimited
2026-02-23 13:37:46.806911 (89325) main____ INFO      cpu time      : unlimited
2026-02-23 13:37:46.806916 (89325) main____ INFO      stack size    : unlimited
2026-02-23 13:37:46.806922 (89325) main____ INFO      core file size: unlimited
2026-02-23 13:37:46.806931 (89325) main____ INFO      open files    : 131072
2026-02-23 13:37:46.806936 (89325) main____ INFO      file size     : unlimited
2026-02-23 13:37:46.806943 (89325) main____ INFO    ----------------------------------------
2026-02-23 13:37:46.806949 (89325) main____ INFO    Memory statistics:
2026-02-23 13:37:46.806955 (89325) main____ INFO      total physical memory  : 1584164328 kB
2026-02-23 13:37:46.806960 (89325) main____ INFO      free physical memory   : 732244056 kB
2026-02-23 13:37:46.806965 (89325) main____ INFO      committed address space: 684674000 kB
2026-02-23 13:37:46.806971 (89325) main____ INFO    ----------------------------------------
2026-02-23 13:37:46.807519 (89325) main____ INFO    Important environment variables:
2026-02-23 13:37:46.807535 (89325) main____ INFO      JASPER_HOME       : '/usr/licensed/cadence-20210126/jasper_2021.03'
2026-02-23 13:37:46.807542 (89325) main____ INFO      JASPER_INSTALL_DIR: '/scratch/gpfs/LICENSED/x86_64/cadence-20210126/jasper_2021.03'
2026-02-23 13:37:46.807549 (89325) main____ INFO      LANG              : 'en_US.UTF-8'
2026-02-23 13:37:46.807555 (89325) main____ INFO      LM_LICENSE_FILE   : '5280@license.rc.princeton.edu'
2026-02-23 13:37:46.807561 (89325) main____ INFO      TMPDIR            : '/tmp/ab2113/jg_5018796_7'
2026-02-23 13:37:46.807567 (89325) main____ INFO    ----------------------------------------
2026-02-23 13:37:46.808172 (89325) lic_core INFO    Initializing license system ...
2026-02-23 13:37:46.808741 (89325) lic_core INFO    ... license system initialized.
2026-02-23 13:37:46.809557 (89325) lic__man INFO    Claim 'fpv' for <ui>.
2026-02-23 13:37:46.809594 (89325) lic_core INFO    (1) checking out 'jasper_fpv' ...
2026-02-23 13:37:46.815455 (89325) lic_core INFO    ... (1) checkout failed (error: -5) ("FLEXnet ERROR(-5, 0, 0): No such feature exists.")
2026-02-23 13:37:46.815516 (89325) lic_core INFO    (2) checking out 'jasper_fao' ...
2026-02-23 13:37:46.824860 (89325) lic_core INFO    ... (2) checkout succeeded
2026-02-23 13:37:46.837484 (89325) session_ INFO    Starting analysis session with session id 'session_0' (launcher: <local>) ...
2026-02-23 13:37:46.840581 (89325) session_ INFO    Analysis session with session id 'session_0' started (pid: 89345)
2026-02-23 13:37:47.480595 (89325) session_ INFO    Analysis session 'session_0' connected to the console (host: 127.0.0.1:60452)
2026-02-23 13:37:48.011908 (89325) main____ INFO    About to exit: request to exit with status 1 received from analysis session 'session_0'
2026-02-23 13:37:48.066265 (89325) session_ INFO    Analysis session 'session_0' disconnected.
2026-02-23 13:37:48.066401 (89325) lic__man INFO    Unclaim everything for 'session_0'.
2026-02-23 13:37:48.066923 (89325) session_ INFO    Process for analysis session 'session_0' has exited with exit status '1'.
2026-02-23 13:37:49.967429 (89325) lic_core INFO    (2) checkin jasper_fao
2026-02-23 13:37:49.968980 (89325) main____ INFO    Exiting with status 1.
