2026-02-23 13:38:33.711547 (1133728) main____ INFO    ----------------------------------------
2026-02-23 13:38:33.711654 (1133728) main____ INFO    JasperGold version info
2026-02-23 13:38:33.711673 (1133728) main____ INFO      tool      : JasperGold 2021.03
2026-02-23 13:38:33.711682 (1133728) main____ INFO      version   : 2021.03 FCS 64 bits
2026-02-23 13:38:33.711687 (1133728) main____ INFO      build date: 2021.03.23 02:50:43 UTC
2026-02-23 13:38:33.711691 (1133728) main____ INFO    ----------------------------------------
2026-02-23 13:38:33.711695 (1133728) main____ INFO    Runtime info:
2026-02-23 13:38:33.711700 (1133728) main____ INFO      platform  : Linux 5.14.0-570.84.1.el9_6.x86_64 x86_64
2026-02-23 13:38:33.711706 (1133728) main____ INFO      hostname  : della-i13n20
2026-02-23 13:38:33.711711 (1133728) main____ INFO      pid       : 1133728
2026-02-23 13:38:33.711715 (1133728) main____ INFO      arguments : '-style' 'windows' '-batch' '-proj' './verification_results/00432/jgproject' '-tcl' './jasper_verif_check.tcl'
2026-02-23 13:38:33.711724 (1133728) main____ INFO      locale    : UTF-8
2026-02-23 13:38:33.711727 (1133728) main____ INFO    ----------------------------------------
2026-02-23 13:38:33.711731 (1133728) main____ INFO    System resource limits info:
2026-02-23 13:38:33.711735 (1133728) main____ INFO      virtual memory: unlimited
2026-02-23 13:38:33.711739 (1133728) main____ INFO      cpu time      : unlimited
2026-02-23 13:38:33.711743 (1133728) main____ INFO      stack size    : unlimited
2026-02-23 13:38:33.711748 (1133728) main____ INFO      core file size: unlimited
2026-02-23 13:38:33.711755 (1133728) main____ INFO      open files    : 131072
2026-02-23 13:38:33.711759 (1133728) main____ INFO      file size     : unlimited
2026-02-23 13:38:33.711763 (1133728) main____ INFO    ----------------------------------------
2026-02-23 13:38:33.711766 (1133728) main____ INFO    Memory statistics:
2026-02-23 13:38:33.711771 (1133728) main____ INFO      total physical memory  : 394157552 kB
2026-02-23 13:38:33.711775 (1133728) main____ INFO      free physical memory   : 161450460 kB
2026-02-23 13:38:33.711779 (1133728) main____ INFO      committed address space: 146223016 kB
2026-02-23 13:38:33.711782 (1133728) main____ INFO    ----------------------------------------
2026-02-23 13:38:33.712715 (1133728) main____ INFO    Important environment variables:
2026-02-23 13:38:33.712730 (1133728) main____ INFO      JASPER_HOME       : '/usr/licensed/cadence-20210126/jasper_2021.03'
2026-02-23 13:38:33.712736 (1133728) main____ INFO      JASPER_INSTALL_DIR: '/scratch/gpfs/LICENSED/x86_64/cadence-20210126/jasper_2021.03'
2026-02-23 13:38:33.712741 (1133728) main____ INFO      LANG              : 'en_US.UTF-8'
2026-02-23 13:38:33.712746 (1133728) main____ INFO      LM_LICENSE_FILE   : '5280@license.rc.princeton.edu'
2026-02-23 13:38:33.712751 (1133728) main____ INFO      TMPDIR            : '/tmp/ab2113/jg_5018698_2'
2026-02-23 13:38:33.712755 (1133728) main____ INFO    ----------------------------------------
2026-02-23 13:38:33.713304 (1133728) lic_core INFO    Initializing license system ...
2026-02-23 13:38:33.714244 (1133728) lic_core INFO    ... license system initialized.
2026-02-23 13:38:33.715098 (1133728) lic__man INFO    Claim 'fpv' for <ui>.
2026-02-23 13:38:33.715156 (1133728) lic_core INFO    (1) checking out 'jasper_fpv' ...
2026-02-23 13:38:33.721601 (1133728) lic_core INFO    ... (1) checkout failed (error: -5) ("FLEXnet ERROR(-5, 0, 0): No such feature exists.")
2026-02-23 13:38:33.721659 (1133728) lic_core INFO    (2) checking out 'jasper_fao' ...
2026-02-23 13:38:33.732251 (1133728) lic_core INFO    ... (2) checkout succeeded
2026-02-23 13:38:33.746357 (1133728) session_ INFO    Starting analysis session with session id 'session_0' (launcher: <local>) ...
2026-02-23 13:38:33.750096 (1133728) session_ INFO    Analysis session with session id 'session_0' started (pid: 1133741)
2026-02-23 13:38:34.470653 (1133728) session_ INFO    Analysis session 'session_0' connected to the console (host: 127.0.0.1:50556)
2026-02-23 13:38:35.292857 (1133728) lic__man INFO    Unclaim everything for 'session_0'.
2026-02-23 13:38:35.334476 (1133728) lic__man INFO    Claim 'fpv' for 'session_0'.
2026-02-23 13:38:35.334525 (1133728) lic__man INFO    Claim 'fpv' for 'session_0/prove-0'.
2026-02-23 13:38:35.466992 (1133728) lic__man INFO    Unclaim everything for 'session_0/prove-0'.
2026-02-23 13:38:35.524233 (1133728) main____ INFO    About to exit: request to exit with status 0 received from analysis session 'session_0'
2026-02-23 13:38:35.618546 (1133728) session_ INFO    Analysis session 'session_0' disconnected.
2026-02-23 13:38:35.618660 (1133728) lic__man INFO    Unclaim everything for 'session_0'.
2026-02-23 13:38:35.619375 (1133728) session_ INFO    Process for analysis session 'session_0' has exited with exit status '0'.
2026-02-23 13:38:37.550020 (1133728) lic_core INFO    (2) checkin jasper_fao
2026-02-23 13:38:37.551621 (1133728) main____ INFO    Exiting with status 0.
