2026-02-23 13:46:34.161757 (125737) main____ INFO    ----------------------------------------
2026-02-23 13:46:34.161910 (125737) main____ INFO    JasperGold version info
2026-02-23 13:46:34.161938 (125737) main____ INFO      tool      : JasperGold 2021.03
2026-02-23 13:46:34.161951 (125737) main____ INFO      version   : 2021.03 FCS 64 bits
2026-02-23 13:46:34.161958 (125737) main____ INFO      build date: 2021.03.23 02:50:43 UTC
2026-02-23 13:46:34.161963 (125737) main____ INFO    ----------------------------------------
2026-02-23 13:46:34.161968 (125737) main____ INFO    Runtime info:
2026-02-23 13:46:34.161973 (125737) main____ INFO      platform  : Linux 5.14.0-570.84.1.el9_6.x86_64 x86_64
2026-02-23 13:46:34.161982 (125737) main____ INFO      hostname  : della-h14n2
2026-02-23 13:46:34.161989 (125737) main____ INFO      pid       : 125737
2026-02-23 13:46:34.161995 (125737) main____ INFO      arguments : '-style' 'windows' '-batch' '-proj' './verification_results/02433/jgproject' '-tcl' './jasper_verif_check.tcl'
2026-02-23 13:46:34.162009 (125737) main____ INFO      locale    : UTF-8
2026-02-23 13:46:34.162018 (125737) main____ INFO    ----------------------------------------
2026-02-23 13:46:34.162023 (125737) main____ INFO    System resource limits info:
2026-02-23 13:46:34.162029 (125737) main____ INFO      virtual memory: unlimited
2026-02-23 13:46:34.162034 (125737) main____ INFO      cpu time      : unlimited
2026-02-23 13:46:34.162040 (125737) main____ INFO      stack size    : unlimited
2026-02-23 13:46:34.162046 (125737) main____ INFO      core file size: unlimited
2026-02-23 13:46:34.162055 (125737) main____ INFO      open files    : 131072
2026-02-23 13:46:34.162061 (125737) main____ INFO      file size     : unlimited
2026-02-23 13:46:34.162066 (125737) main____ INFO    ----------------------------------------
2026-02-23 13:46:34.162073 (125737) main____ INFO    Memory statistics:
2026-02-23 13:46:34.162079 (125737) main____ INFO      total physical memory  : 1584164328 kB
2026-02-23 13:46:34.162084 (125737) main____ INFO      free physical memory   : 747814256 kB
2026-02-23 13:46:34.162090 (125737) main____ INFO      committed address space: 673931116 kB
2026-02-23 13:46:34.162096 (125737) main____ INFO    ----------------------------------------
2026-02-23 13:46:34.162654 (125737) main____ INFO    Important environment variables:
2026-02-23 13:46:34.162673 (125737) main____ INFO      JASPER_HOME       : '/usr/licensed/cadence-20210126/jasper_2021.03'
2026-02-23 13:46:34.162681 (125737) main____ INFO      JASPER_INSTALL_DIR: '/scratch/gpfs/LICENSED/x86_64/cadence-20210126/jasper_2021.03'
2026-02-23 13:46:34.162690 (125737) main____ INFO      LANG              : 'en_US.UTF-8'
2026-02-23 13:46:34.162697 (125737) main____ INFO      LM_LICENSE_FILE   : '5280@license.rc.princeton.edu'
2026-02-23 13:46:34.162703 (125737) main____ INFO      TMPDIR            : '/tmp/ab2113/jg_5018913_41'
2026-02-23 13:46:34.162708 (125737) main____ INFO    ----------------------------------------
2026-02-23 13:46:34.163214 (125737) lic_core INFO    Initializing license system ...
2026-02-23 13:46:34.163765 (125737) lic_core INFO    ... license system initialized.
2026-02-23 13:46:34.164578 (125737) lic__man INFO    Claim 'fpv' for <ui>.
2026-02-23 13:46:34.164615 (125737) lic_core INFO    (1) checking out 'jasper_fpv' ...
2026-02-23 13:46:34.171144 (125737) lic_core INFO    ... (1) checkout failed (error: -5) ("FLEXnet ERROR(-5, 0, 0): No such feature exists.")
2026-02-23 13:46:34.171181 (125737) lic_core INFO    (2) checking out 'jasper_fao' ...
2026-02-23 13:46:34.180506 (125737) lic_core INFO    ... (2) checkout succeeded
2026-02-23 13:46:34.192571 (125737) session_ INFO    Starting analysis session with session id 'session_0' (launcher: <local>) ...
2026-02-23 13:46:34.195859 (125737) session_ INFO    Analysis session with session id 'session_0' started (pid: 125892)
2026-02-23 13:46:34.754448 (125737) session_ INFO    Analysis session 'session_0' connected to the console (host: 127.0.0.1:56660)
2026-02-23 13:46:35.535471 (125737) lic__man INFO    Unclaim everything for 'session_0'.
2026-02-23 13:46:35.577453 (125737) lic__man INFO    Claim 'fpv' for 'session_0'.
2026-02-23 13:46:35.577494 (125737) lic__man INFO    Claim 'fpv' for 'session_0/prove-0'.
2026-02-23 13:46:35.736993 (125737) lic__man INFO    Unclaim everything for 'session_0/prove-0'.
2026-02-23 13:46:35.789898 (125737) main____ INFO    About to exit: request to exit with status 0 received from analysis session 'session_0'
2026-02-23 13:46:35.855202 (125737) session_ INFO    Analysis session 'session_0' disconnected.
2026-02-23 13:46:35.855326 (125737) lic__man INFO    Unclaim everything for 'session_0'.
2026-02-23 13:46:35.855838 (125737) session_ INFO    Process for analysis session 'session_0' has exited with exit status '0'.
2026-02-23 13:46:37.899476 (125737) lic_core INFO    (2) checkin jasper_fao
2026-02-23 13:46:37.901384 (125737) main____ INFO    Exiting with status 0.
