2026-02-23 13:46:05.349511 (923617) main____ INFO    ----------------------------------------
2026-02-23 13:46:05.349600 (923617) main____ INFO    JasperGold version info
2026-02-23 13:46:05.349615 (923617) main____ INFO      tool      : JasperGold 2021.03
2026-02-23 13:46:05.349623 (923617) main____ INFO      version   : 2021.03 FCS 64 bits
2026-02-23 13:46:05.349629 (923617) main____ INFO      build date: 2021.03.23 02:50:43 UTC
2026-02-23 13:46:05.349634 (923617) main____ INFO    ----------------------------------------
2026-02-23 13:46:05.349640 (923617) main____ INFO    Runtime info:
2026-02-23 13:46:05.349646 (923617) main____ INFO      platform  : Linux 5.14.0-570.84.1.el9_6.x86_64 x86_64
2026-02-23 13:46:05.349652 (923617) main____ INFO      hostname  : della-h14n16
2026-02-23 13:46:05.349658 (923617) main____ INFO      pid       : 923617
2026-02-23 13:46:05.349664 (923617) main____ INFO      arguments : '-style' 'windows' '-batch' '-proj' './verification_results/02284/jgproject' '-tcl' './jasper_verif_check.tcl'
2026-02-23 13:46:05.349673 (923617) main____ INFO      locale    : UTF-8
2026-02-23 13:46:05.349678 (923617) main____ INFO    ----------------------------------------
2026-02-23 13:46:05.349683 (923617) main____ INFO    System resource limits info:
2026-02-23 13:46:05.349689 (923617) main____ INFO      virtual memory: unlimited
2026-02-23 13:46:05.349694 (923617) main____ INFO      cpu time      : unlimited
2026-02-23 13:46:05.349699 (923617) main____ INFO      stack size    : unlimited
2026-02-23 13:46:05.349703 (923617) main____ INFO      core file size: unlimited
2026-02-23 13:46:05.349711 (923617) main____ INFO      open files    : 131072
2026-02-23 13:46:05.349716 (923617) main____ INFO      file size     : unlimited
2026-02-23 13:46:05.349722 (923617) main____ INFO    ----------------------------------------
2026-02-23 13:46:05.349726 (923617) main____ INFO    Memory statistics:
2026-02-23 13:46:05.349732 (923617) main____ INFO      total physical memory  : 1584164324 kB
2026-02-23 13:46:05.349738 (923617) main____ INFO      free physical memory   : 928801732 kB
2026-02-23 13:46:05.349743 (923617) main____ INFO      committed address space: 445248900 kB
2026-02-23 13:46:05.349748 (923617) main____ INFO    ----------------------------------------
2026-02-23 13:46:05.350273 (923617) main____ INFO    Important environment variables:
2026-02-23 13:46:05.350287 (923617) main____ INFO      JASPER_HOME       : '/usr/licensed/cadence-20210126/jasper_2021.03'
2026-02-23 13:46:05.350294 (923617) main____ INFO      JASPER_INSTALL_DIR: '/scratch/gpfs/LICENSED/x86_64/cadence-20210126/jasper_2021.03'
2026-02-23 13:46:05.350300 (923617) main____ INFO      LANG              : 'en_US.UTF-8'
2026-02-23 13:46:05.350306 (923617) main____ INFO      LM_LICENSE_FILE   : '5280@license.rc.princeton.edu'
2026-02-23 13:46:05.350312 (923617) main____ INFO      TMPDIR            : '/tmp/ab2113/jg_5018903_38'
2026-02-23 13:46:05.350317 (923617) main____ INFO    ----------------------------------------
2026-02-23 13:46:05.350806 (923617) lic_core INFO    Initializing license system ...
2026-02-23 13:46:05.351567 (923617) lic_core INFO    ... license system initialized.
2026-02-23 13:46:05.352621 (923617) lic__man INFO    Claim 'fpv' for <ui>.
2026-02-23 13:46:05.352659 (923617) lic_core INFO    (1) checking out 'jasper_fpv' ...
2026-02-23 13:46:05.358314 (923617) lic_core INFO    ... (1) checkout failed (error: -5) ("FLEXnet ERROR(-5, 0, 0): No such feature exists.")
2026-02-23 13:46:05.358344 (923617) lic_core INFO    (2) checking out 'jasper_fao' ...
2026-02-23 13:46:05.367520 (923617) lic_core INFO    ... (2) checkout succeeded
2026-02-23 13:46:05.378880 (923617) session_ INFO    Starting analysis session with session id 'session_0' (launcher: <local>) ...
2026-02-23 13:46:05.382054 (923617) session_ INFO    Analysis session with session id 'session_0' started (pid: 923625)
2026-02-23 13:46:06.374047 (923617) session_ INFO    Analysis session 'session_0' connected to the console (host: 127.0.0.1:40192)
2026-02-23 13:46:06.955722 (923617) main____ INFO    About to exit: request to exit with status 1 received from analysis session 'session_0'
2026-02-23 13:46:07.061945 (923617) session_ INFO    Analysis session 'session_0' disconnected.
2026-02-23 13:46:07.062219 (923617) lic__man INFO    Unclaim everything for 'session_0'.
2026-02-23 13:46:07.063127 (923617) session_ INFO    Process for analysis session 'session_0' has exited with exit status '1'.
2026-02-23 13:46:09.063221 (923617) lic_core INFO    (2) checkin jasper_fao
2026-02-23 13:46:09.064645 (923617) main____ INFO    Exiting with status 1.
