2026-02-23 14:59:43.728790 (2956466) main____ INFO    ----------------------------------------
2026-02-23 14:59:43.728883 (2956466) main____ INFO    JasperGold version info
2026-02-23 14:59:43.728902 (2956466) main____ INFO      tool      : JasperGold 2021.03
2026-02-23 14:59:43.728910 (2956466) main____ INFO      version   : 2021.03 FCS 64 bits
2026-02-23 14:59:43.728914 (2956466) main____ INFO      build date: 2021.03.23 02:50:43 UTC
2026-02-23 14:59:43.728918 (2956466) main____ INFO    ----------------------------------------
2026-02-23 14:59:43.728921 (2956466) main____ INFO    Runtime info:
2026-02-23 14:59:43.728925 (2956466) main____ INFO      platform  : Linux 5.14.0-570.84.1.el9_6.x86_64 x86_64
2026-02-23 14:59:43.728929 (2956466) main____ INFO      hostname  : della-h12n18
2026-02-23 14:59:43.728933 (2956466) main____ INFO      pid       : 2956466
2026-02-23 14:59:43.728937 (2956466) main____ INFO      arguments : '-style' 'windows' '-batch' '-proj' './verification_results/04723/jgproject' '-tcl' './jasper_verif_check.tcl'
2026-02-23 14:59:43.728944 (2956466) main____ INFO      locale    : UTF-8
2026-02-23 14:59:43.728948 (2956466) main____ INFO    ----------------------------------------
2026-02-23 14:59:43.728951 (2956466) main____ INFO    System resource limits info:
2026-02-23 14:59:43.728955 (2956466) main____ INFO      virtual memory: unlimited
2026-02-23 14:59:43.728959 (2956466) main____ INFO      cpu time      : unlimited
2026-02-23 14:59:43.728963 (2956466) main____ INFO      stack size    : unlimited
2026-02-23 14:59:43.728967 (2956466) main____ INFO      core file size: unlimited
2026-02-23 14:59:43.728972 (2956466) main____ INFO      open files    : 131072
2026-02-23 14:59:43.728976 (2956466) main____ INFO      file size     : unlimited
2026-02-23 14:59:43.728979 (2956466) main____ INFO    ----------------------------------------
2026-02-23 14:59:43.728982 (2956466) main____ INFO    Memory statistics:
2026-02-23 14:59:43.728987 (2956466) main____ INFO      total physical memory  : 1055795796 kB
2026-02-23 14:59:43.728990 (2956466) main____ INFO      free physical memory   : 275831096 kB
2026-02-23 14:59:43.728993 (2956466) main____ INFO      committed address space: 468931400 kB
2026-02-23 14:59:43.728997 (2956466) main____ INFO    ----------------------------------------
2026-02-23 14:59:43.729769 (2956466) main____ INFO    Important environment variables:
2026-02-23 14:59:43.729783 (2956466) main____ INFO      JASPER_HOME       : '/usr/licensed/cadence-20210126/jasper_2021.03'
2026-02-23 14:59:43.729789 (2956466) main____ INFO      JASPER_INSTALL_DIR: '/scratch/gpfs/LICENSED/x86_64/cadence-20210126/jasper_2021.03'
2026-02-23 14:59:43.729794 (2956466) main____ INFO      LANG              : 'en_US.UTF-8'
2026-02-23 14:59:43.729798 (2956466) main____ INFO      LM_LICENSE_FILE   : '5280@license.rc.princeton.edu'
2026-02-23 14:59:43.729802 (2956466) main____ INFO      TMPDIR            : '/tmp/ab2113/jg_5019198_87'
2026-02-23 14:59:43.729806 (2956466) main____ INFO    ----------------------------------------
2026-02-23 14:59:43.730519 (2956466) lic_core INFO    Initializing license system ...
2026-02-23 14:59:43.731175 (2956466) lic_core INFO    ... license system initialized.
2026-02-23 14:59:43.732041 (2956466) lic__man INFO    Claim 'fpv' for <ui>.
2026-02-23 14:59:43.732076 (2956466) lic_core INFO    (1) checking out 'jasper_fpv' ...
2026-02-23 14:59:43.738006 (2956466) lic_core INFO    ... (1) checkout failed (error: -5) ("FLEXnet ERROR(-5, 0, 0): No such feature exists.")
2026-02-23 14:59:43.738054 (2956466) lic_core INFO    (2) checking out 'jasper_fao' ...
2026-02-23 14:59:43.749390 (2956466) lic_core INFO    ... (2) checkout succeeded
2026-02-23 14:59:43.762665 (2956466) session_ INFO    Starting analysis session with session id 'session_0' (launcher: <local>) ...
2026-02-23 14:59:43.765280 (2956466) session_ INFO    Analysis session with session id 'session_0' started (pid: 2956474)
2026-02-23 14:59:44.384893 (2956466) session_ INFO    Analysis session 'session_0' connected to the console (host: 127.0.0.1:42728)
2026-02-23 14:59:45.242866 (2956466) lic__man INFO    Unclaim everything for 'session_0'.
2026-02-23 14:59:45.285564 (2956466) lic__man INFO    Claim 'fpv' for 'session_0'.
2026-02-23 14:59:45.285609 (2956466) lic__man INFO    Claim 'fpv' for 'session_0/prove-0'.
2026-02-23 14:59:45.511535 (2956466) lic__man INFO    Unclaim everything for 'session_0/prove-0'.
2026-02-23 14:59:45.567488 (2956466) main____ INFO    About to exit: request to exit with status 0 received from analysis session 'session_0'
2026-02-23 14:59:45.641788 (2956466) session_ INFO    Analysis session 'session_0' disconnected.
2026-02-23 14:59:45.641907 (2956466) lic__man INFO    Unclaim everything for 'session_0'.
2026-02-23 14:59:45.643566 (2956466) session_ INFO    Process for analysis session 'session_0' has exited with exit status '0'.
2026-02-23 14:59:47.509393 (2956466) lic_core INFO    (2) checkin jasper_fao
2026-02-23 14:59:47.511203 (2956466) main____ INFO    Exiting with status 0.
