2026-02-20 17:33:41.865183 (2532129) main____ INFO    ----------------------------------------
2026-02-20 17:33:41.865311 (2532129) main____ INFO    JasperGold version info
2026-02-20 17:33:41.865335 (2532129) main____ INFO      tool      : JasperGold 2021.03
2026-02-20 17:33:41.865344 (2532129) main____ INFO      version   : 2021.03 FCS 64 bits
2026-02-20 17:33:41.865349 (2532129) main____ INFO      build date: 2021.03.23 02:50:43 UTC
2026-02-20 17:33:41.865354 (2532129) main____ INFO    ----------------------------------------
2026-02-20 17:33:41.865357 (2532129) main____ INFO    Runtime info:
2026-02-20 17:33:41.865362 (2532129) main____ INFO      platform  : Linux 5.14.0-570.84.1.el9_6.x86_64 x86_64
2026-02-20 17:33:41.865368 (2532129) main____ INFO      hostname  : della-i13n22
2026-02-20 17:33:41.865373 (2532129) main____ INFO      pid       : 2532129
2026-02-20 17:33:41.865377 (2532129) main____ INFO      arguments : '-style' 'windows' '-batch' '-proj' 'verification_results/00242/jgproject' '-tcl' './jasper_verif_check.tcl'
2026-02-20 17:33:41.865391 (2532129) main____ INFO      locale    : UTF-8
2026-02-20 17:33:41.865395 (2532129) main____ INFO    ----------------------------------------
2026-02-20 17:33:41.865398 (2532129) main____ INFO    System resource limits info:
2026-02-20 17:33:41.865403 (2532129) main____ INFO      virtual memory: unlimited
2026-02-20 17:33:41.865406 (2532129) main____ INFO      cpu time      : unlimited
2026-02-20 17:33:41.865410 (2532129) main____ INFO      stack size    : unlimited
2026-02-20 17:33:41.865415 (2532129) main____ INFO      core file size: unlimited
2026-02-20 17:33:41.865422 (2532129) main____ INFO      open files    : 131072
2026-02-20 17:33:41.865426 (2532129) main____ INFO      file size     : unlimited
2026-02-20 17:33:41.865430 (2532129) main____ INFO    ----------------------------------------
2026-02-20 17:33:41.865434 (2532129) main____ INFO    Memory statistics:
2026-02-20 17:33:41.865438 (2532129) main____ INFO      total physical memory  : 394157548 kB
2026-02-20 17:33:41.865442 (2532129) main____ INFO      free physical memory   : 194590880 kB
2026-02-20 17:33:41.865446 (2532129) main____ INFO      committed address space: 164079328 kB
2026-02-20 17:33:41.865449 (2532129) main____ INFO    ----------------------------------------
2026-02-20 17:33:41.866351 (2532129) main____ INFO    Important environment variables:
2026-02-20 17:33:41.866368 (2532129) main____ INFO      JASPER_HOME       : '/usr/licensed/cadence-20210126/jasper_2021.03'
2026-02-20 17:33:41.866374 (2532129) main____ INFO      JASPER_INSTALL_DIR: '/scratch/gpfs/LICENSED/x86_64/cadence-20210126/jasper_2021.03'
2026-02-20 17:33:41.866379 (2532129) main____ INFO      LANG              : 'en_US.UTF-8'
2026-02-20 17:33:41.866392 (2532129) main____ INFO      LM_LICENSE_FILE   : '5280@license.rc.princeton.edu'
2026-02-20 17:33:41.866397 (2532129) main____ INFO      TMPDIR            : '/tmp'
2026-02-20 17:33:41.866401 (2532129) main____ INFO    ----------------------------------------
2026-02-20 17:33:41.867376 (2532129) lic_core INFO    Initializing license system ...
2026-02-20 17:33:41.868329 (2532129) lic_core INFO    ... license system initialized.
2026-02-20 17:33:41.869204 (2532129) lic__man INFO    Claim 'fpv' for <ui>.
2026-02-20 17:33:41.869255 (2532129) lic_core INFO    (1) checking out 'jasper_fpv' ...
2026-02-20 17:33:41.875340 (2532129) lic_core INFO    ... (1) checkout failed (error: -5) ("FLEXnet ERROR(-5, 0, 0): No such feature exists.")
2026-02-20 17:33:41.875411 (2532129) lic_core INFO    (2) checking out 'jasper_fao' ...
2026-02-20 17:33:41.885488 (2532129) lic_core INFO    ... (2) checkout succeeded
2026-02-20 17:33:41.899555 (2532129) session_ INFO    Starting analysis session with session id 'session_0' (launcher: <local>) ...
2026-02-20 17:33:41.902894 (2532129) session_ INFO    Analysis session with session id 'session_0' started (pid: 2532137)
2026-02-20 17:33:42.654391 (2532129) session_ INFO    Analysis session 'session_0' connected to the console (host: 127.0.0.1:57570)
2026-02-20 17:33:43.233495 (2532129) main____ INFO    About to exit: request to exit with status 1 received from analysis session 'session_0'
2026-02-20 17:33:43.326706 (2532129) session_ INFO    Analysis session 'session_0' disconnected.
2026-02-20 17:33:43.326845 (2532129) lic__man INFO    Unclaim everything for 'session_0'.
2026-02-20 17:33:43.327487 (2532129) session_ INFO    Process for analysis session 'session_0' has exited with exit status '1'.
2026-02-20 17:33:45.138121 (2532129) lic_core INFO    (2) checkin jasper_fao
2026-02-20 17:33:45.139473 (2532129) main____ INFO    Exiting with status 1.
