2026-02-20 16:48:55.320959 (2493374) main____ INFO    ----------------------------------------
2026-02-20 16:48:55.321059 (2493374) main____ INFO    JasperGold version info
2026-02-20 16:48:55.321080 (2493374) main____ INFO      tool      : JasperGold 2021.03
2026-02-20 16:48:55.321088 (2493374) main____ INFO      version   : 2021.03 FCS 64 bits
2026-02-20 16:48:55.321093 (2493374) main____ INFO      build date: 2021.03.23 02:50:43 UTC
2026-02-20 16:48:55.321097 (2493374) main____ INFO    ----------------------------------------
2026-02-20 16:48:55.321101 (2493374) main____ INFO    Runtime info:
2026-02-20 16:48:55.321106 (2493374) main____ INFO      platform  : Linux 5.14.0-570.84.1.el9_6.x86_64 x86_64
2026-02-20 16:48:55.321111 (2493374) main____ INFO      hostname  : della-i13n22
2026-02-20 16:48:55.321116 (2493374) main____ INFO      pid       : 2493374
2026-02-20 16:48:55.321120 (2493374) main____ INFO      arguments : '-style' 'windows' '-batch' '-proj' 'verification_results/00057/jgproject' '-tcl' './jasper_verif_check.tcl'
2026-02-20 16:48:55.321128 (2493374) main____ INFO      locale    : UTF-8
2026-02-20 16:48:55.321132 (2493374) main____ INFO    ----------------------------------------
2026-02-20 16:48:55.321135 (2493374) main____ INFO    System resource limits info:
2026-02-20 16:48:55.321140 (2493374) main____ INFO      virtual memory: unlimited
2026-02-20 16:48:55.321143 (2493374) main____ INFO      cpu time      : unlimited
2026-02-20 16:48:55.321147 (2493374) main____ INFO      stack size    : unlimited
2026-02-20 16:48:55.321151 (2493374) main____ INFO      core file size: unlimited
2026-02-20 16:48:55.321158 (2493374) main____ INFO      open files    : 131072
2026-02-20 16:48:55.321162 (2493374) main____ INFO      file size     : unlimited
2026-02-20 16:48:55.321166 (2493374) main____ INFO    ----------------------------------------
2026-02-20 16:48:55.321169 (2493374) main____ INFO    Memory statistics:
2026-02-20 16:48:55.321173 (2493374) main____ INFO      total physical memory  : 394157548 kB
2026-02-20 16:48:55.321177 (2493374) main____ INFO      free physical memory   : 207271456 kB
2026-02-20 16:48:55.321181 (2493374) main____ INFO      committed address space: 150684696 kB
2026-02-20 16:48:55.321184 (2493374) main____ INFO    ----------------------------------------
2026-02-20 16:48:55.322069 (2493374) main____ INFO    Important environment variables:
2026-02-20 16:48:55.322088 (2493374) main____ INFO      JASPER_HOME       : '/usr/licensed/cadence-20210126/jasper_2021.03'
2026-02-20 16:48:55.322094 (2493374) main____ INFO      JASPER_INSTALL_DIR: '/scratch/gpfs/LICENSED/x86_64/cadence-20210126/jasper_2021.03'
2026-02-20 16:48:55.322099 (2493374) main____ INFO      LANG              : 'en_US.UTF-8'
2026-02-20 16:48:55.322104 (2493374) main____ INFO      LM_LICENSE_FILE   : '5280@license.rc.princeton.edu'
2026-02-20 16:48:55.322108 (2493374) main____ INFO      TMPDIR            : '/tmp'
2026-02-20 16:48:55.322112 (2493374) main____ INFO    ----------------------------------------
2026-02-20 16:48:55.322992 (2493374) lic_core INFO    Initializing license system ...
2026-02-20 16:48:55.323851 (2493374) lic_core INFO    ... license system initialized.
2026-02-20 16:48:55.324611 (2493374) lic__man INFO    Claim 'fpv' for <ui>.
2026-02-20 16:48:55.324650 (2493374) lic_core INFO    (1) checking out 'jasper_fpv' ...
2026-02-20 16:48:55.330535 (2493374) lic_core INFO    ... (1) checkout failed (error: -5) ("FLEXnet ERROR(-5, 0, 0): No such feature exists.")
2026-02-20 16:48:55.330587 (2493374) lic_core INFO    (2) checking out 'jasper_fao' ...
2026-02-20 16:48:55.340994 (2493374) lic_core INFO    ... (2) checkout succeeded
2026-02-20 16:48:55.355333 (2493374) session_ INFO    Starting analysis session with session id 'session_0' (launcher: <local>) ...
2026-02-20 16:48:55.358367 (2493374) session_ INFO    Analysis session with session id 'session_0' started (pid: 2493382)
2026-02-20 16:48:56.078198 (2493374) session_ INFO    Analysis session 'session_0' connected to the console (host: 127.0.0.1:44132)
2026-02-20 16:48:56.907173 (2493374) lic__man INFO    Unclaim everything for 'session_0'.
2026-02-20 16:48:56.950938 (2493374) lic__man INFO    Claim 'fpv' for 'session_0'.
2026-02-20 16:48:56.950990 (2493374) lic__man INFO    Claim 'fpv' for 'session_0/prove-0'.
2026-02-20 16:48:57.073330 (2493374) lic__man INFO    Unclaim everything for 'session_0/prove-0'.
2026-02-20 16:48:57.130500 (2493374) main____ INFO    About to exit: request to exit with status 0 received from analysis session 'session_0'
2026-02-20 16:48:57.223456 (2493374) session_ INFO    Analysis session 'session_0' disconnected.
2026-02-20 16:48:57.223590 (2493374) lic__man INFO    Unclaim everything for 'session_0'.
2026-02-20 16:48:57.224229 (2493374) session_ INFO    Process for analysis session 'session_0' has exited with exit status '0'.
2026-02-20 16:48:59.038530 (2493374) lic_core INFO    (2) checkin jasper_fao
2026-02-20 16:48:59.040333 (2493374) main____ INFO    Exiting with status 0.
