2026-02-23 13:40:17.276180 (4140800) main____ INFO    ----------------------------------------
2026-02-23 13:40:17.276276 (4140800) main____ INFO    JasperGold version info
2026-02-23 13:40:17.276295 (4140800) main____ INFO      tool      : JasperGold 2021.03
2026-02-23 13:40:17.276304 (4140800) main____ INFO      version   : 2021.03 FCS 64 bits
2026-02-23 13:40:17.276310 (4140800) main____ INFO      build date: 2021.03.23 02:50:43 UTC
2026-02-23 13:40:17.276314 (4140800) main____ INFO    ----------------------------------------
2026-02-23 13:40:17.276318 (4140800) main____ INFO    Runtime info:
2026-02-23 13:40:17.276323 (4140800) main____ INFO      platform  : Linux 5.14.0-570.84.1.el9_6.x86_64 x86_64
2026-02-23 13:40:17.276329 (4140800) main____ INFO      hostname  : della-r3c2n12
2026-02-23 13:40:17.276334 (4140800) main____ INFO      pid       : 4140800
2026-02-23 13:40:17.276338 (4140800) main____ INFO      arguments : '-style' 'windows' '-batch' '-proj' './verification_results/00893/jgproject' '-tcl' './jasper_verif_check.tcl'
2026-02-23 13:40:17.276346 (4140800) main____ INFO      locale    : UTF-8
2026-02-23 13:40:17.276351 (4140800) main____ INFO    ----------------------------------------
2026-02-23 13:40:17.276355 (4140800) main____ INFO    System resource limits info:
2026-02-23 13:40:17.276360 (4140800) main____ INFO      virtual memory: unlimited
2026-02-23 13:40:17.276364 (4140800) main____ INFO      cpu time      : unlimited
2026-02-23 13:40:17.276369 (4140800) main____ INFO      stack size    : unlimited
2026-02-23 13:40:17.276373 (4140800) main____ INFO      core file size: unlimited
2026-02-23 13:40:17.276380 (4140800) main____ INFO      open files    : 131072
2026-02-23 13:40:17.276385 (4140800) main____ INFO      file size     : unlimited
2026-02-23 13:40:17.276389 (4140800) main____ INFO    ----------------------------------------
2026-02-23 13:40:17.276393 (4140800) main____ INFO    Memory statistics:
2026-02-23 13:40:17.276398 (4140800) main____ INFO      total physical memory  : 195972072 kB
2026-02-23 13:40:17.276402 (4140800) main____ INFO      free physical memory   : 129138916 kB
2026-02-23 13:40:17.276406 (4140800) main____ INFO      committed address space: 42577548 kB
2026-02-23 13:40:17.276410 (4140800) main____ INFO    ----------------------------------------
2026-02-23 13:40:17.277385 (4140800) main____ INFO    Important environment variables:
2026-02-23 13:40:17.277406 (4140800) main____ INFO      JASPER_HOME       : '/usr/licensed/cadence-20210126/jasper_2021.03'
2026-02-23 13:40:17.277412 (4140800) main____ INFO      JASPER_INSTALL_DIR: '/scratch/gpfs/LICENSED/x86_64/cadence-20210126/jasper_2021.03'
2026-02-23 13:40:17.277418 (4140800) main____ INFO      LANG              : 'en_US.UTF-8'
2026-02-23 13:40:17.277423 (4140800) main____ INFO      LM_LICENSE_FILE   : '5280@license.rc.princeton.edu'
2026-02-23 13:40:17.277428 (4140800) main____ INFO      TMPDIR            : '/tmp/ab2113/jg_5018804_10'
2026-02-23 13:40:17.277432 (4140800) main____ INFO    ----------------------------------------
2026-02-23 13:40:17.277842 (4140800) lic_core INFO    Initializing license system ...
2026-02-23 13:40:17.278639 (4140800) lic_core INFO    ... license system initialized.
2026-02-23 13:40:17.279373 (4140800) lic__man INFO    Claim 'fpv' for <ui>.
2026-02-23 13:40:17.279410 (4140800) lic_core INFO    (1) checking out 'jasper_fpv' ...
2026-02-23 13:40:17.284811 (4140800) lic_core INFO    ... (1) checkout failed (error: -5) ("FLEXnet ERROR(-5, 0, 0): No such feature exists.")
2026-02-23 13:40:17.284873 (4140800) lic_core INFO    (2) checking out 'jasper_fao' ...
2026-02-23 13:40:17.295750 (4140800) lic_core INFO    ... (2) checkout succeeded
2026-02-23 13:40:17.310367 (4140800) session_ INFO    Starting analysis session with session id 'session_0' (launcher: <local>) ...
2026-02-23 13:40:17.313182 (4140800) session_ INFO    Analysis session with session id 'session_0' started (pid: 4140808)
2026-02-23 13:40:18.033608 (4140800) session_ INFO    Analysis session 'session_0' connected to the console (host: 127.0.0.1:60644)
2026-02-23 13:40:18.614072 (4140800) main____ INFO    About to exit: request to exit with status 1 received from analysis session 'session_0'
2026-02-23 13:40:18.699332 (4140800) session_ INFO    Analysis session 'session_0' disconnected.
2026-02-23 13:40:18.699474 (4140800) lic__man INFO    Unclaim everything for 'session_0'.
2026-02-23 13:40:18.700098 (4140800) session_ INFO    Process for analysis session 'session_0' has exited with exit status '1'.
2026-02-23 13:40:20.625200 (4140800) lic_core INFO    (2) checkin jasper_fao
2026-02-23 13:40:20.626462 (4140800) main____ INFO    Exiting with status 1.
