2026-02-20 17:54:07.185777 (2562274) main____ INFO    ----------------------------------------
2026-02-20 17:54:07.185884 (2562274) main____ INFO    JasperGold version info
2026-02-20 17:54:07.185904 (2562274) main____ INFO      tool      : JasperGold 2021.03
2026-02-20 17:54:07.185913 (2562274) main____ INFO      version   : 2021.03 FCS 64 bits
2026-02-20 17:54:07.185918 (2562274) main____ INFO      build date: 2021.03.23 02:50:43 UTC
2026-02-20 17:54:07.185922 (2562274) main____ INFO    ----------------------------------------
2026-02-20 17:54:07.185926 (2562274) main____ INFO    Runtime info:
2026-02-20 17:54:07.185930 (2562274) main____ INFO      platform  : Linux 5.14.0-570.84.1.el9_6.x86_64 x86_64
2026-02-20 17:54:07.185937 (2562274) main____ INFO      hostname  : della-i13n22
2026-02-20 17:54:07.185941 (2562274) main____ INFO      pid       : 2562274
2026-02-20 17:54:07.185945 (2562274) main____ INFO      arguments : '-style' 'windows' '-batch' '-proj' 'verification_results/00548/jgproject' '-tcl' './jasper_verif_check.tcl'
2026-02-20 17:54:07.185953 (2562274) main____ INFO      locale    : UTF-8
2026-02-20 17:54:07.185957 (2562274) main____ INFO    ----------------------------------------
2026-02-20 17:54:07.185961 (2562274) main____ INFO    System resource limits info:
2026-02-20 17:54:07.185965 (2562274) main____ INFO      virtual memory: unlimited
2026-02-20 17:54:07.185969 (2562274) main____ INFO      cpu time      : unlimited
2026-02-20 17:54:07.185973 (2562274) main____ INFO      stack size    : unlimited
2026-02-20 17:54:07.185977 (2562274) main____ INFO      core file size: unlimited
2026-02-20 17:54:07.185984 (2562274) main____ INFO      open files    : 131072
2026-02-20 17:54:07.185988 (2562274) main____ INFO      file size     : unlimited
2026-02-20 17:54:07.185992 (2562274) main____ INFO    ----------------------------------------
2026-02-20 17:54:07.185996 (2562274) main____ INFO    Memory statistics:
2026-02-20 17:54:07.186000 (2562274) main____ INFO      total physical memory  : 394157548 kB
2026-02-20 17:54:07.186004 (2562274) main____ INFO      free physical memory   : 187618340 kB
2026-02-20 17:54:07.186008 (2562274) main____ INFO      committed address space: 171390544 kB
2026-02-20 17:54:07.186011 (2562274) main____ INFO    ----------------------------------------
2026-02-20 17:54:07.186899 (2562274) main____ INFO    Important environment variables:
2026-02-20 17:54:07.186916 (2562274) main____ INFO      JASPER_HOME       : '/usr/licensed/cadence-20210126/jasper_2021.03'
2026-02-20 17:54:07.186923 (2562274) main____ INFO      JASPER_INSTALL_DIR: '/scratch/gpfs/LICENSED/x86_64/cadence-20210126/jasper_2021.03'
2026-02-20 17:54:07.186928 (2562274) main____ INFO      LANG              : 'en_US.UTF-8'
2026-02-20 17:54:07.186933 (2562274) main____ INFO      LM_LICENSE_FILE   : '5280@license.rc.princeton.edu'
2026-02-20 17:54:07.186937 (2562274) main____ INFO      TMPDIR            : '/tmp'
2026-02-20 17:54:07.186941 (2562274) main____ INFO    ----------------------------------------
2026-02-20 17:54:07.187859 (2562274) lic_core INFO    Initializing license system ...
2026-02-20 17:54:07.188753 (2562274) lic_core INFO    ... license system initialized.
2026-02-20 17:54:07.189525 (2562274) lic__man INFO    Claim 'fpv' for <ui>.
2026-02-20 17:54:07.189568 (2562274) lic_core INFO    (1) checking out 'jasper_fpv' ...
2026-02-20 17:54:07.195158 (2562274) lic_core INFO    ... (1) checkout failed (error: -5) ("FLEXnet ERROR(-5, 0, 0): No such feature exists.")
2026-02-20 17:54:07.195213 (2562274) lic_core INFO    (2) checking out 'jasper_fao' ...
2026-02-20 17:54:07.205596 (2562274) lic_core INFO    ... (2) checkout succeeded
2026-02-20 17:54:07.220918 (2562274) session_ INFO    Starting analysis session with session id 'session_0' (launcher: <local>) ...
2026-02-20 17:54:07.224051 (2562274) session_ INFO    Analysis session with session id 'session_0' started (pid: 2562282)
2026-02-20 17:54:07.977857 (2562274) session_ INFO    Analysis session 'session_0' connected to the console (host: 127.0.0.1:47494)
2026-02-20 17:54:08.596530 (2562274) main____ INFO    About to exit: request to exit with status 1 received from analysis session 'session_0'
2026-02-20 17:54:08.688936 (2562274) session_ INFO    Analysis session 'session_0' disconnected.
2026-02-20 17:54:08.689101 (2562274) lic__man INFO    Unclaim everything for 'session_0'.
2026-02-20 17:54:08.689753 (2562274) session_ INFO    Process for analysis session 'session_0' has exited with exit status '1'.
2026-02-20 17:54:10.538848 (2562274) lic_core INFO    (2) checkin jasper_fao
2026-02-20 17:54:10.540463 (2562274) main____ INFO    Exiting with status 1.
