2026-02-23 13:56:17.365758 (3184467) main____ INFO    ----------------------------------------
2026-02-23 13:56:17.365835 (3184467) main____ INFO    JasperGold version info
2026-02-23 13:56:17.365850 (3184467) main____ INFO      tool      : JasperGold 2021.03
2026-02-23 13:56:17.365858 (3184467) main____ INFO      version   : 2021.03 FCS 64 bits
2026-02-23 13:56:17.365865 (3184467) main____ INFO      build date: 2021.03.23 02:50:43 UTC
2026-02-23 13:56:17.365869 (3184467) main____ INFO    ----------------------------------------
2026-02-23 13:56:17.365873 (3184467) main____ INFO    Runtime info:
2026-02-23 13:56:17.365878 (3184467) main____ INFO      platform  : Linux 5.14.0-570.84.1.el9_6.x86_64 x86_64
2026-02-23 13:56:17.365885 (3184467) main____ INFO      hostname  : della-r3c3n1
2026-02-23 13:56:17.365890 (3184467) main____ INFO      pid       : 3184467
2026-02-23 13:56:17.365894 (3184467) main____ INFO      arguments : '-style' 'windows' '-batch' '-proj' './verification_results/03996/jgproject' '-tcl' './jasper_verif_check.tcl'
2026-02-23 13:56:17.365902 (3184467) main____ INFO      locale    : UTF-8
2026-02-23 13:56:17.365906 (3184467) main____ INFO    ----------------------------------------
2026-02-23 13:56:17.365911 (3184467) main____ INFO    System resource limits info:
2026-02-23 13:56:17.365917 (3184467) main____ INFO      virtual memory: unlimited
2026-02-23 13:56:17.365922 (3184467) main____ INFO      cpu time      : unlimited
2026-02-23 13:56:17.365926 (3184467) main____ INFO      stack size    : unlimited
2026-02-23 13:56:17.365931 (3184467) main____ INFO      core file size: unlimited
2026-02-23 13:56:17.365939 (3184467) main____ INFO      open files    : 131072
2026-02-23 13:56:17.365943 (3184467) main____ INFO      file size     : unlimited
2026-02-23 13:56:17.365947 (3184467) main____ INFO    ----------------------------------------
2026-02-23 13:56:17.365953 (3184467) main____ INFO    Memory statistics:
2026-02-23 13:56:17.365958 (3184467) main____ INFO      total physical memory  : 195972176 kB
2026-02-23 13:56:17.365962 (3184467) main____ INFO      free physical memory   : 119053688 kB
2026-02-23 13:56:17.365966 (3184467) main____ INFO      committed address space: 22679468 kB
2026-02-23 13:56:17.365972 (3184467) main____ INFO    ----------------------------------------
2026-02-23 13:56:17.366939 (3184467) main____ INFO    Important environment variables:
2026-02-23 13:56:17.366953 (3184467) main____ INFO      JASPER_HOME       : '/usr/licensed/cadence-20210126/jasper_2021.03'
2026-02-23 13:56:17.366960 (3184467) main____ INFO      JASPER_INSTALL_DIR: '/scratch/gpfs/LICENSED/x86_64/cadence-20210126/jasper_2021.03'
2026-02-23 13:56:17.366966 (3184467) main____ INFO      LANG              : 'en_US.UTF-8'
2026-02-23 13:56:17.366972 (3184467) main____ INFO      LM_LICENSE_FILE   : '5280@license.rc.princeton.edu'
2026-02-23 13:56:17.366978 (3184467) main____ INFO      TMPDIR            : '/tmp/ab2113/jg_5019091_72'
2026-02-23 13:56:17.366982 (3184467) main____ INFO    ----------------------------------------
2026-02-23 13:56:17.367746 (3184467) lic_core INFO    Initializing license system ...
2026-02-23 13:56:17.368511 (3184467) lic_core INFO    ... license system initialized.
2026-02-23 13:56:17.369190 (3184467) lic__man INFO    Claim 'fpv' for <ui>.
2026-02-23 13:56:17.369225 (3184467) lic_core INFO    (1) checking out 'jasper_fpv' ...
2026-02-23 13:56:17.374482 (3184467) lic_core INFO    ... (1) checkout failed (error: -5) ("FLEXnet ERROR(-5, 0, 0): No such feature exists.")
2026-02-23 13:56:17.374508 (3184467) lic_core INFO    (2) checking out 'jasper_fao' ...
2026-02-23 13:56:17.384668 (3184467) lic_core INFO    ... (2) checkout succeeded
2026-02-23 13:56:17.398987 (3184467) session_ INFO    Starting analysis session with session id 'session_0' (launcher: <local>) ...
2026-02-23 13:56:17.401565 (3184467) session_ INFO    Analysis session with session id 'session_0' started (pid: 3184475)
2026-02-23 13:56:18.092448 (3184467) session_ INFO    Analysis session 'session_0' connected to the console (host: 127.0.0.1:60730)
2026-02-23 13:56:18.909879 (3184467) lic__man INFO    Unclaim everything for 'session_0'.
2026-02-23 13:56:18.968460 (3184467) main____ INFO    About to exit: request to exit with status 3 received from analysis session 'session_0'
2026-02-23 13:56:19.034834 (3184467) session_ INFO    Analysis session 'session_0' disconnected.
2026-02-23 13:56:19.034949 (3184467) lic__man INFO    Unclaim everything for 'session_0'.
2026-02-23 13:56:19.035764 (3184467) session_ INFO    Process for analysis session 'session_0' has exited with exit status '3'.
2026-02-23 13:56:21.073770 (3184467) lic_core INFO    (2) checkin jasper_fao
2026-02-23 13:56:21.074912 (3184467) main____ INFO    Exiting with status 3.
