2026-02-23 13:41:34.443871 (1474916) main____ INFO    ----------------------------------------
2026-02-23 13:41:34.443959 (1474916) main____ INFO    JasperGold version info
2026-02-23 13:41:34.443979 (1474916) main____ INFO      tool      : JasperGold 2021.03
2026-02-23 13:41:34.443990 (1474916) main____ INFO      version   : 2021.03 FCS 64 bits
2026-02-23 13:41:34.443996 (1474916) main____ INFO      build date: 2021.03.23 02:50:43 UTC
2026-02-23 13:41:34.444003 (1474916) main____ INFO    ----------------------------------------
2026-02-23 13:41:34.444009 (1474916) main____ INFO    Runtime info:
2026-02-23 13:41:34.444015 (1474916) main____ INFO      platform  : Linux 5.14.0-570.84.1.el9_6.x86_64 x86_64
2026-02-23 13:41:34.444021 (1474916) main____ INFO      hostname  : della-h14n5
2026-02-23 13:41:34.444028 (1474916) main____ INFO      pid       : 1474916
2026-02-23 13:41:34.444035 (1474916) main____ INFO      arguments : '-style' 'windows' '-batch' '-proj' './verification_results/01198/jgproject' '-tcl' './jasper_verif_check.tcl'
2026-02-23 13:41:34.444044 (1474916) main____ INFO      locale    : UTF-8
2026-02-23 13:41:34.444050 (1474916) main____ INFO    ----------------------------------------
2026-02-23 13:41:34.444055 (1474916) main____ INFO    System resource limits info:
2026-02-23 13:41:34.444060 (1474916) main____ INFO      virtual memory: unlimited
2026-02-23 13:41:34.444065 (1474916) main____ INFO      cpu time      : unlimited
2026-02-23 13:41:34.444072 (1474916) main____ INFO      stack size    : unlimited
2026-02-23 13:41:34.444077 (1474916) main____ INFO      core file size: unlimited
2026-02-23 13:41:34.444085 (1474916) main____ INFO      open files    : 131072
2026-02-23 13:41:34.444092 (1474916) main____ INFO      file size     : unlimited
2026-02-23 13:41:34.444098 (1474916) main____ INFO    ----------------------------------------
2026-02-23 13:41:34.444104 (1474916) main____ INFO    Memory statistics:
2026-02-23 13:41:34.444110 (1474916) main____ INFO      total physical memory  : 1584164368 kB
2026-02-23 13:41:34.444115 (1474916) main____ INFO      free physical memory   : 701138164 kB
2026-02-23 13:41:34.444120 (1474916) main____ INFO      committed address space: 533934788 kB
2026-02-23 13:41:34.444125 (1474916) main____ INFO    ----------------------------------------
2026-02-23 13:41:34.444674 (1474916) main____ INFO    Important environment variables:
2026-02-23 13:41:34.444689 (1474916) main____ INFO      JASPER_HOME       : '/usr/licensed/cadence-20210126/jasper_2021.03'
2026-02-23 13:41:34.444696 (1474916) main____ INFO      JASPER_INSTALL_DIR: '/scratch/gpfs/LICENSED/x86_64/cadence-20210126/jasper_2021.03'
2026-02-23 13:41:34.444702 (1474916) main____ INFO      LANG              : 'en_US.UTF-8'
2026-02-23 13:41:34.444710 (1474916) main____ INFO      LM_LICENSE_FILE   : '5280@license.rc.princeton.edu'
2026-02-23 13:41:34.444716 (1474916) main____ INFO      TMPDIR            : '/tmp/ab2113/jg_5018827_16'
2026-02-23 13:41:34.444721 (1474916) main____ INFO    ----------------------------------------
2026-02-23 13:41:34.445218 (1474916) lic_core INFO    Initializing license system ...
2026-02-23 13:41:34.445711 (1474916) lic_core INFO    ... license system initialized.
2026-02-23 13:41:34.446511 (1474916) lic__man INFO    Claim 'fpv' for <ui>.
2026-02-23 13:41:34.446544 (1474916) lic_core INFO    (1) checking out 'jasper_fpv' ...
2026-02-23 13:41:34.453094 (1474916) lic_core INFO    ... (1) checkout failed (error: -5) ("FLEXnet ERROR(-5, 0, 0): No such feature exists.")
2026-02-23 13:41:34.453122 (1474916) lic_core INFO    (2) checking out 'jasper_fao' ...
2026-02-23 13:41:34.462801 (1474916) lic_core INFO    ... (2) checkout succeeded
2026-02-23 13:41:34.473912 (1474916) session_ INFO    Starting analysis session with session id 'session_0' (launcher: <local>) ...
2026-02-23 13:41:34.476954 (1474916) session_ INFO    Analysis session with session id 'session_0' started (pid: 1474924)
2026-02-23 13:41:35.064559 (1474916) session_ INFO    Analysis session 'session_0' connected to the console (host: 127.0.0.1:40882)
2026-02-23 13:41:35.828951 (1474916) lic__man INFO    Unclaim everything for 'session_0'.
2026-02-23 13:41:35.886506 (1474916) main____ INFO    About to exit: request to exit with status 3 received from analysis session 'session_0'
2026-02-23 13:41:35.935769 (1474916) session_ INFO    Analysis session 'session_0' disconnected.
2026-02-23 13:41:35.935914 (1474916) lic__man INFO    Unclaim everything for 'session_0'.
2026-02-23 13:41:35.936546 (1474916) session_ INFO    Process for analysis session 'session_0' has exited with exit status '3'.
2026-02-23 13:41:37.992637 (1474916) lic_core INFO    (2) checkin jasper_fao
2026-02-23 13:41:37.994230 (1474916) main____ INFO    Exiting with status 3.
