2026-02-23 13:38:41.833183 (1134162) main____ INFO    ----------------------------------------
2026-02-23 13:38:41.833290 (1134162) main____ INFO    JasperGold version info
2026-02-23 13:38:41.833308 (1134162) main____ INFO      tool      : JasperGold 2021.03
2026-02-23 13:38:41.833318 (1134162) main____ INFO      version   : 2021.03 FCS 64 bits
2026-02-23 13:38:41.833323 (1134162) main____ INFO      build date: 2021.03.23 02:50:43 UTC
2026-02-23 13:38:41.833327 (1134162) main____ INFO    ----------------------------------------
2026-02-23 13:38:41.833331 (1134162) main____ INFO    Runtime info:
2026-02-23 13:38:41.833336 (1134162) main____ INFO      platform  : Linux 5.14.0-570.84.1.el9_6.x86_64 x86_64
2026-02-23 13:38:41.833341 (1134162) main____ INFO      hostname  : della-i13n20
2026-02-23 13:38:41.833346 (1134162) main____ INFO      pid       : 1134162
2026-02-23 13:38:41.833350 (1134162) main____ INFO      arguments : '-style' 'windows' '-batch' '-proj' './verification_results/00449/jgproject' '-tcl' './jasper_verif_check.tcl'
2026-02-23 13:38:41.833358 (1134162) main____ INFO      locale    : UTF-8
2026-02-23 13:38:41.833362 (1134162) main____ INFO    ----------------------------------------
2026-02-23 13:38:41.833366 (1134162) main____ INFO    System resource limits info:
2026-02-23 13:38:41.833371 (1134162) main____ INFO      virtual memory: unlimited
2026-02-23 13:38:41.833375 (1134162) main____ INFO      cpu time      : unlimited
2026-02-23 13:38:41.833379 (1134162) main____ INFO      stack size    : unlimited
2026-02-23 13:38:41.833383 (1134162) main____ INFO      core file size: unlimited
2026-02-23 13:38:41.833390 (1134162) main____ INFO      open files    : 131072
2026-02-23 13:38:41.833394 (1134162) main____ INFO      file size     : unlimited
2026-02-23 13:38:41.833398 (1134162) main____ INFO    ----------------------------------------
2026-02-23 13:38:41.833402 (1134162) main____ INFO    Memory statistics:
2026-02-23 13:38:41.833406 (1134162) main____ INFO      total physical memory  : 394157552 kB
2026-02-23 13:38:41.833410 (1134162) main____ INFO      free physical memory   : 163352292 kB
2026-02-23 13:38:41.833413 (1134162) main____ INFO      committed address space: 145129216 kB
2026-02-23 13:38:41.833417 (1134162) main____ INFO    ----------------------------------------
2026-02-23 13:38:41.834334 (1134162) main____ INFO    Important environment variables:
2026-02-23 13:38:41.834351 (1134162) main____ INFO      JASPER_HOME       : '/usr/licensed/cadence-20210126/jasper_2021.03'
2026-02-23 13:38:41.834358 (1134162) main____ INFO      JASPER_INSTALL_DIR: '/scratch/gpfs/LICENSED/x86_64/cadence-20210126/jasper_2021.03'
2026-02-23 13:38:41.834363 (1134162) main____ INFO      LANG              : 'en_US.UTF-8'
2026-02-23 13:38:41.834368 (1134162) main____ INFO      LM_LICENSE_FILE   : '5280@license.rc.princeton.edu'
2026-02-23 13:38:41.834373 (1134162) main____ INFO      TMPDIR            : '/tmp/ab2113/jg_5018698_2'
2026-02-23 13:38:41.834377 (1134162) main____ INFO    ----------------------------------------
2026-02-23 13:38:41.834897 (1134162) lic_core INFO    Initializing license system ...
2026-02-23 13:38:41.835391 (1134162) lic_core INFO    ... license system initialized.
2026-02-23 13:38:41.836195 (1134162) lic__man INFO    Claim 'fpv' for <ui>.
2026-02-23 13:38:41.836241 (1134162) lic_core INFO    (1) checking out 'jasper_fpv' ...
2026-02-23 13:38:41.842012 (1134162) lic_core INFO    ... (1) checkout failed (error: -5) ("FLEXnet ERROR(-5, 0, 0): No such feature exists.")
2026-02-23 13:38:41.842072 (1134162) lic_core INFO    (2) checking out 'jasper_fao' ...
2026-02-23 13:38:41.852417 (1134162) lic_core INFO    ... (2) checkout succeeded
2026-02-23 13:38:41.866572 (1134162) session_ INFO    Starting analysis session with session id 'session_0' (launcher: <local>) ...
2026-02-23 13:38:41.870116 (1134162) session_ INFO    Analysis session with session id 'session_0' started (pid: 1134170)
2026-02-23 13:38:42.595528 (1134162) session_ INFO    Analysis session 'session_0' connected to the console (host: 127.0.0.1:43594)
2026-02-23 13:38:43.432713 (1134162) lic__man INFO    Unclaim everything for 'session_0'.
2026-02-23 13:38:43.477910 (1134162) lic__man INFO    Claim 'fpv' for 'session_0'.
2026-02-23 13:38:43.477956 (1134162) lic__man INFO    Claim 'fpv' for 'session_0/prove-0'.
2026-02-23 13:38:43.617894 (1134162) lic__man INFO    Unclaim everything for 'session_0/prove-0'.
2026-02-23 13:38:43.675225 (1134162) main____ INFO    About to exit: request to exit with status 0 received from analysis session 'session_0'
2026-02-23 13:38:43.760836 (1134162) session_ INFO    Analysis session 'session_0' disconnected.
2026-02-23 13:38:43.760952 (1134162) lic__man INFO    Unclaim everything for 'session_0'.
2026-02-23 13:38:43.761575 (1134162) session_ INFO    Process for analysis session 'session_0' has exited with exit status '0'.
2026-02-23 13:38:45.582153 (1134162) lic_core INFO    (2) checkin jasper_fao
2026-02-23 13:38:45.583509 (1134162) main____ INFO    Exiting with status 0.
