2026-02-23 13:27:11.802781 (1422909) main____ INFO    ----------------------------------------
2026-02-23 13:27:11.802862 (1422909) main____ INFO    JasperGold version info
2026-02-23 13:27:11.802877 (1422909) main____ INFO      tool      : JasperGold 2021.03
2026-02-23 13:27:11.802889 (1422909) main____ INFO      version   : 2021.03 FCS 64 bits
2026-02-23 13:27:11.802896 (1422909) main____ INFO      build date: 2021.03.23 02:50:43 UTC
2026-02-23 13:27:11.802903 (1422909) main____ INFO    ----------------------------------------
2026-02-23 13:27:11.802909 (1422909) main____ INFO    Runtime info:
2026-02-23 13:27:11.802916 (1422909) main____ INFO      platform  : Linux 5.14.0-570.84.1.el9_6.x86_64 x86_64
2026-02-23 13:27:11.802923 (1422909) main____ INFO      hostname  : della-h14n5
2026-02-23 13:27:11.802931 (1422909) main____ INFO      pid       : 1422909
2026-02-23 13:27:11.802937 (1422909) main____ INFO      arguments : '-style' 'windows' '-batch' '-proj' './verification_results/00483/jgproject' '-tcl' './jasper_verif_check.tcl'
2026-02-23 13:27:11.802947 (1422909) main____ INFO      locale    : UTF-8
2026-02-23 13:27:11.802953 (1422909) main____ INFO    ----------------------------------------
2026-02-23 13:27:11.802959 (1422909) main____ INFO    System resource limits info:
2026-02-23 13:27:11.802964 (1422909) main____ INFO      virtual memory: unlimited
2026-02-23 13:27:11.802971 (1422909) main____ INFO      cpu time      : unlimited
2026-02-23 13:27:11.802976 (1422909) main____ INFO      stack size    : unlimited
2026-02-23 13:27:11.802983 (1422909) main____ INFO      core file size: unlimited
2026-02-23 13:27:11.802990 (1422909) main____ INFO      open files    : 131072
2026-02-23 13:27:11.802996 (1422909) main____ INFO      file size     : unlimited
2026-02-23 13:27:11.803002 (1422909) main____ INFO    ----------------------------------------
2026-02-23 13:27:11.803008 (1422909) main____ INFO    Memory statistics:
2026-02-23 13:27:11.803014 (1422909) main____ INFO      total physical memory  : 1584164368 kB
2026-02-23 13:27:11.803021 (1422909) main____ INFO      free physical memory   : 699235148 kB
2026-02-23 13:27:11.803028 (1422909) main____ INFO      committed address space: 535258024 kB
2026-02-23 13:27:11.803033 (1422909) main____ INFO    ----------------------------------------
2026-02-23 13:27:11.803590 (1422909) main____ INFO    Important environment variables:
2026-02-23 13:27:11.803614 (1422909) main____ INFO      JASPER_HOME       : '/usr/licensed/cadence-20210126/jasper_2021.03'
2026-02-23 13:27:11.803623 (1422909) main____ INFO      JASPER_INSTALL_DIR: '/scratch/gpfs/LICENSED/x86_64/cadence-20210126/jasper_2021.03'
2026-02-23 13:27:11.803631 (1422909) main____ INFO      LANG              : 'en_US.UTF-8'
2026-02-23 13:27:11.803639 (1422909) main____ INFO      LM_LICENSE_FILE   : '5280@license.rc.princeton.edu'
2026-02-23 13:27:11.803646 (1422909) main____ INFO      TMPDIR            : '/tmp/ab2113/jg_5018479_271'
2026-02-23 13:27:11.803654 (1422909) main____ INFO    ----------------------------------------
2026-02-23 13:27:11.804817 (1422909) lic_core INFO    Initializing license system ...
2026-02-23 13:27:11.808135 (1422909) lic_core INFO    ... license system initialized.
2026-02-23 13:27:11.809882 (1422909) lic__man INFO    Claim 'fpv' for <ui>.
2026-02-23 13:27:11.809993 (1422909) lic_core INFO    (1) checking out 'jasper_fpv' ...
2026-02-23 13:27:11.816090 (1422909) lic_core INFO    ... (1) checkout failed (error: -5) ("FLEXnet ERROR(-5, 0, 0): No such feature exists.")
2026-02-23 13:27:11.816127 (1422909) lic_core INFO    (2) checking out 'jasper_fao' ...
2026-02-23 13:27:11.825120 (1422909) lic_core INFO    ... (2) checkout succeeded
2026-02-23 13:27:11.839765 (1422909) session_ INFO    Starting analysis session with session id 'session_0' (launcher: <local>) ...
2026-02-23 13:27:11.842953 (1422909) session_ INFO    Analysis session with session id 'session_0' started (pid: 1422925)
2026-02-23 13:27:12.580993 (1422909) session_ INFO    Analysis session 'session_0' connected to the console (host: 127.0.0.1:53834)
2026-02-23 13:27:13.516529 (1422909) main____ INFO    About to exit: request to exit with status 1 received from analysis session 'session_0'
2026-02-23 13:27:13.568902 (1422909) session_ INFO    Analysis session 'session_0' disconnected.
2026-02-23 13:27:13.569031 (1422909) lic__man INFO    Unclaim everything for 'session_0'.
2026-02-23 13:27:13.570046 (1422909) session_ INFO    Process for analysis session 'session_0' has exited with exit status '1'.
2026-02-23 13:27:15.586157 (1422909) lic_core INFO    (2) checkin jasper_fao
2026-02-23 13:27:15.587656 (1422909) main____ INFO    Exiting with status 1.
