2026-02-23 14:46:26.473528 (17720) main____ INFO    ----------------------------------------
2026-02-23 14:46:26.473639 (17720) main____ INFO    JasperGold version info
2026-02-23 14:46:26.473658 (17720) main____ INFO      tool      : JasperGold 2021.03
2026-02-23 14:46:26.473667 (17720) main____ INFO      version   : 2021.03 FCS 64 bits
2026-02-23 14:46:26.473672 (17720) main____ INFO      build date: 2021.03.23 02:50:43 UTC
2026-02-23 14:46:26.473677 (17720) main____ INFO    ----------------------------------------
2026-02-23 14:46:26.473681 (17720) main____ INFO    Runtime info:
2026-02-23 14:46:26.473685 (17720) main____ INFO      platform  : Linux 5.14.0-570.84.1.el9_6.x86_64 x86_64
2026-02-23 14:46:26.473691 (17720) main____ INFO      hostname  : della-r3c2n6
2026-02-23 14:46:26.473696 (17720) main____ INFO      pid       : 17720
2026-02-23 14:46:26.473700 (17720) main____ INFO      arguments : '-style' 'windows' '-batch' '-proj' './verification_results/02112/jgproject' '-tcl' './jasper_verif_check.tcl'
2026-02-23 14:46:26.473708 (17720) main____ INFO      locale    : UTF-8
2026-02-23 14:46:26.473712 (17720) main____ INFO    ----------------------------------------
2026-02-23 14:46:26.473716 (17720) main____ INFO    System resource limits info:
2026-02-23 14:46:26.473721 (17720) main____ INFO      virtual memory: unlimited
2026-02-23 14:46:26.473725 (17720) main____ INFO      cpu time      : unlimited
2026-02-23 14:46:26.473729 (17720) main____ INFO      stack size    : unlimited
2026-02-23 14:46:26.473733 (17720) main____ INFO      core file size: unlimited
2026-02-23 14:46:26.473741 (17720) main____ INFO      open files    : 131072
2026-02-23 14:46:26.473745 (17720) main____ INFO      file size     : unlimited
2026-02-23 14:46:26.473749 (17720) main____ INFO    ----------------------------------------
2026-02-23 14:46:26.473753 (17720) main____ INFO    Memory statistics:
2026-02-23 14:46:26.473757 (17720) main____ INFO      total physical memory  : 195972160 kB
2026-02-23 14:46:26.473761 (17720) main____ INFO      free physical memory   : 164746900 kB
2026-02-23 14:46:26.473766 (17720) main____ INFO      committed address space: 34996528 kB
2026-02-23 14:46:26.473769 (17720) main____ INFO    ----------------------------------------
2026-02-23 14:46:26.474750 (17720) main____ INFO    Important environment variables:
2026-02-23 14:46:26.474769 (17720) main____ INFO      JASPER_HOME       : '/usr/licensed/cadence-20210126/jasper_2021.03'
2026-02-23 14:46:26.474775 (17720) main____ INFO      JASPER_INSTALL_DIR: '/scratch/gpfs/LICENSED/x86_64/cadence-20210126/jasper_2021.03'
2026-02-23 14:46:26.474781 (17720) main____ INFO      LANG              : 'en_US.UTF-8'
2026-02-23 14:46:26.474786 (17720) main____ INFO      LM_LICENSE_FILE   : '5280@license.rc.princeton.edu'
2026-02-23 14:46:26.474791 (17720) main____ INFO      TMPDIR            : '/tmp/ab2113/jg_5018893_34'
2026-02-23 14:46:26.474795 (17720) main____ INFO    ----------------------------------------
2026-02-23 14:46:26.475651 (17720) lic_core INFO    Initializing license system ...
2026-02-23 14:46:26.476531 (17720) lic_core INFO    ... license system initialized.
2026-02-23 14:46:26.477320 (17720) lic__man INFO    Claim 'fpv' for <ui>.
2026-02-23 14:46:26.477363 (17720) lic_core INFO    (1) checking out 'jasper_fpv' ...
2026-02-23 14:46:26.483577 (17720) lic_core INFO    ... (1) checkout failed (error: -5) ("FLEXnet ERROR(-5, 0, 0): No such feature exists.")
2026-02-23 14:46:26.483639 (17720) lic_core INFO    (2) checking out 'jasper_fao' ...
2026-02-23 14:46:26.494210 (17720) lic_core INFO    ... (2) checkout succeeded
2026-02-23 14:46:26.509430 (17720) session_ INFO    Starting analysis session with session id 'session_0' (launcher: <local>) ...
2026-02-23 14:46:26.512289 (17720) session_ INFO    Analysis session with session id 'session_0' started (pid: 17728)
2026-02-23 14:46:27.231331 (17720) session_ INFO    Analysis session 'session_0' connected to the console (host: 127.0.0.1:49654)
2026-02-23 14:46:27.833300 (17720) main____ INFO    About to exit: request to exit with status 1 received from analysis session 'session_0'
2026-02-23 14:46:27.912100 (17720) session_ INFO    Analysis session 'session_0' disconnected.
2026-02-23 14:46:27.912294 (17720) lic__man INFO    Unclaim everything for 'session_0'.
2026-02-23 14:46:27.912839 (17720) session_ INFO    Process for analysis session 'session_0' has exited with exit status '1'.
2026-02-23 14:46:29.737747 (17720) lic_core INFO    (2) checkin jasper_fao
2026-02-23 14:46:29.739256 (17720) main____ INFO    Exiting with status 1.
