2026-02-20 17:42:09.353664 (2545774) main____ INFO    ----------------------------------------
2026-02-20 17:42:09.353770 (2545774) main____ INFO    JasperGold version info
2026-02-20 17:42:09.353790 (2545774) main____ INFO      tool      : JasperGold 2021.03
2026-02-20 17:42:09.353799 (2545774) main____ INFO      version   : 2021.03 FCS 64 bits
2026-02-20 17:42:09.353804 (2545774) main____ INFO      build date: 2021.03.23 02:50:43 UTC
2026-02-20 17:42:09.353809 (2545774) main____ INFO    ----------------------------------------
2026-02-20 17:42:09.353813 (2545774) main____ INFO    Runtime info:
2026-02-20 17:42:09.353817 (2545774) main____ INFO      platform  : Linux 5.14.0-570.84.1.el9_6.x86_64 x86_64
2026-02-20 17:42:09.353822 (2545774) main____ INFO      hostname  : della-i13n22
2026-02-20 17:42:09.353827 (2545774) main____ INFO      pid       : 2545774
2026-02-20 17:42:09.353831 (2545774) main____ INFO      arguments : '-style' 'windows' '-batch' '-proj' 'verification_results/00371/jgproject' '-tcl' './jasper_verif_check.tcl'
2026-02-20 17:42:09.353839 (2545774) main____ INFO      locale    : UTF-8
2026-02-20 17:42:09.353843 (2545774) main____ INFO    ----------------------------------------
2026-02-20 17:42:09.353847 (2545774) main____ INFO    System resource limits info:
2026-02-20 17:42:09.353851 (2545774) main____ INFO      virtual memory: unlimited
2026-02-20 17:42:09.353855 (2545774) main____ INFO      cpu time      : unlimited
2026-02-20 17:42:09.353859 (2545774) main____ INFO      stack size    : unlimited
2026-02-20 17:42:09.353863 (2545774) main____ INFO      core file size: unlimited
2026-02-20 17:42:09.353870 (2545774) main____ INFO      open files    : 131072
2026-02-20 17:42:09.353874 (2545774) main____ INFO      file size     : unlimited
2026-02-20 17:42:09.353877 (2545774) main____ INFO    ----------------------------------------
2026-02-20 17:42:09.353881 (2545774) main____ INFO    Memory statistics:
2026-02-20 17:42:09.353885 (2545774) main____ INFO      total physical memory  : 394157548 kB
2026-02-20 17:42:09.353889 (2545774) main____ INFO      free physical memory   : 190149788 kB
2026-02-20 17:42:09.353893 (2545774) main____ INFO      committed address space: 168629572 kB
2026-02-20 17:42:09.353897 (2545774) main____ INFO    ----------------------------------------
2026-02-20 17:42:09.354776 (2545774) main____ INFO    Important environment variables:
2026-02-20 17:42:09.354794 (2545774) main____ INFO      JASPER_HOME       : '/usr/licensed/cadence-20210126/jasper_2021.03'
2026-02-20 17:42:09.354800 (2545774) main____ INFO      JASPER_INSTALL_DIR: '/scratch/gpfs/LICENSED/x86_64/cadence-20210126/jasper_2021.03'
2026-02-20 17:42:09.354805 (2545774) main____ INFO      LANG              : 'en_US.UTF-8'
2026-02-20 17:42:09.354810 (2545774) main____ INFO      LM_LICENSE_FILE   : '5280@license.rc.princeton.edu'
2026-02-20 17:42:09.354815 (2545774) main____ INFO      TMPDIR            : '/tmp'
2026-02-20 17:42:09.354819 (2545774) main____ INFO    ----------------------------------------
2026-02-20 17:42:09.355335 (2545774) lic_core INFO    Initializing license system ...
2026-02-20 17:42:09.355824 (2545774) lic_core INFO    ... license system initialized.
2026-02-20 17:42:09.356567 (2545774) lic__man INFO    Claim 'fpv' for <ui>.
2026-02-20 17:42:09.356605 (2545774) lic_core INFO    (1) checking out 'jasper_fpv' ...
2026-02-20 17:42:09.361883 (2545774) lic_core INFO    ... (1) checkout failed (error: -5) ("FLEXnet ERROR(-5, 0, 0): No such feature exists.")
2026-02-20 17:42:09.361946 (2545774) lic_core INFO    (2) checking out 'jasper_fao' ...
2026-02-20 17:42:09.372136 (2545774) lic_core INFO    ... (2) checkout succeeded
2026-02-20 17:42:09.386528 (2545774) session_ INFO    Starting analysis session with session id 'session_0' (launcher: <local>) ...
2026-02-20 17:42:09.389745 (2545774) session_ INFO    Analysis session with session id 'session_0' started (pid: 2545782)
2026-02-20 17:42:10.150060 (2545774) session_ INFO    Analysis session 'session_0' connected to the console (host: 127.0.0.1:39816)
2026-02-20 17:42:11.048829 (2545774) lic__man INFO    Unclaim everything for 'session_0'.
2026-02-20 17:42:11.114531 (2545774) lic__man INFO    Claim 'fpv' for 'session_0'.
2026-02-20 17:42:11.114583 (2545774) lic__man INFO    Claim 'fpv' for 'session_0/prove-0'.
2026-02-20 17:42:11.295046 (2545774) lic__man INFO    Unclaim everything for 'session_0/prove-0'.
2026-02-20 17:42:11.355499 (2545774) main____ INFO    About to exit: request to exit with status 0 received from analysis session 'session_0'
2026-02-20 17:42:11.455836 (2545774) session_ INFO    Analysis session 'session_0' disconnected.
2026-02-20 17:42:11.455973 (2545774) lic__man INFO    Unclaim everything for 'session_0'.
2026-02-20 17:42:11.456554 (2545774) session_ INFO    Process for analysis session 'session_0' has exited with exit status '0'.
2026-02-20 17:42:13.465549 (2545774) lic_core INFO    (2) checkin jasper_fao
2026-02-20 17:42:13.467320 (2545774) main____ INFO    Exiting with status 0.
