2026-02-23 13:52:42.225543 (520593) main____ INFO    ----------------------------------------
2026-02-23 13:52:42.225626 (520593) main____ INFO    JasperGold version info
2026-02-23 13:52:42.225641 (520593) main____ INFO      tool      : JasperGold 2021.03
2026-02-23 13:52:42.225650 (520593) main____ INFO      version   : 2021.03 FCS 64 bits
2026-02-23 13:52:42.225656 (520593) main____ INFO      build date: 2021.03.23 02:50:43 UTC
2026-02-23 13:52:42.225660 (520593) main____ INFO    ----------------------------------------
2026-02-23 13:52:42.225664 (520593) main____ INFO    Runtime info:
2026-02-23 13:52:42.225669 (520593) main____ INFO      platform  : Linux 5.14.0-570.84.1.el9_6.x86_64 x86_64
2026-02-23 13:52:42.225674 (520593) main____ INFO      hostname  : della-r3c2n9
2026-02-23 13:52:42.225679 (520593) main____ INFO      pid       : 520593
2026-02-23 13:52:42.225684 (520593) main____ INFO      arguments : '-style' 'windows' '-batch' '-proj' './verification_results/03451/jgproject' '-tcl' './jasper_verif_check.tcl'
2026-02-23 13:52:42.225691 (520593) main____ INFO      locale    : UTF-8
2026-02-23 13:52:42.225695 (520593) main____ INFO    ----------------------------------------
2026-02-23 13:52:42.225699 (520593) main____ INFO    System resource limits info:
2026-02-23 13:52:42.225704 (520593) main____ INFO      virtual memory: unlimited
2026-02-23 13:52:42.225708 (520593) main____ INFO      cpu time      : unlimited
2026-02-23 13:52:42.225713 (520593) main____ INFO      stack size    : unlimited
2026-02-23 13:52:42.225717 (520593) main____ INFO      core file size: unlimited
2026-02-23 13:52:42.225723 (520593) main____ INFO      open files    : 131072
2026-02-23 13:52:42.225728 (520593) main____ INFO      file size     : unlimited
2026-02-23 13:52:42.225732 (520593) main____ INFO    ----------------------------------------
2026-02-23 13:52:42.225736 (520593) main____ INFO    Memory statistics:
2026-02-23 13:52:42.225741 (520593) main____ INFO      total physical memory  : 195972072 kB
2026-02-23 13:52:42.225745 (520593) main____ INFO      free physical memory   : 68421316 kB
2026-02-23 13:52:42.225749 (520593) main____ INFO      committed address space: 59131712 kB
2026-02-23 13:52:42.225753 (520593) main____ INFO    ----------------------------------------
2026-02-23 13:52:42.226698 (520593) main____ INFO    Important environment variables:
2026-02-23 13:52:42.226712 (520593) main____ INFO      JASPER_HOME       : '/usr/licensed/cadence-20210126/jasper_2021.03'
2026-02-23 13:52:42.226718 (520593) main____ INFO      JASPER_INSTALL_DIR: '/scratch/gpfs/LICENSED/x86_64/cadence-20210126/jasper_2021.03'
2026-02-23 13:52:42.226724 (520593) main____ INFO      LANG              : 'en_US.UTF-8'
2026-02-23 13:52:42.226729 (520593) main____ INFO      LM_LICENSE_FILE   : '5280@license.rc.princeton.edu'
2026-02-23 13:52:42.226734 (520593) main____ INFO      TMPDIR            : '/tmp/ab2113/jg_5019008_61'
2026-02-23 13:52:42.226738 (520593) main____ INFO    ----------------------------------------
2026-02-23 13:52:42.227114 (520593) lic_core INFO    Initializing license system ...
2026-02-23 13:52:42.227864 (520593) lic_core INFO    ... license system initialized.
2026-02-23 13:52:42.228547 (520593) lic__man INFO    Claim 'fpv' for <ui>.
2026-02-23 13:52:42.228582 (520593) lic_core INFO    (1) checking out 'jasper_fpv' ...
2026-02-23 13:52:42.234054 (520593) lic_core INFO    ... (1) checkout failed (error: -5) ("FLEXnet ERROR(-5, 0, 0): No such feature exists.")
2026-02-23 13:52:42.234080 (520593) lic_core INFO    (2) checking out 'jasper_fao' ...
2026-02-23 13:52:42.244345 (520593) lic_core INFO    ... (2) checkout succeeded
2026-02-23 13:52:42.258296 (520593) session_ INFO    Starting analysis session with session id 'session_0' (launcher: <local>) ...
2026-02-23 13:52:42.260858 (520593) session_ INFO    Analysis session with session id 'session_0' started (pid: 520601)
2026-02-23 13:52:42.890410 (520593) session_ INFO    Analysis session 'session_0' connected to the console (host: 127.0.0.1:36554)
2026-02-23 13:52:43.402878 (520593) main____ INFO    About to exit: request to exit with status 1 received from analysis session 'session_0'
2026-02-23 13:52:43.473519 (520593) session_ INFO    Analysis session 'session_0' disconnected.
2026-02-23 13:52:43.473629 (520593) lic__man INFO    Unclaim everything for 'session_0'.
2026-02-23 13:52:43.474273 (520593) session_ INFO    Process for analysis session 'session_0' has exited with exit status '1'.
2026-02-23 13:52:45.508200 (520593) lic_core INFO    (2) checkin jasper_fao
2026-02-23 13:52:45.509530 (520593) main____ INFO    Exiting with status 1.
