2026-02-23 13:46:16.893720 (1947857) main____ INFO    ----------------------------------------
2026-02-23 13:46:16.893816 (1947857) main____ INFO    JasperGold version info
2026-02-23 13:46:16.893832 (1947857) main____ INFO      tool      : JasperGold 2021.03
2026-02-23 13:46:16.893842 (1947857) main____ INFO      version   : 2021.03 FCS 64 bits
2026-02-23 13:46:16.893847 (1947857) main____ INFO      build date: 2021.03.23 02:50:43 UTC
2026-02-23 13:46:16.893851 (1947857) main____ INFO    ----------------------------------------
2026-02-23 13:46:16.893855 (1947857) main____ INFO    Runtime info:
2026-02-23 13:46:16.893860 (1947857) main____ INFO      platform  : Linux 5.14.0-570.84.1.el9_6.x86_64 x86_64
2026-02-23 13:46:16.893865 (1947857) main____ INFO      hostname  : della-r3c1n5
2026-02-23 13:46:16.893870 (1947857) main____ INFO      pid       : 1947857
2026-02-23 13:46:16.893875 (1947857) main____ INFO      arguments : '-style' 'windows' '-batch' '-proj' './verification_results/01953/jgproject' '-tcl' './jasper_verif_check.tcl'
2026-02-23 13:46:16.893883 (1947857) main____ INFO      locale    : UTF-8
2026-02-23 13:46:16.893887 (1947857) main____ INFO    ----------------------------------------
2026-02-23 13:46:16.893891 (1947857) main____ INFO    System resource limits info:
2026-02-23 13:46:16.893896 (1947857) main____ INFO      virtual memory: unlimited
2026-02-23 13:46:16.893900 (1947857) main____ INFO      cpu time      : unlimited
2026-02-23 13:46:16.893904 (1947857) main____ INFO      stack size    : unlimited
2026-02-23 13:46:16.893909 (1947857) main____ INFO      core file size: unlimited
2026-02-23 13:46:16.893915 (1947857) main____ INFO      open files    : 131072
2026-02-23 13:46:16.893920 (1947857) main____ INFO      file size     : unlimited
2026-02-23 13:46:16.893924 (1947857) main____ INFO    ----------------------------------------
2026-02-23 13:46:16.893928 (1947857) main____ INFO    Memory statistics:
2026-02-23 13:46:16.893932 (1947857) main____ INFO      total physical memory  : 195972056 kB
2026-02-23 13:46:16.893936 (1947857) main____ INFO      free physical memory   : 110755340 kB
2026-02-23 13:46:16.893940 (1947857) main____ INFO      committed address space: 55193776 kB
2026-02-23 13:46:16.893944 (1947857) main____ INFO    ----------------------------------------
2026-02-23 13:46:16.894940 (1947857) main____ INFO    Important environment variables:
2026-02-23 13:46:16.894961 (1947857) main____ INFO      JASPER_HOME       : '/usr/licensed/cadence-20210126/jasper_2021.03'
2026-02-23 13:46:16.894967 (1947857) main____ INFO      JASPER_INSTALL_DIR: '/scratch/gpfs/LICENSED/x86_64/cadence-20210126/jasper_2021.03'
2026-02-23 13:46:16.894973 (1947857) main____ INFO      LANG              : 'en_US.UTF-8'
2026-02-23 13:46:16.894978 (1947857) main____ INFO      LM_LICENSE_FILE   : '5280@license.rc.princeton.edu'
2026-02-23 13:46:16.894983 (1947857) main____ INFO      TMPDIR            : '/tmp/ab2113/jg_5018879_31'
2026-02-23 13:46:16.894988 (1947857) main____ INFO    ----------------------------------------
2026-02-23 13:46:16.895484 (1947857) lic_core INFO    Initializing license system ...
2026-02-23 13:46:16.896334 (1947857) lic_core INFO    ... license system initialized.
2026-02-23 13:46:16.897141 (1947857) lic__man INFO    Claim 'fpv' for <ui>.
2026-02-23 13:46:16.897186 (1947857) lic_core INFO    (1) checking out 'jasper_fpv' ...
2026-02-23 13:46:16.903264 (1947857) lic_core INFO    ... (1) checkout failed (error: -5) ("FLEXnet ERROR(-5, 0, 0): No such feature exists.")
2026-02-23 13:46:16.903318 (1947857) lic_core INFO    (2) checking out 'jasper_fao' ...
2026-02-23 13:46:16.914129 (1947857) lic_core INFO    ... (2) checkout succeeded
2026-02-23 13:46:16.928487 (1947857) session_ INFO    Starting analysis session with session id 'session_0' (launcher: <local>) ...
2026-02-23 13:46:16.931539 (1947857) session_ INFO    Analysis session with session id 'session_0' started (pid: 1947865)
2026-02-23 13:46:17.640929 (1947857) session_ INFO    Analysis session 'session_0' connected to the console (host: 127.0.0.1:58700)
2026-02-23 13:46:18.225242 (1947857) main____ INFO    About to exit: request to exit with status 1 received from analysis session 'session_0'
2026-02-23 13:46:18.298489 (1947857) session_ INFO    Analysis session 'session_0' disconnected.
2026-02-23 13:46:18.298618 (1947857) lic__man INFO    Unclaim everything for 'session_0'.
2026-02-23 13:46:18.298965 (1947857) session_ INFO    Process for analysis session 'session_0' has exited with exit status '1'.
2026-02-23 13:46:20.129543 (1947857) lic_core INFO    (2) checkin jasper_fao
2026-02-23 13:46:20.130658 (1947857) main____ INFO    Exiting with status 1.
