2026-02-23 13:46:52.624441 (127966) main____ INFO    ----------------------------------------
2026-02-23 13:46:52.624525 (127966) main____ INFO    JasperGold version info
2026-02-23 13:46:52.624541 (127966) main____ INFO      tool      : JasperGold 2021.03
2026-02-23 13:46:52.624551 (127966) main____ INFO      version   : 2021.03 FCS 64 bits
2026-02-23 13:46:52.624557 (127966) main____ INFO      build date: 2021.03.23 02:50:43 UTC
2026-02-23 13:46:52.624563 (127966) main____ INFO    ----------------------------------------
2026-02-23 13:46:52.624569 (127966) main____ INFO    Runtime info:
2026-02-23 13:46:52.624575 (127966) main____ INFO      platform  : Linux 5.14.0-570.84.1.el9_6.x86_64 x86_64
2026-02-23 13:46:52.624582 (127966) main____ INFO      hostname  : della-h14n2
2026-02-23 13:46:52.624588 (127966) main____ INFO      pid       : 127966
2026-02-23 13:46:52.624593 (127966) main____ INFO      arguments : '-style' 'windows' '-batch' '-proj' './verification_results/02438/jgproject' '-tcl' './jasper_verif_check.tcl'
2026-02-23 13:46:52.624602 (127966) main____ INFO      locale    : UTF-8
2026-02-23 13:46:52.624608 (127966) main____ INFO    ----------------------------------------
2026-02-23 13:46:52.624613 (127966) main____ INFO    System resource limits info:
2026-02-23 13:46:52.624618 (127966) main____ INFO      virtual memory: unlimited
2026-02-23 13:46:52.624623 (127966) main____ INFO      cpu time      : unlimited
2026-02-23 13:46:52.624628 (127966) main____ INFO      stack size    : unlimited
2026-02-23 13:46:52.624634 (127966) main____ INFO      core file size: unlimited
2026-02-23 13:46:52.624642 (127966) main____ INFO      open files    : 131072
2026-02-23 13:46:52.624647 (127966) main____ INFO      file size     : unlimited
2026-02-23 13:46:52.624652 (127966) main____ INFO    ----------------------------------------
2026-02-23 13:46:52.624657 (127966) main____ INFO    Memory statistics:
2026-02-23 13:46:52.624663 (127966) main____ INFO      total physical memory  : 1584164328 kB
2026-02-23 13:46:52.624668 (127966) main____ INFO      free physical memory   : 739598588 kB
2026-02-23 13:46:52.624674 (127966) main____ INFO      committed address space: 681322724 kB
2026-02-23 13:46:52.624679 (127966) main____ INFO    ----------------------------------------
2026-02-23 13:46:52.625218 (127966) main____ INFO    Important environment variables:
2026-02-23 13:46:52.625233 (127966) main____ INFO      JASPER_HOME       : '/usr/licensed/cadence-20210126/jasper_2021.03'
2026-02-23 13:46:52.625239 (127966) main____ INFO      JASPER_INSTALL_DIR: '/scratch/gpfs/LICENSED/x86_64/cadence-20210126/jasper_2021.03'
2026-02-23 13:46:52.625245 (127966) main____ INFO      LANG              : 'en_US.UTF-8'
2026-02-23 13:46:52.625250 (127966) main____ INFO      LM_LICENSE_FILE   : '5280@license.rc.princeton.edu'
2026-02-23 13:46:52.625256 (127966) main____ INFO      TMPDIR            : '/tmp/ab2113/jg_5018913_41'
2026-02-23 13:46:52.625262 (127966) main____ INFO    ----------------------------------------
2026-02-23 13:46:52.625807 (127966) lic_core INFO    Initializing license system ...
2026-02-23 13:46:52.626330 (127966) lic_core INFO    ... license system initialized.
2026-02-23 13:46:52.627150 (127966) lic__man INFO    Claim 'fpv' for <ui>.
2026-02-23 13:46:52.627185 (127966) lic_core INFO    (1) checking out 'jasper_fpv' ...
2026-02-23 13:46:52.632910 (127966) lic_core INFO    ... (1) checkout failed (error: -5) ("FLEXnet ERROR(-5, 0, 0): No such feature exists.")
2026-02-23 13:46:52.632939 (127966) lic_core INFO    (2) checking out 'jasper_fao' ...
2026-02-23 13:46:52.641915 (127966) lic_core INFO    ... (2) checkout succeeded
2026-02-23 13:46:52.654510 (127966) session_ INFO    Starting analysis session with session id 'session_0' (launcher: <local>) ...
2026-02-23 13:46:52.657894 (127966) session_ INFO    Analysis session with session id 'session_0' started (pid: 128006)
2026-02-23 13:46:53.262740 (127966) session_ INFO    Analysis session 'session_0' connected to the console (host: 127.0.0.1:35554)
2026-02-23 13:46:53.777896 (127966) main____ INFO    About to exit: request to exit with status 1 received from analysis session 'session_0'
2026-02-23 13:46:53.828518 (127966) session_ INFO    Analysis session 'session_0' disconnected.
2026-02-23 13:46:53.828651 (127966) lic__man INFO    Unclaim everything for 'session_0'.
2026-02-23 13:46:53.829248 (127966) session_ INFO    Process for analysis session 'session_0' has exited with exit status '1'.
2026-02-23 13:46:55.883574 (127966) lic_core INFO    (2) checkin jasper_fao
2026-02-23 13:46:55.884778 (127966) main____ INFO    Exiting with status 1.
