2026-02-23 13:56:07.339607 (526137) main____ INFO    ----------------------------------------
2026-02-23 13:56:07.339676 (526137) main____ INFO    JasperGold version info
2026-02-23 13:56:07.339691 (526137) main____ INFO      tool      : JasperGold 2021.03
2026-02-23 13:56:07.339699 (526137) main____ INFO      version   : 2021.03 FCS 64 bits
2026-02-23 13:56:07.339703 (526137) main____ INFO      build date: 2021.03.23 02:50:43 UTC
2026-02-23 13:56:07.339708 (526137) main____ INFO    ----------------------------------------
2026-02-23 13:56:07.339712 (526137) main____ INFO    Runtime info:
2026-02-23 13:56:07.339717 (526137) main____ INFO      platform  : Linux 5.14.0-570.84.1.el9_6.x86_64 x86_64
2026-02-23 13:56:07.339722 (526137) main____ INFO      hostname  : della-r3c2n9
2026-02-23 13:56:07.339728 (526137) main____ INFO      pid       : 526137
2026-02-23 13:56:07.339732 (526137) main____ INFO      arguments : '-style' 'windows' '-batch' '-proj' './verification_results/04320/jgproject' '-tcl' './jasper_verif_check.tcl'
2026-02-23 13:56:07.339740 (526137) main____ INFO      locale    : UTF-8
2026-02-23 13:56:07.339745 (526137) main____ INFO    ----------------------------------------
2026-02-23 13:56:07.339749 (526137) main____ INFO    System resource limits info:
2026-02-23 13:56:07.339753 (526137) main____ INFO      virtual memory: unlimited
2026-02-23 13:56:07.339758 (526137) main____ INFO      cpu time      : unlimited
2026-02-23 13:56:07.339762 (526137) main____ INFO      stack size    : unlimited
2026-02-23 13:56:07.339767 (526137) main____ INFO      core file size: unlimited
2026-02-23 13:56:07.339773 (526137) main____ INFO      open files    : 131072
2026-02-23 13:56:07.339778 (526137) main____ INFO      file size     : unlimited
2026-02-23 13:56:07.339782 (526137) main____ INFO    ----------------------------------------
2026-02-23 13:56:07.339786 (526137) main____ INFO    Memory statistics:
2026-02-23 13:56:07.339790 (526137) main____ INFO      total physical memory  : 195972072 kB
2026-02-23 13:56:07.339795 (526137) main____ INFO      free physical memory   : 69440864 kB
2026-02-23 13:56:07.339799 (526137) main____ INFO      committed address space: 61123492 kB
2026-02-23 13:56:07.339802 (526137) main____ INFO    ----------------------------------------
2026-02-23 13:56:07.340749 (526137) main____ INFO    Important environment variables:
2026-02-23 13:56:07.340765 (526137) main____ INFO      JASPER_HOME       : '/usr/licensed/cadence-20210126/jasper_2021.03'
2026-02-23 13:56:07.340771 (526137) main____ INFO      JASPER_INSTALL_DIR: '/scratch/gpfs/LICENSED/x86_64/cadence-20210126/jasper_2021.03'
2026-02-23 13:56:07.340777 (526137) main____ INFO      LANG              : 'en_US.UTF-8'
2026-02-23 13:56:07.340782 (526137) main____ INFO      LM_LICENSE_FILE   : '5280@license.rc.princeton.edu'
2026-02-23 13:56:07.340787 (526137) main____ INFO      TMPDIR            : '/tmp/ab2113/jg_5019136_79'
2026-02-23 13:56:07.340791 (526137) main____ INFO    ----------------------------------------
2026-02-23 13:56:07.341520 (526137) lic_core INFO    Initializing license system ...
2026-02-23 13:56:07.342256 (526137) lic_core INFO    ... license system initialized.
2026-02-23 13:56:07.342936 (526137) lic__man INFO    Claim 'fpv' for <ui>.
2026-02-23 13:56:07.342969 (526137) lic_core INFO    (1) checking out 'jasper_fpv' ...
2026-02-23 13:56:07.349213 (526137) lic_core INFO    ... (1) checkout failed (error: -5) ("FLEXnet ERROR(-5, 0, 0): No such feature exists.")
2026-02-23 13:56:07.349240 (526137) lic_core INFO    (2) checking out 'jasper_fao' ...
2026-02-23 13:56:07.359583 (526137) lic_core INFO    ... (2) checkout succeeded
2026-02-23 13:56:07.373163 (526137) session_ INFO    Starting analysis session with session id 'session_0' (launcher: <local>) ...
2026-02-23 13:56:07.375829 (526137) session_ INFO    Analysis session with session id 'session_0' started (pid: 526180)
2026-02-23 13:56:08.004225 (526137) session_ INFO    Analysis session 'session_0' connected to the console (host: 127.0.0.1:32928)
2026-02-23 13:56:08.814136 (526137) lic__man INFO    Unclaim everything for 'session_0'.
2026-02-23 13:56:08.850936 (526137) lic__man INFO    Claim 'fpv' for 'session_0'.
2026-02-23 13:56:08.850976 (526137) lic__man INFO    Claim 'fpv' for 'session_0/prove-0'.
2026-02-23 13:56:08.967018 (526137) lic__man INFO    Unclaim everything for 'session_0/prove-0'.
2026-02-23 13:56:09.021888 (526137) main____ INFO    About to exit: request to exit with status 0 received from analysis session 'session_0'
2026-02-23 13:56:09.102966 (526137) session_ INFO    Analysis session 'session_0' disconnected.
2026-02-23 13:56:09.103071 (526137) lic__man INFO    Unclaim everything for 'session_0'.
2026-02-23 13:56:09.103448 (526137) session_ INFO    Process for analysis session 'session_0' has exited with exit status '0'.
2026-02-23 13:56:11.126484 (526137) lic_core INFO    (2) checkin jasper_fao
2026-02-23 13:56:11.127933 (526137) main____ INFO    Exiting with status 0.
