2026-02-23 14:00:18.356284 (536203) main____ INFO    ----------------------------------------
2026-02-23 14:00:18.356358 (536203) main____ INFO    JasperGold version info
2026-02-23 14:00:18.356374 (536203) main____ INFO      tool      : JasperGold 2021.03
2026-02-23 14:00:18.356382 (536203) main____ INFO      version   : 2021.03 FCS 64 bits
2026-02-23 14:00:18.356387 (536203) main____ INFO      build date: 2021.03.23 02:50:43 UTC
2026-02-23 14:00:18.356391 (536203) main____ INFO    ----------------------------------------
2026-02-23 14:00:18.356395 (536203) main____ INFO    Runtime info:
2026-02-23 14:00:18.356400 (536203) main____ INFO      platform  : Linux 5.14.0-570.84.1.el9_6.x86_64 x86_64
2026-02-23 14:00:18.356405 (536203) main____ INFO      hostname  : della-r3c2n9
2026-02-23 14:00:18.356410 (536203) main____ INFO      pid       : 536203
2026-02-23 14:00:18.356414 (536203) main____ INFO      arguments : '-style' 'windows' '-batch' '-proj' './verification_results/04783/jgproject' '-tcl' './jasper_verif_check.tcl'
2026-02-23 14:00:18.356422 (536203) main____ INFO      locale    : UTF-8
2026-02-23 14:00:18.356426 (536203) main____ INFO    ----------------------------------------
2026-02-23 14:00:18.356430 (536203) main____ INFO    System resource limits info:
2026-02-23 14:00:18.356434 (536203) main____ INFO      virtual memory: unlimited
2026-02-23 14:00:18.356440 (536203) main____ INFO      cpu time      : unlimited
2026-02-23 14:00:18.356444 (536203) main____ INFO      stack size    : unlimited
2026-02-23 14:00:18.356448 (536203) main____ INFO      core file size: unlimited
2026-02-23 14:00:18.356455 (536203) main____ INFO      open files    : 131072
2026-02-23 14:00:18.356460 (536203) main____ INFO      file size     : unlimited
2026-02-23 14:00:18.356464 (536203) main____ INFO    ----------------------------------------
2026-02-23 14:00:18.356468 (536203) main____ INFO    Memory statistics:
2026-02-23 14:00:18.356473 (536203) main____ INFO      total physical memory  : 195972072 kB
2026-02-23 14:00:18.356477 (536203) main____ INFO      free physical memory   : 68025264 kB
2026-02-23 14:00:18.356481 (536203) main____ INFO      committed address space: 63607332 kB
2026-02-23 14:00:18.356484 (536203) main____ INFO    ----------------------------------------
2026-02-23 14:00:18.357439 (536203) main____ INFO    Important environment variables:
2026-02-23 14:00:18.357455 (536203) main____ INFO      JASPER_HOME       : '/usr/licensed/cadence-20210126/jasper_2021.03'
2026-02-23 14:00:18.357461 (536203) main____ INFO      JASPER_INSTALL_DIR: '/scratch/gpfs/LICENSED/x86_64/cadence-20210126/jasper_2021.03'
2026-02-23 14:00:18.357466 (536203) main____ INFO      LANG              : 'en_US.UTF-8'
2026-02-23 14:00:18.357471 (536203) main____ INFO      LM_LICENSE_FILE   : '5280@license.rc.princeton.edu'
2026-02-23 14:00:18.357476 (536203) main____ INFO      TMPDIR            : '/tmp/ab2113/jg_5018694_88'
2026-02-23 14:00:18.357480 (536203) main____ INFO    ----------------------------------------
2026-02-23 14:00:18.358245 (536203) lic_core INFO    Initializing license system ...
2026-02-23 14:00:18.359012 (536203) lic_core INFO    ... license system initialized.
2026-02-23 14:00:18.359724 (536203) lic__man INFO    Claim 'fpv' for <ui>.
2026-02-23 14:00:18.359761 (536203) lic_core INFO    (1) checking out 'jasper_fpv' ...
2026-02-23 14:00:18.365734 (536203) lic_core INFO    ... (1) checkout failed (error: -5) ("FLEXnet ERROR(-5, 0, 0): No such feature exists.")
2026-02-23 14:00:18.365768 (536203) lic_core INFO    (2) checking out 'jasper_fao' ...
2026-02-23 14:00:18.376030 (536203) lic_core INFO    ... (2) checkout succeeded
2026-02-23 14:00:18.389957 (536203) session_ INFO    Starting analysis session with session id 'session_0' (launcher: <local>) ...
2026-02-23 14:00:18.392763 (536203) session_ INFO    Analysis session with session id 'session_0' started (pid: 536211)
2026-02-23 14:00:19.055538 (536203) session_ INFO    Analysis session 'session_0' connected to the console (host: 127.0.0.1:35428)
2026-02-23 14:00:19.616921 (536203) main____ INFO    About to exit: request to exit with status 1 received from analysis session 'session_0'
2026-02-23 14:00:19.685358 (536203) session_ INFO    Analysis session 'session_0' disconnected.
2026-02-23 14:00:19.685470 (536203) lic__man INFO    Unclaim everything for 'session_0'.
2026-02-23 14:00:19.685883 (536203) session_ INFO    Process for analysis session 'session_0' has exited with exit status '1'.
2026-02-23 14:00:21.624171 (536203) lic_core INFO    (2) checkin jasper_fao
2026-02-23 14:00:21.625567 (536203) main____ INFO    Exiting with status 1.
