2026-02-23 13:58:34.538849 (2623792) main____ INFO    ----------------------------------------
2026-02-23 13:58:34.538945 (2623792) main____ INFO    JasperGold version info
2026-02-23 13:58:34.538963 (2623792) main____ INFO      tool      : JasperGold 2021.03
2026-02-23 13:58:34.538972 (2623792) main____ INFO      version   : 2021.03 FCS 64 bits
2026-02-23 13:58:34.538977 (2623792) main____ INFO      build date: 2021.03.23 02:50:43 UTC
2026-02-23 13:58:34.538981 (2623792) main____ INFO    ----------------------------------------
2026-02-23 13:58:34.538985 (2623792) main____ INFO    Runtime info:
2026-02-23 13:58:34.538990 (2623792) main____ INFO      platform  : Linux 5.14.0-570.84.1.el9_6.x86_64 x86_64
2026-02-23 13:58:34.538996 (2623792) main____ INFO      hostname  : della-r3c1n7
2026-02-23 13:58:34.539000 (2623792) main____ INFO      pid       : 2623792
2026-02-23 13:58:34.539005 (2623792) main____ INFO      arguments : '-style' 'windows' '-batch' '-proj' './verification_results/04523/jgproject' '-tcl' './jasper_verif_check.tcl'
2026-02-23 13:58:34.539012 (2623792) main____ INFO      locale    : UTF-8
2026-02-23 13:58:34.539016 (2623792) main____ INFO    ----------------------------------------
2026-02-23 13:58:34.539020 (2623792) main____ INFO    System resource limits info:
2026-02-23 13:58:34.539025 (2623792) main____ INFO      virtual memory: unlimited
2026-02-23 13:58:34.539029 (2623792) main____ INFO      cpu time      : unlimited
2026-02-23 13:58:34.539033 (2623792) main____ INFO      stack size    : unlimited
2026-02-23 13:58:34.539037 (2623792) main____ INFO      core file size: unlimited
2026-02-23 13:58:34.539044 (2623792) main____ INFO      open files    : 131072
2026-02-23 13:58:34.539049 (2623792) main____ INFO      file size     : unlimited
2026-02-23 13:58:34.539053 (2623792) main____ INFO    ----------------------------------------
2026-02-23 13:58:34.539056 (2623792) main____ INFO    Memory statistics:
2026-02-23 13:58:34.539061 (2623792) main____ INFO      total physical memory  : 195972072 kB
2026-02-23 13:58:34.539065 (2623792) main____ INFO      free physical memory   : 153921924 kB
2026-02-23 13:58:34.539069 (2623792) main____ INFO      committed address space: 44545152 kB
2026-02-23 13:58:34.539073 (2623792) main____ INFO    ----------------------------------------
2026-02-23 13:58:34.540042 (2623792) main____ INFO    Important environment variables:
2026-02-23 13:58:34.540056 (2623792) main____ INFO      JASPER_HOME       : '/usr/licensed/cadence-20210126/jasper_2021.03'
2026-02-23 13:58:34.540062 (2623792) main____ INFO      JASPER_INSTALL_DIR: '/scratch/gpfs/LICENSED/x86_64/cadence-20210126/jasper_2021.03'
2026-02-23 13:58:34.540068 (2623792) main____ INFO      LANG              : 'en_US.UTF-8'
2026-02-23 13:58:34.540073 (2623792) main____ INFO      LM_LICENSE_FILE   : '5280@license.rc.princeton.edu'
2026-02-23 13:58:34.540078 (2623792) main____ INFO      TMPDIR            : '/tmp/ab2113/jg_5019170_83'
2026-02-23 13:58:34.540082 (2623792) main____ INFO    ----------------------------------------
2026-02-23 13:58:34.540873 (2623792) lic_core INFO    Initializing license system ...
2026-02-23 13:58:34.541654 (2623792) lic_core INFO    ... license system initialized.
2026-02-23 13:58:34.542372 (2623792) lic__man INFO    Claim 'fpv' for <ui>.
2026-02-23 13:58:34.542407 (2623792) lic_core INFO    (1) checking out 'jasper_fpv' ...
2026-02-23 13:58:34.548306 (2623792) lic_core INFO    ... (1) checkout failed (error: -5) ("FLEXnet ERROR(-5, 0, 0): No such feature exists.")
2026-02-23 13:58:34.548340 (2623792) lic_core INFO    (2) checking out 'jasper_fao' ...
2026-02-23 13:58:34.558529 (2623792) lic_core INFO    ... (2) checkout succeeded
2026-02-23 13:58:34.578285 (2623792) session_ INFO    Starting analysis session with session id 'session_0' (launcher: <local>) ...
2026-02-23 13:58:34.580975 (2623792) session_ INFO    Analysis session with session id 'session_0' started (pid: 2623800)
2026-02-23 13:58:35.240790 (2623792) session_ INFO    Analysis session 'session_0' connected to the console (host: 127.0.0.1:41162)
2026-02-23 13:58:35.820280 (2623792) main____ INFO    About to exit: request to exit with status 1 received from analysis session 'session_0'
2026-02-23 13:58:35.891051 (2623792) session_ INFO    Analysis session 'session_0' disconnected.
2026-02-23 13:58:35.891181 (2623792) lic__man INFO    Unclaim everything for 'session_0'.
2026-02-23 13:58:35.891748 (2623792) session_ INFO    Process for analysis session 'session_0' has exited with exit status '1'.
2026-02-23 13:58:37.847570 (2623792) lic_core INFO    (2) checkin jasper_fao
2026-02-23 13:58:37.849133 (2623792) main____ INFO    Exiting with status 1.
