2026-02-23 13:45:00.703521 (932281) main____ INFO    ----------------------------------------
2026-02-23 13:45:00.703598 (932281) main____ INFO    JasperGold version info
2026-02-23 13:45:00.703614 (932281) main____ INFO      tool      : JasperGold 2021.03
2026-02-23 13:45:00.703622 (932281) main____ INFO      version   : 2021.03 FCS 64 bits
2026-02-23 13:45:00.703626 (932281) main____ INFO      build date: 2021.03.23 02:50:43 UTC
2026-02-23 13:45:00.703630 (932281) main____ INFO    ----------------------------------------
2026-02-23 13:45:00.703633 (932281) main____ INFO    Runtime info:
2026-02-23 13:45:00.703638 (932281) main____ INFO      platform  : Linux 5.14.0-570.84.1.el9_6.x86_64 x86_64
2026-02-23 13:45:00.703643 (932281) main____ INFO      hostname  : della-i13n12
2026-02-23 13:45:00.703647 (932281) main____ INFO      pid       : 932281
2026-02-23 13:45:00.703651 (932281) main____ INFO      arguments : '-style' 'windows' '-batch' '-proj' './verification_results/02126/jgproject' '-tcl' './jasper_verif_check.tcl'
2026-02-23 13:45:00.703658 (932281) main____ INFO      locale    : UTF-8
2026-02-23 13:45:00.703662 (932281) main____ INFO    ----------------------------------------
2026-02-23 13:45:00.703666 (932281) main____ INFO    System resource limits info:
2026-02-23 13:45:00.703670 (932281) main____ INFO      virtual memory: unlimited
2026-02-23 13:45:00.703674 (932281) main____ INFO      cpu time      : unlimited
2026-02-23 13:45:00.703677 (932281) main____ INFO      stack size    : unlimited
2026-02-23 13:45:00.703681 (932281) main____ INFO      core file size: unlimited
2026-02-23 13:45:00.703688 (932281) main____ INFO      open files    : 131072
2026-02-23 13:45:00.703692 (932281) main____ INFO      file size     : unlimited
2026-02-23 13:45:00.703696 (932281) main____ INFO    ----------------------------------------
2026-02-23 13:45:00.703700 (932281) main____ INFO    Memory statistics:
2026-02-23 13:45:00.703704 (932281) main____ INFO      total physical memory  : 394157548 kB
2026-02-23 13:45:00.703708 (932281) main____ INFO      free physical memory   : 224395580 kB
2026-02-23 13:45:00.703711 (932281) main____ INFO      committed address space: 109124456 kB
2026-02-23 13:45:00.703715 (932281) main____ INFO    ----------------------------------------
2026-02-23 13:45:00.704593 (932281) main____ INFO    Important environment variables:
2026-02-23 13:45:00.704606 (932281) main____ INFO      JASPER_HOME       : '/usr/licensed/cadence-20210126/jasper_2021.03'
2026-02-23 13:45:00.704611 (932281) main____ INFO      JASPER_INSTALL_DIR: '/scratch/gpfs/LICENSED/x86_64/cadence-20210126/jasper_2021.03'
2026-02-23 13:45:00.704616 (932281) main____ INFO      LANG              : 'en_US.UTF-8'
2026-02-23 13:45:00.704621 (932281) main____ INFO      LM_LICENSE_FILE   : '5280@license.rc.princeton.edu'
2026-02-23 13:45:00.704625 (932281) main____ INFO      TMPDIR            : '/tmp/ab2113/jg_5018894_35'
2026-02-23 13:45:00.704629 (932281) main____ INFO    ----------------------------------------
2026-02-23 13:45:00.705011 (932281) lic_core INFO    Initializing license system ...
2026-02-23 13:45:00.705751 (932281) lic_core INFO    ... license system initialized.
2026-02-23 13:45:00.706417 (932281) lic__man INFO    Claim 'fpv' for <ui>.
2026-02-23 13:45:00.706449 (932281) lic_core INFO    (1) checking out 'jasper_fpv' ...
2026-02-23 13:45:00.711660 (932281) lic_core INFO    ... (1) checkout failed (error: -5) ("FLEXnet ERROR(-5, 0, 0): No such feature exists.")
2026-02-23 13:45:00.711692 (932281) lic_core INFO    (2) checking out 'jasper_fao' ...
2026-02-23 13:45:00.721675 (932281) lic_core INFO    ... (2) checkout succeeded
2026-02-23 13:45:00.735097 (932281) session_ INFO    Starting analysis session with session id 'session_0' (launcher: <local>) ...
2026-02-23 13:45:00.737740 (932281) session_ INFO    Analysis session with session id 'session_0' started (pid: 932289)
2026-02-23 13:45:01.352646 (932281) session_ INFO    Analysis session 'session_0' connected to the console (host: 127.0.0.1:37204)
2026-02-23 13:45:01.886189 (932281) main____ INFO    About to exit: request to exit with status 1 received from analysis session 'session_0'
2026-02-23 13:45:01.953251 (932281) session_ INFO    Analysis session 'session_0' disconnected.
2026-02-23 13:45:01.953362 (932281) lic__man INFO    Unclaim everything for 'session_0'.
2026-02-23 13:45:01.953896 (932281) session_ INFO    Process for analysis session 'session_0' has exited with exit status '1'.
2026-02-23 13:45:03.992283 (932281) lic_core INFO    (2) checkin jasper_fao
2026-02-23 13:45:03.993567 (932281) main____ INFO    Exiting with status 1.
