2026-02-23 13:51:10.211363 (148559) main____ INFO    ----------------------------------------
2026-02-23 13:51:10.211441 (148559) main____ INFO    JasperGold version info
2026-02-23 13:51:10.211459 (148559) main____ INFO      tool      : JasperGold 2021.03
2026-02-23 13:51:10.211469 (148559) main____ INFO      version   : 2021.03 FCS 64 bits
2026-02-23 13:51:10.211475 (148559) main____ INFO      build date: 2021.03.23 02:50:43 UTC
2026-02-23 13:51:10.211481 (148559) main____ INFO    ----------------------------------------
2026-02-23 13:51:10.211487 (148559) main____ INFO    Runtime info:
2026-02-23 13:51:10.211492 (148559) main____ INFO      platform  : Linux 5.14.0-570.84.1.el9_6.x86_64 x86_64
2026-02-23 13:51:10.211498 (148559) main____ INFO      hostname  : della-h14n2
2026-02-23 13:51:10.211504 (148559) main____ INFO      pid       : 148559
2026-02-23 13:51:10.211509 (148559) main____ INFO      arguments : '-style' 'windows' '-batch' '-proj' './verification_results/02603/jgproject' '-tcl' './jasper_verif_check.tcl'
2026-02-23 13:51:10.211519 (148559) main____ INFO      locale    : UTF-8
2026-02-23 13:51:10.211525 (148559) main____ INFO    ----------------------------------------
2026-02-23 13:51:10.211530 (148559) main____ INFO    System resource limits info:
2026-02-23 13:51:10.211535 (148559) main____ INFO      virtual memory: unlimited
2026-02-23 13:51:10.211540 (148559) main____ INFO      cpu time      : unlimited
2026-02-23 13:51:10.211545 (148559) main____ INFO      stack size    : unlimited
2026-02-23 13:51:10.211551 (148559) main____ INFO      core file size: unlimited
2026-02-23 13:51:10.211559 (148559) main____ INFO      open files    : 131072
2026-02-23 13:51:10.211565 (148559) main____ INFO      file size     : unlimited
2026-02-23 13:51:10.211571 (148559) main____ INFO    ----------------------------------------
2026-02-23 13:51:10.211576 (148559) main____ INFO    Memory statistics:
2026-02-23 13:51:10.211583 (148559) main____ INFO      total physical memory  : 1584164328 kB
2026-02-23 13:51:10.211588 (148559) main____ INFO      free physical memory   : 737545044 kB
2026-02-23 13:51:10.211594 (148559) main____ INFO      committed address space: 687170552 kB
2026-02-23 13:51:10.211599 (148559) main____ INFO    ----------------------------------------
2026-02-23 13:51:10.212136 (148559) main____ INFO    Important environment variables:
2026-02-23 13:51:10.212151 (148559) main____ INFO      JASPER_HOME       : '/usr/licensed/cadence-20210126/jasper_2021.03'
2026-02-23 13:51:10.212157 (148559) main____ INFO      JASPER_INSTALL_DIR: '/scratch/gpfs/LICENSED/x86_64/cadence-20210126/jasper_2021.03'
2026-02-23 13:51:10.212164 (148559) main____ INFO      LANG              : 'en_US.UTF-8'
2026-02-23 13:51:10.212170 (148559) main____ INFO      LM_LICENSE_FILE   : '5280@license.rc.princeton.edu'
2026-02-23 13:51:10.212175 (148559) main____ INFO      TMPDIR            : '/tmp/ab2113/jg_5018922_44'
2026-02-23 13:51:10.212180 (148559) main____ INFO    ----------------------------------------
2026-02-23 13:51:10.212679 (148559) lic_core INFO    Initializing license system ...
2026-02-23 13:51:10.213330 (148559) lic_core INFO    ... license system initialized.
2026-02-23 13:51:10.214168 (148559) lic__man INFO    Claim 'fpv' for <ui>.
2026-02-23 13:51:10.214205 (148559) lic_core INFO    (1) checking out 'jasper_fpv' ...
2026-02-23 13:51:10.220609 (148559) lic_core INFO    ... (1) checkout failed (error: -5) ("FLEXnet ERROR(-5, 0, 0): No such feature exists.")
2026-02-23 13:51:10.220642 (148559) lic_core INFO    (2) checking out 'jasper_fao' ...
2026-02-23 13:51:10.229899 (148559) lic_core INFO    ... (2) checkout succeeded
2026-02-23 13:51:10.243480 (148559) session_ INFO    Starting analysis session with session id 'session_0' (launcher: <local>) ...
2026-02-23 13:51:10.247128 (148559) session_ INFO    Analysis session with session id 'session_0' started (pid: 148574)
2026-02-23 13:51:10.933963 (148559) session_ INFO    Analysis session 'session_0' connected to the console (host: 127.0.0.1:39096)
2026-02-23 13:51:11.719856 (148559) lic__man INFO    Unclaim everything for 'session_0'.
2026-02-23 13:51:11.776930 (148559) main____ INFO    About to exit: request to exit with status 3 received from analysis session 'session_0'
2026-02-23 13:51:11.828127 (148559) session_ INFO    Analysis session 'session_0' disconnected.
2026-02-23 13:51:11.828268 (148559) lic__man INFO    Unclaim everything for 'session_0'.
2026-02-23 13:51:11.828953 (148559) session_ INFO    Process for analysis session 'session_0' has exited with exit status '3'.
2026-02-23 13:51:13.884665 (148559) lic_core INFO    (2) checkin jasper_fao
2026-02-23 13:51:13.886259 (148559) main____ INFO    Exiting with status 3.
