2026-02-23 13:54:18.844558 (3182187) main____ INFO    ----------------------------------------
2026-02-23 13:54:18.844628 (3182187) main____ INFO    JasperGold version info
2026-02-23 13:54:18.844643 (3182187) main____ INFO      tool      : JasperGold 2021.03
2026-02-23 13:54:18.844653 (3182187) main____ INFO      version   : 2021.03 FCS 64 bits
2026-02-23 13:54:18.844658 (3182187) main____ INFO      build date: 2021.03.23 02:50:43 UTC
2026-02-23 13:54:18.844662 (3182187) main____ INFO    ----------------------------------------
2026-02-23 13:54:18.844666 (3182187) main____ INFO    Runtime info:
2026-02-23 13:54:18.844671 (3182187) main____ INFO      platform  : Linux 5.14.0-570.84.1.el9_6.x86_64 x86_64
2026-02-23 13:54:18.844676 (3182187) main____ INFO      hostname  : della-r3c3n1
2026-02-23 13:54:18.844681 (3182187) main____ INFO      pid       : 3182187
2026-02-23 13:54:18.844686 (3182187) main____ INFO      arguments : '-style' 'windows' '-batch' '-proj' './verification_results/03970/jgproject' '-tcl' './jasper_verif_check.tcl'
2026-02-23 13:54:18.844693 (3182187) main____ INFO      locale    : UTF-8
2026-02-23 13:54:18.844697 (3182187) main____ INFO    ----------------------------------------
2026-02-23 13:54:18.844701 (3182187) main____ INFO    System resource limits info:
2026-02-23 13:54:18.844705 (3182187) main____ INFO      virtual memory: unlimited
2026-02-23 13:54:18.844710 (3182187) main____ INFO      cpu time      : unlimited
2026-02-23 13:54:18.844714 (3182187) main____ INFO      stack size    : unlimited
2026-02-23 13:54:18.844718 (3182187) main____ INFO      core file size: unlimited
2026-02-23 13:54:18.844725 (3182187) main____ INFO      open files    : 131072
2026-02-23 13:54:18.844730 (3182187) main____ INFO      file size     : unlimited
2026-02-23 13:54:18.844734 (3182187) main____ INFO    ----------------------------------------
2026-02-23 13:54:18.844738 (3182187) main____ INFO    Memory statistics:
2026-02-23 13:54:18.844742 (3182187) main____ INFO      total physical memory  : 195972176 kB
2026-02-23 13:54:18.844746 (3182187) main____ INFO      free physical memory   : 119132768 kB
2026-02-23 13:54:18.844750 (3182187) main____ INFO      committed address space: 22671168 kB
2026-02-23 13:54:18.844754 (3182187) main____ INFO    ----------------------------------------
2026-02-23 13:54:18.845703 (3182187) main____ INFO    Important environment variables:
2026-02-23 13:54:18.845717 (3182187) main____ INFO      JASPER_HOME       : '/usr/licensed/cadence-20210126/jasper_2021.03'
2026-02-23 13:54:18.845723 (3182187) main____ INFO      JASPER_INSTALL_DIR: '/scratch/gpfs/LICENSED/x86_64/cadence-20210126/jasper_2021.03'
2026-02-23 13:54:18.845729 (3182187) main____ INFO      LANG              : 'en_US.UTF-8'
2026-02-23 13:54:18.845734 (3182187) main____ INFO      LM_LICENSE_FILE   : '5280@license.rc.princeton.edu'
2026-02-23 13:54:18.845739 (3182187) main____ INFO      TMPDIR            : '/tmp/ab2113/jg_5019091_72'
2026-02-23 13:54:18.845743 (3182187) main____ INFO    ----------------------------------------
2026-02-23 13:54:18.846500 (3182187) lic_core INFO    Initializing license system ...
2026-02-23 13:54:18.847240 (3182187) lic_core INFO    ... license system initialized.
2026-02-23 13:54:18.847919 (3182187) lic__man INFO    Claim 'fpv' for <ui>.
2026-02-23 13:54:18.847953 (3182187) lic_core INFO    (1) checking out 'jasper_fpv' ...
2026-02-23 13:54:18.853136 (3182187) lic_core INFO    ... (1) checkout failed (error: -5) ("FLEXnet ERROR(-5, 0, 0): No such feature exists.")
2026-02-23 13:54:18.853162 (3182187) lic_core INFO    (2) checking out 'jasper_fao' ...
2026-02-23 13:54:18.863066 (3182187) lic_core INFO    ... (2) checkout succeeded
2026-02-23 13:54:18.876621 (3182187) session_ INFO    Starting analysis session with session id 'session_0' (launcher: <local>) ...
2026-02-23 13:54:18.879059 (3182187) session_ INFO    Analysis session with session id 'session_0' started (pid: 3182195)
2026-02-23 13:54:19.504374 (3182187) session_ INFO    Analysis session 'session_0' connected to the console (host: 127.0.0.1:34276)
2026-02-23 13:54:20.313754 (3182187) lic__man INFO    Unclaim everything for 'session_0'.
2026-02-23 13:54:20.352596 (3182187) lic__man INFO    Claim 'fpv' for 'session_0'.
2026-02-23 13:54:20.352634 (3182187) lic__man INFO    Claim 'fpv' for 'session_0/prove-0'.
2026-02-23 13:54:20.470701 (3182187) lic__man INFO    Unclaim everything for 'session_0/prove-0'.
2026-02-23 13:54:20.526439 (3182187) main____ INFO    About to exit: request to exit with status 0 received from analysis session 'session_0'
2026-02-23 13:54:20.605728 (3182187) session_ INFO    Analysis session 'session_0' disconnected.
2026-02-23 13:54:20.605842 (3182187) lic__man INFO    Unclaim everything for 'session_0'.
2026-02-23 13:54:20.606487 (3182187) session_ INFO    Process for analysis session 'session_0' has exited with exit status '0'.
2026-02-23 13:54:22.608834 (3182187) lic_core INFO    (2) checkin jasper_fao
2026-02-23 13:54:22.610052 (3182187) main____ INFO    Exiting with status 0.
