2026-02-23 13:47:02.705759 (935379) main____ INFO    ----------------------------------------
2026-02-23 13:47:02.705828 (935379) main____ INFO    JasperGold version info
2026-02-23 13:47:02.705846 (935379) main____ INFO      tool      : JasperGold 2021.03
2026-02-23 13:47:02.705853 (935379) main____ INFO      version   : 2021.03 FCS 64 bits
2026-02-23 13:47:02.705858 (935379) main____ INFO      build date: 2021.03.23 02:50:43 UTC
2026-02-23 13:47:02.705862 (935379) main____ INFO    ----------------------------------------
2026-02-23 13:47:02.705866 (935379) main____ INFO    Runtime info:
2026-02-23 13:47:02.705870 (935379) main____ INFO      platform  : Linux 5.14.0-570.84.1.el9_6.x86_64 x86_64
2026-02-23 13:47:02.705875 (935379) main____ INFO      hostname  : della-i13n12
2026-02-23 13:47:02.705879 (935379) main____ INFO      pid       : 935379
2026-02-23 13:47:02.705883 (935379) main____ INFO      arguments : '-style' 'windows' '-batch' '-proj' './verification_results/02159/jgproject' '-tcl' './jasper_verif_check.tcl'
2026-02-23 13:47:02.705890 (935379) main____ INFO      locale    : UTF-8
2026-02-23 13:47:02.705894 (935379) main____ INFO    ----------------------------------------
2026-02-23 13:47:02.705897 (935379) main____ INFO    System resource limits info:
2026-02-23 13:47:02.705901 (935379) main____ INFO      virtual memory: unlimited
2026-02-23 13:47:02.705905 (935379) main____ INFO      cpu time      : unlimited
2026-02-23 13:47:02.705909 (935379) main____ INFO      stack size    : unlimited
2026-02-23 13:47:02.705913 (935379) main____ INFO      core file size: unlimited
2026-02-23 13:47:02.705919 (935379) main____ INFO      open files    : 131072
2026-02-23 13:47:02.705923 (935379) main____ INFO      file size     : unlimited
2026-02-23 13:47:02.705927 (935379) main____ INFO    ----------------------------------------
2026-02-23 13:47:02.705930 (935379) main____ INFO    Memory statistics:
2026-02-23 13:47:02.705934 (935379) main____ INFO      total physical memory  : 394157548 kB
2026-02-23 13:47:02.705938 (935379) main____ INFO      free physical memory   : 227270544 kB
2026-02-23 13:47:02.705941 (935379) main____ INFO      committed address space: 109937096 kB
2026-02-23 13:47:02.705945 (935379) main____ INFO    ----------------------------------------
2026-02-23 13:47:02.706821 (935379) main____ INFO    Important environment variables:
2026-02-23 13:47:02.706836 (935379) main____ INFO      JASPER_HOME       : '/usr/licensed/cadence-20210126/jasper_2021.03'
2026-02-23 13:47:02.706841 (935379) main____ INFO      JASPER_INSTALL_DIR: '/scratch/gpfs/LICENSED/x86_64/cadence-20210126/jasper_2021.03'
2026-02-23 13:47:02.706846 (935379) main____ INFO      LANG              : 'en_US.UTF-8'
2026-02-23 13:47:02.706851 (935379) main____ INFO      LM_LICENSE_FILE   : '5280@license.rc.princeton.edu'
2026-02-23 13:47:02.706855 (935379) main____ INFO      TMPDIR            : '/tmp/ab2113/jg_5018894_35'
2026-02-23 13:47:02.706859 (935379) main____ INFO    ----------------------------------------
2026-02-23 13:47:02.707241 (935379) lic_core INFO    Initializing license system ...
2026-02-23 13:47:02.707977 (935379) lic_core INFO    ... license system initialized.
2026-02-23 13:47:02.708638 (935379) lic__man INFO    Claim 'fpv' for <ui>.
2026-02-23 13:47:02.708669 (935379) lic_core INFO    (1) checking out 'jasper_fpv' ...
2026-02-23 13:47:02.714782 (935379) lic_core INFO    ... (1) checkout failed (error: -5) ("FLEXnet ERROR(-5, 0, 0): No such feature exists.")
2026-02-23 13:47:02.714814 (935379) lic_core INFO    (2) checking out 'jasper_fao' ...
2026-02-23 13:47:02.725276 (935379) lic_core INFO    ... (2) checkout succeeded
2026-02-23 13:47:02.738956 (935379) session_ INFO    Starting analysis session with session id 'session_0' (launcher: <local>) ...
2026-02-23 13:47:02.741579 (935379) session_ INFO    Analysis session with session id 'session_0' started (pid: 935387)
2026-02-23 13:47:03.360230 (935379) session_ INFO    Analysis session 'session_0' connected to the console (host: 127.0.0.1:59364)
2026-02-23 13:47:03.896205 (935379) main____ INFO    About to exit: request to exit with status 1 received from analysis session 'session_0'
2026-02-23 13:47:03.964416 (935379) session_ INFO    Analysis session 'session_0' disconnected.
2026-02-23 13:47:03.964528 (935379) lic__man INFO    Unclaim everything for 'session_0'.
2026-02-23 13:47:03.965571 (935379) session_ INFO    Process for analysis session 'session_0' has exited with exit status '1'.
2026-02-23 13:47:05.992304 (935379) lic_core INFO    (2) checkin jasper_fao
2026-02-23 13:47:05.993788 (935379) main____ INFO    Exiting with status 1.
