2026-02-20 17:54:56.335872 (2563389) main____ INFO    ----------------------------------------
2026-02-20 17:54:56.335979 (2563389) main____ INFO    JasperGold version info
2026-02-20 17:54:56.335999 (2563389) main____ INFO      tool      : JasperGold 2021.03
2026-02-20 17:54:56.336008 (2563389) main____ INFO      version   : 2021.03 FCS 64 bits
2026-02-20 17:54:56.336013 (2563389) main____ INFO      build date: 2021.03.23 02:50:43 UTC
2026-02-20 17:54:56.336018 (2563389) main____ INFO    ----------------------------------------
2026-02-20 17:54:56.336022 (2563389) main____ INFO    Runtime info:
2026-02-20 17:54:56.336026 (2563389) main____ INFO      platform  : Linux 5.14.0-570.84.1.el9_6.x86_64 x86_64
2026-02-20 17:54:56.336031 (2563389) main____ INFO      hostname  : della-i13n22
2026-02-20 17:54:56.336036 (2563389) main____ INFO      pid       : 2563389
2026-02-20 17:54:56.336040 (2563389) main____ INFO      arguments : '-style' 'windows' '-batch' '-proj' 'verification_results/00561/jgproject' '-tcl' './jasper_verif_check.tcl'
2026-02-20 17:54:56.336048 (2563389) main____ INFO      locale    : UTF-8
2026-02-20 17:54:56.336052 (2563389) main____ INFO    ----------------------------------------
2026-02-20 17:54:56.336056 (2563389) main____ INFO    System resource limits info:
2026-02-20 17:54:56.336060 (2563389) main____ INFO      virtual memory: unlimited
2026-02-20 17:54:56.336064 (2563389) main____ INFO      cpu time      : unlimited
2026-02-20 17:54:56.336068 (2563389) main____ INFO      stack size    : unlimited
2026-02-20 17:54:56.336072 (2563389) main____ INFO      core file size: unlimited
2026-02-20 17:54:56.336079 (2563389) main____ INFO      open files    : 131072
2026-02-20 17:54:56.336083 (2563389) main____ INFO      file size     : unlimited
2026-02-20 17:54:56.336087 (2563389) main____ INFO    ----------------------------------------
2026-02-20 17:54:56.336090 (2563389) main____ INFO    Memory statistics:
2026-02-20 17:54:56.336094 (2563389) main____ INFO      total physical memory  : 394157548 kB
2026-02-20 17:54:56.336098 (2563389) main____ INFO      free physical memory   : 187892412 kB
2026-02-20 17:54:56.336102 (2563389) main____ INFO      committed address space: 171119136 kB
2026-02-20 17:54:56.336106 (2563389) main____ INFO    ----------------------------------------
2026-02-20 17:54:56.336989 (2563389) main____ INFO    Important environment variables:
2026-02-20 17:54:56.337006 (2563389) main____ INFO      JASPER_HOME       : '/usr/licensed/cadence-20210126/jasper_2021.03'
2026-02-20 17:54:56.337013 (2563389) main____ INFO      JASPER_INSTALL_DIR: '/scratch/gpfs/LICENSED/x86_64/cadence-20210126/jasper_2021.03'
2026-02-20 17:54:56.337018 (2563389) main____ INFO      LANG              : 'en_US.UTF-8'
2026-02-20 17:54:56.337023 (2563389) main____ INFO      LM_LICENSE_FILE   : '5280@license.rc.princeton.edu'
2026-02-20 17:54:56.337027 (2563389) main____ INFO      TMPDIR            : '/tmp'
2026-02-20 17:54:56.337032 (2563389) main____ INFO    ----------------------------------------
2026-02-20 17:54:56.337539 (2563389) lic_core INFO    Initializing license system ...
2026-02-20 17:54:56.338394 (2563389) lic_core INFO    ... license system initialized.
2026-02-20 17:54:56.339180 (2563389) lic__man INFO    Claim 'fpv' for <ui>.
2026-02-20 17:54:56.339222 (2563389) lic_core INFO    (1) checking out 'jasper_fpv' ...
2026-02-20 17:54:56.345075 (2563389) lic_core INFO    ... (1) checkout failed (error: -5) ("FLEXnet ERROR(-5, 0, 0): No such feature exists.")
2026-02-20 17:54:56.345131 (2563389) lic_core INFO    (2) checking out 'jasper_fao' ...
2026-02-20 17:54:56.355793 (2563389) lic_core INFO    ... (2) checkout succeeded
2026-02-20 17:54:56.370219 (2563389) session_ INFO    Starting analysis session with session id 'session_0' (launcher: <local>) ...
2026-02-20 17:54:56.373814 (2563389) session_ INFO    Analysis session with session id 'session_0' started (pid: 2563397)
2026-02-20 17:54:57.131624 (2563389) session_ INFO    Analysis session 'session_0' connected to the console (host: 127.0.0.1:59368)
2026-02-20 17:54:57.990685 (2563389) lic__man INFO    Unclaim everything for 'session_0'.
2026-02-20 17:54:58.044125 (2563389) lic__man INFO    Claim 'fpv' for 'session_0'.
2026-02-20 17:54:58.044193 (2563389) lic__man INFO    Claim 'fpv' for 'session_0/prove-0'.
2026-02-20 17:54:58.202210 (2563389) lic__man INFO    Unclaim everything for 'session_0/prove-0'.
2026-02-20 17:54:58.261499 (2563389) main____ INFO    About to exit: request to exit with status 0 received from analysis session 'session_0'
2026-02-20 17:54:58.382141 (2563389) session_ INFO    Analysis session 'session_0' disconnected.
2026-02-20 17:54:58.382272 (2563389) lic__man INFO    Unclaim everything for 'session_0'.
2026-02-20 17:54:58.382609 (2563389) session_ INFO    Process for analysis session 'session_0' has exited with exit status '0'.
2026-02-20 17:55:00.167900 (2563389) lic_core INFO    (2) checkin jasper_fao
2026-02-20 17:55:00.169436 (2563389) main____ INFO    Exiting with status 0.
