2026-02-23 13:56:56.569807 (2563064) main____ INFO    ----------------------------------------
2026-02-23 13:56:56.569927 (2563064) main____ INFO    JasperGold version info
2026-02-23 13:56:56.569944 (2563064) main____ INFO      tool      : JasperGold 2021.03
2026-02-23 13:56:56.569952 (2563064) main____ INFO      version   : 2021.03 FCS 64 bits
2026-02-23 13:56:56.569957 (2563064) main____ INFO      build date: 2021.03.23 02:50:43 UTC
2026-02-23 13:56:56.569961 (2563064) main____ INFO    ----------------------------------------
2026-02-23 13:56:56.569965 (2563064) main____ INFO    Runtime info:
2026-02-23 13:56:56.569970 (2563064) main____ INFO      platform  : Linux 5.14.0-570.84.1.el9_6.x86_64 x86_64
2026-02-23 13:56:56.569976 (2563064) main____ INFO      hostname  : della-i13n7
2026-02-23 13:56:56.569980 (2563064) main____ INFO      pid       : 2563064
2026-02-23 13:56:56.569985 (2563064) main____ INFO      arguments : '-style' 'windows' '-batch' '-proj' './verification_results/04467/jgproject' '-tcl' './jasper_verif_check.tcl'
2026-02-23 13:56:56.569994 (2563064) main____ INFO      locale    : UTF-8
2026-02-23 13:56:56.569998 (2563064) main____ INFO    ----------------------------------------
2026-02-23 13:56:56.570002 (2563064) main____ INFO    System resource limits info:
2026-02-23 13:56:56.570006 (2563064) main____ INFO      virtual memory: unlimited
2026-02-23 13:56:56.570015 (2563064) main____ INFO      cpu time      : unlimited
2026-02-23 13:56:56.570019 (2563064) main____ INFO      stack size    : unlimited
2026-02-23 13:56:56.570023 (2563064) main____ INFO      core file size: unlimited
2026-02-23 13:56:56.570031 (2563064) main____ INFO      open files    : 131072
2026-02-23 13:56:56.570036 (2563064) main____ INFO      file size     : unlimited
2026-02-23 13:56:56.570039 (2563064) main____ INFO    ----------------------------------------
2026-02-23 13:56:56.570043 (2563064) main____ INFO    Memory statistics:
2026-02-23 13:56:56.570048 (2563064) main____ INFO      total physical memory  : 394157548 kB
2026-02-23 13:56:56.570052 (2563064) main____ INFO      free physical memory   : 120439276 kB
2026-02-23 13:56:56.570056 (2563064) main____ INFO      committed address space: 104010956 kB
2026-02-23 13:56:56.570059 (2563064) main____ INFO    ----------------------------------------
2026-02-23 13:56:56.570972 (2563064) main____ INFO    Important environment variables:
2026-02-23 13:56:56.570993 (2563064) main____ INFO      JASPER_HOME       : '/usr/licensed/cadence-20210126/jasper_2021.03'
2026-02-23 13:56:56.570999 (2563064) main____ INFO      JASPER_INSTALL_DIR: '/scratch/gpfs/LICENSED/x86_64/cadence-20210126/jasper_2021.03'
2026-02-23 13:56:56.571004 (2563064) main____ INFO      LANG              : 'en_US.UTF-8'
2026-02-23 13:56:56.571013 (2563064) main____ INFO      LM_LICENSE_FILE   : '5280@license.rc.princeton.edu'
2026-02-23 13:56:56.571019 (2563064) main____ INFO      TMPDIR            : '/tmp/ab2113/jg_5019150_82'
2026-02-23 13:56:56.571024 (2563064) main____ INFO    ----------------------------------------
2026-02-23 13:56:56.571511 (2563064) lic_core INFO    Initializing license system ...
2026-02-23 13:56:56.572406 (2563064) lic_core INFO    ... license system initialized.
2026-02-23 13:56:56.573233 (2563064) lic__man INFO    Claim 'fpv' for <ui>.
2026-02-23 13:56:56.573280 (2563064) lic_core INFO    (1) checking out 'jasper_fpv' ...
2026-02-23 13:56:56.579184 (2563064) lic_core INFO    ... (1) checkout failed (error: -5) ("FLEXnet ERROR(-5, 0, 0): No such feature exists.")
2026-02-23 13:56:56.579249 (2563064) lic_core INFO    (2) checking out 'jasper_fao' ...
2026-02-23 13:56:56.589946 (2563064) lic_core INFO    ... (2) checkout succeeded
2026-02-23 13:56:56.604696 (2563064) session_ INFO    Starting analysis session with session id 'session_0' (launcher: <local>) ...
2026-02-23 13:56:56.608238 (2563064) session_ INFO    Analysis session with session id 'session_0' started (pid: 2563072)
2026-02-23 13:56:57.443611 (2563064) session_ INFO    Analysis session 'session_0' connected to the console (host: 127.0.0.1:60774)
2026-02-23 13:56:58.290102 (2563064) lic__man INFO    Unclaim everything for 'session_0'.
2026-02-23 13:56:58.337254 (2563064) lic__man INFO    Claim 'fpv' for 'session_0'.
2026-02-23 13:56:58.337302 (2563064) lic__man INFO    Claim 'fpv' for 'session_0/prove-0'.
2026-02-23 13:56:58.466782 (2563064) lic__man INFO    Unclaim everything for 'session_0/prove-0'.
2026-02-23 13:56:58.527136 (2563064) main____ INFO    About to exit: request to exit with status 0 received from analysis session 'session_0'
2026-02-23 13:56:58.623793 (2563064) session_ INFO    Analysis session 'session_0' disconnected.
2026-02-23 13:56:58.623928 (2563064) lic__man INFO    Unclaim everything for 'session_0'.
2026-02-23 13:56:58.625159 (2563064) session_ INFO    Process for analysis session 'session_0' has exited with exit status '0'.
2026-02-23 13:57:00.431243 (2563064) lic_core INFO    (2) checkin jasper_fao
2026-02-23 13:57:00.432865 (2563064) main____ INFO    Exiting with status 0.
