2026-02-23 13:57:48.353394 (531076) main____ INFO    ----------------------------------------
2026-02-23 13:57:48.353477 (531076) main____ INFO    JasperGold version info
2026-02-23 13:57:48.353493 (531076) main____ INFO      tool      : JasperGold 2021.03
2026-02-23 13:57:48.353501 (531076) main____ INFO      version   : 2021.03 FCS 64 bits
2026-02-23 13:57:48.353506 (531076) main____ INFO      build date: 2021.03.23 02:50:43 UTC
2026-02-23 13:57:48.353510 (531076) main____ INFO    ----------------------------------------
2026-02-23 13:57:48.353515 (531076) main____ INFO    Runtime info:
2026-02-23 13:57:48.353519 (531076) main____ INFO      platform  : Linux 5.14.0-570.84.1.el9_6.x86_64 x86_64
2026-02-23 13:57:48.353525 (531076) main____ INFO      hostname  : della-r3c2n9
2026-02-23 13:57:48.353530 (531076) main____ INFO      pid       : 531076
2026-02-23 13:57:48.353535 (531076) main____ INFO      arguments : '-style' 'windows' '-batch' '-proj' './verification_results/04347/jgproject' '-tcl' './jasper_verif_check.tcl'
2026-02-23 13:57:48.353542 (531076) main____ INFO      locale    : UTF-8
2026-02-23 13:57:48.353546 (531076) main____ INFO    ----------------------------------------
2026-02-23 13:57:48.353550 (531076) main____ INFO    System resource limits info:
2026-02-23 13:57:48.353555 (531076) main____ INFO      virtual memory: unlimited
2026-02-23 13:57:48.353559 (531076) main____ INFO      cpu time      : unlimited
2026-02-23 13:57:48.353564 (531076) main____ INFO      stack size    : unlimited
2026-02-23 13:57:48.353568 (531076) main____ INFO      core file size: unlimited
2026-02-23 13:57:48.353575 (531076) main____ INFO      open files    : 131072
2026-02-23 13:57:48.353579 (531076) main____ INFO      file size     : unlimited
2026-02-23 13:57:48.353583 (531076) main____ INFO    ----------------------------------------
2026-02-23 13:57:48.353587 (531076) main____ INFO    Memory statistics:
2026-02-23 13:57:48.353592 (531076) main____ INFO      total physical memory  : 195972072 kB
2026-02-23 13:57:48.353596 (531076) main____ INFO      free physical memory   : 68310676 kB
2026-02-23 13:57:48.353601 (531076) main____ INFO      committed address space: 62484272 kB
2026-02-23 13:57:48.353605 (531076) main____ INFO    ----------------------------------------
2026-02-23 13:57:48.354565 (531076) main____ INFO    Important environment variables:
2026-02-23 13:57:48.354583 (531076) main____ INFO      JASPER_HOME       : '/usr/licensed/cadence-20210126/jasper_2021.03'
2026-02-23 13:57:48.354589 (531076) main____ INFO      JASPER_INSTALL_DIR: '/scratch/gpfs/LICENSED/x86_64/cadence-20210126/jasper_2021.03'
2026-02-23 13:57:48.354595 (531076) main____ INFO      LANG              : 'en_US.UTF-8'
2026-02-23 13:57:48.354600 (531076) main____ INFO      LM_LICENSE_FILE   : '5280@license.rc.princeton.edu'
2026-02-23 13:57:48.354605 (531076) main____ INFO      TMPDIR            : '/tmp/ab2113/jg_5019136_79'
2026-02-23 13:57:48.354609 (531076) main____ INFO    ----------------------------------------
2026-02-23 13:57:48.355423 (531076) lic_core INFO    Initializing license system ...
2026-02-23 13:57:48.356221 (531076) lic_core INFO    ... license system initialized.
2026-02-23 13:57:48.356950 (531076) lic__man INFO    Claim 'fpv' for <ui>.
2026-02-23 13:57:48.356988 (531076) lic_core INFO    (1) checking out 'jasper_fpv' ...
2026-02-23 13:57:48.362216 (531076) lic_core INFO    ... (1) checkout failed (error: -5) ("FLEXnet ERROR(-5, 0, 0): No such feature exists.")
2026-02-23 13:57:48.362258 (531076) lic_core INFO    (2) checking out 'jasper_fao' ...
2026-02-23 13:57:48.372687 (531076) lic_core INFO    ... (2) checkout succeeded
2026-02-23 13:57:48.386495 (531076) session_ INFO    Starting analysis session with session id 'session_0' (launcher: <local>) ...
2026-02-23 13:57:48.389352 (531076) session_ INFO    Analysis session with session id 'session_0' started (pid: 531102)
2026-02-23 13:57:49.069120 (531076) session_ INFO    Analysis session 'session_0' connected to the console (host: 127.0.0.1:36522)
2026-02-23 13:57:49.901142 (531076) lic__man INFO    Unclaim everything for 'session_0'.
2026-02-23 13:57:49.940937 (531076) lic__man INFO    Claim 'fpv' for 'session_0'.
2026-02-23 13:57:49.940977 (531076) lic__man INFO    Claim 'fpv' for 'session_0/prove-0'.
2026-02-23 13:57:50.075816 (531076) lic__man INFO    Unclaim everything for 'session_0/prove-0'.
2026-02-23 13:57:50.131936 (531076) main____ INFO    About to exit: request to exit with status 0 received from analysis session 'session_0'
2026-02-23 13:57:50.214098 (531076) session_ INFO    Analysis session 'session_0' disconnected.
2026-02-23 13:57:50.214211 (531076) lic__man INFO    Unclaim everything for 'session_0'.
2026-02-23 13:57:50.214613 (531076) session_ INFO    Process for analysis session 'session_0' has exited with exit status '0'.
2026-02-23 13:57:52.126027 (531076) lic_core INFO    (2) checkin jasper_fao
2026-02-23 13:57:52.127631 (531076) main____ INFO    Exiting with status 0.
