2026-02-23 13:53:51.196509 (161262) main____ INFO    ----------------------------------------
2026-02-23 13:53:51.196604 (161262) main____ INFO    JasperGold version info
2026-02-23 13:53:51.196622 (161262) main____ INFO      tool      : JasperGold 2021.03
2026-02-23 13:53:51.196633 (161262) main____ INFO      version   : 2021.03 FCS 64 bits
2026-02-23 13:53:51.196639 (161262) main____ INFO      build date: 2021.03.23 02:50:43 UTC
2026-02-23 13:53:51.196644 (161262) main____ INFO    ----------------------------------------
2026-02-23 13:53:51.196649 (161262) main____ INFO    Runtime info:
2026-02-23 13:53:51.196655 (161262) main____ INFO      platform  : Linux 5.14.0-570.84.1.el9_6.x86_64 x86_64
2026-02-23 13:53:51.196662 (161262) main____ INFO      hostname  : della-h14n2
2026-02-23 13:53:51.196667 (161262) main____ INFO      pid       : 161262
2026-02-23 13:53:51.196673 (161262) main____ INFO      arguments : '-style' 'windows' '-batch' '-proj' './verification_results/03695/jgproject' '-tcl' './jasper_verif_check.tcl'
2026-02-23 13:53:51.196682 (161262) main____ INFO      locale    : UTF-8
2026-02-23 13:53:51.196687 (161262) main____ INFO    ----------------------------------------
2026-02-23 13:53:51.196693 (161262) main____ INFO    System resource limits info:
2026-02-23 13:53:51.196699 (161262) main____ INFO      virtual memory: unlimited
2026-02-23 13:53:51.196704 (161262) main____ INFO      cpu time      : unlimited
2026-02-23 13:53:51.196710 (161262) main____ INFO      stack size    : unlimited
2026-02-23 13:53:51.196716 (161262) main____ INFO      core file size: unlimited
2026-02-23 13:53:51.196724 (161262) main____ INFO      open files    : 131072
2026-02-23 13:53:51.196729 (161262) main____ INFO      file size     : unlimited
2026-02-23 13:53:51.196734 (161262) main____ INFO    ----------------------------------------
2026-02-23 13:53:51.196738 (161262) main____ INFO    Memory statistics:
2026-02-23 13:53:51.196744 (161262) main____ INFO      total physical memory  : 1584164328 kB
2026-02-23 13:53:51.196749 (161262) main____ INFO      free physical memory   : 734616172 kB
2026-02-23 13:53:51.196753 (161262) main____ INFO      committed address space: 690745288 kB
2026-02-23 13:53:51.196758 (161262) main____ INFO    ----------------------------------------
2026-02-23 13:53:51.197318 (161262) main____ INFO    Important environment variables:
2026-02-23 13:53:51.197334 (161262) main____ INFO      JASPER_HOME       : '/usr/licensed/cadence-20210126/jasper_2021.03'
2026-02-23 13:53:51.197341 (161262) main____ INFO      JASPER_INSTALL_DIR: '/scratch/gpfs/LICENSED/x86_64/cadence-20210126/jasper_2021.03'
2026-02-23 13:53:51.197347 (161262) main____ INFO      LANG              : 'en_US.UTF-8'
2026-02-23 13:53:51.197353 (161262) main____ INFO      LM_LICENSE_FILE   : '5280@license.rc.princeton.edu'
2026-02-23 13:53:51.197358 (161262) main____ INFO      TMPDIR            : '/tmp/ab2113/jg_5019053_66'
2026-02-23 13:53:51.197363 (161262) main____ INFO    ----------------------------------------
2026-02-23 13:53:51.197893 (161262) lic_core INFO    Initializing license system ...
2026-02-23 13:53:51.198445 (161262) lic_core INFO    ... license system initialized.
2026-02-23 13:53:51.199240 (161262) lic__man INFO    Claim 'fpv' for <ui>.
2026-02-23 13:53:51.199275 (161262) lic_core INFO    (1) checking out 'jasper_fpv' ...
2026-02-23 13:53:51.205758 (161262) lic_core INFO    ... (1) checkout failed (error: -5) ("FLEXnet ERROR(-5, 0, 0): No such feature exists.")
2026-02-23 13:53:51.205820 (161262) lic_core INFO    (2) checking out 'jasper_fao' ...
2026-02-23 13:53:51.214975 (161262) lic_core INFO    ... (2) checkout succeeded
2026-02-23 13:53:51.227902 (161262) session_ INFO    Starting analysis session with session id 'session_0' (launcher: <local>) ...
2026-02-23 13:53:51.230963 (161262) session_ INFO    Analysis session with session id 'session_0' started (pid: 161272)
2026-02-23 13:53:51.865429 (161262) session_ INFO    Analysis session 'session_0' connected to the console (host: 127.0.0.1:52488)
2026-02-23 13:53:52.722930 (161262) main____ INFO    About to exit: request to exit with status 1 received from analysis session 'session_0'
2026-02-23 13:53:52.778846 (161262) session_ INFO    Analysis session 'session_0' disconnected.
2026-02-23 13:53:52.779000 (161262) lic__man INFO    Unclaim everything for 'session_0'.
2026-02-23 13:53:52.779625 (161262) session_ INFO    Process for analysis session 'session_0' has exited with exit status '1'.
2026-02-23 13:53:54.830289 (161262) lic_core INFO    (2) checkin jasper_fao
2026-02-23 13:53:54.831926 (161262) main____ INFO    Exiting with status 1.
