2026-02-23 13:40:33.847614 (1373064) main____ INFO    ----------------------------------------
2026-02-23 13:40:33.847731 (1373064) main____ INFO    JasperGold version info
2026-02-23 13:40:33.847754 (1373064) main____ INFO      tool      : JasperGold 2021.03
2026-02-23 13:40:33.847765 (1373064) main____ INFO      version   : 2021.03 FCS 64 bits
2026-02-23 13:40:33.847770 (1373064) main____ INFO      build date: 2021.03.23 02:50:43 UTC
2026-02-23 13:40:33.847774 (1373064) main____ INFO    ----------------------------------------
2026-02-23 13:40:33.847778 (1373064) main____ INFO    Runtime info:
2026-02-23 13:40:33.847783 (1373064) main____ INFO      platform  : Linux 5.14.0-570.84.1.el9_6.x86_64 x86_64
2026-02-23 13:40:33.847789 (1373064) main____ INFO      hostname  : della-r3c3n3
2026-02-23 13:40:33.847794 (1373064) main____ INFO      pid       : 1373064
2026-02-23 13:40:33.847798 (1373064) main____ INFO      arguments : '-style' 'windows' '-batch' '-proj' './verification_results/00945/jgproject' '-tcl' './jasper_verif_check.tcl'
2026-02-23 13:40:33.847808 (1373064) main____ INFO      locale    : UTF-8
2026-02-23 13:40:33.847812 (1373064) main____ INFO    ----------------------------------------
2026-02-23 13:40:33.847816 (1373064) main____ INFO    System resource limits info:
2026-02-23 13:40:33.847821 (1373064) main____ INFO      virtual memory: unlimited
2026-02-23 13:40:33.847825 (1373064) main____ INFO      cpu time      : unlimited
2026-02-23 13:40:33.847829 (1373064) main____ INFO      stack size    : unlimited
2026-02-23 13:40:33.847834 (1373064) main____ INFO      core file size: unlimited
2026-02-23 13:40:33.847842 (1373064) main____ INFO      open files    : 131072
2026-02-23 13:40:33.847846 (1373064) main____ INFO      file size     : unlimited
2026-02-23 13:40:33.847850 (1373064) main____ INFO    ----------------------------------------
2026-02-23 13:40:33.847854 (1373064) main____ INFO    Memory statistics:
2026-02-23 13:40:33.847858 (1373064) main____ INFO      total physical memory  : 195972168 kB
2026-02-23 13:40:33.847862 (1373064) main____ INFO      free physical memory   : 96768936 kB
2026-02-23 13:40:33.847867 (1373064) main____ INFO      committed address space: 56191492 kB
2026-02-23 13:40:33.847870 (1373064) main____ INFO    ----------------------------------------
2026-02-23 13:40:33.848868 (1373064) main____ INFO    Important environment variables:
2026-02-23 13:40:33.848892 (1373064) main____ INFO      JASPER_HOME       : '/usr/licensed/cadence-20210126/jasper_2021.03'
2026-02-23 13:40:33.848899 (1373064) main____ INFO      JASPER_INSTALL_DIR: '/scratch/gpfs/LICENSED/x86_64/cadence-20210126/jasper_2021.03'
2026-02-23 13:40:33.848905 (1373064) main____ INFO      LANG              : 'en_US.UTF-8'
2026-02-23 13:40:33.848910 (1373064) main____ INFO      LM_LICENSE_FILE   : '5280@license.rc.princeton.edu'
2026-02-23 13:40:33.848915 (1373064) main____ INFO      TMPDIR            : '/tmp/ab2113/jg_5018805_11'
2026-02-23 13:40:33.848920 (1373064) main____ INFO    ----------------------------------------
2026-02-23 13:40:33.849492 (1373064) lic_core INFO    Initializing license system ...
2026-02-23 13:40:33.850017 (1373064) lic_core INFO    ... license system initialized.
2026-02-23 13:40:33.850883 (1373064) lic__man INFO    Claim 'fpv' for <ui>.
2026-02-23 13:40:33.850931 (1373064) lic_core INFO    (1) checking out 'jasper_fpv' ...
2026-02-23 13:40:33.856674 (1373064) lic_core INFO    ... (1) checkout failed (error: -5) ("FLEXnet ERROR(-5, 0, 0): No such feature exists.")
2026-02-23 13:40:33.856743 (1373064) lic_core INFO    (2) checking out 'jasper_fao' ...
2026-02-23 13:40:33.867207 (1373064) lic_core INFO    ... (2) checkout succeeded
2026-02-23 13:40:33.882269 (1373064) session_ INFO    Starting analysis session with session id 'session_0' (launcher: <local>) ...
2026-02-23 13:40:33.885599 (1373064) session_ INFO    Analysis session with session id 'session_0' started (pid: 1373072)
2026-02-23 13:40:34.702337 (1373064) session_ INFO    Analysis session 'session_0' connected to the console (host: 127.0.0.1:39368)
2026-02-23 13:40:35.320561 (1373064) main____ INFO    About to exit: request to exit with status 1 received from analysis session 'session_0'
2026-02-23 13:40:35.448390 (1373064) session_ INFO    Analysis session 'session_0' disconnected.
2026-02-23 13:40:35.448543 (1373064) lic__man INFO    Unclaim everything for 'session_0'.
2026-02-23 13:40:35.449804 (1373064) session_ INFO    Process for analysis session 'session_0' has exited with exit status '1'.
2026-02-23 13:40:37.426813 (1373064) lic_core INFO    (2) checkin jasper_fao
2026-02-23 13:40:37.428154 (1373064) main____ INFO    Exiting with status 1.
