2026-02-23 13:58:33.625996 (2565393) main____ INFO    ----------------------------------------
2026-02-23 13:58:33.626123 (2565393) main____ INFO    JasperGold version info
2026-02-23 13:58:33.626139 (2565393) main____ INFO      tool      : JasperGold 2021.03
2026-02-23 13:58:33.626148 (2565393) main____ INFO      version   : 2021.03 FCS 64 bits
2026-02-23 13:58:33.626154 (2565393) main____ INFO      build date: 2021.03.23 02:50:43 UTC
2026-02-23 13:58:33.626159 (2565393) main____ INFO    ----------------------------------------
2026-02-23 13:58:33.626163 (2565393) main____ INFO    Runtime info:
2026-02-23 13:58:33.626167 (2565393) main____ INFO      platform  : Linux 5.14.0-570.84.1.el9_6.x86_64 x86_64
2026-02-23 13:58:33.626173 (2565393) main____ INFO      hostname  : della-i13n7
2026-02-23 13:58:33.626179 (2565393) main____ INFO      pid       : 2565393
2026-02-23 13:58:33.626183 (2565393) main____ INFO      arguments : '-style' 'windows' '-batch' '-proj' './verification_results/04490/jgproject' '-tcl' './jasper_verif_check.tcl'
2026-02-23 13:58:33.626192 (2565393) main____ INFO      locale    : UTF-8
2026-02-23 13:58:33.626196 (2565393) main____ INFO    ----------------------------------------
2026-02-23 13:58:33.626200 (2565393) main____ INFO    System resource limits info:
2026-02-23 13:58:33.626204 (2565393) main____ INFO      virtual memory: unlimited
2026-02-23 13:58:33.626208 (2565393) main____ INFO      cpu time      : unlimited
2026-02-23 13:58:33.626213 (2565393) main____ INFO      stack size    : unlimited
2026-02-23 13:58:33.626217 (2565393) main____ INFO      core file size: unlimited
2026-02-23 13:58:33.626225 (2565393) main____ INFO      open files    : 131072
2026-02-23 13:58:33.626229 (2565393) main____ INFO      file size     : unlimited
2026-02-23 13:58:33.626232 (2565393) main____ INFO    ----------------------------------------
2026-02-23 13:58:33.626236 (2565393) main____ INFO    Memory statistics:
2026-02-23 13:58:33.626240 (2565393) main____ INFO      total physical memory  : 394157548 kB
2026-02-23 13:58:33.626244 (2565393) main____ INFO      free physical memory   : 124815848 kB
2026-02-23 13:58:33.626248 (2565393) main____ INFO      committed address space: 104013472 kB
2026-02-23 13:58:33.626251 (2565393) main____ INFO    ----------------------------------------
2026-02-23 13:58:33.627172 (2565393) main____ INFO    Important environment variables:
2026-02-23 13:58:33.627192 (2565393) main____ INFO      JASPER_HOME       : '/usr/licensed/cadence-20210126/jasper_2021.03'
2026-02-23 13:58:33.627198 (2565393) main____ INFO      JASPER_INSTALL_DIR: '/scratch/gpfs/LICENSED/x86_64/cadence-20210126/jasper_2021.03'
2026-02-23 13:58:33.627203 (2565393) main____ INFO      LANG              : 'en_US.UTF-8'
2026-02-23 13:58:33.627207 (2565393) main____ INFO      LM_LICENSE_FILE   : '5280@license.rc.princeton.edu'
2026-02-23 13:58:33.627212 (2565393) main____ INFO      TMPDIR            : '/tmp/ab2113/jg_5019150_82'
2026-02-23 13:58:33.627216 (2565393) main____ INFO    ----------------------------------------
2026-02-23 13:58:33.628100 (2565393) lic_core INFO    Initializing license system ...
2026-02-23 13:58:33.628979 (2565393) lic_core INFO    ... license system initialized.
2026-02-23 13:58:33.629822 (2565393) lic__man INFO    Claim 'fpv' for <ui>.
2026-02-23 13:58:33.629871 (2565393) lic_core INFO    (1) checking out 'jasper_fpv' ...
2026-02-23 13:58:33.635999 (2565393) lic_core INFO    ... (1) checkout failed (error: -5) ("FLEXnet ERROR(-5, 0, 0): No such feature exists.")
2026-02-23 13:58:33.636067 (2565393) lic_core INFO    (2) checking out 'jasper_fao' ...
2026-02-23 13:58:33.646719 (2565393) lic_core INFO    ... (2) checkout succeeded
2026-02-23 13:58:33.661503 (2565393) session_ INFO    Starting analysis session with session id 'session_0' (launcher: <local>) ...
2026-02-23 13:58:33.665280 (2565393) session_ INFO    Analysis session with session id 'session_0' started (pid: 2565401)
2026-02-23 13:58:34.529896 (2565393) session_ INFO    Analysis session 'session_0' connected to the console (host: 127.0.0.1:33880)
2026-02-23 13:58:35.413128 (2565393) main____ INFO    About to exit: request to exit with status 1 received from analysis session 'session_0'
2026-02-23 13:58:35.495854 (2565393) session_ INFO    Analysis session 'session_0' disconnected.
2026-02-23 13:58:35.496001 (2565393) lic__man INFO    Unclaim everything for 'session_0'.
2026-02-23 13:58:35.496658 (2565393) session_ INFO    Process for analysis session 'session_0' has exited with exit status '1'.
2026-02-23 13:58:37.364139 (2565393) lic_core INFO    (2) checkin jasper_fao
2026-02-23 13:58:37.365804 (2565393) main____ INFO    Exiting with status 1.
