2026-02-23 13:55:39.739267 (2688069) main____ INFO    ----------------------------------------
2026-02-23 13:55:39.739395 (2688069) main____ INFO    JasperGold version info
2026-02-23 13:55:39.739415 (2688069) main____ INFO      tool      : JasperGold 2021.03
2026-02-23 13:55:39.739426 (2688069) main____ INFO      version   : 2021.03 FCS 64 bits
2026-02-23 13:55:39.739431 (2688069) main____ INFO      build date: 2021.03.23 02:50:43 UTC
2026-02-23 13:55:39.739435 (2688069) main____ INFO    ----------------------------------------
2026-02-23 13:55:39.739440 (2688069) main____ INFO    Runtime info:
2026-02-23 13:55:39.739445 (2688069) main____ INFO      platform  : Linux 5.14.0-570.84.1.el9_6.x86_64 x86_64
2026-02-23 13:55:39.739452 (2688069) main____ INFO      hostname  : della-r3c3n12
2026-02-23 13:55:39.739457 (2688069) main____ INFO      pid       : 2688069
2026-02-23 13:55:39.739461 (2688069) main____ INFO      arguments : '-style' 'windows' '-batch' '-proj' './verification_results/04130/jgproject' '-tcl' './jasper_verif_check.tcl'
2026-02-23 13:55:39.739471 (2688069) main____ INFO      locale    : UTF-8
2026-02-23 13:55:39.739475 (2688069) main____ INFO    ----------------------------------------
2026-02-23 13:55:39.739479 (2688069) main____ INFO    System resource limits info:
2026-02-23 13:55:39.739484 (2688069) main____ INFO      virtual memory: unlimited
2026-02-23 13:55:39.739489 (2688069) main____ INFO      cpu time      : unlimited
2026-02-23 13:55:39.739493 (2688069) main____ INFO      stack size    : unlimited
2026-02-23 13:55:39.739497 (2688069) main____ INFO      core file size: unlimited
2026-02-23 13:55:39.739506 (2688069) main____ INFO      open files    : 131072
2026-02-23 13:55:39.739511 (2688069) main____ INFO      file size     : unlimited
2026-02-23 13:55:39.739515 (2688069) main____ INFO    ----------------------------------------
2026-02-23 13:55:39.739519 (2688069) main____ INFO    Memory statistics:
2026-02-23 13:55:39.739524 (2688069) main____ INFO      total physical memory  : 195972156 kB
2026-02-23 13:55:39.739528 (2688069) main____ INFO      free physical memory   : 109615984 kB
2026-02-23 13:55:39.739532 (2688069) main____ INFO      committed address space: 60717048 kB
2026-02-23 13:55:39.739536 (2688069) main____ INFO    ----------------------------------------
2026-02-23 13:55:39.740543 (2688069) main____ INFO    Important environment variables:
2026-02-23 13:55:39.740568 (2688069) main____ INFO      JASPER_HOME       : '/usr/licensed/cadence-20210126/jasper_2021.03'
2026-02-23 13:55:39.740575 (2688069) main____ INFO      JASPER_INSTALL_DIR: '/scratch/gpfs/LICENSED/x86_64/cadence-20210126/jasper_2021.03'
2026-02-23 13:55:39.740580 (2688069) main____ INFO      LANG              : 'en_US.UTF-8'
2026-02-23 13:55:39.740586 (2688069) main____ INFO      LM_LICENSE_FILE   : '5280@license.rc.princeton.edu'
2026-02-23 13:55:39.740591 (2688069) main____ INFO      TMPDIR            : '/tmp/ab2113/jg_5019110_75'
2026-02-23 13:55:39.740596 (2688069) main____ INFO    ----------------------------------------
2026-02-23 13:55:39.741535 (2688069) lic_core INFO    Initializing license system ...
2026-02-23 13:55:39.742446 (2688069) lic_core INFO    ... license system initialized.
2026-02-23 13:55:39.743268 (2688069) lic__man INFO    Claim 'fpv' for <ui>.
2026-02-23 13:55:39.743325 (2688069) lic_core INFO    (1) checking out 'jasper_fpv' ...
2026-02-23 13:55:39.748942 (2688069) lic_core INFO    ... (1) checkout failed (error: -5) ("FLEXnet ERROR(-5, 0, 0): No such feature exists.")
2026-02-23 13:55:39.749000 (2688069) lic_core INFO    (2) checking out 'jasper_fao' ...
2026-02-23 13:55:39.759860 (2688069) lic_core INFO    ... (2) checkout succeeded
2026-02-23 13:55:39.775535 (2688069) session_ INFO    Starting analysis session with session id 'session_0' (launcher: <local>) ...
2026-02-23 13:55:39.778596 (2688069) session_ INFO    Analysis session with session id 'session_0' started (pid: 2688077)
2026-02-23 13:55:40.552671 (2688069) session_ INFO    Analysis session 'session_0' connected to the console (host: 127.0.0.1:35450)
2026-02-23 13:55:41.460440 (2688069) main____ INFO    About to exit: request to exit with status 1 received from analysis session 'session_0'
2026-02-23 13:55:41.566410 (2688069) session_ INFO    Analysis session 'session_0' disconnected.
2026-02-23 13:55:41.566548 (2688069) lic__man INFO    Unclaim everything for 'session_0'.
2026-02-23 13:55:41.567089 (2688069) session_ INFO    Process for analysis session 'session_0' has exited with exit status '1'.
2026-02-23 13:55:43.422159 (2688069) lic_core INFO    (2) checkin jasper_fao
2026-02-23 13:55:43.424073 (2688069) main____ INFO    Exiting with status 1.
