2026-02-23 14:59:27.365247 (4176230) main____ INFO    ----------------------------------------
2026-02-23 14:59:27.365342 (4176230) main____ INFO    JasperGold version info
2026-02-23 14:59:27.365362 (4176230) main____ INFO      tool      : JasperGold 2021.03
2026-02-23 14:59:27.365371 (4176230) main____ INFO      version   : 2021.03 FCS 64 bits
2026-02-23 14:59:27.365376 (4176230) main____ INFO      build date: 2021.03.23 02:50:43 UTC
2026-02-23 14:59:27.365380 (4176230) main____ INFO    ----------------------------------------
2026-02-23 14:59:27.365384 (4176230) main____ INFO    Runtime info:
2026-02-23 14:59:27.365389 (4176230) main____ INFO      platform  : Linux 5.14.0-570.84.1.el9_6.x86_64 x86_64
2026-02-23 14:59:27.365395 (4176230) main____ INFO      hostname  : della-r3c2n12
2026-02-23 14:59:27.365400 (4176230) main____ INFO      pid       : 4176230
2026-02-23 14:59:27.365404 (4176230) main____ INFO      arguments : '-style' 'windows' '-batch' '-proj' './verification_results/04452/jgproject' '-tcl' './jasper_verif_check.tcl'
2026-02-23 14:59:27.365412 (4176230) main____ INFO      locale    : UTF-8
2026-02-23 14:59:27.365417 (4176230) main____ INFO    ----------------------------------------
2026-02-23 14:59:27.365421 (4176230) main____ INFO    System resource limits info:
2026-02-23 14:59:27.365425 (4176230) main____ INFO      virtual memory: unlimited
2026-02-23 14:59:27.365430 (4176230) main____ INFO      cpu time      : unlimited
2026-02-23 14:59:27.365434 (4176230) main____ INFO      stack size    : unlimited
2026-02-23 14:59:27.365438 (4176230) main____ INFO      core file size: unlimited
2026-02-23 14:59:27.365446 (4176230) main____ INFO      open files    : 131072
2026-02-23 14:59:27.365450 (4176230) main____ INFO      file size     : unlimited
2026-02-23 14:59:27.365454 (4176230) main____ INFO    ----------------------------------------
2026-02-23 14:59:27.365458 (4176230) main____ INFO    Memory statistics:
2026-02-23 14:59:27.365463 (4176230) main____ INFO      total physical memory  : 195972072 kB
2026-02-23 14:59:27.365467 (4176230) main____ INFO      free physical memory   : 141072308 kB
2026-02-23 14:59:27.365471 (4176230) main____ INFO      committed address space: 38039252 kB
2026-02-23 14:59:27.365475 (4176230) main____ INFO    ----------------------------------------
2026-02-23 14:59:27.366456 (4176230) main____ INFO    Important environment variables:
2026-02-23 14:59:27.366472 (4176230) main____ INFO      JASPER_HOME       : '/usr/licensed/cadence-20210126/jasper_2021.03'
2026-02-23 14:59:27.366478 (4176230) main____ INFO      JASPER_INSTALL_DIR: '/scratch/gpfs/LICENSED/x86_64/cadence-20210126/jasper_2021.03'
2026-02-23 14:59:27.366483 (4176230) main____ INFO      LANG              : 'en_US.UTF-8'
2026-02-23 14:59:27.366488 (4176230) main____ INFO      LM_LICENSE_FILE   : '5280@license.rc.princeton.edu'
2026-02-23 14:59:27.366493 (4176230) main____ INFO      TMPDIR            : '/tmp/ab2113/jg_5019149_81'
2026-02-23 14:59:27.366498 (4176230) main____ INFO    ----------------------------------------
2026-02-23 14:59:27.367321 (4176230) lic_core INFO    Initializing license system ...
2026-02-23 14:59:27.368129 (4176230) lic_core INFO    ... license system initialized.
2026-02-23 14:59:27.368931 (4176230) lic__man INFO    Claim 'fpv' for <ui>.
2026-02-23 14:59:27.368979 (4176230) lic_core INFO    (1) checking out 'jasper_fpv' ...
2026-02-23 14:59:27.374654 (4176230) lic_core INFO    ... (1) checkout failed (error: -5) ("FLEXnet ERROR(-5, 0, 0): No such feature exists.")
2026-02-23 14:59:27.374695 (4176230) lic_core INFO    (2) checking out 'jasper_fao' ...
2026-02-23 14:59:27.385140 (4176230) lic_core INFO    ... (2) checkout succeeded
2026-02-23 14:59:27.399851 (4176230) session_ INFO    Starting analysis session with session id 'session_0' (launcher: <local>) ...
2026-02-23 14:59:27.403078 (4176230) session_ INFO    Analysis session with session id 'session_0' started (pid: 4176238)
2026-02-23 14:59:28.094348 (4176230) session_ INFO    Analysis session 'session_0' connected to the console (host: 127.0.0.1:57960)
2026-02-23 14:59:28.912289 (4176230) lic__man INFO    Unclaim everything for 'session_0'.
2026-02-23 14:59:28.974021 (4176230) main____ INFO    About to exit: request to exit with status 3 received from analysis session 'session_0'
2026-02-23 14:59:29.045750 (4176230) session_ INFO    Analysis session 'session_0' disconnected.
2026-02-23 14:59:29.045891 (4176230) lic__man INFO    Unclaim everything for 'session_0'.
2026-02-23 14:59:29.046537 (4176230) session_ INFO    Process for analysis session 'session_0' has exited with exit status '3'.
2026-02-23 14:59:31.082978 (4176230) lic_core INFO    (2) checkin jasper_fao
2026-02-23 14:59:31.084405 (4176230) main____ INFO    Exiting with status 3.
