2026-02-23 13:41:30.940342 (2074565) main____ INFO    ----------------------------------------
2026-02-23 13:41:30.940434 (2074565) main____ INFO    JasperGold version info
2026-02-23 13:41:30.940452 (2074565) main____ INFO      tool      : JasperGold 2021.03
2026-02-23 13:41:30.940461 (2074565) main____ INFO      version   : 2021.03 FCS 64 bits
2026-02-23 13:41:30.940466 (2074565) main____ INFO      build date: 2021.03.23 02:50:43 UTC
2026-02-23 13:41:30.940470 (2074565) main____ INFO    ----------------------------------------
2026-02-23 13:41:30.940474 (2074565) main____ INFO    Runtime info:
2026-02-23 13:41:30.940479 (2074565) main____ INFO      platform  : Linux 5.14.0-570.84.1.el9_6.x86_64 x86_64
2026-02-23 13:41:30.940485 (2074565) main____ INFO      hostname  : della-r3c1n15
2026-02-23 13:41:30.940489 (2074565) main____ INFO      pid       : 2074565
2026-02-23 13:41:30.940494 (2074565) main____ INFO      arguments : '-style' 'windows' '-batch' '-proj' './verification_results/01384/jgproject' '-tcl' './jasper_verif_check.tcl'
2026-02-23 13:41:30.940501 (2074565) main____ INFO      locale    : UTF-8
2026-02-23 13:41:30.940505 (2074565) main____ INFO    ----------------------------------------
2026-02-23 13:41:30.940509 (2074565) main____ INFO    System resource limits info:
2026-02-23 13:41:30.940513 (2074565) main____ INFO      virtual memory: unlimited
2026-02-23 13:41:30.940518 (2074565) main____ INFO      cpu time      : unlimited
2026-02-23 13:41:30.940522 (2074565) main____ INFO      stack size    : unlimited
2026-02-23 13:41:30.940526 (2074565) main____ INFO      core file size: unlimited
2026-02-23 13:41:30.940533 (2074565) main____ INFO      open files    : 131072
2026-02-23 13:41:30.940537 (2074565) main____ INFO      file size     : unlimited
2026-02-23 13:41:30.940541 (2074565) main____ INFO    ----------------------------------------
2026-02-23 13:41:30.940545 (2074565) main____ INFO    Memory statistics:
2026-02-23 13:41:30.940550 (2074565) main____ INFO      total physical memory  : 195972072 kB
2026-02-23 13:41:30.940554 (2074565) main____ INFO      free physical memory   : 106830692 kB
2026-02-23 13:41:30.940558 (2074565) main____ INFO      committed address space: 17052416 kB
2026-02-23 13:41:30.940562 (2074565) main____ INFO    ----------------------------------------
2026-02-23 13:41:30.941518 (2074565) main____ INFO    Important environment variables:
2026-02-23 13:41:30.941532 (2074565) main____ INFO      JASPER_HOME       : '/usr/licensed/cadence-20210126/jasper_2021.03'
2026-02-23 13:41:30.941539 (2074565) main____ INFO      JASPER_INSTALL_DIR: '/scratch/gpfs/LICENSED/x86_64/cadence-20210126/jasper_2021.03'
2026-02-23 13:41:30.941544 (2074565) main____ INFO      LANG              : 'en_US.UTF-8'
2026-02-23 13:41:30.941549 (2074565) main____ INFO      LM_LICENSE_FILE   : '5280@license.rc.princeton.edu'
2026-02-23 13:41:30.941554 (2074565) main____ INFO      TMPDIR            : '/tmp/ab2113/jg_5018834_20'
2026-02-23 13:41:30.941558 (2074565) main____ INFO    ----------------------------------------
2026-02-23 13:41:30.942425 (2074565) lic_core INFO    Initializing license system ...
2026-02-23 13:41:30.943243 (2074565) lic_core INFO    ... license system initialized.
2026-02-23 13:41:30.944005 (2074565) lic__man INFO    Claim 'fpv' for <ui>.
2026-02-23 13:41:30.944044 (2074565) lic_core INFO    (1) checking out 'jasper_fpv' ...
2026-02-23 13:41:30.950386 (2074565) lic_core INFO    ... (1) checkout failed (error: -5) ("FLEXnet ERROR(-5, 0, 0): No such feature exists.")
2026-02-23 13:41:30.950417 (2074565) lic_core INFO    (2) checking out 'jasper_fao' ...
2026-02-23 13:41:30.961323 (2074565) lic_core INFO    ... (2) checkout succeeded
2026-02-23 13:41:30.976018 (2074565) session_ INFO    Starting analysis session with session id 'session_0' (launcher: <local>) ...
2026-02-23 13:41:30.978867 (2074565) session_ INFO    Analysis session with session id 'session_0' started (pid: 2074573)
2026-02-23 13:41:31.737843 (2074565) session_ INFO    Analysis session 'session_0' connected to the console (host: 127.0.0.1:50356)
2026-02-23 13:41:32.692262 (2074565) lic__man INFO    Unclaim everything for 'session_0'.
2026-02-23 13:41:32.762025 (2074565) lic__man INFO    Claim 'fpv' for 'session_0'.
2026-02-23 13:41:32.762073 (2074565) lic__man INFO    Claim 'fpv' for 'session_0/prove-0'.
2026-02-23 13:41:32.974058 (2074565) lic__man INFO    Unclaim everything for 'session_0/prove-0'.
2026-02-23 13:41:33.034275 (2074565) main____ INFO    About to exit: request to exit with status 0 received from analysis session 'session_0'
2026-02-23 13:41:33.124076 (2074565) session_ INFO    Analysis session 'session_0' disconnected.
2026-02-23 13:41:33.124216 (2074565) lic__man INFO    Unclaim everything for 'session_0'.
2026-02-23 13:41:33.124852 (2074565) session_ INFO    Process for analysis session 'session_0' has exited with exit status '0'.
2026-02-23 13:41:34.940232 (2074565) lic_core INFO    (2) checkin jasper_fao
2026-02-23 13:41:34.942143 (2074565) main____ INFO    Exiting with status 0.
