2026-02-23 13:40:32.857979 (2859282) main____ INFO    ----------------------------------------
2026-02-23 13:40:32.858049 (2859282) main____ INFO    JasperGold version info
2026-02-23 13:40:32.858064 (2859282) main____ INFO      tool      : JasperGold 2021.03
2026-02-23 13:40:32.858073 (2859282) main____ INFO      version   : 2021.03 FCS 64 bits
2026-02-23 13:40:32.858081 (2859282) main____ INFO      build date: 2021.03.23 02:50:43 UTC
2026-02-23 13:40:32.858086 (2859282) main____ INFO    ----------------------------------------
2026-02-23 13:40:32.858091 (2859282) main____ INFO    Runtime info:
2026-02-23 13:40:32.858097 (2859282) main____ INFO      platform  : Linux 5.14.0-570.84.1.el9_6.x86_64 x86_64
2026-02-23 13:40:32.858103 (2859282) main____ INFO      hostname  : della-h16n9
2026-02-23 13:40:32.858110 (2859282) main____ INFO      pid       : 2859282
2026-02-23 13:40:32.858115 (2859282) main____ INFO      arguments : '-style' 'windows' '-batch' '-proj' './verification_results/01281/jgproject' '-tcl' './jasper_verif_check.tcl'
2026-02-23 13:40:32.858123 (2859282) main____ INFO      locale    : UTF-8
2026-02-23 13:40:32.858128 (2859282) main____ INFO    ----------------------------------------
2026-02-23 13:40:32.858133 (2859282) main____ INFO    System resource limits info:
2026-02-23 13:40:32.858138 (2859282) main____ INFO      virtual memory: unlimited
2026-02-23 13:40:32.858143 (2859282) main____ INFO      cpu time      : unlimited
2026-02-23 13:40:32.858149 (2859282) main____ INFO      stack size    : unlimited
2026-02-23 13:40:32.858154 (2859282) main____ INFO      core file size: unlimited
2026-02-23 13:40:32.858163 (2859282) main____ INFO      open files    : 131072
2026-02-23 13:40:32.858169 (2859282) main____ INFO      file size     : unlimited
2026-02-23 13:40:32.858175 (2859282) main____ INFO    ----------------------------------------
2026-02-23 13:40:32.858180 (2859282) main____ INFO    Memory statistics:
2026-02-23 13:40:32.858185 (2859282) main____ INFO      total physical memory  : 1584164368 kB
2026-02-23 13:40:32.858190 (2859282) main____ INFO      free physical memory   : 833694900 kB
2026-02-23 13:40:32.858195 (2859282) main____ INFO      committed address space: 653660052 kB
2026-02-23 13:40:32.858200 (2859282) main____ INFO    ----------------------------------------
2026-02-23 13:40:32.858725 (2859282) main____ INFO    Important environment variables:
2026-02-23 13:40:32.858739 (2859282) main____ INFO      JASPER_HOME       : '/usr/licensed/cadence-20210126/jasper_2021.03'
2026-02-23 13:40:32.858745 (2859282) main____ INFO      JASPER_INSTALL_DIR: '/scratch/gpfs/LICENSED/x86_64/cadence-20210126/jasper_2021.03'
2026-02-23 13:40:32.858751 (2859282) main____ INFO      LANG              : 'en_US.UTF-8'
2026-02-23 13:40:32.858757 (2859282) main____ INFO      LM_LICENSE_FILE   : '5280@license.rc.princeton.edu'
2026-02-23 13:40:32.858762 (2859282) main____ INFO      TMPDIR            : '/tmp/ab2113/jg_5018829_18'
2026-02-23 13:40:32.858769 (2859282) main____ INFO    ----------------------------------------
2026-02-23 13:40:32.859296 (2859282) lic_core INFO    Initializing license system ...
2026-02-23 13:40:32.859839 (2859282) lic_core INFO    ... license system initialized.
2026-02-23 13:40:32.860596 (2859282) lic__man INFO    Claim 'fpv' for <ui>.
2026-02-23 13:40:32.860629 (2859282) lic_core INFO    (1) checking out 'jasper_fpv' ...
2026-02-23 13:40:32.866492 (2859282) lic_core INFO    ... (1) checkout failed (error: -5) ("FLEXnet ERROR(-5, 0, 0): No such feature exists.")
2026-02-23 13:40:32.866521 (2859282) lic_core INFO    (2) checking out 'jasper_fao' ...
2026-02-23 13:40:32.875628 (2859282) lic_core INFO    ... (2) checkout succeeded
2026-02-23 13:40:32.886527 (2859282) session_ INFO    Starting analysis session with session id 'session_0' (launcher: <local>) ...
2026-02-23 13:40:32.889213 (2859282) session_ INFO    Analysis session with session id 'session_0' started (pid: 2859313)
2026-02-23 13:40:33.488422 (2859282) session_ INFO    Analysis session 'session_0' connected to the console (host: 127.0.0.1:40834)
2026-02-23 13:40:34.256995 (2859282) lic__man INFO    Unclaim everything for 'session_0'.
2026-02-23 13:40:34.291220 (2859282) lic__man INFO    Claim 'fpv' for 'session_0'.
2026-02-23 13:40:34.291252 (2859282) lic__man INFO    Claim 'fpv' for 'session_0/prove-0'.
2026-02-23 13:40:34.462679 (2859282) lic__man INFO    Unclaim everything for 'session_0/prove-0'.
2026-02-23 13:40:34.515975 (2859282) main____ INFO    About to exit: request to exit with status 0 received from analysis session 'session_0'
2026-02-23 13:40:34.576612 (2859282) session_ INFO    Analysis session 'session_0' disconnected.
2026-02-23 13:40:34.576749 (2859282) lic__man INFO    Unclaim everything for 'session_0'.
2026-02-23 13:40:34.577482 (2859282) session_ INFO    Process for analysis session 'session_0' has exited with exit status '0'.
2026-02-23 13:40:36.624459 (2859282) lic_core INFO    (2) checkin jasper_fao
2026-02-23 13:40:36.625854 (2859282) main____ INFO    Exiting with status 0.
