2026-02-20 17:36:00.205428 (2535540) main____ INFO    ----------------------------------------
2026-02-20 17:36:00.205539 (2535540) main____ INFO    JasperGold version info
2026-02-20 17:36:00.205561 (2535540) main____ INFO      tool      : JasperGold 2021.03
2026-02-20 17:36:00.205570 (2535540) main____ INFO      version   : 2021.03 FCS 64 bits
2026-02-20 17:36:00.205575 (2535540) main____ INFO      build date: 2021.03.23 02:50:43 UTC
2026-02-20 17:36:00.205580 (2535540) main____ INFO    ----------------------------------------
2026-02-20 17:36:00.205584 (2535540) main____ INFO    Runtime info:
2026-02-20 17:36:00.205589 (2535540) main____ INFO      platform  : Linux 5.14.0-570.84.1.el9_6.x86_64 x86_64
2026-02-20 17:36:00.205595 (2535540) main____ INFO      hostname  : della-i13n22
2026-02-20 17:36:00.205599 (2535540) main____ INFO      pid       : 2535540
2026-02-20 17:36:00.205604 (2535540) main____ INFO      arguments : '-style' 'windows' '-batch' '-proj' 'verification_results/00278/jgproject' '-tcl' './jasper_verif_check.tcl'
2026-02-20 17:36:00.205612 (2535540) main____ INFO      locale    : UTF-8
2026-02-20 17:36:00.205616 (2535540) main____ INFO    ----------------------------------------
2026-02-20 17:36:00.205619 (2535540) main____ INFO    System resource limits info:
2026-02-20 17:36:00.205624 (2535540) main____ INFO      virtual memory: unlimited
2026-02-20 17:36:00.205628 (2535540) main____ INFO      cpu time      : unlimited
2026-02-20 17:36:00.205632 (2535540) main____ INFO      stack size    : unlimited
2026-02-20 17:36:00.205636 (2535540) main____ INFO      core file size: unlimited
2026-02-20 17:36:00.205644 (2535540) main____ INFO      open files    : 131072
2026-02-20 17:36:00.205648 (2535540) main____ INFO      file size     : unlimited
2026-02-20 17:36:00.205652 (2535540) main____ INFO    ----------------------------------------
2026-02-20 17:36:00.205655 (2535540) main____ INFO    Memory statistics:
2026-02-20 17:36:00.205660 (2535540) main____ INFO      total physical memory  : 394157548 kB
2026-02-20 17:36:00.205663 (2535540) main____ INFO      free physical memory   : 192971364 kB
2026-02-20 17:36:00.205667 (2535540) main____ INFO      committed address space: 166498652 kB
2026-02-20 17:36:00.205670 (2535540) main____ INFO    ----------------------------------------
2026-02-20 17:36:00.206573 (2535540) main____ INFO    Important environment variables:
2026-02-20 17:36:00.206592 (2535540) main____ INFO      JASPER_HOME       : '/usr/licensed/cadence-20210126/jasper_2021.03'
2026-02-20 17:36:00.206598 (2535540) main____ INFO      JASPER_INSTALL_DIR: '/scratch/gpfs/LICENSED/x86_64/cadence-20210126/jasper_2021.03'
2026-02-20 17:36:00.206603 (2535540) main____ INFO      LANG              : 'en_US.UTF-8'
2026-02-20 17:36:00.206608 (2535540) main____ INFO      LM_LICENSE_FILE   : '5280@license.rc.princeton.edu'
2026-02-20 17:36:00.206612 (2535540) main____ INFO      TMPDIR            : '/tmp'
2026-02-20 17:36:00.206617 (2535540) main____ INFO    ----------------------------------------
2026-02-20 17:36:00.207565 (2535540) lic_core INFO    Initializing license system ...
2026-02-20 17:36:00.208525 (2535540) lic_core INFO    ... license system initialized.
2026-02-20 17:36:00.209398 (2535540) lic__man INFO    Claim 'fpv' for <ui>.
2026-02-20 17:36:00.209443 (2535540) lic_core INFO    (1) checking out 'jasper_fpv' ...
2026-02-20 17:36:00.215462 (2535540) lic_core INFO    ... (1) checkout failed (error: -5) ("FLEXnet ERROR(-5, 0, 0): No such feature exists.")
2026-02-20 17:36:00.215536 (2535540) lic_core INFO    (2) checking out 'jasper_fao' ...
2026-02-20 17:36:00.226590 (2535540) lic_core INFO    ... (2) checkout succeeded
2026-02-20 17:36:00.240998 (2535540) session_ INFO    Starting analysis session with session id 'session_0' (launcher: <local>) ...
2026-02-20 17:36:00.244295 (2535540) session_ INFO    Analysis session with session id 'session_0' started (pid: 2535548)
2026-02-20 17:36:01.003216 (2535540) session_ INFO    Analysis session 'session_0' connected to the console (host: 127.0.0.1:53554)
2026-02-20 17:36:01.908962 (2535540) lic__man INFO    Unclaim everything for 'session_0'.
2026-02-20 17:36:01.960438 (2535540) lic__man INFO    Claim 'fpv' for 'session_0'.
2026-02-20 17:36:01.960502 (2535540) lic__man INFO    Claim 'fpv' for 'session_0/prove-0'.
2026-02-20 17:36:09.185470 (2535540) lic__man INFO    Unclaim everything for 'session_0/prove-0'.
2026-02-20 17:36:09.243509 (2535540) main____ INFO    About to exit: request to exit with status 0 received from analysis session 'session_0'
2026-02-20 17:36:09.347698 (2535540) session_ INFO    Analysis session 'session_0' disconnected.
2026-02-20 17:36:09.347822 (2535540) lic__man INFO    Unclaim everything for 'session_0'.
2026-02-20 17:36:09.348461 (2535540) session_ INFO    Process for analysis session 'session_0' has exited with exit status '0'.
2026-02-20 17:36:11.148476 (2535540) lic_core INFO    (2) checkin jasper_fao
2026-02-20 17:36:11.149984 (2535540) main____ INFO    Exiting with status 0.
