2026-02-23 13:40:06.851149 (1372397) main____ INFO    ----------------------------------------
2026-02-23 13:40:06.851275 (1372397) main____ INFO    JasperGold version info
2026-02-23 13:40:06.851298 (1372397) main____ INFO      tool      : JasperGold 2021.03
2026-02-23 13:40:06.851308 (1372397) main____ INFO      version   : 2021.03 FCS 64 bits
2026-02-23 13:40:06.851314 (1372397) main____ INFO      build date: 2021.03.23 02:50:43 UTC
2026-02-23 13:40:06.851319 (1372397) main____ INFO    ----------------------------------------
2026-02-23 13:40:06.851323 (1372397) main____ INFO    Runtime info:
2026-02-23 13:40:06.851328 (1372397) main____ INFO      platform  : Linux 5.14.0-570.84.1.el9_6.x86_64 x86_64
2026-02-23 13:40:06.851335 (1372397) main____ INFO      hostname  : della-r3c3n3
2026-02-23 13:40:06.851341 (1372397) main____ INFO      pid       : 1372397
2026-02-23 13:40:06.851345 (1372397) main____ INFO      arguments : '-style' 'windows' '-batch' '-proj' './verification_results/00938/jgproject' '-tcl' './jasper_verif_check.tcl'
2026-02-23 13:40:06.851354 (1372397) main____ INFO      locale    : UTF-8
2026-02-23 13:40:06.851359 (1372397) main____ INFO    ----------------------------------------
2026-02-23 13:40:06.851363 (1372397) main____ INFO    System resource limits info:
2026-02-23 13:40:06.851367 (1372397) main____ INFO      virtual memory: unlimited
2026-02-23 13:40:06.851372 (1372397) main____ INFO      cpu time      : unlimited
2026-02-23 13:40:06.851376 (1372397) main____ INFO      stack size    : unlimited
2026-02-23 13:40:06.851380 (1372397) main____ INFO      core file size: unlimited
2026-02-23 13:40:06.851388 (1372397) main____ INFO      open files    : 131072
2026-02-23 13:40:06.851393 (1372397) main____ INFO      file size     : unlimited
2026-02-23 13:40:06.851397 (1372397) main____ INFO    ----------------------------------------
2026-02-23 13:40:06.851401 (1372397) main____ INFO    Memory statistics:
2026-02-23 13:40:06.851405 (1372397) main____ INFO      total physical memory  : 195972168 kB
2026-02-23 13:40:06.851409 (1372397) main____ INFO      free physical memory   : 94875956 kB
2026-02-23 13:40:06.851413 (1372397) main____ INFO      committed address space: 57008764 kB
2026-02-23 13:40:06.851426 (1372397) main____ INFO    ----------------------------------------
2026-02-23 13:40:06.852468 (1372397) main____ INFO    Important environment variables:
2026-02-23 13:40:06.852490 (1372397) main____ INFO      JASPER_HOME       : '/usr/licensed/cadence-20210126/jasper_2021.03'
2026-02-23 13:40:06.852497 (1372397) main____ INFO      JASPER_INSTALL_DIR: '/scratch/gpfs/LICENSED/x86_64/cadence-20210126/jasper_2021.03'
2026-02-23 13:40:06.852503 (1372397) main____ INFO      LANG              : 'en_US.UTF-8'
2026-02-23 13:40:06.852508 (1372397) main____ INFO      LM_LICENSE_FILE   : '5280@license.rc.princeton.edu'
2026-02-23 13:40:06.852513 (1372397) main____ INFO      TMPDIR            : '/tmp/ab2113/jg_5018805_11'
2026-02-23 13:40:06.852517 (1372397) main____ INFO    ----------------------------------------
2026-02-23 13:40:06.853578 (1372397) lic_core INFO    Initializing license system ...
2026-02-23 13:40:06.854484 (1372397) lic_core INFO    ... license system initialized.
2026-02-23 13:40:06.855303 (1372397) lic__man INFO    Claim 'fpv' for <ui>.
2026-02-23 13:40:06.855346 (1372397) lic_core INFO    (1) checking out 'jasper_fpv' ...
2026-02-23 13:40:06.860977 (1372397) lic_core INFO    ... (1) checkout failed (error: -5) ("FLEXnet ERROR(-5, 0, 0): No such feature exists.")
2026-02-23 13:40:06.861047 (1372397) lic_core INFO    (2) checking out 'jasper_fao' ...
2026-02-23 13:40:06.872708 (1372397) lic_core INFO    ... (2) checkout succeeded
2026-02-23 13:40:06.889298 (1372397) session_ INFO    Starting analysis session with session id 'session_0' (launcher: <local>) ...
2026-02-23 13:40:06.892584 (1372397) session_ INFO    Analysis session with session id 'session_0' started (pid: 1372405)
2026-02-23 13:40:07.697586 (1372397) session_ INFO    Analysis session 'session_0' connected to the console (host: 127.0.0.1:38516)
2026-02-23 13:40:08.324545 (1372397) main____ INFO    About to exit: request to exit with status 1 received from analysis session 'session_0'
2026-02-23 13:40:08.411934 (1372397) session_ INFO    Analysis session 'session_0' disconnected.
2026-02-23 13:40:08.412097 (1372397) lic__man INFO    Unclaim everything for 'session_0'.
2026-02-23 13:40:08.412701 (1372397) session_ INFO    Process for analysis session 'session_0' has exited with exit status '1'.
2026-02-23 13:40:10.430594 (1372397) lic_core INFO    (2) checkin jasper_fao
2026-02-23 13:40:10.431881 (1372397) main____ INFO    Exiting with status 1.
