2026-02-23 13:41:09.382599 (2866354) main____ INFO    ----------------------------------------
2026-02-23 13:41:09.382686 (2866354) main____ INFO    JasperGold version info
2026-02-23 13:41:09.382703 (2866354) main____ INFO      tool      : JasperGold 2021.03
2026-02-23 13:41:09.382712 (2866354) main____ INFO      version   : 2021.03 FCS 64 bits
2026-02-23 13:41:09.382720 (2866354) main____ INFO      build date: 2021.03.23 02:50:43 UTC
2026-02-23 13:41:09.382725 (2866354) main____ INFO    ----------------------------------------
2026-02-23 13:41:09.382730 (2866354) main____ INFO    Runtime info:
2026-02-23 13:41:09.382737 (2866354) main____ INFO      platform  : Linux 5.14.0-570.84.1.el9_6.x86_64 x86_64
2026-02-23 13:41:09.382743 (2866354) main____ INFO      hostname  : della-h16n9
2026-02-23 13:41:09.382749 (2866354) main____ INFO      pid       : 2866354
2026-02-23 13:41:09.382754 (2866354) main____ INFO      arguments : '-style' 'windows' '-batch' '-proj' './verification_results/01241/jgproject' '-tcl' './jasper_verif_check.tcl'
2026-02-23 13:41:09.382763 (2866354) main____ INFO      locale    : UTF-8
2026-02-23 13:41:09.382768 (2866354) main____ INFO    ----------------------------------------
2026-02-23 13:41:09.382773 (2866354) main____ INFO    System resource limits info:
2026-02-23 13:41:09.382780 (2866354) main____ INFO      virtual memory: unlimited
2026-02-23 13:41:09.382785 (2866354) main____ INFO      cpu time      : unlimited
2026-02-23 13:41:09.382790 (2866354) main____ INFO      stack size    : unlimited
2026-02-23 13:41:09.382796 (2866354) main____ INFO      core file size: unlimited
2026-02-23 13:41:09.382803 (2866354) main____ INFO      open files    : 131072
2026-02-23 13:41:09.382811 (2866354) main____ INFO      file size     : unlimited
2026-02-23 13:41:09.382816 (2866354) main____ INFO    ----------------------------------------
2026-02-23 13:41:09.382821 (2866354) main____ INFO    Memory statistics:
2026-02-23 13:41:09.382828 (2866354) main____ INFO      total physical memory  : 1584164368 kB
2026-02-23 13:41:09.382833 (2866354) main____ INFO      free physical memory   : 834192520 kB
2026-02-23 13:41:09.382838 (2866354) main____ INFO      committed address space: 653038956 kB
2026-02-23 13:41:09.382843 (2866354) main____ INFO    ----------------------------------------
2026-02-23 13:41:09.383379 (2866354) main____ INFO    Important environment variables:
2026-02-23 13:41:09.383396 (2866354) main____ INFO      JASPER_HOME       : '/usr/licensed/cadence-20210126/jasper_2021.03'
2026-02-23 13:41:09.383402 (2866354) main____ INFO      JASPER_INSTALL_DIR: '/scratch/gpfs/LICENSED/x86_64/cadence-20210126/jasper_2021.03'
2026-02-23 13:41:09.383408 (2866354) main____ INFO      LANG              : 'en_US.UTF-8'
2026-02-23 13:41:09.383414 (2866354) main____ INFO      LM_LICENSE_FILE   : '5280@license.rc.princeton.edu'
2026-02-23 13:41:09.383420 (2866354) main____ INFO      TMPDIR            : '/tmp/ab2113/jg_5018828_17'
2026-02-23 13:41:09.383425 (2866354) main____ INFO    ----------------------------------------
2026-02-23 13:41:09.383971 (2866354) lic_core INFO    Initializing license system ...
2026-02-23 13:41:09.384533 (2866354) lic_core INFO    ... license system initialized.
2026-02-23 13:41:09.385345 (2866354) lic__man INFO    Claim 'fpv' for <ui>.
2026-02-23 13:41:09.385378 (2866354) lic_core INFO    (1) checking out 'jasper_fpv' ...
2026-02-23 13:41:09.390749 (2866354) lic_core INFO    ... (1) checkout failed (error: -5) ("FLEXnet ERROR(-5, 0, 0): No such feature exists.")
2026-02-23 13:41:09.390776 (2866354) lic_core INFO    (2) checking out 'jasper_fao' ...
2026-02-23 13:41:09.400591 (2866354) lic_core INFO    ... (2) checkout succeeded
2026-02-23 13:41:09.411419 (2866354) session_ INFO    Starting analysis session with session id 'session_0' (launcher: <local>) ...
2026-02-23 13:41:09.414213 (2866354) session_ INFO    Analysis session with session id 'session_0' started (pid: 2866362)
2026-02-23 13:41:10.048433 (2866354) session_ INFO    Analysis session 'session_0' connected to the console (host: 127.0.0.1:59310)
2026-02-23 13:41:10.560981 (2866354) main____ INFO    About to exit: request to exit with status 1 received from analysis session 'session_0'
2026-02-23 13:41:10.613739 (2866354) session_ INFO    Analysis session 'session_0' disconnected.
2026-02-23 13:41:10.613874 (2866354) lic__man INFO    Unclaim everything for 'session_0'.
2026-02-23 13:41:10.614677 (2866354) session_ INFO    Process for analysis session 'session_0' has exited with exit status '1'.
2026-02-23 13:41:12.662003 (2866354) lic_core INFO    (2) checkin jasper_fao
2026-02-23 13:41:12.663544 (2866354) main____ INFO    Exiting with status 1.
