2026-02-23 13:39:41.338572 (1453045) main____ INFO    ----------------------------------------
2026-02-23 13:39:41.338656 (1453045) main____ INFO    JasperGold version info
2026-02-23 13:39:41.338675 (1453045) main____ INFO      tool      : JasperGold 2021.03
2026-02-23 13:39:41.338683 (1453045) main____ INFO      version   : 2021.03 FCS 64 bits
2026-02-23 13:39:41.338689 (1453045) main____ INFO      build date: 2021.03.23 02:50:43 UTC
2026-02-23 13:39:41.338694 (1453045) main____ INFO    ----------------------------------------
2026-02-23 13:39:41.338699 (1453045) main____ INFO    Runtime info:
2026-02-23 13:39:41.338704 (1453045) main____ INFO      platform  : Linux 5.14.0-570.84.1.el9_6.x86_64 x86_64
2026-02-23 13:39:41.338711 (1453045) main____ INFO      hostname  : della-h14n5
2026-02-23 13:39:41.338717 (1453045) main____ INFO      pid       : 1453045
2026-02-23 13:39:41.338722 (1453045) main____ INFO      arguments : '-style' 'windows' '-batch' '-proj' './verification_results/01025/jgproject' '-tcl' './jasper_verif_check.tcl'
2026-02-23 13:39:41.338730 (1453045) main____ INFO      locale    : UTF-8
2026-02-23 13:39:41.338735 (1453045) main____ INFO    ----------------------------------------
2026-02-23 13:39:41.338741 (1453045) main____ INFO    System resource limits info:
2026-02-23 13:39:41.338747 (1453045) main____ INFO      virtual memory: unlimited
2026-02-23 13:39:41.338753 (1453045) main____ INFO      cpu time      : unlimited
2026-02-23 13:39:41.338758 (1453045) main____ INFO      stack size    : unlimited
2026-02-23 13:39:41.338763 (1453045) main____ INFO      core file size: unlimited
2026-02-23 13:39:41.338773 (1453045) main____ INFO      open files    : 131072
2026-02-23 13:39:41.338778 (1453045) main____ INFO      file size     : unlimited
2026-02-23 13:39:41.338782 (1453045) main____ INFO    ----------------------------------------
2026-02-23 13:39:41.338787 (1453045) main____ INFO    Memory statistics:
2026-02-23 13:39:41.338793 (1453045) main____ INFO      total physical memory  : 1584164368 kB
2026-02-23 13:39:41.338798 (1453045) main____ INFO      free physical memory   : 699399724 kB
2026-02-23 13:39:41.338803 (1453045) main____ INFO      committed address space: 536013964 kB
2026-02-23 13:39:41.338808 (1453045) main____ INFO    ----------------------------------------
2026-02-23 13:39:41.339344 (1453045) main____ INFO    Important environment variables:
2026-02-23 13:39:41.339357 (1453045) main____ INFO      JASPER_HOME       : '/usr/licensed/cadence-20210126/jasper_2021.03'
2026-02-23 13:39:41.339363 (1453045) main____ INFO      JASPER_INSTALL_DIR: '/scratch/gpfs/LICENSED/x86_64/cadence-20210126/jasper_2021.03'
2026-02-23 13:39:41.339370 (1453045) main____ INFO      LANG              : 'en_US.UTF-8'
2026-02-23 13:39:41.339375 (1453045) main____ INFO      LM_LICENSE_FILE   : '5280@license.rc.princeton.edu'
2026-02-23 13:39:41.339381 (1453045) main____ INFO      TMPDIR            : '/tmp/ab2113/jg_5018816_13'
2026-02-23 13:39:41.339385 (1453045) main____ INFO    ----------------------------------------
2026-02-23 13:39:41.339909 (1453045) lic_core INFO    Initializing license system ...
2026-02-23 13:39:41.340496 (1453045) lic_core INFO    ... license system initialized.
2026-02-23 13:39:41.341317 (1453045) lic__man INFO    Claim 'fpv' for <ui>.
2026-02-23 13:39:41.341353 (1453045) lic_core INFO    (1) checking out 'jasper_fpv' ...
2026-02-23 13:39:41.347286 (1453045) lic_core INFO    ... (1) checkout failed (error: -5) ("FLEXnet ERROR(-5, 0, 0): No such feature exists.")
2026-02-23 13:39:41.347315 (1453045) lic_core INFO    (2) checking out 'jasper_fao' ...
2026-02-23 13:39:41.355951 (1453045) lic_core INFO    ... (2) checkout succeeded
2026-02-23 13:39:41.369389 (1453045) session_ INFO    Starting analysis session with session id 'session_0' (launcher: <local>) ...
2026-02-23 13:39:41.372584 (1453045) session_ INFO    Analysis session with session id 'session_0' started (pid: 1453055)
2026-02-23 13:39:42.003604 (1453045) session_ INFO    Analysis session 'session_0' connected to the console (host: 127.0.0.1:46236)
2026-02-23 13:39:42.541546 (1453045) main____ INFO    About to exit: request to exit with status 1 received from analysis session 'session_0'
2026-02-23 13:39:42.597286 (1453045) session_ INFO    Analysis session 'session_0' disconnected.
2026-02-23 13:39:42.597449 (1453045) lic__man INFO    Unclaim everything for 'session_0'.
2026-02-23 13:39:42.598060 (1453045) session_ INFO    Process for analysis session 'session_0' has exited with exit status '1'.
2026-02-23 13:39:44.582658 (1453045) lic_core INFO    (2) checkin jasper_fao
2026-02-23 13:39:44.583753 (1453045) main____ INFO    Exiting with status 1.
