2026-02-20 17:39:50.390981 (2542434) main____ INFO    ----------------------------------------
2026-02-20 17:39:50.391109 (2542434) main____ INFO    JasperGold version info
2026-02-20 17:39:50.391131 (2542434) main____ INFO      tool      : JasperGold 2021.03
2026-02-20 17:39:50.391142 (2542434) main____ INFO      version   : 2021.03 FCS 64 bits
2026-02-20 17:39:50.391148 (2542434) main____ INFO      build date: 2021.03.23 02:50:43 UTC
2026-02-20 17:39:50.391152 (2542434) main____ INFO    ----------------------------------------
2026-02-20 17:39:50.391157 (2542434) main____ INFO    Runtime info:
2026-02-20 17:39:50.391161 (2542434) main____ INFO      platform  : Linux 5.14.0-570.84.1.el9_6.x86_64 x86_64
2026-02-20 17:39:50.391168 (2542434) main____ INFO      hostname  : della-i13n22
2026-02-20 17:39:50.391173 (2542434) main____ INFO      pid       : 2542434
2026-02-20 17:39:50.391177 (2542434) main____ INFO      arguments : '-style' 'windows' '-batch' '-proj' 'verification_results/00335/jgproject' '-tcl' './jasper_verif_check.tcl'
2026-02-20 17:39:50.391186 (2542434) main____ INFO      locale    : UTF-8
2026-02-20 17:39:50.391190 (2542434) main____ INFO    ----------------------------------------
2026-02-20 17:39:50.391194 (2542434) main____ INFO    System resource limits info:
2026-02-20 17:39:50.391198 (2542434) main____ INFO      virtual memory: unlimited
2026-02-20 17:39:50.391202 (2542434) main____ INFO      cpu time      : unlimited
2026-02-20 17:39:50.391206 (2542434) main____ INFO      stack size    : unlimited
2026-02-20 17:39:50.391210 (2542434) main____ INFO      core file size: unlimited
2026-02-20 17:39:50.391217 (2542434) main____ INFO      open files    : 131072
2026-02-20 17:39:50.391222 (2542434) main____ INFO      file size     : unlimited
2026-02-20 17:39:50.391225 (2542434) main____ INFO    ----------------------------------------
2026-02-20 17:39:50.391229 (2542434) main____ INFO    Memory statistics:
2026-02-20 17:39:50.391233 (2542434) main____ INFO      total physical memory  : 394157548 kB
2026-02-20 17:39:50.391237 (2542434) main____ INFO      free physical memory   : 191240464 kB
2026-02-20 17:39:50.391241 (2542434) main____ INFO      committed address space: 167992056 kB
2026-02-20 17:39:50.391245 (2542434) main____ INFO    ----------------------------------------
2026-02-20 17:39:50.392141 (2542434) main____ INFO    Important environment variables:
2026-02-20 17:39:50.392159 (2542434) main____ INFO      JASPER_HOME       : '/usr/licensed/cadence-20210126/jasper_2021.03'
2026-02-20 17:39:50.392166 (2542434) main____ INFO      JASPER_INSTALL_DIR: '/scratch/gpfs/LICENSED/x86_64/cadence-20210126/jasper_2021.03'
2026-02-20 17:39:50.392171 (2542434) main____ INFO      LANG              : 'en_US.UTF-8'
2026-02-20 17:39:50.392176 (2542434) main____ INFO      LM_LICENSE_FILE   : '5280@license.rc.princeton.edu'
2026-02-20 17:39:50.392181 (2542434) main____ INFO      TMPDIR            : '/tmp'
2026-02-20 17:39:50.392185 (2542434) main____ INFO    ----------------------------------------
2026-02-20 17:39:50.393169 (2542434) lic_core INFO    Initializing license system ...
2026-02-20 17:39:50.394114 (2542434) lic_core INFO    ... license system initialized.
2026-02-20 17:39:50.394966 (2542434) lic__man INFO    Claim 'fpv' for <ui>.
2026-02-20 17:39:50.395011 (2542434) lic_core INFO    (1) checking out 'jasper_fpv' ...
2026-02-20 17:39:50.401339 (2542434) lic_core INFO    ... (1) checkout failed (error: -5) ("FLEXnet ERROR(-5, 0, 0): No such feature exists.")
2026-02-20 17:39:50.401404 (2542434) lic_core INFO    (2) checking out 'jasper_fao' ...
2026-02-20 17:39:50.411567 (2542434) lic_core INFO    ... (2) checkout succeeded
2026-02-20 17:39:50.426680 (2542434) session_ INFO    Starting analysis session with session id 'session_0' (launcher: <local>) ...
2026-02-20 17:39:50.430067 (2542434) session_ INFO    Analysis session with session id 'session_0' started (pid: 2542442)
2026-02-20 17:39:51.184775 (2542434) session_ INFO    Analysis session 'session_0' connected to the console (host: 127.0.0.1:43650)
2026-02-20 17:39:52.027634 (2542434) lic__man INFO    Unclaim everything for 'session_0'.
2026-02-20 17:39:52.100522 (2542434) main____ INFO    About to exit: request to exit with status 3 received from analysis session 'session_0'
2026-02-20 17:39:52.192608 (2542434) session_ INFO    Analysis session 'session_0' disconnected.
2026-02-20 17:39:52.192770 (2542434) lic__man INFO    Unclaim everything for 'session_0'.
2026-02-20 17:39:52.193359 (2542434) session_ INFO    Process for analysis session 'session_0' has exited with exit status '3'.
2026-02-20 17:39:54.038695 (2542434) lic_core INFO    (2) checkin jasper_fao
2026-02-20 17:39:54.040260 (2542434) main____ INFO    Exiting with status 3.
