2026-02-23 13:46:45.306689 (127021) main____ INFO    ----------------------------------------
2026-02-23 13:46:45.306771 (127021) main____ INFO    JasperGold version info
2026-02-23 13:46:45.306788 (127021) main____ INFO      tool      : JasperGold 2021.03
2026-02-23 13:46:45.306796 (127021) main____ INFO      version   : 2021.03 FCS 64 bits
2026-02-23 13:46:45.306803 (127021) main____ INFO      build date: 2021.03.23 02:50:43 UTC
2026-02-23 13:46:45.306808 (127021) main____ INFO    ----------------------------------------
2026-02-23 13:46:45.306822 (127021) main____ INFO    Runtime info:
2026-02-23 13:46:45.306828 (127021) main____ INFO      platform  : Linux 5.14.0-570.84.1.el9_6.x86_64 x86_64
2026-02-23 13:46:45.306834 (127021) main____ INFO      hostname  : della-h14n2
2026-02-23 13:46:45.306840 (127021) main____ INFO      pid       : 127021
2026-02-23 13:46:45.306846 (127021) main____ INFO      arguments : '-style' 'windows' '-batch' '-proj' './verification_results/02436/jgproject' '-tcl' './jasper_verif_check.tcl'
2026-02-23 13:46:45.306855 (127021) main____ INFO      locale    : UTF-8
2026-02-23 13:46:45.306861 (127021) main____ INFO    ----------------------------------------
2026-02-23 13:46:45.306865 (127021) main____ INFO    System resource limits info:
2026-02-23 13:46:45.306870 (127021) main____ INFO      virtual memory: unlimited
2026-02-23 13:46:45.306875 (127021) main____ INFO      cpu time      : unlimited
2026-02-23 13:46:45.306881 (127021) main____ INFO      stack size    : unlimited
2026-02-23 13:46:45.306886 (127021) main____ INFO      core file size: unlimited
2026-02-23 13:46:45.306893 (127021) main____ INFO      open files    : 131072
2026-02-23 13:46:45.306899 (127021) main____ INFO      file size     : unlimited
2026-02-23 13:46:45.306904 (127021) main____ INFO    ----------------------------------------
2026-02-23 13:46:45.306911 (127021) main____ INFO    Memory statistics:
2026-02-23 13:46:45.306916 (127021) main____ INFO      total physical memory  : 1584164328 kB
2026-02-23 13:46:45.306921 (127021) main____ INFO      free physical memory   : 743662216 kB
2026-02-23 13:46:45.306926 (127021) main____ INFO      committed address space: 675607788 kB
2026-02-23 13:46:45.306931 (127021) main____ INFO    ----------------------------------------
2026-02-23 13:46:45.307464 (127021) main____ INFO    Important environment variables:
2026-02-23 13:46:45.307479 (127021) main____ INFO      JASPER_HOME       : '/usr/licensed/cadence-20210126/jasper_2021.03'
2026-02-23 13:46:45.307485 (127021) main____ INFO      JASPER_INSTALL_DIR: '/scratch/gpfs/LICENSED/x86_64/cadence-20210126/jasper_2021.03'
2026-02-23 13:46:45.307491 (127021) main____ INFO      LANG              : 'en_US.UTF-8'
2026-02-23 13:46:45.307496 (127021) main____ INFO      LM_LICENSE_FILE   : '5280@license.rc.princeton.edu'
2026-02-23 13:46:45.307502 (127021) main____ INFO      TMPDIR            : '/tmp/ab2113/jg_5018913_41'
2026-02-23 13:46:45.307506 (127021) main____ INFO    ----------------------------------------
2026-02-23 13:46:45.308035 (127021) lic_core INFO    Initializing license system ...
2026-02-23 13:46:45.308630 (127021) lic_core INFO    ... license system initialized.
2026-02-23 13:46:45.309420 (127021) lic__man INFO    Claim 'fpv' for <ui>.
2026-02-23 13:46:45.309454 (127021) lic_core INFO    (1) checking out 'jasper_fpv' ...
2026-02-23 13:46:45.315180 (127021) lic_core INFO    ... (1) checkout failed (error: -5) ("FLEXnet ERROR(-5, 0, 0): No such feature exists.")
2026-02-23 13:46:45.315221 (127021) lic_core INFO    (2) checking out 'jasper_fao' ...
2026-02-23 13:46:45.324131 (127021) lic_core INFO    ... (2) checkout succeeded
2026-02-23 13:46:45.335642 (127021) session_ INFO    Starting analysis session with session id 'session_0' (launcher: <local>) ...
2026-02-23 13:46:45.339343 (127021) session_ INFO    Analysis session with session id 'session_0' started (pid: 127029)
2026-02-23 13:46:45.909835 (127021) session_ INFO    Analysis session 'session_0' connected to the console (host: 127.0.0.1:43690)
2026-02-23 13:46:46.696068 (127021) lic__man INFO    Unclaim everything for 'session_0'.
2026-02-23 13:46:46.732046 (127021) lic__man INFO    Claim 'fpv' for 'session_0'.
2026-02-23 13:46:46.732091 (127021) lic__man INFO    Claim 'fpv' for 'session_0/prove-0'.
2026-02-23 13:46:46.891843 (127021) lic__man INFO    Unclaim everything for 'session_0/prove-0'.
2026-02-23 13:46:46.945891 (127021) main____ INFO    About to exit: request to exit with status 0 received from analysis session 'session_0'
2026-02-23 13:46:47.004156 (127021) session_ INFO    Analysis session 'session_0' disconnected.
2026-02-23 13:46:47.004287 (127021) lic__man INFO    Unclaim everything for 'session_0'.
2026-02-23 13:46:47.004541 (127021) session_ INFO    Process for analysis session 'session_0' has exited with exit status '0'.
2026-02-23 13:46:48.969938 (127021) lic_core INFO    (2) checkin jasper_fao
2026-02-23 13:46:48.971145 (127021) main____ INFO    Exiting with status 0.
