2026-02-23 13:46:05.274441 (1484420) main____ INFO    ----------------------------------------
2026-02-23 13:46:05.274531 (1484420) main____ INFO    JasperGold version info
2026-02-23 13:46:05.274553 (1484420) main____ INFO      tool      : JasperGold 2021.03
2026-02-23 13:46:05.274564 (1484420) main____ INFO      version   : 2021.03 FCS 64 bits
2026-02-23 13:46:05.274569 (1484420) main____ INFO      build date: 2021.03.23 02:50:43 UTC
2026-02-23 13:46:05.274576 (1484420) main____ INFO    ----------------------------------------
2026-02-23 13:46:05.274581 (1484420) main____ INFO    Runtime info:
2026-02-23 13:46:05.274589 (1484420) main____ INFO      platform  : Linux 5.14.0-570.84.1.el9_6.x86_64 x86_64
2026-02-23 13:46:05.274595 (1484420) main____ INFO      hostname  : della-h14n5
2026-02-23 13:46:05.274601 (1484420) main____ INFO      pid       : 1484420
2026-02-23 13:46:05.274606 (1484420) main____ INFO      arguments : '-style' 'windows' '-batch' '-proj' './verification_results/02617/jgproject' '-tcl' './jasper_verif_check.tcl'
2026-02-23 13:46:05.274614 (1484420) main____ INFO      locale    : UTF-8
2026-02-23 13:46:05.274620 (1484420) main____ INFO    ----------------------------------------
2026-02-23 13:46:05.274625 (1484420) main____ INFO    System resource limits info:
2026-02-23 13:46:05.274630 (1484420) main____ INFO      virtual memory: unlimited
2026-02-23 13:46:05.274635 (1484420) main____ INFO      cpu time      : unlimited
2026-02-23 13:46:05.274640 (1484420) main____ INFO      stack size    : unlimited
2026-02-23 13:46:05.274647 (1484420) main____ INFO      core file size: unlimited
2026-02-23 13:46:05.274655 (1484420) main____ INFO      open files    : 131072
2026-02-23 13:46:05.274660 (1484420) main____ INFO      file size     : unlimited
2026-02-23 13:46:05.274665 (1484420) main____ INFO    ----------------------------------------
2026-02-23 13:46:05.274672 (1484420) main____ INFO    Memory statistics:
2026-02-23 13:46:05.274678 (1484420) main____ INFO      total physical memory  : 1584164368 kB
2026-02-23 13:46:05.274684 (1484420) main____ INFO      free physical memory   : 698131008 kB
2026-02-23 13:46:05.274690 (1484420) main____ INFO      committed address space: 540617032 kB
2026-02-23 13:46:05.274695 (1484420) main____ INFO    ----------------------------------------
2026-02-23 13:46:05.275229 (1484420) main____ INFO    Important environment variables:
2026-02-23 13:46:05.275244 (1484420) main____ INFO      JASPER_HOME       : '/usr/licensed/cadence-20210126/jasper_2021.03'
2026-02-23 13:46:05.275250 (1484420) main____ INFO      JASPER_INSTALL_DIR: '/scratch/gpfs/LICENSED/x86_64/cadence-20210126/jasper_2021.03'
2026-02-23 13:46:05.275257 (1484420) main____ INFO      LANG              : 'en_US.UTF-8'
2026-02-23 13:46:05.275263 (1484420) main____ INFO      LM_LICENSE_FILE   : '5280@license.rc.princeton.edu'
2026-02-23 13:46:05.275269 (1484420) main____ INFO      TMPDIR            : '/tmp/ab2113/jg_5018923_45'
2026-02-23 13:46:05.275275 (1484420) main____ INFO    ----------------------------------------
2026-02-23 13:46:05.275685 (1484420) lic_core INFO    Initializing license system ...
2026-02-23 13:46:05.276255 (1484420) lic_core INFO    ... license system initialized.
2026-02-23 13:46:05.277034 (1484420) lic__man INFO    Claim 'fpv' for <ui>.
2026-02-23 13:46:05.277067 (1484420) lic_core INFO    (1) checking out 'jasper_fpv' ...
2026-02-23 13:46:05.282714 (1484420) lic_core INFO    ... (1) checkout failed (error: -5) ("FLEXnet ERROR(-5, 0, 0): No such feature exists.")
2026-02-23 13:46:05.282741 (1484420) lic_core INFO    (2) checking out 'jasper_fao' ...
2026-02-23 13:46:05.291868 (1484420) lic_core INFO    ... (2) checkout succeeded
2026-02-23 13:46:05.303213 (1484420) session_ INFO    Starting analysis session with session id 'session_0' (launcher: <local>) ...
2026-02-23 13:46:05.306322 (1484420) session_ INFO    Analysis session with session id 'session_0' started (pid: 1484428)
2026-02-23 13:46:05.893479 (1484420) session_ INFO    Analysis session 'session_0' connected to the console (host: 127.0.0.1:57626)
2026-02-23 13:46:06.667388 (1484420) lic__man INFO    Unclaim everything for 'session_0'.
2026-02-23 13:46:06.702833 (1484420) lic__man INFO    Claim 'fpv' for 'session_0'.
2026-02-23 13:46:06.702872 (1484420) lic__man INFO    Claim 'fpv' for 'session_0/prove-0'.
2026-02-23 13:46:06.861771 (1484420) lic__man INFO    Unclaim everything for 'session_0/prove-0'.
2026-02-23 13:46:06.916516 (1484420) main____ INFO    About to exit: request to exit with status 0 received from analysis session 'session_0'
2026-02-23 13:46:06.977699 (1484420) session_ INFO    Analysis session 'session_0' disconnected.
2026-02-23 13:46:06.977829 (1484420) lic__man INFO    Unclaim everything for 'session_0'.
2026-02-23 13:46:06.978444 (1484420) session_ INFO    Process for analysis session 'session_0' has exited with exit status '0'.
2026-02-23 13:46:09.024818 (1484420) lic_core INFO    (2) checkin jasper_fao
2026-02-23 13:46:09.026099 (1484420) main____ INFO    Exiting with status 0.
