2026-02-23 13:39:07.451480 (1371276) main____ INFO    ----------------------------------------
2026-02-23 13:39:07.451581 (1371276) main____ INFO    JasperGold version info
2026-02-23 13:39:07.451602 (1371276) main____ INFO      tool      : JasperGold 2021.03
2026-02-23 13:39:07.451610 (1371276) main____ INFO      version   : 2021.03 FCS 64 bits
2026-02-23 13:39:07.451615 (1371276) main____ INFO      build date: 2021.03.23 02:50:43 UTC
2026-02-23 13:39:07.451620 (1371276) main____ INFO    ----------------------------------------
2026-02-23 13:39:07.451624 (1371276) main____ INFO    Runtime info:
2026-02-23 13:39:07.451629 (1371276) main____ INFO      platform  : Linux 5.14.0-570.84.1.el9_6.x86_64 x86_64
2026-02-23 13:39:07.451635 (1371276) main____ INFO      hostname  : della-r3c3n3
2026-02-23 13:39:07.451640 (1371276) main____ INFO      pid       : 1371276
2026-02-23 13:39:07.451645 (1371276) main____ INFO      arguments : '-style' 'windows' '-batch' '-proj' './verification_results/00924/jgproject' '-tcl' './jasper_verif_check.tcl'
2026-02-23 13:39:07.451653 (1371276) main____ INFO      locale    : UTF-8
2026-02-23 13:39:07.451658 (1371276) main____ INFO    ----------------------------------------
2026-02-23 13:39:07.451662 (1371276) main____ INFO    System resource limits info:
2026-02-23 13:39:07.451666 (1371276) main____ INFO      virtual memory: unlimited
2026-02-23 13:39:07.451671 (1371276) main____ INFO      cpu time      : unlimited
2026-02-23 13:39:07.451675 (1371276) main____ INFO      stack size    : unlimited
2026-02-23 13:39:07.451680 (1371276) main____ INFO      core file size: unlimited
2026-02-23 13:39:07.451687 (1371276) main____ INFO      open files    : 131072
2026-02-23 13:39:07.451691 (1371276) main____ INFO      file size     : unlimited
2026-02-23 13:39:07.451696 (1371276) main____ INFO    ----------------------------------------
2026-02-23 13:39:07.451700 (1371276) main____ INFO    Memory statistics:
2026-02-23 13:39:07.451705 (1371276) main____ INFO      total physical memory  : 195972168 kB
2026-02-23 13:39:07.451709 (1371276) main____ INFO      free physical memory   : 91799796 kB
2026-02-23 13:39:07.451713 (1371276) main____ INFO      committed address space: 57712524 kB
2026-02-23 13:39:07.451717 (1371276) main____ INFO    ----------------------------------------
2026-02-23 13:39:07.452732 (1371276) main____ INFO    Important environment variables:
2026-02-23 13:39:07.452750 (1371276) main____ INFO      JASPER_HOME       : '/usr/licensed/cadence-20210126/jasper_2021.03'
2026-02-23 13:39:07.452757 (1371276) main____ INFO      JASPER_INSTALL_DIR: '/scratch/gpfs/LICENSED/x86_64/cadence-20210126/jasper_2021.03'
2026-02-23 13:39:07.452762 (1371276) main____ INFO      LANG              : 'en_US.UTF-8'
2026-02-23 13:39:07.452767 (1371276) main____ INFO      LM_LICENSE_FILE   : '5280@license.rc.princeton.edu'
2026-02-23 13:39:07.452772 (1371276) main____ INFO      TMPDIR            : '/tmp/ab2113/jg_5018805_11'
2026-02-23 13:39:07.452777 (1371276) main____ INFO    ----------------------------------------
2026-02-23 13:39:07.453686 (1371276) lic_core INFO    Initializing license system ...
2026-02-23 13:39:07.454589 (1371276) lic_core INFO    ... license system initialized.
2026-02-23 13:39:07.455617 (1371276) lic__man INFO    Claim 'fpv' for <ui>.
2026-02-23 13:39:07.455703 (1371276) lic_core INFO    (1) checking out 'jasper_fpv' ...
2026-02-23 13:39:07.461413 (1371276) lic_core INFO    ... (1) checkout failed (error: -5) ("FLEXnet ERROR(-5, 0, 0): No such feature exists.")
2026-02-23 13:39:07.461489 (1371276) lic_core INFO    (2) checking out 'jasper_fao' ...
2026-02-23 13:39:07.472251 (1371276) lic_core INFO    ... (2) checkout succeeded
2026-02-23 13:39:07.487543 (1371276) session_ INFO    Starting analysis session with session id 'session_0' (launcher: <local>) ...
2026-02-23 13:39:07.491189 (1371276) session_ INFO    Analysis session with session id 'session_0' started (pid: 1371284)
2026-02-23 13:39:08.301636 (1371276) session_ INFO    Analysis session 'session_0' connected to the console (host: 127.0.0.1:55676)
2026-02-23 13:39:08.863468 (1371276) main____ INFO    About to exit: request to exit with status 1 received from analysis session 'session_0'
2026-02-23 13:39:08.958786 (1371276) session_ INFO    Analysis session 'session_0' disconnected.
2026-02-23 13:39:08.958948 (1371276) lic__man INFO    Unclaim everything for 'session_0'.
2026-02-23 13:39:08.960104 (1371276) session_ INFO    Process for analysis session 'session_0' has exited with exit status '1'.
2026-02-23 13:39:10.970310 (1371276) lic_core INFO    (2) checkin jasper_fao
2026-02-23 13:39:10.972057 (1371276) main____ INFO    Exiting with status 1.
