2026-02-23 13:57:22.348044 (529875) main____ INFO    ----------------------------------------
2026-02-23 13:57:22.348123 (529875) main____ INFO    JasperGold version info
2026-02-23 13:57:22.348139 (529875) main____ INFO      tool      : JasperGold 2021.03
2026-02-23 13:57:22.348147 (529875) main____ INFO      version   : 2021.03 FCS 64 bits
2026-02-23 13:57:22.348152 (529875) main____ INFO      build date: 2021.03.23 02:50:43 UTC
2026-02-23 13:57:22.348156 (529875) main____ INFO    ----------------------------------------
2026-02-23 13:57:22.348160 (529875) main____ INFO    Runtime info:
2026-02-23 13:57:22.348165 (529875) main____ INFO      platform  : Linux 5.14.0-570.84.1.el9_6.x86_64 x86_64
2026-02-23 13:57:22.348170 (529875) main____ INFO      hostname  : della-r3c2n9
2026-02-23 13:57:22.348175 (529875) main____ INFO      pid       : 529875
2026-02-23 13:57:22.348179 (529875) main____ INFO      arguments : '-style' 'windows' '-batch' '-proj' './verification_results/04290/jgproject' '-tcl' './jasper_verif_check.tcl'
2026-02-23 13:57:22.348187 (529875) main____ INFO      locale    : UTF-8
2026-02-23 13:57:22.348191 (529875) main____ INFO    ----------------------------------------
2026-02-23 13:57:22.348195 (529875) main____ INFO    System resource limits info:
2026-02-23 13:57:22.348199 (529875) main____ INFO      virtual memory: unlimited
2026-02-23 13:57:22.348203 (529875) main____ INFO      cpu time      : unlimited
2026-02-23 13:57:22.348207 (529875) main____ INFO      stack size    : unlimited
2026-02-23 13:57:22.348211 (529875) main____ INFO      core file size: unlimited
2026-02-23 13:57:22.348217 (529875) main____ INFO      open files    : 131072
2026-02-23 13:57:22.348222 (529875) main____ INFO      file size     : unlimited
2026-02-23 13:57:22.348226 (529875) main____ INFO    ----------------------------------------
2026-02-23 13:57:22.348230 (529875) main____ INFO    Memory statistics:
2026-02-23 13:57:22.348234 (529875) main____ INFO      total physical memory  : 195972072 kB
2026-02-23 13:57:22.348238 (529875) main____ INFO      free physical memory   : 68536376 kB
2026-02-23 13:57:22.348242 (529875) main____ INFO      committed address space: 62252708 kB
2026-02-23 13:57:22.348246 (529875) main____ INFO    ----------------------------------------
2026-02-23 13:57:22.349204 (529875) main____ INFO    Important environment variables:
2026-02-23 13:57:22.349221 (529875) main____ INFO      JASPER_HOME       : '/usr/licensed/cadence-20210126/jasper_2021.03'
2026-02-23 13:57:22.349228 (529875) main____ INFO      JASPER_INSTALL_DIR: '/scratch/gpfs/LICENSED/x86_64/cadence-20210126/jasper_2021.03'
2026-02-23 13:57:22.349233 (529875) main____ INFO      LANG              : 'en_US.UTF-8'
2026-02-23 13:57:22.349238 (529875) main____ INFO      LM_LICENSE_FILE   : '5280@license.rc.princeton.edu'
2026-02-23 13:57:22.349243 (529875) main____ INFO      TMPDIR            : '/tmp/ab2113/jg_5019135_78'
2026-02-23 13:57:22.349247 (529875) main____ INFO    ----------------------------------------
2026-02-23 13:57:22.350013 (529875) lic_core INFO    Initializing license system ...
2026-02-23 13:57:22.350787 (529875) lic_core INFO    ... license system initialized.
2026-02-23 13:57:22.351498 (529875) lic__man INFO    Claim 'fpv' for <ui>.
2026-02-23 13:57:22.351536 (529875) lic_core INFO    (1) checking out 'jasper_fpv' ...
2026-02-23 13:57:22.357341 (529875) lic_core INFO    ... (1) checkout failed (error: -5) ("FLEXnet ERROR(-5, 0, 0): No such feature exists.")
2026-02-23 13:57:22.357383 (529875) lic_core INFO    (2) checking out 'jasper_fao' ...
2026-02-23 13:57:22.368167 (529875) lic_core INFO    ... (2) checkout succeeded
2026-02-23 13:57:22.382660 (529875) session_ INFO    Starting analysis session with session id 'session_0' (launcher: <local>) ...
2026-02-23 13:57:22.385511 (529875) session_ INFO    Analysis session with session id 'session_0' started (pid: 529895)
2026-02-23 13:57:23.058269 (529875) session_ INFO    Analysis session 'session_0' connected to the console (host: 127.0.0.1:37928)
2026-02-23 13:57:23.621928 (529875) main____ INFO    About to exit: request to exit with status 1 received from analysis session 'session_0'
2026-02-23 13:57:23.690509 (529875) session_ INFO    Analysis session 'session_0' disconnected.
2026-02-23 13:57:23.690628 (529875) lic__man INFO    Unclaim everything for 'session_0'.
2026-02-23 13:57:23.691027 (529875) session_ INFO    Process for analysis session 'session_0' has exited with exit status '1'.
2026-02-23 13:57:25.623980 (529875) lic_core INFO    (2) checkin jasper_fao
2026-02-23 13:57:25.625260 (529875) main____ INFO    Exiting with status 1.
