2026-02-23 13:40:26.243377 (2858112) main____ INFO    ----------------------------------------
2026-02-23 13:40:26.243467 (2858112) main____ INFO    JasperGold version info
2026-02-23 13:40:26.243486 (2858112) main____ INFO      tool      : JasperGold 2021.03
2026-02-23 13:40:26.243497 (2858112) main____ INFO      version   : 2021.03 FCS 64 bits
2026-02-23 13:40:26.243503 (2858112) main____ INFO      build date: 2021.03.23 02:50:43 UTC
2026-02-23 13:40:26.243510 (2858112) main____ INFO    ----------------------------------------
2026-02-23 13:40:26.243516 (2858112) main____ INFO    Runtime info:
2026-02-23 13:40:26.243522 (2858112) main____ INFO      platform  : Linux 5.14.0-570.84.1.el9_6.x86_64 x86_64
2026-02-23 13:40:26.243528 (2858112) main____ INFO      hostname  : della-h16n9
2026-02-23 13:40:26.243534 (2858112) main____ INFO      pid       : 2858112
2026-02-23 13:40:26.243540 (2858112) main____ INFO      arguments : '-style' 'windows' '-batch' '-proj' './verification_results/01229/jgproject' '-tcl' './jasper_verif_check.tcl'
2026-02-23 13:40:26.243549 (2858112) main____ INFO      locale    : UTF-8
2026-02-23 13:40:26.243554 (2858112) main____ INFO    ----------------------------------------
2026-02-23 13:40:26.243560 (2858112) main____ INFO    System resource limits info:
2026-02-23 13:40:26.243566 (2858112) main____ INFO      virtual memory: unlimited
2026-02-23 13:40:26.243572 (2858112) main____ INFO      cpu time      : unlimited
2026-02-23 13:40:26.243579 (2858112) main____ INFO      stack size    : unlimited
2026-02-23 13:40:26.243585 (2858112) main____ INFO      core file size: unlimited
2026-02-23 13:40:26.243593 (2858112) main____ INFO      open files    : 131072
2026-02-23 13:40:26.243599 (2858112) main____ INFO      file size     : unlimited
2026-02-23 13:40:26.243606 (2858112) main____ INFO    ----------------------------------------
2026-02-23 13:40:26.243611 (2858112) main____ INFO    Memory statistics:
2026-02-23 13:40:26.243617 (2858112) main____ INFO      total physical memory  : 1584164368 kB
2026-02-23 13:40:26.243622 (2858112) main____ INFO      free physical memory   : 834736228 kB
2026-02-23 13:40:26.243628 (2858112) main____ INFO      committed address space: 652473712 kB
2026-02-23 13:40:26.243633 (2858112) main____ INFO    ----------------------------------------
2026-02-23 13:40:26.244201 (2858112) main____ INFO    Important environment variables:
2026-02-23 13:40:26.244216 (2858112) main____ INFO      JASPER_HOME       : '/usr/licensed/cadence-20210126/jasper_2021.03'
2026-02-23 13:40:26.244223 (2858112) main____ INFO      JASPER_INSTALL_DIR: '/scratch/gpfs/LICENSED/x86_64/cadence-20210126/jasper_2021.03'
2026-02-23 13:40:26.244230 (2858112) main____ INFO      LANG              : 'en_US.UTF-8'
2026-02-23 13:40:26.244237 (2858112) main____ INFO      LM_LICENSE_FILE   : '5280@license.rc.princeton.edu'
2026-02-23 13:40:26.244243 (2858112) main____ INFO      TMPDIR            : '/tmp/ab2113/jg_5018828_17'
2026-02-23 13:40:26.244250 (2858112) main____ INFO    ----------------------------------------
2026-02-23 13:40:26.244784 (2858112) lic_core INFO    Initializing license system ...
2026-02-23 13:40:26.245364 (2858112) lic_core INFO    ... license system initialized.
2026-02-23 13:40:26.246209 (2858112) lic__man INFO    Claim 'fpv' for <ui>.
2026-02-23 13:40:26.246245 (2858112) lic_core INFO    (1) checking out 'jasper_fpv' ...
2026-02-23 13:40:26.252203 (2858112) lic_core INFO    ... (1) checkout failed (error: -5) ("FLEXnet ERROR(-5, 0, 0): No such feature exists.")
2026-02-23 13:40:26.252234 (2858112) lic_core INFO    (2) checking out 'jasper_fao' ...
2026-02-23 13:40:26.261698 (2858112) lic_core INFO    ... (2) checkout succeeded
2026-02-23 13:40:26.273468 (2858112) session_ INFO    Starting analysis session with session id 'session_0' (launcher: <local>) ...
2026-02-23 13:40:26.276456 (2858112) session_ INFO    Analysis session with session id 'session_0' started (pid: 2858120)
2026-02-23 13:40:26.834587 (2858112) session_ INFO    Analysis session 'session_0' connected to the console (host: 127.0.0.1:52144)
2026-02-23 13:40:27.623118 (2858112) lic__man INFO    Unclaim everything for 'session_0'.
2026-02-23 13:40:27.659530 (2858112) lic__man INFO    Claim 'fpv' for 'session_0'.
2026-02-23 13:40:27.659572 (2858112) lic__man INFO    Claim 'fpv' for 'session_0/prove-0'.
2026-02-23 13:40:27.826031 (2858112) lic__man INFO    Unclaim everything for 'session_0/prove-0'.
2026-02-23 13:40:27.880968 (2858112) main____ INFO    About to exit: request to exit with status 0 received from analysis session 'session_0'
2026-02-23 13:40:27.942832 (2858112) session_ INFO    Analysis session 'session_0' disconnected.
2026-02-23 13:40:27.942978 (2858112) lic__man INFO    Unclaim everything for 'session_0'.
2026-02-23 13:40:27.944167 (2858112) session_ INFO    Process for analysis session 'session_0' has exited with exit status '0'.
2026-02-23 13:40:29.787411 (2858112) lic_core INFO    (2) checkin jasper_fao
2026-02-23 13:40:29.789050 (2858112) main____ INFO    Exiting with status 0.
