2026-02-20 17:40:32.387375 (2543349) main____ INFO    ----------------------------------------
2026-02-20 17:40:32.387501 (2543349) main____ INFO    JasperGold version info
2026-02-20 17:40:32.387527 (2543349) main____ INFO      tool      : JasperGold 2021.03
2026-02-20 17:40:32.387538 (2543349) main____ INFO      version   : 2021.03 FCS 64 bits
2026-02-20 17:40:32.387542 (2543349) main____ INFO      build date: 2021.03.23 02:50:43 UTC
2026-02-20 17:40:32.387546 (2543349) main____ INFO    ----------------------------------------
2026-02-20 17:40:32.387550 (2543349) main____ INFO    Runtime info:
2026-02-20 17:40:32.387555 (2543349) main____ INFO      platform  : Linux 5.14.0-570.84.1.el9_6.x86_64 x86_64
2026-02-20 17:40:32.387560 (2543349) main____ INFO      hostname  : della-i13n22
2026-02-20 17:40:32.387565 (2543349) main____ INFO      pid       : 2543349
2026-02-20 17:40:32.387569 (2543349) main____ INFO      arguments : '-style' 'windows' '-batch' '-proj' 'verification_results/00346/jgproject' '-tcl' './jasper_verif_check.tcl'
2026-02-20 17:40:32.387578 (2543349) main____ INFO      locale    : UTF-8
2026-02-20 17:40:32.387582 (2543349) main____ INFO    ----------------------------------------
2026-02-20 17:40:32.387586 (2543349) main____ INFO    System resource limits info:
2026-02-20 17:40:32.387589 (2543349) main____ INFO      virtual memory: unlimited
2026-02-20 17:40:32.387593 (2543349) main____ INFO      cpu time      : unlimited
2026-02-20 17:40:32.387597 (2543349) main____ INFO      stack size    : unlimited
2026-02-20 17:40:32.387601 (2543349) main____ INFO      core file size: unlimited
2026-02-20 17:40:32.387609 (2543349) main____ INFO      open files    : 131072
2026-02-20 17:40:32.387613 (2543349) main____ INFO      file size     : unlimited
2026-02-20 17:40:32.387616 (2543349) main____ INFO    ----------------------------------------
2026-02-20 17:40:32.387620 (2543349) main____ INFO    Memory statistics:
2026-02-20 17:40:32.387625 (2543349) main____ INFO      total physical memory  : 394157548 kB
2026-02-20 17:40:32.387629 (2543349) main____ INFO      free physical memory   : 191439920 kB
2026-02-20 17:40:32.387633 (2543349) main____ INFO      committed address space: 167310564 kB
2026-02-20 17:40:32.387636 (2543349) main____ INFO    ----------------------------------------
2026-02-20 17:40:32.388535 (2543349) main____ INFO    Important environment variables:
2026-02-20 17:40:32.388563 (2543349) main____ INFO      JASPER_HOME       : '/usr/licensed/cadence-20210126/jasper_2021.03'
2026-02-20 17:40:32.388570 (2543349) main____ INFO      JASPER_INSTALL_DIR: '/scratch/gpfs/LICENSED/x86_64/cadence-20210126/jasper_2021.03'
2026-02-20 17:40:32.388575 (2543349) main____ INFO      LANG              : 'en_US.UTF-8'
2026-02-20 17:40:32.388580 (2543349) main____ INFO      LM_LICENSE_FILE   : '5280@license.rc.princeton.edu'
2026-02-20 17:40:32.388585 (2543349) main____ INFO      TMPDIR            : '/tmp'
2026-02-20 17:40:32.388589 (2543349) main____ INFO    ----------------------------------------
2026-02-20 17:40:32.389604 (2543349) lic_core INFO    Initializing license system ...
2026-02-20 17:40:32.390538 (2543349) lic_core INFO    ... license system initialized.
2026-02-20 17:40:32.391361 (2543349) lic__man INFO    Claim 'fpv' for <ui>.
2026-02-20 17:40:32.391420 (2543349) lic_core INFO    (1) checking out 'jasper_fpv' ...
2026-02-20 17:40:32.397080 (2543349) lic_core INFO    ... (1) checkout failed (error: -5) ("FLEXnet ERROR(-5, 0, 0): No such feature exists.")
2026-02-20 17:40:32.397141 (2543349) lic_core INFO    (2) checking out 'jasper_fao' ...
2026-02-20 17:40:32.407177 (2543349) lic_core INFO    ... (2) checkout succeeded
2026-02-20 17:40:32.421525 (2543349) session_ INFO    Starting analysis session with session id 'session_0' (launcher: <local>) ...
2026-02-20 17:40:32.424573 (2543349) session_ INFO    Analysis session with session id 'session_0' started (pid: 2543357)
2026-02-20 17:40:33.184103 (2543349) session_ INFO    Analysis session 'session_0' connected to the console (host: 127.0.0.1:49750)
2026-02-20 17:40:33.780509 (2543349) main____ INFO    About to exit: request to exit with status 1 received from analysis session 'session_0'
2026-02-20 17:40:33.872794 (2543349) session_ INFO    Analysis session 'session_0' disconnected.
2026-02-20 17:40:33.872948 (2543349) lic__man INFO    Unclaim everything for 'session_0'.
2026-02-20 17:40:33.873557 (2543349) session_ INFO    Process for analysis session 'session_0' has exited with exit status '1'.
2026-02-20 17:40:35.685757 (2543349) lic_core INFO    (2) checkin jasper_fao
2026-02-20 17:40:35.687141 (2543349) main____ INFO    Exiting with status 1.
