2026-02-23 13:43:18.896662 (4143905) main____ INFO    ----------------------------------------
2026-02-23 13:43:18.896750 (4143905) main____ INFO    JasperGold version info
2026-02-23 13:43:18.896768 (4143905) main____ INFO      tool      : JasperGold 2021.03
2026-02-23 13:43:18.896777 (4143905) main____ INFO      version   : 2021.03 FCS 64 bits
2026-02-23 13:43:18.896782 (4143905) main____ INFO      build date: 2021.03.23 02:50:43 UTC
2026-02-23 13:43:18.896786 (4143905) main____ INFO    ----------------------------------------
2026-02-23 13:43:18.896790 (4143905) main____ INFO    Runtime info:
2026-02-23 13:43:18.896795 (4143905) main____ INFO      platform  : Linux 5.14.0-570.84.1.el9_6.x86_64 x86_64
2026-02-23 13:43:18.896801 (4143905) main____ INFO      hostname  : della-r3c2n12
2026-02-23 13:43:18.896805 (4143905) main____ INFO      pid       : 4143905
2026-02-23 13:43:18.896810 (4143905) main____ INFO      arguments : '-style' 'windows' '-batch' '-proj' './verification_results/01772/jgproject' '-tcl' './jasper_verif_check.tcl'
2026-02-23 13:43:18.896818 (4143905) main____ INFO      locale    : UTF-8
2026-02-23 13:43:18.896822 (4143905) main____ INFO    ----------------------------------------
2026-02-23 13:43:18.896826 (4143905) main____ INFO    System resource limits info:
2026-02-23 13:43:18.896831 (4143905) main____ INFO      virtual memory: unlimited
2026-02-23 13:43:18.896836 (4143905) main____ INFO      cpu time      : unlimited
2026-02-23 13:43:18.896841 (4143905) main____ INFO      stack size    : unlimited
2026-02-23 13:43:18.896845 (4143905) main____ INFO      core file size: unlimited
2026-02-23 13:43:18.896852 (4143905) main____ INFO      open files    : 131072
2026-02-23 13:43:18.896857 (4143905) main____ INFO      file size     : unlimited
2026-02-23 13:43:18.896861 (4143905) main____ INFO    ----------------------------------------
2026-02-23 13:43:18.896865 (4143905) main____ INFO    Memory statistics:
2026-02-23 13:43:18.896869 (4143905) main____ INFO      total physical memory  : 195972072 kB
2026-02-23 13:43:18.896873 (4143905) main____ INFO      free physical memory   : 133075792 kB
2026-02-23 13:43:18.896878 (4143905) main____ INFO      committed address space: 38478460 kB
2026-02-23 13:43:18.896882 (4143905) main____ INFO    ----------------------------------------
2026-02-23 13:43:18.897847 (4143905) main____ INFO    Important environment variables:
2026-02-23 13:43:18.897867 (4143905) main____ INFO      JASPER_HOME       : '/usr/licensed/cadence-20210126/jasper_2021.03'
2026-02-23 13:43:18.897873 (4143905) main____ INFO      JASPER_INSTALL_DIR: '/scratch/gpfs/LICENSED/x86_64/cadence-20210126/jasper_2021.03'
2026-02-23 13:43:18.897879 (4143905) main____ INFO      LANG              : 'en_US.UTF-8'
2026-02-23 13:43:18.897884 (4143905) main____ INFO      LM_LICENSE_FILE   : '5280@license.rc.princeton.edu'
2026-02-23 13:43:18.897889 (4143905) main____ INFO      TMPDIR            : '/tmp/ab2113/jg_5018860_28'
2026-02-23 13:43:18.897894 (4143905) main____ INFO    ----------------------------------------
2026-02-23 13:43:18.898311 (4143905) lic_core INFO    Initializing license system ...
2026-02-23 13:43:18.899122 (4143905) lic_core INFO    ... license system initialized.
2026-02-23 13:43:18.899866 (4143905) lic__man INFO    Claim 'fpv' for <ui>.
2026-02-23 13:43:18.899905 (4143905) lic_core INFO    (1) checking out 'jasper_fpv' ...
2026-02-23 13:43:18.905784 (4143905) lic_core INFO    ... (1) checkout failed (error: -5) ("FLEXnet ERROR(-5, 0, 0): No such feature exists.")
2026-02-23 13:43:18.905841 (4143905) lic_core INFO    (2) checking out 'jasper_fao' ...
2026-02-23 13:43:18.916150 (4143905) lic_core INFO    ... (2) checkout succeeded
2026-02-23 13:43:18.931176 (4143905) session_ INFO    Starting analysis session with session id 'session_0' (launcher: <local>) ...
2026-02-23 13:43:18.934022 (4143905) session_ INFO    Analysis session with session id 'session_0' started (pid: 4143913)
2026-02-23 13:43:19.631317 (4143905) session_ INFO    Analysis session 'session_0' connected to the console (host: 127.0.0.1:42780)
2026-02-23 13:43:20.516824 (4143905) lic__man INFO    Unclaim everything for 'session_0'.
2026-02-23 13:43:20.561208 (4143905) lic__man INFO    Claim 'fpv' for 'session_0'.
2026-02-23 13:43:20.561259 (4143905) lic__man INFO    Claim 'fpv' for 'session_0/prove-0'.
2026-02-23 13:43:25.684273 (4143905) lic__man INFO    Unclaim everything for 'session_0/prove-0'.
2026-02-23 13:43:25.741074 (4143905) main____ INFO    About to exit: request to exit with status 0 received from analysis session 'session_0'
2026-02-23 13:43:25.827304 (4143905) session_ INFO    Analysis session 'session_0' disconnected.
2026-02-23 13:43:25.827447 (4143905) lic__man INFO    Unclaim everything for 'session_0'.
2026-02-23 13:43:25.828020 (4143905) session_ INFO    Process for analysis session 'session_0' has exited with exit status '0'.
2026-02-23 13:43:27.647677 (4143905) lic_core INFO    (2) checkin jasper_fao
2026-02-23 13:43:27.649362 (4143905) main____ INFO    Exiting with status 0.
