2026-02-20 17:34:38.419960 (2533413) main____ INFO    ----------------------------------------
2026-02-20 17:34:38.420088 (2533413) main____ INFO    JasperGold version info
2026-02-20 17:34:38.420111 (2533413) main____ INFO      tool      : JasperGold 2021.03
2026-02-20 17:34:38.420121 (2533413) main____ INFO      version   : 2021.03 FCS 64 bits
2026-02-20 17:34:38.420126 (2533413) main____ INFO      build date: 2021.03.23 02:50:43 UTC
2026-02-20 17:34:38.420130 (2533413) main____ INFO    ----------------------------------------
2026-02-20 17:34:38.420134 (2533413) main____ INFO    Runtime info:
2026-02-20 17:34:38.420138 (2533413) main____ INFO      platform  : Linux 5.14.0-570.84.1.el9_6.x86_64 x86_64
2026-02-20 17:34:38.420144 (2533413) main____ INFO      hostname  : della-i13n22
2026-02-20 17:34:38.420149 (2533413) main____ INFO      pid       : 2533413
2026-02-20 17:34:38.420153 (2533413) main____ INFO      arguments : '-style' 'windows' '-batch' '-proj' 'verification_results/00257/jgproject' '-tcl' './jasper_verif_check.tcl'
2026-02-20 17:34:38.420161 (2533413) main____ INFO      locale    : UTF-8
2026-02-20 17:34:38.420164 (2533413) main____ INFO    ----------------------------------------
2026-02-20 17:34:38.420168 (2533413) main____ INFO    System resource limits info:
2026-02-20 17:34:38.420172 (2533413) main____ INFO      virtual memory: unlimited
2026-02-20 17:34:38.420176 (2533413) main____ INFO      cpu time      : unlimited
2026-02-20 17:34:38.420180 (2533413) main____ INFO      stack size    : unlimited
2026-02-20 17:34:38.420184 (2533413) main____ INFO      core file size: unlimited
2026-02-20 17:34:38.420192 (2533413) main____ INFO      open files    : 131072
2026-02-20 17:34:38.420196 (2533413) main____ INFO      file size     : unlimited
2026-02-20 17:34:38.420200 (2533413) main____ INFO    ----------------------------------------
2026-02-20 17:34:38.420204 (2533413) main____ INFO    Memory statistics:
2026-02-20 17:34:38.420208 (2533413) main____ INFO      total physical memory  : 394157548 kB
2026-02-20 17:34:38.420212 (2533413) main____ INFO      free physical memory   : 194067148 kB
2026-02-20 17:34:38.420215 (2533413) main____ INFO      committed address space: 164981484 kB
2026-02-20 17:34:38.420219 (2533413) main____ INFO    ----------------------------------------
2026-02-20 17:34:38.421115 (2533413) main____ INFO    Important environment variables:
2026-02-20 17:34:38.421145 (2533413) main____ INFO      JASPER_HOME       : '/usr/licensed/cadence-20210126/jasper_2021.03'
2026-02-20 17:34:38.421151 (2533413) main____ INFO      JASPER_INSTALL_DIR: '/scratch/gpfs/LICENSED/x86_64/cadence-20210126/jasper_2021.03'
2026-02-20 17:34:38.421157 (2533413) main____ INFO      LANG              : 'en_US.UTF-8'
2026-02-20 17:34:38.421162 (2533413) main____ INFO      LM_LICENSE_FILE   : '5280@license.rc.princeton.edu'
2026-02-20 17:34:38.421166 (2533413) main____ INFO      TMPDIR            : '/tmp'
2026-02-20 17:34:38.421170 (2533413) main____ INFO    ----------------------------------------
2026-02-20 17:34:38.422155 (2533413) lic_core INFO    Initializing license system ...
2026-02-20 17:34:38.423269 (2533413) lic_core INFO    ... license system initialized.
2026-02-20 17:34:38.424116 (2533413) lic__man INFO    Claim 'fpv' for <ui>.
2026-02-20 17:34:38.424164 (2533413) lic_core INFO    (1) checking out 'jasper_fpv' ...
2026-02-20 17:34:38.430314 (2533413) lic_core INFO    ... (1) checkout failed (error: -5) ("FLEXnet ERROR(-5, 0, 0): No such feature exists.")
2026-02-20 17:34:38.430372 (2533413) lic_core INFO    (2) checking out 'jasper_fao' ...
2026-02-20 17:34:38.440874 (2533413) lic_core INFO    ... (2) checkout succeeded
2026-02-20 17:34:38.456693 (2533413) session_ INFO    Starting analysis session with session id 'session_0' (launcher: <local>) ...
2026-02-20 17:34:38.460095 (2533413) session_ INFO    Analysis session with session id 'session_0' started (pid: 2533421)
2026-02-20 17:34:39.216722 (2533413) session_ INFO    Analysis session 'session_0' connected to the console (host: 127.0.0.1:53366)
2026-02-20 17:34:39.802517 (2533413) main____ INFO    About to exit: request to exit with status 1 received from analysis session 'session_0'
2026-02-20 17:34:39.906406 (2533413) session_ INFO    Analysis session 'session_0' disconnected.
2026-02-20 17:34:39.906550 (2533413) lic__man INFO    Unclaim everything for 'session_0'.
2026-02-20 17:34:39.907853 (2533413) session_ INFO    Process for analysis session 'session_0' has exited with exit status '1'.
2026-02-20 17:34:41.908955 (2533413) lic_core INFO    (2) checkin jasper_fao
2026-02-20 17:34:41.910523 (2533413) main____ INFO    Exiting with status 1.
