2026-02-23 13:49:09.368856 (2384792) main____ INFO    ----------------------------------------
2026-02-23 13:49:09.368941 (2384792) main____ INFO    JasperGold version info
2026-02-23 13:49:09.368958 (2384792) main____ INFO      tool      : JasperGold 2021.03
2026-02-23 13:49:09.368966 (2384792) main____ INFO      version   : 2021.03 FCS 64 bits
2026-02-23 13:49:09.368972 (2384792) main____ INFO      build date: 2021.03.23 02:50:43 UTC
2026-02-23 13:49:09.368977 (2384792) main____ INFO    ----------------------------------------
2026-02-23 13:49:09.368982 (2384792) main____ INFO    Runtime info:
2026-02-23 13:49:09.368987 (2384792) main____ INFO      platform  : Linux 5.14.0-570.84.1.el9_6.x86_64 x86_64
2026-02-23 13:49:09.368993 (2384792) main____ INFO      hostname  : della-h14n8
2026-02-23 13:49:09.368998 (2384792) main____ INFO      pid       : 2384792
2026-02-23 13:49:09.369003 (2384792) main____ INFO      arguments : '-style' 'windows' '-batch' '-proj' './verification_results/02984/jgproject' '-tcl' './jasper_verif_check.tcl'
2026-02-23 13:49:09.369011 (2384792) main____ INFO      locale    : UTF-8
2026-02-23 13:49:09.369016 (2384792) main____ INFO    ----------------------------------------
2026-02-23 13:49:09.369021 (2384792) main____ INFO    System resource limits info:
2026-02-23 13:49:09.369026 (2384792) main____ INFO      virtual memory: unlimited
2026-02-23 13:49:09.369031 (2384792) main____ INFO      cpu time      : unlimited
2026-02-23 13:49:09.369036 (2384792) main____ INFO      stack size    : unlimited
2026-02-23 13:49:09.369041 (2384792) main____ INFO      core file size: unlimited
2026-02-23 13:49:09.369048 (2384792) main____ INFO      open files    : 131072
2026-02-23 13:49:09.369053 (2384792) main____ INFO      file size     : unlimited
2026-02-23 13:49:09.369058 (2384792) main____ INFO    ----------------------------------------
2026-02-23 13:49:09.369062 (2384792) main____ INFO    Memory statistics:
2026-02-23 13:49:09.369067 (2384792) main____ INFO      total physical memory  : 1584164340 kB
2026-02-23 13:49:09.369072 (2384792) main____ INFO      free physical memory   : 762690604 kB
2026-02-23 13:49:09.369077 (2384792) main____ INFO      committed address space: 529641140 kB
2026-02-23 13:49:09.369082 (2384792) main____ INFO    ----------------------------------------
2026-02-23 13:49:09.369600 (2384792) main____ INFO    Important environment variables:
2026-02-23 13:49:09.369613 (2384792) main____ INFO      JASPER_HOME       : '/usr/licensed/cadence-20210126/jasper_2021.03'
2026-02-23 13:49:09.369619 (2384792) main____ INFO      JASPER_INSTALL_DIR: '/scratch/gpfs/LICENSED/x86_64/cadence-20210126/jasper_2021.03'
2026-02-23 13:49:09.369625 (2384792) main____ INFO      LANG              : 'en_US.UTF-8'
2026-02-23 13:49:09.369631 (2384792) main____ INFO      LM_LICENSE_FILE   : '5280@license.rc.princeton.edu'
2026-02-23 13:49:09.369637 (2384792) main____ INFO      TMPDIR            : '/tmp/ab2113/jg_5018966_52'
2026-02-23 13:49:09.369642 (2384792) main____ INFO    ----------------------------------------
2026-02-23 13:49:09.370127 (2384792) lic_core INFO    Initializing license system ...
2026-02-23 13:49:09.370622 (2384792) lic_core INFO    ... license system initialized.
2026-02-23 13:49:09.371415 (2384792) lic__man INFO    Claim 'fpv' for <ui>.
2026-02-23 13:49:09.371450 (2384792) lic_core INFO    (1) checking out 'jasper_fpv' ...
2026-02-23 13:49:09.377921 (2384792) lic_core INFO    ... (1) checkout failed (error: -5) ("FLEXnet ERROR(-5, 0, 0): No such feature exists.")
2026-02-23 13:49:09.377950 (2384792) lic_core INFO    (2) checking out 'jasper_fao' ...
2026-02-23 13:49:09.387236 (2384792) lic_core INFO    ... (2) checkout succeeded
2026-02-23 13:49:09.400241 (2384792) session_ INFO    Starting analysis session with session id 'session_0' (launcher: <local>) ...
2026-02-23 13:49:09.403191 (2384792) session_ INFO    Analysis session with session id 'session_0' started (pid: 2384800)
2026-02-23 13:49:09.942125 (2384792) session_ INFO    Analysis session 'session_0' connected to the console (host: 127.0.0.1:54566)
2026-02-23 13:49:10.699894 (2384792) lic__man INFO    Unclaim everything for 'session_0'.
2026-02-23 13:49:10.756848 (2384792) main____ INFO    About to exit: request to exit with status 3 received from analysis session 'session_0'
2026-02-23 13:49:10.810824 (2384792) session_ INFO    Analysis session 'session_0' disconnected.
2026-02-23 13:49:10.810986 (2384792) lic__man INFO    Unclaim everything for 'session_0'.
2026-02-23 13:49:10.811776 (2384792) session_ INFO    Process for analysis session 'session_0' has exited with exit status '3'.
2026-02-23 13:49:12.660995 (2384792) lic_core INFO    (2) checkin jasper_fao
2026-02-23 13:49:12.662393 (2384792) main____ INFO    Exiting with status 3.
