2026-02-23 13:43:50.949471 (2893451) main____ INFO    ----------------------------------------
2026-02-23 13:43:50.949536 (2893451) main____ INFO    JasperGold version info
2026-02-23 13:43:50.949554 (2893451) main____ INFO      tool      : JasperGold 2021.03
2026-02-23 13:43:50.949562 (2893451) main____ INFO      version   : 2021.03 FCS 64 bits
2026-02-23 13:43:50.949570 (2893451) main____ INFO      build date: 2021.03.23 02:50:43 UTC
2026-02-23 13:43:50.949575 (2893451) main____ INFO    ----------------------------------------
2026-02-23 13:43:50.949580 (2893451) main____ INFO    Runtime info:
2026-02-23 13:43:50.949586 (2893451) main____ INFO      platform  : Linux 5.14.0-570.84.1.el9_6.x86_64 x86_64
2026-02-23 13:43:50.949592 (2893451) main____ INFO      hostname  : della-h16n9
2026-02-23 13:43:50.949597 (2893451) main____ INFO      pid       : 2893451
2026-02-23 13:43:50.949602 (2893451) main____ INFO      arguments : '-style' 'windows' '-batch' '-proj' './verification_results/01697/jgproject' '-tcl' './jasper_verif_check.tcl'
2026-02-23 13:43:50.949612 (2893451) main____ INFO      locale    : UTF-8
2026-02-23 13:43:50.949617 (2893451) main____ INFO    ----------------------------------------
2026-02-23 13:43:50.949623 (2893451) main____ INFO    System resource limits info:
2026-02-23 13:43:50.949629 (2893451) main____ INFO      virtual memory: unlimited
2026-02-23 13:43:50.949634 (2893451) main____ INFO      cpu time      : unlimited
2026-02-23 13:43:50.949639 (2893451) main____ INFO      stack size    : unlimited
2026-02-23 13:43:50.949644 (2893451) main____ INFO      core file size: unlimited
2026-02-23 13:43:50.949652 (2893451) main____ INFO      open files    : 131072
2026-02-23 13:43:50.949658 (2893451) main____ INFO      file size     : unlimited
2026-02-23 13:43:50.949663 (2893451) main____ INFO    ----------------------------------------
2026-02-23 13:43:50.949668 (2893451) main____ INFO    Memory statistics:
2026-02-23 13:43:50.949674 (2893451) main____ INFO      total physical memory  : 1584164368 kB
2026-02-23 13:43:50.949679 (2893451) main____ INFO      free physical memory   : 833352456 kB
2026-02-23 13:43:50.949684 (2893451) main____ INFO      committed address space: 654255404 kB
2026-02-23 13:43:50.949689 (2893451) main____ INFO    ----------------------------------------
2026-02-23 13:43:50.950227 (2893451) main____ INFO    Important environment variables:
2026-02-23 13:43:50.950242 (2893451) main____ INFO      JASPER_HOME       : '/usr/licensed/cadence-20210126/jasper_2021.03'
2026-02-23 13:43:50.950249 (2893451) main____ INFO      JASPER_INSTALL_DIR: '/scratch/gpfs/LICENSED/x86_64/cadence-20210126/jasper_2021.03'
2026-02-23 13:43:50.950255 (2893451) main____ INFO      LANG              : 'en_US.UTF-8'
2026-02-23 13:43:50.950261 (2893451) main____ INFO      LM_LICENSE_FILE   : '5280@license.rc.princeton.edu'
2026-02-23 13:43:50.950266 (2893451) main____ INFO      TMPDIR            : '/tmp/ab2113/jg_5018847_26'
2026-02-23 13:43:50.950271 (2893451) main____ INFO    ----------------------------------------
2026-02-23 13:43:50.950789 (2893451) lic_core INFO    Initializing license system ...
2026-02-23 13:43:50.951360 (2893451) lic_core INFO    ... license system initialized.
2026-02-23 13:43:50.952136 (2893451) lic__man INFO    Claim 'fpv' for <ui>.
2026-02-23 13:43:50.952170 (2893451) lic_core INFO    (1) checking out 'jasper_fpv' ...
2026-02-23 13:43:50.957906 (2893451) lic_core INFO    ... (1) checkout failed (error: -5) ("FLEXnet ERROR(-5, 0, 0): No such feature exists.")
2026-02-23 13:43:50.957932 (2893451) lic_core INFO    (2) checking out 'jasper_fao' ...
2026-02-23 13:43:50.967005 (2893451) lic_core INFO    ... (2) checkout succeeded
2026-02-23 13:43:50.977904 (2893451) session_ INFO    Starting analysis session with session id 'session_0' (launcher: <local>) ...
2026-02-23 13:43:50.980772 (2893451) session_ INFO    Analysis session with session id 'session_0' started (pid: 2893482)
2026-02-23 13:43:51.690885 (2893451) session_ INFO    Analysis session 'session_0' connected to the console (host: 127.0.0.1:43020)
2026-02-23 13:43:52.708156 (2893451) lic__man INFO    Unclaim everything for 'session_0'.
2026-02-23 13:43:52.797444 (2893451) lic__man INFO    Claim 'fpv' for 'session_0'.
2026-02-23 13:43:52.797491 (2893451) lic__man INFO    Claim 'fpv' for 'session_0/prove-0'.
2026-02-23 13:43:53.024860 (2893451) lic__man INFO    Unclaim everything for 'session_0/prove-0'.
2026-02-23 13:43:53.082119 (2893451) main____ INFO    About to exit: request to exit with status 0 received from analysis session 'session_0'
2026-02-23 13:43:53.170709 (2893451) session_ INFO    Analysis session 'session_0' disconnected.
2026-02-23 13:43:53.170966 (2893451) lic__man INFO    Unclaim everything for 'session_0'.
2026-02-23 13:43:53.173898 (2893451) session_ INFO    Process for analysis session 'session_0' has exited with exit status '0'.
2026-02-23 13:43:55.167119 (2893451) lic_core INFO    (2) checkin jasper_fao
2026-02-23 13:43:55.169058 (2893451) main____ INFO    Exiting with status 0.
