2026-02-23 13:42:13.474328 (2881790) main____ INFO    ----------------------------------------
2026-02-23 13:42:13.474399 (2881790) main____ INFO    JasperGold version info
2026-02-23 13:42:13.474419 (2881790) main____ INFO      tool      : JasperGold 2021.03
2026-02-23 13:42:13.474429 (2881790) main____ INFO      version   : 2021.03 FCS 64 bits
2026-02-23 13:42:13.474435 (2881790) main____ INFO      build date: 2021.03.23 02:50:43 UTC
2026-02-23 13:42:13.474440 (2881790) main____ INFO    ----------------------------------------
2026-02-23 13:42:13.474445 (2881790) main____ INFO    Runtime info:
2026-02-23 13:42:13.474450 (2881790) main____ INFO      platform  : Linux 5.14.0-570.84.1.el9_6.x86_64 x86_64
2026-02-23 13:42:13.474457 (2881790) main____ INFO      hostname  : della-h16n9
2026-02-23 13:42:13.474462 (2881790) main____ INFO      pid       : 2881790
2026-02-23 13:42:13.474468 (2881790) main____ INFO      arguments : '-style' 'windows' '-batch' '-proj' './verification_results/01309/jgproject' '-tcl' './jasper_verif_check.tcl'
2026-02-23 13:42:13.474475 (2881790) main____ INFO      locale    : UTF-8
2026-02-23 13:42:13.474480 (2881790) main____ INFO    ----------------------------------------
2026-02-23 13:42:13.474486 (2881790) main____ INFO    System resource limits info:
2026-02-23 13:42:13.474492 (2881790) main____ INFO      virtual memory: unlimited
2026-02-23 13:42:13.474498 (2881790) main____ INFO      cpu time      : unlimited
2026-02-23 13:42:13.474505 (2881790) main____ INFO      stack size    : unlimited
2026-02-23 13:42:13.474511 (2881790) main____ INFO      core file size: unlimited
2026-02-23 13:42:13.474520 (2881790) main____ INFO      open files    : 131072
2026-02-23 13:42:13.474525 (2881790) main____ INFO      file size     : unlimited
2026-02-23 13:42:13.474530 (2881790) main____ INFO    ----------------------------------------
2026-02-23 13:42:13.474535 (2881790) main____ INFO    Memory statistics:
2026-02-23 13:42:13.474540 (2881790) main____ INFO      total physical memory  : 1584164368 kB
2026-02-23 13:42:13.474545 (2881790) main____ INFO      free physical memory   : 832532468 kB
2026-02-23 13:42:13.474550 (2881790) main____ INFO      committed address space: 656726276 kB
2026-02-23 13:42:13.474555 (2881790) main____ INFO    ----------------------------------------
2026-02-23 13:42:13.475095 (2881790) main____ INFO    Important environment variables:
2026-02-23 13:42:13.475110 (2881790) main____ INFO      JASPER_HOME       : '/usr/licensed/cadence-20210126/jasper_2021.03'
2026-02-23 13:42:13.475116 (2881790) main____ INFO      JASPER_INSTALL_DIR: '/scratch/gpfs/LICENSED/x86_64/cadence-20210126/jasper_2021.03'
2026-02-23 13:42:13.475122 (2881790) main____ INFO      LANG              : 'en_US.UTF-8'
2026-02-23 13:42:13.475127 (2881790) main____ INFO      LM_LICENSE_FILE   : '5280@license.rc.princeton.edu'
2026-02-23 13:42:13.475133 (2881790) main____ INFO      TMPDIR            : '/tmp/ab2113/jg_5018829_18'
2026-02-23 13:42:13.475141 (2881790) main____ INFO    ----------------------------------------
2026-02-23 13:42:13.475626 (2881790) lic_core INFO    Initializing license system ...
2026-02-23 13:42:13.476157 (2881790) lic_core INFO    ... license system initialized.
2026-02-23 13:42:13.476919 (2881790) lic__man INFO    Claim 'fpv' for <ui>.
2026-02-23 13:42:13.476954 (2881790) lic_core INFO    (1) checking out 'jasper_fpv' ...
2026-02-23 13:42:13.482570 (2881790) lic_core INFO    ... (1) checkout failed (error: -5) ("FLEXnet ERROR(-5, 0, 0): No such feature exists.")
2026-02-23 13:42:13.482597 (2881790) lic_core INFO    (2) checking out 'jasper_fao' ...
2026-02-23 13:42:13.491664 (2881790) lic_core INFO    ... (2) checkout succeeded
2026-02-23 13:42:13.502967 (2881790) session_ INFO    Starting analysis session with session id 'session_0' (launcher: <local>) ...
2026-02-23 13:42:13.505644 (2881790) session_ INFO    Analysis session with session id 'session_0' started (pid: 2881846)
2026-02-23 13:42:14.028920 (2881790) session_ INFO    Analysis session 'session_0' connected to the console (host: 127.0.0.1:44646)
2026-02-23 13:42:14.833973 (2881790) main____ INFO    About to exit: request to exit with status 1 received from analysis session 'session_0'
2026-02-23 13:42:14.882364 (2881790) session_ INFO    Analysis session 'session_0' disconnected.
2026-02-23 13:42:14.882490 (2881790) lic__man INFO    Unclaim everything for 'session_0'.
2026-02-23 13:42:14.883160 (2881790) session_ INFO    Process for analysis session 'session_0' has exited with exit status '1'.
2026-02-23 13:42:16.737395 (2881790) lic_core INFO    (2) checkin jasper_fao
2026-02-23 13:42:16.738922 (2881790) main____ INFO    Exiting with status 1.
