2026-02-23 15:01:36.723800 (2960807) main____ INFO    ----------------------------------------
2026-02-23 15:01:36.723898 (2960807) main____ INFO    JasperGold version info
2026-02-23 15:01:36.723917 (2960807) main____ INFO      tool      : JasperGold 2021.03
2026-02-23 15:01:36.723927 (2960807) main____ INFO      version   : 2021.03 FCS 64 bits
2026-02-23 15:01:36.723931 (2960807) main____ INFO      build date: 2021.03.23 02:50:43 UTC
2026-02-23 15:01:36.723935 (2960807) main____ INFO    ----------------------------------------
2026-02-23 15:01:36.723938 (2960807) main____ INFO    Runtime info:
2026-02-23 15:01:36.723942 (2960807) main____ INFO      platform  : Linux 5.14.0-570.84.1.el9_6.x86_64 x86_64
2026-02-23 15:01:36.723947 (2960807) main____ INFO      hostname  : della-h12n18
2026-02-23 15:01:36.723951 (2960807) main____ INFO      pid       : 2960807
2026-02-23 15:01:36.723955 (2960807) main____ INFO      arguments : '-style' 'windows' '-batch' '-proj' './verification_results/04754/jgproject' '-tcl' './jasper_verif_check.tcl'
2026-02-23 15:01:36.723962 (2960807) main____ INFO      locale    : UTF-8
2026-02-23 15:01:36.723965 (2960807) main____ INFO    ----------------------------------------
2026-02-23 15:01:36.723968 (2960807) main____ INFO    System resource limits info:
2026-02-23 15:01:36.723972 (2960807) main____ INFO      virtual memory: unlimited
2026-02-23 15:01:36.723976 (2960807) main____ INFO      cpu time      : unlimited
2026-02-23 15:01:36.723979 (2960807) main____ INFO      stack size    : unlimited
2026-02-23 15:01:36.723983 (2960807) main____ INFO      core file size: unlimited
2026-02-23 15:01:36.723989 (2960807) main____ INFO      open files    : 131072
2026-02-23 15:01:36.723993 (2960807) main____ INFO      file size     : unlimited
2026-02-23 15:01:36.723997 (2960807) main____ INFO    ----------------------------------------
2026-02-23 15:01:36.724000 (2960807) main____ INFO    Memory statistics:
2026-02-23 15:01:36.724004 (2960807) main____ INFO      total physical memory  : 1055795796 kB
2026-02-23 15:01:36.724008 (2960807) main____ INFO      free physical memory   : 277339344 kB
2026-02-23 15:01:36.724011 (2960807) main____ INFO      committed address space: 466987988 kB
2026-02-23 15:01:36.724014 (2960807) main____ INFO    ----------------------------------------
2026-02-23 15:01:36.724791 (2960807) main____ INFO    Important environment variables:
2026-02-23 15:01:36.724806 (2960807) main____ INFO      JASPER_HOME       : '/usr/licensed/cadence-20210126/jasper_2021.03'
2026-02-23 15:01:36.724812 (2960807) main____ INFO      JASPER_INSTALL_DIR: '/scratch/gpfs/LICENSED/x86_64/cadence-20210126/jasper_2021.03'
2026-02-23 15:01:36.724817 (2960807) main____ INFO      LANG              : 'en_US.UTF-8'
2026-02-23 15:01:36.724821 (2960807) main____ INFO      LM_LICENSE_FILE   : '5280@license.rc.princeton.edu'
2026-02-23 15:01:36.724825 (2960807) main____ INFO      TMPDIR            : '/tmp/ab2113/jg_5019198_87'
2026-02-23 15:01:36.724829 (2960807) main____ INFO    ----------------------------------------
2026-02-23 15:01:36.725568 (2960807) lic_core INFO    Initializing license system ...
2026-02-23 15:01:36.726261 (2960807) lic_core INFO    ... license system initialized.
2026-02-23 15:01:36.727218 (2960807) lic__man INFO    Claim 'fpv' for <ui>.
2026-02-23 15:01:36.727253 (2960807) lic_core INFO    (1) checking out 'jasper_fpv' ...
2026-02-23 15:01:36.733778 (2960807) lic_core INFO    ... (1) checkout failed (error: -5) ("FLEXnet ERROR(-5, 0, 0): No such feature exists.")
2026-02-23 15:01:36.733833 (2960807) lic_core INFO    (2) checking out 'jasper_fao' ...
2026-02-23 15:01:36.745765 (2960807) lic_core INFO    ... (2) checkout succeeded
2026-02-23 15:01:36.759065 (2960807) session_ INFO    Starting analysis session with session id 'session_0' (launcher: <local>) ...
2026-02-23 15:01:36.761746 (2960807) session_ INFO    Analysis session with session id 'session_0' started (pid: 2960815)
2026-02-23 15:01:37.383237 (2960807) session_ INFO    Analysis session 'session_0' connected to the console (host: 127.0.0.1:58630)
2026-02-23 15:01:38.175082 (2960807) lic__man INFO    Unclaim everything for 'session_0'.
2026-02-23 15:01:38.232530 (2960807) main____ INFO    About to exit: request to exit with status 3 received from analysis session 'session_0'
2026-02-23 15:01:38.296029 (2960807) session_ INFO    Analysis session 'session_0' disconnected.
2026-02-23 15:01:38.296177 (2960807) lic__man INFO    Unclaim everything for 'session_0'.
2026-02-23 15:01:38.296954 (2960807) session_ INFO    Process for analysis session 'session_0' has exited with exit status '3'.
2026-02-23 15:01:40.139291 (2960807) lic_core INFO    (2) checkin jasper_fao
2026-02-23 15:01:40.141035 (2960807) main____ INFO    Exiting with status 3.
