2026-02-20 17:41:46.838091 (2545249) main____ INFO    ----------------------------------------
2026-02-20 17:41:46.838204 (2545249) main____ INFO    JasperGold version info
2026-02-20 17:41:46.838226 (2545249) main____ INFO      tool      : JasperGold 2021.03
2026-02-20 17:41:46.838236 (2545249) main____ INFO      version   : 2021.03 FCS 64 bits
2026-02-20 17:41:46.838241 (2545249) main____ INFO      build date: 2021.03.23 02:50:43 UTC
2026-02-20 17:41:46.838245 (2545249) main____ INFO    ----------------------------------------
2026-02-20 17:41:46.838249 (2545249) main____ INFO    Runtime info:
2026-02-20 17:41:46.838254 (2545249) main____ INFO      platform  : Linux 5.14.0-570.84.1.el9_6.x86_64 x86_64
2026-02-20 17:41:46.838259 (2545249) main____ INFO      hostname  : della-i13n22
2026-02-20 17:41:46.838264 (2545249) main____ INFO      pid       : 2545249
2026-02-20 17:41:46.838268 (2545249) main____ INFO      arguments : '-style' 'windows' '-batch' '-proj' 'verification_results/00365/jgproject' '-tcl' './jasper_verif_check.tcl'
2026-02-20 17:41:46.838277 (2545249) main____ INFO      locale    : UTF-8
2026-02-20 17:41:46.838281 (2545249) main____ INFO    ----------------------------------------
2026-02-20 17:41:46.838285 (2545249) main____ INFO    System resource limits info:
2026-02-20 17:41:46.838289 (2545249) main____ INFO      virtual memory: unlimited
2026-02-20 17:41:46.838293 (2545249) main____ INFO      cpu time      : unlimited
2026-02-20 17:41:46.838297 (2545249) main____ INFO      stack size    : unlimited
2026-02-20 17:41:46.838302 (2545249) main____ INFO      core file size: unlimited
2026-02-20 17:41:46.838309 (2545249) main____ INFO      open files    : 131072
2026-02-20 17:41:46.838313 (2545249) main____ INFO      file size     : unlimited
2026-02-20 17:41:46.838317 (2545249) main____ INFO    ----------------------------------------
2026-02-20 17:41:46.838321 (2545249) main____ INFO    Memory statistics:
2026-02-20 17:41:46.838325 (2545249) main____ INFO      total physical memory  : 394157548 kB
2026-02-20 17:41:46.838329 (2545249) main____ INFO      free physical memory   : 190403976 kB
2026-02-20 17:41:46.838333 (2545249) main____ INFO      committed address space: 168331056 kB
2026-02-20 17:41:46.838337 (2545249) main____ INFO    ----------------------------------------
2026-02-20 17:41:46.839242 (2545249) main____ INFO    Important environment variables:
2026-02-20 17:41:46.839264 (2545249) main____ INFO      JASPER_HOME       : '/usr/licensed/cadence-20210126/jasper_2021.03'
2026-02-20 17:41:46.839270 (2545249) main____ INFO      JASPER_INSTALL_DIR: '/scratch/gpfs/LICENSED/x86_64/cadence-20210126/jasper_2021.03'
2026-02-20 17:41:46.839275 (2545249) main____ INFO      LANG              : 'en_US.UTF-8'
2026-02-20 17:41:46.839280 (2545249) main____ INFO      LM_LICENSE_FILE   : '5280@license.rc.princeton.edu'
2026-02-20 17:41:46.839284 (2545249) main____ INFO      TMPDIR            : '/tmp'
2026-02-20 17:41:46.839288 (2545249) main____ INFO    ----------------------------------------
2026-02-20 17:41:46.840287 (2545249) lic_core INFO    Initializing license system ...
2026-02-20 17:41:46.841766 (2545249) lic_core INFO    ... license system initialized.
2026-02-20 17:41:46.842665 (2545249) lic__man INFO    Claim 'fpv' for <ui>.
2026-02-20 17:41:46.842717 (2545249) lic_core INFO    (1) checking out 'jasper_fpv' ...
2026-02-20 17:41:46.848486 (2545249) lic_core INFO    ... (1) checkout failed (error: -5) ("FLEXnet ERROR(-5, 0, 0): No such feature exists.")
2026-02-20 17:41:46.848544 (2545249) lic_core INFO    (2) checking out 'jasper_fao' ...
2026-02-20 17:41:46.859816 (2545249) lic_core INFO    ... (2) checkout succeeded
2026-02-20 17:41:46.873757 (2545249) session_ INFO    Starting analysis session with session id 'session_0' (launcher: <local>) ...
2026-02-20 17:41:46.877032 (2545249) session_ INFO    Analysis session with session id 'session_0' started (pid: 2545257)
2026-02-20 17:41:47.636158 (2545249) session_ INFO    Analysis session 'session_0' connected to the console (host: 127.0.0.1:44856)
2026-02-20 17:41:48.256515 (2545249) main____ INFO    About to exit: request to exit with status 1 received from analysis session 'session_0'
2026-02-20 17:41:48.346083 (2545249) session_ INFO    Analysis session 'session_0' disconnected.
2026-02-20 17:41:48.346222 (2545249) lic__man INFO    Unclaim everything for 'session_0'.
2026-02-20 17:41:48.346859 (2545249) session_ INFO    Process for analysis session 'session_0' has exited with exit status '1'.
2026-02-20 17:41:50.161958 (2545249) lic_core INFO    (2) checkin jasper_fao
2026-02-20 17:41:50.163585 (2545249) main____ INFO    Exiting with status 1.
