2026-02-23 13:52:37.726368 (1354555) main____ INFO    ----------------------------------------
2026-02-23 13:52:37.726453 (1354555) main____ INFO    JasperGold version info
2026-02-23 13:52:37.726469 (1354555) main____ INFO      tool      : JasperGold 2021.03
2026-02-23 13:52:37.726476 (1354555) main____ INFO      version   : 2021.03 FCS 64 bits
2026-02-23 13:52:37.726481 (1354555) main____ INFO      build date: 2021.03.23 02:50:43 UTC
2026-02-23 13:52:37.726485 (1354555) main____ INFO    ----------------------------------------
2026-02-23 13:52:37.726489 (1354555) main____ INFO    Runtime info:
2026-02-23 13:52:37.726493 (1354555) main____ INFO      platform  : Linux 5.14.0-570.84.1.el9_6.x86_64 x86_64
2026-02-23 13:52:37.726498 (1354555) main____ INFO      hostname  : della-i13n21
2026-02-23 13:52:37.726503 (1354555) main____ INFO      pid       : 1354555
2026-02-23 13:52:37.726507 (1354555) main____ INFO      arguments : '-style' 'windows' '-batch' '-proj' './verification_results/02180/jgproject' '-tcl' './jasper_verif_check.tcl'
2026-02-23 13:52:37.726514 (1354555) main____ INFO      locale    : UTF-8
2026-02-23 13:52:37.726518 (1354555) main____ INFO    ----------------------------------------
2026-02-23 13:52:37.726522 (1354555) main____ INFO    System resource limits info:
2026-02-23 13:52:37.726526 (1354555) main____ INFO      virtual memory: unlimited
2026-02-23 13:52:37.726530 (1354555) main____ INFO      cpu time      : unlimited
2026-02-23 13:52:37.726534 (1354555) main____ INFO      stack size    : unlimited
2026-02-23 13:52:37.726538 (1354555) main____ INFO      core file size: unlimited
2026-02-23 13:52:37.726544 (1354555) main____ INFO      open files    : 131072
2026-02-23 13:52:37.726549 (1354555) main____ INFO      file size     : unlimited
2026-02-23 13:52:37.726553 (1354555) main____ INFO    ----------------------------------------
2026-02-23 13:52:37.726556 (1354555) main____ INFO    Memory statistics:
2026-02-23 13:52:37.726560 (1354555) main____ INFO      total physical memory  : 394157548 kB
2026-02-23 13:52:37.726564 (1354555) main____ INFO      free physical memory   : 236097140 kB
2026-02-23 13:52:37.726568 (1354555) main____ INFO      committed address space: 108717584 kB
2026-02-23 13:52:37.726571 (1354555) main____ INFO    ----------------------------------------
2026-02-23 13:52:37.727460 (1354555) main____ INFO    Important environment variables:
2026-02-23 13:52:37.727477 (1354555) main____ INFO      JASPER_HOME       : '/usr/licensed/cadence-20210126/jasper_2021.03'
2026-02-23 13:52:37.727483 (1354555) main____ INFO      JASPER_INSTALL_DIR: '/scratch/gpfs/LICENSED/x86_64/cadence-20210126/jasper_2021.03'
2026-02-23 13:52:37.727488 (1354555) main____ INFO      LANG              : 'en_US.UTF-8'
2026-02-23 13:52:37.727493 (1354555) main____ INFO      LM_LICENSE_FILE   : '5280@license.rc.princeton.edu'
2026-02-23 13:52:37.727498 (1354555) main____ INFO      TMPDIR            : '/tmp/ab2113/jg_5018895_36'
2026-02-23 13:52:37.727502 (1354555) main____ INFO    ----------------------------------------
2026-02-23 13:52:37.728302 (1354555) lic_core INFO    Initializing license system ...
2026-02-23 13:52:37.729058 (1354555) lic_core INFO    ... license system initialized.
2026-02-23 13:52:37.729734 (1354555) lic__man INFO    Claim 'fpv' for <ui>.
2026-02-23 13:52:37.729768 (1354555) lic_core INFO    (1) checking out 'jasper_fpv' ...
2026-02-23 13:52:37.735385 (1354555) lic_core INFO    ... (1) checkout failed (error: -5) ("FLEXnet ERROR(-5, 0, 0): No such feature exists.")
2026-02-23 13:52:37.735426 (1354555) lic_core INFO    (2) checking out 'jasper_fao' ...
2026-02-23 13:52:37.745582 (1354555) lic_core INFO    ... (2) checkout succeeded
2026-02-23 13:52:37.759264 (1354555) session_ INFO    Starting analysis session with session id 'session_0' (launcher: <local>) ...
2026-02-23 13:52:37.762035 (1354555) session_ INFO    Analysis session with session id 'session_0' started (pid: 1354563)
2026-02-23 13:52:38.397728 (1354555) session_ INFO    Analysis session 'session_0' connected to the console (host: 127.0.0.1:37940)
2026-02-23 13:52:39.199839 (1354555) lic__man INFO    Unclaim everything for 'session_0'.
2026-02-23 13:52:39.237545 (1354555) lic__man INFO    Claim 'fpv' for 'session_0'.
2026-02-23 13:52:39.237586 (1354555) lic__man INFO    Claim 'fpv' for 'session_0/prove-0'.
2026-02-23 13:52:39.350068 (1354555) lic__man INFO    Unclaim everything for 'session_0/prove-0'.
2026-02-23 13:52:39.405193 (1354555) main____ INFO    About to exit: request to exit with status 0 received from analysis session 'session_0'
2026-02-23 13:52:39.484154 (1354555) session_ INFO    Analysis session 'session_0' disconnected.
2026-02-23 13:52:39.484270 (1354555) lic__man INFO    Unclaim everything for 'session_0'.
2026-02-23 13:52:39.484828 (1354555) session_ INFO    Process for analysis session 'session_0' has exited with exit status '0'.
2026-02-23 13:52:41.507053 (1354555) lic_core INFO    (2) checkin jasper_fao
2026-02-23 13:52:41.508619 (1354555) main____ INFO    Exiting with status 0.
