2026-02-20 17:37:01.702494 (2537431) main____ INFO    ----------------------------------------
2026-02-20 17:37:01.702613 (2537431) main____ INFO    JasperGold version info
2026-02-20 17:37:01.702635 (2537431) main____ INFO      tool      : JasperGold 2021.03
2026-02-20 17:37:01.702645 (2537431) main____ INFO      version   : 2021.03 FCS 64 bits
2026-02-20 17:37:01.702650 (2537431) main____ INFO      build date: 2021.03.23 02:50:43 UTC
2026-02-20 17:37:01.702655 (2537431) main____ INFO    ----------------------------------------
2026-02-20 17:37:01.702659 (2537431) main____ INFO    Runtime info:
2026-02-20 17:37:01.702663 (2537431) main____ INFO      platform  : Linux 5.14.0-570.84.1.el9_6.x86_64 x86_64
2026-02-20 17:37:01.702669 (2537431) main____ INFO      hostname  : della-i13n22
2026-02-20 17:37:01.702674 (2537431) main____ INFO      pid       : 2537431
2026-02-20 17:37:01.702677 (2537431) main____ INFO      arguments : '-style' 'windows' '-batch' '-proj' 'verification_results/00292/jgproject' '-tcl' './jasper_verif_check.tcl'
2026-02-20 17:37:01.702685 (2537431) main____ INFO      locale    : UTF-8
2026-02-20 17:37:01.702689 (2537431) main____ INFO    ----------------------------------------
2026-02-20 17:37:01.702693 (2537431) main____ INFO    System resource limits info:
2026-02-20 17:37:01.702698 (2537431) main____ INFO      virtual memory: unlimited
2026-02-20 17:37:01.702702 (2537431) main____ INFO      cpu time      : unlimited
2026-02-20 17:37:01.702706 (2537431) main____ INFO      stack size    : unlimited
2026-02-20 17:37:01.702710 (2537431) main____ INFO      core file size: unlimited
2026-02-20 17:37:01.702717 (2537431) main____ INFO      open files    : 131072
2026-02-20 17:37:01.702721 (2537431) main____ INFO      file size     : unlimited
2026-02-20 17:37:01.702725 (2537431) main____ INFO    ----------------------------------------
2026-02-20 17:37:01.702729 (2537431) main____ INFO    Memory statistics:
2026-02-20 17:37:01.702734 (2537431) main____ INFO      total physical memory  : 394157548 kB
2026-02-20 17:37:01.702738 (2537431) main____ INFO      free physical memory   : 190688352 kB
2026-02-20 17:37:01.702741 (2537431) main____ INFO      committed address space: 167676372 kB
2026-02-20 17:37:01.702745 (2537431) main____ INFO    ----------------------------------------
2026-02-20 17:37:01.703634 (2537431) main____ INFO    Important environment variables:
2026-02-20 17:37:01.703657 (2537431) main____ INFO      JASPER_HOME       : '/usr/licensed/cadence-20210126/jasper_2021.03'
2026-02-20 17:37:01.703663 (2537431) main____ INFO      JASPER_INSTALL_DIR: '/scratch/gpfs/LICENSED/x86_64/cadence-20210126/jasper_2021.03'
2026-02-20 17:37:01.703668 (2537431) main____ INFO      LANG              : 'en_US.UTF-8'
2026-02-20 17:37:01.703673 (2537431) main____ INFO      LM_LICENSE_FILE   : '5280@license.rc.princeton.edu'
2026-02-20 17:37:01.703678 (2537431) main____ INFO      TMPDIR            : '/tmp'
2026-02-20 17:37:01.703682 (2537431) main____ INFO    ----------------------------------------
2026-02-20 17:37:01.704648 (2537431) lic_core INFO    Initializing license system ...
2026-02-20 17:37:01.705576 (2537431) lic_core INFO    ... license system initialized.
2026-02-20 17:37:01.706381 (2537431) lic__man INFO    Claim 'fpv' for <ui>.
2026-02-20 17:37:01.706431 (2537431) lic_core INFO    (1) checking out 'jasper_fpv' ...
2026-02-20 17:37:01.712427 (2537431) lic_core INFO    ... (1) checkout failed (error: -5) ("FLEXnet ERROR(-5, 0, 0): No such feature exists.")
2026-02-20 17:37:01.712493 (2537431) lic_core INFO    (2) checking out 'jasper_fao' ...
2026-02-20 17:37:01.722906 (2537431) lic_core INFO    ... (2) checkout succeeded
2026-02-20 17:37:01.737520 (2537431) session_ INFO    Starting analysis session with session id 'session_0' (launcher: <local>) ...
2026-02-20 17:37:01.741439 (2537431) session_ INFO    Analysis session with session id 'session_0' started (pid: 2537439)
2026-02-20 17:37:02.495811 (2537431) session_ INFO    Analysis session 'session_0' connected to the console (host: 127.0.0.1:53398)
2026-02-20 17:37:03.133516 (2537431) main____ INFO    About to exit: request to exit with status 1 received from analysis session 'session_0'
2026-02-20 17:37:03.230883 (2537431) session_ INFO    Analysis session 'session_0' disconnected.
2026-02-20 17:37:03.231024 (2537431) lic__man INFO    Unclaim everything for 'session_0'.
2026-02-20 17:37:03.231627 (2537431) session_ INFO    Process for analysis session 'session_0' has exited with exit status '1'.
2026-02-20 17:37:05.038739 (2537431) lic_core INFO    (2) checkin jasper_fao
2026-02-20 17:37:05.040432 (2537431) main____ INFO    Exiting with status 1.
