2026-02-23 13:39:45.397459 (1682119) main____ INFO    ----------------------------------------
2026-02-23 13:39:45.397536 (1682119) main____ INFO    JasperGold version info
2026-02-23 13:39:45.397553 (1682119) main____ INFO      tool      : JasperGold 2021.03
2026-02-23 13:39:45.397561 (1682119) main____ INFO      version   : 2021.03 FCS 64 bits
2026-02-23 13:39:45.397566 (1682119) main____ INFO      build date: 2021.03.23 02:50:43 UTC
2026-02-23 13:39:45.397571 (1682119) main____ INFO    ----------------------------------------
2026-02-23 13:39:45.397576 (1682119) main____ INFO    Runtime info:
2026-02-23 13:39:45.397581 (1682119) main____ INFO      platform  : Linux 5.14.0-570.84.1.el9_6.x86_64 x86_64
2026-02-23 13:39:45.397587 (1682119) main____ INFO      hostname  : della-h14n7
2026-02-23 13:39:45.397593 (1682119) main____ INFO      pid       : 1682119
2026-02-23 13:39:45.397598 (1682119) main____ INFO      arguments : '-style' 'windows' '-batch' '-proj' './verification_results/00662/jgproject' '-tcl' './jasper_verif_check.tcl'
2026-02-23 13:39:45.397605 (1682119) main____ INFO      locale    : UTF-8
2026-02-23 13:39:45.397610 (1682119) main____ INFO    ----------------------------------------
2026-02-23 13:39:45.397615 (1682119) main____ INFO    System resource limits info:
2026-02-23 13:39:45.397619 (1682119) main____ INFO      virtual memory: unlimited
2026-02-23 13:39:45.397624 (1682119) main____ INFO      cpu time      : unlimited
2026-02-23 13:39:45.397629 (1682119) main____ INFO      stack size    : unlimited
2026-02-23 13:39:45.397634 (1682119) main____ INFO      core file size: unlimited
2026-02-23 13:39:45.397641 (1682119) main____ INFO      open files    : 131072
2026-02-23 13:39:45.397646 (1682119) main____ INFO      file size     : unlimited
2026-02-23 13:39:45.397651 (1682119) main____ INFO    ----------------------------------------
2026-02-23 13:39:45.397655 (1682119) main____ INFO    Memory statistics:
2026-02-23 13:39:45.397660 (1682119) main____ INFO      total physical memory  : 1584164356 kB
2026-02-23 13:39:45.397665 (1682119) main____ INFO      free physical memory   : 816917180 kB
2026-02-23 13:39:45.397670 (1682119) main____ INFO      committed address space: 595060860 kB
2026-02-23 13:39:45.397674 (1682119) main____ INFO    ----------------------------------------
2026-02-23 13:39:45.398185 (1682119) main____ INFO    Important environment variables:
2026-02-23 13:39:45.398198 (1682119) main____ INFO      JASPER_HOME       : '/usr/licensed/cadence-20210126/jasper_2021.03'
2026-02-23 13:39:45.398204 (1682119) main____ INFO      JASPER_INSTALL_DIR: '/scratch/gpfs/LICENSED/x86_64/cadence-20210126/jasper_2021.03'
2026-02-23 13:39:45.398210 (1682119) main____ INFO      LANG              : 'en_US.UTF-8'
2026-02-23 13:39:45.398215 (1682119) main____ INFO      LM_LICENSE_FILE   : '5280@license.rc.princeton.edu'
2026-02-23 13:39:45.398220 (1682119) main____ INFO      TMPDIR            : '/tmp/ab2113/jg_5018707_5'
2026-02-23 13:39:45.398225 (1682119) main____ INFO    ----------------------------------------
2026-02-23 13:39:45.398641 (1682119) lic_core INFO    Initializing license system ...
2026-02-23 13:39:45.399128 (1682119) lic_core INFO    ... license system initialized.
2026-02-23 13:39:45.399854 (1682119) lic__man INFO    Claim 'fpv' for <ui>.
2026-02-23 13:39:45.399885 (1682119) lic_core INFO    (1) checking out 'jasper_fpv' ...
2026-02-23 13:39:45.405291 (1682119) lic_core INFO    ... (1) checkout failed (error: -5) ("FLEXnet ERROR(-5, 0, 0): No such feature exists.")
2026-02-23 13:39:45.405318 (1682119) lic_core INFO    (2) checking out 'jasper_fao' ...
2026-02-23 13:39:45.413981 (1682119) lic_core INFO    ... (2) checkout succeeded
2026-02-23 13:39:45.423996 (1682119) session_ INFO    Starting analysis session with session id 'session_0' (launcher: <local>) ...
2026-02-23 13:39:45.426528 (1682119) session_ INFO    Analysis session with session id 'session_0' started (pid: 1682155)
2026-02-23 13:39:45.930528 (1682119) session_ INFO    Analysis session 'session_0' connected to the console (host: 127.0.0.1:43566)
2026-02-23 13:39:46.415305 (1682119) main____ INFO    About to exit: request to exit with status 1 received from analysis session 'session_0'
2026-02-23 13:39:46.463985 (1682119) session_ INFO    Analysis session 'session_0' disconnected.
2026-02-23 13:39:46.464088 (1682119) lic__man INFO    Unclaim everything for 'session_0'.
2026-02-23 13:39:46.464802 (1682119) session_ INFO    Process for analysis session 'session_0' has exited with exit status '1'.
2026-02-23 13:39:48.523792 (1682119) lic_core INFO    (2) checkin jasper_fao
2026-02-23 13:39:48.525246 (1682119) main____ INFO    Exiting with status 1.
