2026-02-23 13:55:22.383616 (3183202) main____ INFO    ----------------------------------------
2026-02-23 13:55:22.383688 (3183202) main____ INFO    JasperGold version info
2026-02-23 13:55:22.383703 (3183202) main____ INFO      tool      : JasperGold 2021.03
2026-02-23 13:55:22.383712 (3183202) main____ INFO      version   : 2021.03 FCS 64 bits
2026-02-23 13:55:22.383718 (3183202) main____ INFO      build date: 2021.03.23 02:50:43 UTC
2026-02-23 13:55:22.383723 (3183202) main____ INFO    ----------------------------------------
2026-02-23 13:55:22.383728 (3183202) main____ INFO    Runtime info:
2026-02-23 13:55:22.383733 (3183202) main____ INFO      platform  : Linux 5.14.0-570.84.1.el9_6.x86_64 x86_64
2026-02-23 13:55:22.383740 (3183202) main____ INFO      hostname  : della-r3c3n1
2026-02-23 13:55:22.383746 (3183202) main____ INFO      pid       : 3183202
2026-02-23 13:55:22.383750 (3183202) main____ INFO      arguments : '-style' 'windows' '-batch' '-proj' './verification_results/03981/jgproject' '-tcl' './jasper_verif_check.tcl'
2026-02-23 13:55:22.383759 (3183202) main____ INFO      locale    : UTF-8
2026-02-23 13:55:22.383764 (3183202) main____ INFO    ----------------------------------------
2026-02-23 13:55:22.383768 (3183202) main____ INFO    System resource limits info:
2026-02-23 13:55:22.383775 (3183202) main____ INFO      virtual memory: unlimited
2026-02-23 13:55:22.383780 (3183202) main____ INFO      cpu time      : unlimited
2026-02-23 13:55:22.383785 (3183202) main____ INFO      stack size    : unlimited
2026-02-23 13:55:22.383789 (3183202) main____ INFO      core file size: unlimited
2026-02-23 13:55:22.383797 (3183202) main____ INFO      open files    : 131072
2026-02-23 13:55:22.383803 (3183202) main____ INFO      file size     : unlimited
2026-02-23 13:55:22.383807 (3183202) main____ INFO    ----------------------------------------
2026-02-23 13:55:22.383811 (3183202) main____ INFO    Memory statistics:
2026-02-23 13:55:22.383818 (3183202) main____ INFO      total physical memory  : 195972176 kB
2026-02-23 13:55:22.383822 (3183202) main____ INFO      free physical memory   : 119063016 kB
2026-02-23 13:55:22.383827 (3183202) main____ INFO      committed address space: 22678196 kB
2026-02-23 13:55:22.383831 (3183202) main____ INFO    ----------------------------------------
2026-02-23 13:55:22.384783 (3183202) main____ INFO    Important environment variables:
2026-02-23 13:55:22.384797 (3183202) main____ INFO      JASPER_HOME       : '/usr/licensed/cadence-20210126/jasper_2021.03'
2026-02-23 13:55:22.384804 (3183202) main____ INFO      JASPER_INSTALL_DIR: '/scratch/gpfs/LICENSED/x86_64/cadence-20210126/jasper_2021.03'
2026-02-23 13:55:22.384811 (3183202) main____ INFO      LANG              : 'en_US.UTF-8'
2026-02-23 13:55:22.384816 (3183202) main____ INFO      LM_LICENSE_FILE   : '5280@license.rc.princeton.edu'
2026-02-23 13:55:22.384821 (3183202) main____ INFO      TMPDIR            : '/tmp/ab2113/jg_5019091_72'
2026-02-23 13:55:22.384828 (3183202) main____ INFO    ----------------------------------------
2026-02-23 13:55:22.385570 (3183202) lic_core INFO    Initializing license system ...
2026-02-23 13:55:22.385977 (3183202) lic_core INFO    ... license system initialized.
2026-02-23 13:55:22.386665 (3183202) lic__man INFO    Claim 'fpv' for <ui>.
2026-02-23 13:55:22.386700 (3183202) lic_core INFO    (1) checking out 'jasper_fpv' ...
2026-02-23 13:55:22.392454 (3183202) lic_core INFO    ... (1) checkout failed (error: -5) ("FLEXnet ERROR(-5, 0, 0): No such feature exists.")
2026-02-23 13:55:22.392481 (3183202) lic_core INFO    (2) checking out 'jasper_fao' ...
2026-02-23 13:55:22.402980 (3183202) lic_core INFO    ... (2) checkout succeeded
2026-02-23 13:55:22.416818 (3183202) session_ INFO    Starting analysis session with session id 'session_0' (launcher: <local>) ...
2026-02-23 13:55:22.419398 (3183202) session_ INFO    Analysis session with session id 'session_0' started (pid: 3183210)
2026-02-23 13:55:23.118933 (3183202) session_ INFO    Analysis session 'session_0' connected to the console (host: 127.0.0.1:58082)
2026-02-23 13:55:23.939968 (3183202) lic__man INFO    Unclaim everything for 'session_0'.
2026-02-23 13:55:23.977252 (3183202) lic__man INFO    Claim 'fpv' for 'session_0'.
2026-02-23 13:55:23.977289 (3183202) lic__man INFO    Claim 'fpv' for 'session_0/prove-0'.
2026-02-23 13:55:24.101258 (3183202) lic__man INFO    Unclaim everything for 'session_0/prove-0'.
2026-02-23 13:55:24.156429 (3183202) main____ INFO    About to exit: request to exit with status 0 received from analysis session 'session_0'
2026-02-23 13:55:24.234263 (3183202) session_ INFO    Analysis session 'session_0' disconnected.
2026-02-23 13:55:24.234433 (3183202) lic__man INFO    Unclaim everything for 'session_0'.
2026-02-23 13:55:24.235142 (3183202) session_ INFO    Process for analysis session 'session_0' has exited with exit status '0'.
2026-02-23 13:55:26.109828 (3183202) lic_core INFO    (2) checkin jasper_fao
2026-02-23 13:55:26.111231 (3183202) main____ INFO    Exiting with status 0.
