2026-02-23 13:40:40.267448 (1463973) main____ INFO    ----------------------------------------
2026-02-23 13:40:40.267541 (1463973) main____ INFO    JasperGold version info
2026-02-23 13:40:40.267564 (1463973) main____ INFO      tool      : JasperGold 2021.03
2026-02-23 13:40:40.267575 (1463973) main____ INFO      version   : 2021.03 FCS 64 bits
2026-02-23 13:40:40.267582 (1463973) main____ INFO      build date: 2021.03.23 02:50:43 UTC
2026-02-23 13:40:40.267588 (1463973) main____ INFO    ----------------------------------------
2026-02-23 13:40:40.267595 (1463973) main____ INFO    Runtime info:
2026-02-23 13:40:40.267601 (1463973) main____ INFO      platform  : Linux 5.14.0-570.84.1.el9_6.x86_64 x86_64
2026-02-23 13:40:40.267607 (1463973) main____ INFO      hostname  : della-h14n5
2026-02-23 13:40:40.267613 (1463973) main____ INFO      pid       : 1463973
2026-02-23 13:40:40.267618 (1463973) main____ INFO      arguments : '-style' 'windows' '-batch' '-proj' './verification_results/01000/jgproject' '-tcl' './jasper_verif_check.tcl'
2026-02-23 13:40:40.267628 (1463973) main____ INFO      locale    : UTF-8
2026-02-23 13:40:40.267634 (1463973) main____ INFO    ----------------------------------------
2026-02-23 13:40:40.267640 (1463973) main____ INFO    System resource limits info:
2026-02-23 13:40:40.267646 (1463973) main____ INFO      virtual memory: unlimited
2026-02-23 13:40:40.267651 (1463973) main____ INFO      cpu time      : unlimited
2026-02-23 13:40:40.267657 (1463973) main____ INFO      stack size    : unlimited
2026-02-23 13:40:40.267662 (1463973) main____ INFO      core file size: unlimited
2026-02-23 13:40:40.267669 (1463973) main____ INFO      open files    : 131072
2026-02-23 13:40:40.267675 (1463973) main____ INFO      file size     : unlimited
2026-02-23 13:40:40.267680 (1463973) main____ INFO    ----------------------------------------
2026-02-23 13:40:40.267687 (1463973) main____ INFO    Memory statistics:
2026-02-23 13:40:40.267694 (1463973) main____ INFO      total physical memory  : 1584164368 kB
2026-02-23 13:40:40.267699 (1463973) main____ INFO      free physical memory   : 700665600 kB
2026-02-23 13:40:40.267704 (1463973) main____ INFO      committed address space: 536909548 kB
2026-02-23 13:40:40.267710 (1463973) main____ INFO    ----------------------------------------
2026-02-23 13:40:40.268254 (1463973) main____ INFO    Important environment variables:
2026-02-23 13:40:40.268270 (1463973) main____ INFO      JASPER_HOME       : '/usr/licensed/cadence-20210126/jasper_2021.03'
2026-02-23 13:40:40.268278 (1463973) main____ INFO      JASPER_INSTALL_DIR: '/scratch/gpfs/LICENSED/x86_64/cadence-20210126/jasper_2021.03'
2026-02-23 13:40:40.268284 (1463973) main____ INFO      LANG              : 'en_US.UTF-8'
2026-02-23 13:40:40.268290 (1463973) main____ INFO      LM_LICENSE_FILE   : '5280@license.rc.princeton.edu'
2026-02-23 13:40:40.268298 (1463973) main____ INFO      TMPDIR            : '/tmp/ab2113/jg_5018806_12'
2026-02-23 13:40:40.268304 (1463973) main____ INFO    ----------------------------------------
2026-02-23 13:40:40.268726 (1463973) lic_core INFO    Initializing license system ...
2026-02-23 13:40:40.269293 (1463973) lic_core INFO    ... license system initialized.
2026-02-23 13:40:40.270363 (1463973) lic__man INFO    Claim 'fpv' for <ui>.
2026-02-23 13:40:40.270471 (1463973) lic_core INFO    (1) checking out 'jasper_fpv' ...
2026-02-23 13:40:40.277102 (1463973) lic_core INFO    ... (1) checkout failed (error: -5) ("FLEXnet ERROR(-5, 0, 0): No such feature exists.")
2026-02-23 13:40:40.277136 (1463973) lic_core INFO    (2) checking out 'jasper_fao' ...
2026-02-23 13:40:40.286456 (1463973) lic_core INFO    ... (2) checkout succeeded
2026-02-23 13:40:40.298081 (1463973) session_ INFO    Starting analysis session with session id 'session_0' (launcher: <local>) ...
2026-02-23 13:40:40.301718 (1463973) session_ INFO    Analysis session with session id 'session_0' started (pid: 1463983)
2026-02-23 13:40:40.863148 (1463973) session_ INFO    Analysis session 'session_0' connected to the console (host: 127.0.0.1:49250)
2026-02-23 13:40:41.689518 (1463973) main____ INFO    About to exit: request to exit with status 1 received from analysis session 'session_0'
2026-02-23 13:40:41.739782 (1463973) session_ INFO    Analysis session 'session_0' disconnected.
2026-02-23 13:40:41.739898 (1463973) lic__man INFO    Unclaim everything for 'session_0'.
2026-02-23 13:40:41.740723 (1463973) session_ INFO    Process for analysis session 'session_0' has exited with exit status '1'.
2026-02-23 13:40:43.595382 (1463973) lic_core INFO    (2) checkin jasper_fao
2026-02-23 13:40:43.596542 (1463973) main____ INFO    Exiting with status 1.
