2026-02-20 17:43:46.840526 (2547937) main____ INFO    ----------------------------------------
2026-02-20 17:43:46.840648 (2547937) main____ INFO    JasperGold version info
2026-02-20 17:43:46.840669 (2547937) main____ INFO      tool      : JasperGold 2021.03
2026-02-20 17:43:46.840679 (2547937) main____ INFO      version   : 2021.03 FCS 64 bits
2026-02-20 17:43:46.840684 (2547937) main____ INFO      build date: 2021.03.23 02:50:43 UTC
2026-02-20 17:43:46.840689 (2547937) main____ INFO    ----------------------------------------
2026-02-20 17:43:46.840693 (2547937) main____ INFO    Runtime info:
2026-02-20 17:43:46.840697 (2547937) main____ INFO      platform  : Linux 5.14.0-570.84.1.el9_6.x86_64 x86_64
2026-02-20 17:43:46.840703 (2547937) main____ INFO      hostname  : della-i13n22
2026-02-20 17:43:46.840707 (2547937) main____ INFO      pid       : 2547937
2026-02-20 17:43:46.840711 (2547937) main____ INFO      arguments : '-style' 'windows' '-batch' '-proj' 'verification_results/00393/jgproject' '-tcl' './jasper_verif_check.tcl'
2026-02-20 17:43:46.840719 (2547937) main____ INFO      locale    : UTF-8
2026-02-20 17:43:46.840723 (2547937) main____ INFO    ----------------------------------------
2026-02-20 17:43:46.840727 (2547937) main____ INFO    System resource limits info:
2026-02-20 17:43:46.840731 (2547937) main____ INFO      virtual memory: unlimited
2026-02-20 17:43:46.840735 (2547937) main____ INFO      cpu time      : unlimited
2026-02-20 17:43:46.840738 (2547937) main____ INFO      stack size    : unlimited
2026-02-20 17:43:46.840742 (2547937) main____ INFO      core file size: unlimited
2026-02-20 17:43:46.840750 (2547937) main____ INFO      open files    : 131072
2026-02-20 17:43:46.840754 (2547937) main____ INFO      file size     : unlimited
2026-02-20 17:43:46.840757 (2547937) main____ INFO    ----------------------------------------
2026-02-20 17:43:46.840761 (2547937) main____ INFO    Memory statistics:
2026-02-20 17:43:46.840765 (2547937) main____ INFO      total physical memory  : 394157548 kB
2026-02-20 17:43:46.840768 (2547937) main____ INFO      free physical memory   : 190993716 kB
2026-02-20 17:43:46.840772 (2547937) main____ INFO      committed address space: 167794716 kB
2026-02-20 17:43:46.840775 (2547937) main____ INFO    ----------------------------------------
2026-02-20 17:43:46.841666 (2547937) main____ INFO    Important environment variables:
2026-02-20 17:43:46.841686 (2547937) main____ INFO      JASPER_HOME       : '/usr/licensed/cadence-20210126/jasper_2021.03'
2026-02-20 17:43:46.841692 (2547937) main____ INFO      JASPER_INSTALL_DIR: '/scratch/gpfs/LICENSED/x86_64/cadence-20210126/jasper_2021.03'
2026-02-20 17:43:46.841697 (2547937) main____ INFO      LANG              : 'en_US.UTF-8'
2026-02-20 17:43:46.841702 (2547937) main____ INFO      LM_LICENSE_FILE   : '5280@license.rc.princeton.edu'
2026-02-20 17:43:46.841706 (2547937) main____ INFO      TMPDIR            : '/tmp'
2026-02-20 17:43:46.841710 (2547937) main____ INFO    ----------------------------------------
2026-02-20 17:43:46.842284 (2547937) lic_core INFO    Initializing license system ...
2026-02-20 17:43:46.843206 (2547937) lic_core INFO    ... license system initialized.
2026-02-20 17:43:46.844001 (2547937) lic__man INFO    Claim 'fpv' for <ui>.
2026-02-20 17:43:46.844045 (2547937) lic_core INFO    (1) checking out 'jasper_fpv' ...
2026-02-20 17:43:46.849848 (2547937) lic_core INFO    ... (1) checkout failed (error: -5) ("FLEXnet ERROR(-5, 0, 0): No such feature exists.")
2026-02-20 17:43:46.849909 (2547937) lic_core INFO    (2) checking out 'jasper_fao' ...
2026-02-20 17:43:46.860014 (2547937) lic_core INFO    ... (2) checkout succeeded
2026-02-20 17:43:46.874683 (2547937) session_ INFO    Starting analysis session with session id 'session_0' (launcher: <local>) ...
2026-02-20 17:43:46.877905 (2547937) session_ INFO    Analysis session with session id 'session_0' started (pid: 2547945)
2026-02-20 17:43:47.635664 (2547937) session_ INFO    Analysis session 'session_0' connected to the console (host: 127.0.0.1:54378)
2026-02-20 17:43:48.539064 (2547937) lic__man INFO    Unclaim everything for 'session_0'.
2026-02-20 17:43:48.608503 (2547937) main____ INFO    About to exit: request to exit with status 3 received from analysis session 'session_0'
2026-02-20 17:43:48.704842 (2547937) session_ INFO    Analysis session 'session_0' disconnected.
2026-02-20 17:43:48.704992 (2547937) lic__man INFO    Unclaim everything for 'session_0'.
2026-02-20 17:43:48.705640 (2547937) session_ INFO    Process for analysis session 'session_0' has exited with exit status '3'.
2026-02-20 17:43:50.538911 (2547937) lic_core INFO    (2) checkin jasper_fao
2026-02-20 17:43:50.540853 (2547937) main____ INFO    Exiting with status 3.
