2026-02-23 11:48:43.622762 (3967732) main____ INFO    ----------------------------------------
2026-02-23 11:48:43.622868 (3967732) main____ INFO    JasperGold version info
2026-02-23 11:48:43.622884 (3967732) main____ INFO      tool      : JasperGold 2021.03
2026-02-23 11:48:43.622893 (3967732) main____ INFO      version   : 2021.03 FCS 64 bits
2026-02-23 11:48:43.622899 (3967732) main____ INFO      build date: 2021.03.23 02:50:43 UTC
2026-02-23 11:48:43.622904 (3967732) main____ INFO    ----------------------------------------
2026-02-23 11:48:43.622908 (3967732) main____ INFO    Runtime info:
2026-02-23 11:48:43.622913 (3967732) main____ INFO      platform  : Linux 5.14.0-570.84.1.el9_6.x86_64 x86_64
2026-02-23 11:48:43.622921 (3967732) main____ INFO      hostname  : della-r3c3n2
2026-02-23 11:48:43.622926 (3967732) main____ INFO      pid       : 3967732
2026-02-23 11:48:43.622931 (3967732) main____ INFO      arguments : '-style' 'windows' '-batch' '-proj' './verification_results/00013/jgproject' '-tcl' './jasper_verif_check.tcl'
2026-02-23 11:48:43.622939 (3967732) main____ INFO      locale    : UTF-8
2026-02-23 11:48:43.622944 (3967732) main____ INFO    ----------------------------------------
2026-02-23 11:48:43.622948 (3967732) main____ INFO    System resource limits info:
2026-02-23 11:48:43.622952 (3967732) main____ INFO      virtual memory: unlimited
2026-02-23 11:48:43.622957 (3967732) main____ INFO      cpu time      : unlimited
2026-02-23 11:48:43.622961 (3967732) main____ INFO      stack size    : unlimited
2026-02-23 11:48:43.622966 (3967732) main____ INFO      core file size: unlimited
2026-02-23 11:48:43.622972 (3967732) main____ INFO      open files    : 131072
2026-02-23 11:48:43.622977 (3967732) main____ INFO      file size     : unlimited
2026-02-23 11:48:43.622981 (3967732) main____ INFO    ----------------------------------------
2026-02-23 11:48:43.622985 (3967732) main____ INFO    Memory statistics:
2026-02-23 11:48:43.622990 (3967732) main____ INFO      total physical memory  : 195972152 kB
2026-02-23 11:48:43.622994 (3967732) main____ INFO      free physical memory   : 104603044 kB
2026-02-23 11:48:43.622998 (3967732) main____ INFO      committed address space: 40586796 kB
2026-02-23 11:48:43.623002 (3967732) main____ INFO    ----------------------------------------
2026-02-23 11:48:43.624037 (3967732) main____ INFO    Important environment variables:
2026-02-23 11:48:43.624059 (3967732) main____ INFO      JASPER_HOME       : '/usr/licensed/cadence-20210126/jasper_2021.03'
2026-02-23 11:48:43.624066 (3967732) main____ INFO      JASPER_INSTALL_DIR: '/scratch/gpfs/LICENSED/x86_64/cadence-20210126/jasper_2021.03'
2026-02-23 11:48:43.624071 (3967732) main____ INFO      LANG              : 'en_US.UTF-8'
2026-02-23 11:48:43.624076 (3967732) main____ INFO      LM_LICENSE_FILE   : '5280@license.rc.princeton.edu'
2026-02-23 11:48:43.624082 (3967732) main____ INFO      TMPDIR            : '/tmp/ab2113/jg_5015386_14'
2026-02-23 11:48:43.624095 (3967732) main____ INFO    ----------------------------------------
2026-02-23 11:48:43.629335 (3967732) lic_core INFO    Initializing license system ...
2026-02-23 11:48:43.632128 (3967732) lic_core INFO    ... license system initialized.
2026-02-23 11:48:43.633391 (3967732) lic__man INFO    Claim 'fpv' for <ui>.
2026-02-23 11:48:43.633464 (3967732) lic_core INFO    (1) checking out 'jasper_fpv' ...
2026-02-23 11:48:43.639296 (3967732) lic_core INFO    ... (1) checkout failed (error: -5) ("FLEXnet ERROR(-5, 0, 0): No such feature exists.")
2026-02-23 11:48:43.639342 (3967732) lic_core INFO    (2) checking out 'jasper_fao' ...
2026-02-23 11:48:43.650363 (3967732) lic_core INFO    ... (2) checkout succeeded
2026-02-23 11:48:43.674678 (3967732) session_ INFO    Starting analysis session with session id 'session_0' (launcher: <local>) ...
2026-02-23 11:48:43.677679 (3967732) session_ INFO    Analysis session with session id 'session_0' started (pid: 3967742)
2026-02-23 11:48:44.701677 (3967732) session_ INFO    Analysis session 'session_0' connected to the console (host: 127.0.0.1:59244)
2026-02-23 11:48:45.602444 (3967732) lic__man INFO    Unclaim everything for 'session_0'.
2026-02-23 11:48:45.696212 (3967732) main____ INFO    About to exit: request to exit with status 3 received from analysis session 'session_0'
2026-02-23 11:48:45.781071 (3967732) session_ INFO    Analysis session 'session_0' disconnected.
2026-02-23 11:48:45.781291 (3967732) lic__man INFO    Unclaim everything for 'session_0'.
2026-02-23 11:48:45.782021 (3967732) session_ INFO    Process for analysis session 'session_0' has exited with exit status '3'.
2026-02-23 11:48:47.602506 (3967732) lic_core INFO    (2) checkin jasper_fao
2026-02-23 11:48:47.604281 (3967732) main____ INFO    Exiting with status 3.
