2026-02-23 13:40:36.578428 (2073262) main____ INFO    ----------------------------------------
2026-02-23 13:40:36.578533 (2073262) main____ INFO    JasperGold version info
2026-02-23 13:40:36.578551 (2073262) main____ INFO      tool      : JasperGold 2021.03
2026-02-23 13:40:36.578561 (2073262) main____ INFO      version   : 2021.03 FCS 64 bits
2026-02-23 13:40:36.578566 (2073262) main____ INFO      build date: 2021.03.23 02:50:43 UTC
2026-02-23 13:40:36.578571 (2073262) main____ INFO    ----------------------------------------
2026-02-23 13:40:36.578575 (2073262) main____ INFO    Runtime info:
2026-02-23 13:40:36.578580 (2073262) main____ INFO      platform  : Linux 5.14.0-570.84.1.el9_6.x86_64 x86_64
2026-02-23 13:40:36.578587 (2073262) main____ INFO      hostname  : della-r3c1n15
2026-02-23 13:40:36.578592 (2073262) main____ INFO      pid       : 2073262
2026-02-23 13:40:36.578597 (2073262) main____ INFO      arguments : '-style' 'windows' '-batch' '-proj' './verification_results/01370/jgproject' '-tcl' './jasper_verif_check.tcl'
2026-02-23 13:40:36.578606 (2073262) main____ INFO      locale    : UTF-8
2026-02-23 13:40:36.578611 (2073262) main____ INFO    ----------------------------------------
2026-02-23 13:40:36.578615 (2073262) main____ INFO    System resource limits info:
2026-02-23 13:40:36.578620 (2073262) main____ INFO      virtual memory: unlimited
2026-02-23 13:40:36.578625 (2073262) main____ INFO      cpu time      : unlimited
2026-02-23 13:40:36.578629 (2073262) main____ INFO      stack size    : unlimited
2026-02-23 13:40:36.578634 (2073262) main____ INFO      core file size: unlimited
2026-02-23 13:40:36.578642 (2073262) main____ INFO      open files    : 131072
2026-02-23 13:40:36.578647 (2073262) main____ INFO      file size     : unlimited
2026-02-23 13:40:36.578652 (2073262) main____ INFO    ----------------------------------------
2026-02-23 13:40:36.578656 (2073262) main____ INFO    Memory statistics:
2026-02-23 13:40:36.578661 (2073262) main____ INFO      total physical memory  : 195972072 kB
2026-02-23 13:40:36.578666 (2073262) main____ INFO      free physical memory   : 106803332 kB
2026-02-23 13:40:36.578670 (2073262) main____ INFO      committed address space: 17052012 kB
2026-02-23 13:40:36.578674 (2073262) main____ INFO    ----------------------------------------
2026-02-23 13:40:36.579741 (2073262) main____ INFO    Important environment variables:
2026-02-23 13:40:36.579760 (2073262) main____ INFO      JASPER_HOME       : '/usr/licensed/cadence-20210126/jasper_2021.03'
2026-02-23 13:40:36.579767 (2073262) main____ INFO      JASPER_INSTALL_DIR: '/scratch/gpfs/LICENSED/x86_64/cadence-20210126/jasper_2021.03'
2026-02-23 13:40:36.579773 (2073262) main____ INFO      LANG              : 'en_US.UTF-8'
2026-02-23 13:40:36.579778 (2073262) main____ INFO      LM_LICENSE_FILE   : '5280@license.rc.princeton.edu'
2026-02-23 13:40:36.579783 (2073262) main____ INFO      TMPDIR            : '/tmp/ab2113/jg_5018834_20'
2026-02-23 13:40:36.579788 (2073262) main____ INFO    ----------------------------------------
2026-02-23 13:40:36.580657 (2073262) lic_core INFO    Initializing license system ...
2026-02-23 13:40:36.581517 (2073262) lic_core INFO    ... license system initialized.
2026-02-23 13:40:36.582344 (2073262) lic__man INFO    Claim 'fpv' for <ui>.
2026-02-23 13:40:36.582388 (2073262) lic_core INFO    (1) checking out 'jasper_fpv' ...
2026-02-23 13:40:36.588347 (2073262) lic_core INFO    ... (1) checkout failed (error: -5) ("FLEXnet ERROR(-5, 0, 0): No such feature exists.")
2026-02-23 13:40:36.588382 (2073262) lic_core INFO    (2) checking out 'jasper_fao' ...
2026-02-23 13:40:36.599176 (2073262) lic_core INFO    ... (2) checkout succeeded
2026-02-23 13:40:36.616175 (2073262) session_ INFO    Starting analysis session with session id 'session_0' (launcher: <local>) ...
2026-02-23 13:40:36.619522 (2073262) session_ INFO    Analysis session with session id 'session_0' started (pid: 2073273)
2026-02-23 13:40:37.388111 (2073262) session_ INFO    Analysis session 'session_0' connected to the console (host: 127.0.0.1:54410)
2026-02-23 13:40:38.026308 (2073262) main____ INFO    About to exit: request to exit with status 1 received from analysis session 'session_0'
2026-02-23 13:40:38.113525 (2073262) session_ INFO    Analysis session 'session_0' disconnected.
2026-02-23 13:40:38.113671 (2073262) lic__man INFO    Unclaim everything for 'session_0'.
2026-02-23 13:40:38.115283 (2073262) session_ INFO    Process for analysis session 'session_0' has exited with exit status '1'.
2026-02-23 13:40:39.931017 (2073262) lic_core INFO    (2) checkin jasper_fao
2026-02-23 13:40:39.932735 (2073262) main____ INFO    Exiting with status 1.
