2026-02-23 13:58:22.844633 (1960352) main____ INFO    ----------------------------------------
2026-02-23 13:58:22.844731 (1960352) main____ INFO    JasperGold version info
2026-02-23 13:58:22.844749 (1960352) main____ INFO      tool      : JasperGold 2021.03
2026-02-23 13:58:22.844757 (1960352) main____ INFO      version   : 2021.03 FCS 64 bits
2026-02-23 13:58:22.844763 (1960352) main____ INFO      build date: 2021.03.23 02:50:43 UTC
2026-02-23 13:58:22.844767 (1960352) main____ INFO    ----------------------------------------
2026-02-23 13:58:22.844772 (1960352) main____ INFO    Runtime info:
2026-02-23 13:58:22.844777 (1960352) main____ INFO      platform  : Linux 5.14.0-570.84.1.el9_6.x86_64 x86_64
2026-02-23 13:58:22.844783 (1960352) main____ INFO      hostname  : della-r3c1n5
2026-02-23 13:58:22.844788 (1960352) main____ INFO      pid       : 1960352
2026-02-23 13:58:22.844792 (1960352) main____ INFO      arguments : '-style' 'windows' '-batch' '-proj' './verification_results/04385/jgproject' '-tcl' './jasper_verif_check.tcl'
2026-02-23 13:58:22.844800 (1960352) main____ INFO      locale    : UTF-8
2026-02-23 13:58:22.844805 (1960352) main____ INFO    ----------------------------------------
2026-02-23 13:58:22.844809 (1960352) main____ INFO    System resource limits info:
2026-02-23 13:58:22.844813 (1960352) main____ INFO      virtual memory: unlimited
2026-02-23 13:58:22.844817 (1960352) main____ INFO      cpu time      : unlimited
2026-02-23 13:58:22.844822 (1960352) main____ INFO      stack size    : unlimited
2026-02-23 13:58:22.844826 (1960352) main____ INFO      core file size: unlimited
2026-02-23 13:58:22.844834 (1960352) main____ INFO      open files    : 131072
2026-02-23 13:58:22.844838 (1960352) main____ INFO      file size     : unlimited
2026-02-23 13:58:22.844843 (1960352) main____ INFO    ----------------------------------------
2026-02-23 13:58:22.844848 (1960352) main____ INFO    Memory statistics:
2026-02-23 13:58:22.844853 (1960352) main____ INFO      total physical memory  : 195972056 kB
2026-02-23 13:58:22.844857 (1960352) main____ INFO      free physical memory   : 136757420 kB
2026-02-23 13:58:22.844861 (1960352) main____ INFO      committed address space: 57930964 kB
2026-02-23 13:58:22.844866 (1960352) main____ INFO    ----------------------------------------
2026-02-23 13:58:22.845852 (1960352) main____ INFO    Important environment variables:
2026-02-23 13:58:22.845872 (1960352) main____ INFO      JASPER_HOME       : '/usr/licensed/cadence-20210126/jasper_2021.03'
2026-02-23 13:58:22.845879 (1960352) main____ INFO      JASPER_INSTALL_DIR: '/scratch/gpfs/LICENSED/x86_64/cadence-20210126/jasper_2021.03'
2026-02-23 13:58:22.845885 (1960352) main____ INFO      LANG              : 'en_US.UTF-8'
2026-02-23 13:58:22.845890 (1960352) main____ INFO      LM_LICENSE_FILE   : '5280@license.rc.princeton.edu'
2026-02-23 13:58:22.845895 (1960352) main____ INFO      TMPDIR            : '/tmp/ab2113/jg_5019148_80'
2026-02-23 13:58:22.845900 (1960352) main____ INFO    ----------------------------------------
2026-02-23 13:58:22.846764 (1960352) lic_core INFO    Initializing license system ...
2026-02-23 13:58:22.847591 (1960352) lic_core INFO    ... license system initialized.
2026-02-23 13:58:22.848339 (1960352) lic__man INFO    Claim 'fpv' for <ui>.
2026-02-23 13:58:22.848379 (1960352) lic_core INFO    (1) checking out 'jasper_fpv' ...
2026-02-23 13:58:22.854392 (1960352) lic_core INFO    ... (1) checkout failed (error: -5) ("FLEXnet ERROR(-5, 0, 0): No such feature exists.")
2026-02-23 13:58:22.854430 (1960352) lic_core INFO    (2) checking out 'jasper_fao' ...
2026-02-23 13:58:22.864791 (1960352) lic_core INFO    ... (2) checkout succeeded
2026-02-23 13:58:22.879847 (1960352) session_ INFO    Starting analysis session with session id 'session_0' (launcher: <local>) ...
2026-02-23 13:58:22.883014 (1960352) session_ INFO    Analysis session with session id 'session_0' started (pid: 1960360)
2026-02-23 13:58:23.591195 (1960352) session_ INFO    Analysis session 'session_0' connected to the console (host: 127.0.0.1:52232)
2026-02-23 13:58:24.441604 (1960352) lic__man INFO    Unclaim everything for 'session_0'.
2026-02-23 13:58:24.485154 (1960352) lic__man INFO    Claim 'fpv' for 'session_0'.
2026-02-23 13:58:24.485203 (1960352) lic__man INFO    Claim 'fpv' for 'session_0/prove-0'.
2026-02-23 13:58:24.617925 (1960352) lic__man INFO    Unclaim everything for 'session_0/prove-0'.
2026-02-23 13:58:24.674207 (1960352) main____ INFO    About to exit: request to exit with status 0 received from analysis session 'session_0'
2026-02-23 13:58:24.756766 (1960352) session_ INFO    Analysis session 'session_0' disconnected.
2026-02-23 13:58:24.756890 (1960352) lic__man INFO    Unclaim everything for 'session_0'.
2026-02-23 13:58:24.757281 (1960352) session_ INFO    Process for analysis session 'session_0' has exited with exit status '0'.
2026-02-23 13:58:26.596533 (1960352) lic_core INFO    (2) checkin jasper_fao
2026-02-23 13:58:26.598167 (1960352) main____ INFO    Exiting with status 0.
