2026-02-23 13:38:01.747954 (1437417) main____ INFO    ----------------------------------------
2026-02-23 13:38:01.748041 (1437417) main____ INFO    JasperGold version info
2026-02-23 13:38:01.748062 (1437417) main____ INFO      tool      : JasperGold 2021.03
2026-02-23 13:38:01.748073 (1437417) main____ INFO      version   : 2021.03 FCS 64 bits
2026-02-23 13:38:01.748080 (1437417) main____ INFO      build date: 2021.03.23 02:50:43 UTC
2026-02-23 13:38:01.748087 (1437417) main____ INFO    ----------------------------------------
2026-02-23 13:38:01.748092 (1437417) main____ INFO    Runtime info:
2026-02-23 13:38:01.748097 (1437417) main____ INFO      platform  : Linux 5.14.0-570.84.1.el9_6.x86_64 x86_64
2026-02-23 13:38:01.748104 (1437417) main____ INFO      hostname  : della-h14n5
2026-02-23 13:38:01.748110 (1437417) main____ INFO      pid       : 1437417
2026-02-23 13:38:01.748116 (1437417) main____ INFO      arguments : '-style' 'windows' '-batch' '-proj' './verification_results/00544/jgproject' '-tcl' './jasper_verif_check.tcl'
2026-02-23 13:38:01.748127 (1437417) main____ INFO      locale    : UTF-8
2026-02-23 13:38:01.748132 (1437417) main____ INFO    ----------------------------------------
2026-02-23 13:38:01.748137 (1437417) main____ INFO    System resource limits info:
2026-02-23 13:38:01.748142 (1437417) main____ INFO      virtual memory: unlimited
2026-02-23 13:38:01.748147 (1437417) main____ INFO      cpu time      : unlimited
2026-02-23 13:38:01.748152 (1437417) main____ INFO      stack size    : unlimited
2026-02-23 13:38:01.748157 (1437417) main____ INFO      core file size: unlimited
2026-02-23 13:38:01.748164 (1437417) main____ INFO      open files    : 131072
2026-02-23 13:38:01.748169 (1437417) main____ INFO      file size     : unlimited
2026-02-23 13:38:01.748175 (1437417) main____ INFO    ----------------------------------------
2026-02-23 13:38:01.748180 (1437417) main____ INFO    Memory statistics:
2026-02-23 13:38:01.748187 (1437417) main____ INFO      total physical memory  : 1584164368 kB
2026-02-23 13:38:01.748192 (1437417) main____ INFO      free physical memory   : 702563916 kB
2026-02-23 13:38:01.748198 (1437417) main____ INFO      committed address space: 533202100 kB
2026-02-23 13:38:01.748205 (1437417) main____ INFO    ----------------------------------------
2026-02-23 13:38:01.748738 (1437417) main____ INFO    Important environment variables:
2026-02-23 13:38:01.748753 (1437417) main____ INFO      JASPER_HOME       : '/usr/licensed/cadence-20210126/jasper_2021.03'
2026-02-23 13:38:01.748761 (1437417) main____ INFO      JASPER_INSTALL_DIR: '/scratch/gpfs/LICENSED/x86_64/cadence-20210126/jasper_2021.03'
2026-02-23 13:38:01.748767 (1437417) main____ INFO      LANG              : 'en_US.UTF-8'
2026-02-23 13:38:01.748774 (1437417) main____ INFO      LM_LICENSE_FILE   : '5280@license.rc.princeton.edu'
2026-02-23 13:38:01.748780 (1437417) main____ INFO      TMPDIR            : '/tmp/ab2113/jg_5018699_3'
2026-02-23 13:38:01.748785 (1437417) main____ INFO    ----------------------------------------
2026-02-23 13:38:01.749210 (1437417) lic_core INFO    Initializing license system ...
2026-02-23 13:38:01.749759 (1437417) lic_core INFO    ... license system initialized.
2026-02-23 13:38:01.750512 (1437417) lic__man INFO    Claim 'fpv' for <ui>.
2026-02-23 13:38:01.750546 (1437417) lic_core INFO    (1) checking out 'jasper_fpv' ...
2026-02-23 13:38:01.756780 (1437417) lic_core INFO    ... (1) checkout failed (error: -5) ("FLEXnet ERROR(-5, 0, 0): No such feature exists.")
2026-02-23 13:38:01.756809 (1437417) lic_core INFO    (2) checking out 'jasper_fao' ...
2026-02-23 13:38:01.766361 (1437417) lic_core INFO    ... (2) checkout succeeded
2026-02-23 13:38:01.776930 (1437417) session_ INFO    Starting analysis session with session id 'session_0' (launcher: <local>) ...
2026-02-23 13:38:01.779924 (1437417) session_ INFO    Analysis session with session id 'session_0' started (pid: 1437425)
2026-02-23 13:38:02.340423 (1437417) session_ INFO    Analysis session 'session_0' connected to the console (host: 127.0.0.1:46554)
2026-02-23 13:38:03.124707 (1437417) lic__man INFO    Unclaim everything for 'session_0'.
2026-02-23 13:38:03.160424 (1437417) lic__man INFO    Claim 'fpv' for 'session_0'.
2026-02-23 13:38:03.160476 (1437417) lic__man INFO    Claim 'fpv' for 'session_0/prove-0'.
2026-02-23 13:38:03.323230 (1437417) lic__man INFO    Unclaim everything for 'session_0/prove-0'.
2026-02-23 13:38:03.377523 (1437417) main____ INFO    About to exit: request to exit with status 0 received from analysis session 'session_0'
2026-02-23 13:38:03.442589 (1437417) session_ INFO    Analysis session 'session_0' disconnected.
2026-02-23 13:38:03.442728 (1437417) lic__man INFO    Unclaim everything for 'session_0'.
2026-02-23 13:38:03.443462 (1437417) session_ INFO    Process for analysis session 'session_0' has exited with exit status '0'.
2026-02-23 13:38:05.485828 (1437417) lic_core INFO    (2) checkin jasper_fao
2026-02-23 13:38:05.486998 (1437417) main____ INFO    Exiting with status 0.
