2026-02-23 13:44:28.803015 (1143549) main____ INFO    ----------------------------------------
2026-02-23 13:44:28.803119 (1143549) main____ INFO    JasperGold version info
2026-02-23 13:44:28.803144 (1143549) main____ INFO      tool      : JasperGold 2021.03
2026-02-23 13:44:28.803154 (1143549) main____ INFO      version   : 2021.03 FCS 64 bits
2026-02-23 13:44:28.803158 (1143549) main____ INFO      build date: 2021.03.23 02:50:43 UTC
2026-02-23 13:44:28.803163 (1143549) main____ INFO    ----------------------------------------
2026-02-23 13:44:28.803166 (1143549) main____ INFO    Runtime info:
2026-02-23 13:44:28.803171 (1143549) main____ INFO      platform  : Linux 5.14.0-570.84.1.el9_6.x86_64 x86_64
2026-02-23 13:44:28.803177 (1143549) main____ INFO      hostname  : della-i13n20
2026-02-23 13:44:28.803181 (1143549) main____ INFO      pid       : 1143549
2026-02-23 13:44:28.803186 (1143549) main____ INFO      arguments : '-style' 'windows' '-batch' '-proj' './verification_results/01979/jgproject' '-tcl' './jasper_verif_check.tcl'
2026-02-23 13:44:28.803194 (1143549) main____ INFO      locale    : UTF-8
2026-02-23 13:44:28.803198 (1143549) main____ INFO    ----------------------------------------
2026-02-23 13:44:28.803202 (1143549) main____ INFO    System resource limits info:
2026-02-23 13:44:28.803206 (1143549) main____ INFO      virtual memory: unlimited
2026-02-23 13:44:28.803210 (1143549) main____ INFO      cpu time      : unlimited
2026-02-23 13:44:28.803214 (1143549) main____ INFO      stack size    : unlimited
2026-02-23 13:44:28.803218 (1143549) main____ INFO      core file size: unlimited
2026-02-23 13:44:28.803225 (1143549) main____ INFO      open files    : 131072
2026-02-23 13:44:28.803229 (1143549) main____ INFO      file size     : unlimited
2026-02-23 13:44:28.803233 (1143549) main____ INFO    ----------------------------------------
2026-02-23 13:44:28.803237 (1143549) main____ INFO    Memory statistics:
2026-02-23 13:44:28.803241 (1143549) main____ INFO      total physical memory  : 394157552 kB
2026-02-23 13:44:28.803245 (1143549) main____ INFO      free physical memory   : 180663492 kB
2026-02-23 13:44:28.803248 (1143549) main____ INFO      committed address space: 145108408 kB
2026-02-23 13:44:28.803252 (1143549) main____ INFO    ----------------------------------------
2026-02-23 13:44:28.804167 (1143549) main____ INFO    Important environment variables:
2026-02-23 13:44:28.804189 (1143549) main____ INFO      JASPER_HOME       : '/usr/licensed/cadence-20210126/jasper_2021.03'
2026-02-23 13:44:28.804195 (1143549) main____ INFO      JASPER_INSTALL_DIR: '/scratch/gpfs/LICENSED/x86_64/cadence-20210126/jasper_2021.03'
2026-02-23 13:44:28.804200 (1143549) main____ INFO      LANG              : 'en_US.UTF-8'
2026-02-23 13:44:28.804205 (1143549) main____ INFO      LM_LICENSE_FILE   : '5280@license.rc.princeton.edu'
2026-02-23 13:44:28.804210 (1143549) main____ INFO      TMPDIR            : '/tmp/ab2113/jg_5018880_32'
2026-02-23 13:44:28.804214 (1143549) main____ INFO    ----------------------------------------
2026-02-23 13:44:28.804711 (1143549) lic_core INFO    Initializing license system ...
2026-02-23 13:44:28.805581 (1143549) lic_core INFO    ... license system initialized.
2026-02-23 13:44:28.806393 (1143549) lic__man INFO    Claim 'fpv' for <ui>.
2026-02-23 13:44:28.806439 (1143549) lic_core INFO    (1) checking out 'jasper_fpv' ...
2026-02-23 13:44:28.812742 (1143549) lic_core INFO    ... (1) checkout failed (error: -5) ("FLEXnet ERROR(-5, 0, 0): No such feature exists.")
2026-02-23 13:44:28.812796 (1143549) lic_core INFO    (2) checking out 'jasper_fao' ...
2026-02-23 13:44:28.822631 (1143549) lic_core INFO    ... (2) checkout succeeded
2026-02-23 13:44:28.836498 (1143549) session_ INFO    Starting analysis session with session id 'session_0' (launcher: <local>) ...
2026-02-23 13:44:28.839711 (1143549) session_ INFO    Analysis session with session id 'session_0' started (pid: 1143557)
2026-02-23 13:44:29.561536 (1143549) session_ INFO    Analysis session 'session_0' connected to the console (host: 127.0.0.1:60664)
2026-02-23 13:44:30.397849 (1143549) lic__man INFO    Unclaim everything for 'session_0'.
2026-02-23 13:44:30.443886 (1143549) lic__man INFO    Claim 'fpv' for 'session_0'.
2026-02-23 13:44:30.443938 (1143549) lic__man INFO    Claim 'fpv' for 'session_0/prove-0'.
2026-02-23 13:44:30.582919 (1143549) lic__man INFO    Unclaim everything for 'session_0/prove-0'.
2026-02-23 13:44:30.639233 (1143549) main____ INFO    About to exit: request to exit with status 0 received from analysis session 'session_0'
2026-02-23 13:44:30.736566 (1143549) session_ INFO    Analysis session 'session_0' disconnected.
2026-02-23 13:44:30.736711 (1143549) lic__man INFO    Unclaim everything for 'session_0'.
2026-02-23 13:44:30.737288 (1143549) session_ INFO    Process for analysis session 'session_0' has exited with exit status '0'.
2026-02-23 13:44:32.549047 (1143549) lic_core INFO    (2) checkin jasper_fao
2026-02-23 13:44:32.550679 (1143549) main____ INFO    Exiting with status 0.
