2026-02-23 13:55:57.285361 (4184660) main____ INFO    ----------------------------------------
2026-02-23 13:55:57.285476 (4184660) main____ INFO    JasperGold version info
2026-02-23 13:55:57.285495 (4184660) main____ INFO      tool      : JasperGold 2021.03
2026-02-23 13:55:57.285504 (4184660) main____ INFO      version   : 2021.03 FCS 64 bits
2026-02-23 13:55:57.285510 (4184660) main____ INFO      build date: 2021.03.23 02:50:43 UTC
2026-02-23 13:55:57.285516 (4184660) main____ INFO    ----------------------------------------
2026-02-23 13:55:57.285521 (4184660) main____ INFO    Runtime info:
2026-02-23 13:55:57.285526 (4184660) main____ INFO      platform  : Linux 5.14.0-570.84.1.el9_6.x86_64 x86_64
2026-02-23 13:55:57.285532 (4184660) main____ INFO      hostname  : della-h14n1
2026-02-23 13:55:57.285537 (4184660) main____ INFO      pid       : 4184660
2026-02-23 13:55:57.285542 (4184660) main____ INFO      arguments : '-style' 'windows' '-batch' '-proj' './verification_results/03654/jgproject' '-tcl' './jasper_verif_check.tcl'
2026-02-23 13:55:57.285553 (4184660) main____ INFO      locale    : UTF-8
2026-02-23 13:55:57.285558 (4184660) main____ INFO    ----------------------------------------
2026-02-23 13:55:57.285563 (4184660) main____ INFO    System resource limits info:
2026-02-23 13:55:57.285568 (4184660) main____ INFO      virtual memory: unlimited
2026-02-23 13:55:57.285572 (4184660) main____ INFO      cpu time      : unlimited
2026-02-23 13:55:57.285577 (4184660) main____ INFO      stack size    : unlimited
2026-02-23 13:55:57.285582 (4184660) main____ INFO      core file size: unlimited
2026-02-23 13:55:57.285590 (4184660) main____ INFO      open files    : 131072
2026-02-23 13:55:57.285595 (4184660) main____ INFO      file size     : unlimited
2026-02-23 13:55:57.285600 (4184660) main____ INFO    ----------------------------------------
2026-02-23 13:55:57.285605 (4184660) main____ INFO    Memory statistics:
2026-02-23 13:55:57.285610 (4184660) main____ INFO      total physical memory  : 1584164324 kB
2026-02-23 13:55:57.285615 (4184660) main____ INFO      free physical memory   : 727149496 kB
2026-02-23 13:55:57.285620 (4184660) main____ INFO      committed address space: 577126584 kB
2026-02-23 13:55:57.285624 (4184660) main____ INFO    ----------------------------------------
2026-02-23 13:55:57.286178 (4184660) main____ INFO    Important environment variables:
2026-02-23 13:55:57.286193 (4184660) main____ INFO      JASPER_HOME       : '/usr/licensed/cadence-20210126/jasper_2021.03'
2026-02-23 13:55:57.286199 (4184660) main____ INFO      JASPER_INSTALL_DIR: '/scratch/gpfs/LICENSED/x86_64/cadence-20210126/jasper_2021.03'
2026-02-23 13:55:57.286205 (4184660) main____ INFO      LANG              : 'en_US.UTF-8'
2026-02-23 13:55:57.286210 (4184660) main____ INFO      LM_LICENSE_FILE   : '5280@license.rc.princeton.edu'
2026-02-23 13:55:57.286216 (4184660) main____ INFO      TMPDIR            : '/tmp/ab2113/jg_5019052_65'
2026-02-23 13:55:57.286220 (4184660) main____ INFO    ----------------------------------------
2026-02-23 13:55:57.286873 (4184660) lic_core INFO    Initializing license system ...
2026-02-23 13:55:57.287523 (4184660) lic_core INFO    ... license system initialized.
2026-02-23 13:55:57.288461 (4184660) lic__man INFO    Claim 'fpv' for <ui>.
2026-02-23 13:55:57.288503 (4184660) lic_core INFO    (1) checking out 'jasper_fpv' ...
2026-02-23 13:55:57.294768 (4184660) lic_core INFO    ... (1) checkout failed (error: -5) ("FLEXnet ERROR(-5, 0, 0): No such feature exists.")
2026-02-23 13:55:57.294804 (4184660) lic_core INFO    (2) checking out 'jasper_fao' ...
2026-02-23 13:55:57.303677 (4184660) lic_core INFO    ... (2) checkout succeeded
2026-02-23 13:55:57.315884 (4184660) session_ INFO    Starting analysis session with session id 'session_0' (launcher: <local>) ...
2026-02-23 13:55:57.319767 (4184660) session_ INFO    Analysis session with session id 'session_0' started (pid: 4184668)
2026-02-23 13:55:57.943689 (4184660) session_ INFO    Analysis session 'session_0' connected to the console (host: 127.0.0.1:60296)
2026-02-23 13:55:58.804791 (4184660) main____ INFO    About to exit: request to exit with status 1 received from analysis session 'session_0'
2026-02-23 13:55:58.862030 (4184660) session_ INFO    Analysis session 'session_0' disconnected.
2026-02-23 13:55:58.862199 (4184660) lic__man INFO    Unclaim everything for 'session_0'.
2026-02-23 13:55:58.862942 (4184660) session_ INFO    Process for analysis session 'session_0' has exited with exit status '1'.
2026-02-23 13:56:00.910784 (4184660) lic_core INFO    (2) checkin jasper_fao
2026-02-23 13:56:00.912362 (4184660) main____ INFO    Exiting with status 1.
