2026-02-23 14:10:20.683754 (1799171) main____ INFO    ----------------------------------------
2026-02-23 14:10:20.683834 (1799171) main____ INFO    JasperGold version info
2026-02-23 14:10:20.683851 (1799171) main____ INFO      tool      : JasperGold 2021.03
2026-02-23 14:10:20.683859 (1799171) main____ INFO      version   : 2021.03 FCS 64 bits
2026-02-23 14:10:20.683865 (1799171) main____ INFO      build date: 2021.03.23 02:50:43 UTC
2026-02-23 14:10:20.683870 (1799171) main____ INFO    ----------------------------------------
2026-02-23 14:10:20.683875 (1799171) main____ INFO    Runtime info:
2026-02-23 14:10:20.683880 (1799171) main____ INFO      platform  : Linux 5.14.0-570.84.1.el9_6.x86_64 x86_64
2026-02-23 14:10:20.683887 (1799171) main____ INFO      hostname  : della-h14n7
2026-02-23 14:10:20.683892 (1799171) main____ INFO      pid       : 1799171
2026-02-23 14:10:20.683897 (1799171) main____ INFO      arguments : '-style' 'windows' '-batch' '-proj' './verification_results/03725/jgproject' '-tcl' './jasper_verif_check.tcl'
2026-02-23 14:10:20.683905 (1799171) main____ INFO      locale    : UTF-8
2026-02-23 14:10:20.683910 (1799171) main____ INFO    ----------------------------------------
2026-02-23 14:10:20.683915 (1799171) main____ INFO    System resource limits info:
2026-02-23 14:10:20.683920 (1799171) main____ INFO      virtual memory: unlimited
2026-02-23 14:10:20.683924 (1799171) main____ INFO      cpu time      : unlimited
2026-02-23 14:10:20.683929 (1799171) main____ INFO      stack size    : unlimited
2026-02-23 14:10:20.683934 (1799171) main____ INFO      core file size: unlimited
2026-02-23 14:10:20.683941 (1799171) main____ INFO      open files    : 131072
2026-02-23 14:10:20.683946 (1799171) main____ INFO      file size     : unlimited
2026-02-23 14:10:20.683950 (1799171) main____ INFO    ----------------------------------------
2026-02-23 14:10:20.683955 (1799171) main____ INFO    Memory statistics:
2026-02-23 14:10:20.683960 (1799171) main____ INFO      total physical memory  : 1584164356 kB
2026-02-23 14:10:20.683965 (1799171) main____ INFO      free physical memory   : 805780120 kB
2026-02-23 14:10:20.683970 (1799171) main____ INFO      committed address space: 606076324 kB
2026-02-23 14:10:20.683974 (1799171) main____ INFO    ----------------------------------------
2026-02-23 14:10:20.684495 (1799171) main____ INFO    Important environment variables:
2026-02-23 14:10:20.684507 (1799171) main____ INFO      JASPER_HOME       : '/usr/licensed/cadence-20210126/jasper_2021.03'
2026-02-23 14:10:20.684513 (1799171) main____ INFO      JASPER_INSTALL_DIR: '/scratch/gpfs/LICENSED/x86_64/cadence-20210126/jasper_2021.03'
2026-02-23 14:10:20.684519 (1799171) main____ INFO      LANG              : 'en_US.UTF-8'
2026-02-23 14:10:20.684524 (1799171) main____ INFO      LM_LICENSE_FILE   : '5280@license.rc.princeton.edu'
2026-02-23 14:10:20.684529 (1799171) main____ INFO      TMPDIR            : '/tmp/ab2113/jg_5019054_67'
2026-02-23 14:10:20.684534 (1799171) main____ INFO    ----------------------------------------
2026-02-23 14:10:20.684923 (1799171) lic_core INFO    Initializing license system ...
2026-02-23 14:10:20.685446 (1799171) lic_core INFO    ... license system initialized.
2026-02-23 14:10:20.686241 (1799171) lic__man INFO    Claim 'fpv' for <ui>.
2026-02-23 14:10:20.686274 (1799171) lic_core INFO    (1) checking out 'jasper_fpv' ...
2026-02-23 14:10:20.691829 (1799171) lic_core INFO    ... (1) checkout failed (error: -5) ("FLEXnet ERROR(-5, 0, 0): No such feature exists.")
2026-02-23 14:10:20.691863 (1799171) lic_core INFO    (2) checking out 'jasper_fao' ...
2026-02-23 14:10:20.700601 (1799171) lic_core INFO    ... (2) checkout succeeded
2026-02-23 14:10:20.711503 (1799171) session_ INFO    Starting analysis session with session id 'session_0' (launcher: <local>) ...
2026-02-23 14:10:20.714044 (1799171) session_ INFO    Analysis session with session id 'session_0' started (pid: 1799179)
2026-02-23 14:10:21.252661 (1799171) session_ INFO    Analysis session 'session_0' connected to the console (host: 127.0.0.1:54880)
2026-02-23 14:10:22.042314 (1799171) main____ INFO    About to exit: request to exit with status 1 received from analysis session 'session_0'
2026-02-23 14:10:22.090747 (1799171) session_ INFO    Analysis session 'session_0' disconnected.
2026-02-23 14:10:22.090867 (1799171) lic__man INFO    Unclaim everything for 'session_0'.
2026-02-23 14:10:22.091646 (1799171) session_ INFO    Process for analysis session 'session_0' has exited with exit status '1'.
2026-02-23 14:10:24.077986 (1799171) lic_core INFO    (2) checkin jasper_fao
2026-02-23 14:10:24.079438 (1799171) main____ INFO    Exiting with status 1.
