2026-02-23 13:47:46.288852 (1490480) main____ INFO    ----------------------------------------
2026-02-23 13:47:46.288937 (1490480) main____ INFO    JasperGold version info
2026-02-23 13:47:46.288953 (1490480) main____ INFO      tool      : JasperGold 2021.03
2026-02-23 13:47:46.288963 (1490480) main____ INFO      version   : 2021.03 FCS 64 bits
2026-02-23 13:47:46.288968 (1490480) main____ INFO      build date: 2021.03.23 02:50:43 UTC
2026-02-23 13:47:46.288974 (1490480) main____ INFO    ----------------------------------------
2026-02-23 13:47:46.288980 (1490480) main____ INFO    Runtime info:
2026-02-23 13:47:46.288987 (1490480) main____ INFO      platform  : Linux 5.14.0-570.84.1.el9_6.x86_64 x86_64
2026-02-23 13:47:46.288993 (1490480) main____ INFO      hostname  : della-h14n5
2026-02-23 13:47:46.288999 (1490480) main____ INFO      pid       : 1490480
2026-02-23 13:47:46.289004 (1490480) main____ INFO      arguments : '-style' 'windows' '-batch' '-proj' './verification_results/02645/jgproject' '-tcl' './jasper_verif_check.tcl'
2026-02-23 13:47:46.289013 (1490480) main____ INFO      locale    : UTF-8
2026-02-23 13:47:46.289018 (1490480) main____ INFO    ----------------------------------------
2026-02-23 13:47:46.289022 (1490480) main____ INFO    System resource limits info:
2026-02-23 13:47:46.289028 (1490480) main____ INFO      virtual memory: unlimited
2026-02-23 13:47:46.289034 (1490480) main____ INFO      cpu time      : unlimited
2026-02-23 13:47:46.289039 (1490480) main____ INFO      stack size    : unlimited
2026-02-23 13:47:46.289044 (1490480) main____ INFO      core file size: unlimited
2026-02-23 13:47:46.289052 (1490480) main____ INFO      open files    : 131072
2026-02-23 13:47:46.289058 (1490480) main____ INFO      file size     : unlimited
2026-02-23 13:47:46.289062 (1490480) main____ INFO    ----------------------------------------
2026-02-23 13:47:46.289068 (1490480) main____ INFO    Memory statistics:
2026-02-23 13:47:46.289074 (1490480) main____ INFO      total physical memory  : 1584164368 kB
2026-02-23 13:47:46.289079 (1490480) main____ INFO      free physical memory   : 697855496 kB
2026-02-23 13:47:46.289084 (1490480) main____ INFO      committed address space: 543437356 kB
2026-02-23 13:47:46.289090 (1490480) main____ INFO    ----------------------------------------
2026-02-23 13:47:46.289627 (1490480) main____ INFO    Important environment variables:
2026-02-23 13:47:46.289642 (1490480) main____ INFO      JASPER_HOME       : '/usr/licensed/cadence-20210126/jasper_2021.03'
2026-02-23 13:47:46.289649 (1490480) main____ INFO      JASPER_INSTALL_DIR: '/scratch/gpfs/LICENSED/x86_64/cadence-20210126/jasper_2021.03'
2026-02-23 13:47:46.289654 (1490480) main____ INFO      LANG              : 'en_US.UTF-8'
2026-02-23 13:47:46.289660 (1490480) main____ INFO      LM_LICENSE_FILE   : '5280@license.rc.princeton.edu'
2026-02-23 13:47:46.289666 (1490480) main____ INFO      TMPDIR            : '/tmp/ab2113/jg_5018923_45'
2026-02-23 13:47:46.289672 (1490480) main____ INFO    ----------------------------------------
2026-02-23 13:47:46.290096 (1490480) lic_core INFO    Initializing license system ...
2026-02-23 13:47:46.290671 (1490480) lic_core INFO    ... license system initialized.
2026-02-23 13:47:46.291458 (1490480) lic__man INFO    Claim 'fpv' for <ui>.
2026-02-23 13:47:46.291490 (1490480) lic_core INFO    (1) checking out 'jasper_fpv' ...
2026-02-23 13:47:46.297436 (1490480) lic_core INFO    ... (1) checkout failed (error: -5) ("FLEXnet ERROR(-5, 0, 0): No such feature exists.")
2026-02-23 13:47:46.297464 (1490480) lic_core INFO    (2) checking out 'jasper_fao' ...
2026-02-23 13:47:46.306704 (1490480) lic_core INFO    ... (2) checkout succeeded
2026-02-23 13:47:46.317639 (1490480) session_ INFO    Starting analysis session with session id 'session_0' (launcher: <local>) ...
2026-02-23 13:47:46.320715 (1490480) session_ INFO    Analysis session with session id 'session_0' started (pid: 1490488)
2026-02-23 13:47:46.905731 (1490480) session_ INFO    Analysis session 'session_0' connected to the console (host: 127.0.0.1:58126)
2026-02-23 13:47:47.407517 (1490480) main____ INFO    About to exit: request to exit with status 1 received from analysis session 'session_0'
2026-02-23 13:47:47.459921 (1490480) session_ INFO    Analysis session 'session_0' disconnected.
2026-02-23 13:47:47.460061 (1490480) lic__man INFO    Unclaim everything for 'session_0'.
2026-02-23 13:47:47.460651 (1490480) session_ INFO    Process for analysis session 'session_0' has exited with exit status '1'.
2026-02-23 13:47:49.513184 (1490480) lic_core INFO    (2) checkin jasper_fao
2026-02-23 13:47:49.514827 (1490480) main____ INFO    Exiting with status 1.
