2026-02-23 13:51:13.255826 (1735023) main____ INFO    ----------------------------------------
2026-02-23 13:51:13.255906 (1735023) main____ INFO    JasperGold version info
2026-02-23 13:51:13.255923 (1735023) main____ INFO      tool      : JasperGold 2021.03
2026-02-23 13:51:13.255932 (1735023) main____ INFO      version   : 2021.03 FCS 64 bits
2026-02-23 13:51:13.255937 (1735023) main____ INFO      build date: 2021.03.23 02:50:43 UTC
2026-02-23 13:51:13.255942 (1735023) main____ INFO    ----------------------------------------
2026-02-23 13:51:13.255947 (1735023) main____ INFO    Runtime info:
2026-02-23 13:51:13.255952 (1735023) main____ INFO      platform  : Linux 5.14.0-570.84.1.el9_6.x86_64 x86_64
2026-02-23 13:51:13.255958 (1735023) main____ INFO      hostname  : della-h14n7
2026-02-23 13:51:13.255963 (1735023) main____ INFO      pid       : 1735023
2026-02-23 13:51:13.255968 (1735023) main____ INFO      arguments : '-style' 'windows' '-batch' '-proj' './verification_results/03103/jgproject' '-tcl' './jasper_verif_check.tcl'
2026-02-23 13:51:13.255975 (1735023) main____ INFO      locale    : UTF-8
2026-02-23 13:51:13.255980 (1735023) main____ INFO    ----------------------------------------
2026-02-23 13:51:13.255985 (1735023) main____ INFO    System resource limits info:
2026-02-23 13:51:13.255990 (1735023) main____ INFO      virtual memory: unlimited
2026-02-23 13:51:13.255995 (1735023) main____ INFO      cpu time      : unlimited
2026-02-23 13:51:13.255999 (1735023) main____ INFO      stack size    : unlimited
2026-02-23 13:51:13.256004 (1735023) main____ INFO      core file size: unlimited
2026-02-23 13:51:13.256011 (1735023) main____ INFO      open files    : 131072
2026-02-23 13:51:13.256015 (1735023) main____ INFO      file size     : unlimited
2026-02-23 13:51:13.256020 (1735023) main____ INFO    ----------------------------------------
2026-02-23 13:51:13.256025 (1735023) main____ INFO    Memory statistics:
2026-02-23 13:51:13.256030 (1735023) main____ INFO      total physical memory  : 1584164356 kB
2026-02-23 13:51:13.256035 (1735023) main____ INFO      free physical memory   : 809279712 kB
2026-02-23 13:51:13.256039 (1735023) main____ INFO      committed address space: 600739348 kB
2026-02-23 13:51:13.256044 (1735023) main____ INFO    ----------------------------------------
2026-02-23 13:51:13.256687 (1735023) main____ INFO    Important environment variables:
2026-02-23 13:51:13.256702 (1735023) main____ INFO      JASPER_HOME       : '/usr/licensed/cadence-20210126/jasper_2021.03'
2026-02-23 13:51:13.256708 (1735023) main____ INFO      JASPER_INSTALL_DIR: '/scratch/gpfs/LICENSED/x86_64/cadence-20210126/jasper_2021.03'
2026-02-23 13:51:13.256714 (1735023) main____ INFO      LANG              : 'en_US.UTF-8'
2026-02-23 13:51:13.256719 (1735023) main____ INFO      LM_LICENSE_FILE   : '5280@license.rc.princeton.edu'
2026-02-23 13:51:13.256724 (1735023) main____ INFO      TMPDIR            : '/tmp/ab2113/jg_5018981_54'
2026-02-23 13:51:13.256729 (1735023) main____ INFO    ----------------------------------------
2026-02-23 13:51:13.257128 (1735023) lic_core INFO    Initializing license system ...
2026-02-23 13:51:13.257649 (1735023) lic_core INFO    ... license system initialized.
2026-02-23 13:51:13.258367 (1735023) lic__man INFO    Claim 'fpv' for <ui>.
2026-02-23 13:51:13.258399 (1735023) lic_core INFO    (1) checking out 'jasper_fpv' ...
2026-02-23 13:51:13.264527 (1735023) lic_core INFO    ... (1) checkout failed (error: -5) ("FLEXnet ERROR(-5, 0, 0): No such feature exists.")
2026-02-23 13:51:13.264554 (1735023) lic_core INFO    (2) checking out 'jasper_fao' ...
2026-02-23 13:51:13.273638 (1735023) lic_core INFO    ... (2) checkout succeeded
2026-02-23 13:51:13.284052 (1735023) session_ INFO    Starting analysis session with session id 'session_0' (launcher: <local>) ...
2026-02-23 13:51:13.286681 (1735023) session_ INFO    Analysis session with session id 'session_0' started (pid: 1735061)
2026-02-23 13:51:13.836412 (1735023) session_ INFO    Analysis session 'session_0' connected to the console (host: 127.0.0.1:54154)
2026-02-23 13:51:14.395485 (1735023) main____ INFO    About to exit: request to exit with status 1 received from analysis session 'session_0'
2026-02-23 13:51:14.440422 (1735023) session_ INFO    Analysis session 'session_0' disconnected.
2026-02-23 13:51:14.440538 (1735023) lic__man INFO    Unclaim everything for 'session_0'.
2026-02-23 13:51:14.442112 (1735023) session_ INFO    Process for analysis session 'session_0' has exited with exit status '1'.
2026-02-23 13:51:16.500695 (1735023) lic_core INFO    (2) checkin jasper_fao
2026-02-23 13:51:16.502361 (1735023) main____ INFO    Exiting with status 1.
