2026-02-23 13:55:51.836601 (525007) main____ INFO    ----------------------------------------
2026-02-23 13:55:51.836668 (525007) main____ INFO    JasperGold version info
2026-02-23 13:55:51.836683 (525007) main____ INFO      tool      : JasperGold 2021.03
2026-02-23 13:55:51.836690 (525007) main____ INFO      version   : 2021.03 FCS 64 bits
2026-02-23 13:55:51.836695 (525007) main____ INFO      build date: 2021.03.23 02:50:43 UTC
2026-02-23 13:55:51.836699 (525007) main____ INFO    ----------------------------------------
2026-02-23 13:55:51.836704 (525007) main____ INFO    Runtime info:
2026-02-23 13:55:51.836708 (525007) main____ INFO      platform  : Linux 5.14.0-570.84.1.el9_6.x86_64 x86_64
2026-02-23 13:55:51.836713 (525007) main____ INFO      hostname  : della-r3c2n9
2026-02-23 13:55:51.836718 (525007) main____ INFO      pid       : 525007
2026-02-23 13:55:51.836722 (525007) main____ INFO      arguments : '-style' 'windows' '-batch' '-proj' './verification_results/04316/jgproject' '-tcl' './jasper_verif_check.tcl'
2026-02-23 13:55:51.836729 (525007) main____ INFO      locale    : UTF-8
2026-02-23 13:55:51.836734 (525007) main____ INFO    ----------------------------------------
2026-02-23 13:55:51.836737 (525007) main____ INFO    System resource limits info:
2026-02-23 13:55:51.836742 (525007) main____ INFO      virtual memory: unlimited
2026-02-23 13:55:51.836748 (525007) main____ INFO      cpu time      : unlimited
2026-02-23 13:55:51.836752 (525007) main____ INFO      stack size    : unlimited
2026-02-23 13:55:51.836756 (525007) main____ INFO      core file size: unlimited
2026-02-23 13:55:51.836762 (525007) main____ INFO      open files    : 131072
2026-02-23 13:55:51.836767 (525007) main____ INFO      file size     : unlimited
2026-02-23 13:55:51.836771 (525007) main____ INFO    ----------------------------------------
2026-02-23 13:55:51.836775 (525007) main____ INFO    Memory statistics:
2026-02-23 13:55:51.836780 (525007) main____ INFO      total physical memory  : 195972072 kB
2026-02-23 13:55:51.836784 (525007) main____ INFO      free physical memory   : 69581508 kB
2026-02-23 13:55:51.836788 (525007) main____ INFO      committed address space: 58729652 kB
2026-02-23 13:55:51.836793 (525007) main____ INFO    ----------------------------------------
2026-02-23 13:55:51.837747 (525007) main____ INFO    Important environment variables:
2026-02-23 13:55:51.837763 (525007) main____ INFO      JASPER_HOME       : '/usr/licensed/cadence-20210126/jasper_2021.03'
2026-02-23 13:55:51.837769 (525007) main____ INFO      JASPER_INSTALL_DIR: '/scratch/gpfs/LICENSED/x86_64/cadence-20210126/jasper_2021.03'
2026-02-23 13:55:51.837774 (525007) main____ INFO      LANG              : 'en_US.UTF-8'
2026-02-23 13:55:51.837779 (525007) main____ INFO      LM_LICENSE_FILE   : '5280@license.rc.princeton.edu'
2026-02-23 13:55:51.837784 (525007) main____ INFO      TMPDIR            : '/tmp/ab2113/jg_5019136_79'
2026-02-23 13:55:51.837788 (525007) main____ INFO    ----------------------------------------
2026-02-23 13:55:51.838539 (525007) lic_core INFO    Initializing license system ...
2026-02-23 13:55:51.839317 (525007) lic_core INFO    ... license system initialized.
2026-02-23 13:55:51.840022 (525007) lic__man INFO    Claim 'fpv' for <ui>.
2026-02-23 13:55:51.840057 (525007) lic_core INFO    (1) checking out 'jasper_fpv' ...
2026-02-23 13:55:51.846129 (525007) lic_core INFO    ... (1) checkout failed (error: -5) ("FLEXnet ERROR(-5, 0, 0): No such feature exists.")
2026-02-23 13:55:51.846155 (525007) lic_core INFO    (2) checking out 'jasper_fao' ...
2026-02-23 13:55:51.855905 (525007) lic_core INFO    ... (2) checkout succeeded
2026-02-23 13:55:51.870137 (525007) session_ INFO    Starting analysis session with session id 'session_0' (launcher: <local>) ...
2026-02-23 13:55:51.872844 (525007) session_ INFO    Analysis session with session id 'session_0' started (pid: 525022)
2026-02-23 13:55:52.504515 (525007) session_ INFO    Analysis session 'session_0' connected to the console (host: 127.0.0.1:59398)
2026-02-23 13:55:53.313354 (525007) lic__man INFO    Unclaim everything for 'session_0'.
2026-02-23 13:55:53.350048 (525007) lic__man INFO    Claim 'fpv' for 'session_0'.
2026-02-23 13:55:53.350085 (525007) lic__man INFO    Claim 'fpv' for 'session_0/prove-0'.
2026-02-23 13:55:53.469528 (525007) lic__man INFO    Unclaim everything for 'session_0/prove-0'.
2026-02-23 13:55:53.524902 (525007) main____ INFO    About to exit: request to exit with status 0 received from analysis session 'session_0'
2026-02-23 13:55:53.599162 (525007) session_ INFO    Analysis session 'session_0' disconnected.
2026-02-23 13:55:53.599278 (525007) lic__man INFO    Unclaim everything for 'session_0'.
2026-02-23 13:55:53.599638 (525007) session_ INFO    Process for analysis session 'session_0' has exited with exit status '0'.
2026-02-23 13:55:55.626617 (525007) lic_core INFO    (2) checkin jasper_fao
2026-02-23 13:55:55.627997 (525007) main____ INFO    Exiting with status 0.
