2026-02-23 14:01:01.722821 (349854) main____ INFO    ----------------------------------------
2026-02-23 14:01:01.722892 (349854) main____ INFO    JasperGold version info
2026-02-23 14:01:01.722911 (349854) main____ INFO      tool      : JasperGold 2021.03
2026-02-23 14:01:01.722920 (349854) main____ INFO      version   : 2021.03 FCS 64 bits
2026-02-23 14:01:01.722926 (349854) main____ INFO      build date: 2021.03.23 02:50:43 UTC
2026-02-23 14:01:01.722931 (349854) main____ INFO    ----------------------------------------
2026-02-23 14:01:01.722935 (349854) main____ INFO    Runtime info:
2026-02-23 14:01:01.722940 (349854) main____ INFO      platform  : Linux 5.14.0-570.84.1.el9_6.x86_64 x86_64
2026-02-23 14:01:01.722946 (349854) main____ INFO      hostname  : della-h16n10
2026-02-23 14:01:01.722951 (349854) main____ INFO      pid       : 349854
2026-02-23 14:01:01.722956 (349854) main____ INFO      arguments : '-style' 'windows' '-batch' '-proj' './verification_results/01753/jgproject' '-tcl' './jasper_verif_check.tcl'
2026-02-23 14:01:01.722963 (349854) main____ INFO      locale    : UTF-8
2026-02-23 14:01:01.722968 (349854) main____ INFO    ----------------------------------------
2026-02-23 14:01:01.722973 (349854) main____ INFO    System resource limits info:
2026-02-23 14:01:01.722978 (349854) main____ INFO      virtual memory: unlimited
2026-02-23 14:01:01.722982 (349854) main____ INFO      cpu time      : unlimited
2026-02-23 14:01:01.722987 (349854) main____ INFO      stack size    : unlimited
2026-02-23 14:01:01.722992 (349854) main____ INFO      core file size: unlimited
2026-02-23 14:01:01.722998 (349854) main____ INFO      open files    : 131072
2026-02-23 14:01:01.723003 (349854) main____ INFO      file size     : unlimited
2026-02-23 14:01:01.723008 (349854) main____ INFO    ----------------------------------------
2026-02-23 14:01:01.723012 (349854) main____ INFO    Memory statistics:
2026-02-23 14:01:01.723017 (349854) main____ INFO      total physical memory  : 1584164356 kB
2026-02-23 14:01:01.723022 (349854) main____ INFO      free physical memory   : 976267028 kB
2026-02-23 14:01:01.723027 (349854) main____ INFO      committed address space: 600807392 kB
2026-02-23 14:01:01.723032 (349854) main____ INFO    ----------------------------------------
2026-02-23 14:01:01.723542 (349854) main____ INFO    Important environment variables:
2026-02-23 14:01:01.723555 (349854) main____ INFO      JASPER_HOME       : '/usr/licensed/cadence-20210126/jasper_2021.03'
2026-02-23 14:01:01.723561 (349854) main____ INFO      JASPER_INSTALL_DIR: '/scratch/gpfs/LICENSED/x86_64/cadence-20210126/jasper_2021.03'
2026-02-23 14:01:01.723567 (349854) main____ INFO      LANG              : 'en_US.UTF-8'
2026-02-23 14:01:01.723572 (349854) main____ INFO      LM_LICENSE_FILE   : '5280@license.rc.princeton.edu'
2026-02-23 14:01:01.723578 (349854) main____ INFO      TMPDIR            : '/tmp/ab2113/jg_5018848_27'
2026-02-23 14:01:01.723583 (349854) main____ INFO    ----------------------------------------
2026-02-23 14:01:01.723944 (349854) lic_core INFO    Initializing license system ...
2026-02-23 14:01:01.724452 (349854) lic_core INFO    ... license system initialized.
2026-02-23 14:01:01.725163 (349854) lic__man INFO    Claim 'fpv' for <ui>.
2026-02-23 14:01:01.725193 (349854) lic_core INFO    (1) checking out 'jasper_fpv' ...
2026-02-23 14:01:01.730304 (349854) lic_core INFO    ... (1) checkout failed (error: -5) ("FLEXnet ERROR(-5, 0, 0): No such feature exists.")
2026-02-23 14:01:01.730330 (349854) lic_core INFO    (2) checking out 'jasper_fao' ...
2026-02-23 14:01:01.739038 (349854) lic_core INFO    ... (2) checkout succeeded
2026-02-23 14:01:01.749498 (349854) session_ INFO    Starting analysis session with session id 'session_0' (launcher: <local>) ...
2026-02-23 14:01:01.751903 (349854) session_ INFO    Analysis session with session id 'session_0' started (pid: 349864)
2026-02-23 14:01:02.266298 (349854) session_ INFO    Analysis session 'session_0' connected to the console (host: 127.0.0.1:34294)
2026-02-23 14:01:03.067191 (349854) main____ INFO    About to exit: request to exit with status 1 received from analysis session 'session_0'
2026-02-23 14:01:03.114116 (349854) session_ INFO    Analysis session 'session_0' disconnected.
2026-02-23 14:01:03.114234 (349854) lic__man INFO    Unclaim everything for 'session_0'.
2026-02-23 14:01:03.116397 (349854) session_ INFO    Process for analysis session 'session_0' has exited with exit status '1'.
2026-02-23 14:01:05.035923 (349854) lic_core INFO    (2) checkin jasper_fao
2026-02-23 14:01:05.037665 (349854) main____ INFO    Exiting with status 1.
