2026-02-23 13:37:31.275186 (1776048) main____ INFO    ----------------------------------------
2026-02-23 13:37:31.275271 (1776048) main____ INFO    JasperGold version info
2026-02-23 13:37:31.275287 (1776048) main____ INFO      tool      : JasperGold 2021.03
2026-02-23 13:37:31.275297 (1776048) main____ INFO      version   : 2021.03 FCS 64 bits
2026-02-23 13:37:31.275302 (1776048) main____ INFO      build date: 2021.03.23 02:50:43 UTC
2026-02-23 13:37:31.275308 (1776048) main____ INFO    ----------------------------------------
2026-02-23 13:37:31.275313 (1776048) main____ INFO    Runtime info:
2026-02-23 13:37:31.275319 (1776048) main____ INFO      platform  : Linux 5.14.0-570.84.1.el9_6.x86_64 x86_64
2026-02-23 13:37:31.275325 (1776048) main____ INFO      hostname  : della-h14n12
2026-02-23 13:37:31.275330 (1776048) main____ INFO      pid       : 1776048
2026-02-23 13:37:31.275336 (1776048) main____ INFO      arguments : '-style' 'windows' '-batch' '-proj' './verification_results/00815/jgproject' '-tcl' './jasper_verif_check.tcl'
2026-02-23 13:37:31.275344 (1776048) main____ INFO      locale    : UTF-8
2026-02-23 13:37:31.275349 (1776048) main____ INFO    ----------------------------------------
2026-02-23 13:37:31.275354 (1776048) main____ INFO    System resource limits info:
2026-02-23 13:37:31.275360 (1776048) main____ INFO      virtual memory: unlimited
2026-02-23 13:37:31.275365 (1776048) main____ INFO      cpu time      : unlimited
2026-02-23 13:37:31.275370 (1776048) main____ INFO      stack size    : unlimited
2026-02-23 13:37:31.275375 (1776048) main____ INFO      core file size: unlimited
2026-02-23 13:37:31.275382 (1776048) main____ INFO      open files    : 131072
2026-02-23 13:37:31.275387 (1776048) main____ INFO      file size     : unlimited
2026-02-23 13:37:31.275392 (1776048) main____ INFO    ----------------------------------------
2026-02-23 13:37:31.275397 (1776048) main____ INFO    Memory statistics:
2026-02-23 13:37:31.275403 (1776048) main____ INFO      total physical memory  : 1584164368 kB
2026-02-23 13:37:31.275408 (1776048) main____ INFO      free physical memory   : 710102312 kB
2026-02-23 13:37:31.275413 (1776048) main____ INFO      committed address space: 488983996 kB
2026-02-23 13:37:31.275418 (1776048) main____ INFO    ----------------------------------------
2026-02-23 13:37:31.275983 (1776048) main____ INFO    Important environment variables:
2026-02-23 13:37:31.275998 (1776048) main____ INFO      JASPER_HOME       : '/usr/licensed/cadence-20210126/jasper_2021.03'
2026-02-23 13:37:31.276005 (1776048) main____ INFO      JASPER_INSTALL_DIR: '/scratch/gpfs/LICENSED/x86_64/cadence-20210126/jasper_2021.03'
2026-02-23 13:37:31.276012 (1776048) main____ INFO      LANG              : 'en_US.UTF-8'
2026-02-23 13:37:31.276018 (1776048) main____ INFO      LM_LICENSE_FILE   : '5280@license.rc.princeton.edu'
2026-02-23 13:37:31.276024 (1776048) main____ INFO      TMPDIR            : '/tmp/ab2113/jg_5018798_9'
2026-02-23 13:37:31.276030 (1776048) main____ INFO    ----------------------------------------
2026-02-23 13:37:31.276544 (1776048) lic_core INFO    Initializing license system ...
2026-02-23 13:37:31.277070 (1776048) lic_core INFO    ... license system initialized.
2026-02-23 13:37:31.277842 (1776048) lic__man INFO    Claim 'fpv' for <ui>.
2026-02-23 13:37:31.277874 (1776048) lic_core INFO    (1) checking out 'jasper_fpv' ...
2026-02-23 13:37:31.283469 (1776048) lic_core INFO    ... (1) checkout failed (error: -5) ("FLEXnet ERROR(-5, 0, 0): No such feature exists.")
2026-02-23 13:37:31.283496 (1776048) lic_core INFO    (2) checking out 'jasper_fao' ...
2026-02-23 13:37:31.292516 (1776048) lic_core INFO    ... (2) checkout succeeded
2026-02-23 13:37:31.303595 (1776048) session_ INFO    Starting analysis session with session id 'session_0' (launcher: <local>) ...
2026-02-23 13:37:31.306267 (1776048) session_ INFO    Analysis session with session id 'session_0' started (pid: 1776056)
2026-02-23 13:37:31.886527 (1776048) session_ INFO    Analysis session 'session_0' connected to the console (host: 127.0.0.1:57030)
2026-02-23 13:37:32.384027 (1776048) main____ INFO    About to exit: request to exit with status 1 received from analysis session 'session_0'
2026-02-23 13:37:32.434164 (1776048) session_ INFO    Analysis session 'session_0' disconnected.
2026-02-23 13:37:32.434295 (1776048) lic__man INFO    Unclaim everything for 'session_0'.
2026-02-23 13:37:32.435991 (1776048) session_ INFO    Process for analysis session 'session_0' has exited with exit status '1'.
2026-02-23 13:37:34.489577 (1776048) lic_core INFO    (2) checkin jasper_fao
2026-02-23 13:37:34.490771 (1776048) main____ INFO    Exiting with status 1.
