2026-02-23 13:57:20.799929 (3185922) main____ INFO    ----------------------------------------
2026-02-23 13:57:20.799997 (3185922) main____ INFO    JasperGold version info
2026-02-23 13:57:20.800012 (3185922) main____ INFO      tool      : JasperGold 2021.03
2026-02-23 13:57:20.800021 (3185922) main____ INFO      version   : 2021.03 FCS 64 bits
2026-02-23 13:57:20.800027 (3185922) main____ INFO      build date: 2021.03.23 02:50:43 UTC
2026-02-23 13:57:20.800033 (3185922) main____ INFO    ----------------------------------------
2026-02-23 13:57:20.800037 (3185922) main____ INFO    Runtime info:
2026-02-23 13:57:20.800042 (3185922) main____ INFO      platform  : Linux 5.14.0-570.84.1.el9_6.x86_64 x86_64
2026-02-23 13:57:20.800049 (3185922) main____ INFO      hostname  : della-r3c3n1
2026-02-23 13:57:20.800054 (3185922) main____ INFO      pid       : 3185922
2026-02-23 13:57:20.800060 (3185922) main____ INFO      arguments : '-style' 'windows' '-batch' '-proj' './verification_results/04013/jgproject' '-tcl' './jasper_verif_check.tcl'
2026-02-23 13:57:20.800068 (3185922) main____ INFO      locale    : UTF-8
2026-02-23 13:57:20.800073 (3185922) main____ INFO    ----------------------------------------
2026-02-23 13:57:20.800077 (3185922) main____ INFO    System resource limits info:
2026-02-23 13:57:20.800083 (3185922) main____ INFO      virtual memory: unlimited
2026-02-23 13:57:20.800088 (3185922) main____ INFO      cpu time      : unlimited
2026-02-23 13:57:20.800093 (3185922) main____ INFO      stack size    : unlimited
2026-02-23 13:57:20.800099 (3185922) main____ INFO      core file size: unlimited
2026-02-23 13:57:20.800106 (3185922) main____ INFO      open files    : 131072
2026-02-23 13:57:20.800112 (3185922) main____ INFO      file size     : unlimited
2026-02-23 13:57:20.800118 (3185922) main____ INFO    ----------------------------------------
2026-02-23 13:57:20.800122 (3185922) main____ INFO    Memory statistics:
2026-02-23 13:57:20.800127 (3185922) main____ INFO      total physical memory  : 195972176 kB
2026-02-23 13:57:20.800132 (3185922) main____ INFO      free physical memory   : 119111156 kB
2026-02-23 13:57:20.800138 (3185922) main____ INFO      committed address space: 22680896 kB
2026-02-23 13:57:20.800142 (3185922) main____ INFO    ----------------------------------------
2026-02-23 13:57:20.801092 (3185922) main____ INFO    Important environment variables:
2026-02-23 13:57:20.801107 (3185922) main____ INFO      JASPER_HOME       : '/usr/licensed/cadence-20210126/jasper_2021.03'
2026-02-23 13:57:20.801114 (3185922) main____ INFO      JASPER_INSTALL_DIR: '/scratch/gpfs/LICENSED/x86_64/cadence-20210126/jasper_2021.03'
2026-02-23 13:57:20.801119 (3185922) main____ INFO      LANG              : 'en_US.UTF-8'
2026-02-23 13:57:20.801126 (3185922) main____ INFO      LM_LICENSE_FILE   : '5280@license.rc.princeton.edu'
2026-02-23 13:57:20.801131 (3185922) main____ INFO      TMPDIR            : '/tmp/ab2113/jg_5019091_72'
2026-02-23 13:57:20.801135 (3185922) main____ INFO    ----------------------------------------
2026-02-23 13:57:20.801880 (3185922) lic_core INFO    Initializing license system ...
2026-02-23 13:57:20.802636 (3185922) lic_core INFO    ... license system initialized.
2026-02-23 13:57:20.803319 (3185922) lic__man INFO    Claim 'fpv' for <ui>.
2026-02-23 13:57:20.803354 (3185922) lic_core INFO    (1) checking out 'jasper_fpv' ...
2026-02-23 13:57:20.808598 (3185922) lic_core INFO    ... (1) checkout failed (error: -5) ("FLEXnet ERROR(-5, 0, 0): No such feature exists.")
2026-02-23 13:57:20.808624 (3185922) lic_core INFO    (2) checking out 'jasper_fao' ...
2026-02-23 13:57:20.818853 (3185922) lic_core INFO    ... (2) checkout succeeded
2026-02-23 13:57:20.832447 (3185922) session_ INFO    Starting analysis session with session id 'session_0' (launcher: <local>) ...
2026-02-23 13:57:20.835001 (3185922) session_ INFO    Analysis session with session id 'session_0' started (pid: 3185930)
2026-02-23 13:57:21.521971 (3185922) session_ INFO    Analysis session 'session_0' connected to the console (host: 127.0.0.1:50140)
2026-02-23 13:57:22.328496 (3185922) lic__man INFO    Unclaim everything for 'session_0'.
2026-02-23 13:57:22.387440 (3185922) main____ INFO    About to exit: request to exit with status 3 received from analysis session 'session_0'
2026-02-23 13:57:22.455475 (3185922) session_ INFO    Analysis session 'session_0' disconnected.
2026-02-23 13:57:22.455589 (3185922) lic__man INFO    Unclaim everything for 'session_0'.
2026-02-23 13:57:22.456261 (3185922) session_ INFO    Process for analysis session 'session_0' has exited with exit status '3'.
2026-02-23 13:57:24.495026 (3185922) lic_core INFO    (2) checkin jasper_fao
2026-02-23 13:57:24.496492 (3185922) main____ INFO    Exiting with status 3.
