2026-02-23 13:50:01.203009 (939822) main____ INFO    ----------------------------------------
2026-02-23 13:50:01.203079 (939822) main____ INFO    JasperGold version info
2026-02-23 13:50:01.203095 (939822) main____ INFO      tool      : JasperGold 2021.03
2026-02-23 13:50:01.203103 (939822) main____ INFO      version   : 2021.03 FCS 64 bits
2026-02-23 13:50:01.203107 (939822) main____ INFO      build date: 2021.03.23 02:50:43 UTC
2026-02-23 13:50:01.203111 (939822) main____ INFO    ----------------------------------------
2026-02-23 13:50:01.203115 (939822) main____ INFO    Runtime info:
2026-02-23 13:50:01.203119 (939822) main____ INFO      platform  : Linux 5.14.0-570.84.1.el9_6.x86_64 x86_64
2026-02-23 13:50:01.203124 (939822) main____ INFO      hostname  : della-i13n12
2026-02-23 13:50:01.203128 (939822) main____ INFO      pid       : 939822
2026-02-23 13:50:01.203132 (939822) main____ INFO      arguments : '-style' 'windows' '-batch' '-proj' './verification_results/02906/jgproject' '-tcl' './jasper_verif_check.tcl'
2026-02-23 13:50:01.203140 (939822) main____ INFO      locale    : UTF-8
2026-02-23 13:50:01.203143 (939822) main____ INFO    ----------------------------------------
2026-02-23 13:50:01.203147 (939822) main____ INFO    System resource limits info:
2026-02-23 13:50:01.203151 (939822) main____ INFO      virtual memory: unlimited
2026-02-23 13:50:01.203155 (939822) main____ INFO      cpu time      : unlimited
2026-02-23 13:50:01.203159 (939822) main____ INFO      stack size    : unlimited
2026-02-23 13:50:01.203163 (939822) main____ INFO      core file size: unlimited
2026-02-23 13:50:01.203168 (939822) main____ INFO      open files    : 131072
2026-02-23 13:50:01.203172 (939822) main____ INFO      file size     : unlimited
2026-02-23 13:50:01.203176 (939822) main____ INFO    ----------------------------------------
2026-02-23 13:50:01.203179 (939822) main____ INFO    Memory statistics:
2026-02-23 13:50:01.203183 (939822) main____ INFO      total physical memory  : 394157548 kB
2026-02-23 13:50:01.203187 (939822) main____ INFO      free physical memory   : 231209580 kB
2026-02-23 13:50:01.203191 (939822) main____ INFO      committed address space: 109640992 kB
2026-02-23 13:50:01.203194 (939822) main____ INFO    ----------------------------------------
2026-02-23 13:50:01.204072 (939822) main____ INFO    Important environment variables:
2026-02-23 13:50:01.204090 (939822) main____ INFO      JASPER_HOME       : '/usr/licensed/cadence-20210126/jasper_2021.03'
2026-02-23 13:50:01.204096 (939822) main____ INFO      JASPER_INSTALL_DIR: '/scratch/gpfs/LICENSED/x86_64/cadence-20210126/jasper_2021.03'
2026-02-23 13:50:01.204101 (939822) main____ INFO      LANG              : 'en_US.UTF-8'
2026-02-23 13:50:01.204105 (939822) main____ INFO      LM_LICENSE_FILE   : '5280@license.rc.princeton.edu'
2026-02-23 13:50:01.204110 (939822) main____ INFO      TMPDIR            : '/tmp/ab2113/jg_5018960_50'
2026-02-23 13:50:01.204114 (939822) main____ INFO    ----------------------------------------
2026-02-23 13:50:01.204508 (939822) lic_core INFO    Initializing license system ...
2026-02-23 13:50:01.205273 (939822) lic_core INFO    ... license system initialized.
2026-02-23 13:50:01.205950 (939822) lic__man INFO    Claim 'fpv' for <ui>.
2026-02-23 13:50:01.205983 (939822) lic_core INFO    (1) checking out 'jasper_fpv' ...
2026-02-23 13:50:01.211976 (939822) lic_core INFO    ... (1) checkout failed (error: -5) ("FLEXnet ERROR(-5, 0, 0): No such feature exists.")
2026-02-23 13:50:01.212008 (939822) lic_core INFO    (2) checking out 'jasper_fao' ...
2026-02-23 13:50:01.222604 (939822) lic_core INFO    ... (2) checkout succeeded
2026-02-23 13:50:01.236178 (939822) session_ INFO    Starting analysis session with session id 'session_0' (launcher: <local>) ...
2026-02-23 13:50:01.238853 (939822) session_ INFO    Analysis session with session id 'session_0' started (pid: 939830)
2026-02-23 13:50:01.850125 (939822) session_ INFO    Analysis session 'session_0' connected to the console (host: 127.0.0.1:48452)
2026-02-23 13:50:02.389181 (939822) main____ INFO    About to exit: request to exit with status 1 received from analysis session 'session_0'
2026-02-23 13:50:02.457426 (939822) session_ INFO    Analysis session 'session_0' disconnected.
2026-02-23 13:50:02.457546 (939822) lic__man INFO    Unclaim everything for 'session_0'.
2026-02-23 13:50:02.458101 (939822) session_ INFO    Process for analysis session 'session_0' has exited with exit status '1'.
2026-02-23 13:50:04.492293 (939822) lic_core INFO    (2) checkin jasper_fao
2026-02-23 13:50:04.493888 (939822) main____ INFO    Exiting with status 1.
