2026-02-23 13:51:47.150869 (152254) main____ INFO    ----------------------------------------
2026-02-23 13:51:47.150961 (152254) main____ INFO    JasperGold version info
2026-02-23 13:51:47.150979 (152254) main____ INFO      tool      : JasperGold 2021.03
2026-02-23 13:51:47.150990 (152254) main____ INFO      version   : 2021.03 FCS 64 bits
2026-02-23 13:51:47.150997 (152254) main____ INFO      build date: 2021.03.23 02:50:43 UTC
2026-02-23 13:51:47.151002 (152254) main____ INFO    ----------------------------------------
2026-02-23 13:51:47.151008 (152254) main____ INFO    Runtime info:
2026-02-23 13:51:47.151013 (152254) main____ INFO      platform  : Linux 5.14.0-570.84.1.el9_6.x86_64 x86_64
2026-02-23 13:51:47.151020 (152254) main____ INFO      hostname  : della-h14n2
2026-02-23 13:51:47.151026 (152254) main____ INFO      pid       : 152254
2026-02-23 13:51:47.151032 (152254) main____ INFO      arguments : '-style' 'windows' '-batch' '-proj' './verification_results/02613/jgproject' '-tcl' './jasper_verif_check.tcl'
2026-02-23 13:51:47.151042 (152254) main____ INFO      locale    : UTF-8
2026-02-23 13:51:47.151048 (152254) main____ INFO    ----------------------------------------
2026-02-23 13:51:47.151052 (152254) main____ INFO    System resource limits info:
2026-02-23 13:51:47.151058 (152254) main____ INFO      virtual memory: unlimited
2026-02-23 13:51:47.151064 (152254) main____ INFO      cpu time      : unlimited
2026-02-23 13:51:47.151069 (152254) main____ INFO      stack size    : unlimited
2026-02-23 13:51:47.151076 (152254) main____ INFO      core file size: unlimited
2026-02-23 13:51:47.151085 (152254) main____ INFO      open files    : 131072
2026-02-23 13:51:47.151091 (152254) main____ INFO      file size     : unlimited
2026-02-23 13:51:47.151097 (152254) main____ INFO    ----------------------------------------
2026-02-23 13:51:47.151102 (152254) main____ INFO    Memory statistics:
2026-02-23 13:51:47.151108 (152254) main____ INFO      total physical memory  : 1584164328 kB
2026-02-23 13:51:47.151114 (152254) main____ INFO      free physical memory   : 763798848 kB
2026-02-23 13:51:47.151120 (152254) main____ INFO      committed address space: 658054868 kB
2026-02-23 13:51:47.151126 (152254) main____ INFO    ----------------------------------------
2026-02-23 13:51:47.151671 (152254) main____ INFO    Important environment variables:
2026-02-23 13:51:47.151686 (152254) main____ INFO      JASPER_HOME       : '/usr/licensed/cadence-20210126/jasper_2021.03'
2026-02-23 13:51:47.151693 (152254) main____ INFO      JASPER_INSTALL_DIR: '/scratch/gpfs/LICENSED/x86_64/cadence-20210126/jasper_2021.03'
2026-02-23 13:51:47.151700 (152254) main____ INFO      LANG              : 'en_US.UTF-8'
2026-02-23 13:51:47.151705 (152254) main____ INFO      LM_LICENSE_FILE   : '5280@license.rc.princeton.edu'
2026-02-23 13:51:47.151711 (152254) main____ INFO      TMPDIR            : '/tmp/ab2113/jg_5018922_44'
2026-02-23 13:51:47.151716 (152254) main____ INFO    ----------------------------------------
2026-02-23 13:51:47.152160 (152254) lic_core INFO    Initializing license system ...
2026-02-23 13:51:47.152742 (152254) lic_core INFO    ... license system initialized.
2026-02-23 13:51:47.153538 (152254) lic__man INFO    Claim 'fpv' for <ui>.
2026-02-23 13:51:47.153576 (152254) lic_core INFO    (1) checking out 'jasper_fpv' ...
2026-02-23 13:51:47.159090 (152254) lic_core INFO    ... (1) checkout failed (error: -5) ("FLEXnet ERROR(-5, 0, 0): No such feature exists.")
2026-02-23 13:51:47.159147 (152254) lic_core INFO    (2) checking out 'jasper_fao' ...
2026-02-23 13:51:47.167998 (152254) lic_core INFO    ... (2) checkout succeeded
2026-02-23 13:51:47.181519 (152254) session_ INFO    Starting analysis session with session id 'session_0' (launcher: <local>) ...
2026-02-23 13:51:47.184922 (152254) session_ INFO    Analysis session with session id 'session_0' started (pid: 152274)
2026-02-23 13:51:47.811511 (152254) session_ INFO    Analysis session 'session_0' connected to the console (host: 127.0.0.1:56360)
2026-02-23 13:51:48.582994 (152254) lic__man INFO    Unclaim everything for 'session_0'.
2026-02-23 13:51:48.641904 (152254) main____ INFO    About to exit: request to exit with status 3 received from analysis session 'session_0'
2026-02-23 13:51:48.690790 (152254) session_ INFO    Analysis session 'session_0' disconnected.
2026-02-23 13:51:48.690926 (152254) lic__man INFO    Unclaim everything for 'session_0'.
2026-02-23 13:51:48.691525 (152254) session_ INFO    Process for analysis session 'session_0' has exited with exit status '3'.
2026-02-23 13:51:50.548843 (152254) lic_core INFO    (2) checkin jasper_fao
2026-02-23 13:51:50.550478 (152254) main____ INFO    Exiting with status 3.
