2026-02-23 13:53:14.739231 (1355600) main____ INFO    ----------------------------------------
2026-02-23 13:53:14.739311 (1355600) main____ INFO    JasperGold version info
2026-02-23 13:53:14.739324 (1355600) main____ INFO      tool      : JasperGold 2021.03
2026-02-23 13:53:14.739332 (1355600) main____ INFO      version   : 2021.03 FCS 64 bits
2026-02-23 13:53:14.739336 (1355600) main____ INFO      build date: 2021.03.23 02:50:43 UTC
2026-02-23 13:53:14.739340 (1355600) main____ INFO    ----------------------------------------
2026-02-23 13:53:14.739344 (1355600) main____ INFO    Runtime info:
2026-02-23 13:53:14.739348 (1355600) main____ INFO      platform  : Linux 5.14.0-570.84.1.el9_6.x86_64 x86_64
2026-02-23 13:53:14.739353 (1355600) main____ INFO      hostname  : della-i13n21
2026-02-23 13:53:14.739357 (1355600) main____ INFO      pid       : 1355600
2026-02-23 13:53:14.739361 (1355600) main____ INFO      arguments : '-style' 'windows' '-batch' '-proj' './verification_results/02190/jgproject' '-tcl' './jasper_verif_check.tcl'
2026-02-23 13:53:14.739369 (1355600) main____ INFO      locale    : UTF-8
2026-02-23 13:53:14.739373 (1355600) main____ INFO    ----------------------------------------
2026-02-23 13:53:14.739376 (1355600) main____ INFO    System resource limits info:
2026-02-23 13:53:14.739380 (1355600) main____ INFO      virtual memory: unlimited
2026-02-23 13:53:14.739384 (1355600) main____ INFO      cpu time      : unlimited
2026-02-23 13:53:14.739388 (1355600) main____ INFO      stack size    : unlimited
2026-02-23 13:53:14.739392 (1355600) main____ INFO      core file size: unlimited
2026-02-23 13:53:14.739398 (1355600) main____ INFO      open files    : 131072
2026-02-23 13:53:14.739402 (1355600) main____ INFO      file size     : unlimited
2026-02-23 13:53:14.739405 (1355600) main____ INFO    ----------------------------------------
2026-02-23 13:53:14.739409 (1355600) main____ INFO    Memory statistics:
2026-02-23 13:53:14.739413 (1355600) main____ INFO      total physical memory  : 394157548 kB
2026-02-23 13:53:14.739417 (1355600) main____ INFO      free physical memory   : 234352528 kB
2026-02-23 13:53:14.739421 (1355600) main____ INFO      committed address space: 110385708 kB
2026-02-23 13:53:14.739424 (1355600) main____ INFO    ----------------------------------------
2026-02-23 13:53:14.740310 (1355600) main____ INFO    Important environment variables:
2026-02-23 13:53:14.740327 (1355600) main____ INFO      JASPER_HOME       : '/usr/licensed/cadence-20210126/jasper_2021.03'
2026-02-23 13:53:14.740333 (1355600) main____ INFO      JASPER_INSTALL_DIR: '/scratch/gpfs/LICENSED/x86_64/cadence-20210126/jasper_2021.03'
2026-02-23 13:53:14.740338 (1355600) main____ INFO      LANG              : 'en_US.UTF-8'
2026-02-23 13:53:14.740342 (1355600) main____ INFO      LM_LICENSE_FILE   : '5280@license.rc.princeton.edu'
2026-02-23 13:53:14.740347 (1355600) main____ INFO      TMPDIR            : '/tmp/ab2113/jg_5018895_36'
2026-02-23 13:53:14.740350 (1355600) main____ INFO    ----------------------------------------
2026-02-23 13:53:14.741214 (1355600) lic_core INFO    Initializing license system ...
2026-02-23 13:53:14.742058 (1355600) lic_core INFO    ... license system initialized.
2026-02-23 13:53:14.742769 (1355600) lic__man INFO    Claim 'fpv' for <ui>.
2026-02-23 13:53:14.742806 (1355600) lic_core INFO    (1) checking out 'jasper_fpv' ...
2026-02-23 13:53:14.748633 (1355600) lic_core INFO    ... (1) checkout failed (error: -5) ("FLEXnet ERROR(-5, 0, 0): No such feature exists.")
2026-02-23 13:53:14.748683 (1355600) lic_core INFO    (2) checking out 'jasper_fao' ...
2026-02-23 13:53:14.759167 (1355600) lic_core INFO    ... (2) checkout succeeded
2026-02-23 13:53:14.773067 (1355600) session_ INFO    Starting analysis session with session id 'session_0' (launcher: <local>) ...
2026-02-23 13:53:14.775909 (1355600) session_ INFO    Analysis session with session id 'session_0' started (pid: 1355608)
2026-02-23 13:53:15.421663 (1355600) session_ INFO    Analysis session 'session_0' connected to the console (host: 127.0.0.1:33340)
2026-02-23 13:53:16.270874 (1355600) lic__man INFO    Unclaim everything for 'session_0'.
2026-02-23 13:53:16.313757 (1355600) lic__man INFO    Claim 'fpv' for 'session_0'.
2026-02-23 13:53:16.313796 (1355600) lic__man INFO    Claim 'fpv' for 'session_0/prove-0'.
2026-02-23 13:53:16.558437 (1355600) lic__man INFO    Unclaim everything for 'session_0/prove-0'.
2026-02-23 13:53:16.613213 (1355600) main____ INFO    About to exit: request to exit with status 0 received from analysis session 'session_0'
2026-02-23 13:53:16.692047 (1355600) session_ INFO    Analysis session 'session_0' disconnected.
2026-02-23 13:53:16.692166 (1355600) lic__man INFO    Unclaim everything for 'session_0'.
2026-02-23 13:53:16.692790 (1355600) session_ INFO    Process for analysis session 'session_0' has exited with exit status '0'.
2026-02-23 13:53:18.520723 (1355600) lic_core INFO    (2) checkin jasper_fao
2026-02-23 13:53:18.522467 (1355600) main____ INFO    Exiting with status 0.
