2026-02-23 13:50:40.730477 (145900) main____ INFO    ----------------------------------------
2026-02-23 13:50:40.730564 (145900) main____ INFO    JasperGold version info
2026-02-23 13:50:40.730582 (145900) main____ INFO      tool      : JasperGold 2021.03
2026-02-23 13:50:40.730591 (145900) main____ INFO      version   : 2021.03 FCS 64 bits
2026-02-23 13:50:40.730597 (145900) main____ INFO      build date: 2021.03.23 02:50:43 UTC
2026-02-23 13:50:40.730604 (145900) main____ INFO    ----------------------------------------
2026-02-23 13:50:40.730609 (145900) main____ INFO    Runtime info:
2026-02-23 13:50:40.730615 (145900) main____ INFO      platform  : Linux 5.14.0-570.84.1.el9_6.x86_64 x86_64
2026-02-23 13:50:40.730622 (145900) main____ INFO      hostname  : della-h14n2
2026-02-23 13:50:40.730627 (145900) main____ INFO      pid       : 145900
2026-02-23 13:50:40.730633 (145900) main____ INFO      arguments : '-style' 'windows' '-batch' '-proj' './verification_results/03235/jgproject' '-tcl' './jasper_verif_check.tcl'
2026-02-23 13:50:40.730643 (145900) main____ INFO      locale    : UTF-8
2026-02-23 13:50:40.730649 (145900) main____ INFO    ----------------------------------------
2026-02-23 13:50:40.730654 (145900) main____ INFO    System resource limits info:
2026-02-23 13:50:40.730660 (145900) main____ INFO      virtual memory: unlimited
2026-02-23 13:50:40.730666 (145900) main____ INFO      cpu time      : unlimited
2026-02-23 13:50:40.730670 (145900) main____ INFO      stack size    : unlimited
2026-02-23 13:50:40.730675 (145900) main____ INFO      core file size: unlimited
2026-02-23 13:50:40.730683 (145900) main____ INFO      open files    : 131072
2026-02-23 13:50:40.730688 (145900) main____ INFO      file size     : unlimited
2026-02-23 13:50:40.730694 (145900) main____ INFO    ----------------------------------------
2026-02-23 13:50:40.730700 (145900) main____ INFO    Memory statistics:
2026-02-23 13:50:40.730705 (145900) main____ INFO      total physical memory  : 1584164328 kB
2026-02-23 13:50:40.730709 (145900) main____ INFO      free physical memory   : 736740632 kB
2026-02-23 13:50:40.730714 (145900) main____ INFO      committed address space: 690466920 kB
2026-02-23 13:50:40.730720 (145900) main____ INFO    ----------------------------------------
2026-02-23 13:50:40.731287 (145900) main____ INFO    Important environment variables:
2026-02-23 13:50:40.731302 (145900) main____ INFO      JASPER_HOME       : '/usr/licensed/cadence-20210126/jasper_2021.03'
2026-02-23 13:50:40.731309 (145900) main____ INFO      JASPER_INSTALL_DIR: '/scratch/gpfs/LICENSED/x86_64/cadence-20210126/jasper_2021.03'
2026-02-23 13:50:40.731316 (145900) main____ INFO      LANG              : 'en_US.UTF-8'
2026-02-23 13:50:40.731322 (145900) main____ INFO      LM_LICENSE_FILE   : '5280@license.rc.princeton.edu'
2026-02-23 13:50:40.731328 (145900) main____ INFO      TMPDIR            : '/tmp/ab2113/jg_5018997_57'
2026-02-23 13:50:40.731332 (145900) main____ INFO    ----------------------------------------
2026-02-23 13:50:40.731902 (145900) lic_core INFO    Initializing license system ...
2026-02-23 13:50:40.732490 (145900) lic_core INFO    ... license system initialized.
2026-02-23 13:50:40.733306 (145900) lic__man INFO    Claim 'fpv' for <ui>.
2026-02-23 13:50:40.733343 (145900) lic_core INFO    (1) checking out 'jasper_fpv' ...
2026-02-23 13:50:40.738914 (145900) lic_core INFO    ... (1) checkout failed (error: -5) ("FLEXnet ERROR(-5, 0, 0): No such feature exists.")
2026-02-23 13:50:40.738941 (145900) lic_core INFO    (2) checking out 'jasper_fao' ...
2026-02-23 13:50:40.747978 (145900) lic_core INFO    ... (2) checkout succeeded
2026-02-23 13:50:40.760184 (145900) session_ INFO    Starting analysis session with session id 'session_0' (launcher: <local>) ...
2026-02-23 13:50:40.763229 (145900) session_ INFO    Analysis session with session id 'session_0' started (pid: 145908)
2026-02-23 13:50:41.415449 (145900) session_ INFO    Analysis session 'session_0' connected to the console (host: 127.0.0.1:44848)
2026-02-23 13:50:42.298386 (145900) lic__man INFO    Unclaim everything for 'session_0'.
2026-02-23 13:50:42.315764 (145900) lic__man INFO    Claim 'fpv' for 'session_0'.
2026-02-23 13:50:42.315804 (145900) lic__man INFO    Claim 'fpv' for 'session_0/prove-0'.
2026-02-23 13:50:42.517762 (145900) lic__man INFO    Unclaim everything for 'session_0/prove-0'.
2026-02-23 13:50:42.572906 (145900) main____ INFO    About to exit: request to exit with status 0 received from analysis session 'session_0'
2026-02-23 13:50:42.646320 (145900) session_ INFO    Analysis session 'session_0' disconnected.
2026-02-23 13:50:42.646456 (145900) lic__man INFO    Unclaim everything for 'session_0'.
2026-02-23 13:50:42.646965 (145900) session_ INFO    Process for analysis session 'session_0' has exited with exit status '0'.
2026-02-23 13:50:44.480252 (145900) lic_core INFO    (2) checkin jasper_fao
2026-02-23 13:50:44.481461 (145900) main____ INFO    Exiting with status 0.
