2026-02-23 13:48:19.755109 (930411) main____ INFO    ----------------------------------------
2026-02-23 13:48:19.755188 (930411) main____ INFO    JasperGold version info
2026-02-23 13:48:19.755213 (930411) main____ INFO      tool      : JasperGold 2021.03
2026-02-23 13:48:19.755222 (930411) main____ INFO      version   : 2021.03 FCS 64 bits
2026-02-23 13:48:19.755227 (930411) main____ INFO      build date: 2021.03.23 02:50:43 UTC
2026-02-23 13:48:19.755232 (930411) main____ INFO    ----------------------------------------
2026-02-23 13:48:19.755238 (930411) main____ INFO    Runtime info:
2026-02-23 13:48:19.755243 (930411) main____ INFO      platform  : Linux 5.14.0-570.84.1.el9_6.x86_64 x86_64
2026-02-23 13:48:19.755250 (930411) main____ INFO      hostname  : della-h14n16
2026-02-23 13:48:19.755255 (930411) main____ INFO      pid       : 930411
2026-02-23 13:48:19.755259 (930411) main____ INFO      arguments : '-style' 'windows' '-batch' '-proj' './verification_results/03020/jgproject' '-tcl' './jasper_verif_check.tcl'
2026-02-23 13:48:19.755267 (930411) main____ INFO      locale    : UTF-8
2026-02-23 13:48:19.755272 (930411) main____ INFO    ----------------------------------------
2026-02-23 13:48:19.755277 (930411) main____ INFO    System resource limits info:
2026-02-23 13:48:19.755283 (930411) main____ INFO      virtual memory: unlimited
2026-02-23 13:48:19.755289 (930411) main____ INFO      cpu time      : unlimited
2026-02-23 13:48:19.755294 (930411) main____ INFO      stack size    : unlimited
2026-02-23 13:48:19.755299 (930411) main____ INFO      core file size: unlimited
2026-02-23 13:48:19.755306 (930411) main____ INFO      open files    : 131072
2026-02-23 13:48:19.755311 (930411) main____ INFO      file size     : unlimited
2026-02-23 13:48:19.755316 (930411) main____ INFO    ----------------------------------------
2026-02-23 13:48:19.755321 (930411) main____ INFO    Memory statistics:
2026-02-23 13:48:19.755326 (930411) main____ INFO      total physical memory  : 1584164324 kB
2026-02-23 13:48:19.755332 (930411) main____ INFO      free physical memory   : 929192996 kB
2026-02-23 13:48:19.755337 (930411) main____ INFO      committed address space: 447358744 kB
2026-02-23 13:48:19.755341 (930411) main____ INFO    ----------------------------------------
2026-02-23 13:48:19.755863 (930411) main____ INFO    Important environment variables:
2026-02-23 13:48:19.755877 (930411) main____ INFO      JASPER_HOME       : '/usr/licensed/cadence-20210126/jasper_2021.03'
2026-02-23 13:48:19.755883 (930411) main____ INFO      JASPER_INSTALL_DIR: '/scratch/gpfs/LICENSED/x86_64/cadence-20210126/jasper_2021.03'
2026-02-23 13:48:19.755889 (930411) main____ INFO      LANG              : 'en_US.UTF-8'
2026-02-23 13:48:19.755895 (930411) main____ INFO      LM_LICENSE_FILE   : '5280@license.rc.princeton.edu'
2026-02-23 13:48:19.755900 (930411) main____ INFO      TMPDIR            : '/tmp/ab2113/jg_5018967_53'
2026-02-23 13:48:19.755905 (930411) main____ INFO    ----------------------------------------
2026-02-23 13:48:19.756359 (930411) lic_core INFO    Initializing license system ...
2026-02-23 13:48:19.756879 (930411) lic_core INFO    ... license system initialized.
2026-02-23 13:48:19.757658 (930411) lic__man INFO    Claim 'fpv' for <ui>.
2026-02-23 13:48:19.757691 (930411) lic_core INFO    (1) checking out 'jasper_fpv' ...
2026-02-23 13:48:19.763338 (930411) lic_core INFO    ... (1) checkout failed (error: -5) ("FLEXnet ERROR(-5, 0, 0): No such feature exists.")
2026-02-23 13:48:19.763365 (930411) lic_core INFO    (2) checking out 'jasper_fao' ...
2026-02-23 13:48:19.772425 (930411) lic_core INFO    ... (2) checkout succeeded
2026-02-23 13:48:19.784113 (930411) session_ INFO    Starting analysis session with session id 'session_0' (launcher: <local>) ...
2026-02-23 13:48:19.787042 (930411) session_ INFO    Analysis session with session id 'session_0' started (pid: 930419)
2026-02-23 13:48:20.373328 (930411) session_ INFO    Analysis session 'session_0' connected to the console (host: 127.0.0.1:48136)
2026-02-23 13:48:21.167712 (930411) main____ INFO    About to exit: request to exit with status 1 received from analysis session 'session_0'
2026-02-23 13:48:21.217790 (930411) session_ INFO    Analysis session 'session_0' disconnected.
2026-02-23 13:48:21.217924 (930411) lic__man INFO    Unclaim everything for 'session_0'.
2026-02-23 13:48:21.218733 (930411) session_ INFO    Process for analysis session 'session_0' has exited with exit status '1'.
2026-02-23 13:48:23.088850 (930411) lic_core INFO    (2) checkin jasper_fao
2026-02-23 13:48:23.090443 (930411) main____ INFO    Exiting with status 1.
