2026-02-23 13:41:27.311199 (1473605) main____ INFO    ----------------------------------------
2026-02-23 13:41:27.311288 (1473605) main____ INFO    JasperGold version info
2026-02-23 13:41:27.311307 (1473605) main____ INFO      tool      : JasperGold 2021.03
2026-02-23 13:41:27.311316 (1473605) main____ INFO      version   : 2021.03 FCS 64 bits
2026-02-23 13:41:27.311323 (1473605) main____ INFO      build date: 2021.03.23 02:50:43 UTC
2026-02-23 13:41:27.311328 (1473605) main____ INFO    ----------------------------------------
2026-02-23 13:41:27.311333 (1473605) main____ INFO    Runtime info:
2026-02-23 13:41:27.311339 (1473605) main____ INFO      platform  : Linux 5.14.0-570.84.1.el9_6.x86_64 x86_64
2026-02-23 13:41:27.311346 (1473605) main____ INFO      hostname  : della-h14n5
2026-02-23 13:41:27.311351 (1473605) main____ INFO      pid       : 1473605
2026-02-23 13:41:27.311358 (1473605) main____ INFO      arguments : '-style' 'windows' '-batch' '-proj' './verification_results/01054/jgproject' '-tcl' './jasper_verif_check.tcl'
2026-02-23 13:41:27.311368 (1473605) main____ INFO      locale    : UTF-8
2026-02-23 13:41:27.311374 (1473605) main____ INFO    ----------------------------------------
2026-02-23 13:41:27.311379 (1473605) main____ INFO    System resource limits info:
2026-02-23 13:41:27.311384 (1473605) main____ INFO      virtual memory: unlimited
2026-02-23 13:41:27.311389 (1473605) main____ INFO      cpu time      : unlimited
2026-02-23 13:41:27.311394 (1473605) main____ INFO      stack size    : unlimited
2026-02-23 13:41:27.311399 (1473605) main____ INFO      core file size: unlimited
2026-02-23 13:41:27.311407 (1473605) main____ INFO      open files    : 131072
2026-02-23 13:41:27.311413 (1473605) main____ INFO      file size     : unlimited
2026-02-23 13:41:27.311417 (1473605) main____ INFO    ----------------------------------------
2026-02-23 13:41:27.311422 (1473605) main____ INFO    Memory statistics:
2026-02-23 13:41:27.311434 (1473605) main____ INFO      total physical memory  : 1584164368 kB
2026-02-23 13:41:27.311441 (1473605) main____ INFO      free physical memory   : 700626492 kB
2026-02-23 13:41:27.311446 (1473605) main____ INFO      committed address space: 534267972 kB
2026-02-23 13:41:27.311451 (1473605) main____ INFO    ----------------------------------------
2026-02-23 13:41:27.311993 (1473605) main____ INFO    Important environment variables:
2026-02-23 13:41:27.312009 (1473605) main____ INFO      JASPER_HOME       : '/usr/licensed/cadence-20210126/jasper_2021.03'
2026-02-23 13:41:27.312016 (1473605) main____ INFO      JASPER_INSTALL_DIR: '/scratch/gpfs/LICENSED/x86_64/cadence-20210126/jasper_2021.03'
2026-02-23 13:41:27.312022 (1473605) main____ INFO      LANG              : 'en_US.UTF-8'
2026-02-23 13:41:27.312027 (1473605) main____ INFO      LM_LICENSE_FILE   : '5280@license.rc.princeton.edu'
2026-02-23 13:41:27.312036 (1473605) main____ INFO      TMPDIR            : '/tmp/ab2113/jg_5018816_13'
2026-02-23 13:41:27.312043 (1473605) main____ INFO    ----------------------------------------
2026-02-23 13:41:27.312592 (1473605) lic_core INFO    Initializing license system ...
2026-02-23 13:41:27.313196 (1473605) lic_core INFO    ... license system initialized.
2026-02-23 13:41:27.314044 (1473605) lic__man INFO    Claim 'fpv' for <ui>.
2026-02-23 13:41:27.314083 (1473605) lic_core INFO    (1) checking out 'jasper_fpv' ...
2026-02-23 13:41:27.319891 (1473605) lic_core INFO    ... (1) checkout failed (error: -5) ("FLEXnet ERROR(-5, 0, 0): No such feature exists.")
2026-02-23 13:41:27.319921 (1473605) lic_core INFO    (2) checking out 'jasper_fao' ...
2026-02-23 13:41:27.329404 (1473605) lic_core INFO    ... (2) checkout succeeded
2026-02-23 13:41:27.342038 (1473605) session_ INFO    Starting analysis session with session id 'session_0' (launcher: <local>) ...
2026-02-23 13:41:27.345389 (1473605) session_ INFO    Analysis session with session id 'session_0' started (pid: 1473625)
2026-02-23 13:41:27.917510 (1473605) session_ INFO    Analysis session 'session_0' connected to the console (host: 127.0.0.1:49458)
2026-02-23 13:41:28.703164 (1473605) lic__man INFO    Unclaim everything for 'session_0'.
2026-02-23 13:41:28.759796 (1473605) lic__man INFO    Claim 'fpv' for 'session_0'.
2026-02-23 13:41:28.759839 (1473605) lic__man INFO    Claim 'fpv' for 'session_0/prove-0'.
2026-02-23 13:41:28.919040 (1473605) lic__man INFO    Unclaim everything for 'session_0/prove-0'.
2026-02-23 13:41:28.972529 (1473605) main____ INFO    About to exit: request to exit with status 0 received from analysis session 'session_0'
2026-02-23 13:41:29.035720 (1473605) session_ INFO    Analysis session 'session_0' disconnected.
2026-02-23 13:41:29.035873 (1473605) lic__man INFO    Unclaim everything for 'session_0'.
2026-02-23 13:41:29.037383 (1473605) session_ INFO    Process for analysis session 'session_0' has exited with exit status '0'.
2026-02-23 13:41:31.081270 (1473605) lic_core INFO    (2) checkin jasper_fao
2026-02-23 13:41:31.082933 (1473605) main____ INFO    Exiting with status 0.
