2026-02-23 14:14:59.278829 (4706) main____ INFO    ----------------------------------------
2026-02-23 14:14:59.278934 (4706) main____ INFO    JasperGold version info
2026-02-23 14:14:59.278953 (4706) main____ INFO      tool      : JasperGold 2021.03
2026-02-23 14:14:59.278962 (4706) main____ INFO      version   : 2021.03 FCS 64 bits
2026-02-23 14:14:59.278968 (4706) main____ INFO      build date: 2021.03.23 02:50:43 UTC
2026-02-23 14:14:59.278973 (4706) main____ INFO    ----------------------------------------
2026-02-23 14:14:59.278978 (4706) main____ INFO    Runtime info:
2026-02-23 14:14:59.278983 (4706) main____ INFO      platform  : Linux 5.14.0-570.84.1.el9_6.x86_64 x86_64
2026-02-23 14:14:59.278990 (4706) main____ INFO      hostname  : della-h14n1
2026-02-23 14:14:59.278995 (4706) main____ INFO      pid       : 4706
2026-02-23 14:14:59.279000 (4706) main____ INFO      arguments : '-style' 'windows' '-batch' '-proj' './verification_results/02563/jgproject' '-tcl' './jasper_verif_check.tcl'
2026-02-23 14:14:59.279009 (4706) main____ INFO      locale    : UTF-8
2026-02-23 14:14:59.279015 (4706) main____ INFO    ----------------------------------------
2026-02-23 14:14:59.279019 (4706) main____ INFO    System resource limits info:
2026-02-23 14:14:59.279025 (4706) main____ INFO      virtual memory: unlimited
2026-02-23 14:14:59.279030 (4706) main____ INFO      cpu time      : unlimited
2026-02-23 14:14:59.279034 (4706) main____ INFO      stack size    : unlimited
2026-02-23 14:14:59.279039 (4706) main____ INFO      core file size: unlimited
2026-02-23 14:14:59.279047 (4706) main____ INFO      open files    : 131072
2026-02-23 14:14:59.279053 (4706) main____ INFO      file size     : unlimited
2026-02-23 14:14:59.279057 (4706) main____ INFO    ----------------------------------------
2026-02-23 14:14:59.279062 (4706) main____ INFO    Memory statistics:
2026-02-23 14:14:59.279068 (4706) main____ INFO      total physical memory  : 1584164324 kB
2026-02-23 14:14:59.279073 (4706) main____ INFO      free physical memory   : 760076008 kB
2026-02-23 14:14:59.279078 (4706) main____ INFO      committed address space: 561971832 kB
2026-02-23 14:14:59.279083 (4706) main____ INFO    ----------------------------------------
2026-02-23 14:14:59.279622 (4706) main____ INFO    Important environment variables:
2026-02-23 14:14:59.279636 (4706) main____ INFO      JASPER_HOME       : '/usr/licensed/cadence-20210126/jasper_2021.03'
2026-02-23 14:14:59.279642 (4706) main____ INFO      JASPER_INSTALL_DIR: '/scratch/gpfs/LICENSED/x86_64/cadence-20210126/jasper_2021.03'
2026-02-23 14:14:59.279648 (4706) main____ INFO      LANG              : 'en_US.UTF-8'
2026-02-23 14:14:59.279654 (4706) main____ INFO      LM_LICENSE_FILE   : '5280@license.rc.princeton.edu'
2026-02-23 14:14:59.279672 (4706) main____ INFO      TMPDIR            : '/tmp/ab2113/jg_5018921_43'
2026-02-23 14:14:59.279677 (4706) main____ INFO    ----------------------------------------
2026-02-23 14:14:59.280129 (4706) lic_core INFO    Initializing license system ...
2026-02-23 14:14:59.280761 (4706) lic_core INFO    ... license system initialized.
2026-02-23 14:14:59.281804 (4706) lic__man INFO    Claim 'fpv' for <ui>.
2026-02-23 14:14:59.281845 (4706) lic_core INFO    (1) checking out 'jasper_fpv' ...
2026-02-23 14:14:59.288096 (4706) lic_core INFO    ... (1) checkout failed (error: -5) ("FLEXnet ERROR(-5, 0, 0): No such feature exists.")
2026-02-23 14:14:59.288127 (4706) lic_core INFO    (2) checking out 'jasper_fao' ...
2026-02-23 14:14:59.297409 (4706) lic_core INFO    ... (2) checkout succeeded
2026-02-23 14:14:59.309440 (4706) session_ INFO    Starting analysis session with session id 'session_0' (launcher: <local>) ...
2026-02-23 14:14:59.313422 (4706) session_ INFO    Analysis session with session id 'session_0' started (pid: 4714)
2026-02-23 14:14:59.891966 (4706) session_ INFO    Analysis session 'session_0' connected to the console (host: 127.0.0.1:55402)
2026-02-23 14:15:00.707383 (4706) lic__man INFO    Unclaim everything for 'session_0'.
2026-02-23 14:15:00.747272 (4706) lic__man INFO    Claim 'fpv' for 'session_0'.
2026-02-23 14:15:00.747336 (4706) lic__man INFO    Claim 'fpv' for 'session_0/prove-0'.
2026-02-23 14:15:00.940731 (4706) lic__man INFO    Unclaim everything for 'session_0/prove-0'.
2026-02-23 14:15:00.994796 (4706) main____ INFO    About to exit: request to exit with status 0 received from analysis session 'session_0'
2026-02-23 14:15:01.072699 (4706) session_ INFO    Analysis session 'session_0' disconnected.
2026-02-23 14:15:01.072912 (4706) lic__man INFO    Unclaim everything for 'session_0'.
2026-02-23 14:15:01.073712 (4706) session_ INFO    Process for analysis session 'session_0' has exited with exit status '0'.
2026-02-23 14:15:03.041071 (4706) lic_core INFO    (2) checkin jasper_fao
2026-02-23 14:15:03.042869 (4706) main____ INFO    Exiting with status 0.
