2026-02-23 13:41:47.333716 (1941585) main____ INFO    ----------------------------------------
2026-02-23 13:41:47.333801 (1941585) main____ INFO    JasperGold version info
2026-02-23 13:41:47.333817 (1941585) main____ INFO      tool      : JasperGold 2021.03
2026-02-23 13:41:47.333825 (1941585) main____ INFO      version   : 2021.03 FCS 64 bits
2026-02-23 13:41:47.333830 (1941585) main____ INFO      build date: 2021.03.23 02:50:43 UTC
2026-02-23 13:41:47.333834 (1941585) main____ INFO    ----------------------------------------
2026-02-23 13:41:47.333838 (1941585) main____ INFO    Runtime info:
2026-02-23 13:41:47.333842 (1941585) main____ INFO      platform  : Linux 5.14.0-570.84.1.el9_6.x86_64 x86_64
2026-02-23 13:41:47.333848 (1941585) main____ INFO      hostname  : della-r3c1n5
2026-02-23 13:41:47.333852 (1941585) main____ INFO      pid       : 1941585
2026-02-23 13:41:47.333857 (1941585) main____ INFO      arguments : '-style' 'windows' '-batch' '-proj' './verification_results/01340/jgproject' '-tcl' './jasper_verif_check.tcl'
2026-02-23 13:41:47.333864 (1941585) main____ INFO      locale    : UTF-8
2026-02-23 13:41:47.333868 (1941585) main____ INFO    ----------------------------------------
2026-02-23 13:41:47.333872 (1941585) main____ INFO    System resource limits info:
2026-02-23 13:41:47.333877 (1941585) main____ INFO      virtual memory: unlimited
2026-02-23 13:41:47.333881 (1941585) main____ INFO      cpu time      : unlimited
2026-02-23 13:41:47.333885 (1941585) main____ INFO      stack size    : unlimited
2026-02-23 13:41:47.333889 (1941585) main____ INFO      core file size: unlimited
2026-02-23 13:41:47.333896 (1941585) main____ INFO      open files    : 131072
2026-02-23 13:41:47.333900 (1941585) main____ INFO      file size     : unlimited
2026-02-23 13:41:47.333904 (1941585) main____ INFO    ----------------------------------------
2026-02-23 13:41:47.333908 (1941585) main____ INFO    Memory statistics:
2026-02-23 13:41:47.333912 (1941585) main____ INFO      total physical memory  : 195972056 kB
2026-02-23 13:41:47.333916 (1941585) main____ INFO      free physical memory   : 112040704 kB
2026-02-23 13:41:47.333920 (1941585) main____ INFO      committed address space: 51342004 kB
2026-02-23 13:41:47.333924 (1941585) main____ INFO    ----------------------------------------
2026-02-23 13:41:47.334878 (1941585) main____ INFO    Important environment variables:
2026-02-23 13:41:47.334895 (1941585) main____ INFO      JASPER_HOME       : '/usr/licensed/cadence-20210126/jasper_2021.03'
2026-02-23 13:41:47.334901 (1941585) main____ INFO      JASPER_INSTALL_DIR: '/scratch/gpfs/LICENSED/x86_64/cadence-20210126/jasper_2021.03'
2026-02-23 13:41:47.334906 (1941585) main____ INFO      LANG              : 'en_US.UTF-8'
2026-02-23 13:41:47.334911 (1941585) main____ INFO      LM_LICENSE_FILE   : '5280@license.rc.princeton.edu'
2026-02-23 13:41:47.334916 (1941585) main____ INFO      TMPDIR            : '/tmp/ab2113/jg_5018833_19'
2026-02-23 13:41:47.334920 (1941585) main____ INFO    ----------------------------------------
2026-02-23 13:41:47.335392 (1941585) lic_core INFO    Initializing license system ...
2026-02-23 13:41:47.336213 (1941585) lic_core INFO    ... license system initialized.
2026-02-23 13:41:47.336958 (1941585) lic__man INFO    Claim 'fpv' for <ui>.
2026-02-23 13:41:47.336996 (1941585) lic_core INFO    (1) checking out 'jasper_fpv' ...
2026-02-23 13:41:47.342887 (1941585) lic_core INFO    ... (1) checkout failed (error: -5) ("FLEXnet ERROR(-5, 0, 0): No such feature exists.")
2026-02-23 13:41:47.342934 (1941585) lic_core INFO    (2) checking out 'jasper_fao' ...
2026-02-23 13:41:47.353217 (1941585) lic_core INFO    ... (2) checkout succeeded
2026-02-23 13:41:47.367678 (1941585) session_ INFO    Starting analysis session with session id 'session_0' (launcher: <local>) ...
2026-02-23 13:41:47.370687 (1941585) session_ INFO    Analysis session with session id 'session_0' started (pid: 1941593)
2026-02-23 13:41:48.062074 (1941585) session_ INFO    Analysis session 'session_0' connected to the console (host: 127.0.0.1:45330)
2026-02-23 13:41:48.904645 (1941585) lic__man INFO    Unclaim everything for 'session_0'.
2026-02-23 13:41:48.951653 (1941585) lic__man INFO    Claim 'fpv' for 'session_0'.
2026-02-23 13:41:48.951697 (1941585) lic__man INFO    Claim 'fpv' for 'session_0/prove-0'.
2026-02-23 13:41:49.130019 (1941585) lic__man INFO    Unclaim everything for 'session_0/prove-0'.
2026-02-23 13:41:49.188217 (1941585) main____ INFO    About to exit: request to exit with status 0 received from analysis session 'session_0'
2026-02-23 13:41:49.274404 (1941585) session_ INFO    Analysis session 'session_0' disconnected.
2026-02-23 13:41:49.274522 (1941585) lic__man INFO    Unclaim everything for 'session_0'.
2026-02-23 13:41:49.275082 (1941585) session_ INFO    Process for analysis session 'session_0' has exited with exit status '0'.
2026-02-23 13:41:51.097352 (1941585) lic_core INFO    (2) checkin jasper_fao
2026-02-23 13:41:51.098676 (1941585) main____ INFO    Exiting with status 0.
