2026-02-23 13:49:56.768710 (4173226) main____ INFO    ----------------------------------------
2026-02-23 13:49:56.768797 (4173226) main____ INFO    JasperGold version info
2026-02-23 13:49:56.768814 (4173226) main____ INFO      tool      : JasperGold 2021.03
2026-02-23 13:49:56.768824 (4173226) main____ INFO      version   : 2021.03 FCS 64 bits
2026-02-23 13:49:56.768829 (4173226) main____ INFO      build date: 2021.03.23 02:50:43 UTC
2026-02-23 13:49:56.768834 (4173226) main____ INFO    ----------------------------------------
2026-02-23 13:49:56.768840 (4173226) main____ INFO    Runtime info:
2026-02-23 13:49:56.768846 (4173226) main____ INFO      platform  : Linux 5.14.0-570.84.1.el9_6.x86_64 x86_64
2026-02-23 13:49:56.768853 (4173226) main____ INFO      hostname  : della-h14n1
2026-02-23 13:49:56.768858 (4173226) main____ INFO      pid       : 4173226
2026-02-23 13:49:56.768864 (4173226) main____ INFO      arguments : '-style' 'windows' '-batch' '-proj' './verification_results/02954/jgproject' '-tcl' './jasper_verif_check.tcl'
2026-02-23 13:49:56.768873 (4173226) main____ INFO      locale    : UTF-8
2026-02-23 13:49:56.768878 (4173226) main____ INFO    ----------------------------------------
2026-02-23 13:49:56.768883 (4173226) main____ INFO    System resource limits info:
2026-02-23 13:49:56.768888 (4173226) main____ INFO      virtual memory: unlimited
2026-02-23 13:49:56.768893 (4173226) main____ INFO      cpu time      : unlimited
2026-02-23 13:49:56.768898 (4173226) main____ INFO      stack size    : unlimited
2026-02-23 13:49:56.768903 (4173226) main____ INFO      core file size: unlimited
2026-02-23 13:49:56.768911 (4173226) main____ INFO      open files    : 131072
2026-02-23 13:49:56.768917 (4173226) main____ INFO      file size     : unlimited
2026-02-23 13:49:56.768922 (4173226) main____ INFO    ----------------------------------------
2026-02-23 13:49:56.768926 (4173226) main____ INFO    Memory statistics:
2026-02-23 13:49:56.768932 (4173226) main____ INFO      total physical memory  : 1584164324 kB
2026-02-23 13:49:56.768938 (4173226) main____ INFO      free physical memory   : 719769920 kB
2026-02-23 13:49:56.768943 (4173226) main____ INFO      committed address space: 572241492 kB
2026-02-23 13:49:56.768948 (4173226) main____ INFO    ----------------------------------------
2026-02-23 13:49:56.769487 (4173226) main____ INFO    Important environment variables:
2026-02-23 13:49:56.769502 (4173226) main____ INFO      JASPER_HOME       : '/usr/licensed/cadence-20210126/jasper_2021.03'
2026-02-23 13:49:56.769508 (4173226) main____ INFO      JASPER_INSTALL_DIR: '/scratch/gpfs/LICENSED/x86_64/cadence-20210126/jasper_2021.03'
2026-02-23 13:49:56.769515 (4173226) main____ INFO      LANG              : 'en_US.UTF-8'
2026-02-23 13:49:56.769521 (4173226) main____ INFO      LM_LICENSE_FILE   : '5280@license.rc.princeton.edu'
2026-02-23 13:49:56.769526 (4173226) main____ INFO      TMPDIR            : '/tmp/ab2113/jg_5018961_51'
2026-02-23 13:49:56.769531 (4173226) main____ INFO    ----------------------------------------
2026-02-23 13:49:56.770091 (4173226) lic_core INFO    Initializing license system ...
2026-02-23 13:49:56.770734 (4173226) lic_core INFO    ... license system initialized.
2026-02-23 13:49:56.771732 (4173226) lic__man INFO    Claim 'fpv' for <ui>.
2026-02-23 13:49:56.771771 (4173226) lic_core INFO    (1) checking out 'jasper_fpv' ...
2026-02-23 13:49:56.777295 (4173226) lic_core INFO    ... (1) checkout failed (error: -5) ("FLEXnet ERROR(-5, 0, 0): No such feature exists.")
2026-02-23 13:49:56.777327 (4173226) lic_core INFO    (2) checking out 'jasper_fao' ...
2026-02-23 13:49:56.786795 (4173226) lic_core INFO    ... (2) checkout succeeded
2026-02-23 13:49:56.801430 (4173226) session_ INFO    Starting analysis session with session id 'session_0' (launcher: <local>) ...
2026-02-23 13:49:56.805337 (4173226) session_ INFO    Analysis session with session id 'session_0' started (pid: 4173234)
2026-02-23 13:49:57.417840 (4173226) session_ INFO    Analysis session 'session_0' connected to the console (host: 127.0.0.1:35340)
2026-02-23 13:49:57.985762 (4173226) main____ INFO    About to exit: request to exit with status 1 received from analysis session 'session_0'
2026-02-23 13:49:58.057942 (4173226) session_ INFO    Analysis session 'session_0' disconnected.
2026-02-23 13:49:58.058124 (4173226) lic__man INFO    Unclaim everything for 'session_0'.
2026-02-23 13:49:58.058690 (4173226) session_ INFO    Process for analysis session 'session_0' has exited with exit status '1'.
2026-02-23 13:50:00.037490 (4173226) lic_core INFO    (2) checkin jasper_fao
2026-02-23 13:50:00.039671 (4173226) main____ INFO    Exiting with status 1.
