2026-02-23 13:47:17.212136 (935735) main____ INFO    ----------------------------------------
2026-02-23 13:47:17.212206 (935735) main____ INFO    JasperGold version info
2026-02-23 13:47:17.212222 (935735) main____ INFO      tool      : JasperGold 2021.03
2026-02-23 13:47:17.212230 (935735) main____ INFO      version   : 2021.03 FCS 64 bits
2026-02-23 13:47:17.212235 (935735) main____ INFO      build date: 2021.03.23 02:50:43 UTC
2026-02-23 13:47:17.212239 (935735) main____ INFO    ----------------------------------------
2026-02-23 13:47:17.212242 (935735) main____ INFO    Runtime info:
2026-02-23 13:47:17.212247 (935735) main____ INFO      platform  : Linux 5.14.0-570.84.1.el9_6.x86_64 x86_64
2026-02-23 13:47:17.212252 (935735) main____ INFO      hostname  : della-i13n12
2026-02-23 13:47:17.212256 (935735) main____ INFO      pid       : 935735
2026-02-23 13:47:17.212260 (935735) main____ INFO      arguments : '-style' 'windows' '-batch' '-proj' './verification_results/02163/jgproject' '-tcl' './jasper_verif_check.tcl'
2026-02-23 13:47:17.212267 (935735) main____ INFO      locale    : UTF-8
2026-02-23 13:47:17.212271 (935735) main____ INFO    ----------------------------------------
2026-02-23 13:47:17.212274 (935735) main____ INFO    System resource limits info:
2026-02-23 13:47:17.212278 (935735) main____ INFO      virtual memory: unlimited
2026-02-23 13:47:17.212282 (935735) main____ INFO      cpu time      : unlimited
2026-02-23 13:47:17.212286 (935735) main____ INFO      stack size    : unlimited
2026-02-23 13:47:17.212290 (935735) main____ INFO      core file size: unlimited
2026-02-23 13:47:17.212296 (935735) main____ INFO      open files    : 131072
2026-02-23 13:47:17.212300 (935735) main____ INFO      file size     : unlimited
2026-02-23 13:47:17.212304 (935735) main____ INFO    ----------------------------------------
2026-02-23 13:47:17.212307 (935735) main____ INFO    Memory statistics:
2026-02-23 13:47:17.212311 (935735) main____ INFO      total physical memory  : 394157548 kB
2026-02-23 13:47:17.212315 (935735) main____ INFO      free physical memory   : 227632528 kB
2026-02-23 13:47:17.212319 (935735) main____ INFO      committed address space: 109602396 kB
2026-02-23 13:47:17.212322 (935735) main____ INFO    ----------------------------------------
2026-02-23 13:47:17.213194 (935735) main____ INFO    Important environment variables:
2026-02-23 13:47:17.213209 (935735) main____ INFO      JASPER_HOME       : '/usr/licensed/cadence-20210126/jasper_2021.03'
2026-02-23 13:47:17.213214 (935735) main____ INFO      JASPER_INSTALL_DIR: '/scratch/gpfs/LICENSED/x86_64/cadence-20210126/jasper_2021.03'
2026-02-23 13:47:17.213219 (935735) main____ INFO      LANG              : 'en_US.UTF-8'
2026-02-23 13:47:17.213223 (935735) main____ INFO      LM_LICENSE_FILE   : '5280@license.rc.princeton.edu'
2026-02-23 13:47:17.213228 (935735) main____ INFO      TMPDIR            : '/tmp/ab2113/jg_5018894_35'
2026-02-23 13:47:17.213232 (935735) main____ INFO    ----------------------------------------
2026-02-23 13:47:17.213637 (935735) lic_core INFO    Initializing license system ...
2026-02-23 13:47:17.214432 (935735) lic_core INFO    ... license system initialized.
2026-02-23 13:47:17.215122 (935735) lic__man INFO    Claim 'fpv' for <ui>.
2026-02-23 13:47:17.215156 (935735) lic_core INFO    (1) checking out 'jasper_fpv' ...
2026-02-23 13:47:17.220368 (935735) lic_core INFO    ... (1) checkout failed (error: -5) ("FLEXnet ERROR(-5, 0, 0): No such feature exists.")
2026-02-23 13:47:17.220406 (935735) lic_core INFO    (2) checking out 'jasper_fao' ...
2026-02-23 13:47:17.230095 (935735) lic_core INFO    ... (2) checkout succeeded
2026-02-23 13:47:17.243347 (935735) session_ INFO    Starting analysis session with session id 'session_0' (launcher: <local>) ...
2026-02-23 13:47:17.245903 (935735) session_ INFO    Analysis session with session id 'session_0' started (pid: 935743)
2026-02-23 13:47:17.863426 (935735) session_ INFO    Analysis session 'session_0' connected to the console (host: 127.0.0.1:50178)
2026-02-23 13:47:18.399180 (935735) main____ INFO    About to exit: request to exit with status 1 received from analysis session 'session_0'
2026-02-23 13:47:18.468857 (935735) session_ INFO    Analysis session 'session_0' disconnected.
2026-02-23 13:47:18.468979 (935735) lic__man INFO    Unclaim everything for 'session_0'.
2026-02-23 13:47:18.469494 (935735) session_ INFO    Process for analysis session 'session_0' has exited with exit status '1'.
2026-02-23 13:47:20.492210 (935735) lic_core INFO    (2) checkin jasper_fao
2026-02-23 13:47:20.493679 (935735) main____ INFO    Exiting with status 1.
