2026-02-23 13:46:09.320820 (923793) main____ INFO    ----------------------------------------
2026-02-23 13:46:09.320900 (923793) main____ INFO    JasperGold version info
2026-02-23 13:46:09.320915 (923793) main____ INFO      tool      : JasperGold 2021.03
2026-02-23 13:46:09.320923 (923793) main____ INFO      version   : 2021.03 FCS 64 bits
2026-02-23 13:46:09.320929 (923793) main____ INFO      build date: 2021.03.23 02:50:43 UTC
2026-02-23 13:46:09.320935 (923793) main____ INFO    ----------------------------------------
2026-02-23 13:46:09.320940 (923793) main____ INFO    Runtime info:
2026-02-23 13:46:09.320945 (923793) main____ INFO      platform  : Linux 5.14.0-570.84.1.el9_6.x86_64 x86_64
2026-02-23 13:46:09.320951 (923793) main____ INFO      hostname  : della-h14n16
2026-02-23 13:46:09.320956 (923793) main____ INFO      pid       : 923793
2026-02-23 13:46:09.320962 (923793) main____ INFO      arguments : '-style' 'windows' '-batch' '-proj' './verification_results/02285/jgproject' '-tcl' './jasper_verif_check.tcl'
2026-02-23 13:46:09.320971 (923793) main____ INFO      locale    : UTF-8
2026-02-23 13:46:09.320976 (923793) main____ INFO    ----------------------------------------
2026-02-23 13:46:09.320982 (923793) main____ INFO    System resource limits info:
2026-02-23 13:46:09.320987 (923793) main____ INFO      virtual memory: unlimited
2026-02-23 13:46:09.320993 (923793) main____ INFO      cpu time      : unlimited
2026-02-23 13:46:09.320998 (923793) main____ INFO      stack size    : unlimited
2026-02-23 13:46:09.321004 (923793) main____ INFO      core file size: unlimited
2026-02-23 13:46:09.321012 (923793) main____ INFO      open files    : 131072
2026-02-23 13:46:09.321017 (923793) main____ INFO      file size     : unlimited
2026-02-23 13:46:09.321022 (923793) main____ INFO    ----------------------------------------
2026-02-23 13:46:09.321028 (923793) main____ INFO    Memory statistics:
2026-02-23 13:46:09.321034 (923793) main____ INFO      total physical memory  : 1584164324 kB
2026-02-23 13:46:09.321039 (923793) main____ INFO      free physical memory   : 928023452 kB
2026-02-23 13:46:09.321044 (923793) main____ INFO      committed address space: 445737008 kB
2026-02-23 13:46:09.321050 (923793) main____ INFO    ----------------------------------------
2026-02-23 13:46:09.321576 (923793) main____ INFO    Important environment variables:
2026-02-23 13:46:09.321599 (923793) main____ INFO      JASPER_HOME       : '/usr/licensed/cadence-20210126/jasper_2021.03'
2026-02-23 13:46:09.321606 (923793) main____ INFO      JASPER_INSTALL_DIR: '/scratch/gpfs/LICENSED/x86_64/cadence-20210126/jasper_2021.03'
2026-02-23 13:46:09.321612 (923793) main____ INFO      LANG              : 'en_US.UTF-8'
2026-02-23 13:46:09.321617 (923793) main____ INFO      LM_LICENSE_FILE   : '5280@license.rc.princeton.edu'
2026-02-23 13:46:09.321623 (923793) main____ INFO      TMPDIR            : '/tmp/ab2113/jg_5018903_38'
2026-02-23 13:46:09.321629 (923793) main____ INFO    ----------------------------------------
2026-02-23 13:46:09.322115 (923793) lic_core INFO    Initializing license system ...
2026-02-23 13:46:09.322685 (923793) lic_core INFO    ... license system initialized.
2026-02-23 13:46:09.323470 (923793) lic__man INFO    Claim 'fpv' for <ui>.
2026-02-23 13:46:09.323506 (923793) lic_core INFO    (1) checking out 'jasper_fpv' ...
2026-02-23 13:46:09.329385 (923793) lic_core INFO    ... (1) checkout failed (error: -5) ("FLEXnet ERROR(-5, 0, 0): No such feature exists.")
2026-02-23 13:46:09.329415 (923793) lic_core INFO    (2) checking out 'jasper_fao' ...
2026-02-23 13:46:09.338306 (923793) lic_core INFO    ... (2) checkout succeeded
2026-02-23 13:46:09.350256 (923793) session_ INFO    Starting analysis session with session id 'session_0' (launcher: <local>) ...
2026-02-23 13:46:09.353315 (923793) session_ INFO    Analysis session with session id 'session_0' started (pid: 923801)
2026-02-23 13:46:09.983665 (923793) session_ INFO    Analysis session 'session_0' connected to the console (host: 127.0.0.1:56008)
2026-02-23 13:46:10.932797 (923793) lic__man INFO    Unclaim everything for 'session_0'.
2026-02-23 13:46:11.114975 (923793) main____ INFO    About to exit: request to exit with status 3 received from analysis session 'session_0'
2026-02-23 13:46:11.237482 (923793) session_ INFO    Analysis session 'session_0' disconnected.
2026-02-23 13:46:11.237668 (923793) lic__man INFO    Unclaim everything for 'session_0'.
2026-02-23 13:46:11.239050 (923793) session_ INFO    Process for analysis session 'session_0' has exited with exit status '3'.
2026-02-23 13:46:13.092520 (923793) lic_core INFO    (2) checkin jasper_fao
2026-02-23 13:46:13.094181 (923793) main____ INFO    Exiting with status 3.
