2026-02-20 17:49:30.825096 (2555952) main____ INFO    ----------------------------------------
2026-02-20 17:49:30.825218 (2555952) main____ INFO    JasperGold version info
2026-02-20 17:49:30.825240 (2555952) main____ INFO      tool      : JasperGold 2021.03
2026-02-20 17:49:30.825250 (2555952) main____ INFO      version   : 2021.03 FCS 64 bits
2026-02-20 17:49:30.825256 (2555952) main____ INFO      build date: 2021.03.23 02:50:43 UTC
2026-02-20 17:49:30.825261 (2555952) main____ INFO    ----------------------------------------
2026-02-20 17:49:30.825265 (2555952) main____ INFO    Runtime info:
2026-02-20 17:49:30.825270 (2555952) main____ INFO      platform  : Linux 5.14.0-570.84.1.el9_6.x86_64 x86_64
2026-02-20 17:49:30.825276 (2555952) main____ INFO      hostname  : della-i13n22
2026-02-20 17:49:30.825281 (2555952) main____ INFO      pid       : 2555952
2026-02-20 17:49:30.825285 (2555952) main____ INFO      arguments : '-style' 'windows' '-batch' '-proj' 'verification_results/00481/jgproject' '-tcl' './jasper_verif_check.tcl'
2026-02-20 17:49:30.825293 (2555952) main____ INFO      locale    : UTF-8
2026-02-20 17:49:30.825297 (2555952) main____ INFO    ----------------------------------------
2026-02-20 17:49:30.825302 (2555952) main____ INFO    System resource limits info:
2026-02-20 17:49:30.825307 (2555952) main____ INFO      virtual memory: unlimited
2026-02-20 17:49:30.825311 (2555952) main____ INFO      cpu time      : unlimited
2026-02-20 17:49:30.825315 (2555952) main____ INFO      stack size    : unlimited
2026-02-20 17:49:30.825319 (2555952) main____ INFO      core file size: unlimited
2026-02-20 17:49:30.825328 (2555952) main____ INFO      open files    : 131072
2026-02-20 17:49:30.825332 (2555952) main____ INFO      file size     : unlimited
2026-02-20 17:49:30.825336 (2555952) main____ INFO    ----------------------------------------
2026-02-20 17:49:30.825339 (2555952) main____ INFO    Memory statistics:
2026-02-20 17:49:30.825344 (2555952) main____ INFO      total physical memory  : 394157548 kB
2026-02-20 17:49:30.825348 (2555952) main____ INFO      free physical memory   : 187346536 kB
2026-02-20 17:49:30.825351 (2555952) main____ INFO      committed address space: 171406812 kB
2026-02-20 17:49:30.825355 (2555952) main____ INFO    ----------------------------------------
2026-02-20 17:49:30.826241 (2555952) main____ INFO    Important environment variables:
2026-02-20 17:49:30.826261 (2555952) main____ INFO      JASPER_HOME       : '/usr/licensed/cadence-20210126/jasper_2021.03'
2026-02-20 17:49:30.826267 (2555952) main____ INFO      JASPER_INSTALL_DIR: '/scratch/gpfs/LICENSED/x86_64/cadence-20210126/jasper_2021.03'
2026-02-20 17:49:30.826273 (2555952) main____ INFO      LANG              : 'en_US.UTF-8'
2026-02-20 17:49:30.826278 (2555952) main____ INFO      LM_LICENSE_FILE   : '5280@license.rc.princeton.edu'
2026-02-20 17:49:30.826282 (2555952) main____ INFO      TMPDIR            : '/tmp'
2026-02-20 17:49:30.826287 (2555952) main____ INFO    ----------------------------------------
2026-02-20 17:49:30.826828 (2555952) lic_core INFO    Initializing license system ...
2026-02-20 17:49:30.827767 (2555952) lic_core INFO    ... license system initialized.
2026-02-20 17:49:30.828575 (2555952) lic__man INFO    Claim 'fpv' for <ui>.
2026-02-20 17:49:30.828620 (2555952) lic_core INFO    (1) checking out 'jasper_fpv' ...
2026-02-20 17:49:30.834274 (2555952) lic_core INFO    ... (1) checkout failed (error: -5) ("FLEXnet ERROR(-5, 0, 0): No such feature exists.")
2026-02-20 17:49:30.834335 (2555952) lic_core INFO    (2) checking out 'jasper_fao' ...
2026-02-20 17:49:30.844698 (2555952) lic_core INFO    ... (2) checkout succeeded
2026-02-20 17:49:30.860258 (2555952) session_ INFO    Starting analysis session with session id 'session_0' (launcher: <local>) ...
2026-02-20 17:49:30.863993 (2555952) session_ INFO    Analysis session with session id 'session_0' started (pid: 2555960)
2026-02-20 17:49:31.621040 (2555952) session_ INFO    Analysis session 'session_0' connected to the console (host: 127.0.0.1:38436)
2026-02-20 17:49:32.295496 (2555952) main____ INFO    About to exit: request to exit with status 1 received from analysis session 'session_0'
2026-02-20 17:49:32.383416 (2555952) session_ INFO    Analysis session 'session_0' disconnected.
2026-02-20 17:49:32.383562 (2555952) lic__man INFO    Unclaim everything for 'session_0'.
2026-02-20 17:49:32.384199 (2555952) session_ INFO    Process for analysis session 'session_0' has exited with exit status '1'.
2026-02-20 17:49:34.400697 (2555952) lic_core INFO    (2) checkin jasper_fao
2026-02-20 17:49:34.402394 (2555952) main____ INFO    Exiting with status 1.
