2026-02-23 13:38:56.661085 (1675014) main____ INFO    ----------------------------------------
2026-02-23 13:38:56.661171 (1675014) main____ INFO    JasperGold version info
2026-02-23 13:38:56.661187 (1675014) main____ INFO      tool      : JasperGold 2021.03
2026-02-23 13:38:56.661195 (1675014) main____ INFO      version   : 2021.03 FCS 64 bits
2026-02-23 13:38:56.661201 (1675014) main____ INFO      build date: 2021.03.23 02:50:43 UTC
2026-02-23 13:38:56.661206 (1675014) main____ INFO    ----------------------------------------
2026-02-23 13:38:56.661211 (1675014) main____ INFO    Runtime info:
2026-02-23 13:38:56.661216 (1675014) main____ INFO      platform  : Linux 5.14.0-570.84.1.el9_6.x86_64 x86_64
2026-02-23 13:38:56.661222 (1675014) main____ INFO      hostname  : della-h14n7
2026-02-23 13:38:56.661233 (1675014) main____ INFO      pid       : 1675014
2026-02-23 13:38:56.661238 (1675014) main____ INFO      arguments : '-style' 'windows' '-batch' '-proj' './verification_results/00648/jgproject' '-tcl' './jasper_verif_check.tcl'
2026-02-23 13:38:56.661245 (1675014) main____ INFO      locale    : UTF-8
2026-02-23 13:38:56.661250 (1675014) main____ INFO    ----------------------------------------
2026-02-23 13:38:56.661255 (1675014) main____ INFO    System resource limits info:
2026-02-23 13:38:56.661260 (1675014) main____ INFO      virtual memory: unlimited
2026-02-23 13:38:56.661265 (1675014) main____ INFO      cpu time      : unlimited
2026-02-23 13:38:56.661270 (1675014) main____ INFO      stack size    : unlimited
2026-02-23 13:38:56.661274 (1675014) main____ INFO      core file size: unlimited
2026-02-23 13:38:56.661281 (1675014) main____ INFO      open files    : 131072
2026-02-23 13:38:56.661286 (1675014) main____ INFO      file size     : unlimited
2026-02-23 13:38:56.661291 (1675014) main____ INFO    ----------------------------------------
2026-02-23 13:38:56.661295 (1675014) main____ INFO    Memory statistics:
2026-02-23 13:38:56.661300 (1675014) main____ INFO      total physical memory  : 1584164356 kB
2026-02-23 13:38:56.661305 (1675014) main____ INFO      free physical memory   : 817600876 kB
2026-02-23 13:38:56.661310 (1675014) main____ INFO      committed address space: 594123556 kB
2026-02-23 13:38:56.661315 (1675014) main____ INFO    ----------------------------------------
2026-02-23 13:38:56.661832 (1675014) main____ INFO    Important environment variables:
2026-02-23 13:38:56.661844 (1675014) main____ INFO      JASPER_HOME       : '/usr/licensed/cadence-20210126/jasper_2021.03'
2026-02-23 13:38:56.661850 (1675014) main____ INFO      JASPER_INSTALL_DIR: '/scratch/gpfs/LICENSED/x86_64/cadence-20210126/jasper_2021.03'
2026-02-23 13:38:56.661856 (1675014) main____ INFO      LANG              : 'en_US.UTF-8'
2026-02-23 13:38:56.661861 (1675014) main____ INFO      LM_LICENSE_FILE   : '5280@license.rc.princeton.edu'
2026-02-23 13:38:56.661867 (1675014) main____ INFO      TMPDIR            : '/tmp/ab2113/jg_5018707_5'
2026-02-23 13:38:56.661871 (1675014) main____ INFO    ----------------------------------------
2026-02-23 13:38:56.662310 (1675014) lic_core INFO    Initializing license system ...
2026-02-23 13:38:56.662748 (1675014) lic_core INFO    ... license system initialized.
2026-02-23 13:38:56.663564 (1675014) lic__man INFO    Claim 'fpv' for <ui>.
2026-02-23 13:38:56.663595 (1675014) lic_core INFO    (1) checking out 'jasper_fpv' ...
2026-02-23 13:38:56.669190 (1675014) lic_core INFO    ... (1) checkout failed (error: -5) ("FLEXnet ERROR(-5, 0, 0): No such feature exists.")
2026-02-23 13:38:56.669215 (1675014) lic_core INFO    (2) checking out 'jasper_fao' ...
2026-02-23 13:38:56.677959 (1675014) lic_core INFO    ... (2) checkout succeeded
2026-02-23 13:38:56.688708 (1675014) session_ INFO    Starting analysis session with session id 'session_0' (launcher: <local>) ...
2026-02-23 13:38:56.691208 (1675014) session_ INFO    Analysis session with session id 'session_0' started (pid: 1675036)
2026-02-23 13:38:57.210489 (1675014) session_ INFO    Analysis session 'session_0' connected to the console (host: 127.0.0.1:48080)
2026-02-23 13:38:57.947358 (1675014) lic__man INFO    Unclaim everything for 'session_0'.
2026-02-23 13:38:58.002304 (1675014) main____ INFO    About to exit: request to exit with status 3 received from analysis session 'session_0'
2026-02-23 13:38:58.047091 (1675014) session_ INFO    Analysis session 'session_0' disconnected.
2026-02-23 13:38:58.047203 (1675014) lic__man INFO    Unclaim everything for 'session_0'.
2026-02-23 13:38:58.047877 (1675014) session_ INFO    Process for analysis session 'session_0' has exited with exit status '3'.
2026-02-23 13:39:00.077788 (1675014) lic_core INFO    (2) checkin jasper_fao
2026-02-23 13:39:00.079374 (1675014) main____ INFO    Exiting with status 3.
