2026-02-23 13:48:41.799250 (1150276) main____ INFO    ----------------------------------------
2026-02-23 13:48:41.799348 (1150276) main____ INFO    JasperGold version info
2026-02-23 13:48:41.799367 (1150276) main____ INFO      tool      : JasperGold 2021.03
2026-02-23 13:48:41.799375 (1150276) main____ INFO      version   : 2021.03 FCS 64 bits
2026-02-23 13:48:41.799380 (1150276) main____ INFO      build date: 2021.03.23 02:50:43 UTC
2026-02-23 13:48:41.799384 (1150276) main____ INFO    ----------------------------------------
2026-02-23 13:48:41.799388 (1150276) main____ INFO    Runtime info:
2026-02-23 13:48:41.799392 (1150276) main____ INFO      platform  : Linux 5.14.0-570.84.1.el9_6.x86_64 x86_64
2026-02-23 13:48:41.799398 (1150276) main____ INFO      hostname  : della-i13n20
2026-02-23 13:48:41.799402 (1150276) main____ INFO      pid       : 1150276
2026-02-23 13:48:41.799406 (1150276) main____ INFO      arguments : '-style' 'windows' '-batch' '-proj' './verification_results/02793/jgproject' '-tcl' './jasper_verif_check.tcl'
2026-02-23 13:48:41.799413 (1150276) main____ INFO      locale    : UTF-8
2026-02-23 13:48:41.799417 (1150276) main____ INFO    ----------------------------------------
2026-02-23 13:48:41.799421 (1150276) main____ INFO    System resource limits info:
2026-02-23 13:48:41.799425 (1150276) main____ INFO      virtual memory: unlimited
2026-02-23 13:48:41.799428 (1150276) main____ INFO      cpu time      : unlimited
2026-02-23 13:48:41.799432 (1150276) main____ INFO      stack size    : unlimited
2026-02-23 13:48:41.799436 (1150276) main____ INFO      core file size: unlimited
2026-02-23 13:48:41.799444 (1150276) main____ INFO      open files    : 131072
2026-02-23 13:48:41.799448 (1150276) main____ INFO      file size     : unlimited
2026-02-23 13:48:41.799452 (1150276) main____ INFO    ----------------------------------------
2026-02-23 13:48:41.799455 (1150276) main____ INFO    Memory statistics:
2026-02-23 13:48:41.799459 (1150276) main____ INFO      total physical memory  : 394157552 kB
2026-02-23 13:48:41.799463 (1150276) main____ INFO      free physical memory   : 198784900 kB
2026-02-23 13:48:41.799467 (1150276) main____ INFO      committed address space: 145138052 kB
2026-02-23 13:48:41.799470 (1150276) main____ INFO    ----------------------------------------
2026-02-23 13:48:41.800384 (1150276) main____ INFO    Important environment variables:
2026-02-23 13:48:41.800401 (1150276) main____ INFO      JASPER_HOME       : '/usr/licensed/cadence-20210126/jasper_2021.03'
2026-02-23 13:48:41.800407 (1150276) main____ INFO      JASPER_INSTALL_DIR: '/scratch/gpfs/LICENSED/x86_64/cadence-20210126/jasper_2021.03'
2026-02-23 13:48:41.800412 (1150276) main____ INFO      LANG              : 'en_US.UTF-8'
2026-02-23 13:48:41.800417 (1150276) main____ INFO      LM_LICENSE_FILE   : '5280@license.rc.princeton.edu'
2026-02-23 13:48:41.800421 (1150276) main____ INFO      TMPDIR            : '/tmp/ab2113/jg_5018948_48'
2026-02-23 13:48:41.800425 (1150276) main____ INFO    ----------------------------------------
2026-02-23 13:48:41.800949 (1150276) lic_core INFO    Initializing license system ...
2026-02-23 13:48:41.801869 (1150276) lic_core INFO    ... license system initialized.
2026-02-23 13:48:41.802692 (1150276) lic__man INFO    Claim 'fpv' for <ui>.
2026-02-23 13:48:41.802737 (1150276) lic_core INFO    (1) checking out 'jasper_fpv' ...
2026-02-23 13:48:41.809368 (1150276) lic_core INFO    ... (1) checkout failed (error: -5) ("FLEXnet ERROR(-5, 0, 0): No such feature exists.")
2026-02-23 13:48:41.809425 (1150276) lic_core INFO    (2) checking out 'jasper_fao' ...
2026-02-23 13:48:41.819701 (1150276) lic_core INFO    ... (2) checkout succeeded
2026-02-23 13:48:41.833662 (1150276) session_ INFO    Starting analysis session with session id 'session_0' (launcher: <local>) ...
2026-02-23 13:48:41.836871 (1150276) session_ INFO    Analysis session with session id 'session_0' started (pid: 1150284)
2026-02-23 13:48:42.558046 (1150276) session_ INFO    Analysis session 'session_0' connected to the console (host: 127.0.0.1:47850)
2026-02-23 13:48:43.394596 (1150276) lic__man INFO    Unclaim everything for 'session_0'.
2026-02-23 13:48:43.439871 (1150276) lic__man INFO    Claim 'fpv' for 'session_0'.
2026-02-23 13:48:43.439925 (1150276) lic__man INFO    Claim 'fpv' for 'session_0/prove-0'.
2026-02-23 13:48:43.572879 (1150276) lic__man INFO    Unclaim everything for 'session_0/prove-0'.
2026-02-23 13:48:43.629252 (1150276) main____ INFO    About to exit: request to exit with status 0 received from analysis session 'session_0'
2026-02-23 13:48:43.719079 (1150276) session_ INFO    Analysis session 'session_0' disconnected.
2026-02-23 13:48:43.719207 (1150276) lic__man INFO    Unclaim everything for 'session_0'.
2026-02-23 13:48:43.719791 (1150276) session_ INFO    Process for analysis session 'session_0' has exited with exit status '0'.
2026-02-23 13:48:45.549060 (1150276) lic_core INFO    (2) checkin jasper_fao
2026-02-23 13:48:45.550320 (1150276) main____ INFO    Exiting with status 0.
