2026-02-23 13:43:14.866445 (4143782) main____ INFO    ----------------------------------------
2026-02-23 13:43:14.866543 (4143782) main____ INFO    JasperGold version info
2026-02-23 13:43:14.866562 (4143782) main____ INFO      tool      : JasperGold 2021.03
2026-02-23 13:43:14.866570 (4143782) main____ INFO      version   : 2021.03 FCS 64 bits
2026-02-23 13:43:14.866576 (4143782) main____ INFO      build date: 2021.03.23 02:50:43 UTC
2026-02-23 13:43:14.866581 (4143782) main____ INFO    ----------------------------------------
2026-02-23 13:43:14.866585 (4143782) main____ INFO    Runtime info:
2026-02-23 13:43:14.866590 (4143782) main____ INFO      platform  : Linux 5.14.0-570.84.1.el9_6.x86_64 x86_64
2026-02-23 13:43:14.866596 (4143782) main____ INFO      hostname  : della-r3c2n12
2026-02-23 13:43:14.866601 (4143782) main____ INFO      pid       : 4143782
2026-02-23 13:43:14.866606 (4143782) main____ INFO      arguments : '-style' 'windows' '-batch' '-proj' './verification_results/01771/jgproject' '-tcl' './jasper_verif_check.tcl'
2026-02-23 13:43:14.866613 (4143782) main____ INFO      locale    : UTF-8
2026-02-23 13:43:14.866618 (4143782) main____ INFO    ----------------------------------------
2026-02-23 13:43:14.866622 (4143782) main____ INFO    System resource limits info:
2026-02-23 13:43:14.866626 (4143782) main____ INFO      virtual memory: unlimited
2026-02-23 13:43:14.866631 (4143782) main____ INFO      cpu time      : unlimited
2026-02-23 13:43:14.866635 (4143782) main____ INFO      stack size    : unlimited
2026-02-23 13:43:14.866640 (4143782) main____ INFO      core file size: unlimited
2026-02-23 13:43:14.866646 (4143782) main____ INFO      open files    : 131072
2026-02-23 13:43:14.866651 (4143782) main____ INFO      file size     : unlimited
2026-02-23 13:43:14.866655 (4143782) main____ INFO    ----------------------------------------
2026-02-23 13:43:14.866659 (4143782) main____ INFO    Memory statistics:
2026-02-23 13:43:14.866664 (4143782) main____ INFO      total physical memory  : 195972072 kB
2026-02-23 13:43:14.866669 (4143782) main____ INFO      free physical memory   : 132979032 kB
2026-02-23 13:43:14.866673 (4143782) main____ INFO      committed address space: 38580732 kB
2026-02-23 13:43:14.866677 (4143782) main____ INFO    ----------------------------------------
2026-02-23 13:43:14.867648 (4143782) main____ INFO    Important environment variables:
2026-02-23 13:43:14.867668 (4143782) main____ INFO      JASPER_HOME       : '/usr/licensed/cadence-20210126/jasper_2021.03'
2026-02-23 13:43:14.867675 (4143782) main____ INFO      JASPER_INSTALL_DIR: '/scratch/gpfs/LICENSED/x86_64/cadence-20210126/jasper_2021.03'
2026-02-23 13:43:14.867681 (4143782) main____ INFO      LANG              : 'en_US.UTF-8'
2026-02-23 13:43:14.867686 (4143782) main____ INFO      LM_LICENSE_FILE   : '5280@license.rc.princeton.edu'
2026-02-23 13:43:14.867691 (4143782) main____ INFO      TMPDIR            : '/tmp/ab2113/jg_5018860_28'
2026-02-23 13:43:14.867695 (4143782) main____ INFO    ----------------------------------------
2026-02-23 13:43:14.868529 (4143782) lic_core INFO    Initializing license system ...
2026-02-23 13:43:14.869359 (4143782) lic_core INFO    ... license system initialized.
2026-02-23 13:43:14.870122 (4143782) lic__man INFO    Claim 'fpv' for <ui>.
2026-02-23 13:43:14.870161 (4143782) lic_core INFO    (1) checking out 'jasper_fpv' ...
2026-02-23 13:43:14.876003 (4143782) lic_core INFO    ... (1) checkout failed (error: -5) ("FLEXnet ERROR(-5, 0, 0): No such feature exists.")
2026-02-23 13:43:14.876055 (4143782) lic_core INFO    (2) checking out 'jasper_fao' ...
2026-02-23 13:43:14.886360 (4143782) lic_core INFO    ... (2) checkout succeeded
2026-02-23 13:43:14.900836 (4143782) session_ INFO    Starting analysis session with session id 'session_0' (launcher: <local>) ...
2026-02-23 13:43:14.903630 (4143782) session_ INFO    Analysis session with session id 'session_0' started (pid: 4143790)
2026-02-23 13:43:15.616074 (4143782) session_ INFO    Analysis session 'session_0' connected to the console (host: 127.0.0.1:37646)
2026-02-23 13:43:16.472639 (4143782) lic__man INFO    Unclaim everything for 'session_0'.
2026-02-23 13:43:16.527258 (4143782) lic__man INFO    Claim 'fpv' for 'session_0'.
2026-02-23 13:43:16.527313 (4143782) lic__man INFO    Claim 'fpv' for 'session_0/prove-0'.
2026-02-23 13:43:16.685429 (4143782) lic__man INFO    Unclaim everything for 'session_0/prove-0'.
2026-02-23 13:43:16.742046 (4143782) main____ INFO    About to exit: request to exit with status 0 received from analysis session 'session_0'
2026-02-23 13:43:16.825187 (4143782) session_ INFO    Analysis session 'session_0' disconnected.
2026-02-23 13:43:16.825323 (4143782) lic__man INFO    Unclaim everything for 'session_0'.
2026-02-23 13:43:16.825896 (4143782) session_ INFO    Process for analysis session 'session_0' has exited with exit status '0'.
2026-02-23 13:43:18.650574 (4143782) lic_core INFO    (2) checkin jasper_fao
2026-02-23 13:43:18.652084 (4143782) main____ INFO    Exiting with status 0.
