2026-02-20 18:00:24.828544 (2570219) main____ INFO    ----------------------------------------
2026-02-20 18:00:24.828669 (2570219) main____ INFO    JasperGold version info
2026-02-20 18:00:24.828693 (2570219) main____ INFO      tool      : JasperGold 2021.03
2026-02-20 18:00:24.828704 (2570219) main____ INFO      version   : 2021.03 FCS 64 bits
2026-02-20 18:00:24.828709 (2570219) main____ INFO      build date: 2021.03.23 02:50:43 UTC
2026-02-20 18:00:24.828713 (2570219) main____ INFO    ----------------------------------------
2026-02-20 18:00:24.828717 (2570219) main____ INFO    Runtime info:
2026-02-20 18:00:24.828721 (2570219) main____ INFO      platform  : Linux 5.14.0-570.84.1.el9_6.x86_64 x86_64
2026-02-20 18:00:24.828727 (2570219) main____ INFO      hostname  : della-i13n22
2026-02-20 18:00:24.828732 (2570219) main____ INFO      pid       : 2570219
2026-02-20 18:00:24.828736 (2570219) main____ INFO      arguments : '-style' 'windows' '-batch' '-proj' 'verification_results/00635/jgproject' '-tcl' './jasper_verif_check.tcl'
2026-02-20 18:00:24.828744 (2570219) main____ INFO      locale    : UTF-8
2026-02-20 18:00:24.828748 (2570219) main____ INFO    ----------------------------------------
2026-02-20 18:00:24.828752 (2570219) main____ INFO    System resource limits info:
2026-02-20 18:00:24.828756 (2570219) main____ INFO      virtual memory: unlimited
2026-02-20 18:00:24.828760 (2570219) main____ INFO      cpu time      : unlimited
2026-02-20 18:00:24.828764 (2570219) main____ INFO      stack size    : unlimited
2026-02-20 18:00:24.828768 (2570219) main____ INFO      core file size: unlimited
2026-02-20 18:00:24.828776 (2570219) main____ INFO      open files    : 131072
2026-02-20 18:00:24.828780 (2570219) main____ INFO      file size     : unlimited
2026-02-20 18:00:24.828784 (2570219) main____ INFO    ----------------------------------------
2026-02-20 18:00:24.828787 (2570219) main____ INFO    Memory statistics:
2026-02-20 18:00:24.828792 (2570219) main____ INFO      total physical memory  : 394157548 kB
2026-02-20 18:00:24.828795 (2570219) main____ INFO      free physical memory   : 183572652 kB
2026-02-20 18:00:24.828799 (2570219) main____ INFO      committed address space: 175279816 kB
2026-02-20 18:00:24.828802 (2570219) main____ INFO    ----------------------------------------
2026-02-20 18:00:24.829709 (2570219) main____ INFO    Important environment variables:
2026-02-20 18:00:24.829728 (2570219) main____ INFO      JASPER_HOME       : '/usr/licensed/cadence-20210126/jasper_2021.03'
2026-02-20 18:00:24.829734 (2570219) main____ INFO      JASPER_INSTALL_DIR: '/scratch/gpfs/LICENSED/x86_64/cadence-20210126/jasper_2021.03'
2026-02-20 18:00:24.829739 (2570219) main____ INFO      LANG              : 'en_US.UTF-8'
2026-02-20 18:00:24.829744 (2570219) main____ INFO      LM_LICENSE_FILE   : '5280@license.rc.princeton.edu'
2026-02-20 18:00:24.829749 (2570219) main____ INFO      TMPDIR            : '/tmp'
2026-02-20 18:00:24.829753 (2570219) main____ INFO    ----------------------------------------
2026-02-20 18:00:24.830785 (2570219) lic_core INFO    Initializing license system ...
2026-02-20 18:00:24.831314 (2570219) lic_core INFO    ... license system initialized.
2026-02-20 18:00:24.832198 (2570219) lic__man INFO    Claim 'fpv' for <ui>.
2026-02-20 18:00:24.832247 (2570219) lic_core INFO    (1) checking out 'jasper_fpv' ...
2026-02-20 18:00:24.837492 (2570219) lic_core INFO    ... (1) checkout failed (error: -5) ("FLEXnet ERROR(-5, 0, 0): No such feature exists.")
2026-02-20 18:00:24.837561 (2570219) lic_core INFO    (2) checking out 'jasper_fao' ...
2026-02-20 18:00:24.847283 (2570219) lic_core INFO    ... (2) checkout succeeded
2026-02-20 18:00:24.861781 (2570219) session_ INFO    Starting analysis session with session id 'session_0' (launcher: <local>) ...
2026-02-20 18:00:24.865212 (2570219) session_ INFO    Analysis session with session id 'session_0' started (pid: 2570227)
2026-02-20 18:00:25.619894 (2570219) session_ INFO    Analysis session 'session_0' connected to the console (host: 127.0.0.1:45478)
2026-02-20 18:00:38.627506 (2570219) main____ INFO    About to exit: request to exit with status 1 received from analysis session 'session_0'
2026-02-20 18:00:38.729810 (2570219) session_ INFO    Analysis session 'session_0' disconnected.
2026-02-20 18:00:38.729958 (2570219) lic__man INFO    Unclaim everything for 'session_0'.
2026-02-20 18:00:38.730599 (2570219) session_ INFO    Process for analysis session 'session_0' has exited with exit status '1'.
2026-02-20 18:00:40.538826 (2570219) lic_core INFO    (2) checkin jasper_fao
2026-02-20 18:00:40.540325 (2570219) main____ INFO    Exiting with status 1.
