2026-02-23 13:41:38.285305 (2873221) main____ INFO    ----------------------------------------
2026-02-23 13:41:38.285376 (2873221) main____ INFO    JasperGold version info
2026-02-23 13:41:38.285392 (2873221) main____ INFO      tool      : JasperGold 2021.03
2026-02-23 13:41:38.285400 (2873221) main____ INFO      version   : 2021.03 FCS 64 bits
2026-02-23 13:41:38.285405 (2873221) main____ INFO      build date: 2021.03.23 02:50:43 UTC
2026-02-23 13:41:38.285410 (2873221) main____ INFO    ----------------------------------------
2026-02-23 13:41:38.285415 (2873221) main____ INFO    Runtime info:
2026-02-23 13:41:38.285421 (2873221) main____ INFO      platform  : Linux 5.14.0-570.84.1.el9_6.x86_64 x86_64
2026-02-23 13:41:38.285428 (2873221) main____ INFO      hostname  : della-h16n9
2026-02-23 13:41:38.285434 (2873221) main____ INFO      pid       : 2873221
2026-02-23 13:41:38.285440 (2873221) main____ INFO      arguments : '-style' 'windows' '-batch' '-proj' './verification_results/01299/jgproject' '-tcl' './jasper_verif_check.tcl'
2026-02-23 13:41:38.285448 (2873221) main____ INFO      locale    : UTF-8
2026-02-23 13:41:38.285452 (2873221) main____ INFO    ----------------------------------------
2026-02-23 13:41:38.285459 (2873221) main____ INFO    System resource limits info:
2026-02-23 13:41:38.285464 (2873221) main____ INFO      virtual memory: unlimited
2026-02-23 13:41:38.285469 (2873221) main____ INFO      cpu time      : unlimited
2026-02-23 13:41:38.285475 (2873221) main____ INFO      stack size    : unlimited
2026-02-23 13:41:38.285480 (2873221) main____ INFO      core file size: unlimited
2026-02-23 13:41:38.285487 (2873221) main____ INFO      open files    : 131072
2026-02-23 13:41:38.285492 (2873221) main____ INFO      file size     : unlimited
2026-02-23 13:41:38.285497 (2873221) main____ INFO    ----------------------------------------
2026-02-23 13:41:38.285502 (2873221) main____ INFO    Memory statistics:
2026-02-23 13:41:38.285507 (2873221) main____ INFO      total physical memory  : 1584164368 kB
2026-02-23 13:41:38.285513 (2873221) main____ INFO      free physical memory   : 833089044 kB
2026-02-23 13:41:38.285518 (2873221) main____ INFO      committed address space: 654458396 kB
2026-02-23 13:41:38.285523 (2873221) main____ INFO    ----------------------------------------
2026-02-23 13:41:38.286068 (2873221) main____ INFO    Important environment variables:
2026-02-23 13:41:38.286083 (2873221) main____ INFO      JASPER_HOME       : '/usr/licensed/cadence-20210126/jasper_2021.03'
2026-02-23 13:41:38.286089 (2873221) main____ INFO      JASPER_INSTALL_DIR: '/scratch/gpfs/LICENSED/x86_64/cadence-20210126/jasper_2021.03'
2026-02-23 13:41:38.286095 (2873221) main____ INFO      LANG              : 'en_US.UTF-8'
2026-02-23 13:41:38.286101 (2873221) main____ INFO      LM_LICENSE_FILE   : '5280@license.rc.princeton.edu'
2026-02-23 13:41:38.286107 (2873221) main____ INFO      TMPDIR            : '/tmp/ab2113/jg_5018829_18'
2026-02-23 13:41:38.286113 (2873221) main____ INFO    ----------------------------------------
2026-02-23 13:41:38.286619 (2873221) lic_core INFO    Initializing license system ...
2026-02-23 13:41:38.287168 (2873221) lic_core INFO    ... license system initialized.
2026-02-23 13:41:38.287962 (2873221) lic__man INFO    Claim 'fpv' for <ui>.
2026-02-23 13:41:38.287996 (2873221) lic_core INFO    (1) checking out 'jasper_fpv' ...
2026-02-23 13:41:38.293521 (2873221) lic_core INFO    ... (1) checkout failed (error: -5) ("FLEXnet ERROR(-5, 0, 0): No such feature exists.")
2026-02-23 13:41:38.293548 (2873221) lic_core INFO    (2) checking out 'jasper_fao' ...
2026-02-23 13:41:38.302348 (2873221) lic_core INFO    ... (2) checkout succeeded
2026-02-23 13:41:38.313021 (2873221) session_ INFO    Starting analysis session with session id 'session_0' (launcher: <local>) ...
2026-02-23 13:41:38.315723 (2873221) session_ INFO    Analysis session with session id 'session_0' started (pid: 2873252)
2026-02-23 13:41:38.884624 (2873221) session_ INFO    Analysis session 'session_0' connected to the console (host: 127.0.0.1:54446)
2026-02-23 13:41:39.390973 (2873221) main____ INFO    About to exit: request to exit with status 1 received from analysis session 'session_0'
2026-02-23 13:41:39.441608 (2873221) session_ INFO    Analysis session 'session_0' disconnected.
2026-02-23 13:41:39.441735 (2873221) lic__man INFO    Unclaim everything for 'session_0'.
2026-02-23 13:41:39.442474 (2873221) session_ INFO    Process for analysis session 'session_0' has exited with exit status '1'.
2026-02-23 13:41:41.294626 (2873221) lic_core INFO    (2) checkin jasper_fao
2026-02-23 13:41:41.296048 (2873221) main____ INFO    Exiting with status 1.
