2026-02-23 13:46:18.706761 (934271) main____ INFO    ----------------------------------------
2026-02-23 13:46:18.706834 (934271) main____ INFO    JasperGold version info
2026-02-23 13:46:18.706851 (934271) main____ INFO      tool      : JasperGold 2021.03
2026-02-23 13:46:18.706858 (934271) main____ INFO      version   : 2021.03 FCS 64 bits
2026-02-23 13:46:18.706863 (934271) main____ INFO      build date: 2021.03.23 02:50:43 UTC
2026-02-23 13:46:18.706867 (934271) main____ INFO    ----------------------------------------
2026-02-23 13:46:18.706871 (934271) main____ INFO    Runtime info:
2026-02-23 13:46:18.706875 (934271) main____ INFO      platform  : Linux 5.14.0-570.84.1.el9_6.x86_64 x86_64
2026-02-23 13:46:18.706881 (934271) main____ INFO      hostname  : della-i13n12
2026-02-23 13:46:18.706885 (934271) main____ INFO      pid       : 934271
2026-02-23 13:46:18.706889 (934271) main____ INFO      arguments : '-style' 'windows' '-batch' '-proj' './verification_results/02147/jgproject' '-tcl' './jasper_verif_check.tcl'
2026-02-23 13:46:18.706896 (934271) main____ INFO      locale    : UTF-8
2026-02-23 13:46:18.706900 (934271) main____ INFO    ----------------------------------------
2026-02-23 13:46:18.706904 (934271) main____ INFO    System resource limits info:
2026-02-23 13:46:18.706908 (934271) main____ INFO      virtual memory: unlimited
2026-02-23 13:46:18.706912 (934271) main____ INFO      cpu time      : unlimited
2026-02-23 13:46:18.706916 (934271) main____ INFO      stack size    : unlimited
2026-02-23 13:46:18.706920 (934271) main____ INFO      core file size: unlimited
2026-02-23 13:46:18.706926 (934271) main____ INFO      open files    : 131072
2026-02-23 13:46:18.706930 (934271) main____ INFO      file size     : unlimited
2026-02-23 13:46:18.706934 (934271) main____ INFO    ----------------------------------------
2026-02-23 13:46:18.706938 (934271) main____ INFO    Memory statistics:
2026-02-23 13:46:18.706942 (934271) main____ INFO      total physical memory  : 394157548 kB
2026-02-23 13:46:18.706945 (934271) main____ INFO      free physical memory   : 227792104 kB
2026-02-23 13:46:18.706949 (934271) main____ INFO      committed address space: 109124468 kB
2026-02-23 13:46:18.706952 (934271) main____ INFO    ----------------------------------------
2026-02-23 13:46:18.707833 (934271) main____ INFO    Important environment variables:
2026-02-23 13:46:18.707848 (934271) main____ INFO      JASPER_HOME       : '/usr/licensed/cadence-20210126/jasper_2021.03'
2026-02-23 13:46:18.707854 (934271) main____ INFO      JASPER_INSTALL_DIR: '/scratch/gpfs/LICENSED/x86_64/cadence-20210126/jasper_2021.03'
2026-02-23 13:46:18.707858 (934271) main____ INFO      LANG              : 'en_US.UTF-8'
2026-02-23 13:46:18.707863 (934271) main____ INFO      LM_LICENSE_FILE   : '5280@license.rc.princeton.edu'
2026-02-23 13:46:18.707868 (934271) main____ INFO      TMPDIR            : '/tmp/ab2113/jg_5018894_35'
2026-02-23 13:46:18.707872 (934271) main____ INFO    ----------------------------------------
2026-02-23 13:46:18.708649 (934271) lic_core INFO    Initializing license system ...
2026-02-23 13:46:18.709402 (934271) lic_core INFO    ... license system initialized.
2026-02-23 13:46:18.710068 (934271) lic__man INFO    Claim 'fpv' for <ui>.
2026-02-23 13:46:18.710111 (934271) lic_core INFO    (1) checking out 'jasper_fpv' ...
2026-02-23 13:46:18.715698 (934271) lic_core INFO    ... (1) checkout failed (error: -5) ("FLEXnet ERROR(-5, 0, 0): No such feature exists.")
2026-02-23 13:46:18.715740 (934271) lic_core INFO    (2) checking out 'jasper_fao' ...
2026-02-23 13:46:18.725877 (934271) lic_core INFO    ... (2) checkout succeeded
2026-02-23 13:46:18.739288 (934271) session_ INFO    Starting analysis session with session id 'session_0' (launcher: <local>) ...
2026-02-23 13:46:18.741927 (934271) session_ INFO    Analysis session with session id 'session_0' started (pid: 934279)
2026-02-23 13:46:19.352051 (934271) session_ INFO    Analysis session 'session_0' connected to the console (host: 127.0.0.1:34186)
2026-02-23 13:46:19.884201 (934271) main____ INFO    About to exit: request to exit with status 1 received from analysis session 'session_0'
2026-02-23 13:46:19.950296 (934271) session_ INFO    Analysis session 'session_0' disconnected.
2026-02-23 13:46:19.950396 (934271) lic__man INFO    Unclaim everything for 'session_0'.
2026-02-23 13:46:19.950907 (934271) session_ INFO    Process for analysis session 'session_0' has exited with exit status '1'.
2026-02-23 13:46:21.989323 (934271) lic_core INFO    (2) checkin jasper_fao
2026-02-23 13:46:21.990563 (934271) main____ INFO    Exiting with status 1.
