2026-02-23 13:53:52.085594 (2617565) main____ INFO    ----------------------------------------
2026-02-23 13:53:52.085692 (2617565) main____ INFO    JasperGold version info
2026-02-23 13:53:52.085709 (2617565) main____ INFO      tool      : JasperGold 2021.03
2026-02-23 13:53:52.085718 (2617565) main____ INFO      version   : 2021.03 FCS 64 bits
2026-02-23 13:53:52.085723 (2617565) main____ INFO      build date: 2021.03.23 02:50:43 UTC
2026-02-23 13:53:52.085728 (2617565) main____ INFO    ----------------------------------------
2026-02-23 13:53:52.085732 (2617565) main____ INFO    Runtime info:
2026-02-23 13:53:52.085736 (2617565) main____ INFO      platform  : Linux 5.14.0-570.84.1.el9_6.x86_64 x86_64
2026-02-23 13:53:52.085742 (2617565) main____ INFO      hostname  : della-r3c1n7
2026-02-23 13:53:52.085746 (2617565) main____ INFO      pid       : 2617565
2026-02-23 13:53:52.085751 (2617565) main____ INFO      arguments : '-style' 'windows' '-batch' '-proj' './verification_results/03504/jgproject' '-tcl' './jasper_verif_check.tcl'
2026-02-23 13:53:52.085758 (2617565) main____ INFO      locale    : UTF-8
2026-02-23 13:53:52.085762 (2617565) main____ INFO    ----------------------------------------
2026-02-23 13:53:52.085766 (2617565) main____ INFO    System resource limits info:
2026-02-23 13:53:52.085770 (2617565) main____ INFO      virtual memory: unlimited
2026-02-23 13:53:52.085775 (2617565) main____ INFO      cpu time      : unlimited
2026-02-23 13:53:52.085779 (2617565) main____ INFO      stack size    : unlimited
2026-02-23 13:53:52.085783 (2617565) main____ INFO      core file size: unlimited
2026-02-23 13:53:52.085790 (2617565) main____ INFO      open files    : 131072
2026-02-23 13:53:52.085794 (2617565) main____ INFO      file size     : unlimited
2026-02-23 13:53:52.085798 (2617565) main____ INFO    ----------------------------------------
2026-02-23 13:53:52.085802 (2617565) main____ INFO    Memory statistics:
2026-02-23 13:53:52.085806 (2617565) main____ INFO      total physical memory  : 195972072 kB
2026-02-23 13:53:52.085810 (2617565) main____ INFO      free physical memory   : 154433664 kB
2026-02-23 13:53:52.085814 (2617565) main____ INFO      committed address space: 43935752 kB
2026-02-23 13:53:52.085818 (2617565) main____ INFO    ----------------------------------------
2026-02-23 13:53:52.086782 (2617565) main____ INFO    Important environment variables:
2026-02-23 13:53:52.086798 (2617565) main____ INFO      JASPER_HOME       : '/usr/licensed/cadence-20210126/jasper_2021.03'
2026-02-23 13:53:52.086804 (2617565) main____ INFO      JASPER_INSTALL_DIR: '/scratch/gpfs/LICENSED/x86_64/cadence-20210126/jasper_2021.03'
2026-02-23 13:53:52.086809 (2617565) main____ INFO      LANG              : 'en_US.UTF-8'
2026-02-23 13:53:52.086814 (2617565) main____ INFO      LM_LICENSE_FILE   : '5280@license.rc.princeton.edu'
2026-02-23 13:53:52.086819 (2617565) main____ INFO      TMPDIR            : '/tmp/ab2113/jg_5019031_62'
2026-02-23 13:53:52.086823 (2617565) main____ INFO    ----------------------------------------
2026-02-23 13:53:52.087614 (2617565) lic_core INFO    Initializing license system ...
2026-02-23 13:53:52.088403 (2617565) lic_core INFO    ... license system initialized.
2026-02-23 13:53:52.089143 (2617565) lic__man INFO    Claim 'fpv' for <ui>.
2026-02-23 13:53:52.089182 (2617565) lic_core INFO    (1) checking out 'jasper_fpv' ...
2026-02-23 13:53:52.095037 (2617565) lic_core INFO    ... (1) checkout failed (error: -5) ("FLEXnet ERROR(-5, 0, 0): No such feature exists.")
2026-02-23 13:53:52.095082 (2617565) lic_core INFO    (2) checking out 'jasper_fao' ...
2026-02-23 13:53:52.105174 (2617565) lic_core INFO    ... (2) checkout succeeded
2026-02-23 13:53:52.121974 (2617565) session_ INFO    Starting analysis session with session id 'session_0' (launcher: <local>) ...
2026-02-23 13:53:52.124698 (2617565) session_ INFO    Analysis session with session id 'session_0' started (pid: 2617573)
2026-02-23 13:53:52.784534 (2617565) session_ INFO    Analysis session 'session_0' connected to the console (host: 127.0.0.1:34180)
2026-02-23 13:53:53.351241 (2617565) main____ INFO    About to exit: request to exit with status 1 received from analysis session 'session_0'
2026-02-23 13:53:53.419172 (2617565) session_ INFO    Analysis session 'session_0' disconnected.
2026-02-23 13:53:53.419294 (2617565) lic__man INFO    Unclaim everything for 'session_0'.
2026-02-23 13:53:53.419838 (2617565) session_ INFO    Process for analysis session 'session_0' has exited with exit status '1'.
2026-02-23 13:53:55.347604 (2617565) lic_core INFO    (2) checkin jasper_fao
2026-02-23 13:53:55.349235 (2617565) main____ INFO    Exiting with status 1.
