2026-02-23 13:53:37.723433 (1356322) main____ INFO    ----------------------------------------
2026-02-23 13:53:37.723527 (1356322) main____ INFO    JasperGold version info
2026-02-23 13:53:37.723543 (1356322) main____ INFO      tool      : JasperGold 2021.03
2026-02-23 13:53:37.723552 (1356322) main____ INFO      version   : 2021.03 FCS 64 bits
2026-02-23 13:53:37.723556 (1356322) main____ INFO      build date: 2021.03.23 02:50:43 UTC
2026-02-23 13:53:37.723560 (1356322) main____ INFO    ----------------------------------------
2026-02-23 13:53:37.723565 (1356322) main____ INFO    Runtime info:
2026-02-23 13:53:37.723570 (1356322) main____ INFO      platform  : Linux 5.14.0-570.84.1.el9_6.x86_64 x86_64
2026-02-23 13:53:37.723575 (1356322) main____ INFO      hostname  : della-i13n21
2026-02-23 13:53:37.723580 (1356322) main____ INFO      pid       : 1356322
2026-02-23 13:53:37.723584 (1356322) main____ INFO      arguments : '-style' 'windows' '-batch' '-proj' './verification_results/02196/jgproject' '-tcl' './jasper_verif_check.tcl'
2026-02-23 13:53:37.723592 (1356322) main____ INFO      locale    : UTF-8
2026-02-23 13:53:37.723596 (1356322) main____ INFO    ----------------------------------------
2026-02-23 13:53:37.723600 (1356322) main____ INFO    System resource limits info:
2026-02-23 13:53:37.723604 (1356322) main____ INFO      virtual memory: unlimited
2026-02-23 13:53:37.723608 (1356322) main____ INFO      cpu time      : unlimited
2026-02-23 13:53:37.723612 (1356322) main____ INFO      stack size    : unlimited
2026-02-23 13:53:37.723616 (1356322) main____ INFO      core file size: unlimited
2026-02-23 13:53:37.723623 (1356322) main____ INFO      open files    : 131072
2026-02-23 13:53:37.723627 (1356322) main____ INFO      file size     : unlimited
2026-02-23 13:53:37.723631 (1356322) main____ INFO    ----------------------------------------
2026-02-23 13:53:37.723634 (1356322) main____ INFO    Memory statistics:
2026-02-23 13:53:37.723639 (1356322) main____ INFO      total physical memory  : 394157548 kB
2026-02-23 13:53:37.723642 (1356322) main____ INFO      free physical memory   : 234567108 kB
2026-02-23 13:53:37.723646 (1356322) main____ INFO      committed address space: 110347132 kB
2026-02-23 13:53:37.723650 (1356322) main____ INFO    ----------------------------------------
2026-02-23 13:53:37.724556 (1356322) main____ INFO    Important environment variables:
2026-02-23 13:53:37.724577 (1356322) main____ INFO      JASPER_HOME       : '/usr/licensed/cadence-20210126/jasper_2021.03'
2026-02-23 13:53:37.724583 (1356322) main____ INFO      JASPER_INSTALL_DIR: '/scratch/gpfs/LICENSED/x86_64/cadence-20210126/jasper_2021.03'
2026-02-23 13:53:37.724589 (1356322) main____ INFO      LANG              : 'en_US.UTF-8'
2026-02-23 13:53:37.724593 (1356322) main____ INFO      LM_LICENSE_FILE   : '5280@license.rc.princeton.edu'
2026-02-23 13:53:37.724598 (1356322) main____ INFO      TMPDIR            : '/tmp/ab2113/jg_5018895_36'
2026-02-23 13:53:37.724602 (1356322) main____ INFO    ----------------------------------------
2026-02-23 13:53:37.725442 (1356322) lic_core INFO    Initializing license system ...
2026-02-23 13:53:37.726270 (1356322) lic_core INFO    ... license system initialized.
2026-02-23 13:53:37.726995 (1356322) lic__man INFO    Claim 'fpv' for <ui>.
2026-02-23 13:53:37.727032 (1356322) lic_core INFO    (1) checking out 'jasper_fpv' ...
2026-02-23 13:53:37.732978 (1356322) lic_core INFO    ... (1) checkout failed (error: -5) ("FLEXnet ERROR(-5, 0, 0): No such feature exists.")
2026-02-23 13:53:37.733025 (1356322) lic_core INFO    (2) checking out 'jasper_fao' ...
2026-02-23 13:53:37.743573 (1356322) lic_core INFO    ... (2) checkout succeeded
2026-02-23 13:53:37.757450 (1356322) session_ INFO    Starting analysis session with session id 'session_0' (launcher: <local>) ...
2026-02-23 13:53:37.760229 (1356322) session_ INFO    Analysis session with session id 'session_0' started (pid: 1356330)
2026-02-23 13:53:38.395373 (1356322) session_ INFO    Analysis session 'session_0' connected to the console (host: 127.0.0.1:51542)
2026-02-23 13:53:39.201130 (1356322) lic__man INFO    Unclaim everything for 'session_0'.
2026-02-23 13:53:39.239323 (1356322) lic__man INFO    Claim 'fpv' for 'session_0'.
2026-02-23 13:53:39.239357 (1356322) lic__man INFO    Claim 'fpv' for 'session_0/prove-0'.
2026-02-23 13:53:39.365222 (1356322) lic__man INFO    Unclaim everything for 'session_0/prove-0'.
2026-02-23 13:53:39.421231 (1356322) main____ INFO    About to exit: request to exit with status 0 received from analysis session 'session_0'
2026-02-23 13:53:39.504274 (1356322) session_ INFO    Analysis session 'session_0' disconnected.
2026-02-23 13:53:39.504394 (1356322) lic__man INFO    Unclaim everything for 'session_0'.
2026-02-23 13:53:39.505025 (1356322) session_ INFO    Process for analysis session 'session_0' has exited with exit status '0'.
2026-02-23 13:53:41.507015 (1356322) lic_core INFO    (2) checkin jasper_fao
2026-02-23 13:53:41.508636 (1356322) main____ INFO    Exiting with status 0.
