2026-02-23 13:52:19.110622 (2615370) main____ INFO    ----------------------------------------
2026-02-23 13:52:19.110704 (2615370) main____ INFO    JasperGold version info
2026-02-23 13:52:19.110721 (2615370) main____ INFO      tool      : JasperGold 2021.03
2026-02-23 13:52:19.110729 (2615370) main____ INFO      version   : 2021.03 FCS 64 bits
2026-02-23 13:52:19.110734 (2615370) main____ INFO      build date: 2021.03.23 02:50:43 UTC
2026-02-23 13:52:19.110738 (2615370) main____ INFO    ----------------------------------------
2026-02-23 13:52:19.110742 (2615370) main____ INFO    Runtime info:
2026-02-23 13:52:19.110747 (2615370) main____ INFO      platform  : Linux 5.14.0-570.84.1.el9_6.x86_64 x86_64
2026-02-23 13:52:19.110752 (2615370) main____ INFO      hostname  : della-r3c1n7
2026-02-23 13:52:19.110757 (2615370) main____ INFO      pid       : 2615370
2026-02-23 13:52:19.110761 (2615370) main____ INFO      arguments : '-style' 'windows' '-batch' '-proj' './verification_results/03479/jgproject' '-tcl' './jasper_verif_check.tcl'
2026-02-23 13:52:19.110768 (2615370) main____ INFO      locale    : UTF-8
2026-02-23 13:52:19.110772 (2615370) main____ INFO    ----------------------------------------
2026-02-23 13:52:19.110776 (2615370) main____ INFO    System resource limits info:
2026-02-23 13:52:19.110780 (2615370) main____ INFO      virtual memory: unlimited
2026-02-23 13:52:19.110785 (2615370) main____ INFO      cpu time      : unlimited
2026-02-23 13:52:19.110789 (2615370) main____ INFO      stack size    : unlimited
2026-02-23 13:52:19.110793 (2615370) main____ INFO      core file size: unlimited
2026-02-23 13:52:19.110799 (2615370) main____ INFO      open files    : 131072
2026-02-23 13:52:19.110804 (2615370) main____ INFO      file size     : unlimited
2026-02-23 13:52:19.110808 (2615370) main____ INFO    ----------------------------------------
2026-02-23 13:52:19.110811 (2615370) main____ INFO    Memory statistics:
2026-02-23 13:52:19.110816 (2615370) main____ INFO      total physical memory  : 195972072 kB
2026-02-23 13:52:19.110820 (2615370) main____ INFO      free physical memory   : 154312924 kB
2026-02-23 13:52:19.110824 (2615370) main____ INFO      committed address space: 44011540 kB
2026-02-23 13:52:19.110827 (2615370) main____ INFO    ----------------------------------------
2026-02-23 13:52:19.111776 (2615370) main____ INFO    Important environment variables:
2026-02-23 13:52:19.111790 (2615370) main____ INFO      JASPER_HOME       : '/usr/licensed/cadence-20210126/jasper_2021.03'
2026-02-23 13:52:19.111796 (2615370) main____ INFO      JASPER_INSTALL_DIR: '/scratch/gpfs/LICENSED/x86_64/cadence-20210126/jasper_2021.03'
2026-02-23 13:52:19.111801 (2615370) main____ INFO      LANG              : 'en_US.UTF-8'
2026-02-23 13:52:19.111806 (2615370) main____ INFO      LM_LICENSE_FILE   : '5280@license.rc.princeton.edu'
2026-02-23 13:52:19.111811 (2615370) main____ INFO      TMPDIR            : '/tmp/ab2113/jg_5019031_62'
2026-02-23 13:52:19.111815 (2615370) main____ INFO    ----------------------------------------
2026-02-23 13:52:19.112592 (2615370) lic_core INFO    Initializing license system ...
2026-02-23 13:52:19.113369 (2615370) lic_core INFO    ... license system initialized.
2026-02-23 13:52:19.114086 (2615370) lic__man INFO    Claim 'fpv' for <ui>.
2026-02-23 13:52:19.114121 (2615370) lic_core INFO    (1) checking out 'jasper_fpv' ...
2026-02-23 13:52:19.119583 (2615370) lic_core INFO    ... (1) checkout failed (error: -5) ("FLEXnet ERROR(-5, 0, 0): No such feature exists.")
2026-02-23 13:52:19.119613 (2615370) lic_core INFO    (2) checking out 'jasper_fao' ...
2026-02-23 13:52:19.130120 (2615370) lic_core INFO    ... (2) checkout succeeded
2026-02-23 13:52:19.144555 (2615370) session_ INFO    Starting analysis session with session id 'session_0' (launcher: <local>) ...
2026-02-23 13:52:19.147270 (2615370) session_ INFO    Analysis session with session id 'session_0' started (pid: 2615378)
2026-02-23 13:52:19.804436 (2615370) session_ INFO    Analysis session 'session_0' connected to the console (host: 127.0.0.1:44964)
2026-02-23 13:52:20.640382 (2615370) lic__man INFO    Unclaim everything for 'session_0'.
2026-02-23 13:52:20.683529 (2615370) lic__man INFO    Claim 'fpv' for 'session_0'.
2026-02-23 13:52:20.683571 (2615370) lic__man INFO    Claim 'fpv' for 'session_0/prove-0'.
2026-02-23 13:52:20.818067 (2615370) lic__man INFO    Unclaim everything for 'session_0/prove-0'.
2026-02-23 13:52:20.874242 (2615370) main____ INFO    About to exit: request to exit with status 0 received from analysis session 'session_0'
2026-02-23 13:52:20.955169 (2615370) session_ INFO    Analysis session 'session_0' disconnected.
2026-02-23 13:52:20.955287 (2615370) lic__man INFO    Unclaim everything for 'session_0'.
2026-02-23 13:52:20.955870 (2615370) session_ INFO    Process for analysis session 'session_0' has exited with exit status '0'.
2026-02-23 13:52:22.848464 (2615370) lic_core INFO    (2) checkin jasper_fao
2026-02-23 13:52:22.849871 (2615370) main____ INFO    Exiting with status 0.
