2026-02-23 13:46:21.884159 (1381607) main____ INFO    ----------------------------------------
2026-02-23 13:46:21.884279 (1381607) main____ INFO    JasperGold version info
2026-02-23 13:46:21.884302 (1381607) main____ INFO      tool      : JasperGold 2021.03
2026-02-23 13:46:21.884313 (1381607) main____ INFO      version   : 2021.03 FCS 64 bits
2026-02-23 13:46:21.884318 (1381607) main____ INFO      build date: 2021.03.23 02:50:43 UTC
2026-02-23 13:46:21.884322 (1381607) main____ INFO    ----------------------------------------
2026-02-23 13:46:21.884327 (1381607) main____ INFO    Runtime info:
2026-02-23 13:46:21.884331 (1381607) main____ INFO      platform  : Linux 5.14.0-570.84.1.el9_6.x86_64 x86_64
2026-02-23 13:46:21.884337 (1381607) main____ INFO      hostname  : della-r3c3n3
2026-02-23 13:46:21.884343 (1381607) main____ INFO      pid       : 1381607
2026-02-23 13:46:21.884347 (1381607) main____ INFO      arguments : '-style' 'windows' '-batch' '-proj' './verification_results/02238/jgproject' '-tcl' './jasper_verif_check.tcl'
2026-02-23 13:46:21.884357 (1381607) main____ INFO      locale    : UTF-8
2026-02-23 13:46:21.884361 (1381607) main____ INFO    ----------------------------------------
2026-02-23 13:46:21.884365 (1381607) main____ INFO    System resource limits info:
2026-02-23 13:46:21.884369 (1381607) main____ INFO      virtual memory: unlimited
2026-02-23 13:46:21.884373 (1381607) main____ INFO      cpu time      : unlimited
2026-02-23 13:46:21.884378 (1381607) main____ INFO      stack size    : unlimited
2026-02-23 13:46:21.884382 (1381607) main____ INFO      core file size: unlimited
2026-02-23 13:46:21.884389 (1381607) main____ INFO      open files    : 131072
2026-02-23 13:46:21.884394 (1381607) main____ INFO      file size     : unlimited
2026-02-23 13:46:21.884398 (1381607) main____ INFO    ----------------------------------------
2026-02-23 13:46:21.884402 (1381607) main____ INFO    Memory statistics:
2026-02-23 13:46:21.884406 (1381607) main____ INFO      total physical memory  : 195972168 kB
2026-02-23 13:46:21.884410 (1381607) main____ INFO      free physical memory   : 110063452 kB
2026-02-23 13:46:21.884420 (1381607) main____ INFO      committed address space: 57096076 kB
2026-02-23 13:46:21.884424 (1381607) main____ INFO    ----------------------------------------
2026-02-23 13:46:21.885428 (1381607) main____ INFO    Important environment variables:
2026-02-23 13:46:21.885457 (1381607) main____ INFO      JASPER_HOME       : '/usr/licensed/cadence-20210126/jasper_2021.03'
2026-02-23 13:46:21.885463 (1381607) main____ INFO      JASPER_INSTALL_DIR: '/scratch/gpfs/LICENSED/x86_64/cadence-20210126/jasper_2021.03'
2026-02-23 13:46:21.885468 (1381607) main____ INFO      LANG              : 'en_US.UTF-8'
2026-02-23 13:46:21.885473 (1381607) main____ INFO      LM_LICENSE_FILE   : '5280@license.rc.princeton.edu'
2026-02-23 13:46:21.885478 (1381607) main____ INFO      TMPDIR            : '/tmp/ab2113/jg_5018902_37'
2026-02-23 13:46:21.885482 (1381607) main____ INFO    ----------------------------------------
2026-02-23 13:46:21.886399 (1381607) lic_core INFO    Initializing license system ...
2026-02-23 13:46:21.887357 (1381607) lic_core INFO    ... license system initialized.
2026-02-23 13:46:21.888235 (1381607) lic__man INFO    Claim 'fpv' for <ui>.
2026-02-23 13:46:21.888289 (1381607) lic_core INFO    (1) checking out 'jasper_fpv' ...
2026-02-23 13:46:21.894048 (1381607) lic_core INFO    ... (1) checkout failed (error: -5) ("FLEXnet ERROR(-5, 0, 0): No such feature exists.")
2026-02-23 13:46:21.894114 (1381607) lic_core INFO    (2) checking out 'jasper_fao' ...
2026-02-23 13:46:21.904954 (1381607) lic_core INFO    ... (2) checkout succeeded
2026-02-23 13:46:21.920576 (1381607) session_ INFO    Starting analysis session with session id 'session_0' (launcher: <local>) ...
2026-02-23 13:46:21.923987 (1381607) session_ INFO    Analysis session with session id 'session_0' started (pid: 1381615)
2026-02-23 13:46:22.677599 (1381607) session_ INFO    Analysis session 'session_0' connected to the console (host: 127.0.0.1:59478)
2026-02-23 13:46:23.265534 (1381607) main____ INFO    About to exit: request to exit with status 1 received from analysis session 'session_0'
2026-02-23 13:46:23.348929 (1381607) session_ INFO    Analysis session 'session_0' disconnected.
2026-02-23 13:46:23.349059 (1381607) lic__man INFO    Unclaim everything for 'session_0'.
2026-02-23 13:46:23.349637 (1381607) session_ INFO    Process for analysis session 'session_0' has exited with exit status '1'.
2026-02-23 13:46:25.170055 (1381607) lic_core INFO    (2) checkin jasper_fao
2026-02-23 13:46:25.171768 (1381607) main____ INFO    Exiting with status 1.
