2026-02-23 12:01:04.885572 (4127740) main____ INFO    ----------------------------------------
2026-02-23 12:01:04.885640 (4127740) main____ INFO    JasperGold version info
2026-02-23 12:01:04.885667 (4127740) main____ INFO      tool      : JasperGold 2021.03
2026-02-23 12:01:04.885677 (4127740) main____ INFO      version   : 2021.03 FCS 64 bits
2026-02-23 12:01:04.885684 (4127740) main____ INFO      build date: 2021.03.23 02:50:43 UTC
2026-02-23 12:01:04.885689 (4127740) main____ INFO    ----------------------------------------
2026-02-23 12:01:04.885694 (4127740) main____ INFO    Runtime info:
2026-02-23 12:01:04.885700 (4127740) main____ INFO      platform  : Linux 5.14.0-570.84.1.el9_6.x86_64 x86_64
2026-02-23 12:01:04.885706 (4127740) main____ INFO      hostname  : della-h14n1
2026-02-23 12:01:04.885713 (4127740) main____ INFO      pid       : 4127740
2026-02-23 12:01:04.885718 (4127740) main____ INFO      arguments : '-style' 'windows' '-batch' '-proj' './verification_results/00064/jgproject' '-tcl' './jasper_verif_check.tcl'
2026-02-23 12:01:04.885726 (4127740) main____ INFO      locale    : UTF-8
2026-02-23 12:01:04.885731 (4127740) main____ INFO    ----------------------------------------
2026-02-23 12:01:04.885736 (4127740) main____ INFO    System resource limits info:
2026-02-23 12:01:04.885741 (4127740) main____ INFO      virtual memory: unlimited
2026-02-23 12:01:04.885746 (4127740) main____ INFO      cpu time      : unlimited
2026-02-23 12:01:04.885751 (4127740) main____ INFO      stack size    : unlimited
2026-02-23 12:01:04.885756 (4127740) main____ INFO      core file size: unlimited
2026-02-23 12:01:04.885763 (4127740) main____ INFO      open files    : 131072
2026-02-23 12:01:04.885768 (4127740) main____ INFO      file size     : unlimited
2026-02-23 12:01:04.885773 (4127740) main____ INFO    ----------------------------------------
2026-02-23 12:01:04.885781 (4127740) main____ INFO    Memory statistics:
2026-02-23 12:01:04.885787 (4127740) main____ INFO      total physical memory  : 1584164324 kB
2026-02-23 12:01:04.885792 (4127740) main____ INFO      free physical memory   : 655619296 kB
2026-02-23 12:01:04.885798 (4127740) main____ INFO      committed address space: 628741840 kB
2026-02-23 12:01:04.885803 (4127740) main____ INFO    ----------------------------------------
2026-02-23 12:01:04.886359 (4127740) main____ INFO    Important environment variables:
2026-02-23 12:01:04.886373 (4127740) main____ INFO      JASPER_HOME       : '/usr/licensed/cadence-20210126/jasper_2021.03'
2026-02-23 12:01:04.886379 (4127740) main____ INFO      JASPER_INSTALL_DIR: '/scratch/gpfs/LICENSED/x86_64/cadence-20210126/jasper_2021.03'
2026-02-23 12:01:04.886384 (4127740) main____ INFO      LANG              : 'en_US.UTF-8'
2026-02-23 12:01:04.886390 (4127740) main____ INFO      LM_LICENSE_FILE   : '5280@license.rc.princeton.edu'
2026-02-23 12:01:04.886397 (4127740) main____ INFO      TMPDIR            : '/tmp/ab2113/jg_5015818_65'
2026-02-23 12:01:04.886403 (4127740) main____ INFO    ----------------------------------------
2026-02-23 12:01:04.886852 (4127740) lic_core INFO    Initializing license system ...
2026-02-23 12:01:04.887488 (4127740) lic_core INFO    ... license system initialized.
2026-02-23 12:01:04.888304 (4127740) lic__man INFO    Claim 'fpv' for <ui>.
2026-02-23 12:01:04.888341 (4127740) lic_core INFO    (1) checking out 'jasper_fpv' ...
2026-02-23 12:01:04.894580 (4127740) lic_core INFO    ... (1) checkout failed (error: -5) ("FLEXnet ERROR(-5, 0, 0): No such feature exists.")
2026-02-23 12:01:04.894612 (4127740) lic_core INFO    (2) checking out 'jasper_fao' ...
2026-02-23 12:01:04.903529 (4127740) lic_core INFO    ... (2) checkout succeeded
2026-02-23 12:01:04.914701 (4127740) session_ INFO    Starting analysis session with session id 'session_0' (launcher: <local>) ...
2026-02-23 12:01:04.917655 (4127740) session_ INFO    Analysis session with session id 'session_0' started (pid: 4127755)
2026-02-23 12:01:05.538195 (4127740) session_ INFO    Analysis session 'session_0' connected to the console (host: 127.0.0.1:33626)
2026-02-23 12:01:06.314749 (4127740) lic__man INFO    Unclaim everything for 'session_0'.
2026-02-23 12:01:06.363538 (4127740) lic__man INFO    Claim 'fpv' for 'session_0'.
2026-02-23 12:01:06.363577 (4127740) lic__man INFO    Claim 'fpv' for 'session_0/prove-0'.
2026-02-23 12:01:06.514220 (4127740) lic__man INFO    Unclaim everything for 'session_0/prove-0'.
2026-02-23 12:01:06.568782 (4127740) main____ INFO    About to exit: request to exit with status 0 received from analysis session 'session_0'
2026-02-23 12:01:06.625259 (4127740) session_ INFO    Analysis session 'session_0' disconnected.
2026-02-23 12:01:06.625388 (4127740) lic__man INFO    Unclaim everything for 'session_0'.
2026-02-23 12:01:06.626307 (4127740) session_ INFO    Process for analysis session 'session_0' has exited with exit status '0'.
2026-02-23 12:01:08.537243 (4127740) lic_core INFO    (2) checkin jasper_fao
2026-02-23 12:01:08.538755 (4127740) main____ INFO    Exiting with status 0.
