2026-02-20 17:58:52.841906 (2568094) main____ INFO    ----------------------------------------
2026-02-20 17:58:52.842018 (2568094) main____ INFO    JasperGold version info
2026-02-20 17:58:52.842040 (2568094) main____ INFO      tool      : JasperGold 2021.03
2026-02-20 17:58:52.842049 (2568094) main____ INFO      version   : 2021.03 FCS 64 bits
2026-02-20 17:58:52.842054 (2568094) main____ INFO      build date: 2021.03.23 02:50:43 UTC
2026-02-20 17:58:52.842058 (2568094) main____ INFO    ----------------------------------------
2026-02-20 17:58:52.842062 (2568094) main____ INFO    Runtime info:
2026-02-20 17:58:52.842066 (2568094) main____ INFO      platform  : Linux 5.14.0-570.84.1.el9_6.x86_64 x86_64
2026-02-20 17:58:52.842072 (2568094) main____ INFO      hostname  : della-i13n22
2026-02-20 17:58:52.842077 (2568094) main____ INFO      pid       : 2568094
2026-02-20 17:58:52.842082 (2568094) main____ INFO      arguments : '-style' 'windows' '-batch' '-proj' 'verification_results/00611/jgproject' '-tcl' './jasper_verif_check.tcl'
2026-02-20 17:58:52.842090 (2568094) main____ INFO      locale    : UTF-8
2026-02-20 17:58:52.842094 (2568094) main____ INFO    ----------------------------------------
2026-02-20 17:58:52.842098 (2568094) main____ INFO    System resource limits info:
2026-02-20 17:58:52.842102 (2568094) main____ INFO      virtual memory: unlimited
2026-02-20 17:58:52.842106 (2568094) main____ INFO      cpu time      : unlimited
2026-02-20 17:58:52.842110 (2568094) main____ INFO      stack size    : unlimited
2026-02-20 17:58:52.842115 (2568094) main____ INFO      core file size: unlimited
2026-02-20 17:58:52.842122 (2568094) main____ INFO      open files    : 131072
2026-02-20 17:58:52.842126 (2568094) main____ INFO      file size     : unlimited
2026-02-20 17:58:52.842130 (2568094) main____ INFO    ----------------------------------------
2026-02-20 17:58:52.842134 (2568094) main____ INFO    Memory statistics:
2026-02-20 17:58:52.842138 (2568094) main____ INFO      total physical memory  : 394157548 kB
2026-02-20 17:58:52.842142 (2568094) main____ INFO      free physical memory   : 183528920 kB
2026-02-20 17:58:52.842146 (2568094) main____ INFO      committed address space: 175160664 kB
2026-02-20 17:58:52.842150 (2568094) main____ INFO    ----------------------------------------
2026-02-20 17:58:52.843047 (2568094) main____ INFO    Important environment variables:
2026-02-20 17:58:52.843070 (2568094) main____ INFO      JASPER_HOME       : '/usr/licensed/cadence-20210126/jasper_2021.03'
2026-02-20 17:58:52.843076 (2568094) main____ INFO      JASPER_INSTALL_DIR: '/scratch/gpfs/LICENSED/x86_64/cadence-20210126/jasper_2021.03'
2026-02-20 17:58:52.843082 (2568094) main____ INFO      LANG              : 'en_US.UTF-8'
2026-02-20 17:58:52.843086 (2568094) main____ INFO      LM_LICENSE_FILE   : '5280@license.rc.princeton.edu'
2026-02-20 17:58:52.843091 (2568094) main____ INFO      TMPDIR            : '/tmp'
2026-02-20 17:58:52.843095 (2568094) main____ INFO    ----------------------------------------
2026-02-20 17:58:52.844056 (2568094) lic_core INFO    Initializing license system ...
2026-02-20 17:58:52.845006 (2568094) lic_core INFO    ... license system initialized.
2026-02-20 17:58:52.845840 (2568094) lic__man INFO    Claim 'fpv' for <ui>.
2026-02-20 17:58:52.845888 (2568094) lic_core INFO    (1) checking out 'jasper_fpv' ...
2026-02-20 17:58:52.851974 (2568094) lic_core INFO    ... (1) checkout failed (error: -5) ("FLEXnet ERROR(-5, 0, 0): No such feature exists.")
2026-02-20 17:58:52.852034 (2568094) lic_core INFO    (2) checking out 'jasper_fao' ...
2026-02-20 17:58:52.862669 (2568094) lic_core INFO    ... (2) checkout succeeded
2026-02-20 17:58:52.877493 (2568094) session_ INFO    Starting analysis session with session id 'session_0' (launcher: <local>) ...
2026-02-20 17:58:52.880990 (2568094) session_ INFO    Analysis session with session id 'session_0' started (pid: 2568102)
2026-02-20 17:58:53.632506 (2568094) session_ INFO    Analysis session 'session_0' connected to the console (host: 127.0.0.1:52178)
2026-02-20 17:58:54.216562 (2568094) main____ INFO    About to exit: request to exit with status 1 received from analysis session 'session_0'
2026-02-20 17:58:54.320508 (2568094) session_ INFO    Analysis session 'session_0' disconnected.
2026-02-20 17:58:54.320642 (2568094) lic__man INFO    Unclaim everything for 'session_0'.
2026-02-20 17:58:54.321277 (2568094) session_ INFO    Process for analysis session 'session_0' has exited with exit status '1'.
2026-02-20 17:58:56.122160 (2568094) lic_core INFO    (2) checkin jasper_fao
2026-02-20 17:58:56.123620 (2568094) main____ INFO    Exiting with status 1.
