2026-02-23 13:42:00.239479 (4142492) main____ INFO    ----------------------------------------
2026-02-23 13:42:00.239556 (4142492) main____ INFO    JasperGold version info
2026-02-23 13:42:00.239573 (4142492) main____ INFO      tool      : JasperGold 2021.03
2026-02-23 13:42:00.239582 (4142492) main____ INFO      version   : 2021.03 FCS 64 bits
2026-02-23 13:42:00.239586 (4142492) main____ INFO      build date: 2021.03.23 02:50:43 UTC
2026-02-23 13:42:00.239591 (4142492) main____ INFO    ----------------------------------------
2026-02-23 13:42:00.239595 (4142492) main____ INFO    Runtime info:
2026-02-23 13:42:00.239600 (4142492) main____ INFO      platform  : Linux 5.14.0-570.84.1.el9_6.x86_64 x86_64
2026-02-23 13:42:00.239606 (4142492) main____ INFO      hostname  : della-r3c2n12
2026-02-23 13:42:00.239610 (4142492) main____ INFO      pid       : 4142492
2026-02-23 13:42:00.239615 (4142492) main____ INFO      arguments : '-style' 'windows' '-batch' '-proj' './verification_results/00909/jgproject' '-tcl' './jasper_verif_check.tcl'
2026-02-23 13:42:00.239622 (4142492) main____ INFO      locale    : UTF-8
2026-02-23 13:42:00.239627 (4142492) main____ INFO    ----------------------------------------
2026-02-23 13:42:00.239630 (4142492) main____ INFO    System resource limits info:
2026-02-23 13:42:00.239635 (4142492) main____ INFO      virtual memory: unlimited
2026-02-23 13:42:00.239639 (4142492) main____ INFO      cpu time      : unlimited
2026-02-23 13:42:00.239643 (4142492) main____ INFO      stack size    : unlimited
2026-02-23 13:42:00.239647 (4142492) main____ INFO      core file size: unlimited
2026-02-23 13:42:00.239654 (4142492) main____ INFO      open files    : 131072
2026-02-23 13:42:00.239659 (4142492) main____ INFO      file size     : unlimited
2026-02-23 13:42:00.239663 (4142492) main____ INFO    ----------------------------------------
2026-02-23 13:42:00.239667 (4142492) main____ INFO    Memory statistics:
2026-02-23 13:42:00.239671 (4142492) main____ INFO      total physical memory  : 195972072 kB
2026-02-23 13:42:00.239675 (4142492) main____ INFO      free physical memory   : 127010496 kB
2026-02-23 13:42:00.239679 (4142492) main____ INFO      committed address space: 45090608 kB
2026-02-23 13:42:00.239683 (4142492) main____ INFO    ----------------------------------------
2026-02-23 13:42:00.240635 (4142492) main____ INFO    Important environment variables:
2026-02-23 13:42:00.240652 (4142492) main____ INFO      JASPER_HOME       : '/usr/licensed/cadence-20210126/jasper_2021.03'
2026-02-23 13:42:00.240658 (4142492) main____ INFO      JASPER_INSTALL_DIR: '/scratch/gpfs/LICENSED/x86_64/cadence-20210126/jasper_2021.03'
2026-02-23 13:42:00.240665 (4142492) main____ INFO      LANG              : 'en_US.UTF-8'
2026-02-23 13:42:00.240670 (4142492) main____ INFO      LM_LICENSE_FILE   : '5280@license.rc.princeton.edu'
2026-02-23 13:42:00.240675 (4142492) main____ INFO      TMPDIR            : '/tmp/ab2113/jg_5018804_10'
2026-02-23 13:42:00.240679 (4142492) main____ INFO    ----------------------------------------
2026-02-23 13:42:00.241464 (4142492) lic_core INFO    Initializing license system ...
2026-02-23 13:42:00.242269 (4142492) lic_core INFO    ... license system initialized.
2026-02-23 13:42:00.243233 (4142492) lic__man INFO    Claim 'fpv' for <ui>.
2026-02-23 13:42:00.243303 (4142492) lic_core INFO    (1) checking out 'jasper_fpv' ...
2026-02-23 13:42:00.248861 (4142492) lic_core INFO    ... (1) checkout failed (error: -5) ("FLEXnet ERROR(-5, 0, 0): No such feature exists.")
2026-02-23 13:42:00.248913 (4142492) lic_core INFO    (2) checking out 'jasper_fao' ...
2026-02-23 13:42:00.259576 (4142492) lic_core INFO    ... (2) checkout succeeded
2026-02-23 13:42:00.274639 (4142492) session_ INFO    Starting analysis session with session id 'session_0' (launcher: <local>) ...
2026-02-23 13:42:00.278300 (4142492) session_ INFO    Analysis session with session id 'session_0' started (pid: 4142500)
2026-02-23 13:42:00.973731 (4142492) session_ INFO    Analysis session 'session_0' connected to the console (host: 127.0.0.1:42236)
2026-02-23 13:42:01.558077 (4142492) main____ INFO    About to exit: request to exit with status 1 received from analysis session 'session_0'
2026-02-23 13:42:01.644198 (4142492) session_ INFO    Analysis session 'session_0' disconnected.
2026-02-23 13:42:01.644333 (4142492) lic__man INFO    Unclaim everything for 'session_0'.
2026-02-23 13:42:01.644971 (4142492) session_ INFO    Process for analysis session 'session_0' has exited with exit status '1'.
2026-02-23 13:42:03.625538 (4142492) lic_core INFO    (2) checkin jasper_fao
2026-02-23 13:42:03.627139 (4142492) main____ INFO    Exiting with status 1.
