2026-02-20 17:27:32.348575 (2525846) main____ INFO    ----------------------------------------
2026-02-20 17:27:32.348691 (2525846) main____ INFO    JasperGold version info
2026-02-20 17:27:32.348714 (2525846) main____ INFO      tool      : JasperGold 2021.03
2026-02-20 17:27:32.348723 (2525846) main____ INFO      version   : 2021.03 FCS 64 bits
2026-02-20 17:27:32.348728 (2525846) main____ INFO      build date: 2021.03.23 02:50:43 UTC
2026-02-20 17:27:32.348732 (2525846) main____ INFO    ----------------------------------------
2026-02-20 17:27:32.348736 (2525846) main____ INFO    Runtime info:
2026-02-20 17:27:32.348740 (2525846) main____ INFO      platform  : Linux 5.14.0-570.84.1.el9_6.x86_64 x86_64
2026-02-20 17:27:32.348746 (2525846) main____ INFO      hostname  : della-i13n22
2026-02-20 17:27:32.348751 (2525846) main____ INFO      pid       : 2525846
2026-02-20 17:27:32.348755 (2525846) main____ INFO      arguments : '-style' 'windows' '-batch' '-proj' 'verification_results/00176/jgproject' '-tcl' './jasper_verif_check.tcl'
2026-02-20 17:27:32.348763 (2525846) main____ INFO      locale    : UTF-8
2026-02-20 17:27:32.348767 (2525846) main____ INFO    ----------------------------------------
2026-02-20 17:27:32.348770 (2525846) main____ INFO    System resource limits info:
2026-02-20 17:27:32.348774 (2525846) main____ INFO      virtual memory: unlimited
2026-02-20 17:27:32.348778 (2525846) main____ INFO      cpu time      : unlimited
2026-02-20 17:27:32.348782 (2525846) main____ INFO      stack size    : unlimited
2026-02-20 17:27:32.348786 (2525846) main____ INFO      core file size: unlimited
2026-02-20 17:27:32.348794 (2525846) main____ INFO      open files    : 131072
2026-02-20 17:27:32.348798 (2525846) main____ INFO      file size     : unlimited
2026-02-20 17:27:32.348802 (2525846) main____ INFO    ----------------------------------------
2026-02-20 17:27:32.348806 (2525846) main____ INFO    Memory statistics:
2026-02-20 17:27:32.348810 (2525846) main____ INFO      total physical memory  : 394157548 kB
2026-02-20 17:27:32.348814 (2525846) main____ INFO      free physical memory   : 198259376 kB
2026-02-20 17:27:32.348817 (2525846) main____ INFO      committed address space: 160927388 kB
2026-02-20 17:27:32.348821 (2525846) main____ INFO    ----------------------------------------
2026-02-20 17:27:32.349718 (2525846) main____ INFO    Important environment variables:
2026-02-20 17:27:32.349736 (2525846) main____ INFO      JASPER_HOME       : '/usr/licensed/cadence-20210126/jasper_2021.03'
2026-02-20 17:27:32.349742 (2525846) main____ INFO      JASPER_INSTALL_DIR: '/scratch/gpfs/LICENSED/x86_64/cadence-20210126/jasper_2021.03'
2026-02-20 17:27:32.349747 (2525846) main____ INFO      LANG              : 'en_US.UTF-8'
2026-02-20 17:27:32.349752 (2525846) main____ INFO      LM_LICENSE_FILE   : '5280@license.rc.princeton.edu'
2026-02-20 17:27:32.349756 (2525846) main____ INFO      TMPDIR            : '/tmp'
2026-02-20 17:27:32.349760 (2525846) main____ INFO    ----------------------------------------
2026-02-20 17:27:32.350702 (2525846) lic_core INFO    Initializing license system ...
2026-02-20 17:27:32.351593 (2525846) lic_core INFO    ... license system initialized.
2026-02-20 17:27:32.352398 (2525846) lic__man INFO    Claim 'fpv' for <ui>.
2026-02-20 17:27:32.352440 (2525846) lic_core INFO    (1) checking out 'jasper_fpv' ...
2026-02-20 17:27:32.358409 (2525846) lic_core INFO    ... (1) checkout failed (error: -5) ("FLEXnet ERROR(-5, 0, 0): No such feature exists.")
2026-02-20 17:27:32.358471 (2525846) lic_core INFO    (2) checking out 'jasper_fao' ...
2026-02-20 17:27:32.369144 (2525846) lic_core INFO    ... (2) checkout succeeded
2026-02-20 17:27:32.383439 (2525846) session_ INFO    Starting analysis session with session id 'session_0' (launcher: <local>) ...
2026-02-20 17:27:32.386858 (2525846) session_ INFO    Analysis session with session id 'session_0' started (pid: 2525854)
2026-02-20 17:27:33.139449 (2525846) session_ INFO    Analysis session 'session_0' connected to the console (host: 127.0.0.1:51078)
2026-02-20 17:27:34.029515 (2525846) main____ INFO    About to exit: request to exit with status 1 received from analysis session 'session_0'
2026-02-20 17:27:34.117447 (2525846) session_ INFO    Analysis session 'session_0' disconnected.
2026-02-20 17:27:34.117583 (2525846) lic__man INFO    Unclaim everything for 'session_0'.
2026-02-20 17:27:34.118252 (2525846) session_ INFO    Process for analysis session 'session_0' has exited with exit status '1'.
2026-02-20 17:27:36.038358 (2525846) lic_core INFO    (2) checkin jasper_fao
2026-02-20 17:27:36.039877 (2525846) main____ INFO    Exiting with status 1.
