2026-02-23 13:51:16.732294 (1735810) main____ INFO    ----------------------------------------
2026-02-23 13:51:16.732371 (1735810) main____ INFO    JasperGold version info
2026-02-23 13:51:16.732388 (1735810) main____ INFO      tool      : JasperGold 2021.03
2026-02-23 13:51:16.732397 (1735810) main____ INFO      version   : 2021.03 FCS 64 bits
2026-02-23 13:51:16.732403 (1735810) main____ INFO      build date: 2021.03.23 02:50:43 UTC
2026-02-23 13:51:16.732408 (1735810) main____ INFO    ----------------------------------------
2026-02-23 13:51:16.732414 (1735810) main____ INFO    Runtime info:
2026-02-23 13:51:16.732419 (1735810) main____ INFO      platform  : Linux 5.14.0-570.84.1.el9_6.x86_64 x86_64
2026-02-23 13:51:16.732426 (1735810) main____ INFO      hostname  : della-h14n7
2026-02-23 13:51:16.732432 (1735810) main____ INFO      pid       : 1735810
2026-02-23 13:51:16.732437 (1735810) main____ INFO      arguments : '-style' 'windows' '-batch' '-proj' './verification_results/03205/jgproject' '-tcl' './jasper_verif_check.tcl'
2026-02-23 13:51:16.732444 (1735810) main____ INFO      locale    : UTF-8
2026-02-23 13:51:16.732449 (1735810) main____ INFO    ----------------------------------------
2026-02-23 13:51:16.732454 (1735810) main____ INFO    System resource limits info:
2026-02-23 13:51:16.732459 (1735810) main____ INFO      virtual memory: unlimited
2026-02-23 13:51:16.732464 (1735810) main____ INFO      cpu time      : unlimited
2026-02-23 13:51:16.732469 (1735810) main____ INFO      stack size    : unlimited
2026-02-23 13:51:16.732474 (1735810) main____ INFO      core file size: unlimited
2026-02-23 13:51:16.732481 (1735810) main____ INFO      open files    : 131072
2026-02-23 13:51:16.732487 (1735810) main____ INFO      file size     : unlimited
2026-02-23 13:51:16.732492 (1735810) main____ INFO    ----------------------------------------
2026-02-23 13:51:16.732497 (1735810) main____ INFO    Memory statistics:
2026-02-23 13:51:16.732502 (1735810) main____ INFO      total physical memory  : 1584164356 kB
2026-02-23 13:51:16.732507 (1735810) main____ INFO      free physical memory   : 809249620 kB
2026-02-23 13:51:16.732512 (1735810) main____ INFO      committed address space: 600870712 kB
2026-02-23 13:51:16.732517 (1735810) main____ INFO    ----------------------------------------
2026-02-23 13:51:16.733022 (1735810) main____ INFO    Important environment variables:
2026-02-23 13:51:16.733035 (1735810) main____ INFO      JASPER_HOME       : '/usr/licensed/cadence-20210126/jasper_2021.03'
2026-02-23 13:51:16.733041 (1735810) main____ INFO      JASPER_INSTALL_DIR: '/scratch/gpfs/LICENSED/x86_64/cadence-20210126/jasper_2021.03'
2026-02-23 13:51:16.733047 (1735810) main____ INFO      LANG              : 'en_US.UTF-8'
2026-02-23 13:51:16.733053 (1735810) main____ INFO      LM_LICENSE_FILE   : '5280@license.rc.princeton.edu'
2026-02-23 13:51:16.733059 (1735810) main____ INFO      TMPDIR            : '/tmp/ab2113/jg_5018983_56'
2026-02-23 13:51:16.733064 (1735810) main____ INFO    ----------------------------------------
2026-02-23 13:51:16.733565 (1735810) lic_core INFO    Initializing license system ...
2026-02-23 13:51:16.734075 (1735810) lic_core INFO    ... license system initialized.
2026-02-23 13:51:16.734816 (1735810) lic__man INFO    Claim 'fpv' for <ui>.
2026-02-23 13:51:16.734846 (1735810) lic_core INFO    (1) checking out 'jasper_fpv' ...
2026-02-23 13:51:16.741022 (1735810) lic_core INFO    ... (1) checkout failed (error: -5) ("FLEXnet ERROR(-5, 0, 0): No such feature exists.")
2026-02-23 13:51:16.741048 (1735810) lic_core INFO    (2) checking out 'jasper_fao' ...
2026-02-23 13:51:16.750023 (1735810) lic_core INFO    ... (2) checkout succeeded
2026-02-23 13:51:16.760839 (1735810) session_ INFO    Starting analysis session with session id 'session_0' (launcher: <local>) ...
2026-02-23 13:51:16.763834 (1735810) session_ INFO    Analysis session with session id 'session_0' started (pid: 1735870)
2026-02-23 13:51:17.275185 (1735810) session_ INFO    Analysis session 'session_0' connected to the console (host: 127.0.0.1:42016)
2026-02-23 13:51:18.086310 (1735810) main____ INFO    About to exit: request to exit with status 1 received from analysis session 'session_0'
2026-02-23 13:51:18.133823 (1735810) session_ INFO    Analysis session 'session_0' disconnected.
2026-02-23 13:51:18.133957 (1735810) lic__man INFO    Unclaim everything for 'session_0'.
2026-02-23 13:51:18.134516 (1735810) session_ INFO    Process for analysis session 'session_0' has exited with exit status '1'.
2026-02-23 13:51:20.077335 (1735810) lic_core INFO    (2) checkin jasper_fao
2026-02-23 13:51:20.079058 (1735810) main____ INFO    Exiting with status 1.
