2026-02-23 13:59:28.211354 (2566747) main____ INFO    ----------------------------------------
2026-02-23 13:59:28.211474 (2566747) main____ INFO    JasperGold version info
2026-02-23 13:59:28.211491 (2566747) main____ INFO      tool      : JasperGold 2021.03
2026-02-23 13:59:28.211499 (2566747) main____ INFO      version   : 2021.03 FCS 64 bits
2026-02-23 13:59:28.211504 (2566747) main____ INFO      build date: 2021.03.23 02:50:43 UTC
2026-02-23 13:59:28.211508 (2566747) main____ INFO    ----------------------------------------
2026-02-23 13:59:28.211512 (2566747) main____ INFO    Runtime info:
2026-02-23 13:59:28.211516 (2566747) main____ INFO      platform  : Linux 5.14.0-570.84.1.el9_6.x86_64 x86_64
2026-02-23 13:59:28.211523 (2566747) main____ INFO      hostname  : della-i13n7
2026-02-23 13:59:28.211527 (2566747) main____ INFO      pid       : 2566747
2026-02-23 13:59:28.211532 (2566747) main____ INFO      arguments : '-style' 'windows' '-batch' '-proj' './verification_results/04504/jgproject' '-tcl' './jasper_verif_check.tcl'
2026-02-23 13:59:28.211541 (2566747) main____ INFO      locale    : UTF-8
2026-02-23 13:59:28.211545 (2566747) main____ INFO    ----------------------------------------
2026-02-23 13:59:28.211548 (2566747) main____ INFO    System resource limits info:
2026-02-23 13:59:28.211553 (2566747) main____ INFO      virtual memory: unlimited
2026-02-23 13:59:28.211557 (2566747) main____ INFO      cpu time      : unlimited
2026-02-23 13:59:28.211561 (2566747) main____ INFO      stack size    : unlimited
2026-02-23 13:59:28.211565 (2566747) main____ INFO      core file size: unlimited
2026-02-23 13:59:28.211573 (2566747) main____ INFO      open files    : 131072
2026-02-23 13:59:28.211577 (2566747) main____ INFO      file size     : unlimited
2026-02-23 13:59:28.211581 (2566747) main____ INFO    ----------------------------------------
2026-02-23 13:59:28.211584 (2566747) main____ INFO    Memory statistics:
2026-02-23 13:59:28.211588 (2566747) main____ INFO      total physical memory  : 394157548 kB
2026-02-23 13:59:28.211592 (2566747) main____ INFO      free physical memory   : 120398176 kB
2026-02-23 13:59:28.211596 (2566747) main____ INFO      committed address space: 104013240 kB
2026-02-23 13:59:28.211600 (2566747) main____ INFO    ----------------------------------------
2026-02-23 13:59:28.212526 (2566747) main____ INFO    Important environment variables:
2026-02-23 13:59:28.212545 (2566747) main____ INFO      JASPER_HOME       : '/usr/licensed/cadence-20210126/jasper_2021.03'
2026-02-23 13:59:28.212551 (2566747) main____ INFO      JASPER_INSTALL_DIR: '/scratch/gpfs/LICENSED/x86_64/cadence-20210126/jasper_2021.03'
2026-02-23 13:59:28.212556 (2566747) main____ INFO      LANG              : 'en_US.UTF-8'
2026-02-23 13:59:28.212561 (2566747) main____ INFO      LM_LICENSE_FILE   : '5280@license.rc.princeton.edu'
2026-02-23 13:59:28.212566 (2566747) main____ INFO      TMPDIR            : '/tmp/ab2113/jg_5019150_82'
2026-02-23 13:59:28.212570 (2566747) main____ INFO    ----------------------------------------
2026-02-23 13:59:28.213461 (2566747) lic_core INFO    Initializing license system ...
2026-02-23 13:59:28.214343 (2566747) lic_core INFO    ... license system initialized.
2026-02-23 13:59:28.215169 (2566747) lic__man INFO    Claim 'fpv' for <ui>.
2026-02-23 13:59:28.215211 (2566747) lic_core INFO    (1) checking out 'jasper_fpv' ...
2026-02-23 13:59:28.221108 (2566747) lic_core INFO    ... (1) checkout failed (error: -5) ("FLEXnet ERROR(-5, 0, 0): No such feature exists.")
2026-02-23 13:59:28.221163 (2566747) lic_core INFO    (2) checking out 'jasper_fao' ...
2026-02-23 13:59:28.231318 (2566747) lic_core INFO    ... (2) checkout succeeded
2026-02-23 13:59:28.246274 (2566747) session_ INFO    Starting analysis session with session id 'session_0' (launcher: <local>) ...
2026-02-23 13:59:28.249884 (2566747) session_ INFO    Analysis session with session id 'session_0' started (pid: 2566755)
2026-02-23 13:59:29.070991 (2566747) session_ INFO    Analysis session 'session_0' connected to the console (host: 127.0.0.1:39944)
2026-02-23 13:59:29.579150 (2566747) main____ INFO    About to exit: request to exit with status 1 received from analysis session 'session_0'
2026-02-23 13:59:29.663879 (2566747) session_ INFO    Analysis session 'session_0' disconnected.
2026-02-23 13:59:29.664020 (2566747) lic__man INFO    Unclaim everything for 'session_0'.
2026-02-23 13:59:29.664896 (2566747) session_ INFO    Process for analysis session 'session_0' has exited with exit status '1'.
2026-02-23 13:59:31.483867 (2566747) lic_core INFO    (2) checkin jasper_fao
2026-02-23 13:59:31.485420 (2566747) main____ INFO    Exiting with status 1.
