2026-02-23 13:49:56.711426 (142252) main____ INFO    ----------------------------------------
2026-02-23 13:49:56.711510 (142252) main____ INFO    JasperGold version info
2026-02-23 13:49:56.711527 (142252) main____ INFO      tool      : JasperGold 2021.03
2026-02-23 13:49:56.711536 (142252) main____ INFO      version   : 2021.03 FCS 64 bits
2026-02-23 13:49:56.711542 (142252) main____ INFO      build date: 2021.03.23 02:50:43 UTC
2026-02-23 13:49:56.711547 (142252) main____ INFO    ----------------------------------------
2026-02-23 13:49:56.711552 (142252) main____ INFO    Runtime info:
2026-02-23 13:49:56.711558 (142252) main____ INFO      platform  : Linux 5.14.0-570.84.1.el9_6.x86_64 x86_64
2026-02-23 13:49:56.711565 (142252) main____ INFO      hostname  : della-h14n2
2026-02-23 13:49:56.711571 (142252) main____ INFO      pid       : 142252
2026-02-23 13:49:56.711576 (142252) main____ INFO      arguments : '-style' 'windows' '-batch' '-proj' './verification_results/03223/jgproject' '-tcl' './jasper_verif_check.tcl'
2026-02-23 13:49:56.711585 (142252) main____ INFO      locale    : UTF-8
2026-02-23 13:49:56.711591 (142252) main____ INFO    ----------------------------------------
2026-02-23 13:49:56.711597 (142252) main____ INFO    System resource limits info:
2026-02-23 13:49:56.711602 (142252) main____ INFO      virtual memory: unlimited
2026-02-23 13:49:56.711607 (142252) main____ INFO      cpu time      : unlimited
2026-02-23 13:49:56.711613 (142252) main____ INFO      stack size    : unlimited
2026-02-23 13:49:56.711619 (142252) main____ INFO      core file size: unlimited
2026-02-23 13:49:56.711626 (142252) main____ INFO      open files    : 131072
2026-02-23 13:49:56.711632 (142252) main____ INFO      file size     : unlimited
2026-02-23 13:49:56.711637 (142252) main____ INFO    ----------------------------------------
2026-02-23 13:49:56.711642 (142252) main____ INFO    Memory statistics:
2026-02-23 13:49:56.711647 (142252) main____ INFO      total physical memory  : 1584164328 kB
2026-02-23 13:49:56.711653 (142252) main____ INFO      free physical memory   : 736899252 kB
2026-02-23 13:49:56.711658 (142252) main____ INFO      committed address space: 686687212 kB
2026-02-23 13:49:56.711662 (142252) main____ INFO    ----------------------------------------
2026-02-23 13:49:56.712197 (142252) main____ INFO    Important environment variables:
2026-02-23 13:49:56.712213 (142252) main____ INFO      JASPER_HOME       : '/usr/licensed/cadence-20210126/jasper_2021.03'
2026-02-23 13:49:56.712220 (142252) main____ INFO      JASPER_INSTALL_DIR: '/scratch/gpfs/LICENSED/x86_64/cadence-20210126/jasper_2021.03'
2026-02-23 13:49:56.712227 (142252) main____ INFO      LANG              : 'en_US.UTF-8'
2026-02-23 13:49:56.712233 (142252) main____ INFO      LM_LICENSE_FILE   : '5280@license.rc.princeton.edu'
2026-02-23 13:49:56.712239 (142252) main____ INFO      TMPDIR            : '/tmp/ab2113/jg_5018997_57'
2026-02-23 13:49:56.712244 (142252) main____ INFO    ----------------------------------------
2026-02-23 13:49:56.712755 (142252) lic_core INFO    Initializing license system ...
2026-02-23 13:49:56.713275 (142252) lic_core INFO    ... license system initialized.
2026-02-23 13:49:56.714098 (142252) lic__man INFO    Claim 'fpv' for <ui>.
2026-02-23 13:49:56.714132 (142252) lic_core INFO    (1) checking out 'jasper_fpv' ...
2026-02-23 13:49:56.720142 (142252) lic_core INFO    ... (1) checkout failed (error: -5) ("FLEXnet ERROR(-5, 0, 0): No such feature exists.")
2026-02-23 13:49:56.720180 (142252) lic_core INFO    (2) checking out 'jasper_fao' ...
2026-02-23 13:49:56.729448 (142252) lic_core INFO    ... (2) checkout succeeded
2026-02-23 13:49:56.742170 (142252) session_ INFO    Starting analysis session with session id 'session_0' (launcher: <local>) ...
2026-02-23 13:49:56.745686 (142252) session_ INFO    Analysis session with session id 'session_0' started (pid: 142260)
2026-02-23 13:49:57.433433 (142252) session_ INFO    Analysis session 'session_0' connected to the console (host: 127.0.0.1:33066)
2026-02-23 13:49:57.982905 (142252) main____ INFO    About to exit: request to exit with status 1 received from analysis session 'session_0'
2026-02-23 13:49:58.045585 (142252) session_ INFO    Analysis session 'session_0' disconnected.
2026-02-23 13:49:58.045719 (142252) lic__man INFO    Unclaim everything for 'session_0'.
2026-02-23 13:49:58.046372 (142252) session_ INFO    Process for analysis session 'session_0' has exited with exit status '1'.
2026-02-23 13:49:59.969194 (142252) lic_core INFO    (2) checkin jasper_fao
2026-02-23 13:49:59.970899 (142252) main____ INFO    Exiting with status 1.
