2026-02-23 14:01:34.850599 (351693) main____ INFO    ----------------------------------------
2026-02-23 14:01:34.850677 (351693) main____ INFO    JasperGold version info
2026-02-23 14:01:34.850695 (351693) main____ INFO      tool      : JasperGold 2021.03
2026-02-23 14:01:34.850704 (351693) main____ INFO      version   : 2021.03 FCS 64 bits
2026-02-23 14:01:34.850710 (351693) main____ INFO      build date: 2021.03.23 02:50:43 UTC
2026-02-23 14:01:34.850715 (351693) main____ INFO    ----------------------------------------
2026-02-23 14:01:34.850719 (351693) main____ INFO    Runtime info:
2026-02-23 14:01:34.850724 (351693) main____ INFO      platform  : Linux 5.14.0-570.84.1.el9_6.x86_64 x86_64
2026-02-23 14:01:34.850730 (351693) main____ INFO      hostname  : della-h16n10
2026-02-23 14:01:34.850736 (351693) main____ INFO      pid       : 351693
2026-02-23 14:01:34.850741 (351693) main____ INFO      arguments : '-style' 'windows' '-batch' '-proj' './verification_results/01762/jgproject' '-tcl' './jasper_verif_check.tcl'
2026-02-23 14:01:34.850749 (351693) main____ INFO      locale    : UTF-8
2026-02-23 14:01:34.850753 (351693) main____ INFO    ----------------------------------------
2026-02-23 14:01:34.850758 (351693) main____ INFO    System resource limits info:
2026-02-23 14:01:34.850763 (351693) main____ INFO      virtual memory: unlimited
2026-02-23 14:01:34.850768 (351693) main____ INFO      cpu time      : unlimited
2026-02-23 14:01:34.850773 (351693) main____ INFO      stack size    : unlimited
2026-02-23 14:01:34.850777 (351693) main____ INFO      core file size: unlimited
2026-02-23 14:01:34.850784 (351693) main____ INFO      open files    : 131072
2026-02-23 14:01:34.850789 (351693) main____ INFO      file size     : unlimited
2026-02-23 14:01:34.850794 (351693) main____ INFO    ----------------------------------------
2026-02-23 14:01:34.850799 (351693) main____ INFO    Memory statistics:
2026-02-23 14:01:34.850804 (351693) main____ INFO      total physical memory  : 1584164356 kB
2026-02-23 14:01:34.850809 (351693) main____ INFO      free physical memory   : 975615300 kB
2026-02-23 14:01:34.850813 (351693) main____ INFO      committed address space: 601030508 kB
2026-02-23 14:01:34.850818 (351693) main____ INFO    ----------------------------------------
2026-02-23 14:01:34.851333 (351693) main____ INFO    Important environment variables:
2026-02-23 14:01:34.851347 (351693) main____ INFO      JASPER_HOME       : '/usr/licensed/cadence-20210126/jasper_2021.03'
2026-02-23 14:01:34.851353 (351693) main____ INFO      JASPER_INSTALL_DIR: '/scratch/gpfs/LICENSED/x86_64/cadence-20210126/jasper_2021.03'
2026-02-23 14:01:34.851359 (351693) main____ INFO      LANG              : 'en_US.UTF-8'
2026-02-23 14:01:34.851364 (351693) main____ INFO      LM_LICENSE_FILE   : '5280@license.rc.princeton.edu'
2026-02-23 14:01:34.851370 (351693) main____ INFO      TMPDIR            : '/tmp/ab2113/jg_5018848_27'
2026-02-23 14:01:34.851374 (351693) main____ INFO    ----------------------------------------
2026-02-23 14:01:34.851804 (351693) lic_core INFO    Initializing license system ...
2026-02-23 14:01:34.852317 (351693) lic_core INFO    ... license system initialized.
2026-02-23 14:01:34.853032 (351693) lic__man INFO    Claim 'fpv' for <ui>.
2026-02-23 14:01:34.853064 (351693) lic_core INFO    (1) checking out 'jasper_fpv' ...
2026-02-23 14:01:34.858253 (351693) lic_core INFO    ... (1) checkout failed (error: -5) ("FLEXnet ERROR(-5, 0, 0): No such feature exists.")
2026-02-23 14:01:34.858279 (351693) lic_core INFO    (2) checking out 'jasper_fao' ...
2026-02-23 14:01:34.867204 (351693) lic_core INFO    ... (2) checkout succeeded
2026-02-23 14:01:34.877319 (351693) session_ INFO    Starting analysis session with session id 'session_0' (launcher: <local>) ...
2026-02-23 14:01:34.879673 (351693) session_ INFO    Analysis session with session id 'session_0' started (pid: 351701)
2026-02-23 14:01:35.439046 (351693) session_ INFO    Analysis session 'session_0' connected to the console (host: 127.0.0.1:49686)
2026-02-23 14:01:35.930368 (351693) main____ INFO    About to exit: request to exit with status 1 received from analysis session 'session_0'
2026-02-23 14:01:35.978784 (351693) session_ INFO    Analysis session 'session_0' disconnected.
2026-02-23 14:01:35.978898 (351693) lic__man INFO    Unclaim everything for 'session_0'.
2026-02-23 14:01:35.980740 (351693) session_ INFO    Process for analysis session 'session_0' has exited with exit status '1'.
2026-02-23 14:01:38.033551 (351693) lic_core INFO    (2) checkin jasper_fao
2026-02-23 14:01:38.035196 (351693) main____ INFO    Exiting with status 1.
