2026-02-23 13:44:59.842622 (1945941) main____ INFO    ----------------------------------------
2026-02-23 13:44:59.842711 (1945941) main____ INFO    JasperGold version info
2026-02-23 13:44:59.842729 (1945941) main____ INFO      tool      : JasperGold 2021.03
2026-02-23 13:44:59.842738 (1945941) main____ INFO      version   : 2021.03 FCS 64 bits
2026-02-23 13:44:59.842743 (1945941) main____ INFO      build date: 2021.03.23 02:50:43 UTC
2026-02-23 13:44:59.842747 (1945941) main____ INFO    ----------------------------------------
2026-02-23 13:44:59.842751 (1945941) main____ INFO    Runtime info:
2026-02-23 13:44:59.842756 (1945941) main____ INFO      platform  : Linux 5.14.0-570.84.1.el9_6.x86_64 x86_64
2026-02-23 13:44:59.842762 (1945941) main____ INFO      hostname  : della-r3c1n5
2026-02-23 13:44:59.842767 (1945941) main____ INFO      pid       : 1945941
2026-02-23 13:44:59.842772 (1945941) main____ INFO      arguments : '-style' 'windows' '-batch' '-proj' './verification_results/01933/jgproject' '-tcl' './jasper_verif_check.tcl'
2026-02-23 13:44:59.842780 (1945941) main____ INFO      locale    : UTF-8
2026-02-23 13:44:59.842784 (1945941) main____ INFO    ----------------------------------------
2026-02-23 13:44:59.842788 (1945941) main____ INFO    System resource limits info:
2026-02-23 13:44:59.842793 (1945941) main____ INFO      virtual memory: unlimited
2026-02-23 13:44:59.842797 (1945941) main____ INFO      cpu time      : unlimited
2026-02-23 13:44:59.842801 (1945941) main____ INFO      stack size    : unlimited
2026-02-23 13:44:59.842806 (1945941) main____ INFO      core file size: unlimited
2026-02-23 13:44:59.842813 (1945941) main____ INFO      open files    : 131072
2026-02-23 13:44:59.842817 (1945941) main____ INFO      file size     : unlimited
2026-02-23 13:44:59.842821 (1945941) main____ INFO    ----------------------------------------
2026-02-23 13:44:59.842825 (1945941) main____ INFO    Memory statistics:
2026-02-23 13:44:59.842830 (1945941) main____ INFO      total physical memory  : 195972056 kB
2026-02-23 13:44:59.842834 (1945941) main____ INFO      free physical memory   : 110771916 kB
2026-02-23 13:44:59.842838 (1945941) main____ INFO      committed address space: 55218972 kB
2026-02-23 13:44:59.842842 (1945941) main____ INFO    ----------------------------------------
2026-02-23 13:44:59.843875 (1945941) main____ INFO    Important environment variables:
2026-02-23 13:44:59.843894 (1945941) main____ INFO      JASPER_HOME       : '/usr/licensed/cadence-20210126/jasper_2021.03'
2026-02-23 13:44:59.843901 (1945941) main____ INFO      JASPER_INSTALL_DIR: '/scratch/gpfs/LICENSED/x86_64/cadence-20210126/jasper_2021.03'
2026-02-23 13:44:59.843907 (1945941) main____ INFO      LANG              : 'en_US.UTF-8'
2026-02-23 13:44:59.843912 (1945941) main____ INFO      LM_LICENSE_FILE   : '5280@license.rc.princeton.edu'
2026-02-23 13:44:59.843917 (1945941) main____ INFO      TMPDIR            : '/tmp/ab2113/jg_5018879_31'
2026-02-23 13:44:59.843922 (1945941) main____ INFO    ----------------------------------------
2026-02-23 13:44:59.844831 (1945941) lic_core INFO    Initializing license system ...
2026-02-23 13:44:59.845704 (1945941) lic_core INFO    ... license system initialized.
2026-02-23 13:44:59.846473 (1945941) lic__man INFO    Claim 'fpv' for <ui>.
2026-02-23 13:44:59.846512 (1945941) lic_core INFO    (1) checking out 'jasper_fpv' ...
2026-02-23 13:44:59.851523 (1945941) lic_core INFO    ... (1) checkout failed (error: -5) ("FLEXnet ERROR(-5, 0, 0): No such feature exists.")
2026-02-23 13:44:59.851573 (1945941) lic_core INFO    (2) checking out 'jasper_fao' ...
2026-02-23 13:44:59.861718 (1945941) lic_core INFO    ... (2) checkout succeeded
2026-02-23 13:44:59.876497 (1945941) session_ INFO    Starting analysis session with session id 'session_0' (launcher: <local>) ...
2026-02-23 13:44:59.879752 (1945941) session_ INFO    Analysis session with session id 'session_0' started (pid: 1945949)
2026-02-23 13:45:00.580595 (1945941) session_ INFO    Analysis session 'session_0' connected to the console (host: 127.0.0.1:52390)
2026-02-23 13:45:01.508693 (1945941) lic__man INFO    Unclaim everything for 'session_0'.
2026-02-23 13:45:01.612898 (1945941) lic__man INFO    Claim 'fpv' for 'session_0'.
2026-02-23 13:45:01.612943 (1945941) lic__man INFO    Claim 'fpv' for 'session_0/prove-0'.
2026-02-23 13:45:01.774419 (1945941) lic__man INFO    Unclaim everything for 'session_0/prove-0'.
2026-02-23 13:45:01.831215 (1945941) main____ INFO    About to exit: request to exit with status 0 received from analysis session 'session_0'
2026-02-23 13:45:01.916568 (1945941) session_ INFO    Analysis session 'session_0' disconnected.
2026-02-23 13:45:01.916694 (1945941) lic__man INFO    Unclaim everything for 'session_0'.
2026-02-23 13:45:01.917080 (1945941) session_ INFO    Process for analysis session 'session_0' has exited with exit status '0'.
2026-02-23 13:45:03.739570 (1945941) lic_core INFO    (2) checkin jasper_fao
2026-02-23 13:45:03.741281 (1945941) main____ INFO    Exiting with status 0.
