2026-02-23 14:44:25.282370 (1803316) main____ INFO    ----------------------------------------
2026-02-23 14:44:25.282432 (1803316) main____ INFO    JasperGold version info
2026-02-23 14:44:25.282447 (1803316) main____ INFO      tool      : JasperGold 2021.03
2026-02-23 14:44:25.282455 (1803316) main____ INFO      version   : 2021.03 FCS 64 bits
2026-02-23 14:44:25.282461 (1803316) main____ INFO      build date: 2021.03.23 02:50:43 UTC
2026-02-23 14:44:25.282465 (1803316) main____ INFO    ----------------------------------------
2026-02-23 14:44:25.282470 (1803316) main____ INFO    Runtime info:
2026-02-23 14:44:25.282475 (1803316) main____ INFO      platform  : Linux 5.14.0-570.84.1.el9_6.x86_64 x86_64
2026-02-23 14:44:25.282481 (1803316) main____ INFO      hostname  : della-h14n12
2026-02-23 14:44:25.282487 (1803316) main____ INFO      pid       : 1803316
2026-02-23 14:44:25.282492 (1803316) main____ INFO      arguments : '-style' 'windows' '-batch' '-proj' './verification_results/01663/jgproject' '-tcl' './jasper_verif_check.tcl'
2026-02-23 14:44:25.282499 (1803316) main____ INFO      locale    : UTF-8
2026-02-23 14:44:25.282504 (1803316) main____ INFO    ----------------------------------------
2026-02-23 14:44:25.282509 (1803316) main____ INFO    System resource limits info:
2026-02-23 14:44:25.282514 (1803316) main____ INFO      virtual memory: unlimited
2026-02-23 14:44:25.282518 (1803316) main____ INFO      cpu time      : unlimited
2026-02-23 14:44:25.282523 (1803316) main____ INFO      stack size    : unlimited
2026-02-23 14:44:25.282528 (1803316) main____ INFO      core file size: unlimited
2026-02-23 14:44:25.282535 (1803316) main____ INFO      open files    : 131072
2026-02-23 14:44:25.282540 (1803316) main____ INFO      file size     : unlimited
2026-02-23 14:44:25.282544 (1803316) main____ INFO    ----------------------------------------
2026-02-23 14:44:25.282549 (1803316) main____ INFO    Memory statistics:
2026-02-23 14:44:25.282554 (1803316) main____ INFO      total physical memory  : 1584164368 kB
2026-02-23 14:44:25.282558 (1803316) main____ INFO      free physical memory   : 597088244 kB
2026-02-23 14:44:25.282563 (1803316) main____ INFO      committed address space: 588690936 kB
2026-02-23 14:44:25.282568 (1803316) main____ INFO    ----------------------------------------
2026-02-23 14:44:25.283091 (1803316) main____ INFO    Important environment variables:
2026-02-23 14:44:25.283103 (1803316) main____ INFO      JASPER_HOME       : '/usr/licensed/cadence-20210126/jasper_2021.03'
2026-02-23 14:44:25.283109 (1803316) main____ INFO      JASPER_INSTALL_DIR: '/scratch/gpfs/LICENSED/x86_64/cadence-20210126/jasper_2021.03'
2026-02-23 14:44:25.283115 (1803316) main____ INFO      LANG              : 'en_US.UTF-8'
2026-02-23 14:44:25.283120 (1803316) main____ INFO      LM_LICENSE_FILE   : '5280@license.rc.princeton.edu'
2026-02-23 14:44:25.283125 (1803316) main____ INFO      TMPDIR            : '/tmp/ab2113/jg_5018846_25'
2026-02-23 14:44:25.283130 (1803316) main____ INFO    ----------------------------------------
2026-02-23 14:44:25.283580 (1803316) lic_core INFO    Initializing license system ...
2026-02-23 14:44:25.284087 (1803316) lic_core INFO    ... license system initialized.
2026-02-23 14:44:25.284802 (1803316) lic__man INFO    Claim 'fpv' for <ui>.
2026-02-23 14:44:25.284833 (1803316) lic_core INFO    (1) checking out 'jasper_fpv' ...
2026-02-23 14:44:25.290631 (1803316) lic_core INFO    ... (1) checkout failed (error: -5) ("FLEXnet ERROR(-5, 0, 0): No such feature exists.")
2026-02-23 14:44:25.290657 (1803316) lic_core INFO    (2) checking out 'jasper_fao' ...
2026-02-23 14:44:25.300061 (1803316) lic_core INFO    ... (2) checkout succeeded
2026-02-23 14:44:25.310452 (1803316) session_ INFO    Starting analysis session with session id 'session_0' (launcher: <local>) ...
2026-02-23 14:44:25.312995 (1803316) session_ INFO    Analysis session with session id 'session_0' started (pid: 1803324)
2026-02-23 14:44:25.816377 (1803316) session_ INFO    Analysis session 'session_0' connected to the console (host: 127.0.0.1:52390)
2026-02-23 14:44:26.306035 (1803316) main____ INFO    About to exit: request to exit with status 1 received from analysis session 'session_0'
2026-02-23 14:44:26.354889 (1803316) session_ INFO    Analysis session 'session_0' disconnected.
2026-02-23 14:44:26.355006 (1803316) lic__man INFO    Unclaim everything for 'session_0'.
2026-02-23 14:44:26.355716 (1803316) session_ INFO    Process for analysis session 'session_0' has exited with exit status '1'.
2026-02-23 14:44:28.209784 (1803316) lic_core INFO    (2) checkin jasper_fao
2026-02-23 14:44:28.211446 (1803316) main____ INFO    Exiting with status 1.
