2026-02-23 13:52:48.732739 (1354834) main____ INFO    ----------------------------------------
2026-02-23 13:52:48.732837 (1354834) main____ INFO    JasperGold version info
2026-02-23 13:52:48.732854 (1354834) main____ INFO      tool      : JasperGold 2021.03
2026-02-23 13:52:48.732863 (1354834) main____ INFO      version   : 2021.03 FCS 64 bits
2026-02-23 13:52:48.732869 (1354834) main____ INFO      build date: 2021.03.23 02:50:43 UTC
2026-02-23 13:52:48.732874 (1354834) main____ INFO    ----------------------------------------
2026-02-23 13:52:48.732880 (1354834) main____ INFO    Runtime info:
2026-02-23 13:52:48.732885 (1354834) main____ INFO      platform  : Linux 5.14.0-570.84.1.el9_6.x86_64 x86_64
2026-02-23 13:52:48.732892 (1354834) main____ INFO      hostname  : della-i13n21
2026-02-23 13:52:48.732897 (1354834) main____ INFO      pid       : 1354834
2026-02-23 13:52:48.732902 (1354834) main____ INFO      arguments : '-style' 'windows' '-batch' '-proj' './verification_results/02183/jgproject' '-tcl' './jasper_verif_check.tcl'
2026-02-23 13:52:48.732912 (1354834) main____ INFO      locale    : UTF-8
2026-02-23 13:52:48.732916 (1354834) main____ INFO    ----------------------------------------
2026-02-23 13:52:48.732921 (1354834) main____ INFO    System resource limits info:
2026-02-23 13:52:48.732926 (1354834) main____ INFO      virtual memory: unlimited
2026-02-23 13:52:48.732931 (1354834) main____ INFO      cpu time      : unlimited
2026-02-23 13:52:48.732936 (1354834) main____ INFO      stack size    : unlimited
2026-02-23 13:52:48.732941 (1354834) main____ INFO      core file size: unlimited
2026-02-23 13:52:48.732949 (1354834) main____ INFO      open files    : 131072
2026-02-23 13:52:48.732954 (1354834) main____ INFO      file size     : unlimited
2026-02-23 13:52:48.732959 (1354834) main____ INFO    ----------------------------------------
2026-02-23 13:52:48.732963 (1354834) main____ INFO    Memory statistics:
2026-02-23 13:52:48.732969 (1354834) main____ INFO      total physical memory  : 394157548 kB
2026-02-23 13:52:48.732974 (1354834) main____ INFO      free physical memory   : 236180712 kB
2026-02-23 13:52:48.732978 (1354834) main____ INFO      committed address space: 108677704 kB
2026-02-23 13:52:48.732983 (1354834) main____ INFO    ----------------------------------------
2026-02-23 13:52:48.733884 (1354834) main____ INFO    Important environment variables:
2026-02-23 13:52:48.733906 (1354834) main____ INFO      JASPER_HOME       : '/usr/licensed/cadence-20210126/jasper_2021.03'
2026-02-23 13:52:48.733913 (1354834) main____ INFO      JASPER_INSTALL_DIR: '/scratch/gpfs/LICENSED/x86_64/cadence-20210126/jasper_2021.03'
2026-02-23 13:52:48.733919 (1354834) main____ INFO      LANG              : 'en_US.UTF-8'
2026-02-23 13:52:48.733925 (1354834) main____ INFO      LM_LICENSE_FILE   : '5280@license.rc.princeton.edu'
2026-02-23 13:52:48.733931 (1354834) main____ INFO      TMPDIR            : '/tmp/ab2113/jg_5018895_36'
2026-02-23 13:52:48.733936 (1354834) main____ INFO    ----------------------------------------
2026-02-23 13:52:48.734758 (1354834) lic_core INFO    Initializing license system ...
2026-02-23 13:52:48.735239 (1354834) lic_core INFO    ... license system initialized.
2026-02-23 13:52:48.735949 (1354834) lic__man INFO    Claim 'fpv' for <ui>.
2026-02-23 13:52:48.735990 (1354834) lic_core INFO    (1) checking out 'jasper_fpv' ...
2026-02-23 13:52:48.741385 (1354834) lic_core INFO    ... (1) checkout failed (error: -5) ("FLEXnet ERROR(-5, 0, 0): No such feature exists.")
2026-02-23 13:52:48.741435 (1354834) lic_core INFO    (2) checking out 'jasper_fao' ...
2026-02-23 13:52:48.751762 (1354834) lic_core INFO    ... (2) checkout succeeded
2026-02-23 13:52:48.766301 (1354834) session_ INFO    Starting analysis session with session id 'session_0' (launcher: <local>) ...
2026-02-23 13:52:48.768991 (1354834) session_ INFO    Analysis session with session id 'session_0' started (pid: 1354842)
2026-02-23 13:52:49.413561 (1354834) session_ INFO    Analysis session 'session_0' connected to the console (host: 127.0.0.1:45560)
2026-02-23 13:52:50.205255 (1354834) lic__man INFO    Unclaim everything for 'session_0'.
2026-02-23 13:52:50.284199 (1354834) main____ INFO    About to exit: request to exit with status 3 received from analysis session 'session_0'
2026-02-23 13:52:50.356131 (1354834) session_ INFO    Analysis session 'session_0' disconnected.
2026-02-23 13:52:50.356247 (1354834) lic__man INFO    Unclaim everything for 'session_0'.
2026-02-23 13:52:50.356872 (1354834) session_ INFO    Process for analysis session 'session_0' has exited with exit status '3'.
2026-02-23 13:52:52.391698 (1354834) lic_core INFO    (2) checkin jasper_fao
2026-02-23 13:52:52.393248 (1354834) main____ INFO    Exiting with status 3.
