2026-02-23 13:48:37.326618 (931486) main____ INFO    ----------------------------------------
2026-02-23 13:48:37.326702 (931486) main____ INFO    JasperGold version info
2026-02-23 13:48:37.326717 (931486) main____ INFO      tool      : JasperGold 2021.03
2026-02-23 13:48:37.326726 (931486) main____ INFO      version   : 2021.03 FCS 64 bits
2026-02-23 13:48:37.326732 (931486) main____ INFO      build date: 2021.03.23 02:50:43 UTC
2026-02-23 13:48:37.326738 (931486) main____ INFO    ----------------------------------------
2026-02-23 13:48:37.326743 (931486) main____ INFO    Runtime info:
2026-02-23 13:48:37.326748 (931486) main____ INFO      platform  : Linux 5.14.0-570.84.1.el9_6.x86_64 x86_64
2026-02-23 13:48:37.326754 (931486) main____ INFO      hostname  : della-h14n16
2026-02-23 13:48:37.326761 (931486) main____ INFO      pid       : 931486
2026-02-23 13:48:37.326766 (931486) main____ INFO      arguments : '-style' 'windows' '-batch' '-proj' './verification_results/03025/jgproject' '-tcl' './jasper_verif_check.tcl'
2026-02-23 13:48:37.326775 (931486) main____ INFO      locale    : UTF-8
2026-02-23 13:48:37.326780 (931486) main____ INFO    ----------------------------------------
2026-02-23 13:48:37.326785 (931486) main____ INFO    System resource limits info:
2026-02-23 13:48:37.326790 (931486) main____ INFO      virtual memory: unlimited
2026-02-23 13:48:37.326795 (931486) main____ INFO      cpu time      : unlimited
2026-02-23 13:48:37.326801 (931486) main____ INFO      stack size    : unlimited
2026-02-23 13:48:37.326807 (931486) main____ INFO      core file size: unlimited
2026-02-23 13:48:37.326814 (931486) main____ INFO      open files    : 131072
2026-02-23 13:48:37.326820 (931486) main____ INFO      file size     : unlimited
2026-02-23 13:48:37.326825 (931486) main____ INFO    ----------------------------------------
2026-02-23 13:48:37.326829 (931486) main____ INFO    Memory statistics:
2026-02-23 13:48:37.326835 (931486) main____ INFO      total physical memory  : 1584164324 kB
2026-02-23 13:48:37.326841 (931486) main____ INFO      free physical memory   : 927648220 kB
2026-02-23 13:48:37.326846 (931486) main____ INFO      committed address space: 448105256 kB
2026-02-23 13:48:37.326851 (931486) main____ INFO    ----------------------------------------
2026-02-23 13:48:37.327368 (931486) main____ INFO    Important environment variables:
2026-02-23 13:48:37.327382 (931486) main____ INFO      JASPER_HOME       : '/usr/licensed/cadence-20210126/jasper_2021.03'
2026-02-23 13:48:37.327388 (931486) main____ INFO      JASPER_INSTALL_DIR: '/scratch/gpfs/LICENSED/x86_64/cadence-20210126/jasper_2021.03'
2026-02-23 13:48:37.327395 (931486) main____ INFO      LANG              : 'en_US.UTF-8'
2026-02-23 13:48:37.327400 (931486) main____ INFO      LM_LICENSE_FILE   : '5280@license.rc.princeton.edu'
2026-02-23 13:48:37.327406 (931486) main____ INFO      TMPDIR            : '/tmp/ab2113/jg_5018967_53'
2026-02-23 13:48:37.327411 (931486) main____ INFO    ----------------------------------------
2026-02-23 13:48:37.327916 (931486) lic_core INFO    Initializing license system ...
2026-02-23 13:48:37.328442 (931486) lic_core INFO    ... license system initialized.
2026-02-23 13:48:37.329231 (931486) lic__man INFO    Claim 'fpv' for <ui>.
2026-02-23 13:48:37.329267 (931486) lic_core INFO    (1) checking out 'jasper_fpv' ...
2026-02-23 13:48:37.335146 (931486) lic_core INFO    ... (1) checkout failed (error: -5) ("FLEXnet ERROR(-5, 0, 0): No such feature exists.")
2026-02-23 13:48:37.335176 (931486) lic_core INFO    (2) checking out 'jasper_fao' ...
2026-02-23 13:48:37.344185 (931486) lic_core INFO    ... (2) checkout succeeded
2026-02-23 13:48:37.355511 (931486) session_ INFO    Starting analysis session with session id 'session_0' (launcher: <local>) ...
2026-02-23 13:48:37.358436 (931486) session_ INFO    Analysis session with session id 'session_0' started (pid: 931494)
2026-02-23 13:48:37.935456 (931486) session_ INFO    Analysis session 'session_0' connected to the console (host: 127.0.0.1:37424)
2026-02-23 13:48:38.722394 (931486) lic__man INFO    Unclaim everything for 'session_0'.
2026-02-23 13:48:38.761240 (931486) lic__man INFO    Claim 'fpv' for 'session_0'.
2026-02-23 13:48:38.761276 (931486) lic__man INFO    Claim 'fpv' for 'session_0/prove-0'.
2026-02-23 13:48:38.919252 (931486) lic__man INFO    Unclaim everything for 'session_0/prove-0'.
2026-02-23 13:48:38.971708 (931486) main____ INFO    About to exit: request to exit with status 0 received from analysis session 'session_0'
2026-02-23 13:48:39.029908 (931486) session_ INFO    Analysis session 'session_0' disconnected.
2026-02-23 13:48:39.030046 (931486) lic__man INFO    Unclaim everything for 'session_0'.
2026-02-23 13:48:39.030886 (931486) session_ INFO    Process for analysis session 'session_0' has exited with exit status '0'.
2026-02-23 13:48:41.079171 (931486) lic_core INFO    (2) checkin jasper_fao
2026-02-23 13:48:41.080490 (931486) main____ INFO    Exiting with status 0.
